[2026-09-29 19:41:30,747] [MainProcess] Starting grpc server at 127.0.0.1:61923
[2026-09-29 19:42:00,174] [MainProcess] Run : <lambda> at node:3
[2026-09-29 19:42:00,178] [MainProcess] Run : <lambda> at node:3
[2026-09-29 19:42:00,180] [MainProcess] Run : <lambda> at node:3
[2026-09-29 19:42:01,839] [MainProcess] Run : make_shares at node:3
[2026-09-29 19:42:01,857] [MainProcess] RunR: builtin_fetch_meta at node:3
[2026-09-29 19:42:01,860] [MainProcess] Run : make_shares at node:3
[2026-09-29 19:42:01,863] [MainProcess] RunR: builtin_fetch_meta at node:3
[2026-09-29 19:42:01,866] [MainProcess] Run : make_shares at node:3
[2026-09-29 19:42:01,868] [MainProcess] RunR: builtin_fetch_meta at node:3
[2026-09-29 19:43:09,513] [MainProcess] RunR: builtin_fetch_object at node:3
[2026-09-29 19:43:09,515] [MainProcess] RunR: builtin_fetch_object at node:3
[2026-09-29 19:43:09,515] [MainProcess] RunR: builtin_fetch_object at node:3
[2026-09-29 19:43:09,517] [MainProcess] RunR: builtin_fetch_object at node:3
[2026-09-29 19:43:09,518] [MainProcess] RunR: builtin_fetch_object at node:3
[2026-09-29 19:43:09,519] [MainProcess] RunR: builtin_fetch_object at node:3
[2026-09-29 19:43:09,520] [MainProcess] RunR: builtin_fetch_object at node:3
[2026-09-29 19:43:09,522] [MainProcess] RunR: builtin_fetch_object at node:3
[2026-09-29 19:43:09,523] [MainProcess] RunR: builtin_fetch_object at node:3
[2026-09-29 19:47:11,274] [MainProcess] RunR: builtin_gc at node:3
[2026-09-29 19:47:11,291] [MainProcess] RunR: builtin_gc at node:3
[2026-09-29 19:47:11,303] [MainProcess] RunR: builtin_gc at node:3
[2026-09-29 19:47:11,319] [MainProcess] RunR: builtin_gc at node:3
[2026-09-29 19:47:11,331] [MainProcess] RunR: builtin_gc at node:3
[2026-09-29 19:47:11,341] [MainProcess] RunR: builtin_gc at node:3
[2026-09-29 19:47:11,356] [MainProcess] RunR: builtin_gc at node:3
[2026-09-29 19:47:11,369] [MainProcess] RunR: builtin_gc at node:3
[2026-09-29 19:47:11,386] [MainProcess] RunR: builtin_gc at node:3
[2026-09-29 19:47:11,395] [MainProcess] RunR: builtin_gc at node:3
[2026-09-29 19:47:11,409] [MainProcess] RunR: builtin_gc at node:3
[2026-09-29 19:47:11,419] [MainProcess] RunR: builtin_gc at node:3
[2026-09-29 19:47:11,650] [MainProcess] RunR: builtin_gc at node:3
[2026-09-29 19:47:11,657] [MainProcess] RunR: builtin_gc at node:3
[2026-09-29 19:47:11,664] [MainProcess] RunR: builtin_gc at node:3
[2026-09-29 19:47:11,671] [MainProcess] RunR: builtin_gc at node:3
