[2026-08-10 07:26:58,938] [MainProcess] Starting grpc server at 127.0.0.1:61923
[2026-08-10 07:27:21,544] [MainProcess] Run : <lambda> at node:3
[2026-08-10 07:27:21,547] [MainProcess] Run : <lambda> at node:3
[2026-08-10 07:27:21,549] [MainProcess] Run : <lambda> at node:3
[2026-08-10 07:27:22,849] [MainProcess] Run : make_shares at node:3
[2026-08-10 07:27:22,867] [MainProcess] RunR: builtin_fetch_meta at node:3
[2026-08-10 07:27:22,870] [MainProcess] Run : make_shares at node:3
[2026-08-10 07:27:22,872] [MainProcess] RunR: builtin_fetch_meta at node:3
[2026-08-10 07:27:22,875] [MainProcess] Run : make_shares at node:3
[2026-08-10 07:27:22,877] [MainProcess] RunR: builtin_fetch_meta at node:3
[2026-08-10 07:28:20,910] [MainProcess] RunR: builtin_fetch_object at node:3
[2026-08-10 07:28:20,911] [MainProcess] RunR: builtin_fetch_object at node:3
[2026-08-10 07:28:20,912] [MainProcess] RunR: builtin_fetch_object at node:3
[2026-08-10 07:28:20,913] [MainProcess] RunR: builtin_fetch_object at node:3
[2026-08-10 07:28:20,914] [MainProcess] RunR: builtin_fetch_object at node:3
[2026-08-10 07:28:20,986] [MainProcess] RunR: builtin_fetch_object at node:3
[2026-08-10 07:28:20,987] [MainProcess] RunR: builtin_fetch_object at node:3
[2026-08-10 07:28:20,988] [MainProcess] RunR: builtin_fetch_object at node:3
[2026-08-10 07:28:20,989] [MainProcess] RunR: builtin_fetch_object at node:3
[2026-08-10 07:32:44,750] [MainProcess] RunR: builtin_gc at node:3
[2026-08-10 07:32:44,771] [MainProcess] RunR: builtin_gc at node:3
[2026-08-10 07:32:44,785] [MainProcess] RunR: builtin_gc at node:3
[2026-08-10 07:32:44,806] [MainProcess] RunR: builtin_gc at node:3
[2026-08-10 07:32:44,818] [MainProcess] RunR: builtin_gc at node:3
[2026-08-10 07:32:44,837] [MainProcess] RunR: builtin_gc at node:3
[2026-08-10 07:32:44,850] [MainProcess] RunR: builtin_gc at node:3
[2026-08-10 07:32:44,868] [MainProcess] RunR: builtin_gc at node:3
[2026-08-10 07:32:44,880] [MainProcess] RunR: builtin_gc at node:3
[2026-08-10 07:32:44,896] [MainProcess] RunR: builtin_gc at node:3
[2026-08-10 07:32:44,909] [MainProcess] RunR: builtin_gc at node:3
[2026-08-10 07:32:44,924] [MainProcess] RunR: builtin_gc at node:3
[2026-08-10 07:32:45,144] [MainProcess] RunR: builtin_gc at node:3
[2026-08-10 07:32:45,153] [MainProcess] RunR: builtin_gc at node:3
[2026-08-10 07:32:45,161] [MainProcess] RunR: builtin_gc at node:3
[2026-08-10 07:32:45,169] [MainProcess] RunR: builtin_gc at node:3
