# timestamp_ms VmRSS_kB VmPeak_kB VmHWM_kB
1786774272665 431860 0 431860
1786774272769 432948 16331300 432948
1786774272836 436272 16331300 436272
1786774272931 436272 16331300 436272
1786774272957 436536 16331300 436536
1786774273025 436720 16331300 436720
1786774273091 438880 16331300 438880
1786774273156 441208 16331300 441208
1786774273263 454332 16331300 454332
1786774273368 455028 16331300 455028
1786774273435 457424 17138880 457424
1786774273500 494492 17138880 494492
1786774273604 553108 17138880 553108
1786774273715 608068 17301484 608068
1786774273866 611960 17301484 611960
1786774273947 614636 17476656 614636
1786774274059 621528 17476656 621528
1786774274206 624648 17476656 624648
1786774274395 644284 17476656 644284
1786774274537 655644 17476656 655644
1786774274632 656812 17476656 656812
1786774274728 659872 17476656 659872
1786774274896 667292 17476656 667292
1786774274994 667352 17476656 667352
1786774275140 679512 17476656 679512
1786774275297 691548 17476656 691548
1786774275435 696152 17476656 696152
1786774275531 698552 17476656 698552
1786774275704 701764 17476656 701764
1786774275804 711376 17476656 711376
1786774275935 716668 17476656 716668
1786774276014 721128 17476656 721128
1786774276149 726636 17476656 726636
1786774276343 734072 17476656 734072
1786774276510 746544 17476656 746544
1786774276656 755752 17476656 755752
1786774276781 758012 17476656 758012
1786774276866 760256 17476656 760256
1786774276944 762500 17476656 762500
1786774277096 764248 17476656 764248
1786774277213 764976 17476656 764976
1786774277322 784456 17476656 784456
1786774277455 787332 17476656 787332
1786774277534 790316 17476656 790316
1786774277617 796572 17476656 796572
1786774277764 807216 17476656 807216
1786774277948 817712 17476656 817712
1786774278113 823624 17476656 823624
1786774278296 826024 17476656 826024
1786774278432 828340 17476656 828340
1786774278532 841512 17476656 841512
1786774278714 852064 17476656 852064
1786774278820 856652 17476656 856652
1786774278911 856744 17476656 856744
1786774279004 856796 17476656 856796
1786774279105 859108 17476656 859108
1786774279212 869272 17476656 869272
1786774279337 878468 17476656 878468
1786774279546 885456 17476656 885456
1786774279707 887528 17476656 887528
1786774279841 889844 17476656 889844
1786774279951 903668 17476656 903588
1786774280079 908168 17476656 908168
1786774280202 912656 17476656 912656
1786774280297 914904 17476656 914904
1786774280442 916820 17476656 916820
1786774280574 928956 17476656 928956
1786774280730 938548 17476656 938548
1786774280877 942972 17476656 942972
1786774280959 945944 17476656 945944
1786774281076 947672 17476656 947672
1786774281215 954024 17476656 954024
1786774281334 959476 17476656 959476
1786774281435 968644 17476656 968644
1786774281585 972372 17476656 972360
1786774281791 981124 17476656 981124
1786774281931 990756 17476656 990756
1786774282089 1002796 17476656 1002796
1786774282202 1003648 17476656 1003648
1786774282285 1003840 17476656 1003840
1786774282370 1006052 17476656 1006048
1786774282453 1006228 17476656 1006228
1786774282537 1006244 17476656 1006244
1786774282627 1006268 17476656 1006268
1786774282712 1006284 17476656 1006284
1786774282823 1006304 17476656 1006304
1786774282905 1006316 17476656 1006316
1786774282989 1006328 17476656 1006328
1786774283070 1006336 17476656 1006336
1786774283155 1006380 17476656 1006380
1786774283239 1024896 17498368 1024896
1786774283374 1049628 17498368 1049628
1786774283506 1074292 0 0
1786774283641 1113356 17498368 1174336
1786774283775 1159892 17498368 1174336
1786774283911 1196756 17512760 1196756
1786774284048 1251460 17568056 1251424
1786774284183 1288916 17604920 1288916
1786774284323 1370840 17728776 1370840
1786774284460 1344212 17728776 1405732
1786774284491 1344212 17728776 1405732
1786774284522 1362644 17728776 1405732
1786774284554 1362644 17728776 1405732
1786774284586 1362644 17728776 1405732
1786774284617 1381076 17728776 1405732
1786774284704 1381076 17728776 1405732
1786774284742 1390292 17728776 1405732
1786774284865 1390292 17728776 1405732
1786774284924 1390328 17728776 1405732
1786774285161 1390328 17728776 1405732
1786774285235 1390328 17728776 1405732
1786774285324 1390328 17728776 1405732
1786774285398 1390328 17728776 1405732
1786774285460 1390328 17728776 1405732
1786774285520 1390328 17728776 1405732
1786774285595 1390328 17728776 1405732
1786774285685 1390328 17728776 1405732
1786774285756 1390328 17728776 1405732
1786774285831 1390328 17728776 1405732
1786774285939 1390328 17728776 1405732
1786774285976 1390328 17728776 1405732
1786774286030 1390328 17728776 1405732
1786774286124 1390328 17728776 1405732
1786774286192 1390328 17728776 1405732
1786774286290 1390328 17728776 1405732
1786774286364 1390328 17728776 1405732
1786774286423 1390328 17728776 1405732
1786774286528 1390328 17728776 1405732
1786774286599 1390328 17728776 1405732
1786774286674 1390328 17728776 1405732
1786774286727 1390328 17728776 1405732
1786774286789 1390328 17728776 1405732
1786774286882 1390328 17728776 1405732
1786774286966 1390328 17728776 1405732
1786774287032 1390328 17728776 1405732
1786774287101 1390328 17728776 1405732
1786774287174 1390328 17728776 1405732
1786774287218 1390328 17728776 1405732
1786774287278 1390328 17728776 1405732
1786774287344 1390328 17728776 1405732
1786774287421 1390328 17728776 1405732
1786774287488 1390328 17728776 1405732
1786774287559 1390328 17728776 1405732
1786774287645 1390328 17728776 1405732
1786774287694 1390328 17728776 1405732
1786774287753 1390328 17728776 1405732
1786774287836 1390328 17728776 1405732
1786774287908 1390328 17728776 1405732
1786774288009 1390328 17728776 1405732
1786774288099 1390328 17728776 1405732
1786774288175 1390328 17728776 1405732
1786774288259 1390328 17728776 1405732
1786774288331 1390328 17728776 1405732
1786774288428 1390328 17728776 1405732
1786774288517 1390328 17728776 1405732
1786774288577 1390328 17728776 1405732
1786774288659 1390328 17728776 1405732
1786774288724 1390328 17728776 1405732
1786774288818 1390328 17728776 1405732
1786774288895 1390328 17728776 1405732
1786774288990 1390328 17728776 1405732
1786774289085 1390328 17728776 1405732
1786774289165 1390328 17728776 1405732
1786774289241 1390328 17728776 1405732
1786774289327 1390328 17728776 1405732
1786774289427 1390328 17728776 1405732
1786774289468 1390328 17728776 1405732
1786774289585 1390328 17728776 1405732
1786774289674 1390328 17728776 1405732
1786774289752 1390328 17728776 1405732
1786774289814 1390328 17728776 1405732
1786774289906 1390328 17728776 1405732
1786774289995 1390328 17728776 1405732
1786774290048 1390328 17728776 1405732
1786774290148 1390328 17728776 1405732
1786774290219 1390328 17728776 1405732
1786774290290 1390328 17728776 1405732
1786774290344 1390328 17728776 1405732
1786774290399 1390328 17728776 1405732
1786774290479 1390328 17728776 1405732
1786774290549 1390328 17728776 1405732
1786774290620 1390328 17728776 1405732
1786774290667 1390328 17728776 1405732
1786774290698 1390328 17728776 1405732
1786774290766 1390328 17728776 1405732
1786774290850 1390328 17728776 1405732
1786774290933 1390328 17728776 1405732
1786774291003 1390328 17728776 1405732
1786774291061 1390328 17728776 1405732
1786774291148 1390328 17728776 1405732
1786774291224 1390328 17728776 1405732
1786774291304 1390328 17728776 1405732
1786774291371 1390328 17728776 1405732
1786774291453 1390328 17728776 1405732
1786774291529 1390328 17728776 1405732
1786774291644 1390328 17728776 1405732
1786774291722 1390328 17728776 1405732
1786774291782 1390328 17728776 1405732
1786774291843 1390328 17728776 1405732
1786774291961 1390328 17728776 1405732
1786774292044 1390328 17728776 1405732
1786774292149 1390328 17728776 1405732
1786774292224 1390328 17728776 1405732
1786774292278 1390328 17728776 1405732
1786774292337 1390328 17728776 1405732
1786774292427 1390328 17728776 1405732
1786774292491 1390328 17728776 1405732
1786774292552 1390328 17728776 1405732
1786774292638 1390328 17728776 1405732
1786774292700 1390328 17728776 1405732
1786774292759 1390328 17728776 1405732
1786774292819 1390328 17728776 1405732
1786774292895 1390328 17728776 1405732
1786774292959 1390328 17728776 1405732
1786774293029 1390328 17728776 1405732
1786774293118 1390328 17728776 1405732
1786774293227 1390328 17728776 1405732
1786774293309 1390328 17728776 1405732
1786774293377 1390328 17728776 1405732
1786774293466 1390328 17728776 1405732
1786774293587 1390328 17728776 1405732
1786774293664 1390328 17728776 1405732
1786774293708 1390328 17728776 1405732
1786774293772 1390328 17728776 1405732
1786774293824 1624984 17940808 1624948
1786774294114 2077052 18833652 2512036
1786774294347 2832176 19155604 2832144
1786774294505 1097224 19257024 2935872
1786774294573 1097236 19257024 2935872
1786774294631 1097236 19257024 2935872
1786774294703 1097236 19257024 2935872
1786774294769 1097240 19257024 2935872
1786774294851 1097240 19257024 2935872
1786774294893 1097244 19257024 2935872
1786774294987 1097244 19257024 2935872
1786774295053 1097244 19257024 2935872
1786774295115 1097244 19257024 2935872
1786774295204 1097244 19257024 2935872
1786774295280 1097244 19257024 2935872
1786774295324 1097244 19257024 2935872
1786774295387 1097244 19257024 2935872
1786774295493 1097244 19257024 2935872
1786774295562 1097244 19257024 2935872
1786774295653 1097244 19257024 2935872
1786774295755 1097244 19257024 2935872
1786774295852 1097244 19257024 2935872
1786774295905 1097244 19257024 2935872
1786774295957 1097244 19257024 2935872
1786774296016 1097244 19257024 2935872
1786774296069 1097248 19257024 2935872
1786774296142 1097256 19257024 2935872
1786774296235 1097256 19257024 2935872
1786774296350 1097256 19257024 2935872
1786774296434 1097256 19257024 2935872
1786774296515 1097256 19257024 2935872
1786774296602 1097256 19257024 2935872
1786774296660 1097256 19257024 2935872
1786774296741 1097256 19257024 2935872
1786774296818 1098244 19257024 2935872
1786774296899 1098244 19257024 2935872
1786774296956 1098244 19257024 2935872
1786774297072 1098244 19257024 2935872
1786774297173 1098244 19257024 2935872
1786774297269 1098244 19257024 2935872
1786774297350 1098244 19257024 2935872
1786774297427 1098244 19257024 2935872
1786774297488 1098244 19257024 2935872
1786774297591 1098244 19257024 2935872
1786774297694 1098244 19257024 2935872
1786774297777 1098244 19257024 2935872
1786774297837 1098244 19257024 2935872
1786774297917 1098244 19257024 2935872
1786774297985 1098244 19257024 2935872
1786774298060 1098244 19257024 2935872
1786774298142 1098244 19257024 2935872
1786774298210 1098244 19257024 2935872
1786774298298 1098244 19257024 2935872
1786774298377 1098244 19257024 2935872
1786774298444 1098244 19257024 2935872
1786774298531 1098244 19257024 2935872
1786774298602 1098244 19257024 2935872
1786774298701 1098244 19257024 2935872
1786774298760 1098244 19257024 2935872
1786774298829 1098244 19257024 2935872
1786774298880 1098336 19257024 2935872
1786774298939 1098336 19257024 2935872
1786774298981 1098956 19257024 2935872
1786774299012 1098960 19257024 2935872
1786774299043 1098964 19257024 2935872
1786774299072 1098968 19257024 2935872
1786774299102 1098972 19257024 2935872
1786774299132 1098976 19257024 2935872
1786774299162 1098980 19257024 2935872
1786774299191 1098984 19257024 2935872
1786774299221 1098996 19257024 2935872
1786774299250 1098996 19257024 2935872
1786774299280 1098996 19257024 2935872
1786774299309 1099008 19257024 2935872
1786774299338 1099008 19257024 2935872
1786774299367 1099008 19257024 2935872
1786774299398 1099008 19257024 2935872
1786774299429 1126536 19257024 2935872
1786774299459 1144968 19257024 2935872
1786774299491 1163400 19257024 2935872
1786774299522 1181832 19257024 2935872
1786774299554 1200264 19257024 2935872
1786774299585 1218696 19257024 2935872
1786774299616 1237128 19257024 2935872
1786774299647 1255560 19257024 2935872
1786774299678 1273992 19257024 2935872
1786774299709 1292424 19257024 2935872
1786774299741 1310856 19257024 2935872
1786774299773 1329296 19257024 2935872
1786774299805 1338512 19257024 2935872
1786774299836 1338512 19257024 2935872
1786774299868 1338512 19257024 2935872
1786774299900 1338512 19257024 2935872
1786774299932 1338512 19257024 2935872
1786774299963 1347728 19257024 2935872
1786774299995 1347728 19257024 2935872
1786774300027 1356884 19257024 2935872
1786774300059 1356944 19257024 2935872
1786774300091 1356944 19257024 2935872
1786774300122 1366160 19257024 2935872
1786774300154 1366160 19257024 2935872
1786774300243 1366160 19257024 2935872
1786774300342 1366160 19257024 2935872
1786774300416 1366160 19257024 2935872
1786774300487 1366160 19257024 2935872
1786774300550 1366160 19257024 2935872
1786774300615 1366160 19257024 2935872
1786774300702 1366160 19257024 2935872
1786774300764 1366160 19257024 2935872
1786774300832 1366160 19257024 2935872
1786774300925 1366160 19257024 2935872
1786774301022 1366160 19257024 2935872
1786774301133 1366160 19257024 2935872
1786774301214 1366160 19257024 2935872
1786774301280 1366160 19257024 2935872
1786774301368 1366160 19257024 2935872
1786774301430 1366160 19257024 2935872
1786774301491 1366160 19257024 2935872
1786774301562 1366160 19257024 2935872
1786774301619 1366160 19257024 2935872
1786774301678 1366160 19257024 2935872
1786774301736 1366160 19257024 2935872
1786774301824 1366160 19257024 2935872
1786774301920 1366160 19257024 2935872
1786774302013 1366160 19257024 2935872
1786774302086 1366160 19257024 2935872
1786774302173 1366160 19257024 2935872
1786774302241 1366160 19257024 2935872
1786774302314 1366160 19257024 2935872
1786774302387 1366160 19257024 2935872
1786774302465 1366160 19257024 2935872
1786774302541 1366160 19257024 2935872
1786774302647 1366160 19257024 2935872
1786774302696 1366160 19257024 2935872
1786774302767 1366160 19257024 2935872
1786774302868 1366160 19257024 2935872
1786774302945 1366160 19257024 2935872
1786774303032 1366160 19257024 2935872
1786774303114 1366160 19257024 2935872
1786774303150 1499732 19257024 2935872
1786774303218 1877644 19257024 2935872
1786774303288 2294320 19257024 2935872
1786774303347 1922900 19257024 2935872
1786774303400 1862760 19257024 2935872
1786774303458 2376612 19257024 2935872
1786774303499 2714580 19257024 2935872
1786774303529 2825092 19257024 2935872
1786774303559 2935732 19257024 2935872
1786774303710 1100868 19257024 2935872
1786774303738 1461320 19257024 2935872
1786774303767 1667964 19257024 2935872
1786774303797 1786976 19257024 2935872
1786774303826 1875052 19257024 2935872
1786774303857 1614344 19257024 2935872
1786774303888 1713968 19257024 2935872
1786774303917 1803972 19257024 2935872
1786774303947 1891480 19257024 2935872
1786774303978 1893556 19257024 2935872
1786774304015 1383364 19257024 2935872
1786774304051 1433464 19257024 2935872
1786774304082 1476472 19257024 2935872
1786774304114 1521540 19257024 2935872
1786774304146 1564352 19257024 2935872
1786774304178 1607360 19257024 2935872
1786774304209 1652428 19257024 2935872
1786774304241 1697484 19257024 2935872
1786774304295 1557464 19257024 2935872
1786774304332 1472520 19257024 2935872
1786774304371 1476628 19257024 2935872
1786774304430 1476628 19257024 2935872
1786774304479 1476628 19257024 2935872
1786774304536 1476636 19257024 2935872
1786774304569 1476636 19257024 2935872
1786774304622 1476636 19257024 2935872
1786774304682 1476644 19257024 2935872
1786774304748 1476648 19257024 2935872
1786774304815 1476660 19257024 2935872
1786774304877 1476664 19257024 2935872
1786774304924 1476676 19257024 2935872
1786774304985 1476676 19257024 2935872
1786774305050 1476688 19257024 2935872
1786774305140 1476708 19257024 2935872
1786774305189 1476720 19257024 2935872
1786774305249 1476736 19257024 2935872
1786774305317 1476760 19257024 2935872
1786774305367 1476760 19257024 2935872
1786774305447 1476760 19257024 2935872
1786774305492 1476760 19257024 2935872
1786774305572 1476760 19257024 2935872
1786774305618 1476760 19257024 2935872
1786774305665 1476760 19257024 2935872
1786774305730 1476760 19257024 2935872
1786774305820 1495196 19257024 2935872
1786774305870 1530740 19257024 2935872
1786774305938 1550496 19257024 2935872
1786774305998 1550500 19257024 2935872
1786774306044 1550500 19257024 2935872
1786774306105 1550500 19257024 2935872
1786774306194 1550516 19257024 2935872
1786774306293 1568956 19257024 2935872
1786774306346 1568956 19257024 2935872
1786774306434 1568956 19257024 2935872
1786774306501 1568960 19257024 2935872
1786774306554 1568960 19257024 2935872
1786774306600 1568964 19257024 2935872
1786774306661 1605832 19257024 2935872
1786774306728 1605832 19257024 2935872
1786774306805 1605832 19257024 2935872
1786774306858 1605836 19257024 2935872
1786774306907 1605840 19257024 2935872
1786774306961 1605844 19257024 2935872
1786774307013 1605852 19257024 2935872
1786774307112 1661164 19257024 2935872
1786774307153 1698048 19257024 2935872
1786774307224 1698056 19257024 2935872
1786774307316 1698056 19257024 2935872
1786774307357 1698056 19257024 2935872
1786774307413 1698060 19257024 2935872
1786774307471 1698060 19257024 2935872
1786774307539 1734924 19257024 2935872
1786774307582 1734928 19257024 2935872
1786774307651 1734932 19257024 2935872
1786774307721 1734932 19257024 2935872
1786774307772 1734932 19257024 2935872
1786774307827 1753364 19257024 2935872
1786774307891 1771796 19257024 2935872
1786774307948 1771800 19257024 2935872
1786774308021 1771800 19257024 2935872
1786774308069 1771800 19257024 2935872
1786774308121 1771808 19257024 2935872
1786774308210 1808672 19257024 2935872
1786774308269 1808672 19257024 2935872
1786774308317 1827104 19257024 2935872
1786774308369 1827104 19257024 2935872
1786774308441 1827104 19257024 2935872
1786774308506 1827104 19257024 2935872
1786774308564 1827104 19257024 2935872
1786774308631 1827104 19257024 2935872
1786774308675 1845536 19257024 2935872
1786774308712 1863968 19257024 2935872
1786774308761 1863968 19257024 2935872
1786774308816 1863972 19257024 2935872
1786774308867 1863972 19257024 2935872
1786774308899 1863980 19257024 2935872
1786774308940 1863988 19257024 2935872
1786774308976 1882420 19257024 2935872
1786774309022 1919292 19257024 2935872
1786774309068 1919740 19257024 2935872
1786774309101 1979264 19257024 2935872
1786774309132 1979304 19257024 2935872
1786774309163 1987612 19257024 2935872
1786774309196 2006072 19257024 2935872
1786774309228 2009252 19257024 2935872
1786774309259 1835352 19378680 2935872
1786774309292 1816916 19851764 2935872
1786774309323 1761888 20179444 2935872
1786774309360 1763720 20179444 2935872
1786774309391 1781196 20420084 2935872
1786774309425 1786148 20420084 2935872
1786774309457 1793180 20420084 2935872
1786774309489 1794108 20420084 2935872
1786774309521 1794108 20420084 2935872
1786774309554 1766844 20420084 2935872
1786774309587 818444 20420084 2935872
1786774309619 847924 20420084 2935872
1786774309651 862832 20682100 2935872
1786774309684 907668 20682100 2935872
1786774309715 923144 20682100 2935872
1786774309746 923144 20682100 2935872
1786774309776 923144 20682100 2935872
1786774309806 917484 20682100 2935872
1786774309836 917496 20682100 2935872
1786774309866 917496 20682100 2935872
1786774309896 917500 20682100 2935872
1786774309927 917512 20682100 2935872
1786774309957 917512 20682100 2935872
1786774309987 917512 20682100 2935872
1786774310017 917516 20682100 2935872
1786774310046 917516 20682100 2935872
1786774310076 917516 20682100 2935872
1786774310106 917520 20682100 2935872
1786774310137 917520 20682100 2935872
1786774310167 915708 20682100 2935872
1786774310197 917516 20682100 2935872
1786774310227 917516 20682100 2935872
1786774310257 915708 20682100 2935872
1786774310287 917516 20682100 2935872
1786774310317 917516 20682100 2935872
1786774310347 917516 20682100 2935872
1786774310377 917520 20682100 2935872
1786774310408 917520 20682100 2935872
1786774310438 917520 20682100 2935872
1786774310468 917524 20682100 2935872
1786774310498 917524 20682100 2935872
1786774310527 917524 20682100 2935872
1786774310557 917520 20682100 2935872
1786774310587 917520 20682100 2935872
1786774310618 917520 20682100 2935872
1786774310648 917520 20682100 2935872
1786774310678 917524 20682100 2935872
1786774310708 917524 20682100 2935872
1786774310738 917524 20682100 2935872
1786774310768 917524 20682100 2935872
1786774310799 917524 20682100 2935872
1786774310828 917524 20682100 2935872
1786774310859 917524 20682100 2935872
1786774310889 917524 20682100 2935872
1786774310919 917524 20682100 2935872
1786774310950 917524 20682100 2935872
1786774310980 917524 20682100 2935872
1786774311010 917524 20682100 2935872
1786774311041 917524 20682100 2935872
1786774311071 917524 20682100 2935872
1786774311101 917520 20682100 2935872
1786774311132 917520 20682100 2935872
1786774311162 917520 20682100 2935872
1786774311192 915712 20682100 2935872
1786774311222 915712 20682100 2935872
1786774311251 915712 20682100 2935872
1786774311281 915724 20682100 2935872
1786774311311 915724 20682100 2935872
1786774311341 918636 20682100 2935872
1786774311371 921736 20682100 2935872
1786774311401 921736 20682100 2935872
1786774311431 921740 20682100 2935872
1786774311461 921740 20682100 2935872
1786774311491 921740 20682100 2935872
1786774311521 921800 20682100 2935872
1786774311551 921800 20682100 2935872
1786774311581 921796 20682100 2935872
1786774311611 921796 20682100 2935872
1786774311640 921796 20682100 2935872
1786774311670 921796 20682100 2935872
1786774311700 921796 20682100 2935872
1786774311730 921796 20682100 2935872
1786774311760 921796 20682100 2935872
1786774311790 921796 20682100 2935872
1786774311820 921796 20682100 2935872
1786774311850 921796 20682100 2935872
1786774311880 921796 20682100 2935872
1786774311910 921796 20682100 2935872
1786774311939 921796 20682100 2935872
1786774311969 921796 20682100 2935872
1786774311999 921796 20682100 2935872
1786774312029 921796 20682100 2935872
1786774312059 921796 20682100 2935872
1786774312089 921796 20682100 2935872
1786774312119 921796 20682100 2935872
1786774312149 921796 20682100 2935872
1786774312179 921796 20682100 2935872
1786774312208 921796 20682100 2935872
1786774312238 921796 20682100 2935872
1786774312268 921796 20682100 2935872
1786774312298 921796 20682100 2935872
1786774312328 921796 20682100 2935872
1786774312358 921796 20682100 2935872
1786774312388 921796 20682100 2935872
1786774312418 921796 20682100 2935872
1786774312447 921796 20682100 2935872
1786774312477 921796 20682100 2935872
1786774312507 921796 20682100 2935872
1786774312537 921796 20682100 2935872
1786774312567 921796 20682100 2935872
1786774312597 921796 20682100 2935872
1786774312627 921796 20682100 2935872
1786774312657 921796 20682100 2935872
1786774312686 942476 20682100 2935872
1786774312717 959780 20682100 2935872
1786774312748 980644 20682100 2935872
1786774312778 985420 20682100 2935872
1786774312809 986176 20682100 2935872
1786774312840 987464 20682100 2935872
1786774312870 987536 20682100 2935872
1786774312901 1019288 20682100 2935872
1786774312931 1033572 20748660 2935872
1786774312964 1033588 20781428 2935872
1786774312993 1034096 20781428 2935872
1786774313025 1034508 20781428 2935872
1786774313057 1034508 20781428 2935872
1786774313089 1034516 20781428 2935872
1786774313120 1034532 20781428 2935872
1786774313152 1034556 20781428 2935872
1786774313184 1034556 20781428 2935872
1786774313216 1060768 20814196 2935872
1786774313249 1067364 20814196 2935872
1786774313282 1067364 20814196 2935872
1786774313314 1067364 20814196 2935872
1786774313347 1067364 20814196 2935872
1786774313378 1072840 20814196 2935872
1786774313408 1075564 21010804 2935872
1786774313440 1075632 21010804 2935872
1786774313473 1075664 21010804 2935872
1786774313507 1075672 21010804 2935872
1786774313539 1075704 21010804 2935872
1786774313571 1075716 21010804 2935872
1786774313602 1075896 21010804 2935872
1786774313634 1075896 21010804 2935872
1786774313667 1075896 21010804 2935872
1786774313699 1075904 21010804 2935872
1786774313731 1075920 21010804 2935872
1786774313764 1075928 21010804 2935872
1786774313796 1075928 21010804 2935872
1786774313829 1075928 21010804 2935872
1786774313861 1075936 21010804 2935872
1786774313895 1075936 21010804 2935872
1786774313928 1075936 21010804 2935872
1786774313960 1075936 21010804 2935872
1786774313993 1075936 21010804 2935872
1786774314026 1075936 21010804 2935872
1786774314059 1075960 21010804 2935872
1786774314091 1075976 21010804 2935872
1786774314124 1075984 21010804 2935872
1786774314156 1076012 21010804 2935872
1786774314189 1076024 21010804 2935872
1786774314223 1076160 21010804 2935872
1786774314255 1076160 21010804 2935872
1786774314288 1076160 21010804 2935872
1786774314322 1076160 21010804 2935872
1786774314356 1076172 21010804 2935872
1786774314389 1076180 21010804 2935872
1786774314422 1076192 21010804 2935872
1786774314455 1076212 21010804 2935872
1786774314488 1076212 21010804 2935872
1786774314521 1076212 21010804 2935872
1786774314554 1076212 21010804 2935872
1786774314585 1076212 21010804 2935872
1786774314618 1076284 21010804 2935872
1786774314652 1076284 21010804 0
1786774314684 1076304 21010804 2935872
1786774314717 1076312 21010804 2935872
1786774314751 1076324 21010804 2935872
1786774314784 1076352 21010804 2935872
1786774314819 1076352 21010804 2935872
1786774314852 1076352 21010804 2935872
1786774314884 1076352 21010804 2935872
1786774314917 1076352 21010804 2935872
1786774314949 1076364 21010804 2935872
1786774314981 1076376 21010804 2935872
1786774315014 1076412 21010804 2935872
1786774315046 1076412 21010804 2935872
1786774315078 1076420 21010804 2935872
1786774315110 1076420 21010804 2935872
1786774315143 1076420 21010804 2935872
1786774315176 1076420 21010804 2935872
1786774315208 1076420 21010804 2935872
1786774315240 1076420 21010804 2935872
1786774315273 1076420 21010804 2935872
1786774315305 1076428 21010804 2935872
1786774315338 1076436 21010804 2935872
1786774315373 1076460 21010804 2935872
1786774315406 1076460 21010804 2935872
1786774315438 1076460 0 2935872
1786774315471 1076460 21010804 2935872
1786774315503 1076464 21010804 2935872
1786774315536 1076484 21010804 2935872
1786774315569 1076500 21010804 2935872
1786774315601 1076508 21010804 2935872
1786774315634 1076508 21010804 2935872
1786774315667 1076524 21010804 2935872
1786774315699 1076524 21010804 2935872
1786774315732 1076524 21010804 2935872
1786774315764 1076524 21010804 2935872
1786774315800 1076524 21010804 2935872
1786774315831 1076528 21010804 2935872
1786774315863 1076528 21043572 2935872
1786774315896 1076528 21043572 2935872
1786774315928 1076548 21043572 2935872
1786774315961 1076568 21043572 2935872
1786774315993 1076580 21043572 2935872
1786774316026 1076592 21043572 2935872
1786774316059 1076592 21043572 2935872
1786774316092 1076592 21043572 2935872
1786774316125 1076600 21043572 2935872
1786774316158 1076600 21043572 2935872
1786774316192 1076600 21043572 2935872
1786774316226 1076620 21043572 2935872
1786774316258 1076628 21043572 2935872
1786774316290 1076628 21043572 2935872
1786774316323 1076632 21043572 2935872
1786774316356 1076632 21043572 2935872
1786774316388 1076636 21043572 2935872
1786774316420 1076928 21043572 2935872
1786774316453 1076928 21043572 2935872
1786774316486 1076928 21043572 2935872
1786774316518 1076928 0 2935872
1786774316550 1076928 21043572 2935872
1786774316583 1076928 21043572 2935872
1786774316616 1076936 21043572 2935872
1786774316649 1076936 21043572 2935872
1786774316682 1076936 21043572 2935872
1786774316716 1076936 21043572 2935872
1786774316748 1076944 21043572 2935872
1786774316781 1076964 21043572 2935872
1786774316813 1076976 21043572 2935872
1786774316845 1076980 21043572 2935872
1786774316878 1076984 21043572 2935872
1786774316910 1077000 21043572 2935872
1786774316943 1077000 21043572 2935872
1786774316976 1077212 21043572 2935872
1786774317011 1077212 21043572 2935872
1786774317046 1077212 21043572 2935872
1786774317080 1077212 21043572 2935872
1786774317113 1077224 21043572 2935872
1786774317146 1077232 21043572 2935872
1786774317179 1077252 21043572 2935872
1786774317213 1077280 21043572 2935872
1786774317246 1077280 21043572 2935872
1786774317278 1077280 21043572 2935872
1786774317310 1077280 21043572 2935872
1786774317343 1077280 21043572 2935872
1786774317375 1077296 21043572 2935872
1786774317408 1077316 21043572 2935872
1786774317440 1077316 21043572 2935872
1786774317472 1077316 21043572 2935872
1786774317504 1077320 21043572 2935872
1786774317538 1077472 21043572 2935872
1786774317571 1077472 21043572 2935872
1786774317605 1077472 21043572 2935872
1786774317637 1077472 21077364 2935872
1786774317670 1077472 21077364 2935872
1786774317702 1077484 21077364 2935872
1786774317735 1077500 21077364 2935872
1786774317768 1077524 21077364 2935872
1786774317800 1077536 21077364 2935872
1786774317833 1077916 21077364 2935872
1786774317866 1077916 21077364 2935872
1786774317898 1077916 21077364 2935872
1786774317931 1077928 21077364 2935872
1786774317964 1077944 21077364 2935872
1786774317996 1077960 21077364 2935872
1786774318029 1077968 21077364 2935872
1786774318060 1077968 21077364 2935872
1786774318092 1077984 21077364 2935872
1786774318125 1077984 21077364 2935872
1786774318157 1077984 21077364 2935872
1786774318190 1078192 21077364 2935872
1786774318223 1078344 21077364 2935872
1786774318255 1078344 21077364 2935872
1786774318287 1078344 21077364 2935872
1786774318320 1078344 21077364 2935872
1786774318352 1078344 21077364 2935872
1786774318385 1078344 21077364 2935872
1786774318417 1078344 21077364 2935872
1786774318450 1078344 21077364 2935872
1786774318483 1078344 21077364 2935872
1786774318518 1078344 21077364 2935872
1786774318551 1078344 21077364 2935872
1786774318583 1078344 21077364 2935872
1786774318615 1078344 21077364 2935872
1786774318647 1078360 21077364 2935872
1786774318679 1078364 21077364 2935872
1786774318712 1078364 21077364 2935872
1786774318744 1078384 21077364 2935872
1786774318777 1078384 21077364 2935872
1786774318809 1078600 21077364 2935872
1786774318842 1078600 21077364 2935872
1786774318875 1078600 21077364 2935872
1786774318906 1078672 21110132 2935872
1786774318939 1078672 21110132 2935872
1786774318972 1078672 21110132 2935872
1786774319004 1078672 21110132 2935872
1786774319037 1078676 21110132 2935872
1786774319069 1078708 21110132 2935872
1786774319102 1078708 21110132 2935872
1786774319134 1078708 21110132 2935872
1786774319167 1078708 21110132 2935872
1786774319199 1078712 21110132 2935872
1786774319232 1078732 21110132 2935872
1786774319264 1078736 21110132 2935872
1786774319297 1078736 21110132 2935872
1786774319328 1078736 21110132 2935872
1786774319361 1078736 21110132 2935872
1786774319393 1078752 21110132 2935872
1786774319426 1078760 21110132 2935872
1786774319459 1078760 21110132 2935872
1786774319492 1078760 21110132 2935872
1786774319526 1078760 21110132 2935872
1786774319559 1078760 21110132 2935872
1786774319592 1078760 21110132 2935872
1786774319624 1078768 21110132 2935872
1786774319656 1078784 21110132 2935872
1786774319689 1078784 21110132 2935872
1786774319721 1078784 21110132 2935872
1786774319753 1078784 21110132 2935872
1786774319785 1078796 21110132 2935872
1786774319818 1078808 21110132 2935872
1786774319851 1078808 21110132 2935872
1786774319883 1078808 21110132 2935872
1786774319918 1078812 21110132 2935872
1786774319953 1078828 21110132 2935872
1786774319985 1078844 21110132 2935872
1786774320020 1078856 21110132 2935872
1786774320054 1078860 21110132 2935872
1786774320087 1078868 21110132 2935872
1786774320119 1078880 21110132 2935872
1786774320152 1078880 21110132 2935872
1786774320184 1078880 21110132 2935872
1786774320217 1078880 21110132 2935872
1786774320249 1078880 21142900 2935872
1786774320282 1078880 21142900 2935872
1786774320314 1078880 21142900 2935872
1786774320346 1087076 21142900 2935872
1786774320378 1087124 21142900 2935872
1786774320410 1087924 21142900 2935872
1786774320442 1093244 21142900 2935872
1786774320476 1093372 21142900 2935872
1786774320509 1093372 21142900 2935872
1786774320542 1093372 21142900 2935872
1786774320576 1093372 21142900 2935872
1786774320610 1093372 21142900 2935872
1786774320644 1093376 21142900 2935872
1786774320678 1093380 21142900 2935872
1786774320710 1093384 21142900 2935872
1786774320742 1093384 21142900 2935872
1786774320776 1091452 21142900 2935872
1786774320810 1101504 21142900 2935872
1786774320843 1101568 21142900 2935872
1786774320876 1114116 21142900 2935872
# peak_kb=2935732
# hwm_kb=2935872
# frozen_ms=5311
# polled_vs_hwm_pct=0promille
