[2026-08-14 13:29:00.276] [info] [thread_pool.cc:30] Create a fixed thread pool with size 35
[2026-08-14 13:33:04.607] [info] [api.cc:172] [Profiling] SPU execution bert_forward completed, input processing took 0.000949917s, execution took 245.206578111s, output processing took 2.6137e-05s, total time 245.207554165s.
[2026-08-14 13:33:04.610] [info] [api.cc:220] HLO profiling: total time 244.35336363399998
[2026-08-14 13:33:04.610] [info] [api.cc:223] - pphlo.reduce, executed 74 times, duration 61.681912759s, send bytes 140451840 recv bytes 102998016, send actions 924, recv actions 756
[2026-08-14 13:33:04.610] [info] [api.cc:223] - pphlo.exponential, executed 24 times, duration 33.221641764s, send bytes 3988783104 recv bytes 3723755520, send actions 1660, recv actions 1538
[2026-08-14 13:33:04.610] [info] [api.cc:223] - pphlo.while, executed 2 times, duration 29.656785716s, send bytes 2088960 recv bytes 2072576, send actions 22784, recv actions 21760
[2026-08-14 13:33:04.610] [info] [api.cc:223] - pphlo.reciprocal, executed 24 times, duration 28.305726061s, send bytes 4208984064 recv bytes 4278190080, send actions 1218, recv actions 1246
[2026-08-14 13:33:04.610] [info] [api.cc:223] - pphlo.multiply, executed 523 times, duration 22.938905794s, send bytes 2270233088 recv bytes 2309109760, send actions 1300, recv actions 1279
[2026-08-14 13:33:04.610] [info] [api.cc:223] - pphlo.add, executed 502 times, duration 14.995514527s, send bytes 0 recv bytes 0, send actions 0, recv actions 0
[2026-08-14 13:33:04.610] [info] [api.cc:223] - pphlo.divide, executed 12 times, duration 14.756521989s, send bytes 1066401792 recv bytes 1082916864, send actions 624, recv actions 629
[2026-08-14 13:33:04.610] [info] [api.cc:223] - pphlo.dot_general, executed 36 times, duration 11.341519926s, send bytes 83034112 recv bytes 83197952, send actions 1008, recv actions 1015
[2026-08-14 13:33:04.610] [info] [api.cc:223] - pphlo.less, executed 93 times, duration 10.388147865s, send bytes 680288256 recv bytes 680288256, send actions 736, recv actions 736
[2026-08-14 13:33:04.610] [info] [api.cc:223] - pphlo.negate, executed 110 times, duration 4.868428629s, send bytes 0 recv bytes 0, send actions 0, recv actions 0
[2026-08-14 13:33:04.610] [info] [api.cc:223] - pphlo.select, executed 66 times, duration 3.080673741s, send bytes 458152960 recv bytes 152718336, send actions 193, recv actions 65
[2026-08-14 13:33:04.610] [info] [api.cc:223] - pphlo.abs, executed 12 times, duration 2.94401599s, send bytes 264241152 recv bytes 245366784, send actions 126, recv actions 120
[2026-08-14 13:33:04.610] [info] [api.cc:223] - pphlo.dot, executed 74 times, duration 2.880462391s, send bytes 183247912 recv bytes 181671984, send actions 199, recv actions 201
[2026-08-14 13:33:04.610] [info] [api.cc:223] - pphlo.custom_call: spu.gather, executed 1 times, duration 2.145376031s, send bytes 0 recv bytes 0, send actions 0, recv actions 0
[2026-08-14 13:33:04.610] [info] [api.cc:223] - pphlo.rsqrt, executed 25 times, duration 0.787048171s, send bytes 1645056 recv bytes 1697280, send actions 1175, recv actions 1230
[2026-08-14 13:33:04.610] [info] [api.cc:223] - pphlo.convert, executed 3 times, duration 0.274158659s, send bytes 786448 recv bytes 786448, send actions 3, recv actions 3
[2026-08-14 13:33:04.610] [info] [api.cc:223] - pphlo.tanh, executed 1 times, duration 0.031738901s, send bytes 236544 recv bytes 215040, send actions 51, recv actions 48
[2026-08-14 13:33:04.610] [info] [api.cc:223] - pphlo.reshape, executed 344 times, duration 0.022805383s, send bytes 0 recv bytes 0, send actions 0, recv actions 0
[2026-08-14 13:33:04.610] [info] [api.cc:223] - pphlo.broadcast, executed 200 times, duration 0.012650447s, send bytes 0 recv bytes 0, send actions 0, recv actions 0
[2026-08-14 13:33:04.610] [info] [api.cc:223] - pphlo.free, executed 2240 times, duration 0.010035002s, send bytes 0 recv bytes 0, send actions 0, recv actions 0
[2026-08-14 13:33:04.610] [info] [api.cc:223] - pphlo.transpose, executed 61 times, duration 0.005014276s, send bytes 0 recv bytes 0, send actions 0, recv actions 0
[2026-08-14 13:33:04.610] [info] [api.cc:223] - pphlo.constant, executed 50 times, duration 0.00317524s, send bytes 0 recv bytes 0, send actions 0, recv actions 0
[2026-08-14 13:33:04.610] [info] [api.cc:223] - pphlo.not, executed 5 times, duration 0.000632435s, send bytes 0 recv bytes 0, send actions 0, recv actions 0
[2026-08-14 13:33:04.610] [info] [api.cc:223] - pphlo.and, executed 2 times, duration 0.00031206s, send bytes 256 recv bytes 256, send actions 2, recv actions 2
[2026-08-14 13:33:04.610] [info] [api.cc:223] - pphlo.iota, executed 1 times, duration 8.9597e-05s, send bytes 0 recv bytes 0, send actions 0, recv actions 0
[2026-08-14 13:33:04.610] [info] [api.cc:223] - pphlo.slice, executed 1 times, duration 7.028e-05s, send bytes 0 recv bytes 0, send actions 0, recv actions 0
[2026-08-14 13:33:04.610] [info] [api.cc:220] HAL profiling: total time 219.78239461500002
[2026-08-14 13:33:04.610] [info] [api.cc:223] - f_add, executed 1084 times, duration 47.958433561s, send bytes 0 recv bytes 0, send actions 0, recv actions 0
[2026-08-14 13:33:04.610] [info] [api.cc:223] - f_exp, executed 24 times, duration 33.221013868s, send bytes 3988783104 recv bytes 3723755520, send actions 1660, recv actions 1538
[2026-08-14 13:33:04.610] [info] [api.cc:223] - f_reciprocal, executed 24 times, duration 28.305051837s, send bytes 4208984064 recv bytes 4278190080, send actions 1218, recv actions 1246
[2026-08-14 13:33:04.610] [info] [api.cc:223] - f_less, executed 169 times, duration 23.834798695s, send bytes 764527104 recv bytes 764527104, send actions 1352, recv actions 1352
[2026-08-14 13:33:04.610] [info] [api.cc:223] - f_mul, executed 498 times, duration 22.865428361s, send bytes 2270156288 recv bytes 2309084160, send actions 1225, recv actions 1254
[2026-08-14 13:33:04.610] [info] [api.cc:223] - _mux, executed 662 times, duration 19.185137112s, send bytes 514358272 recv bytes 171453440, send actions 1981, recv actions 661
[2026-08-14 13:33:04.610] [info] [api.cc:223] - f_div, executed 12 times, duration 14.756030654s, send bytes 1066401792 recv bytes 1082916864, send actions 624, recv actions 629
[2026-08-14 13:33:04.610] [info] [api.cc:223] - f_mmul, executed 506 times, duration 14.009879884s, send bytes 266282024 recv bytes 264869936, send actions 1207, recv actions 1216
[2026-08-14 13:33:04.610] [info] [api.cc:223] - i_less, executed 778 times, duration 5.386757176s, send bytes 69120 recv bytes 69120, send actions 4152, recv actions 4152
[2026-08-14 13:33:04.610] [info] [api.cc:223] - f_negate, executed 110 times, duration 4.866584073s, send bytes 0 recv bytes 0, send actions 0, recv actions 0
[2026-08-14 13:33:04.610] [info] [api.cc:223] - f_abs, executed 12 times, duration 2.943722171s, send bytes 264241152 recv bytes 245366784, send actions 126, recv actions 120
[2026-08-14 13:33:04.610] [info] [api.cc:223] - seal, executed 259 times, duration 1.59123366s, send bytes 788496 recv bytes 788496, send actions 259, recv actions 259
[2026-08-14 13:33:04.610] [info] [api.cc:223] - f_rsqrt, executed 25 times, duration 0.78658751s, send bytes 1645056 recv bytes 1697280, send actions 1175, recv actions 1230
[2026-08-14 13:33:04.610] [info] [api.cc:223] - mixed_mul, executed 25 times, duration 0.03369578s, send bytes 76800 recv bytes 25600, send actions 75, recv actions 25
[2026-08-14 13:33:04.610] [info] [api.cc:223] - f_tanh, executed 1 times, duration 0.031719775s, send bytes 236544 recv bytes 215040, send actions 51, recv actions 48
[2026-08-14 13:33:04.610] [info] [api.cc:223] - i_add, executed 258 times, duration 0.005486803s, send bytes 0 recv bytes 0, send actions 0, recv actions 0
[2026-08-14 13:33:04.610] [info] [api.cc:223] - logical_not, executed 5 times, duration 0.00056744s, send bytes 0 recv bytes 0, send actions 0, recv actions 0
[2026-08-14 13:33:04.610] [info] [api.cc:223] - _and, executed 2 times, duration 0.000266255s, send bytes 256 recv bytes 256, send actions 2, recv actions 2
[2026-08-14 13:33:04.611] [info] [api.cc:220] MPC profiling: total time 221.71028213599993
[2026-08-14 13:33:04.611] [info] [api.cc:223] - add_aa, executed 1918 times, duration 63.721828515s, send bytes 0 recv bytes 0, send actions 0, recv actions 0
[2026-08-14 13:33:04.611] [info] [api.cc:223] - msb_a2b, executed 786 times, duration 38.927186775s, send bytes 1868802048 recv bytes 1868802048, send actions 6288, recv actions 6288
[2026-08-14 13:33:04.611] [info] [api.cc:223] - b2a, executed 304 times, duration 21.675977491s, send bytes 2827241472 recv bytes 2965696512, send actions 1255, recv actions 1349
[2026-08-14 13:33:04.611] [info] [api.cc:223] - mul_aa, executed 1038 times, duration 21.145759305s, send bytes 2248643584 recv bytes 2248643584, send actions 1038, recv actions 1038
[2026-08-14 13:33:04.611] [info] [api.cc:223] - negate_a, executed 1052 times, duration 17.376951054s, send bytes 0 recv bytes 0, send actions 0, recv actions 0
[2026-08-14 13:33:04.611] [info] [api.cc:223] - a2b, executed 341 times, duration 17.037070769s, send bytes 2114316288 recv bytes 2114316288, send actions 2728, recv actions 2728
[2026-08-14 13:33:04.611] [info] [api.cc:223] - trunc_a, executed 1536 times, duration 13.862108689s, send bytes 2630269464 recv bytes 2670943264, send actions 2580, recv actions 2629
[2026-08-14 13:33:04.611] [info] [api.cc:223] - mmul_aa, executed 362 times, duration 12.665829641s, send bytes 113252368 recv bytes 113252368, send actions 362, recv actions 362
[2026-08-14 13:33:04.611] [info] [api.cc:223] - mul_a1b, executed 759 times, duration 6.966872448s, send bytes 1024078848 recv bytes 341359616, send actions 2277, recv actions 759
[2026-08-14 13:33:04.611] [info] [api.cc:223] - and_bb, executed 368 times, duration 2.129758271s, send bytes 519186176 recv bytes 519186176, send actions 368, recv actions 368
[2026-08-14 13:33:04.611] [info] [api.cc:223] - p2a, executed 259 times, duration 1.589883876s, send bytes 788496 recv bytes 788496, send actions 259, recv actions 259
[2026-08-14 13:33:04.611] [info] [api.cc:223] - add_ap, executed 2412 times, duration 1.095851513s, send bytes 0 recv bytes 0, send actions 0, recv actions 0
[2026-08-14 13:33:04.611] [info] [api.cc:223] - bitrev_b, executed 86 times, duration 0.66027437s, send bytes 0 recv bytes 0, send actions 0, recv actions 0
[2026-08-14 13:33:04.611] [info] [api.cc:223] - mul_ap, executed 563 times, duration 0.608359746s, send bytes 0 recv bytes 0, send actions 0, recv actions 0
[2026-08-14 13:33:04.611] [info] [api.cc:223] - xor_bb, executed 1193 times, duration 0.419283072s, send bytes 0 recv bytes 0, send actions 0, recv actions 0
[2026-08-14 13:33:04.611] [info] [api.cc:223] - rshift_b, executed 870 times, duration 0.34907986s, send bytes 0 recv bytes 0, send actions 0, recv actions 0
[2026-08-14 13:33:04.611] [info] [api.cc:223] - and_bp, executed 776 times, duration 0.300564433s, send bytes 0 recv bytes 0, send actions 0, recv actions 0
[2026-08-14 13:33:04.611] [info] [api.cc:223] - update_slice, executed 256 times, duration 0.202486284s, send bytes 0 recv bytes 0, send actions 0, recv actions 0
[2026-08-14 13:33:04.611] [info] [api.cc:223] - reshape, executed 4022 times, duration 0.185258219s, send bytes 0 recv bytes 0, send actions 0, recv actions 0
[2026-08-14 13:33:04.611] [info] [api.cc:223] - negate_p, executed 1404 times, duration 0.141790981s, send bytes 0 recv bytes 0, send actions 0, recv actions 0
[2026-08-14 13:33:04.611] [info] [api.cc:223] - concatenate, executed 293 times, duration 0.122633631s, send bytes 0 recv bytes 0, send actions 0, recv actions 0
[2026-08-14 13:33:04.611] [info] [api.cc:223] - extract_slice, executed 2919 times, duration 0.121935012s, send bytes 0 recv bytes 0, send actions 0, recv actions 0
[2026-08-14 13:33:04.611] [info] [api.cc:223] - add_pp, executed 748 times, duration 0.091598651s, send bytes 0 recv bytes 0, send actions 0, recv actions 0
[2026-08-14 13:33:04.611] [info] [api.cc:223] - lshift_p, executed 206 times, duration 0.067433926s, send bytes 0 recv bytes 0, send actions 0, recv actions 0
[2026-08-14 13:33:04.611] [info] [api.cc:223] - msb_p, executed 259 times, duration 0.062968953s, send bytes 0 recv bytes 0, send actions 0, recv actions 0
[2026-08-14 13:33:04.611] [info] [api.cc:223] - xor_bp, executed 89 times, duration 0.052428494s, send bytes 0 recv bytes 0, send actions 0, recv actions 0
[2026-08-14 13:33:04.611] [info] [api.cc:223] - mmul_ap, executed 145 times, duration 0.035029178s, send bytes 0 recv bytes 0, send actions 0, recv actions 0
[2026-08-14 13:33:04.611] [info] [api.cc:223] - make_p, executed 958 times, duration 0.029158161s, send bytes 0 recv bytes 0, send actions 0, recv actions 0
[2026-08-14 13:33:04.611] [info] [api.cc:223] - lshift_b, executed 174 times, duration 0.024710081s, send bytes 0 recv bytes 0, send actions 0, recv actions 0
[2026-08-14 13:33:04.611] [info] [api.cc:223] - transpose, executed 570 times, duration 0.023782424s, send bytes 0 recv bytes 0, send actions 0, recv actions 0
[2026-08-14 13:33:04.611] [info] [api.cc:223] - broadcast, executed 759 times, duration 0.015337735s, send bytes 0 recv bytes 0, send actions 0, recv actions 0
[2026-08-14 13:33:04.611] [info] [api.cc:223] - mul_pp, executed 25 times, duration 0.001090578s, send bytes 0 recv bytes 0, send actions 0, recv actions 0
[2026-08-14 13:33:04.611] [info] [api.cc:233] Link details: total send bytes 13348575544, recv bytes 12844985152, send actions 32003, recv actions 30628
