# timestamp_ms Rss_kB Anonymous_kB Filemapped_kB Shmem_kB
1785433531332 256540 159304 97236 0
1785433531416 256700 159464 97236 0
1785433531479 257900 160664 97236 0
1785433531541 259248 161300 97948 0
1785433531603 255820 160180 95640 0
1785433531667 252420 163636 88784 0
1785433531743 262832 164880 97952 0
1785433531805 262832 164880 97952 0
1785433531833 256444 165052 91392 0
1785433531894 275196 175164 100032 0
1785433531973 275632 175600 100032 0
1785433532038 275940 175908 100032 0
1785433532100 276648 176616 100032 0
1785433532163 268128 175676 92452 0
1785433532226 280092 176968 103124 0
1785433532290 281500 176976 104524 0
1785433532366 283296 176996 106300 0
1785433532427 285472 177044 108428 0
1785433532491 118976 83484 35492 0
1785433532573 373692 230664 143028 0
1785433532664 452584 269576 183008 0
1785433532755 480176 275760 204416 0
1785433532848 516956 294640 222316 0
1785433532944 551792 312592 239200 0
1785433533043 582696 326924 255772 0
1785433533138 605284 340096 265188 0
1785433533235 618664 347060 271604 0
1785433533330 631616 351424 280192 0
1785433533405 636956 354364 282592 0
1785433533500 639968 355196 284772 0
1785433533572 645308 358324 286984 0
1785433533647 658968 367268 291700 0
1785433533746 677492 376980 300512 0
1785433533852 688972 379892 309080 0
1785433533929 697368 384468 312900 0
1785433534028 712588 395344 317244 0
1785433534135 720964 395976 324988 0
1785433534220 729448 402264 327184 0
1785433534325 735700 404148 331552 0
1785433534405 741128 406068 335060 0
1785433534483 746608 409668 336940 0
1785433534563 750972 411048 339924 0
1785433534664 766188 421364 344824 0
1785433534744 773216 423172 350044 0
1785433534850 826412 451172 375240 0
1785433534960 878384 477544 400840 0
1785433535073 916500 495860 420640 0
1785433535189 955888 515632 440256 0
1785433535306 992076 533884 458192 0
1785433535427 1016864 545612 471252 0
1785433535543 1042300 561084 481216 0
1785433535664 1071072 573240 497832 0
1785433535783 1099480 588612 510868 0
1785433535906 1117000 597920 519080 0
1785433535997 1126536 600272 526264 0
1785433536103 705028 600808 104220 0
1785433536133 705664 600828 104836 0
1785433536167 708112 600844 107268 0
1785433536202 710604 600872 109732 0
1785433536234 713008 601428 111580 0
1785433536265 705412 600260 105152 0
1785433536298 732124 617180 114944 0
1785433536331 733592 617184 116408 0
1785433536363 735128 617184 117944 0
1785433536393 735288 617188 118100 0
1785433536423 735288 617188 118100 0
1785433536453 735288 617188 118100 0
1785433536485 735288 617188 118100 0
1785433536517 735288 617188 118100 0
1785433536550 735288 617188 118100 0
1785433536583 735288 617188 118100 0
1785433536616 734036 616108 117928 0
1785433536650 821088 702988 118100 0
1785433536684 853856 735756 118100 0
1785433536717 888244 770144 118100 0
1785433536750 972428 854328 118100 0
1785433536782 735292 617192 118100 0
1785433536814 735292 617192 118100 0
1785433536847 735292 617192 118100 0
1785433536879 735296 617196 118100 0
1785433536910 735296 617196 118100 0
1785433536942 735296 617196 118100 0
1785433536972 735296 617196 118100 0
1785433537003 735312 617212 118100 0
1785433537034 735776 617228 118548 0
1785433537064 735796 617248 118548 0
1785433537095 735796 617248 118548 0
1785433537128 735796 617248 118548 0
1785433537161 735796 617248 118548 0
1785433537195 735796 617248 118548 0
1785433537227 735796 617248 118548 0
1785433537261 733580 616172 117408 0
1785433537294 819552 701004 118548 0
1785433537327 854368 735820 118548 0
1785433537359 854368 735820 118548 0
1785433537391 845400 734652 110748 0
1785433537423 931768 813220 118548 0
1785433537456 972940 854392 118548 0
1785433537488 836088 728812 107276 0
1785433537518 802704 682572 120132 0
1785433537550 855952 735820 120132 0
1785433537583 797748 677616 120132 0
1785433537616 824400 704268 120132 0
1785433537651 990496 874304 116192 0
1785433537687 1013992 893596 120396 0
1785433537720 1030376 909980 120396 0
1785433537753 1044712 924316 120396 0
1785433537785 1059048 938652 120396 0
1785433537817 1073384 952988 120396 0
1785433537848 1087720 967324 120396 0
1785433537880 1102056 981660 120396 0
1785433537911 1114344 993948 120396 0
1785433537943 1130728 1010332 120396 0
1785433538014 1145064 1024668 120396 0
1785433538086 1161448 1041052 120396 0
1785433538172 1183000 1062604 120396 0
1785433538241 1199384 1078988 120396 0
1785433538327 1221912 1101516 120396 0
1785433538396 1238296 1117900 120396 0
1785433538480 1258776 1138380 120396 0
1785433538549 1275160 1154764 120396 0
1785433538635 1295640 1175244 120396 0
1785433538704 1312024 1191628 120396 0
1785433538792 1334552 1214156 120396 0
1785433538864 1406056 1285636 120420 0
1785433538962 911916 791496 120420 0
1785433538996 911916 791496 120420 0
1785433539029 911916 791496 120420 0
1785433539061 911916 791496 120420 0
1785433539093 911916 791496 120420 0
1785433539124 911920 791500 120420 0
1785433539157 911920 791500 120420 0
1785433539190 911764 791348 120416 0
1785433539220 930356 809936 120420 0
1785433539252 962624 841668 120956 0
1785433539286 976960 856004 120956 0
1785433539318 991296 870340 120956 0
1785433539349 1005632 884676 120956 0
1785433539382 951056 829728 121328 0
1785433539417 1084812 963076 121736 0
1785433539451 1099148 977412 121736 0
1785433539484 1108308 986572 121736 0
1785433539517 1124692 1002956 121736 0
1785433539550 1139028 1017292 121736 0
1785433539583 1153364 1031628 121736 0
1785433539616 1167700 1045964 121736 0
1785433539649 1184084 1062348 121736 0
1785433539682 1198420 1076684 121736 0
1785433539716 1212756 1091020 121736 0
1785433539749 1227092 1105356 121736 0
1785433539782 1243476 1121740 121736 0
1785433539815 1257812 1136076 121736 0
1785433539848 1272148 1150412 121736 0
1785433539881 1280020 1157952 122068 0
1785433539915 1280020 1157952 122068 0
1785433539945 1280020 1157952 122068 0
1785433539977 1280020 1157952 122068 0
1785433540007 1280020 1157952 122068 0
1785433540039 1280020 1157952 122068 0
1785433540069 1280020 1157952 122068 0
1785433540100 1280020 1157952 122068 0
1785433540132 1280020 1157952 122068 0
1785433540162 1280020 1157952 122068 0
1785433540192 1280020 1157952 122068 0
1785433540223 1280020 1157952 122068 0
1785433540254 1280020 1157952 122068 0
1785433540285 1280020 1157952 122068 0
1785433540316 1280020 1157952 122068 0
1785433540345 1318520 1196452 122068 0
1785433540379 1334904 1212836 122068 0
1785433540413 1349240 1227172 122068 0
1785433540446 1363576 1241508 122068 0
1785433540522 1571276 1449208 122068 0
1785433540612 1594460 1472392 122068 0
1785433540902 1610844 1488776 122068 0
1785433540990 1633372 1511304 122068 0
1785433541060 1649756 1527688 122068 0
1785433541145 1672284 1550216 122068 0
1785433541217 1686620 1564552 122068 0
1785433541305 1711196 1589128 122068 0
1785433541377 1727580 1605512 122068 0
1785433541466 1749808 1627740 122068 0
1785433541539 1766192 1644124 122068 0
1785433541628 1786672 1664604 122068 0
1785433541698 1803056 1680988 122068 0
1785433541783 1825584 1703516 122068 0
1785433541854 1841968 1719900 122068 0
1785433541940 1864496 1742428 122068 0
1785433542011 1880880 1758812 122068 0
1785433542099 1903408 1781340 122068 0
1785433542171 1941740 1819672 122068 0
1785433542271 1807400 1693388 114012 0
1785433542310 1834940 1712872 122068 0
1785433542345 1834940 1712872 122068 0
1785433542379 1834940 1712872 122068 0
1785433542410 1834940 1712872 122068 0
1785433542439 1660960 1538892 122068 0
1785433542472 1660960 1538892 122068 0
1785433542503 1660960 1538892 122068 0
1785433542534 1660960 1538892 122068 0
1785433542564 1660960 1538892 122068 0
1785433542594 1660960 1538892 122068 0
1785433542624 1660960 1538892 122068 0
1785433542655 1660960 1538892 122068 0
1785433542686 1660960 1538892 122068 0
1785433542716 1660960 1538892 122068 0
1785433542747 1660960 1538892 122068 0
1785433542777 1660960 1538892 122068 0
1785433542806 1660960 1538892 122068 0
1785433542835 1660960 1538892 122068 0
1785433542866 1660960 1538892 122068 0
1785433542896 1660960 1538892 122068 0
1785433542927 1660960 1538892 122068 0
1785433542957 1660960 1538892 122068 0
1785433542988 1660960 1538892 122068 0
1785433543018 1660960 1538892 122068 0
1785433543049 1660960 1538892 122068 0
1785433543080 1660960 1538892 122068 0
1785433543111 1660960 1538892 122068 0
1785433543141 1660960 1538892 122068 0
1785433543171 1660960 1538892 122068 0
1785433543202 1660960 1538892 122068 0
1785433543232 1660960 1538892 122068 0
1785433543262 1660960 1538892 122068 0
1785433543293 1660960 1538892 122068 0
1785433543323 1660960 1538892 122068 0
1785433543353 1660960 1538892 122068 0
1785433543384 1660960 1538892 122068 0
1785433543414 1660960 1538892 122068 0
1785433543445 1660960 1538892 122068 0
1785433543476 1660960 1538892 122068 0
1785433543507 1660960 1538892 122068 0
1785433543537 1660960 1538892 122068 0
1785433543568 1660960 1538892 122068 0
1785433543600 1660960 1538892 122068 0
1785433543630 1660960 1538892 122068 0
1785433543660 1660960 1538892 122068 0
1785433543689 1660960 1538892 122068 0
1785433543719 1660960 1538892 122068 0
1785433543750 1660960 1538892 122068 0
1785433543780 1660960 1538892 122068 0
1785433543812 1660960 1538892 122068 0
1785433543843 1660960 1538892 122068 0
1785433543873 1660960 1538892 122068 0
1785433543904 1226492 1104068 122424 0
1785433543936 1226900 1104080 122820 0
1785433543968 1226904 1104084 122820 0
1785433544000 1226904 1104084 122820 0
1785433544032 1226904 1104084 122820 0
1785433544066 1226904 1104084 122820 0
1785433544099 1226904 1104084 122820 0
1785433544133 1226904 1104084 122820 0
1785433544166 1226904 1104084 122820 0
1785433544200 1226904 1104084 122820 0
1785433544233 1226944 1104092 122852 0
1785433544266 1226944 1104092 122852 0
1785433544299 1226944 1104092 122852 0
1785433544333 1226948 1104096 122852 0
1785433544367 1227148 1104112 123036 0
1785433544401 1227312 1104124 123188 0
1785433544433 1227372 1104124 123248 0
1785433544465 1227376 1104124 123252 0
1785433544498 1227376 1104124 123252 0
1785433544530 1227376 1104124 123252 0
1785433544562 1227376 1104124 123252 0
1785433544594 1229432 1106180 123252 0
1785433544630 1229432 1106180 123252 0
1785433544662 1229432 1106180 123252 0
1785433544694 1229432 1106180 123252 0
1785433544728 1229432 1106180 123252 0
1785433544761 1229436 1106184 123252 0
1785433544795 1229436 1106184 123252 0
1785433544827 1229436 1106184 123252 0
1785433544860 1229440 1106188 123252 0
1785433544894 1229440 1106188 123252 0
1785433544927 1229440 1106188 123252 0
1785433544960 1229440 1106188 123252 0
1785433544995 1229440 1106188 123252 0
1785433545029 1229440 1106188 123252 0
1785433545063 1229440 1106188 123252 0
1785433545096 1229440 1106188 123252 0
1785433545129 1229440 1106188 123252 0
1785433545164 1229440 1106188 123252 0
1785433545197 1229440 1106188 123252 0
1785433545230 1229440 1106188 123252 0
1785433545265 1229648 1106188 123460 0
1785433545297 1229648 1106188 123460 0
1785433545330 1229648 1106188 123460 0
1785433545362 1229720 1106196 123524 0
1785433545395 1229720 1106196 123524 0
1785433545427 1229720 1106196 123524 0
1785433545460 1229720 1106196 123524 0
1785433545492 1229720 1106196 123524 0
1785433545525 1229720 1106196 123524 0
1785433545557 1229720 1106196 123524 0
1785433545590 1229720 1106196 123524 0
1785433545622 1229720 1106196 123524 0
1785433545654 1229720 1106196 123524 0
1785433545687 1229720 1106196 123524 0
1785433545720 1229720 1106196 123524 0
1785433545752 1229720 1106196 123524 0
1785433545785 1229720 1106196 123524 0
1785433545817 1229720 1106196 123524 0
1785433545850 1229720 1106196 123524 0
1785433545883 1229720 1106196 123524 0
1785433545915 1229724 1106200 123524 0
1785433545948 1229724 1106200 123524 0
1785433545981 1229724 1106200 123524 0
1785433546014 1229724 1106200 123524 0
1785433546047 1229724 1106200 123524 0
1785433546080 1229724 1106200 123524 0
1785433546112 1229724 1106200 123524 0
1785433546143 1229724 1106200 123524 0
1785433546176 1229724 1106200 123524 0
1785433546209 1229724 1106200 123524 0
1785433546241 1229724 1106200 123524 0
1785433546274 1229724 1106200 123524 0
1785433546306 1229724 1106200 123524 0
1785433546339 1229724 1106200 123524 0
1785433546372 1229724 1106200 123524 0
1785433546404 1229728 1106204 123524 0
1785433546436 1229728 1106204 123524 0
1785433546469 1229728 1106204 123524 0
1785433546502 1229728 1106204 123524 0
1785433546537 1229728 1106204 123524 0
1785433546570 1229728 1106204 123524 0
1785433546602 1229728 1106204 123524 0
1785433546635 1229732 1106208 123524 0
1785433546667 1229736 1106212 123524 0
1785433546699 1229736 1106212 123524 0
1785433546732 1229736 1106212 123524 0
1785433546763 1229736 1106212 123524 0
1785433546796 1229736 1106212 123524 0
1785433546828 1229736 1106212 123524 0
1785433546860 1229736 1106212 123524 0
1785433546893 1229740 1106216 123524 0
1785433546929 1231268 1107744 123524 0
1785433546962 1231268 1107744 123524 0
1785433546995 1231268 1107744 123524 0
1785433547029 1231268 1107744 123524 0
1785433547064 1231268 1107744 123524 0
1785433547098 1231268 1107744 123524 0
1785433547132 1231268 1107744 123524 0
1785433547166 1231272 1107748 123524 0
1785433547201 1231272 1107748 123524 0
1785433547235 1231272 1107748 123524 0
1785433547270 1231272 1107748 123524 0
1785433547304 1231272 1107748 123524 0
1785433547339 1231272 1107748 123524 0
1785433547374 1231272 1107748 123524 0
1785433547407 1231272 1107748 123524 0
1785433547439 1231272 1107748 123524 0
1785433547474 1231272 1107748 123524 0
1785433547507 1231272 1107748 123524 0
1785433547541 1231272 1107748 123524 0
1785433547575 1231272 1107748 123524 0
1785433547611 1231272 1107748 123524 0
1785433547645 1231272 1107748 123524 0
1785433547679 1231272 1107748 123524 0
1785433547713 1231272 1107748 123524 0
1785433547746 1231272 1107748 123524 0
1785433547780 1231272 1107748 123524 0
1785433547812 1231272 1107748 123524 0
1785433547847 1231272 1107748 123524 0
1785433547879 1231272 1107748 123524 0
1785433547912 1231272 1107748 123524 0
1785433547945 1231272 1107748 123524 0
1785433547981 1231272 1107748 123524 0
1785433548015 1231272 1107748 123524 0
1785433548048 1231272 1107748 123524 0
1785433548082 1231272 1107748 123524 0
1785433548115 1231272 1107748 123524 0
1785433548150 1231272 1107748 123524 0
1785433548185 1231272 1107748 123524 0
1785433548218 1231272 1107748 123524 0
1785433548251 1231272 1107748 123524 0
1785433548284 1231276 1107752 123524 0
1785433548318 1231276 1107752 123524 0
1785433548352 1231276 1107752 123524 0
1785433548386 1231276 1107752 123524 0
1785433548420 1231276 1107752 123524 0
1785433548456 1231276 1107752 123524 0
1785433548491 1231276 1107752 123524 0
1785433548523 1231276 1107752 123524 0
1785433548557 1231276 1107752 123524 0
1785433548590 1231276 1107752 123524 0
1785433548623 1231276 1107752 123524 0
1785433548657 1231276 1107752 123524 0
1785433548691 1231276 1107752 123524 0
1785433548726 1231276 1107752 123524 0
1785433548760 1231276 1107752 123524 0
1785433548794 1231276 1107752 123524 0
1785433548830 1231276 1107752 123524 0
1785433548864 1231276 1107752 123524 0
1785433548897 1231276 1107752 123524 0
1785433548932 1231276 1107752 123524 0
1785433548967 1231580 1107752 123828 0
1785433549003 1231628 1107752 123876 0
1785433549037 1231628 1107752 123876 0
1785433549070 1231628 1107752 123876 0
1785433549101 1231628 1107752 123876 0
1785433549136 1231628 1107752 123876 0
1785433549169 1231628 1107752 123876 0
1785433549199 1160960 1126252 34708 0
1785433549231 1275420 1155608 119812 0
1785433549271 1280712 1156788 123924 0
1785433549305 1280712 1156788 123924 0
1785433549339 1280712 1156788 123924 0
1785433549373 1280712 1156788 123924 0
1785433549405 1280712 1156788 123924 0
1785433549439 1280712 1156788 123924 0
1785433549473 1280712 1156788 123924 0
1785433549505 1280712 1156788 123924 0
1785433549538 1280712 1156788 123924 0
1785433549572 1280712 1156788 123924 0
1785433549606 1280712 1156788 123924 0
1785433549640 1280712 1156788 123924 0
1785433549675 1280712 1156788 123924 0
1785433549709 1280712 1156788 123924 0
1785433549743 1280712 1156788 123924 0
1785433549778 1280712 1156788 123924 0
1785433549812 1280712 1156788 123924 0
1785433549846 1280712 1156788 123924 0
1785433549879 1280828 1156904 123924 0
1785433549912 1086536 962376 124160 0
1785433549945 1086536 962376 124160 0
1785433549977 1086536 962376 124160 0
1785433550009 1086536 962376 124160 0
1785433550043 1086536 962376 124160 0
1785433550076 1086564 962404 124160 0
1785433550109 1086564 962404 124160 0
1785433550143 1086564 962404 124160 0
1785433550178 1086572 962412 124160 0
1785433550212 1086580 962420 124160 0
1785433550245 1086596 962436 124160 0
1785433550280 1086596 962436 124160 0
1785433550314 851380 726288 125092 0
1785433550347 851512 726288 125224 0
1785433550378 851512 726288 125224 0
1785433550409 851692 726288 125404 0
