SEEDED|srand=0x5eed|party=2
waiting for connection from client...connected
Offline Communication = 680448001 bytes
Offline Time = 1249.3 milliseconds
Online Rounds = 7072
Online Communication = 1732902933 B
Input Online Communication = 786433 B
Secfloat Online Communication = 0 B
Online Time = 21211.5 milliseconds
Key Read Time = 15636.6 milliseconds
Total Eigen Time = 1669.09 milliseconds
Key Read Time = 15636.6 milliseconds
Total Time (including Key Read) = 49122.7 milliseconds
packTime = 0 miliseconds
sendTime = 0 miliseconds
recvTime = 0 miliseconds
unpackTime = 0 miliseconds
reconsTime = 8884.37 miliseconds
accumulatedInputTimeOnline = 24.368 miliseconds
=========
GATE|wire|party=2|ops=7542|bytes=866837648|ordered=3b76e3f1fc87bbc8|commutative=7b6fcf7c3c4fb915
