# timestamp_ms Rss_kB Anonymous_kB Filemapped_kB Shmem_kB
1786774029304 440152 262684 177468 0
1786774029412 440328 262860 177468 0
1786774029481 440488 263020 177468 0
1786774029546 440652 263184 177468 0
1786774029628 444720 267252 177468 0
1786774029696 283312 196860 86452 0
1786774029784 399844 276256 123588 0
1786774029887 459204 279780 179424 0
1786774029952 421840 245996 175844 0
1786774030017 469212 314844 154368 0
1786774030119 536884 352400 184484 0
1786774030221 431632 343204 88428 0
1786774030323 614896 425120 189776 0
1786774030434 617528 425524 192004 0
1786774030519 621392 426604 194788 0
1786774030620 627268 428020 199248 0
1786774030737 633680 430084 203596 0
1786774030921 637980 432136 205844 0
1786774031028 654632 438600 216032 0
1786774031144 665592 439320 226272 0
1786774031268 665644 439372 226272 0
1786774031374 670176 439416 230760 0
1786774031467 675168 442164 233004 0
1786774031645 679464 444212 235252 0
1786774031737 685136 446300 238836 0
1786774031848 699336 448380 250956 0
1786774031972 702084 448520 253564 0
1786774032095 708836 450784 258052 0
1786774032196 711152 450856 260296 0
1786774032361 716140 453604 262536 0
1786774032468 729724 455072 274652 0
1786774032583 735920 455072 280848 0
1786774032700 738216 455128 283088 0
1786774032812 743080 455512 287568 0
1786774032921 744524 456956 287568 0
1786774033006 745436 457868 287568 0
1786774033117 748476 458664 289812 0
1786774033199 764668 460304 304364 0
1786774033374 768476 460344 308132 0
1786774033532 772452 460344 312108 0
1786774033605 775240 460376 314864 0
1786774033700 775536 460400 315136 0
1786774033811 779748 461364 318384 0
1786774033939 796496 461368 335128 0
1786774034106 800636 463616 337020 0
1786774034221 803548 463648 339900 0
1786774034307 806952 464812 342140 0
1786774034428 809300 464920 344380 0
1786774034534 818500 464956 353544 0
1786774034679 827488 465948 361540 0
1786774034804 835376 466040 369336 0
1786774035007 835472 466040 369432 0
1786774035105 835500 466068 369432 0
1786774035152 838540 466864 371676 0
1786774035269 849040 468212 380828 0
1786774035391 858960 468980 389980 0
1786774035584 865752 469036 396716 0
1786774035751 878144 470032 408112 0
1786774035946 888248 470980 417268 0
1786774036079 890616 471108 419508 0
1786774036178 896252 472264 423988 0
1786774036308 896296 472308 423988 0
1786774036464 898612 472380 426232 0
1786774036592 916928 472380 444548 0
1786774036772 924044 472764 451280 0
1786774036936 925392 474112 451280 0
1786774037052 927840 474316 453524 0
1786774037135 946152 474320 471832 0
1786774037300 950688 474376 476312 0
1786774037470 952928 474376 478552 0
1786774037592 955616 475144 480472 0
1786774037704 963592 476304 487288 0
1786774037840 971828 476304 495524 0
1786774037963 975436 476304 499132 0
1786774038063 977680 476304 501376 0
1786774038156 982168 476304 505864 0
1786774038311 982172 476308 505864 0
1786774038436 984500 476392 508108 0
1786774038556 1003772 477356 526416 0
1786774038718 1006832 477368 529464 0
1786774038802 1007456 477368 530088 0
1786774038908 1008740 477372 531368 0
1786774038988 1009784 477408 532376 0
1786774039065 1009808 477424 532384 0
1786774039145 1009832 477448 532384 0
1786774039225 1009852 477468 532384 0
1786774039307 1009864 477480 532384 0
1786774039387 1009880 477496 532384 0
1786774039496 1009896 477512 532384 0
1786774039576 1009908 477524 532384 0
1786774039654 1009916 477532 532384 0
1786774039735 1001396 472244 529152 0
1786774039816 1034848 490808 544040 0
1786774039909 1063392 505144 558248 0
1786774040033 1089248 517432 571816 0
1786774040154 1117792 531768 586024 0
1786774040279 1099996 479532 620464 0
1786774040311 1135036 525384 609652 0
1786774040446 1187072 566608 620464 0
1786774040581 1217180 617132 600048 0
1786774040727 1293540 673076 620464 0
1786774040876 1330408 709944 620464 0
1786774041025 1348840 728376 620464 0
1786774041176 1367272 746808 620464 0
1786774041295 1385704 765240 620464 0
1786774041420 1379168 762088 617080 0
1786774041543 1394932 774460 620472 0
1786774041682 1394932 774460 620472 0
1786774041877 1394932 774460 620472 0
1786774041955 1394932 774460 620472 0
1786774042039 1394932 774460 620472 0
1786774042085 1394932 774460 620472 0
1786774042172 1394932 774460 620472 0
1786774042269 1394932 774460 620472 0
1786774042329 1394932 774460 620472 0
1786774042404 1394932 774460 620472 0
1786774042461 1394932 774460 620472 0
1786774042512 1394932 774460 620472 0
1786774042588 1394932 774460 620472 0
1786774042659 1394932 774460 620472 0
1786774042749 1394932 774460 620472 0
1786774042850 1394932 774460 620472 0
1786774042937 1394932 774460 620472 0
1786774043032 1394932 774460 620472 0
1786774043121 1394932 774460 620472 0
1786774043182 1394932 774460 620472 0
1786774043259 1394932 774460 620472 0
1786774043344 1394932 774460 620472 0
1786774043426 1394932 774460 620472 0
1786774043496 1394932 774460 620472 0
1786774043562 1394932 774460 620472 0
1786774043638 1394932 774460 620472 0
1786774043729 1394932 774460 620472 0
1786774043801 1394932 774460 620472 0
1786774043861 1394932 774460 620472 0
1786774043934 1394932 774460 620472 0
1786774044022 1394932 774460 620472 0
1786774044127 1394932 774460 620472 0
1786774044210 1394932 774460 620472 0
1786774044270 1394932 774460 620472 0
1786774044372 1394932 774460 620472 0
1786774044455 1394932 774460 620472 0
1786774044534 1394932 774460 620472 0
1786774044591 1394932 774460 620472 0
1786774044649 1394932 774460 620472 0
1786774044714 1394932 774460 620472 0
1786774044820 1394932 774460 620472 0
1786774044873 1394932 774460 620472 0
1786774044939 1394932 774460 620472 0
1786774045033 1394932 774460 620472 0
1786774045123 1394932 774460 620472 0
1786774045195 1394932 774460 620472 0
1786774045256 1394932 774460 620472 0
1786774045339 1394932 774460 620472 0
1786774045415 1394932 774460 620472 0
1786774045476 1394932 774460 620472 0
1786774045534 1394932 774460 620472 0
1786774045586 1394932 774460 620472 0
1786774045660 1394932 774460 620472 0
1786774045738 1393236 772764 620472 0
1786774045788 1240896 1047432 193464 0
1786774045934 2182860 1562388 620472 0
1786774046088 1847952 1271116 576836 0
1786774046238 1907664 1399488 508176 0
1786774046302 2471956 1851484 620472 0
1786774046360 1103092 482240 620852 0
1786774046583 1103092 482240 620852 0
1786774046656 1103092 482240 620852 0
1786774046744 1103096 482244 620852 0
1786774046830 1103104 482252 620852 0
1786774046912 1103104 482252 620852 0
1786774047008 1103116 482264 620852 0
1786774047118 1103116 482264 620852 0
1786774047167 1103116 482264 620852 0
1786774047244 1103116 482264 620852 0
1786774047321 1103116 482264 620852 0
1786774047395 1103116 482264 620852 0
1786774047466 1103116 482264 620852 0
1786774047532 1103116 482264 620852 0
1786774047619 1103116 482264 620852 0
1786774047693 1103116 482264 620852 0
1786774047785 1103116 482264 620852 0
1786774047869 1103116 482264 620852 0
1786774047935 1103120 482268 620852 0
1786774048023 1103124 482272 620852 0
1786774048074 1103128 482276 620852 0
1786774048110 1103132 482280 620852 0
1786774048192 1103132 482280 620852 0
1786774048272 1103132 482280 620852 0
1786774048352 1103132 482280 620852 0
1786774048388 1103132 482280 620852 0
1786774048461 1103132 482280 620852 0
1786774048557 1103132 482280 620852 0
1786774048635 1103132 482280 620852 0
1786774048727 1103900 483048 620852 0
1786774048801 1104672 483820 620852 0
1786774048878 1105052 484200 620852 0
1786774048963 1105052 484200 620852 0
1786774049050 1105052 484200 620852 0
1786774049127 1105052 484200 620852 0
1786774049194 1105052 484200 620852 0
1786774049260 1105052 484200 620852 0
1786774049311 1105052 484200 620852 0
1786774049392 1105052 484200 620852 0
1786774049482 1105052 484200 620852 0
1786774049546 1105052 484200 620852 0
1786774049614 1105052 484200 620852 0
1786774049682 1105052 484200 620852 0
1786774049785 1105052 484200 620852 0
1786774049857 1105052 484200 620852 0
1786774049923 1105052 484200 620852 0
1786774049984 1105052 484200 620852 0
1786774050047 1105052 484200 620852 0
1786774050098 1105052 484200 620852 0
1786774050167 1105052 484200 620852 0
1786774050241 1105052 484200 620852 0
1786774050291 1105052 484200 620852 0
1786774050377 1105052 484200 620852 0
1786774050469 1105052 484200 620852 0
1786774050525 1105052 484200 620852 0
1786774050580 1105052 484200 620852 0
1786774050664 1105120 484268 620852 0
1786774050766 1105120 484268 620852 0
1786774050823 1105120 484268 620852 0
1786774050880 1105120 484268 620852 0
1786774050920 1105120 484268 620852 0
1786774050969 1105120 484268 620852 0
1786774051004 1101592 482144 619448 0
1786774051038 1105628 484388 621240 0
1786774051071 1105636 484396 621240 0
1786774051105 1105640 484400 621240 0
1786774051138 1105644 484404 621240 0
1786774051172 1105648 484408 621240 0
1786774051206 1105656 484416 621240 0
1786774051239 1105660 484420 621240 0
1786774051273 1105664 484424 621240 0
1786774051307 1105664 484424 621240 0
1786774051341 1105668 484428 621240 0
1786774051376 1105668 484428 621240 0
1786774051411 1105676 484436 621240 0
1786774051447 1056672 482636 574036 0
1786774051482 1051532 492040 559492 0
1786774051516 1142372 525120 617252 0
1786774051552 1073148 497652 575496 0
1786774051587 1173816 559616 614200 0
1786774051623 1193424 578152 615272 0
1786774051658 1130208 554560 575648 0
1786774051694 1236908 619352 617556 0
1786774051730 1173592 591688 581904 0
1786774051765 1181080 608764 572316 0
1786774051801 1199216 627052 572164 0
1786774051836 1223160 646732 576428 0
1786774051871 1335964 714724 621240 0
1786774051907 1272068 659344 612724 0
1786774051943 1345180 723940 621240 0
1786774051978 1354396 733156 621240 0
1786774052014 1354396 733156 621240 0
1786774052051 1351004 729764 621240 0
1786774052088 1363612 742372 621240 0
1786774052126 1363612 742372 621240 0
1786774052163 1372828 751588 621240 0
1786774052222 1372828 751588 621240 0
1786774052273 1372828 751588 621240 0
1786774052381 1372828 751588 621240 0
1786774052446 1372828 751588 621240 0
1786774052545 1372828 751588 621240 0
1786774052640 1372828 751588 621240 0
1786774052702 1372828 751588 621240 0
1786774052844 1372828 751588 621240 0
1786774052943 1372828 751588 621240 0
1786774053021 1372828 751588 621240 0
1786774053102 1372828 751588 621240 0
1786774053181 1372828 751588 621240 0
1786774053261 1372828 751588 621240 0
1786774053345 1372828 751588 621240 0
1786774053460 1372828 751588 621240 0
1786774053514 1372828 751588 621240 0
1786774053579 1372828 751588 621240 0
1786774053622 1372828 751588 621240 0
1786774053702 1372828 751588 621240 0
1786774053786 1372828 751588 621240 0
1786774053900 1372828 751588 621240 0
1786774053992 1372828 751588 621240 0
1786774054106 1372828 751588 621240 0
1786774054196 1372828 751588 621240 0
1786774054254 1372828 751588 621240 0
1786774054317 1372828 751588 621240 0
1786774054413 1372828 751588 621240 0
1786774054521 1372828 751588 621240 0
1786774054590 1372828 751588 621240 0
1786774054708 1372828 751588 621240 0
1786774054773 1372828 751588 621240 0
1786774054832 1372828 751588 621240 0
1786774054897 1372828 751588 621240 0
1786774054971 1372828 751588 621240 0
1786774055046 1372828 751588 621240 0
1786774055111 1372828 751588 621240 0
1786774055167 1372828 751588 621240 0
1786774055253 1372828 751588 621240 0
1786774055314 1372828 751588 621240 0
1786774055369 1372828 751588 621240 0
1786774055416 1372828 751588 621240 0
1786774055493 1372828 751588 621240 0
1786774055547 1372828 751588 621240 0
1786774055627 1372828 751588 621240 0
1786774055686 1372828 751588 621240 0
1786774055750 1372828 751588 621240 0
1786774055812 1372828 751588 621240 0
1786774055886 1372828 751588 621240 0
1786774055997 1372828 751588 621240 0
1786774056047 1372828 751588 621240 0
1786774056113 1372828 751588 621240 0
1786774056175 1372828 751588 621240 0
1786774056242 1372828 751588 621240 0
1786774056320 1372828 751588 621240 0
1786774056378 1372828 751588 621240 0
1786774056453 1372828 751588 621240 0
1786774056519 1372828 751588 621240 0
1786774056585 1372828 751588 621240 0
1786774056653 1372828 751588 621240 0
1786774056732 1372828 751588 621240 0
1786774056772 1372828 751588 621240 0
1786774056846 1372828 751588 621240 0
1786774056932 1372828 751588 621240 0
1786774056985 1372828 751588 621240 0
1786774057040 1372828 751588 621240 0
1786774057099 1372828 751588 621240 0
1786774057164 1372828 751588 621240 0
1786774057218 1372828 751588 621240 0
1786774057283 1372828 751588 621240 0
1786774057355 1372828 751588 621240 0
1786774057420 1372828 751588 621240 0
1786774057492 1372828 751588 621240 0
1786774057570 1372828 751588 621240 0
1786774057675 1372828 751588 621240 0
1786774057724 1372828 751588 621240 0
1786774057780 1372828 751588 621240 0
1786774057859 1372828 751588 621240 0
1786774057931 1372828 751588 621240 0
1786774058010 1372828 751588 621240 0
1786774058123 1372828 751588 621240 0
1786774058186 1372828 751588 621240 0
1786774058307 1372828 751588 621240 0
1786774058398 1372828 751588 621240 0
1786774058506 1372828 751588 621240 0
1786774058605 1372828 751588 621240 0
1786774058710 1372828 751588 621240 0
1786774058792 1372828 751588 621240 0
1786774058845 1372828 751588 621240 0
1786774058907 1372828 751588 621240 0
1786774058981 1372828 751588 621240 0
1786774059069 1372828 751588 621240 0
1786774059130 1372828 751588 621240 0
1786774059198 1372828 751588 621240 0
1786774059264 1372828 751588 621240 0
1786774059358 1372828 751588 621240 0
1786774059454 1372828 751588 621240 0
1786774059540 1372828 751588 621240 0
1786774059654 1372828 751588 621240 0
1786774059752 1372828 751588 621240 0
1786774059845 1372828 751588 621240 0
1786774059932 1372828 751588 621240 0
1786774059993 1372828 751588 621240 0
1786774060067 1372828 751588 621240 0
1786774060161 1372828 751588 621240 0
1786774060256 1372828 751588 621240 0
1786774060330 1372828 751588 621240 0
1786774060381 1372828 751588 621240 0
1786774060452 1372828 751588 621240 0
1786774060553 1372828 751588 621240 0
1786774060639 1372828 751588 621240 0
1786774060694 1370284 749044 621240 0
1786774060762 873648 796552 77096 0
1786774060793 1177468 983560 193908 0
1786774060821 1851432 1230192 621240 0
1786774060856 2083484 1462628 620856 0
1786774060889 2315212 1693972 621240 0
1786774060923 1786660 1165420 621240 0
1786774060957 1859932 1246404 613528 0
1786774060990 1970404 1351580 618824 0
1786774061027 2047704 1446880 600824 0
1786774061064 2440236 1818996 621240 0
1786774061101 2075776 1543028 532748 0
1786774061133 2615948 1998420 617528 0
1786774061274 1109232 909920 199312 0
1786774061300 1215732 1016420 199312 0
1786774061324 1099224 899912 199312 0
1786774061350 1195136 1024692 170444 0
1786774061374 1298236 1117252 180984 0
1786774061400 1329604 1182980 146624 0
1786774061425 1336900 1226492 110408 0
1786774061450 1558656 1381876 176780 0
1786774061476 1560184 1424624 135560 0
1786774061502 1610984 1497664 113320 0
1786774061529 1902920 1703608 199312 0
1786774061557 1393500 1194188 199312 0
1786774061591 1421352 1221760 199592 0
1786774061620 1460276 1260684 199592 0
1786774061649 1501236 1301644 199592 0
1786774061677 1540156 1340564 199592 0
1786774061705 1578868 1379276 199592 0
1786774061733 1617788 1418196 199592 0
1786774061761 1656700 1457108 199592 0
1786774061788 1695624 1496032 199592 0
1786774061816 1734536 1534944 199592 0
1786774061846 1481204 1281612 199592 0
1786774061882 1481204 1281612 199592 0
1786774061922 1481212 1281620 199592 0
1786774061968 1481212 1281620 199592 0
1786774062017 1481220 1281628 199592 0
1786774062069 1481220 1281628 199592 0
1786774062106 1481220 1281628 199592 0
1786774062143 1481236 1281644 199592 0
1786774062191 1481248 1281656 199592 0
1786774062226 1481256 1281664 199592 0
1786774062256 1499692 1300100 199592 0
1786774062292 1499708 1300116 199592 0
1786774062335 1499716 1300124 199592 0
1786774062371 1518152 1318560 199592 0
1786774062408 1459596 1289744 169852 0
1786774062449 1536600 1337008 199592 0
1786774062492 1536604 1337012 199592 0
1786774062528 1502236 1306920 195316 0
1786774062558 1566688 1371136 195552 0
1786774062593 1610340 1410748 199592 0
1786774062629 1610344 1410752 199592 0
1786774062666 1628780 1429188 199592 0
1786774062700 1647212 1447620 199592 0
1786774062748 1647216 1447624 199592 0
1786774062781 1673528 1473936 199592 0
1786774062812 1702520 1502928 199592 0
1786774062848 1674196 1493212 180984 0
1786774062892 1739392 1539800 199592 0
1786774062925 1757828 1558236 199592 0
1786774062967 1757832 1558240 199592 0
1786774063017 1618776 1491540 127236 0
1786774063056 1813140 1613548 199592 0
1786774063098 1813148 1613556 199592 0
1786774063128 1813152 1613560 199592 0
1786774063165 1813152 1613560 199592 0
1786774063196 1831588 1631996 199592 0
1786774063240 1831596 1632004 199592 0
1786774063275 1796524 1601868 194656 0
1786774063306 1886900 1687308 199592 0
1786774063357 1886908 1687316 199592 0
1786774063403 1886908 1687316 199592 0
1786774063436 1742556 1615284 127272 0
1786774063466 1871876 1699936 171940 0
1786774063496 1965724 1706456 259268 0
1786774063526 1696324 1591008 105316 0
1786774063553 1705424 1476776 228648 0
1786774063582 1877608 1670172 207436 0
1786774063612 1683288 1467208 216080 0
1786774063645 1612904 1453512 159392 0
1786774063676 1492752 1392400 100352 0
1786774063704 1745032 1478512 266520 0
1786774063736 1557484 1425664 131820 0
1786774063765 1648248 1426136 222112 0
1786774063795 1463920 1361624 102296 0
1786774063824 1796148 1481800 314348 0
1786774063856 1799888 1483904 315984 0
1786774063887 1799888 1483904 315984 0
1786774063917 1799888 1483904 315984 0
1786774063948 1673628 1357644 315984 0
1786774063978 740072 510932 229140 0
1786774064006 833760 516172 317588 0
1786774064035 854488 531280 323208 0
1786774064064 866820 536908 329912 0
1786774064094 793304 536160 257144 0
1786774064130 920896 570204 350692 0
1786774064161 925104 574412 350692 0
1786774064191 925104 574412 350692 0
1786774064222 919420 568724 350696 0
1786774064252 919440 568744 350696 0
1786774064283 919440 568744 350696 0
1786774064313 917632 566936 350696 0
1786774064342 919440 568744 350696 0
1786774064373 919448 568752 350696 0
1786774064403 919448 568752 350696 0
1786774064433 919448 568752 350696 0
1786774064463 919452 568756 350696 0
1786774064494 919452 568756 350696 0
1786774064525 919452 568756 350696 0
1786774064556 919452 568756 350696 0
1786774064587 919456 568760 350696 0
1786774064618 919456 568760 350696 0
1786774064649 919456 568760 350696 0
1786774064680 919456 568760 350696 0
1786774064711 919456 568760 350696 0
1786774064742 919456 568760 350696 0
1786774064772 919456 568760 350696 0
1786774064803 919456 568760 350696 0
1786774064833 919456 568760 350696 0
1786774064862 919456 568760 350696 0
1786774064892 919456 568760 350696 0
1786774064922 919456 568760 350696 0
1786774064953 919456 568760 350696 0
1786774064982 919456 568760 350696 0
1786774065012 919460 568764 350696 0
1786774065042 919460 568764 350696 0
1786774065072 919456 568760 350696 0
1786774065102 919460 568764 350696 0
1786774065132 919460 568764 350696 0
1786774065161 919460 568764 350696 0
1786774065191 919460 568764 350696 0
1786774065221 919460 568764 350696 0
1786774065251 919460 568764 350696 0
1786774065281 919460 568764 350696 0
1786774065310 919460 568764 350696 0
1786774065340 919460 568764 350696 0
1786774065370 919460 568764 350696 0
1786774065399 917652 566956 350696 0
1786774065429 917652 566956 350696 0
1786774065459 917652 566956 350696 0
1786774065488 919460 568764 350696 0
1786774065518 919460 568764 350696 0
1786774065548 919460 568764 350696 0
1786774065577 919460 568764 350696 0
1786774065607 919464 568768 350696 0
1786774065637 919464 568768 350696 0
1786774065667 919460 568764 350696 0
1786774065697 919460 568764 350696 0
1786774065726 919460 568764 350696 0
1786774065756 919460 568764 350696 0
1786774065785 919460 568764 350696 0
1786774065814 919460 568764 350696 0
1786774065844 919460 568764 350696 0
1786774065874 919460 568764 350696 0
1786774065904 919460 568764 350696 0
1786774065934 919460 568764 350696 0
1786774065963 919460 568764 350696 0
1786774065993 919468 568772 350696 0
1786774066022 919468 568772 350696 0
1786774066052 919596 568772 350824 0
1786774066081 925512 574268 351244 0
1786774066112 925512 574268 351244 0
1786774066142 925508 574264 351244 0
1786774066172 925520 574276 351244 0
1786774066201 925520 574276 351244 0
1786774066231 925520 574276 351244 0
1786774066261 925520 574276 351244 0
1786774066290 925520 574276 351244 0
1786774066320 925520 574276 351244 0
1786774066350 925520 574276 351244 0
1786774066380 925520 574276 351244 0
1786774066410 925516 574272 351244 0
1786774066439 925516 574272 351244 0
1786774066469 925516 574272 351244 0
1786774066498 925516 574272 351244 0
1786774066528 925516 574272 351244 0
1786774066558 925516 574272 351244 0
1786774066588 925516 574272 351244 0
1786774066618 925516 574272 351244 0
1786774066648 925516 574272 351244 0
1786774066677 925516 574272 351244 0
1786774066707 925516 574272 351244 0
1786774066737 925516 574272 351244 0
1786774066767 925516 574272 351244 0
1786774066796 925516 574272 351244 0
1786774066826 925516 574272 351244 0
1786774066855 925516 574272 351244 0
1786774066885 925516 574272 351244 0
1786774066915 925516 574272 351244 0
1786774066944 925520 574276 351244 0
1786774066974 925520 574276 351244 0
1786774067004 925520 574276 351244 0
1786774067033 925520 574276 351244 0
1786774067063 925520 574276 351244 0
1786774067093 925520 574276 351244 0
1786774067123 925520 574276 351244 0
1786774067152 925520 574276 351244 0
1786774067182 925520 574276 351244 0
1786774067212 925520 574276 351244 0
1786774067241 925520 574276 351244 0
1786774067271 925520 574276 351244 0
1786774067301 925520 574276 351244 0
1786774067331 925516 574272 351244 0
1786774067360 925516 574272 351244 0
1786774067390 925516 574272 351244 0
1786774067419 952288 599692 352596 0
1786774067449 976584 621368 355216 0
1786774067480 999308 643052 356256 0
1786774067510 999356 643100 356256 0
1786774067541 999640 643160 356480 0
1786774067572 999816 643336 356480 0
1786774067603 1000732 643444 357288 0
1786774067634 1015444 657956 357488 0
1786774067665 703924 547804 156120 0
1786774067694 1030364 659852 370512 0
1786774067725 1030892 660284 370608 0
1786774067756 1030892 660284 370608 0
1786774067788 1030900 660292 370608 0
1786774067819 1030916 660308 370608 0
1786774067851 1030928 660320 370608 0
1786774067882 1030944 660336 370608 0
1786774067913 1030944 660336 370608 0
1786774067945 1030944 660336 370608 0
1786774067976 962852 615104 347748 0
1786774068007 1064140 660764 403376 0
1786774068038 1064140 660764 403376 0
1786774068070 1064140 660764 403376 0
1786774068102 1064140 660764 403376 0
1786774068134 1064140 660764 403376 0
1786774068166 1065020 660844 404176 0
1786774068198 1072612 667156 405456 0
1786774068229 1072684 667228 405456 0
1786774068261 1072720 667264 405456 0
1786774068292 1072732 667276 405456 0
1786774068323 1072760 667304 405456 0
1786774068354 1072800 667344 405456 0
1786774068386 1072800 667344 405456 0
1786774068418 1072800 667344 405456 0
1786774068450 1072800 667344 405456 0
1786774068481 1072800 667344 405456 0
1786774068513 1072816 667360 405456 0
1786774068546 1072832 667376 405456 0
1786774068578 1072836 667380 405456 0
1786774068609 1072840 667384 405456 0
1786774068641 1072848 667392 405456 0
1786774068673 1072848 667392 405456 0
1786774068705 975984 647124 328860 0
1786774068736 1072904 667448 405456 0
1786774068768 1072904 667448 405456 0
1786774068799 1072904 667448 405456 0
1786774068830 1072904 667448 405456 0
1786774068861 1072916 667460 405456 0
1786774068892 1072932 667476 405456 0
1786774068923 1072936 667480 405456 0
1786774068955 1072976 667520 405456 0
1786774068986 1072976 667520 405456 0
1786774069018 1072976 667520 405456 0
1786774069050 1072976 667520 405456 0
1786774069082 1072992 667536 405456 0
1786774069114 1073008 667552 405456 0
1786774069146 1073016 667560 405456 0
1786774069178 1073016 667560 405456 0
1786774069209 1073024 667568 405456 0
1786774069242 1073024 667568 405456 0
1786774069276 1073244 667788 405456 0
1786774069310 1073244 667788 405456 0
1786774069343 1073244 667788 405456 0
1786774069376 1073244 667788 405456 0
1786774069409 1073248 667792 405456 0
1786774069442 1073276 667820 405456 0
1786774069474 1073276 667820 405456 0
1786774069506 1073316 667860 405456 0
1786774069539 1073316 667860 405456 0
1786774069571 1073316 667860 405456 0
1786774069603 1073316 667860 405456 0
1786774069635 1073316 667860 405456 0
1786774069667 1073328 667872 405456 0
1786774069699 1073344 667888 405456 0
1786774069731 1073380 667924 405456 0
1786774069763 1073380 667924 405456 0
1786774069794 1073384 667928 405456 0
1786774069826 1073384 667928 405456 0
1786774069858 1073384 667928 405456 0
1786774069908 1073564 668108 405456 0
1786774069942 1073564 668108 405456 0
1786774069974 1073564 668108 405456 0
1786774070007 1073568 668112 405456 0
1786774070039 1073588 668132 405456 0
1786774070072 1073592 668136 405456 0
1786774070104 1073620 668164 405456 0
1786774070137 1073620 668164 405456 0
1786774070169 1073620 668164 405456 0
1786774070201 1073620 668164 405456 0
1786774070233 1073636 668180 405456 0
1786774070265 1073652 668196 405456 0
1786774070296 1073652 668196 405456 0
1786774070329 1073652 668196 405456 0
1786774070360 1073668 668212 405456 0
1786774070393 1073764 668308 405456 0
1786774070425 1073764 668308 405456 0
1786774070457 1073764 668308 405456 0
1786774070490 1073764 668308 405456 0
1786774070522 1073764 668308 405456 0
1786774070555 1073764 668308 405456 0
1786774070587 1073764 668308 405456 0
1786774070619 1073772 668316 405456 0
1786774070651 1073792 668336 405456 0
1786774070683 1073800 668344 405456 0
1786774070715 1073816 668360 405456 0
1786774070747 1073816 668360 405456 0
1786774070780 1073816 668360 405456 0
1786774070812 1073824 668368 405456 0
1786774070845 1073836 668380 405456 0
1786774070877 1073856 668400 405456 0
1786774070908 1073864 668408 405456 0
1786774070940 1073864 668408 405456 0
1786774070972 1073872 668416 405456 0
1786774071003 1073884 668428 405456 0
1786774071036 738508 552908 185600 0
1786774071065 1074080 668624 405456 0
1786774071097 1074080 668624 405456 0
1786774071130 1074080 668624 405456 0
1786774071163 1074080 668624 405456 0
1786774071212 1074108 668652 405456 0
1786774071245 1074112 668656 405456 0
1786774071277 1074124 668668 405456 0
1786774071310 1074144 668688 405456 0
1786774071343 1074144 668688 405456 0
1786774071375 1074144 668688 405456 0
1786774071407 1074144 668688 405456 0
1786774071439 1074152 668696 405456 0
1786774071470 1074164 668708 405456 0
1786774071503 1074172 668716 405456 0
1786774071533 1074172 668716 405456 0
1786774071565 1074184 668728 405456 0
1786774071596 1074192 668736 405456 0
1786774071629 1074192 668736 405456 0
1786774071662 1074344 668888 405456 0
1786774071695 1074344 668888 405456 0
1786774071727 1074344 668888 405456 0
1786774071759 1074344 668888 405456 0
1786774071791 1074344 668888 405456 0
1786774071823 1074356 668900 405456 0
1786774071855 1074372 668916 405456 0
1786774071888 1074408 668952 405456 0
1786774071920 1074408 668952 405456 0
1786774071953 1074408 668952 405456 0
1786774071985 1074408 668952 405456 0
1786774072017 1074408 668952 405456 0
1786774072049 1074416 668960 405456 0
1786774072081 1074428 668972 405456 0
1786774072113 1074440 668984 405456 0
1786774072144 1074440 668984 405456 0
1786774072176 1074448 668992 405456 0
1786774072207 1074460 669004 405456 0
1786774072240 1074460 669004 405456 0
1786774072272 1074608 669152 405456 0
1786774072304 1074608 669152 405456 0
1786774072336 965200 620264 344936 0
1786774072367 1074608 669152 405456 0
1786774072400 1074608 669152 405456 0
1786774072432 1074636 669180 405456 0
1786774072464 1074636 669180 405456 0
1786774072496 1074656 669200 405456 0
1786774072528 1074688 669232 405456 0
1786774072560 1074688 669232 405456 0
1786774072593 1074688 669232 405456 0
1786774072625 1074688 669232 405456 0
1786774072657 1074688 669232 405456 0
1786774072691 1074704 669248 405456 0
1786774072723 1074708 669252 405456 0
1786774072755 1074708 669252 405456 0
1786774072786 1074720 669264 405456 0
1786774072818 1074728 669272 405456 0
1786774072850 1074728 669272 405456 0
1786774072882 1074728 669272 405456 0
1786774072914 837856 603940 233916 0
1786774072943 1075108 669652 405456 0
1786774072977 1075108 669652 405456 0
1786774073008 1075108 669652 405456 0
1786774073040 1075112 669656 405456 0
1786774073072 1075112 669656 405456 0
1786774073104 1075112 669656 405456 0
1786774073137 1075124 669668 405456 0
1786774073169 1075128 669672 405456 0
1786774073202 1075128 669672 405456 0
1786774073234 1075128 669672 405456 0
1786774073266 1075128 669672 405456 0
1786774073298 1075132 669676 405456 0
1786774073330 1075148 669692 405456 0
1786774073362 1075160 669704 405456 0
1786774073394 1075160 669704 405456 0
1786774073426 1075160 669704 405456 0
1786774073458 1075160 669704 405456 0
1786774073490 1075160 669704 405456 0
1786774073523 1075160 669704 405456 0
1786774073555 1075160 669704 405456 0
1786774073588 1075228 669772 405456 0
1786774073620 1075228 669772 405456 0
1786774073652 1075236 669780 405456 0
1786774073684 1075236 669780 405456 0
1786774073716 1075252 669796 405456 0
1786774073748 1075260 669804 405456 0
1786774073780 1075260 669804 405456 0
1786774073812 1075260 669804 405456 0
1786774073844 1075272 669816 405456 0
1786774073876 1075284 669828 405456 0
1786774073908 1075300 669844 405456 0
1786774073941 1075312 669856 405456 0
1786774073972 1075312 669856 405456 0
1786774074004 1075336 669880 405456 0
1786774074036 1075336 669880 405456 0
1786774074068 1075336 669880 405456 0
1786774074102 1075624 670168 405456 0
1786774074134 1075624 670168 405456 0
1786774074167 1075624 670168 405456 0
1786774074199 1075624 670168 405456 0
1786774074231 1075624 670168 405456 0
1786774074263 1075624 670168 405456 0
1786774074295 1075632 670176 405456 0
1786774074327 1075632 670176 405456 0
1786774074359 1075664 670208 405456 0
1786774074391 1075672 670216 405456 0
1786774074424 1075672 670216 405456 0
1786774074457 1075672 670216 405456 0
1786774074489 1075680 670224 405456 0
1786774074520 1075692 670236 405456 0
1786774074552 1075712 670256 405456 0
1786774074583 1075724 670268 405456 0
1786774074615 1075724 670268 405456 0
1786774074646 1075732 670276 405456 0
1786774074678 1075740 670284 405456 0
1786774074710 1075740 670284 405456 0
1786774074745 1075900 670444 405456 0
1786774074777 1075900 670444 405456 0
1786774074809 1075900 670444 405456 0
1786774074841 1075900 670444 405456 0
1786774074874 1075900 670444 405456 0
1786774074906 1075900 670444 405456 0
1786774074938 1076084 670452 405632 0
1786774074970 1081344 675200 406144 0
1786774075002 1081372 675228 406144 0
1786774075034 1082776 675704 407072 0
1786774075067 1086416 678920 407496 0
1786774075100 1086604 678920 407684 0
1786774075133 1086604 678920 407684 0
1786774075168 1086608 678924 407684 0
1786774075201 1086608 678924 407684 0
1786774075235 1086612 678928 407684 0
1786774075268 1086612 678928 407684 0
1786774075301 1086616 678932 407684 0
1786774075333 1086628 678944 407684 0
1786774075365 1086628 678944 407684 0
1786774075396 976084 676380 299704 0
1786774075429 1094636 676380 418256 0
1786774075462 1094760 676380 418380 0
1786774075496 1115440 676380 439060 0
1786774075530 1116052 676484 439568 0
