# timestamp_ms Rss_kB Anonymous_kB Filemapped_kB Shmem_kB
1790703056880 228508 220976 7532 0
1790703056910 228508 220976 7532 0
1790703056937 228508 220976 7532 0
1790703056957 228508 220976 7532 0
1790703056978 267476 259944 7532 0
1790703057006 308424 300892 7532 0
1790703057036 320800 313268 7532 0
1790703057063 320800 313268 7532 0
1790703057084 320800 313268 7532 0
1790703057104 320800 313268 7532 0
1790703057125 320800 313268 7532 0
1790703057146 320800 313268 7532 0
1790703057166 320800 313268 7532 0
1790703057187 320800 313268 7532 0
1790703057208 357716 350184 7532 0
1790703057235 378228 370696 7532 0
1790703057263 378228 370696 7532 0
1790703057283 378228 370696 7532 0
1790703057304 378228 370696 7532 0
1790703057325 378228 370696 7532 0
1790703057346 382252 374720 7532 0
1790703057366 427460 419928 7532 0
1790703057396 443876 436344 7532 0
1790703057424 443876 436344 7532 0
1790703057444 443876 436344 7532 0
1790703057466 455892 447924 7968 0
1790703057518 455892 447924 7968 0
1790703057539 455892 447924 7968 0
1790703057560 455892 447924 7968 0
1790703057581 455896 447928 7968 0
1790703057602 455896 447928 7968 0
1790703057624 455896 447928 7968 0
1790703057646 455896 447928 7968 0
1790703057667 455896 447928 7968 0
1790703057688 455896 447928 7968 0
1790703057710 455896 447928 7968 0
1790703057731 455896 447928 7968 0
1790703057752 455896 447928 7968 0
1790703057773 455896 447928 7968 0
1790703057794 455896 447928 7968 0
1790703057815 455896 447928 7968 0
1790703057836 455896 447928 7968 0
1790703057858 455896 447928 7968 0
1790703057879 455896 447928 7968 0
1790703057900 455896 447928 7968 0
1790703057921 455896 447928 7968 0
1790703057942 455896 447928 7968 0
1790703057964 455896 447928 7968 0
1790703057985 455896 447928 7968 0
1790703058006 455896 447928 7968 0
1790703058027 455896 447928 7968 0
1790703058056 458408 449256 9152 0
1790703058083 463384 449996 13388 0
1790703058105 463908 450096 13812 0
1790703058127 463908 450096 13812 0
1790703058149 463908 450096 13812 0
1790703058170 463908 450096 13812 0
1790703058192 463908 450096 13812 0
1790703058213 463908 450096 13812 0
1790703058234 463908 450096 13812 0
1790703058255 463908 450096 13812 0
1790703058277 463976 450152 13824 0
1790703058297 463976 450152 13824 0
1790703058318 523864 450540 73324 0
1790703058349 523864 450540 73324 0
1790703058370 523864 450540 73324 0
1790703058392 523864 450540 73324 0
1790703058414 524016 450676 73340 0
1790703058436 524276 450904 73372 0
1790703058460 524432 451044 73388 0
1790703058482 524432 451044 73388 0
1790703058503 519416 448520 70896 0
1790703058527 524720 451296 73424 0
1790703058549 72776 3372 69404 0
1790703058570 554896 462864 92032 0
1790703058602 544508 457740 86768 0
1790703058634 853932 750496 103436 0
1790703058667 1322924 1219488 103436 0
1790703058701 1630128 1526692 103436 0
1790703058739 1790112 1686572 103540 0
1790703058777 1894116 1790576 103540 0
1790703058815 1967104 1866260 100844 0
1790703058855 2099132 1995592 103540 0
1790703058899 2138560 2018504 120056 0
1790703058945 2138776 2018512 120264 0
1790703058974 2138776 2018512 120264 0
1790703059002 2138776 2018512 120264 0
1790703059032 2138776 2018512 120264 0
1790703059061 2082108 1978296 103812 0
1790703059094 2140220 2019488 120732 0
1790703059123 2140224 2019488 120736 0
1790703059151 2140224 2019488 120736 0
1790703059180 2140224 2019488 120736 0
1790703059208 2140224 2019488 120736 0
1790703059237 2140224 2019488 120736 0
1790703059265 2140264 2019488 120776 0
1790703059294 2140264 2019488 120776 0
1790703059322 2140264 2019488 120776 0
1790703059350 2140264 2019488 120776 0
1790703059379 2140276 2019488 120788 0
1790703059407 2140292 2019488 120804 0
1790703059442 2140628 2019728 120900 0
1790703059471 2140808 2019728 121080 0
1790703059500 2140812 2019728 121084 0
1790703059529 2140812 2019728 121084 0
1790703059558 2140812 2019728 121084 0
1790703059588 2140812 2019728 121084 0
1790703059617 2140812 2019728 121084 0
1790703059647 2140812 2019728 121084 0
1790703059675 2140812 2019728 121084 0
1790703059704 2140812 2019728 121084 0
1790703059732 2140812 2019728 121084 0
1790703059761 2140812 2019728 121084 0
1790703059789 2140812 2019728 121084 0
1790703059818 2140812 2019728 121084 0
1790703059846 2140812 2019728 121084 0
1790703059875 2140812 2019728 121084 0
1790703059903 2140820 2019728 121092 0
1790703059933 2141124 2019968 121156 0
1790703059963 2141136 2019968 121168 0
1790703059992 2141140 2019968 121172 0
1790703060021 2141140 2019968 121172 0
1790703060050 2141140 2019968 121172 0
1790703060079 2141140 2019968 121172 0
1790703060108 2141156 2019968 121188 0
1790703060136 2141184 2019968 121216 0
1790703060164 2141184 2019968 121216 0
1790703060193 2141184 2019968 121216 0
1790703060222 2141184 2019968 121216 0
1790703060251 2141196 2019968 121228 0
1790703060279 2141200 2019968 121232 0
1790703060308 2141460 2020208 121252 0
1790703060337 2141612 2020208 121404 0
1790703060382 2141620 2020208 121412 0
1790703060410 2141620 2020208 121412 0
1790703060439 2141620 2020208 121412 0
1790703060468 2141620 2020208 121412 0
1790703060498 2141620 2020208 121412 0
1790703060526 2141620 2020208 121412 0
1790703060555 2141620 2020208 121412 0
1790703060583 2141620 2020208 121412 0
1790703060613 2141620 2020208 121412 0
1790703060641 2141620 2020208 121412 0
1790703060670 2141620 2020208 121412 0
1790703060699 2141620 2020208 121412 0
1790703060728 2141620 2020208 121412 0
1790703060758 2141620 2020208 121412 0
1790703060787 2141636 2020208 121428 0
1790703060816 2141636 2020208 121428 0
1790703060848 2141832 2020388 121444 0
1790703060889 2141836 2020388 121448 0
1790703060918 2141836 2020388 121448 0
1790703060947 2141836 2020388 121448 0
1790703060976 2141836 2020388 121448 0
1790703061005 2141836 2020388 121448 0
1790703061033 2141868 2020388 121480 0
1790703061062 2141868 2020388 121480 0
1790703061092 2141868 2020388 121480 0
1790703061120 2141868 2020388 121480 0
1790703061149 2141876 2020388 121488 0
1790703061178 2141880 2020388 121492 0
1790703061207 2142112 2020596 121516 0
1790703061237 2142208 2020628 121580 0
1790703061266 2142336 2020628 121708 0
1790703061295 2142336 2020628 121708 0
1790703061324 2142336 2020628 121708 0
1790703061352 2142336 2020628 121708 0
1790703061381 2142336 2020628 121708 0
1790703061410 2142336 2020628 121708 0
1790703061439 2142336 2020628 121708 0
1790703061468 2142336 2020628 121708 0
1790703061497 2142336 2020628 121708 0
1790703061526 2142336 2020628 121708 0
1790703061555 2142336 2020628 121708 0
1790703061584 2142336 2020628 121708 0
1790703061612 2142336 2020628 121708 0
1790703061642 2142336 2020628 121708 0
1790703061671 2142336 2020628 121708 0
1790703061708 2142608 2020868 121740 0
1790703061736 2142620 2020868 121752 0
1790703061765 2142620 2020868 121752 0
1790703061794 2142620 2020868 121752 0
1790703061823 2142620 2020868 121752 0
1790703061852 2142620 2020868 121752 0
1790703061881 2142672 2020868 121804 0
1790703061910 2142672 2020868 121804 0
1790703061939 2142672 2020868 121804 0
1790703061968 2142672 2020868 121804 0
1790703061997 2142672 2020868 121804 0
1790703062026 2142688 2020868 121820 0
1790703062054 2109488 1993796 115692 0
1790703062089 2142944 2021048 121896 0
1790703062118 2143048 2021048 122000 0
1790703062147 2143048 2021048 122000 0
1790703062176 2143048 2021048 122000 0
1790703062204 2143048 2021048 122000 0
1790703062233 2143048 2021048 122000 0
1790703062262 2143048 2021048 122000 0
1790703062291 2143048 2021048 122000 0
1790703062320 2143048 2021048 122000 0
1790703062349 2143048 2021048 122000 0
1790703062395 2143048 2021048 122000 0
1790703062424 2143048 2021048 122000 0
1790703062452 2143048 2021048 122000 0
1790703062481 2143048 2021048 122000 0
1790703062511 2143048 2021048 122000 0
1790703062545 2143368 2021352 122016 0
1790703062575 2143392 2021352 122040 0
1790703062614 2143392 2021352 122040 0
1790703062643 2143392 2021352 122040 0
1790703062672 2143392 2021352 122040 0
1790703062701 2143392 2021352 122040 0
1790703062731 2143392 2021352 122040 0
1790703062759 2143432 2021352 122080 0
1790703062788 2143432 2021352 122080 0
1790703062817 2143432 2021352 122080 0
1790703062848 2143432 2021352 122080 0
1790703062877 2143440 2021352 122088 0
1790703062905 2143440 2021352 122088 0
1790703062937 2143772 2021676 122096 0
1790703062972 2143896 2021676 122220 0
1790703063002 2143940 2021676 122264 0
1790703063030 2143940 2021676 122264 0
1790703063059 2143940 2021676 122264 0
1790703063088 2143940 2021676 122264 0
1790703063117 2143940 2021676 122264 0
1790703063146 2143940 2021676 122264 0
1790703063177 2143940 2021676 122264 0
1790703063205 2143940 2021676 122264 0
1790703063234 2143940 2021676 122264 0
1790703063262 2143940 2021676 122264 0
1790703063291 2143940 2021676 122264 0
1790703063320 2143940 2021676 122264 0
1790703063349 2143940 2021676 122264 0
1790703063377 2143940 2021676 122264 0
1790703063406 2143940 2021676 122264 0
1790703063438 2144276 2021976 122300 0
1790703063467 2144284 2021976 122308 0
1790703063496 2144284 2021976 122308 0
1790703063525 2144284 2021976 122308 0
1790703063553 2144284 2021976 122308 0
1790703063582 2144284 2021976 122308 0
1790703063611 2144324 2021976 122348 0
1790703063640 2144324 2021976 122348 0
1790703063670 2144324 2021976 122348 0
1790703063699 2144324 2021976 122348 0
1790703063727 2144324 2021976 122348 0
1790703063756 2144336 2021976 122360 0
1790703063785 1327848 1221544 106304 0
1790703063820 2144704 2022320 122384 0
1790703063850 2144824 2022320 122504 0
1790703063881 2144840 2022320 122520 0
1790703063910 2144840 2022320 122520 0
1790703063938 2144840 2022320 122520 0
1790703063967 2144840 2022320 122520 0
1790703063996 2144840 2022320 122520 0
1790703064025 2144840 2022320 122520 0
1790703064053 2144840 2022320 122520 0
1790703064082 2144840 2022320 122520 0
1790703064111 2144840 2022320 122520 0
1790703064140 2144840 2022320 122520 0
1790703064168 2144840 2022320 122520 0
1790703064197 2144840 2022320 122520 0
1790703064226 2144840 2022320 122520 0
1790703064255 2144840 2022320 122520 0
1790703064284 2139436 2022056 117380 0
1790703064322 2145232 2022672 122560 0
1790703064352 2145232 2022672 122560 0
1790703064380 2145232 2022672 122560 0
1790703064409 2145232 2022672 122560 0
1790703064438 2145232 2022672 122560 0
1790703064467 2145252 2022672 122580 0
1790703064496 2145260 2022672 122588 0
1790703064525 2145260 2022672 122588 0
1790703064554 2145260 2022672 122588 0
1790703064583 2145260 2022672 122588 0
1790703064612 2145268 2022672 122596 0
1790703064642 2110808 1995116 115692 0
1790703064676 2145656 2023016 122640 0
1790703064705 2145716 2023016 122700 0
1790703064734 2145716 2023016 122700 0
1790703064764 2145744 2023016 122728 0
1790703064793 2145744 2023016 122728 0
1790703064822 2145744 2023016 122728 0
1790703064868 2145744 2023016 122728 0
1790703064897 2145744 2023016 122728 0
1790703064926 2145744 2023016 122728 0
1790703064955 2145744 2023016 122728 0
1790703064984 2145744 2023016 122728 0
1790703065012 2145744 2023016 122728 0
1790703065041 2145744 2023016 122728 0
1790703065070 2145744 2023016 122728 0
1790703065099 2145744 2023016 122728 0
1790703065128 1306456 1211636 94820 0
1790703065162 2146060 2023304 122756 0
1790703065191 2146060 2023304 122756 0
1790703065220 2146060 2023304 122756 0
1790703065248 2146060 2023304 122756 0
1790703065277 2146068 2023304 122764 0
1790703065307 2146084 2023304 122780 0
1790703065336 2146084 2023304 122780 0
1790703065364 2146084 2023304 122780 0
1790703065393 2146092 2023304 122788 0
1790703065422 2146096 2023304 122792 0
1790703065457 2146484 2023652 122832 0
1790703065486 2146592 2023652 122940 0
1790703065516 2146592 2023652 122940 0
1790703065545 2146592 2023652 122940 0
1790703065573 2146592 2023652 122940 0
1790703065601 2146592 2023652 122940 0
1790703065630 2146592 2023652 122940 0
1790703065658 2146592 2023652 122940 0
1790703065687 2146592 2023652 122940 0
1790703065716 2146592 2023652 122940 0
1790703065745 2146592 2023652 122940 0
1790703065773 2146592 2023652 122940 0
1790703065802 2146592 2023652 122940 0
1790703065831 2146592 2023652 122940 0
1790703065860 2112744 2019448 93296 0
1790703065889 2146976 2024004 122972 0
1790703065919 2146980 2024004 122976 0
1790703065948 2146980 2024004 122976 0
1790703065977 2146980 2024004 122976 0
1790703066006 2146980 2024004 122976 0
1790703066035 2147004 2024004 123000 0
1790703066064 2147004 2024004 123000 0
1790703066093 2147004 2024004 123000 0
1790703066122 2147004 2024004 123000 0
1790703066151 2147016 2024004 123012 0
1790703066179 2090224 1994080 96144 0
1790703066214 2147468 2024348 123120 0
1790703066244 2147516 2024348 123168 0
1790703066273 2147516 2024348 123168 0
1790703066318 2147516 2024348 123168 0
1790703066347 2147516 2024348 123168 0
1790703066376 2147516 2024348 123168 0
1790703066405 2147516 2024348 123168 0
1790703066434 2147516 2024348 123168 0
1790703066463 2147516 2024348 123168 0
1790703066491 2147516 2024348 123168 0
1790703066521 2147516 2024348 123168 0
1790703066550 2147516 2024348 123168 0
1790703066579 2147516 2024348 123168 0
1790703066608 2147840 2024640 123200 0
1790703066637 2147844 2024640 123204 0
1790703066666 2147844 2024640 123204 0
1790703066695 2147844 2024640 123204 0
1790703066723 2147844 2024640 123204 0
1790703066752 2147880 2024640 123240 0
1790703066781 2147880 2024640 123240 0
1790703066810 2147880 2024640 123240 0
1790703066839 2147880 2024640 123240 0
1790703066867 2147892 2024640 123252 0
1790703066896 2134820 2022472 112348 0
1790703066931 2148336 2024988 123348 0
1790703066960 2148368 2024988 123380 0
1790703066989 2148368 2024988 123380 0
1790703067019 2148368 2024988 123380 0
1790703067048 2148368 2024988 123380 0
1790703067077 2148368 2024988 123380 0
1790703067106 2148368 2024988 123380 0
1790703067135 2148368 2024988 123380 0
1790703067164 2148368 2024988 123380 0
1790703067192 2148368 2024988 123380 0
1790703067221 2148368 2024988 123380 0
1790703067250 2148368 2024988 123380 0
1790703067279 2148368 2024988 123380 0
1790703067310 2141696 2024688 117008 0
1790703067345 2148748 2025340 123408 0
1790703067374 2148748 2025340 123408 0
1790703067403 2148748 2025340 123408 0
1790703067432 2148748 2025340 123408 0
1790703067461 2148748 2025340 123408 0
1790703067490 2148748 2025340 123408 0
1790703067519 2148784 2025340 123444 0
1790703067549 2148784 2025340 123444 0
1790703067577 2148784 2025340 123444 0
1790703067606 2148784 2025340 123444 0
1790703067636 2148792 2025340 123452 0
1790703067665 2148792 2025340 123452 0
1790703067694 2149180 2025684 123496 0
1790703067723 2149288 2025684 123604 0
1790703067752 2149288 2025684 123604 0
1790703067780 2149288 2025684 123604 0
1790703067809 2149288 2025684 123604 0
1790703067838 2149288 2025684 123604 0
1790703067867 2149288 2025684 123604 0
1790703067896 2149288 2025684 123604 0
1790703067925 2149288 2025684 123604 0
1790703067954 2149288 2025684 123604 0
1790703067983 2149288 2025684 123604 0
1790703068012 2149288 2025684 123604 0
1790703068041 2149288 2025684 123604 0
1790703068071 2149288 2025684 123604 0
1790703068099 2149600 2025972 123628 0
1790703068128 2149604 2025972 123632 0
1790703068158 2149604 2025972 123632 0
1790703068187 2149604 2025972 123632 0
1790703068216 2149604 2025972 123632 0
1790703068245 2149624 2025972 123652 0
1790703068274 2149624 2025972 123652 0
1790703068303 2149624 2025972 123652 0
1790703068332 2149624 2025972 123652 0
1790703068361 2149636 2025972 123664 0
1790703068390 2149636 2025972 123664 0
1790703068419 2150776 2027084 123692 0
1790703068448 2150776 2027084 123692 0
1790703068474 2150776 2027084 123692 0
1790703068501 1102300 978572 123728 0
1790703068530 1102360 978572 123788 0
1790703068557 1102360 978572 123788 0
1790703068583 1102360 978572 123788 0
1790703068609 1102360 978572 123788 0
1790703068635 1102360 978572 123788 0
1790703068661 1102360 978572 123788 0
1790703068688 1102360 978572 123788 0
1790703068714 1102360 978572 123788 0
1790703068741 1102360 978572 123788 0
1790703068769 1102360 978572 123788 0
1790703068795 1102360 978572 123788 0
1790703068822 1102360 978572 123788 0
1790703068849 1102360 978572 123788 0
1790703068876 1102360 978572 123788 0
1790703068902 1102360 978572 123788 0
1790703068928 1102360 978572 123788 0
1790703068955 1102360 978572 123788 0
1790703068981 1102360 978572 123788 0
1790703069007 1102360 978572 123788 0
1790703069034 1102360 978572 123788 0
1790703069060 1102360 978572 123788 0
1790703069086 1102360 978572 123788 0
1790703069112 1102360 978572 123788 0
1790703069140 1102360 978572 123788 0
1790703069166 1102360 978572 123788 0
1790703069193 1102360 978572 123788 0
1790703069219 1102360 978572 123788 0
1790703069245 1102360 978572 123788 0
1790703069271 1102360 978572 123788 0
1790703069297 1102360 978572 123788 0
1790703069324 1102360 978572 123788 0
1790703069350 1102360 978572 123788 0
1790703069376 1102360 978572 123788 0
1790703069402 1102360 978572 123788 0
1790703069428 1102360 978572 123788 0
1790703069454 1102360 978572 123788 0
1790703069480 1102360 978572 123788 0
1790703069506 1096044 978380 117664 0
1790703069532 1236264 1109684 126580 0
1790703069559 1254468 1109692 144776 0
1790703069588 1274320 1109692 164628 0
1790703069616 1292352 1109744 182608 0
1790703069644 1315104 1109744 205360 0
1790703069672 1337964 1109744 228220 0
1790703069701 1360984 1109744 251240 0
1790703069729 1384052 1109744 274308 0
1790703069758 1407416 1109744 297672 0
1790703069788 1431180 1109744 321436 0
1790703069817 1448916 1109748 339168 0
1790703069847 1473116 1109748 363368 0
1790703069877 1495368 1109748 385620 0
1790703069908 1520004 1109748 410256 0
1790703069938 1544624 1109748 434876 0
1790703069969 1569556 1109748 459808 0
1790703070001 1591788 1109748 482040 0
1790703070032 1617424 1109748 507676 0
1790703070064 1639968 1109796 530172 0
1790703070096 1664344 1109796 554548 0
1790703070129 1685008 1109804 575204 0
1790703070161 1704388 1109804 594584 0
1790703070193 1728928 1109804 619124 0
1790703070227 1752444 1109804 642640 0
1790703070261 1776040 1109804 666236 0
1790703070296 1799144 1109856 689288 0
1790703070330 1823992 1109944 714048 0
1790703070365 1848668 1109992 738676 0
1790703070400 1871272 1110012 761260 0
1790703070435 1894408 1110020 784388 0
1790703070470 1917900 1110020 807880 0
1790703070506 1946924 1110020 836904 0
1790703070541 1974084 1110020 864064 0
1790703070577 1998492 1110020 888472 0
1790703070613 2028136 1110020 918116 0
1790703070650 1768276 1110020 658256 0
1790703070685 1236056 1110140 125916 0
1790703070723 1236060 1110140 125920 0
1790703070791 1236108 1110140 125968 0
1790703070851 1237648 1110140 127508 0
1790703070897 1252876 1110140 142736 0
1790703070926 1273836 1110140 163696 0
1790703070955 1293640 1110140 183500 0
1790703070985 1316340 1110140 206200 0
1790703071015 1337160 1110140 227020 0
1790703071045 1359792 1110140 249652 0
1790703071075 1383504 1110140 273364 0
1790703071106 1406016 1110140 295876 0
1790703071136 1429572 1110140 319432 0
1790703071166 1453440 1110140 343300 0
1790703071197 1477484 1110140 367344 0
1790703071228 1499668 1110140 389528 0
1790703071260 1519592 1110140 409452 0
1790703071291 1539752 1110140 429612 0
1790703071323 1236020 1110140 125880 0
1790703071352 1255832 1110140 145692 0
1790703071381 1278576 1110140 168436 0
1790703071411 1301780 1110140 191640 0
1790703071441 1325356 1110140 215216 0
1790703071471 1349092 1110140 238952 0
1790703071502 1372936 1110140 262796 0
1790703071532 1396772 1110140 286632 0
1790703071563 1255284 961876 293408 0
1790703071594 1434496 1110180 324316 0
1790703071624 1456040 1110180 345860 0
1790703071655 1235988 1110180 125808 0
1790703071685 1255764 1110180 145584 0
1790703071714 1273668 1110180 163488 0
1790703071745 1297252 1110180 187072 0
1790703071775 1319996 1110180 209816 0
1790703071808 1236228 1110252 125976 0
1790703071857 1236228 1110252 125976 0
1790703071915 1236244 1110252 125992 0
1790703071959 1236256 1110252 126004 0
1790703072012 1249636 1110252 139384 0
1790703072043 1265680 1110252 155428 0
1790703072073 1284680 1110252 174428 0
1790703072103 1308256 1110252 198004 0
1790703072134 1328800 1110252 218548 0
1790703072165 1353032 1110252 242780 0
1790703072196 1377812 1110252 267560 0
1790703072228 1400584 1110252 290332 0
1790703072259 1420548 1110252 310296 0
1790703072292 1440768 1110252 330516 0
1790703072324 1460156 1110252 349904 0
1790703072357 1480572 1110252 370320 0
1790703072390 1504944 1110252 394692 0
1790703072423 1528324 1110252 418072 0
1790703072455 1554528 1110252 444276 0
1790703072489 1581028 1110252 470776 0
1790703072522 1607096 1110252 496844 0
1790703072556 1630208 1110252 519956 0
1790703072589 1656532 1110252 546280 0
1790703072623 1681240 1110252 570988 0
1790703072658 1706344 1110252 596092 0
1790703072693 1721256 1110252 611004 0
1790703072728 1749024 1110252 638772 0
1790703072764 1776688 1110252 666436 0
1790703072799 1804920 1110252 694668 0
1790703072836 1831028 1110252 720776 0
1790703072872 1856508 1110252 746256 0
1790703072909 1882464 1110252 772212 0
1790703072946 1903108 1110252 792856 0
1790703072983 1930956 1110252 820704 0
1790703073020 1957072 1110252 846820 0
1790703073058 1984968 1110252 874716 0
1790703073096 2007736 1110252 897484 0
1790703073136 2034364 1110252 924112 0
1790703073176 2061848 1110252 951596 0
1790703073215 1606024 1110252 495772 0
1790703073257 1236492 1110328 126164 0
1790703073301 1236492 1110328 126164 0
1790703073379 1236516 1110328 126188 0
1790703073448 1246828 1110328 136500 0
1790703073482 1267140 1110328 156812 0
1790703073514 1289264 1110328 178936 0
1790703073545 1314164 1110328 203836 0
1790703073577 1337588 1110328 227260 0
1790703073610 1363320 1110328 252992 0
1790703073643 1389816 1110328 279488 0
1790703073676 1416324 1110328 305996 0
1790703073709 1443048 1110328 332720 0
1790703073743 1469416 1110328 359088 0
1790703073777 1496076 1110328 385748 0
1790703073811 1523340 1110328 413012 0
1790703073845 1547580 1110328 437252 0
1790703073880 1246820 1110328 136492 0
1790703073912 1271192 1110328 160864 0
1790703073944 1296740 1110328 186412 0
1790703073976 1322392 1110328 212064 0
1790703074009 1348372 1110328 238044 0
1790703074041 1374544 1110328 264216 0
1790703074074 1400696 1110328 290368 0
1790703074107 1423556 1110328 313228 0
1790703074141 1448024 1110328 337696 0
1790703074174 1312824 1110328 202496 0
1790703074208 1256172 1110328 145844 0
1790703074241 1274328 1110328 164000 0
1790703074274 1300876 1110328 190548 0
1790703074307 1234688 1110328 124360 0
1790703074340 1236644 1110392 126252 0
1790703074443 1236668 1110392 126276 0
1790703074519 1249336 1110392 138944 0
1790703074553 1266928 1110392 156536 0
1790703074585 1289188 1110392 178796 0
1790703074618 1314988 1110392 204596 0
1790703074651 1338984 1110392 228592 0
1790703074684 1365044 1110392 254652 0
1790703074718 1391344 1110392 280952 0
1790703074752 1417556 1110392 307164 0
1790703074787 1444232 1110392 333840 0
1790703074822 1470904 1110392 360512 0
1790703074857 1494792 1110392 384400 0
1790703074893 1520384 1110392 409992 0
1790703074929 1548308 1110392 437916 0
1790703074964 1575540 1110392 465148 0
1790703075000 1601760 1110392 491368 0
1790703075036 1627604 1110392 517212 0
1790703075072 1655912 1110392 545520 0
1790703075108 1682136 1110392 571744 0
1790703075145 1707376 1110392 596984 0
1790703075182 1727192 1110392 616800 0
1790703075219 1756236 1110392 645844 0
1790703075256 1785376 1110392 674984 0
1790703075294 1815268 1110392 704876 0
1790703075331 1842696 1110392 732304 0
1790703075370 1869824 1110392 759432 0
1790703075409 1898832 1110392 788440 0
1790703075447 1919784 1110392 809392 0
1790703075486 1947408 1110392 837016 0
1790703075526 1977996 1110392 867604 0
1790703075565 2006984 1110392 896592 0
1790703075605 2034848 1110392 924456 0
1790703075645 2066992 1110392 956600 0
1790703075686 1373724 1110392 263332 0
1790703075728 1236924 1110464 126460 0
1790703075798 1236944 1110464 126480 0
1790703075856 1236948 1110464 126484 0
1790703075924 1255744 1110464 145280 0
1790703075959 1282252 1110464 171788 0
1790703075994 1306132 1110464 195668 0
1790703076029 1332832 1110464 222368 0
1790703076064 1359100 1110464 248636 0
1790703076100 1387284 1110464 276820 0
1790703076135 1415236 1110464 304772 0
1790703076171 1443492 1110464 333028 0
1790703076208 1471948 1110464 361484 0
1790703076244 1500360 1110464 389896 0
1790703076281 1528332 1110464 417868 0
1790703076317 1393276 1110464 282812 0
1790703076353 1256764 1110464 146300 0
1790703076389 1284568 1110464 174104 0
1790703076424 1311820 1110464 201356 0
1790703076460 1339528 1110464 229064 0
1790703076496 1367404 1110464 256940 0
1790703076532 1395580 1110464 285116 0
1790703076568 1420204 1110464 309740 0
1790703076605 1447328 1110464 336864 0
1790703076641 1274460 1110464 163996 0
1790703076677 1257364 1110464 146900 0
1790703076712 1279600 1110464 169136 0
1790703076747 1307756 1110464 197292 0
1790703076782 1236908 1110528 126380 0
1790703076829 1237048 1110528 126520 0
1790703076897 1237064 1110528 126536 0
1790703076954 1237072 1110528 126544 0
1790703077015 1251752 1110528 141224 0
1790703077052 1269432 1110528 158904 0
1790703077089 1292528 1110528 182000 0
1790703077125 1316372 1110528 205844 0
1790703077162 1339668 1110528 229140 0
1790703077199 1364560 1110528 254032 0
1790703077237 1390076 1110528 279548 0
1790703077274 1415376 1110528 304848 0
1790703077312 1440500 1110528 329972 0
1790703077349 1462996 1110528 352468 0
1790703077387 1484980 1110528 374452 0
1790703077426 1513600 1110528 403072 0
1790703077463 1541884 1110528 431356 0
1790703077501 1572172 1110528 461644 0
1790703077539 1602820 1110528 492292 0
1790703077578 1631816 1110528 521288 0
1790703077617 1662252 1110528 551724 0
1790703077656 1691704 1110528 581176 0
1790703077695 1717632 1110528 607104 0
1790703077735 1741272 1110528 630744 0
1790703077774 1773572 1110528 663044 0
1790703077815 1805644 1110528 695116 0
1790703077856 1836876 1110528 726348 0
1790703077897 1865084 1110528 754556 0
1790703077939 1894912 1110528 784384 0
1790703077980 1917640 1110528 807112 0
1790703078021 1947176 1110528 836648 0
1790703078064 1976172 1110528 865644 0
1790703078107 2004712 1110528 894184 0
1790703078150 2033900 1110528 923372 0
1790703078193 2068264 1110528 957736 0
1790703078236 1235468 1110528 124940 0
1790703078273 1237404 1110604 126800 0
1790703078332 1237424 1110604 126820 0
1790703078449 1246752 1110604 136148 0
1790703078492 1271556 1110604 160952 0
1790703078529 1297808 1110604 187204 0
1790703078567 1327076 1110604 216472 0
1790703078604 1353768 1110604 243164 0
1790703078642 1383012 1110604 272408 0
1790703078680 1412932 1110604 302328 0
1790703078719 1440052 1110604 329448 0
1790703078757 1464060 1110604 353456 0
1790703078797 1489380 1110604 378776 0
1790703078836 1515092 1110604 404488 0
1790703078876 1540408 1110604 429804 0
1790703078916 1245412 1110604 134808 0
1790703078953 1273348 1110604 162744 0
1790703078990 1302892 1110604 192288 0
1790703079028 1332816 1110604 222212 0
1790703079066 1362928 1110604 252324 0
1790703079104 1392944 1110604 282340 0
1790703079142 1420632 1110604 310028 0
1790703079181 1449284 1110604 338680 0
1790703079219 1237848 1110604 127244 0
1790703079257 1259024 1110604 148420 0
1790703079294 1286992 1110604 176388 0
1790703079332 1317160 1110604 206556 0
1790703079371 1237580 1110672 126908 0
1790703079425 1237580 1110672 126908 0
1790703079480 1237604 1110672 126932 0
1790703079557 1250196 1110672 139524 0
1790703079603 1272192 1110672 161520 0
1790703079642 1299264 1110672 188592 0
1790703079681 1327332 1110672 216660 0
1790703079720 1358000 1110672 247328 0
1790703079759 1386644 1110672 275972 0
1790703079798 1412204 1110672 301532 0
1790703079838 1437416 1110672 326744 0
1790703079878 1463216 1110672 352544 0
1790703079936 1502968 1110672 392296 0
1790703079976 1533388 1110672 422716 0
1790703080017 1565564 1110672 454892 0
1790703080058 1598220 1110672 487548 0
1790703080099 1628260 1110672 517588 0
1790703080141 1661176 1110672 550504 0
1790703080182 1692328 1110672 581656 0
1790703080224 1719012 1110672 608340 0
1790703080267 1746832 1110672 636160 0
1790703080309 1780972 1110672 670300 0
1790703080352 1815156 1110672 704484 0
1790703080395 1846192 1110672 735520 0
1790703080439 1877212 1110672 766540 0
1790703080483 1904384 1110672 793712 0
1790703080526 1934352 1110672 823680 0
1790703080570 1966120 1110672 855448 0
1790703080614 2000880 1110672 890208 0
1790703080659 2029992 1110672 919320 0
1790703080703 2065676 1110672 955004 0
1790703080749 1235944 1110672 125272 0
1790703080788 1237880 1110744 127136 0
1790703080843 1237900 1110744 127156 0
1790703080924 1237904 1110744 127160 0
1790703080994 1263324 1110744 152580 0
1790703081036 1290632 1110744 179888 0
1790703081077 1322708 1110744 211964 0
1790703081118 1352196 1110744 241452 0
1790703081159 1384528 1110744 273784 0
1790703081200 1417208 1110744 306464 0
1790703081241 1450060 1110744 339316 0
1790703081283 1483524 1110744 372780 0
1790703081325 1516952 1110744 406208 0
1790703081367 1547580 1110744 436836 0
1790703081410 1254372 1110744 143628 0
1790703081451 1287192 1110744 176448 0
1790703081491 1319884 1110744 209140 0
1790703081532 1352816 1110744 242072 0
1790703081573 1386236 1110744 275492 0
1790703081615 1416988 1110744 306244 0
1790703081657 1448172 1110744 337428 0
1790703081699 1239832 1110744 129088 0
1790703081740 1264496 1110744 153752 0
1790703081781 1295420 1110744 184676 0
1790703081822 1236116 1110744 125372 0
1790703081870 1238044 1110812 127232 0
1790703081946 1238064 1110812 127252 0
1790703082033 1238072 1110812 127260 0
1790703082090 1267044 1110812 156232 0
1790703082131 1290384 1110812 179572 0
1790703082172 1321480 1110812 210668 0
1790703082214 1354064 1110812 243252 0
1790703082255 1387424 1110812 276612 0
1790703082298 1421088 1110812 310276 0
1790703082340 1453844 1110812 343032 0
1790703082383 1481212 1110812 370400 0
1790703082426 1513312 1110812 402500 0
1790703082469 1545768 1110812 434956 0
1790703082513 1579988 1110812 469176 0
1790703082556 1612668 1110812 501856 0
1790703082600 1647516 1110812 536704 0
1790703082644 1680556 1110812 569744 0
1790703082689 1712796 1110812 601984 0
1790703082733 1738804 1110812 627992 0
1790703082778 1773724 1110812 662912 0
1790703082824 1809836 1110812 699024 0
1790703082870 1843500 1110812 732688 0
1790703082915 1875128 1110812 764316 0
1790703082961 1904780 1110812 793968 0
1790703083008 1936152 1110812 825340 0
1790703083054 1970320 1110812 859508 0
1790703083101 2005848 1110812 895036 0
1790703083148 2038508 1110812 927696 0
1790703083195 2073336 1110812 962524 0
1790703083243 1233984 1106708 127276 0
1790703083294 1238288 1110888 127400 0
1790703083366 1238312 1110888 127424 0
1790703083451 1245680 1110888 134792 0
1790703083508 1275832 1110888 164944 0
1790703083552 1308004 1110888 197116 0
1790703083595 1340512 1110888 229624 0
1790703083638 1375456 1110888 264568 0
1790703083682 1411016 1110888 300128 0
1790703083727 1446952 1110888 336064 0
1790703083771 1482568 1110888 371680 0
1790703083816 1518692 1110888 407804 0
1790703083861 1511028 1110888 400140 0
1790703083924 1277084 1110888 166196 0
1790703083967 1311664 1110888 200776 0
1790703084010 1346492 1110888 235604 0
1790703084054 1381220 1110888 270332 0
1790703084098 1415976 1110888 305088 0
1790703084142 1445828 1110888 334940 0
1790703084186 1239320 1110888 128432 0
1790703084229 1264352 1110888 153464 0
1790703084272 1296888 1110888 186000 0
1790703084316 1236508 1110888 125620 0
1790703084369 1238432 1110952 127480 0
1790703084466 1238456 1110952 127504 0
1790703084556 1254676 1110952 143724 0
1790703084601 1284024 1110952 173072 0
1790703084646 1317272 1110952 206320 0
1790703084691 1351396 1110952 240444 0
1790703084736 1386576 1110952 275624 0
1790703084782 1422172 1110952 311220 0
1790703084828 1458536 1110952 347584 0
1790703084875 1490840 1110952 379888 0
1790703084921 1525532 1110952 414580 0
1790703084968 1562500 1110952 451548 0
1790703085015 1599932 1110952 488980 0
1790703085062 1635888 1110952 524936 0
1790703085109 1671864 1110952 560912 0
1790703085157 1707416 1110952 596464 0
1790703085205 1734256 1110952 623304 0
1790703085253 1772848 1110952 661896 0
1790703085301 1811512 1110952 700560 0
1790703085350 1846816 1110952 735864 0
1790703085399 1881900 1110952 770948 0
1790703085448 1910732 1110952 799780 0
1790703085498 1947180 1110952 836228 0
1790703085547 1984344 1110952 873392 0
1790703085597 2019584 1110952 908632 0
1790703085647 2057884 1110952 946932 0
1790703085699 1297936 1110952 186984 0
1790703085754 1238728 1111028 127700 0
1790703085815 1238748 1111028 127720 0
1790703085887 1244616 1111028 133588 0
1790703085967 1276824 1111028 165796 0
1790703086012 1310048 1111028 199020 0
1790703086058 1343452 1111028 232424 0
1790703086104 1380008 1111028 268980 0
1790703086149 1416552 1111028 305524 0
1790703086196 1452316 1111028 341288 0
1790703086243 1489384 1111028 378356 0
1790703086290 1526504 1111028 415476 0
1790703086337 1239784 1111028 128756 0
1790703086381 1273708 1111028 162680 0
1790703086427 1310396 1111028 199368 0
1790703086473 1347552 1111028 236524 0
1790703086519 1384896 1111028 273868 0
1790703086566 1419492 1111028 308464 0
1790703086613 1454296 1111028 343268 0
1790703086661 1249388 1111028 138360 0
1790703086707 1277036 1111028 166008 0
1790703086753 1313904 1111028 202876 0
1790703086800 1238864 1111092 127772 0
1790703086847 1238864 1111092 127772 0
1790703086913 1238888 1111092 127796 0
1790703086989 1249140 1111092 138048 0
1790703087043 1277204 1111092 166112 0
1790703087090 1311552 1111092 200460 0
1790703087137 1345916 1111092 234824 0
1790703087185 1383508 1111092 272416 0
1790703087233 1418404 1111092 307312 0
1790703087281 1448572 1111092 337480 0
1790703087328 1478536 1111092 367444 0
1790703087377 1514152 1111092 403060 0
1790703087425 1551396 1111092 440304 0
1790703087473 1590376 1111092 479284 0
1790703087522 1627460 1111092 516368 0
1790703087571 1664264 1111092 553172 0
1790703087620 1699340 1111092 588248 0
1790703087670 1728000 1111092 616908 0
1790703087720 1768072 1111092 656980 0
1790703087771 1808256 1111092 697164 0
1790703087823 1846300 1111092 735208 0
1790703087874 1881224 1111092 770132 0
1790703087926 1910496 1111092 799404 0
1790703087978 1948928 1111092 837836 0
1790703088031 1989368 1111092 878276 0
1790703088084 2024456 1111092 913364 0
1790703088153 2074176 1111092 963084 0
1790703088207 1236956 1109264 127692 0
1790703088261 1239108 1111164 127944 0
1790703088335 1239136 1111164 127972 0
1790703088460 1268588 1111164 157424 0
1790703088509 1303432 1111164 192268 0
1790703088556 1340296 1111164 229132 0
1790703088605 1379084 1111164 267920 0
1790703088654 1417980 1111164 306816 0
1790703088703 1456992 1111164 345828 0
1790703088752 1496500 1111164 385336 0
1790703088802 1535968 1111164 424804 0
1790703088853 1249084 1111164 137920 0
1790703088901 1287152 1111164 175988 0
1790703088949 1326128 1111164 214964 0
1790703088998 1365664 1111164 254500 0
1790703089048 1405392 1111164 294228 0
1790703089098 1441800 1111164 330636 0
1790703089147 1237884 1111164 126720 0
1790703089196 1267836 1111164 156672 0
1790703089245 1303872 1111164 192708 0
1790703089294 1239268 1111228 128040 0
1790703089370 1239288 1111228 128060 0
1790703089463 1239292 1111228 128064 0
1790703089532 1268632 1111228 157404 0
1790703089582 1300824 1111228 189596 0
1790703089632 1338464 1111228 227236 0
1790703089681 1377912 1111228 266684 0
1790703089731 1417816 1111228 306588 0
1790703089782 1457932 1111228 346704 0
1790703089833 1495004 1111228 383776 0
1790703089884 1534636 1111228 423408 0
1790703089938 1575380 1111228 464152 0
1790703089990 1613928 1111228 502700 0
1790703090042 1655604 1111228 544376 0
1790703090094 1695040 1111228 583812 0
1790703090146 1723964 1111228 612736 0
1790703090198 1766412 1111228 655184 0
1790703090251 1808836 1111228 697608 0
1790703090304 1848072 1111228 736844 0
1790703090358 1887172 1111228 775944 0
1790703090412 1920356 1111228 809128 0
1790703090467 1959332 1111228 848104 0
1790703090523 2003448 1111228 892220 0
1790703090578 2041848 1111228 930620 0
1790703090634 1803020 1111228 691792 0
1790703090688 1239508 1111304 128204 0
1790703090752 1239508 1111304 128204 0
1790703090838 1239532 1111304 128228 0
1790703090896 1259928 1111304 148624 0
1790703090967 1295936 1111304 184632 0
1790703091018 1335768 1111304 224464 0
1790703091070 1372596 1111304 261292 0
1790703091122 1414384 1111304 303080 0
1790703091174 1456300 1111304 344996 0
1790703091226 1498468 1111304 387164 0
1790703091278 1541084 1111304 429780 0
1790703091332 1255884 1111304 144580 0
1790703091383 1297436 1111304 186132 0
1790703091435 1338976 1111304 227672 0
1790703091487 1380772 1111304 269468 0
1790703091540 1419592 1111304 308288 0
1790703091592 1457068 1111304 345764 0
1790703091645 1256680 1111304 145376 0
1790703091696 1289308 1111304 178004 0
1790703091748 1237728 1111304 126424 0
1790703091809 1239656 1111372 128284 0
1790703091903 1241216 1111372 129844 0
1790703092017 1269064 1111372 157692 0
1790703092070 1301104 1111372 189732 0
1790703092123 1335756 1111372 224384 0
1790703092176 1372268 1111372 260896 0
1790703092230 1408780 1111372 297408 0
1790703092285 1445756 1111372 334384 0
1790703092339 1481092 1111372 369720 0
1790703092394 1516224 1111372 404852 0
1790703092450 1552196 1111372 440824 0
1790703092505 1589776 1111372 478404 0
1790703092561 1628104 1111372 516732 0
1790703092618 1669896 1111372 558524 0
1790703092673 1709176 1111372 597804 0
1790703092728 1741328 1111372 629956 0
1790703092784 1785688 1111372 674316 0
1790703092841 1829104 1111372 717732 0
1790703092897 1869196 1111372 757824 0
1790703092954 1906428 1111372 795056 0
1790703093011 1943396 1111372 832024 0
1790703093069 1986900 1111372 875528 0
1790703093126 2026308 1111372 914936 0
1790703093184 2072200 1111372 960828 0
1790703093242 1237756 1109544 128212 0
1790703093315 1239912 1111444 128468 0
1790703093380 1239936 1111444 128492 0
1790703093500 1271948 1111444 160504 0
1790703093555 1305688 1111444 194244 0
1790703093610 1340996 1111444 229552 0
1790703093665 1377632 1111444 266188 0
1790703093721 1415180 1111444 303736 0
1790703093776 1452728 1111444 341284 0
1790703093833 1490624 1111444 379180 0
1790703093889 1529016 1111444 417572 0
1790703093946 1245268 1111444 133824 0
1790703094001 1287480 1111444 176036 0
1790703094056 1331076 1111444 219632 0
1790703094111 1374896 1111444 263452 0
1790703094167 1417608 1111444 306164 0
1790703094223 1458468 1111444 347024 0
1790703094279 1259616 1111444 148172 0
1790703094334 1294540 1111444 183096 0
1790703094389 1240076 1111508 128568 0
1790703094465 1240096 1111508 128588 0
1790703094573 1243084 1111508 131576 0
1790703094651 1276296 1111508 164788 0
1790703094706 1316844 1111508 205336 0
1790703094762 1359532 1111508 248024 0
1790703094818 1404292 1111508 292784 0
1790703094874 1449172 1111508 337664 0
1790703094931 1490640 1111508 379132 0
1790703094988 1533476 1111508 421968 0
1790703095046 1579448 1111508 467940 0
1790703095104 1622460 1111508 510952 0
1790703095163 1667812 1111508 556304 0
1790703095222 1710464 1111508 598956 0
1790703095280 1746908 1111508 635400 0
1790703095339 1793980 1111508 682472 0
1790703095399 1839792 1111508 728284 0
1790703095459 1880332 1111508 768824 0
1790703095519 1917884 1111508 806376 0
1790703095580 1962364 1111508 850856 0
1790703095641 2009544 1111508 898036 0
1790703095702 2052704 1111508 941196 0
1790703095764 1238348 1111508 126840 0
1790703095822 1240308 1111584 128724 0
1790703095896 1240324 1111584 128740 0
1790703096032 1265868 1111584 154284 0
1790703096090 1300100 1111584 188516 0
1790703096147 1338232 1111584 226648 0
1790703096205 1375372 1111584 263788 0
1790703096263 1415308 1111584 303724 0
1790703096322 1455096 1111584 343512 0
1790703096382 1494944 1111584 383360 0
1790703096441 1534516 1111584 422932 0
1790703096501 1247420 1111584 135836 0
1790703096558 1284224 1111584 172640 0
1790703096616 1322444 1111584 210860 0
1790703096674 1360924 1111584 249340 0
1790703096733 1399764 1111584 288180 0
1790703096792 1436308 1111584 324724 0
1790703096851 1433048 1111584 321464 0
1790703096910 1265640 1111584 154056 0
1790703096968 1304184 1111584 192600 0
1790703097026 1240468 1111652 128816 0
1790703097132 1240492 1111652 128840 0
1790703097253 1264652 1111652 153000 0
1790703097317 1302492 1111652 190840 0
1790703097375 1346748 1111652 235096 0
1790703097432 1392388 1111652 280736 0
1790703097491 1438956 1111652 327304 0
1790703097549 1483272 1111652 371620 0
1790703097609 1526952 1111652 415300 0
1790703097668 1573976 1111652 462324 0
1790703097728 1619580 1111652 507928 0
1790703097788 1666852 1111652 555200 0
1790703097849 1710384 1111652 598732 0
1790703097909 1748464 1111652 636812 0
1790703097970 1797968 1111652 686316 0
1790703098032 1845232 1111652 733580 0
1790703098094 1888208 1111652 776556 0
1790703098157 1928232 1111652 816580 0
1790703098220 1973596 1111652 861944 0
1790703098284 2019880 1111652 908228 0
1790703098348 2068800 1111652 957148 0
1790703098413 1238916 1110208 128708 0
1790703098482 1240708 1111728 128980 0
1790703098572 1240716 1111728 128988 0
1790703098672 1275816 1111728 164088 0
1790703098731 1319864 1111728 208136 0
1790703098790 1364604 1111728 252876 0
1790703098850 1412092 1111728 300364 0
1790703098910 1460100 1111728 348372 0
1790703098971 1508460 1111728 396732 0
1790703099031 1552216 1111728 440488 0
1790703099093 1274536 1111728 162808 0
1790703099153 1320744 1111728 209016 0
1790703099213 1367472 1111728 255744 0
1790703099273 1414336 1111728 302608 0
1790703099334 1458768 1111728 347040 0
1790703099396 1260600 1111728 148872 0
1790703099455 1302140 1111728 190412 0
1790703099516 1240816 1111788 129028 0
1790703099578 1240820 1111792 129028 0
1790703099672 1240836 1111792 129044 0
1790703099742 1255516 1111792 143724 0
1790703099822 1271016 1111796 159220 0
1790703099892 1271016 1111796 159220 0
1790703099953 1271016 1111796 159220 0
1790703100013 1271016 1111796 159220 0
1790703100073 1271016 1111796 159220 0
1790703100133 1228784 1080876 147908 0
