[2026-08-04 08:57:43,002] [MainProcess] Starting grpc server at 127.0.0.1:61924
[2026-08-04 08:57:54,849] [MainProcess] Run : <lambda> at node:4
[2026-08-04 08:57:54,963] [MainProcess] Run : <lambda> at node:4
[2026-08-04 08:57:55,073] [MainProcess] Run : <lambda> at node:4
[2026-08-04 08:57:55,182] [MainProcess] Run : <lambda> at node:4
[2026-08-04 08:57:55,292] [MainProcess] Run : <lambda> at node:4
[2026-08-04 08:57:55,408] [MainProcess] Run : <lambda> at node:4
[2026-08-04 08:57:55,525] [MainProcess] Run : <lambda> at node:4
[2026-08-04 08:57:55,637] [MainProcess] Run : <lambda> at node:4
[2026-08-04 08:57:55,733] [MainProcess] Run : <lambda> at node:4
[2026-08-04 08:57:55,839] [MainProcess] Run : <lambda> at node:4
[2026-08-04 08:57:55,943] [MainProcess] Run : <lambda> at node:4
[2026-08-04 08:57:56,063] [MainProcess] Run : <lambda> at node:4
[2026-08-04 08:57:56,162] [MainProcess] Run : <lambda> at node:4
[2026-08-04 08:57:56,190] [MainProcess] Run : make_shares at node:4
[2026-08-04 08:57:56,196] [MainProcess] RunR: builtin_fetch_meta at node:4
[2026-08-04 08:57:56,198] [MainProcess] Run : make_shares at node:4
[2026-08-04 08:57:56,200] [MainProcess] RunR: builtin_fetch_meta at node:4
[2026-08-04 08:57:56,202] [MainProcess] Run : make_shares at node:4
[2026-08-04 08:57:56,241] [MainProcess] RunR: builtin_fetch_meta at node:4
[2026-08-04 08:57:56,244] [MainProcess] Run : make_shares at node:4
[2026-08-04 08:57:56,245] [MainProcess] RunR: builtin_fetch_meta at node:4
[2026-08-04 08:57:56,248] [MainProcess] Run : make_shares at node:4
[2026-08-04 08:57:57,941] [MainProcess] RunR: builtin_fetch_meta at node:4
[2026-08-04 08:57:57,944] [MainProcess] Run : make_shares at node:4
[2026-08-04 08:57:57,946] [MainProcess] RunR: builtin_fetch_meta at node:4
[2026-08-04 08:57:57,948] [MainProcess] Run : make_shares at node:4
[2026-08-04 08:57:57,988] [MainProcess] RunR: builtin_fetch_meta at node:4
[2026-08-04 08:57:57,990] [MainProcess] Run : make_shares at node:4
[2026-08-04 08:57:57,992] [MainProcess] RunR: builtin_fetch_meta at node:4
[2026-08-04 08:57:57,994] [MainProcess] Run : make_shares at node:4
[2026-08-04 08:57:57,996] [MainProcess] RunR: builtin_fetch_meta at node:4
[2026-08-04 08:57:57,998] [MainProcess] Run : make_shares at node:4
[2026-08-04 08:57:58,000] [MainProcess] RunR: builtin_fetch_meta at node:4
[2026-08-04 08:57:58,002] [MainProcess] Run : make_shares at node:4
[2026-08-04 08:57:58,003] [MainProcess] RunR: builtin_fetch_meta at node:4
[2026-08-04 08:57:58,006] [MainProcess] Run : make_shares at node:4
[2026-08-04 08:57:58,007] [MainProcess] RunR: builtin_fetch_meta at node:4
[2026-08-04 08:57:58,010] [MainProcess] Run : make_shares at node:4
[2026-08-04 08:57:58,046] [MainProcess] RunR: builtin_fetch_meta at node:4
[2026-08-04 08:57:58,049] [MainProcess] Run : make_shares at node:4
[2026-08-04 08:57:58,050] [MainProcess] RunR: builtin_fetch_meta at node:4
[2026-08-04 08:57:58,053] [MainProcess] Run : make_shares at node:4
[2026-08-04 08:57:58,091] [MainProcess] RunR: builtin_fetch_meta at node:4
[2026-08-04 08:57:58,094] [MainProcess] Run : make_shares at node:4
[2026-08-04 08:57:58,096] [MainProcess] RunR: builtin_fetch_meta at node:4
[2026-08-04 08:57:58,098] [MainProcess] Run : make_shares at node:4
[2026-08-04 08:57:58,135] [MainProcess] RunR: builtin_fetch_meta at node:4
[2026-08-04 08:57:58,138] [MainProcess] Run : make_shares at node:4
[2026-08-04 08:57:58,139] [MainProcess] RunR: builtin_fetch_meta at node:4
[2026-08-04 08:57:58,142] [MainProcess] Run : make_shares at node:4
[2026-08-04 08:57:58,179] [MainProcess] RunR: builtin_fetch_meta at node:4
[2026-08-04 08:57:58,182] [MainProcess] Run : make_shares at node:4
[2026-08-04 08:57:58,184] [MainProcess] RunR: builtin_fetch_meta at node:4
[2026-08-04 08:57:58,186] [MainProcess] Run : make_shares at node:4
[2026-08-04 08:57:58,362] [MainProcess] RunR: builtin_fetch_meta at node:4
[2026-08-04 08:57:58,365] [MainProcess] Run : make_shares at node:4
[2026-08-04 08:57:58,367] [MainProcess] RunR: builtin_fetch_meta at node:4
[2026-08-04 08:57:58,370] [MainProcess] Run : make_shares at node:4
[2026-08-04 08:57:58,371] [MainProcess] RunR: builtin_fetch_meta at node:4
[2026-08-04 08:57:58,374] [MainProcess] Run : make_shares at node:4
[2026-08-04 08:57:58,375] [MainProcess] RunR: builtin_fetch_meta at node:4
[2026-08-04 08:57:58,377] [MainProcess] Run : make_shares at node:4
[2026-08-04 08:57:58,543] [MainProcess] RunR: builtin_fetch_meta at node:4
[2026-08-04 08:57:58,546] [MainProcess] Run : make_shares at node:4
[2026-08-04 08:57:58,548] [MainProcess] RunR: builtin_fetch_meta at node:4
[2026-08-04 08:57:58,550] [MainProcess] Run : make_shares at node:4
[2026-08-04 08:57:58,552] [MainProcess] RunR: builtin_fetch_meta at node:4
[2026-08-04 08:57:58,554] [MainProcess] Run : make_shares at node:4
[2026-08-04 08:57:58,556] [MainProcess] RunR: builtin_fetch_meta at node:4
[2026-08-04 08:57:58,558] [MainProcess] Run : make_shares at node:4
[2026-08-04 08:57:58,593] [MainProcess] RunR: builtin_fetch_meta at node:4
[2026-08-04 08:57:58,596] [MainProcess] Run : make_shares at node:4
[2026-08-04 08:57:58,598] [MainProcess] RunR: builtin_fetch_meta at node:4
[2026-08-04 08:57:58,600] [MainProcess] Run : make_shares at node:4
[2026-08-04 08:57:58,634] [MainProcess] RunR: builtin_fetch_meta at node:4
[2026-08-04 08:57:58,637] [MainProcess] Run : make_shares at node:4
[2026-08-04 08:57:58,639] [MainProcess] RunR: builtin_fetch_meta at node:4
[2026-08-04 08:57:58,641] [MainProcess] Run : make_shares at node:4
[2026-08-04 08:57:58,687] [MainProcess] RunR: builtin_fetch_meta at node:4
[2026-08-04 08:57:58,690] [MainProcess] Run : make_shares at node:4
[2026-08-04 08:57:58,692] [MainProcess] RunR: builtin_fetch_meta at node:4
[2026-08-04 08:57:58,694] [MainProcess] Run : make_shares at node:4
[2026-08-04 08:57:58,739] [MainProcess] RunR: builtin_fetch_meta at node:4
[2026-08-04 08:57:58,741] [MainProcess] Run : make_shares at node:4
[2026-08-04 08:57:58,744] [MainProcess] RunR: builtin_fetch_meta at node:4
[2026-08-04 08:57:58,746] [MainProcess] Run : make_shares at node:4
[2026-08-04 08:57:58,934] [MainProcess] RunR: builtin_fetch_meta at node:4
[2026-08-04 08:57:58,937] [MainProcess] Run : make_shares at node:4
[2026-08-04 08:57:58,939] [MainProcess] RunR: builtin_fetch_meta at node:4
[2026-08-04 08:57:58,941] [MainProcess] Run : make_shares at node:4
[2026-08-04 08:57:58,943] [MainProcess] RunR: builtin_fetch_meta at node:4
[2026-08-04 08:57:58,945] [MainProcess] Run : make_shares at node:4
[2026-08-04 08:57:58,947] [MainProcess] RunR: builtin_fetch_meta at node:4
[2026-08-04 08:57:58,950] [MainProcess] Run : make_shares at node:4
[2026-08-04 08:57:59,132] [MainProcess] RunR: builtin_fetch_meta at node:4
[2026-08-04 08:57:59,135] [MainProcess] Run : make_shares at node:4
[2026-08-04 08:57:59,137] [MainProcess] RunR: builtin_fetch_meta at node:4
[2026-08-04 08:57:59,139] [MainProcess] Run : make_shares at node:4
[2026-08-04 08:57:59,141] [MainProcess] RunR: builtin_fetch_meta at node:4
[2026-08-04 08:57:59,143] [MainProcess] Run : make_shares at node:4
[2026-08-04 08:57:59,145] [MainProcess] RunR: builtin_fetch_meta at node:4
[2026-08-04 08:57:59,147] [MainProcess] Run : make_shares at node:4
[2026-08-04 08:57:59,198] [MainProcess] RunR: builtin_fetch_meta at node:4
[2026-08-04 08:57:59,204] [MainProcess] Run : make_shares at node:4
[2026-08-04 08:57:59,206] [MainProcess] RunR: builtin_fetch_meta at node:4
[2026-08-04 08:57:59,209] [MainProcess] Run : make_shares at node:4
[2026-08-04 08:57:59,256] [MainProcess] RunR: builtin_fetch_meta at node:4
[2026-08-04 08:57:59,259] [MainProcess] Run : make_shares at node:4
[2026-08-04 08:57:59,261] [MainProcess] RunR: builtin_fetch_meta at node:4
[2026-08-04 08:57:59,264] [MainProcess] Run : make_shares at node:4
[2026-08-04 08:57:59,300] [MainProcess] RunR: builtin_fetch_meta at node:4
[2026-08-04 08:57:59,302] [MainProcess] Run : make_shares at node:4
[2026-08-04 08:57:59,304] [MainProcess] RunR: builtin_fetch_meta at node:4
[2026-08-04 08:57:59,307] [MainProcess] Run : make_shares at node:4
[2026-08-04 08:57:59,343] [MainProcess] RunR: builtin_fetch_meta at node:4
[2026-08-04 08:57:59,346] [MainProcess] Run : make_shares at node:4
[2026-08-04 08:57:59,348] [MainProcess] RunR: builtin_fetch_meta at node:4
[2026-08-04 08:57:59,351] [MainProcess] Run : make_shares at node:4
[2026-08-04 08:57:59,526] [MainProcess] RunR: builtin_fetch_meta at node:4
[2026-08-04 08:57:59,528] [MainProcess] Run : make_shares at node:4
[2026-08-04 08:57:59,530] [MainProcess] RunR: builtin_fetch_meta at node:4
[2026-08-04 08:57:59,533] [MainProcess] Run : make_shares at node:4
[2026-08-04 08:57:59,535] [MainProcess] RunR: builtin_fetch_meta at node:4
[2026-08-04 08:57:59,537] [MainProcess] Run : make_shares at node:4
[2026-08-04 08:57:59,538] [MainProcess] RunR: builtin_fetch_meta at node:4
[2026-08-04 08:57:59,541] [MainProcess] Run : make_shares at node:4
[2026-08-04 08:57:59,722] [MainProcess] RunR: builtin_fetch_meta at node:4
[2026-08-04 08:57:59,725] [MainProcess] Run : make_shares at node:4
[2026-08-04 08:57:59,728] [MainProcess] RunR: builtin_fetch_meta at node:4
[2026-08-04 08:57:59,731] [MainProcess] Run : make_shares at node:4
[2026-08-04 08:57:59,732] [MainProcess] RunR: builtin_fetch_meta at node:4
[2026-08-04 08:57:59,735] [MainProcess] Run : make_shares at node:4
[2026-08-04 08:57:59,737] [MainProcess] RunR: builtin_fetch_meta at node:4
[2026-08-04 08:57:59,740] [MainProcess] Run : make_shares at node:4
[2026-08-04 08:57:59,783] [MainProcess] RunR: builtin_fetch_meta at node:4
[2026-08-04 08:57:59,786] [MainProcess] Run : make_shares at node:4
[2026-08-04 08:57:59,788] [MainProcess] RunR: builtin_fetch_meta at node:4
[2026-08-04 08:57:59,791] [MainProcess] Run : make_shares at node:4
[2026-08-04 08:57:59,830] [MainProcess] RunR: builtin_fetch_meta at node:4
[2026-08-04 08:57:59,833] [MainProcess] Run : make_shares at node:4
[2026-08-04 08:57:59,835] [MainProcess] RunR: builtin_fetch_meta at node:4
[2026-08-04 08:57:59,837] [MainProcess] Run : make_shares at node:4
[2026-08-04 08:57:59,878] [MainProcess] RunR: builtin_fetch_meta at node:4
[2026-08-04 08:57:59,881] [MainProcess] Run : make_shares at node:4
[2026-08-04 08:57:59,883] [MainProcess] RunR: builtin_fetch_meta at node:4
[2026-08-04 08:57:59,886] [MainProcess] Run : make_shares at node:4
[2026-08-04 08:57:59,927] [MainProcess] RunR: builtin_fetch_meta at node:4
[2026-08-04 08:57:59,931] [MainProcess] Run : make_shares at node:4
[2026-08-04 08:57:59,933] [MainProcess] RunR: builtin_fetch_meta at node:4
[2026-08-04 08:57:59,936] [MainProcess] Run : make_shares at node:4
[2026-08-04 08:58:00,099] [MainProcess] RunR: builtin_fetch_meta at node:4
[2026-08-04 08:58:00,103] [MainProcess] Run : make_shares at node:4
[2026-08-04 08:58:00,110] [MainProcess] RunR: builtin_fetch_meta at node:4
[2026-08-04 08:58:00,113] [MainProcess] Run : make_shares at node:4
[2026-08-04 08:58:00,115] [MainProcess] RunR: builtin_fetch_meta at node:4
[2026-08-04 08:58:00,118] [MainProcess] Run : make_shares at node:4
[2026-08-04 08:58:00,120] [MainProcess] RunR: builtin_fetch_meta at node:4
[2026-08-04 08:58:00,123] [MainProcess] Run : make_shares at node:4
[2026-08-04 08:58:00,284] [MainProcess] RunR: builtin_fetch_meta at node:4
[2026-08-04 08:58:00,287] [MainProcess] Run : make_shares at node:4
[2026-08-04 08:58:00,289] [MainProcess] RunR: builtin_fetch_meta at node:4
[2026-08-04 08:58:00,292] [MainProcess] Run : make_shares at node:4
[2026-08-04 08:58:00,294] [MainProcess] RunR: builtin_fetch_meta at node:4
[2026-08-04 08:58:00,297] [MainProcess] Run : make_shares at node:4
[2026-08-04 08:58:00,299] [MainProcess] RunR: builtin_fetch_meta at node:4
[2026-08-04 08:58:00,301] [MainProcess] Run : make_shares at node:4
[2026-08-04 08:58:00,332] [MainProcess] RunR: builtin_fetch_meta at node:4
[2026-08-04 08:58:00,335] [MainProcess] Run : make_shares at node:4
[2026-08-04 08:58:00,337] [MainProcess] RunR: builtin_fetch_meta at node:4
[2026-08-04 08:58:00,340] [MainProcess] Run : make_shares at node:4
[2026-08-04 08:58:00,377] [MainProcess] RunR: builtin_fetch_meta at node:4
[2026-08-04 08:58:00,380] [MainProcess] Run : make_shares at node:4
[2026-08-04 08:58:00,382] [MainProcess] RunR: builtin_fetch_meta at node:4
[2026-08-04 08:58:00,385] [MainProcess] Run : make_shares at node:4
[2026-08-04 08:58:00,425] [MainProcess] RunR: builtin_fetch_meta at node:4
[2026-08-04 08:58:00,428] [MainProcess] Run : make_shares at node:4
[2026-08-04 08:58:00,430] [MainProcess] RunR: builtin_fetch_meta at node:4
[2026-08-04 08:58:00,433] [MainProcess] Run : make_shares at node:4
[2026-08-04 08:58:00,472] [MainProcess] RunR: builtin_fetch_meta at node:4
[2026-08-04 08:58:00,475] [MainProcess] Run : make_shares at node:4
[2026-08-04 08:58:00,477] [MainProcess] RunR: builtin_fetch_meta at node:4
[2026-08-04 08:58:00,479] [MainProcess] Run : make_shares at node:4
[2026-08-04 08:58:00,649] [MainProcess] RunR: builtin_fetch_meta at node:4
[2026-08-04 08:58:00,652] [MainProcess] Run : make_shares at node:4
[2026-08-04 08:58:00,654] [MainProcess] RunR: builtin_fetch_meta at node:4
[2026-08-04 08:58:00,656] [MainProcess] Run : make_shares at node:4
[2026-08-04 08:58:00,658] [MainProcess] RunR: builtin_fetch_meta at node:4
[2026-08-04 08:58:00,660] [MainProcess] Run : make_shares at node:4
[2026-08-04 08:58:00,662] [MainProcess] RunR: builtin_fetch_meta at node:4
[2026-08-04 08:58:00,665] [MainProcess] Run : make_shares at node:4
[2026-08-04 08:58:00,819] [MainProcess] RunR: builtin_fetch_meta at node:4
[2026-08-04 08:58:00,821] [MainProcess] Run : make_shares at node:4
[2026-08-04 08:58:00,823] [MainProcess] RunR: builtin_fetch_meta at node:4
[2026-08-04 08:58:00,826] [MainProcess] Run : make_shares at node:4
[2026-08-04 08:58:00,827] [MainProcess] RunR: builtin_fetch_meta at node:4
[2026-08-04 08:58:00,830] [MainProcess] Run : make_shares at node:4
[2026-08-04 08:58:00,831] [MainProcess] RunR: builtin_fetch_meta at node:4
[2026-08-04 08:58:00,833] [MainProcess] Run : make_shares at node:4
[2026-08-04 08:58:00,865] [MainProcess] RunR: builtin_fetch_meta at node:4
[2026-08-04 08:58:00,868] [MainProcess] Run : make_shares at node:4
[2026-08-04 08:58:00,870] [MainProcess] RunR: builtin_fetch_meta at node:4
[2026-08-04 08:58:00,873] [MainProcess] Run : make_shares at node:4
[2026-08-04 08:58:00,910] [MainProcess] RunR: builtin_fetch_meta at node:4
[2026-08-04 08:58:00,913] [MainProcess] Run : make_shares at node:4
[2026-08-04 08:58:00,915] [MainProcess] RunR: builtin_fetch_meta at node:4
[2026-08-04 08:58:00,917] [MainProcess] Run : make_shares at node:4
[2026-08-04 08:58:00,956] [MainProcess] RunR: builtin_fetch_meta at node:4
[2026-08-04 08:58:00,960] [MainProcess] Run : make_shares at node:4
[2026-08-04 08:58:00,962] [MainProcess] RunR: builtin_fetch_meta at node:4
[2026-08-04 08:58:00,964] [MainProcess] Run : make_shares at node:4
[2026-08-04 08:58:01,002] [MainProcess] RunR: builtin_fetch_meta at node:4
[2026-08-04 08:58:01,005] [MainProcess] Run : make_shares at node:4
[2026-08-04 08:58:01,007] [MainProcess] RunR: builtin_fetch_meta at node:4
[2026-08-04 08:58:01,010] [MainProcess] Run : make_shares at node:4
[2026-08-04 08:58:01,182] [MainProcess] RunR: builtin_fetch_meta at node:4
[2026-08-04 08:58:01,185] [MainProcess] Run : make_shares at node:4
[2026-08-04 08:58:01,187] [MainProcess] RunR: builtin_fetch_meta at node:4
[2026-08-04 08:58:01,191] [MainProcess] Run : make_shares at node:4
[2026-08-04 08:58:01,193] [MainProcess] RunR: builtin_fetch_meta at node:4
[2026-08-04 08:58:01,195] [MainProcess] Run : make_shares at node:4
[2026-08-04 08:58:01,197] [MainProcess] RunR: builtin_fetch_meta at node:4
[2026-08-04 08:58:01,199] [MainProcess] Run : make_shares at node:4
[2026-08-04 08:58:01,369] [MainProcess] RunR: builtin_fetch_meta at node:4
[2026-08-04 08:58:01,372] [MainProcess] Run : make_shares at node:4
[2026-08-04 08:58:01,374] [MainProcess] RunR: builtin_fetch_meta at node:4
[2026-08-04 08:58:01,376] [MainProcess] Run : make_shares at node:4
[2026-08-04 08:58:01,378] [MainProcess] RunR: builtin_fetch_meta at node:4
[2026-08-04 08:58:01,381] [MainProcess] Run : make_shares at node:4
[2026-08-04 08:58:01,382] [MainProcess] RunR: builtin_fetch_meta at node:4
[2026-08-04 08:58:01,385] [MainProcess] Run : make_shares at node:4
[2026-08-04 08:58:01,423] [MainProcess] RunR: builtin_fetch_meta at node:4
[2026-08-04 08:58:01,426] [MainProcess] Run : make_shares at node:4
[2026-08-04 08:58:01,428] [MainProcess] RunR: builtin_fetch_meta at node:4
[2026-08-04 08:58:01,431] [MainProcess] Run : make_shares at node:4
[2026-08-04 08:58:01,473] [MainProcess] RunR: builtin_fetch_meta at node:4
[2026-08-04 08:58:01,476] [MainProcess] Run : make_shares at node:4
[2026-08-04 08:58:01,478] [MainProcess] RunR: builtin_fetch_meta at node:4
[2026-08-04 08:58:01,480] [MainProcess] Run : make_shares at node:4
[2026-08-04 08:58:01,521] [MainProcess] RunR: builtin_fetch_meta at node:4
[2026-08-04 08:58:01,524] [MainProcess] Run : make_shares at node:4
[2026-08-04 08:58:01,525] [MainProcess] RunR: builtin_fetch_meta at node:4
[2026-08-04 08:58:01,528] [MainProcess] Run : make_shares at node:4
[2026-08-04 08:58:01,566] [MainProcess] RunR: builtin_fetch_meta at node:4
[2026-08-04 08:58:01,569] [MainProcess] Run : make_shares at node:4
[2026-08-04 08:58:01,571] [MainProcess] RunR: builtin_fetch_meta at node:4
[2026-08-04 08:58:01,574] [MainProcess] Run : make_shares at node:4
[2026-08-04 08:58:01,754] [MainProcess] RunR: builtin_fetch_meta at node:4
[2026-08-04 08:58:01,756] [MainProcess] Run : make_shares at node:4
[2026-08-04 08:58:01,758] [MainProcess] RunR: builtin_fetch_meta at node:4
[2026-08-04 08:58:01,761] [MainProcess] Run : make_shares at node:4
[2026-08-04 08:58:01,762] [MainProcess] RunR: builtin_fetch_meta at node:4
[2026-08-04 08:58:01,765] [MainProcess] Run : make_shares at node:4
[2026-08-04 08:58:01,766] [MainProcess] RunR: builtin_fetch_meta at node:4
[2026-08-04 08:58:01,769] [MainProcess] Run : make_shares at node:4
[2026-08-04 08:58:01,942] [MainProcess] RunR: builtin_fetch_meta at node:4
[2026-08-04 08:58:01,945] [MainProcess] Run : make_shares at node:4
[2026-08-04 08:58:01,947] [MainProcess] RunR: builtin_fetch_meta at node:4
[2026-08-04 08:58:01,949] [MainProcess] Run : make_shares at node:4
[2026-08-04 08:58:01,951] [MainProcess] RunR: builtin_fetch_meta at node:4
[2026-08-04 08:58:01,953] [MainProcess] Run : make_shares at node:4
[2026-08-04 08:58:01,955] [MainProcess] RunR: builtin_fetch_meta at node:4
[2026-08-04 08:58:01,957] [MainProcess] Run : make_shares at node:4
[2026-08-04 08:58:02,000] [MainProcess] RunR: builtin_fetch_meta at node:4
[2026-08-04 08:58:02,003] [MainProcess] Run : make_shares at node:4
[2026-08-04 08:58:02,005] [MainProcess] RunR: builtin_fetch_meta at node:4
[2026-08-04 08:58:02,008] [MainProcess] Run : make_shares at node:4
[2026-08-04 08:58:02,047] [MainProcess] RunR: builtin_fetch_meta at node:4
[2026-08-04 08:58:02,050] [MainProcess] Run : make_shares at node:4
[2026-08-04 08:58:02,052] [MainProcess] RunR: builtin_fetch_meta at node:4
[2026-08-04 08:58:02,055] [MainProcess] Run : make_shares at node:4
[2026-08-04 08:58:02,096] [MainProcess] RunR: builtin_fetch_meta at node:4
[2026-08-04 08:58:02,099] [MainProcess] Run : make_shares at node:4
[2026-08-04 08:58:02,101] [MainProcess] RunR: builtin_fetch_meta at node:4
[2026-08-04 08:58:02,104] [MainProcess] Run : make_shares at node:4
[2026-08-04 08:58:02,142] [MainProcess] RunR: builtin_fetch_meta at node:4
[2026-08-04 08:58:02,145] [MainProcess] Run : make_shares at node:4
[2026-08-04 08:58:02,148] [MainProcess] RunR: builtin_fetch_meta at node:4
[2026-08-04 08:58:02,151] [MainProcess] Run : make_shares at node:4
[2026-08-04 08:58:02,311] [MainProcess] RunR: builtin_fetch_meta at node:4
[2026-08-04 08:58:02,314] [MainProcess] Run : make_shares at node:4
[2026-08-04 08:58:02,316] [MainProcess] RunR: builtin_fetch_meta at node:4
[2026-08-04 08:58:02,318] [MainProcess] Run : make_shares at node:4
[2026-08-04 08:58:02,320] [MainProcess] RunR: builtin_fetch_meta at node:4
[2026-08-04 08:58:02,323] [MainProcess] Run : make_shares at node:4
[2026-08-04 08:58:02,325] [MainProcess] RunR: builtin_fetch_meta at node:4
[2026-08-04 08:58:02,327] [MainProcess] Run : make_shares at node:4
[2026-08-04 08:58:02,483] [MainProcess] RunR: builtin_fetch_meta at node:4
[2026-08-04 08:58:02,486] [MainProcess] Run : make_shares at node:4
[2026-08-04 08:58:02,488] [MainProcess] RunR: builtin_fetch_meta at node:4
[2026-08-04 08:58:02,491] [MainProcess] Run : make_shares at node:4
[2026-08-04 08:58:02,492] [MainProcess] RunR: builtin_fetch_meta at node:4
[2026-08-04 08:58:02,495] [MainProcess] Run : make_shares at node:4
[2026-08-04 08:58:02,497] [MainProcess] RunR: builtin_fetch_meta at node:4
[2026-08-04 08:58:02,499] [MainProcess] Run : make_shares at node:4
[2026-08-04 08:58:02,530] [MainProcess] RunR: builtin_fetch_meta at node:4
[2026-08-04 08:58:02,533] [MainProcess] Run : make_shares at node:4
[2026-08-04 08:58:02,535] [MainProcess] RunR: builtin_fetch_meta at node:4
[2026-08-04 08:58:02,537] [MainProcess] Run : make_shares at node:4
[2026-08-04 08:58:02,571] [MainProcess] RunR: builtin_fetch_meta at node:4
[2026-08-04 08:58:02,574] [MainProcess] Run : make_shares at node:4
[2026-08-04 08:58:02,576] [MainProcess] RunR: builtin_fetch_meta at node:4
[2026-08-04 08:58:02,579] [MainProcess] Run : make_shares at node:4
[2026-08-04 08:58:02,617] [MainProcess] RunR: builtin_fetch_meta at node:4
[2026-08-04 08:58:02,620] [MainProcess] Run : make_shares at node:4
[2026-08-04 08:58:02,622] [MainProcess] RunR: builtin_fetch_meta at node:4
[2026-08-04 08:58:02,625] [MainProcess] Run : make_shares at node:4
[2026-08-04 08:58:02,662] [MainProcess] RunR: builtin_fetch_meta at node:4
[2026-08-04 08:58:02,665] [MainProcess] Run : make_shares at node:4
[2026-08-04 08:58:02,667] [MainProcess] RunR: builtin_fetch_meta at node:4
[2026-08-04 08:58:02,670] [MainProcess] Run : make_shares at node:4
[2026-08-04 08:58:02,844] [MainProcess] RunR: builtin_fetch_meta at node:4
[2026-08-04 08:58:02,847] [MainProcess] Run : make_shares at node:4
[2026-08-04 08:58:02,850] [MainProcess] RunR: builtin_fetch_meta at node:4
[2026-08-04 08:58:02,853] [MainProcess] Run : make_shares at node:4
[2026-08-04 08:58:02,855] [MainProcess] RunR: builtin_fetch_meta at node:4
[2026-08-04 08:58:02,858] [MainProcess] Run : make_shares at node:4
[2026-08-04 08:58:02,860] [MainProcess] RunR: builtin_fetch_meta at node:4
[2026-08-04 08:58:02,862] [MainProcess] Run : make_shares at node:4
[2026-08-04 08:58:03,029] [MainProcess] RunR: builtin_fetch_meta at node:4
[2026-08-04 08:58:03,032] [MainProcess] Run : make_shares at node:4
[2026-08-04 08:58:03,034] [MainProcess] RunR: builtin_fetch_meta at node:4
[2026-08-04 08:58:03,036] [MainProcess] Run : make_shares at node:4
[2026-08-04 08:58:03,038] [MainProcess] RunR: builtin_fetch_meta at node:4
[2026-08-04 08:58:03,041] [MainProcess] Run : make_shares at node:4
[2026-08-04 08:58:03,043] [MainProcess] RunR: builtin_fetch_meta at node:4
[2026-08-04 08:58:03,045] [MainProcess] Run : make_shares at node:4
[2026-08-04 08:58:03,081] [MainProcess] RunR: builtin_fetch_meta at node:4
[2026-08-04 08:58:03,084] [MainProcess] Run : make_shares at node:4
[2026-08-04 08:58:03,086] [MainProcess] RunR: builtin_fetch_meta at node:4
[2026-08-04 08:58:03,089] [MainProcess] Run : make_shares at node:4
[2026-08-04 08:58:03,123] [MainProcess] RunR: builtin_fetch_meta at node:4
[2026-08-04 08:58:03,126] [MainProcess] Run : make_shares at node:4
[2026-08-04 08:58:03,129] [MainProcess] RunR: builtin_fetch_meta at node:4
[2026-08-04 08:58:03,132] [MainProcess] Run : make_shares at node:4
[2026-08-04 08:58:03,170] [MainProcess] RunR: builtin_fetch_meta at node:4
[2026-08-04 08:58:03,173] [MainProcess] Run : make_shares at node:4
[2026-08-04 08:58:03,175] [MainProcess] RunR: builtin_fetch_meta at node:4
[2026-08-04 08:58:03,177] [MainProcess] Run : make_shares at node:4
[2026-08-04 08:58:03,218] [MainProcess] RunR: builtin_fetch_meta at node:4
[2026-08-04 08:58:03,222] [MainProcess] Run : make_shares at node:4
[2026-08-04 08:58:03,224] [MainProcess] RunR: builtin_fetch_meta at node:4
[2026-08-04 08:58:03,227] [MainProcess] Run : make_shares at node:4
[2026-08-04 08:58:03,414] [MainProcess] RunR: builtin_fetch_meta at node:4
[2026-08-04 08:58:03,416] [MainProcess] Run : make_shares at node:4
[2026-08-04 08:58:03,418] [MainProcess] RunR: builtin_fetch_meta at node:4
[2026-08-04 08:58:03,421] [MainProcess] Run : make_shares at node:4
[2026-08-04 08:58:03,423] [MainProcess] RunR: builtin_fetch_meta at node:4
[2026-08-04 08:58:03,426] [MainProcess] Run : make_shares at node:4
[2026-08-04 08:58:03,428] [MainProcess] RunR: builtin_fetch_meta at node:4
[2026-08-04 08:58:03,431] [MainProcess] Run : make_shares at node:4
[2026-08-04 08:58:03,617] [MainProcess] RunR: builtin_fetch_meta at node:4
[2026-08-04 08:58:03,621] [MainProcess] Run : make_shares at node:4
[2026-08-04 08:58:03,623] [MainProcess] RunR: builtin_fetch_meta at node:4
[2026-08-04 08:58:03,626] [MainProcess] Run : make_shares at node:4
[2026-08-04 08:58:03,628] [MainProcess] RunR: builtin_fetch_meta at node:4
[2026-08-04 08:58:03,630] [MainProcess] Run : make_shares at node:4
[2026-08-04 08:58:03,632] [MainProcess] RunR: builtin_fetch_meta at node:4
[2026-08-04 08:58:03,634] [MainProcess] Run : make_shares at node:4
[2026-08-04 08:58:03,670] [MainProcess] RunR: builtin_fetch_meta at node:4
[2026-08-04 08:58:03,676] [MainProcess] Run : make_shares at node:4
[2026-08-04 08:58:03,677] [MainProcess] RunR: builtin_fetch_meta at node:4
[2026-08-04 08:58:03,680] [MainProcess] Run : make_shares at node:4
[2026-08-04 08:58:03,721] [MainProcess] RunR: builtin_fetch_meta at node:4
[2026-08-04 08:58:03,724] [MainProcess] Run : make_shares at node:4
[2026-08-04 08:58:03,726] [MainProcess] RunR: builtin_fetch_meta at node:4
[2026-08-04 08:58:03,728] [MainProcess] Run : make_shares at node:4
[2026-08-04 08:58:03,766] [MainProcess] RunR: builtin_fetch_meta at node:4
[2026-08-04 08:58:03,769] [MainProcess] Run : make_shares at node:4
[2026-08-04 08:58:03,771] [MainProcess] RunR: builtin_fetch_meta at node:4
[2026-08-04 08:58:03,774] [MainProcess] Run : make_shares at node:4
[2026-08-04 08:58:03,812] [MainProcess] RunR: builtin_fetch_meta at node:4
[2026-08-04 08:58:03,815] [MainProcess] Run : make_shares at node:4
[2026-08-04 08:58:03,818] [MainProcess] RunR: builtin_fetch_meta at node:4
[2026-08-04 08:58:03,820] [MainProcess] Run : make_shares at node:4
[2026-08-04 08:58:03,995] [MainProcess] RunR: builtin_fetch_meta at node:4
[2026-08-04 08:58:03,998] [MainProcess] Run : make_shares at node:4
[2026-08-04 08:58:04,001] [MainProcess] RunR: builtin_fetch_meta at node:4
[2026-08-04 08:58:04,003] [MainProcess] Run : make_shares at node:4
[2026-08-04 08:58:04,005] [MainProcess] RunR: builtin_fetch_meta at node:4
[2026-08-04 08:58:04,008] [MainProcess] Run : make_shares at node:4
[2026-08-04 08:58:04,010] [MainProcess] RunR: builtin_fetch_meta at node:4
[2026-08-04 08:58:04,013] [MainProcess] Run : make_shares at node:4
[2026-08-04 08:58:04,186] [MainProcess] RunR: builtin_fetch_meta at node:4
[2026-08-04 08:58:04,189] [MainProcess] Run : make_shares at node:4
[2026-08-04 08:58:04,191] [MainProcess] RunR: builtin_fetch_meta at node:4
[2026-08-04 08:58:04,194] [MainProcess] Run : make_shares at node:4
[2026-08-04 08:58:04,195] [MainProcess] RunR: builtin_fetch_meta at node:4
[2026-08-04 08:58:04,198] [MainProcess] Run : make_shares at node:4
[2026-08-04 08:58:04,199] [MainProcess] RunR: builtin_fetch_meta at node:4
[2026-08-04 08:58:04,202] [MainProcess] Run : make_shares at node:4
[2026-08-04 08:58:04,243] [MainProcess] RunR: builtin_fetch_meta at node:4
[2026-08-04 08:58:04,246] [MainProcess] Run : make_shares at node:4
[2026-08-04 08:58:04,248] [MainProcess] RunR: builtin_fetch_meta at node:4
[2026-08-04 08:58:04,251] [MainProcess] Run : make_shares at node:4
[2026-08-04 08:58:04,291] [MainProcess] RunR: builtin_fetch_meta at node:4
[2026-08-04 08:58:04,294] [MainProcess] Run : make_shares at node:4
[2026-08-04 08:58:04,296] [MainProcess] RunR: builtin_fetch_meta at node:4
[2026-08-04 08:58:04,298] [MainProcess] Run : make_shares at node:4
[2026-08-04 08:58:04,335] [MainProcess] RunR: builtin_fetch_meta at node:4
[2026-08-04 08:58:04,338] [MainProcess] Run : make_shares at node:4
[2026-08-04 08:58:04,340] [MainProcess] RunR: builtin_fetch_meta at node:4
[2026-08-04 08:58:04,342] [MainProcess] Run : make_shares at node:4
[2026-08-04 08:58:04,380] [MainProcess] RunR: builtin_fetch_meta at node:4
[2026-08-04 08:58:04,382] [MainProcess] Run : make_shares at node:4
[2026-08-04 08:58:04,385] [MainProcess] RunR: builtin_fetch_meta at node:4
[2026-08-04 08:58:04,387] [MainProcess] Run : make_shares at node:4
[2026-08-04 08:58:04,553] [MainProcess] RunR: builtin_fetch_meta at node:4
[2026-08-04 08:58:04,556] [MainProcess] Run : make_shares at node:4
[2026-08-04 08:58:04,558] [MainProcess] RunR: builtin_fetch_meta at node:4
[2026-08-04 08:58:04,560] [MainProcess] Run : make_shares at node:4
[2026-08-04 08:58:04,562] [MainProcess] RunR: builtin_fetch_meta at node:4
[2026-08-04 08:58:04,564] [MainProcess] Run : make_shares at node:4
[2026-08-04 08:58:04,566] [MainProcess] RunR: builtin_fetch_meta at node:4
[2026-08-04 08:58:04,568] [MainProcess] Run : make_shares at node:4
[2026-08-04 08:58:04,738] [MainProcess] RunR: builtin_fetch_meta at node:4
[2026-08-04 08:58:42,038] [MainProcess] RunR: builtin_fetch_object at node:4
[2026-08-04 08:58:42,110] [MainProcess] RunR: builtin_fetch_object at node:4
[2026-08-04 08:58:42,111] [MainProcess] RunR: builtin_fetch_object at node:4
[2026-08-04 08:58:42,112] [MainProcess] RunR: builtin_fetch_object at node:4
[2026-08-04 08:58:42,113] [MainProcess] RunR: builtin_fetch_object at node:4
[2026-08-04 08:58:42,114] [MainProcess] RunR: builtin_fetch_object at node:4
[2026-08-04 08:58:42,114] [MainProcess] RunR: builtin_fetch_object at node:4
[2026-08-04 08:58:42,132] [MainProcess] RunR: builtin_fetch_object at node:4
[2026-08-04 08:58:42,142] [MainProcess] RunR: builtin_fetch_object at node:4
[2026-08-04 08:58:42,227] [MainProcess] RunR: builtin_fetch_object at node:4
[2026-08-04 08:58:42,229] [MainProcess] RunR: builtin_fetch_object at node:4
[2026-08-04 08:58:42,518] [MainProcess] RunR: builtin_fetch_object at node:4
[2026-08-04 08:58:42,519] [MainProcess] RunR: builtin_fetch_object at node:4
[2026-08-04 08:58:42,520] [MainProcess] RunR: builtin_fetch_object at node:4
[2026-08-04 08:58:42,813] [MainProcess] RunR: builtin_fetch_object at node:4
[2026-08-04 08:58:45,638] [MainProcess] RunR: builtin_fetch_object at node:4
[2026-08-04 08:58:45,640] [MainProcess] RunR: builtin_fetch_object at node:4
[2026-08-04 08:58:45,668] [MainProcess] RunR: builtin_fetch_object at node:4
[2026-08-04 08:58:45,670] [MainProcess] RunR: builtin_fetch_object at node:4
[2026-08-04 08:58:45,698] [MainProcess] RunR: builtin_fetch_object at node:4
[2026-08-04 08:58:45,699] [MainProcess] RunR: builtin_fetch_object at node:4
[2026-08-04 08:58:45,701] [MainProcess] RunR: builtin_fetch_object at node:4
[2026-08-04 08:58:45,703] [MainProcess] RunR: builtin_fetch_object at node:4
[2026-08-04 08:58:45,704] [MainProcess] RunR: builtin_fetch_object at node:4
[2026-08-04 08:58:45,706] [MainProcess] RunR: builtin_fetch_object at node:4
[2026-08-04 08:58:45,719] [MainProcess] RunR: builtin_fetch_object at node:4
[2026-08-04 08:58:45,721] [MainProcess] RunR: builtin_fetch_object at node:4
[2026-08-04 08:58:45,729] [MainProcess] RunR: builtin_fetch_object at node:4
[2026-08-04 08:58:45,731] [MainProcess] RunR: builtin_fetch_object at node:4
[2026-08-04 08:58:45,732] [MainProcess] RunR: builtin_fetch_object at node:4
[2026-08-04 08:58:45,734] [MainProcess] RunR: builtin_fetch_object at node:4
[2026-08-04 08:58:45,736] [MainProcess] RunR: builtin_fetch_object at node:4
[2026-08-04 08:58:45,737] [MainProcess] RunR: builtin_fetch_object at node:4
[2026-08-04 08:58:45,749] [MainProcess] RunR: builtin_fetch_object at node:4
[2026-08-04 08:58:45,751] [MainProcess] RunR: builtin_fetch_object at node:4
[2026-08-04 08:58:45,764] [MainProcess] RunR: builtin_fetch_object at node:4
[2026-08-04 08:58:45,765] [MainProcess] RunR: builtin_fetch_object at node:4
[2026-08-04 08:58:45,767] [MainProcess] RunR: builtin_fetch_object at node:4
[2026-08-04 08:58:45,768] [MainProcess] RunR: builtin_fetch_object at node:4
[2026-08-04 08:58:45,770] [MainProcess] RunR: builtin_fetch_object at node:4
[2026-08-04 08:58:45,771] [MainProcess] RunR: builtin_fetch_object at node:4
[2026-08-04 08:58:45,780] [MainProcess] RunR: builtin_fetch_object at node:4
[2026-08-04 08:58:45,781] [MainProcess] RunR: builtin_fetch_object at node:4
[2026-08-04 08:58:45,800] [MainProcess] RunR: builtin_fetch_object at node:4
[2026-08-04 08:58:45,801] [MainProcess] RunR: builtin_fetch_object at node:4
[2026-08-04 08:58:45,816] [MainProcess] RunR: builtin_fetch_object at node:4
[2026-08-04 08:58:45,817] [MainProcess] RunR: builtin_fetch_object at node:4
[2026-08-04 08:58:45,825] [MainProcess] RunR: builtin_fetch_object at node:4
[2026-08-04 08:58:45,827] [MainProcess] RunR: builtin_fetch_object at node:4
[2026-08-04 08:58:45,847] [MainProcess] RunR: builtin_fetch_object at node:4
[2026-08-04 08:58:45,849] [MainProcess] RunR: builtin_fetch_object at node:4
[2026-08-04 08:58:45,857] [MainProcess] RunR: builtin_fetch_object at node:4
[2026-08-04 08:58:45,858] [MainProcess] RunR: builtin_fetch_object at node:4
[2026-08-04 08:58:45,874] [MainProcess] RunR: builtin_fetch_object at node:4
[2026-08-04 08:58:45,876] [MainProcess] RunR: builtin_fetch_object at node:4
[2026-08-04 08:58:45,888] [MainProcess] RunR: builtin_fetch_object at node:4
[2026-08-04 08:58:45,890] [MainProcess] RunR: builtin_fetch_object at node:4
[2026-08-04 08:58:45,922] [MainProcess] RunR: builtin_fetch_object at node:4
[2026-08-04 08:58:45,923] [MainProcess] RunR: builtin_fetch_object at node:4
[2026-08-04 08:58:45,925] [MainProcess] RunR: builtin_fetch_object at node:4
[2026-08-04 08:58:45,925] [MainProcess] RunR: builtin_fetch_object at node:4
[2026-08-04 08:58:46,041] [MainProcess] RunR: builtin_fetch_object at node:4
[2026-08-04 08:58:46,056] [MainProcess] RunR: builtin_fetch_object at node:4
[2026-08-04 08:58:46,121] [MainProcess] RunR: builtin_fetch_object at node:4
[2026-08-04 08:58:46,123] [MainProcess] RunR: builtin_fetch_object at node:4
[2026-08-04 08:58:46,138] [MainProcess] RunR: builtin_fetch_object at node:4
[2026-08-04 08:58:46,140] [MainProcess] RunR: builtin_fetch_object at node:4
[2026-08-04 08:58:46,210] [MainProcess] RunR: builtin_fetch_object at node:4
[2026-08-04 08:58:46,229] [MainProcess] RunR: builtin_fetch_object at node:4
[2026-08-04 08:58:46,232] [MainProcess] RunR: builtin_fetch_object at node:4
[2026-08-04 08:58:46,234] [MainProcess] RunR: builtin_fetch_object at node:4
[2026-08-04 08:58:46,284] [MainProcess] RunR: builtin_fetch_object at node:4
[2026-08-04 08:58:46,284] [MainProcess] RunR: builtin_fetch_object at node:4
[2026-08-04 08:58:46,300] [MainProcess] RunR: builtin_fetch_object at node:4
[2026-08-04 08:58:46,300] [MainProcess] RunR: builtin_fetch_object at node:4
[2026-08-04 08:58:46,302] [MainProcess] RunR: builtin_fetch_object at node:4
[2026-08-04 08:58:46,303] [MainProcess] RunR: builtin_fetch_object at node:4
[2026-08-04 08:58:46,314] [MainProcess] RunR: builtin_fetch_object at node:4
[2026-08-04 08:58:46,330] [MainProcess] RunR: builtin_fetch_object at node:4
[2026-08-04 08:58:46,366] [MainProcess] RunR: builtin_fetch_object at node:4
[2026-08-04 08:58:46,368] [MainProcess] RunR: builtin_fetch_object at node:4
[2026-08-04 08:58:46,402] [MainProcess] RunR: builtin_fetch_object at node:4
[2026-08-04 08:58:46,404] [MainProcess] RunR: builtin_fetch_object at node:4
[2026-08-04 08:58:46,406] [MainProcess] RunR: builtin_fetch_object at node:4
[2026-08-04 08:58:46,417] [MainProcess] RunR: builtin_fetch_object at node:4
[2026-08-04 08:58:46,435] [MainProcess] RunR: builtin_fetch_object at node:4
[2026-08-04 08:58:46,437] [MainProcess] RunR: builtin_fetch_object at node:4
[2026-08-04 08:58:46,457] [MainProcess] RunR: builtin_fetch_object at node:4
[2026-08-04 08:58:46,459] [MainProcess] RunR: builtin_fetch_object at node:4
[2026-08-04 08:58:46,474] [MainProcess] RunR: builtin_fetch_object at node:4
[2026-08-04 08:58:46,475] [MainProcess] RunR: builtin_fetch_object at node:4
[2026-08-04 08:58:46,477] [MainProcess] RunR: builtin_fetch_object at node:4
[2026-08-04 08:58:46,478] [MainProcess] RunR: builtin_fetch_object at node:4
[2026-08-04 08:58:46,489] [MainProcess] RunR: builtin_fetch_object at node:4
[2026-08-04 08:58:46,491] [MainProcess] RunR: builtin_fetch_object at node:4
[2026-08-04 08:58:46,501] [MainProcess] RunR: builtin_fetch_object at node:4
[2026-08-04 08:58:46,503] [MainProcess] RunR: builtin_fetch_object at node:4
[2026-08-04 08:58:46,514] [MainProcess] RunR: builtin_fetch_object at node:4
[2026-08-04 08:58:46,515] [MainProcess] RunR: builtin_fetch_object at node:4
[2026-08-04 08:58:46,535] [MainProcess] RunR: builtin_fetch_object at node:4
[2026-08-04 08:58:46,537] [MainProcess] RunR: builtin_fetch_object at node:4
[2026-08-04 08:58:46,564] [MainProcess] RunR: builtin_fetch_object at node:4
[2026-08-04 08:58:46,564] [MainProcess] RunR: builtin_fetch_object at node:4
[2026-08-04 08:58:46,566] [MainProcess] RunR: builtin_fetch_object at node:4
[2026-08-04 08:58:46,566] [MainProcess] RunR: builtin_fetch_object at node:4
[2026-08-04 08:58:46,609] [MainProcess] RunR: builtin_fetch_object at node:4
[2026-08-04 08:58:46,611] [MainProcess] RunR: builtin_fetch_object at node:4
[2026-08-04 08:58:46,634] [MainProcess] RunR: builtin_fetch_object at node:4
[2026-08-04 08:58:46,637] [MainProcess] RunR: builtin_fetch_object at node:4
[2026-08-04 08:58:46,688] [MainProcess] RunR: builtin_fetch_object at node:4
[2026-08-04 08:58:46,690] [MainProcess] RunR: builtin_fetch_object at node:4
[2026-08-04 08:58:46,771] [MainProcess] RunR: builtin_fetch_object at node:4
[2026-08-04 08:58:46,773] [MainProcess] RunR: builtin_fetch_object at node:4
[2026-08-04 08:58:46,784] [MainProcess] RunR: builtin_fetch_object at node:4
[2026-08-04 08:58:46,786] [MainProcess] RunR: builtin_fetch_object at node:4
[2026-08-04 08:58:46,821] [MainProcess] RunR: builtin_fetch_object at node:4
[2026-08-04 08:58:46,822] [MainProcess] RunR: builtin_fetch_object at node:4
[2026-08-04 08:58:46,823] [MainProcess] RunR: builtin_fetch_object at node:4
[2026-08-04 08:58:46,824] [MainProcess] RunR: builtin_fetch_object at node:4
[2026-08-04 08:58:46,835] [MainProcess] RunR: builtin_fetch_object at node:4
[2026-08-04 08:58:46,836] [MainProcess] RunR: builtin_fetch_object at node:4
[2026-08-04 08:58:46,837] [MainProcess] RunR: builtin_fetch_object at node:4
[2026-08-04 08:58:46,855] [MainProcess] RunR: builtin_fetch_object at node:4
[2026-08-04 08:58:47,008] [MainProcess] RunR: builtin_fetch_object at node:4
[2026-08-04 08:58:47,011] [MainProcess] RunR: builtin_fetch_object at node:4
[2026-08-04 08:58:47,013] [MainProcess] RunR: builtin_fetch_object at node:4
[2026-08-04 08:58:47,015] [MainProcess] RunR: builtin_fetch_object at node:4
[2026-08-04 08:58:47,036] [MainProcess] RunR: builtin_fetch_object at node:4
[2026-08-04 08:58:47,039] [MainProcess] RunR: builtin_fetch_object at node:4
[2026-08-04 08:58:47,041] [MainProcess] RunR: builtin_fetch_object at node:4
[2026-08-04 08:58:47,042] [MainProcess] RunR: builtin_fetch_object at node:4
[2026-08-04 08:58:47,057] [MainProcess] RunR: builtin_fetch_object at node:4
[2026-08-04 08:58:47,057] [MainProcess] RunR: builtin_fetch_object at node:4
[2026-08-04 08:58:47,059] [MainProcess] RunR: builtin_fetch_object at node:4
[2026-08-04 08:58:47,059] [MainProcess] RunR: builtin_fetch_object at node:4
[2026-08-04 08:58:47,072] [MainProcess] RunR: builtin_fetch_object at node:4
[2026-08-04 08:58:47,074] [MainProcess] RunR: builtin_fetch_object at node:4
[2026-08-04 08:58:47,087] [MainProcess] RunR: builtin_fetch_object at node:4
[2026-08-04 08:58:47,089] [MainProcess] RunR: builtin_fetch_object at node:4
[2026-08-04 08:58:47,105] [MainProcess] RunR: builtin_fetch_object at node:4
[2026-08-04 08:58:47,107] [MainProcess] RunR: builtin_fetch_object at node:4
[2026-08-04 08:58:47,120] [MainProcess] RunR: builtin_fetch_object at node:4
[2026-08-04 08:58:47,122] [MainProcess] RunR: builtin_fetch_object at node:4
[2026-08-04 08:58:47,135] [MainProcess] RunR: builtin_fetch_object at node:4
[2026-08-04 08:58:47,137] [MainProcess] RunR: builtin_fetch_object at node:4
[2026-08-04 08:58:47,153] [MainProcess] RunR: builtin_fetch_object at node:4
[2026-08-04 08:58:47,155] [MainProcess] RunR: builtin_fetch_object at node:4
[2026-08-04 08:58:47,167] [MainProcess] RunR: builtin_fetch_object at node:4
[2026-08-04 08:58:47,169] [MainProcess] RunR: builtin_fetch_object at node:4
[2026-08-04 08:58:47,187] [MainProcess] RunR: builtin_fetch_object at node:4
[2026-08-04 08:58:47,189] [MainProcess] RunR: builtin_fetch_object at node:4
[2026-08-04 08:58:47,200] [MainProcess] RunR: builtin_fetch_object at node:4
[2026-08-04 08:58:47,202] [MainProcess] RunR: builtin_fetch_object at node:4
[2026-08-04 08:58:47,236] [MainProcess] RunR: builtin_fetch_object at node:4
[2026-08-04 08:58:47,238] [MainProcess] RunR: builtin_fetch_object at node:4
[2026-08-04 08:58:47,269] [MainProcess] RunR: builtin_fetch_object at node:4
[2026-08-04 08:58:47,271] [MainProcess] RunR: builtin_fetch_object at node:4
[2026-08-04 08:58:47,340] [MainProcess] RunR: builtin_fetch_object at node:4
[2026-08-04 08:58:47,342] [MainProcess] RunR: builtin_fetch_object at node:4
[2026-08-04 08:58:47,460] [MainProcess] RunR: builtin_fetch_object at node:4
[2026-08-04 08:58:47,476] [MainProcess] RunR: builtin_fetch_object at node:4
[2026-08-04 08:58:47,583] [MainProcess] RunR: builtin_fetch_object at node:4
[2026-08-04 08:58:47,586] [MainProcess] RunR: builtin_fetch_object at node:4
[2026-08-04 08:58:47,648] [MainProcess] RunR: builtin_fetch_object at node:4
[2026-08-04 08:58:47,651] [MainProcess] RunR: builtin_fetch_object at node:4
[2026-08-04 08:58:47,664] [MainProcess] RunR: builtin_fetch_object at node:4
[2026-08-04 08:58:47,667] [MainProcess] RunR: builtin_fetch_object at node:4
[2026-08-04 08:58:47,705] [MainProcess] RunR: builtin_fetch_object at node:4
[2026-08-04 08:58:47,726] [MainProcess] RunR: builtin_fetch_object at node:4
[2026-08-04 08:58:47,728] [MainProcess] RunR: builtin_fetch_object at node:4
[2026-08-04 08:58:47,741] [MainProcess] RunR: builtin_fetch_object at node:4
[2026-08-04 08:58:47,861] [MainProcess] RunR: builtin_fetch_object at node:4
[2026-08-04 08:58:47,879] [MainProcess] RunR: builtin_fetch_object at node:4
[2026-08-04 08:58:47,881] [MainProcess] RunR: builtin_fetch_object at node:4
[2026-08-04 08:58:47,933] [MainProcess] RunR: builtin_fetch_object at node:4
[2026-08-04 08:58:47,957] [MainProcess] RunR: builtin_fetch_object at node:4
[2026-08-04 08:58:47,959] [MainProcess] RunR: builtin_fetch_object at node:4
[2026-08-04 08:58:47,969] [MainProcess] RunR: builtin_fetch_object at node:4
[2026-08-04 08:58:47,975] [MainProcess] RunR: builtin_fetch_object at node:4
[2026-08-04 08:58:47,977] [MainProcess] RunR: builtin_fetch_object at node:4
[2026-08-04 08:58:47,985] [MainProcess] RunR: builtin_fetch_object at node:4
[2026-08-04 08:58:48,028] [MainProcess] RunR: builtin_fetch_object at node:4
[2026-08-04 08:58:48,030] [MainProcess] RunR: builtin_fetch_object at node:4
[2026-08-04 08:58:48,031] [MainProcess] RunR: builtin_fetch_object at node:4
[2026-08-04 08:58:48,032] [MainProcess] RunR: builtin_fetch_object at node:4
[2026-08-04 08:58:48,033] [MainProcess] RunR: builtin_fetch_object at node:4
[2026-08-04 08:58:48,044] [MainProcess] RunR: builtin_fetch_object at node:4
[2026-08-04 08:58:48,056] [MainProcess] RunR: builtin_fetch_object at node:4
[2026-08-04 08:58:48,058] [MainProcess] RunR: builtin_fetch_object at node:4
[2026-08-04 08:58:48,124] [MainProcess] RunR: builtin_fetch_object at node:4
[2026-08-04 08:58:48,126] [MainProcess] RunR: builtin_fetch_object at node:4
[2026-08-04 08:58:48,138] [MainProcess] RunR: builtin_fetch_object at node:4
[2026-08-04 08:58:48,140] [MainProcess] RunR: builtin_fetch_object at node:4
[2026-08-04 08:58:48,153] [MainProcess] RunR: builtin_fetch_object at node:4
[2026-08-04 08:58:48,154] [MainProcess] RunR: builtin_fetch_object at node:4
[2026-08-04 08:58:48,248] [MainProcess] RunR: builtin_fetch_object at node:4
[2026-08-04 08:58:48,250] [MainProcess] RunR: builtin_fetch_object at node:4
[2026-08-04 08:58:48,261] [MainProcess] RunR: builtin_fetch_object at node:4
[2026-08-04 08:58:48,263] [MainProcess] RunR: builtin_fetch_object at node:4
[2026-08-04 08:58:48,274] [MainProcess] RunR: builtin_fetch_object at node:4
[2026-08-04 08:58:48,276] [MainProcess] RunR: builtin_fetch_object at node:4
[2026-08-04 08:58:48,302] [MainProcess] RunR: builtin_fetch_object at node:4
[2026-08-04 08:58:48,304] [MainProcess] RunR: builtin_fetch_object at node:4
[2026-08-04 08:58:48,414] [MainProcess] RunR: builtin_fetch_object at node:4
[2026-08-04 08:58:48,530] [MainProcess] RunR: builtin_fetch_object at node:4
[2026-08-04 08:58:48,615] [MainProcess] RunR: builtin_fetch_object at node:4
[2026-08-04 08:58:48,617] [MainProcess] RunR: builtin_fetch_object at node:4
[2026-08-04 08:58:48,618] [MainProcess] RunR: builtin_fetch_object at node:4
[2026-08-04 08:58:48,619] [MainProcess] RunR: builtin_fetch_object at node:4
[2026-08-04 08:58:48,619] [MainProcess] RunR: builtin_fetch_object at node:4
[2026-08-04 08:58:48,660] [MainProcess] RunR: builtin_fetch_object at node:4
[2026-08-04 08:58:48,661] [MainProcess] RunR: builtin_fetch_object at node:4
[2026-08-04 08:58:48,662] [MainProcess] RunR: builtin_fetch_object at node:4
[2026-08-04 08:58:48,704] [MainProcess] RunR: builtin_fetch_object at node:4
[2026-08-04 08:58:48,744] [MainProcess] RunR: builtin_fetch_object at node:4
[2026-08-04 08:58:48,820] [MainProcess] RunR: builtin_fetch_object at node:4
[2026-08-04 08:58:48,823] [MainProcess] RunR: builtin_fetch_object at node:4
[2026-08-04 08:58:48,831] [MainProcess] RunR: builtin_fetch_object at node:4
[2026-08-04 08:58:48,916] [MainProcess] RunR: builtin_fetch_object at node:4
[2026-08-04 08:58:48,940] [MainProcess] RunR: builtin_fetch_object at node:4
[2026-08-04 08:58:48,942] [MainProcess] RunR: builtin_fetch_object at node:4
[2026-08-04 08:58:48,961] [MainProcess] RunR: builtin_fetch_object at node:4
[2026-08-04 08:58:48,962] [MainProcess] RunR: builtin_fetch_object at node:4
[2026-08-04 08:58:49,035] [MainProcess] RunR: builtin_fetch_object at node:4
[2026-08-04 08:58:49,037] [MainProcess] RunR: builtin_fetch_object at node:4
[2026-08-04 08:58:49,050] [MainProcess] RunR: builtin_fetch_object at node:4
[2026-08-04 08:58:49,051] [MainProcess] RunR: builtin_fetch_object at node:4
[2026-08-04 08:58:49,053] [MainProcess] RunR: builtin_fetch_object at node:4
[2026-08-04 08:58:49,059] [MainProcess] RunR: builtin_fetch_object at node:4
[2026-08-04 08:58:49,110] [MainProcess] RunR: builtin_fetch_object at node:4
[2026-08-04 08:58:49,111] [MainProcess] RunR: builtin_fetch_object at node:4
[2026-08-04 08:58:49,112] [MainProcess] RunR: builtin_fetch_object at node:4
[2026-08-04 08:58:49,123] [MainProcess] RunR: builtin_fetch_object at node:4
[2026-08-04 08:58:49,124] [MainProcess] RunR: builtin_fetch_object at node:4
[2026-08-04 08:58:49,126] [MainProcess] RunR: builtin_fetch_object at node:4
[2026-08-04 08:58:49,126] [MainProcess] RunR: builtin_fetch_object at node:4
[2026-08-04 08:58:49,137] [MainProcess] RunR: builtin_fetch_object at node:4
[2026-08-04 08:58:49,238] [MainProcess] RunR: builtin_fetch_object at node:4
[2026-08-04 08:58:49,240] [MainProcess] RunR: builtin_fetch_object at node:4
[2026-08-04 08:58:49,252] [MainProcess] RunR: builtin_fetch_object at node:4
[2026-08-04 08:58:49,254] [MainProcess] RunR: builtin_fetch_object at node:4
[2026-08-04 08:58:49,264] [MainProcess] RunR: builtin_fetch_object at node:4
[2026-08-04 08:58:49,266] [MainProcess] RunR: builtin_fetch_object at node:4
[2026-08-04 08:58:49,368] [MainProcess] RunR: builtin_fetch_object at node:4
[2026-08-04 08:58:49,370] [MainProcess] RunR: builtin_fetch_object at node:4
[2026-08-04 08:58:49,382] [MainProcess] RunR: builtin_fetch_object at node:4
[2026-08-04 08:58:49,384] [MainProcess] RunR: builtin_fetch_object at node:4
[2026-08-04 08:58:49,497] [MainProcess] RunR: builtin_fetch_object at node:4
[2026-08-04 08:58:49,499] [MainProcess] RunR: builtin_fetch_object at node:4
[2026-08-04 08:58:49,520] [MainProcess] RunR: builtin_fetch_object at node:4
[2026-08-04 08:58:49,527] [MainProcess] RunR: builtin_fetch_object at node:4
[2026-08-04 08:58:49,578] [MainProcess] RunR: builtin_fetch_object at node:4
[2026-08-04 08:58:49,663] [MainProcess] RunR: builtin_fetch_object at node:4
[2026-08-04 08:58:49,783] [MainProcess] RunR: builtin_fetch_object at node:4
[2026-08-04 08:58:49,785] [MainProcess] RunR: builtin_fetch_object at node:4
[2026-08-04 08:58:49,787] [MainProcess] RunR: builtin_fetch_object at node:4
[2026-08-04 08:58:49,788] [MainProcess] RunR: builtin_fetch_object at node:4
[2026-08-04 08:58:49,828] [MainProcess] RunR: builtin_fetch_object at node:4
[2026-08-04 08:58:49,829] [MainProcess] RunR: builtin_fetch_object at node:4
[2026-08-04 08:58:49,831] [MainProcess] RunR: builtin_fetch_object at node:4
[2026-08-04 08:58:49,857] [MainProcess] RunR: builtin_fetch_object at node:4
[2026-08-04 08:58:49,903] [MainProcess] RunR: builtin_fetch_object at node:4
[2026-08-04 08:58:49,928] [MainProcess] RunR: builtin_fetch_object at node:4
[2026-08-04 08:58:50,021] [MainProcess] RunR: builtin_fetch_object at node:4
[2026-08-04 08:58:50,106] [MainProcess] RunR: builtin_fetch_object at node:4
[2026-08-04 08:58:50,108] [MainProcess] RunR: builtin_fetch_object at node:4
[2026-08-04 08:58:50,110] [MainProcess] RunR: builtin_fetch_object at node:4
[2026-08-04 08:58:50,137] [MainProcess] RunR: builtin_fetch_object at node:4
[2026-08-04 08:58:50,139] [MainProcess] RunR: builtin_fetch_object at node:4
[2026-08-04 08:58:50,141] [MainProcess] RunR: builtin_fetch_object at node:4
[2026-08-04 08:58:50,143] [MainProcess] RunR: builtin_fetch_object at node:4
[2026-08-04 08:58:50,260] [MainProcess] RunR: builtin_fetch_object at node:4
[2026-08-04 08:58:50,261] [MainProcess] RunR: builtin_fetch_object at node:4
[2026-08-04 08:58:50,262] [MainProcess] RunR: builtin_fetch_object at node:4
[2026-08-04 08:58:50,263] [MainProcess] RunR: builtin_fetch_object at node:4
[2026-08-04 08:58:50,285] [MainProcess] RunR: builtin_fetch_object at node:4
[2026-08-04 08:58:50,288] [MainProcess] RunR: builtin_fetch_object at node:4
[2026-08-04 08:58:50,311] [MainProcess] RunR: builtin_fetch_object at node:4
[2026-08-04 08:58:50,313] [MainProcess] RunR: builtin_fetch_object at node:4
[2026-08-04 08:58:50,333] [MainProcess] RunR: builtin_fetch_object at node:4
[2026-08-04 08:58:50,336] [MainProcess] RunR: builtin_fetch_object at node:4
[2026-08-04 08:58:50,358] [MainProcess] RunR: builtin_fetch_object at node:4
[2026-08-04 08:58:50,360] [MainProcess] RunR: builtin_fetch_object at node:4
[2026-08-04 08:58:50,373] [MainProcess] RunR: builtin_fetch_object at node:4
[2026-08-04 08:58:50,374] [MainProcess] RunR: builtin_fetch_object at node:4
[2026-08-04 08:58:50,375] [MainProcess] RunR: builtin_fetch_object at node:4
[2026-08-04 08:58:50,376] [MainProcess] RunR: builtin_fetch_object at node:4
[2026-08-04 08:58:50,389] [MainProcess] RunR: builtin_fetch_object at node:4
[2026-08-04 08:58:50,391] [MainProcess] RunR: builtin_fetch_object at node:4
[2026-08-04 08:58:50,403] [MainProcess] RunR: builtin_fetch_object at node:4
[2026-08-04 08:58:50,404] [MainProcess] RunR: builtin_fetch_object at node:4
[2026-08-04 08:58:50,441] [MainProcess] RunR: builtin_fetch_object at node:4
[2026-08-04 08:58:50,441] [MainProcess] RunR: builtin_fetch_object at node:4
[2026-08-04 08:58:50,457] [MainProcess] RunR: builtin_fetch_object at node:4
[2026-08-04 08:58:50,477] [MainProcess] RunR: builtin_fetch_object at node:4
[2026-08-04 08:58:50,509] [MainProcess] RunR: builtin_fetch_object at node:4
[2026-08-04 08:58:50,511] [MainProcess] RunR: builtin_fetch_object at node:4
[2026-08-04 08:58:50,547] [MainProcess] RunR: builtin_fetch_object at node:4
[2026-08-04 08:58:50,547] [MainProcess] RunR: builtin_fetch_object at node:4
[2026-08-04 08:58:50,549] [MainProcess] RunR: builtin_fetch_object at node:4
[2026-08-04 08:58:50,549] [MainProcess] RunR: builtin_fetch_object at node:4
[2026-08-04 08:58:50,572] [MainProcess] RunR: builtin_fetch_object at node:4
[2026-08-04 08:58:50,574] [MainProcess] RunR: builtin_fetch_object at node:4
[2026-08-04 08:58:50,698] [MainProcess] RunR: builtin_fetch_object at node:4
[2026-08-04 08:58:50,700] [MainProcess] RunR: builtin_fetch_object at node:4
[2026-08-04 08:58:50,831] [MainProcess] RunR: builtin_fetch_object at node:4
[2026-08-04 08:58:50,834] [MainProcess] RunR: builtin_fetch_object at node:4
[2026-08-04 08:58:50,865] [MainProcess] RunR: builtin_fetch_object at node:4
[2026-08-04 08:58:50,867] [MainProcess] RunR: builtin_fetch_object at node:4
[2026-08-04 08:58:50,869] [MainProcess] RunR: builtin_fetch_object at node:4
[2026-08-04 08:58:50,878] [MainProcess] RunR: builtin_fetch_object at node:4
[2026-08-04 08:58:50,922] [MainProcess] RunR: builtin_fetch_object at node:4
[2026-08-04 08:58:50,946] [MainProcess] RunR: builtin_fetch_object at node:4
[2026-08-04 08:58:50,948] [MainProcess] RunR: builtin_fetch_object at node:4
[2026-08-04 08:58:50,960] [MainProcess] RunR: builtin_fetch_object at node:4
[2026-08-04 08:58:51,068] [MainProcess] RunR: builtin_fetch_object at node:4
[2026-08-04 08:58:51,069] [MainProcess] RunR: builtin_fetch_object at node:4
[2026-08-04 08:58:51,071] [MainProcess] RunR: builtin_fetch_object at node:4
[2026-08-04 08:58:51,073] [MainProcess] RunR: builtin_fetch_object at node:4
[2026-08-04 08:58:51,110] [MainProcess] RunR: builtin_fetch_object at node:4
[2026-08-04 08:58:51,110] [MainProcess] RunR: builtin_fetch_object at node:4
[2026-08-04 08:58:51,112] [MainProcess] RunR: builtin_fetch_object at node:4
[2026-08-04 08:58:51,112] [MainProcess] RunR: builtin_fetch_object at node:4
[2026-08-04 08:58:51,138] [MainProcess] RunR: builtin_fetch_object at node:4
[2026-08-04 08:58:51,140] [MainProcess] RunR: builtin_fetch_object at node:4
[2026-08-04 08:58:51,164] [MainProcess] RunR: builtin_fetch_object at node:4
[2026-08-04 08:58:51,173] [MainProcess] RunR: builtin_fetch_object at node:4
[2026-08-04 08:58:51,187] [MainProcess] RunR: builtin_fetch_object at node:4
[2026-08-04 08:58:51,189] [MainProcess] RunR: builtin_fetch_object at node:4
[2026-08-04 08:58:51,216] [MainProcess] RunR: builtin_fetch_object at node:4
[2026-08-04 08:58:51,218] [MainProcess] RunR: builtin_fetch_object at node:4
[2026-08-04 08:58:51,218] [MainProcess] RunR: builtin_fetch_object at node:4
[2026-08-04 08:58:51,220] [MainProcess] RunR: builtin_fetch_object at node:4
[2026-08-04 08:58:51,220] [MainProcess] RunR: builtin_fetch_object at node:4
[2026-08-04 08:58:51,230] [MainProcess] RunR: builtin_fetch_object at node:4
[2026-08-04 08:58:51,237] [MainProcess] RunR: builtin_fetch_object at node:4
[2026-08-04 08:58:51,239] [MainProcess] RunR: builtin_fetch_object at node:4
[2026-08-04 08:58:51,259] [MainProcess] RunR: builtin_fetch_object at node:4
[2026-08-04 08:58:51,261] [MainProcess] RunR: builtin_fetch_object at node:4
[2026-08-04 08:58:51,271] [MainProcess] RunR: builtin_fetch_object at node:4
[2026-08-04 08:58:51,273] [MainProcess] RunR: builtin_fetch_object at node:4
[2026-08-04 08:58:51,397] [MainProcess] RunR: builtin_fetch_object at node:4
[2026-08-04 08:58:51,397] [MainProcess] RunR: builtin_fetch_object at node:4
[2026-08-04 08:58:51,399] [MainProcess] RunR: builtin_fetch_object at node:4
[2026-08-04 08:58:51,427] [MainProcess] RunR: builtin_fetch_object at node:4
[2026-08-04 08:58:51,465] [MainProcess] RunR: builtin_fetch_object at node:4
[2026-08-04 08:58:51,467] [MainProcess] RunR: builtin_fetch_object at node:4
[2026-08-04 08:58:51,519] [MainProcess] RunR: builtin_fetch_object at node:4
[2026-08-04 08:58:51,531] [MainProcess] RunR: builtin_fetch_object at node:4
[2026-08-04 08:58:51,556] [MainProcess] RunR: builtin_fetch_object at node:4
[2026-08-04 08:58:51,649] [MainProcess] RunR: builtin_fetch_object at node:4
[2026-08-04 08:58:51,651] [MainProcess] RunR: builtin_fetch_object at node:4
[2026-08-04 08:58:51,656] [MainProcess] RunR: builtin_fetch_object at node:4
[2026-08-04 08:58:51,702] [MainProcess] RunR: builtin_fetch_object at node:4
[2026-08-04 08:58:51,704] [MainProcess] RunR: builtin_fetch_object at node:4
[2026-08-04 08:58:51,800] [MainProcess] RunR: builtin_fetch_object at node:4
[2026-08-04 08:58:51,822] [MainProcess] RunR: builtin_fetch_object at node:4
[2026-08-04 08:58:51,824] [MainProcess] RunR: builtin_fetch_object at node:4
[2026-08-04 08:58:51,836] [MainProcess] RunR: builtin_fetch_object at node:4
[2026-08-04 08:58:51,936] [MainProcess] RunR: builtin_fetch_object at node:4
[2026-08-04 08:58:51,951] [MainProcess] RunR: builtin_fetch_object at node:4
[2026-08-04 08:58:52,037] [MainProcess] RunR: builtin_fetch_object at node:4
[2026-08-04 08:58:52,049] [MainProcess] RunR: builtin_fetch_object at node:4
[2026-08-04 08:58:52,070] [MainProcess] RunR: builtin_fetch_object at node:4
[2026-08-04 08:58:52,072] [MainProcess] RunR: builtin_fetch_object at node:4
[2026-08-04 08:58:52,074] [MainProcess] RunR: builtin_fetch_object at node:4
[2026-08-04 08:58:52,076] [MainProcess] RunR: builtin_fetch_object at node:4
[2026-08-04 08:58:52,199] [MainProcess] RunR: builtin_fetch_object at node:4
[2026-08-04 08:58:52,199] [MainProcess] RunR: builtin_fetch_object at node:4
[2026-08-04 08:58:52,201] [MainProcess] RunR: builtin_fetch_object at node:4
[2026-08-04 08:58:52,202] [MainProcess] RunR: builtin_fetch_object at node:4
[2026-08-04 08:58:52,229] [MainProcess] RunR: builtin_fetch_object at node:4
[2026-08-04 08:58:52,231] [MainProcess] RunR: builtin_fetch_object at node:4
[2026-08-04 08:58:52,254] [MainProcess] RunR: builtin_fetch_object at node:4
[2026-08-04 08:58:52,256] [MainProcess] RunR: builtin_fetch_object at node:4
[2026-08-04 08:58:52,330] [MainProcess] RunR: builtin_fetch_object at node:4
[2026-08-04 08:58:52,332] [MainProcess] RunR: builtin_fetch_object at node:4
[2026-08-04 08:58:52,360] [MainProcess] RunR: builtin_fetch_object at node:4
[2026-08-04 08:58:52,362] [MainProcess] RunR: builtin_fetch_object at node:4
[2026-08-04 08:58:52,457] [MainProcess] RunR: builtin_fetch_object at node:4
[2026-08-04 08:58:52,459] [MainProcess] RunR: builtin_fetch_object at node:4
[2026-08-04 08:58:52,461] [MainProcess] RunR: builtin_fetch_object at node:4
[2026-08-04 08:58:52,462] [MainProcess] RunR: builtin_fetch_object at node:4
[2026-08-04 08:58:52,463] [MainProcess] RunR: builtin_fetch_object at node:4
[2026-08-04 08:58:52,477] [MainProcess] RunR: builtin_fetch_object at node:4
[2026-08-04 08:58:52,502] [MainProcess] RunR: builtin_fetch_object at node:4
[2026-08-04 08:58:52,505] [MainProcess] RunR: builtin_fetch_object at node:4
[2026-08-04 08:58:52,536] [MainProcess] RunR: builtin_fetch_object at node:4
[2026-08-04 08:58:52,537] [MainProcess] RunR: builtin_fetch_object at node:4
[2026-08-04 08:58:52,539] [MainProcess] RunR: builtin_fetch_object at node:4
[2026-08-04 08:58:52,539] [MainProcess] RunR: builtin_fetch_object at node:4
[2026-08-04 08:58:52,636] [MainProcess] RunR: builtin_fetch_object at node:4
[2026-08-04 08:58:52,638] [MainProcess] RunR: builtin_fetch_object at node:4
[2026-08-04 08:58:52,675] [MainProcess] RunR: builtin_fetch_object at node:4
[2026-08-04 08:58:52,677] [MainProcess] RunR: builtin_fetch_object at node:4
[2026-08-04 08:58:52,784] [MainProcess] RunR: builtin_fetch_object at node:4
[2026-08-04 08:58:52,785] [MainProcess] RunR: builtin_fetch_object at node:4
[2026-08-04 08:58:52,786] [MainProcess] RunR: builtin_fetch_object at node:4
[2026-08-04 08:58:52,891] [MainProcess] RunR: builtin_fetch_object at node:4
[2026-08-04 08:58:52,895] [MainProcess] RunR: builtin_fetch_object at node:4
[2026-08-04 08:58:52,897] [MainProcess] RunR: builtin_fetch_object at node:4
[2026-08-04 08:58:52,929] [MainProcess] RunR: builtin_fetch_object at node:4
[2026-08-04 08:58:52,931] [MainProcess] RunR: builtin_fetch_object at node:4
[2026-08-04 08:58:53,009] [MainProcess] RunR: builtin_fetch_object at node:4
[2026-08-04 08:58:53,012] [MainProcess] RunR: builtin_fetch_object at node:4
[2026-08-04 08:58:53,025] [MainProcess] RunR: builtin_fetch_object at node:4
[2026-08-04 08:58:53,027] [MainProcess] RunR: builtin_fetch_object at node:4
[2026-08-04 08:58:53,075] [MainProcess] RunR: builtin_fetch_object at node:4
[2026-08-04 08:58:53,077] [MainProcess] RunR: builtin_fetch_object at node:4
[2026-08-04 08:58:53,079] [MainProcess] RunR: builtin_fetch_object at node:4
[2026-08-04 08:58:53,080] [MainProcess] RunR: builtin_fetch_object at node:4
[2026-08-04 08:58:53,174] [MainProcess] RunR: builtin_fetch_object at node:4
[2026-08-04 08:58:53,177] [MainProcess] RunR: builtin_fetch_object at node:4
[2026-08-04 08:58:53,179] [MainProcess] RunR: builtin_fetch_object at node:4
[2026-08-04 08:58:53,191] [MainProcess] RunR: builtin_fetch_object at node:4
[2026-08-04 08:58:53,310] [MainProcess] RunR: builtin_fetch_object at node:4
[2026-08-04 08:58:53,312] [MainProcess] RunR: builtin_fetch_object at node:4
[2026-08-04 08:58:53,342] [MainProcess] RunR: builtin_fetch_object at node:4
[2026-08-04 08:58:53,344] [MainProcess] RunR: builtin_fetch_object at node:4
[2026-08-04 08:58:53,362] [MainProcess] RunR: builtin_fetch_object at node:4
[2026-08-04 08:58:53,363] [MainProcess] RunR: builtin_fetch_object at node:4
[2026-08-04 08:58:53,364] [MainProcess] RunR: builtin_fetch_object at node:4
[2026-08-04 08:58:53,382] [MainProcess] RunR: builtin_fetch_object at node:4
[2026-08-04 08:58:53,402] [MainProcess] RunR: builtin_fetch_object at node:4
[2026-08-04 08:58:53,405] [MainProcess] RunR: builtin_fetch_object at node:4
[2026-08-04 08:58:53,424] [MainProcess] RunR: builtin_fetch_object at node:4
[2026-08-04 08:58:53,426] [MainProcess] RunR: builtin_fetch_object at node:4
[2026-08-04 08:58:53,428] [MainProcess] RunR: builtin_fetch_object at node:4
[2026-08-04 08:58:53,428] [MainProcess] RunR: builtin_fetch_object at node:4
[2026-08-04 08:58:53,430] [MainProcess] RunR: builtin_fetch_object at node:4
[2026-08-04 08:58:53,430] [MainProcess] RunR: builtin_fetch_object at node:4
[2026-08-04 08:58:53,466] [MainProcess] RunR: builtin_fetch_object at node:4
[2026-08-04 08:58:53,468] [MainProcess] RunR: builtin_fetch_object at node:4
[2026-08-04 08:58:53,483] [MainProcess] RunR: builtin_fetch_object at node:4
[2026-08-04 08:58:53,485] [MainProcess] RunR: builtin_fetch_object at node:4
[2026-08-04 08:58:53,502] [MainProcess] RunR: builtin_fetch_object at node:4
[2026-08-04 08:58:53,503] [MainProcess] RunR: builtin_fetch_object at node:4
[2026-08-04 08:58:53,586] [MainProcess] RunR: builtin_fetch_object at node:4
[2026-08-04 08:58:53,587] [MainProcess] RunR: builtin_fetch_object at node:4
[2026-08-04 08:58:53,588] [MainProcess] RunR: builtin_fetch_object at node:4
[2026-08-04 08:58:53,608] [MainProcess] RunR: builtin_fetch_object at node:4
[2026-08-04 08:58:53,734] [MainProcess] RunR: builtin_fetch_object at node:4
[2026-08-04 08:58:53,737] [MainProcess] RunR: builtin_fetch_object at node:4
[2026-08-04 08:58:53,775] [MainProcess] RunR: builtin_fetch_object at node:4
[2026-08-04 08:58:53,777] [MainProcess] RunR: builtin_fetch_object at node:4
[2026-08-04 08:58:53,819] [MainProcess] RunR: builtin_fetch_object at node:4
[2026-08-04 08:58:53,913] [MainProcess] RunR: builtin_fetch_object at node:4
[2026-08-04 08:58:53,915] [MainProcess] RunR: builtin_fetch_object at node:4
[2026-08-04 08:58:53,915] [MainProcess] RunR: builtin_fetch_object at node:4
[2026-08-04 08:58:53,958] [MainProcess] RunR: builtin_fetch_object at node:4
[2026-08-04 08:58:53,959] [MainProcess] RunR: builtin_fetch_object at node:4
[2026-08-04 08:58:53,960] [MainProcess] RunR: builtin_fetch_object at node:4
[2026-08-04 08:58:53,960] [MainProcess] RunR: builtin_fetch_object at node:4
[2026-08-04 08:58:54,096] [MainProcess] RunR: builtin_fetch_object at node:4
[2026-08-04 08:58:54,110] [MainProcess] RunR: builtin_fetch_object at node:4
[2026-08-04 08:58:54,174] [MainProcess] RunR: builtin_fetch_object at node:4
[2026-08-04 08:58:54,176] [MainProcess] RunR: builtin_fetch_object at node:4
[2026-08-04 08:58:54,273] [MainProcess] RunR: builtin_fetch_object at node:4
[2026-08-04 08:58:54,275] [MainProcess] RunR: builtin_fetch_object at node:4
[2026-08-04 08:58:54,410] [MainProcess] RunR: builtin_fetch_object at node:4
[2026-08-04 08:58:54,425] [MainProcess] RunR: builtin_fetch_object at node:4
[2026-08-04 08:58:54,427] [MainProcess] RunR: builtin_fetch_object at node:4
[2026-08-04 08:58:54,429] [MainProcess] RunR: builtin_fetch_object at node:4
[2026-08-04 08:58:54,466] [MainProcess] RunR: builtin_fetch_object at node:4
[2026-08-04 08:58:54,469] [MainProcess] RunR: builtin_fetch_object at node:4
[2026-08-04 08:58:54,476] [MainProcess] RunR: builtin_fetch_object at node:4
[2026-08-04 08:58:54,477] [MainProcess] RunR: builtin_fetch_object at node:4
[2026-08-04 08:58:54,494] [MainProcess] RunR: builtin_fetch_object at node:4
[2026-08-04 08:58:54,496] [MainProcess] RunR: builtin_fetch_object at node:4
[2026-08-04 08:58:54,521] [MainProcess] RunR: builtin_fetch_object at node:4
[2026-08-04 08:58:54,523] [MainProcess] RunR: builtin_fetch_object at node:4
[2026-08-04 08:58:54,533] [MainProcess] RunR: builtin_fetch_object at node:4
[2026-08-04 08:58:54,535] [MainProcess] RunR: builtin_fetch_object at node:4
[2026-08-04 08:58:54,537] [MainProcess] RunR: builtin_fetch_object at node:4
[2026-08-04 08:58:54,538] [MainProcess] RunR: builtin_fetch_object at node:4
[2026-08-04 08:58:54,548] [MainProcess] RunR: builtin_fetch_object at node:4
[2026-08-04 08:58:54,550] [MainProcess] RunR: builtin_fetch_object at node:4
[2026-08-04 08:58:54,567] [MainProcess] RunR: builtin_fetch_object at node:4
[2026-08-04 08:58:54,569] [MainProcess] RunR: builtin_fetch_object at node:4
[2026-08-04 08:58:54,584] [MainProcess] RunR: builtin_fetch_object at node:4
[2026-08-04 08:58:54,586] [MainProcess] RunR: builtin_fetch_object at node:4
[2026-08-04 08:58:54,596] [MainProcess] RunR: builtin_fetch_object at node:4
[2026-08-04 08:58:54,598] [MainProcess] RunR: builtin_fetch_object at node:4
[2026-08-04 08:58:54,616] [MainProcess] RunR: builtin_fetch_object at node:4
[2026-08-04 08:58:54,617] [MainProcess] RunR: builtin_fetch_object at node:4
[2026-08-04 08:58:54,628] [MainProcess] RunR: builtin_fetch_object at node:4
[2026-08-04 08:58:54,630] [MainProcess] RunR: builtin_fetch_object at node:4
[2026-08-04 08:58:54,642] [MainProcess] RunR: builtin_fetch_object at node:4
[2026-08-04 08:58:54,644] [MainProcess] RunR: builtin_fetch_object at node:4
[2026-08-04 08:58:54,727] [MainProcess] RunR: builtin_fetch_object at node:4
[2026-08-04 08:58:54,728] [MainProcess] RunR: builtin_fetch_object at node:4
[2026-08-04 08:58:54,730] [MainProcess] RunR: builtin_fetch_object at node:4
[2026-08-04 08:58:54,773] [MainProcess] RunR: builtin_fetch_object at node:4
[2026-08-04 08:58:55,016] [MainProcess] RunR: builtin_fetch_object at node:4
[2026-08-04 08:58:55,019] [MainProcess] RunR: builtin_fetch_object at node:4
[2026-08-04 08:58:55,070] [MainProcess] RunR: builtin_fetch_object at node:4
[2026-08-04 08:58:55,073] [MainProcess] RunR: builtin_fetch_object at node:4
[2026-08-04 08:58:55,074] [MainProcess] RunR: builtin_fetch_object at node:4
[2026-08-04 08:58:55,076] [MainProcess] RunR: builtin_fetch_object at node:4
[2026-08-04 08:58:55,127] [MainProcess] RunR: builtin_fetch_object at node:4
[2026-08-04 08:58:55,129] [MainProcess] RunR: builtin_fetch_object at node:4
[2026-08-04 08:58:55,204] [MainProcess] RunR: builtin_fetch_object at node:4
[2026-08-04 08:58:55,206] [MainProcess] RunR: builtin_fetch_object at node:4
[2026-08-04 08:58:55,355] [MainProcess] RunR: builtin_fetch_object at node:4
[2026-08-04 08:58:55,367] [MainProcess] RunR: builtin_fetch_object at node:4
[2026-08-04 08:58:55,369] [MainProcess] RunR: builtin_fetch_object at node:4
[2026-08-04 08:58:55,370] [MainProcess] RunR: builtin_fetch_object at node:4
[2026-08-04 08:58:55,407] [MainProcess] RunR: builtin_fetch_object at node:4
[2026-08-04 08:58:55,409] [MainProcess] RunR: builtin_fetch_object at node:4
[2026-08-04 08:58:55,410] [MainProcess] RunR: builtin_fetch_object at node:4
[2026-08-04 08:58:55,426] [MainProcess] RunR: builtin_fetch_object at node:4
[2026-08-04 08:58:55,447] [MainProcess] RunR: builtin_fetch_object at node:4
[2026-08-04 08:58:55,450] [MainProcess] RunR: builtin_fetch_object at node:4
[2026-08-04 08:58:55,451] [MainProcess] RunR: builtin_fetch_object at node:4
[2026-08-04 08:58:55,453] [MainProcess] RunR: builtin_fetch_object at node:4
[2026-08-04 08:58:55,486] [MainProcess] RunR: builtin_fetch_object at node:4
[2026-08-04 08:58:55,488] [MainProcess] RunR: builtin_fetch_object at node:4
[2026-08-04 08:58:55,515] [MainProcess] RunR: builtin_fetch_object at node:4
[2026-08-04 08:58:55,517] [MainProcess] RunR: builtin_fetch_object at node:4
[2026-08-04 08:58:55,531] [MainProcess] RunR: builtin_fetch_object at node:4
[2026-08-04 08:58:55,533] [MainProcess] RunR: builtin_fetch_object at node:4
[2026-08-04 08:58:55,535] [MainProcess] RunR: builtin_fetch_object at node:4
[2026-08-04 08:58:55,536] [MainProcess] RunR: builtin_fetch_object at node:4
[2026-08-04 08:58:55,544] [MainProcess] RunR: builtin_fetch_object at node:4
[2026-08-04 08:58:55,546] [MainProcess] RunR: builtin_fetch_object at node:4
[2026-08-04 08:58:55,568] [MainProcess] RunR: builtin_fetch_object at node:4
[2026-08-04 08:58:55,569] [MainProcess] RunR: builtin_fetch_object at node:4
[2026-08-04 08:58:55,570] [MainProcess] RunR: builtin_fetch_object at node:4
[2026-08-04 08:58:55,578] [MainProcess] RunR: builtin_fetch_object at node:4
[2026-08-04 08:58:55,648] [MainProcess] RunR: builtin_fetch_object at node:4
[2026-08-04 08:58:55,650] [MainProcess] RunR: builtin_fetch_object at node:4
[2026-08-04 08:58:55,667] [MainProcess] RunR: builtin_fetch_object at node:4
[2026-08-04 08:58:55,669] [MainProcess] RunR: builtin_fetch_object at node:4
[2026-08-04 08:58:55,677] [MainProcess] RunR: builtin_fetch_object at node:4
[2026-08-04 08:58:55,679] [MainProcess] RunR: builtin_fetch_object at node:4
[2026-08-04 08:58:55,693] [MainProcess] RunR: builtin_fetch_object at node:4
[2026-08-04 08:58:55,695] [MainProcess] RunR: builtin_fetch_object at node:4
[2026-08-04 08:58:55,774] [MainProcess] RunR: builtin_fetch_object at node:4
[2026-08-04 08:58:55,776] [MainProcess] RunR: builtin_fetch_object at node:4
[2026-08-04 08:58:55,777] [MainProcess] RunR: builtin_fetch_object at node:4
[2026-08-04 08:58:55,939] [MainProcess] RunR: builtin_fetch_object at node:4
[2026-08-04 08:58:56,078] [MainProcess] RunR: builtin_fetch_object at node:4
[2026-08-04 08:58:56,080] [MainProcess] RunR: builtin_fetch_object at node:4
[2026-08-04 08:58:56,100] [MainProcess] RunR: builtin_fetch_object at node:4
[2026-08-04 08:58:56,102] [MainProcess] RunR: builtin_fetch_object at node:4
[2026-08-04 08:58:56,103] [MainProcess] RunR: builtin_fetch_object at node:4
[2026-08-04 08:58:56,104] [MainProcess] RunR: builtin_fetch_object at node:4
[2026-08-04 08:58:56,122] [MainProcess] RunR: builtin_fetch_object at node:4
[2026-08-04 08:58:56,124] [MainProcess] RunR: builtin_fetch_object at node:4
[2026-08-04 08:58:56,176] [MainProcess] RunR: builtin_fetch_object at node:4
[2026-08-04 08:58:56,195] [MainProcess] RunR: builtin_fetch_object at node:4
[2026-08-04 08:58:56,244] [MainProcess] RunR: builtin_fetch_object at node:4
[2026-08-04 08:58:56,263] [MainProcess] RunR: builtin_fetch_object at node:4
[2026-08-04 08:58:56,318] [MainProcess] RunR: builtin_fetch_object at node:4
[2026-08-04 08:58:56,329] [MainProcess] RunR: builtin_fetch_object at node:4
[2026-08-04 08:58:56,464] [MainProcess] RunR: builtin_fetch_object at node:4
[2026-08-04 08:58:56,467] [MainProcess] RunR: builtin_fetch_object at node:4
[2026-08-04 08:58:56,482] [MainProcess] RunR: builtin_fetch_object at node:4
[2026-08-04 08:58:56,484] [MainProcess] RunR: builtin_fetch_object at node:4
[2026-08-04 08:58:56,505] [MainProcess] RunR: builtin_fetch_object at node:4
[2026-08-04 08:58:56,506] [MainProcess] RunR: builtin_fetch_object at node:4
[2026-08-04 08:58:56,508] [MainProcess] RunR: builtin_fetch_object at node:4
[2026-08-04 08:58:56,509] [MainProcess] RunR: builtin_fetch_object at node:4
[2026-08-04 08:58:56,529] [MainProcess] RunR: builtin_fetch_object at node:4
[2026-08-04 08:58:56,534] [MainProcess] RunR: builtin_fetch_object at node:4
[2026-08-04 08:58:56,549] [MainProcess] RunR: builtin_fetch_object at node:4
[2026-08-04 08:58:56,551] [MainProcess] RunR: builtin_fetch_object at node:4
[2026-08-04 08:58:56,575] [MainProcess] RunR: builtin_fetch_object at node:4
[2026-08-04 08:58:56,577] [MainProcess] RunR: builtin_fetch_object at node:4
[2026-08-04 08:58:56,578] [MainProcess] RunR: builtin_fetch_object at node:4
[2026-08-04 08:58:56,580] [MainProcess] RunR: builtin_fetch_object at node:4
[2026-08-04 08:58:56,580] [MainProcess] RunR: builtin_fetch_object at node:4
[2026-08-04 08:58:56,590] [MainProcess] RunR: builtin_fetch_object at node:4
[2026-08-04 08:58:56,605] [MainProcess] RunR: builtin_fetch_object at node:4
[2026-08-04 08:58:56,606] [MainProcess] RunR: builtin_fetch_object at node:4
[2026-08-04 08:58:56,633] [MainProcess] RunR: builtin_fetch_object at node:4
[2026-08-04 08:58:56,633] [MainProcess] RunR: builtin_fetch_object at node:4
[2026-08-04 08:58:56,635] [MainProcess] RunR: builtin_fetch_object at node:4
[2026-08-04 08:58:56,644] [MainProcess] RunR: builtin_fetch_object at node:4
[2026-08-04 08:58:56,655] [MainProcess] RunR: builtin_fetch_object at node:4
[2026-08-04 08:58:56,657] [MainProcess] RunR: builtin_fetch_object at node:4
[2026-08-04 08:58:56,676] [MainProcess] RunR: builtin_fetch_object at node:4
[2026-08-04 08:58:56,678] [MainProcess] RunR: builtin_fetch_object at node:4
[2026-08-04 08:58:56,741] [MainProcess] RunR: builtin_fetch_object at node:4
[2026-08-04 08:58:56,743] [MainProcess] RunR: builtin_fetch_object at node:4
[2026-08-04 08:58:56,778] [MainProcess] RunR: builtin_fetch_object at node:4
[2026-08-04 08:58:56,779] [MainProcess] RunR: builtin_fetch_object at node:4
[2026-08-04 08:58:56,794] [MainProcess] RunR: builtin_fetch_object at node:4
[2026-08-04 08:58:56,794] [MainProcess] RunR: builtin_fetch_object at node:4
[2026-08-04 08:58:56,865] [MainProcess] RunR: builtin_fetch_object at node:4
[2026-08-04 08:58:56,867] [MainProcess] RunR: builtin_fetch_object at node:4
[2026-08-04 08:58:56,998] [MainProcess] RunR: builtin_fetch_object at node:4
[2026-08-04 08:58:57,001] [MainProcess] RunR: builtin_fetch_object at node:4
[2026-08-04 08:58:57,022] [MainProcess] RunR: builtin_fetch_object at node:4
[2026-08-04 08:58:57,024] [MainProcess] RunR: builtin_fetch_object at node:4
[2026-08-04 08:58:57,215] [MainProcess] RunR: builtin_fetch_object at node:4
[2026-08-04 08:58:57,229] [MainProcess] RunR: builtin_fetch_object at node:4
[2026-08-04 08:58:57,231] [MainProcess] RunR: builtin_fetch_object at node:4
[2026-08-04 08:58:57,234] [MainProcess] RunR: builtin_fetch_object at node:4
[2026-08-04 08:58:57,315] [MainProcess] RunR: builtin_fetch_object at node:4
[2026-08-04 08:58:57,317] [MainProcess] RunR: builtin_fetch_object at node:4
[2026-08-04 08:58:57,321] [MainProcess] RunR: builtin_fetch_object at node:4
[2026-08-04 08:58:57,336] [MainProcess] RunR: builtin_fetch_object at node:4
[2026-08-04 09:01:12,891] [MainProcess] RunR: builtin_gc at node:4
[2026-08-04 09:01:12,908] [MainProcess] RunR: builtin_gc at node:4
[2026-08-04 09:01:12,925] [MainProcess] RunR: builtin_gc at node:4
[2026-08-04 09:01:12,934] [MainProcess] RunR: builtin_gc at node:4
[2026-08-04 09:01:12,945] [MainProcess] RunR: builtin_gc at node:4
[2026-08-04 09:01:12,958] [MainProcess] RunR: builtin_gc at node:4
[2026-08-04 09:01:12,967] [MainProcess] RunR: builtin_gc at node:4
[2026-08-04 09:01:12,976] [MainProcess] RunR: builtin_gc at node:4
[2026-08-04 09:01:12,988] [MainProcess] RunR: builtin_gc at node:4
[2026-08-04 09:01:12,998] [MainProcess] RunR: builtin_gc at node:4
[2026-08-04 09:01:13,005] [MainProcess] RunR: builtin_gc at node:4
[2026-08-04 09:01:13,019] [MainProcess] RunR: builtin_gc at node:4
[2026-08-04 09:01:13,105] [MainProcess] RunR: builtin_gc at node:4
[2026-08-04 09:01:13,111] [MainProcess] RunR: builtin_gc at node:4
[2026-08-04 09:01:13,117] [MainProcess] RunR: builtin_gc at node:4
[2026-08-04 09:01:13,122] [MainProcess] RunR: builtin_gc at node:4
