# timestamp_ms Rss_kB Anonymous_kB Filemapped_kB Shmem_kB
1785433467836 249176 154852 94324 0
1785433467917 253648 157524 96124 0
1785433467981 253660 157536 96124 0
1785433468048 253712 157588 96124 0
1785433468108 253800 157676 96124 0
1785433468172 254448 157772 96676 0
1785433468235 257812 159304 98508 0
1785433468308 258196 159688 98508 0
1785433468372 258312 159804 98508 0
1785433468436 258416 159908 98508 0
1785433468498 259948 161440 98508 0
1785433468558 261820 162596 99224 0
1785433468619 263220 163996 99224 0
1785433468693 264512 165288 99224 0
1785433468755 264512 165288 99224 0
1785433468783 264840 165616 99224 0
1785433468848 257760 169648 88112 0
1785433468923 277144 175808 101336 0
1785433468985 277220 176084 101136 0
1785433469047 277704 176368 101336 0
1785433469109 269320 175876 93444 0
1785433469187 280980 177368 103612 0
1785433469251 282432 177380 105052 0
1785433469315 283784 177392 106392 0
1785433469379 285024 177408 107616 0
1785433469456 288152 185860 102292 0
1785433469535 342748 217180 125568 0
1785433469620 425704 260188 165516 0
1785433469712 479544 278056 201488 0
1785433469802 504172 288856 215316 0
1785433469892 533580 302840 230740 0
1785433469983 567204 322800 244404 0
1785433470077 586760 328644 258116 0
1785433470167 595092 333028 262064 0
1785433470239 609212 341304 267908 0
1785433470332 628864 351024 277840 0
1785433470424 641476 356048 285428 0
1785433470523 646156 358596 287560 0
1785433470599 660664 368000 292664 0
1785433470695 679648 378340 301308 0
1785433470799 692536 382160 310376 0
1785433470874 698832 384916 313916 0
1785433470967 713940 396512 317428 0
1785433471046 718848 396856 321992 0
1785433471141 736796 405348 331448 0
1785433471237 747156 409484 337672 0
1785433471316 754412 413344 341068 0
1785433471412 768060 422696 345364 0
1785433471502 775188 424452 350736 0
1785433471602 823852 452180 371672 0
1785433471709 880036 477672 402364 0
1785433471820 906300 488384 417916 0
1785433471923 948672 512828 435844 0
1785433472034 972928 522728 450200 0
1785433472143 1007252 542124 465128 0
1785433472254 1018532 545264 473268 0
1785433472340 1043096 560512 482584 0
1785433472457 1059776 567884 491892 0
1785433472571 1085456 579676 505780 0
1785433472660 1102944 588720 514224 0
1785433472785 1128696 600092 528604 0
1785433472915 707568 600284 107284 0
1785433472948 710628 600300 110328 0
1785433472981 713152 600864 112288 0
1785433473014 714388 600868 113520 0
1785433473046 732204 616616 115588 0
1785433473081 733648 616620 117028 0
1785433473114 735260 616624 118636 0
1785433473145 735736 616628 119108 0
1785433473174 735736 616628 119108 0
1785433473203 735736 616628 119108 0
1785433473232 735736 616628 119108 0
1785433473262 735736 616628 119108 0
1785433473291 735736 616628 119108 0
1785433473324 735736 616628 119108 0
1785433473356 735736 616628 119108 0
1785433473386 758048 638940 119108 0
1785433473416 837920 718812 119108 0
1785433473445 854308 735200 119108 0
1785433473476 845296 734040 111256 0
1785433473506 928800 809692 119108 0
1785433473535 735740 616632 119108 0
1785433473567 735740 616632 119108 0
1785433473599 735740 616632 119108 0
1785433473630 735740 616632 119108 0
1785433473661 735740 616632 119108 0
1785433473691 735740 616632 119108 0
1785433473722 735756 616648 119108 0
1785433473752 736140 616660 119480 0
1785433473782 736160 616680 119480 0
1785433473812 736160 616680 119480 0
1785433473842 736160 616680 119480 0
1785433473872 736160 616680 119480 0
1785433473905 736160 616680 119480 0
1785433473934 736160 616680 119480 0
1785433473964 736160 616680 119480 0
1785433473994 736160 616680 119480 0
1785433474024 736160 616680 119480 0
1785433474054 785100 665620 119480 0
1785433474085 854732 735252 119480 0
1785433474115 854732 735252 119480 0
1785433474145 901412 781932 119480 0
1785433474176 973304 853824 119480 0
1785433474207 973896 853824 120072 0
1785433474237 749876 628756 121120 0
1785433474266 831796 710676 121120 0
1785433474298 839384 729908 109476 0
1785433474328 808408 687288 121120 0
1785433474358 824852 703732 121120 0
1785433474389 974628 861344 113284 0
1785433474425 1012268 890984 121284 0
1785433474460 1026604 905320 121284 0
1785433474493 1042988 921704 121284 0
1785433474523 1055276 933992 121284 0
1785433474553 1069612 948328 121284 0
1785433474582 1081900 960616 121284 0
1785433474612 1096236 974952 121284 0
1785433474642 1110572 989288 121284 0
1785433474671 1122860 1001576 121284 0
1785433474700 1137196 1015912 121284 0
1785433474770 1151532 1030248 121284 0
1785433474856 1163160 1049764 113396 0
1785433474924 1187420 1066136 121284 0
1785433475008 1207900 1086616 121284 0
1785433475079 1222236 1100952 121284 0
1785433475166 1244764 1123480 121284 0
1785433475237 1259100 1137816 121284 0
1785433475319 1281628 1160344 121284 0
1785433475389 1295964 1174680 121284 0
1785433475475 1318492 1197208 121284 0
1785433475544 1332828 1211544 121284 0
1785433475630 1173052 1051748 121304 0
1785433475729 912240 790932 121308 0
1785433475762 912240 790932 121308 0
1785433475794 912240 790932 121308 0
1785433475827 912244 790936 121308 0
1785433475859 912244 790936 121308 0
1785433475889 912244 790936 121308 0
1785433475921 912244 790936 121308 0
1785433475953 912244 790936 121308 0
1785433475982 930684 809376 121308 0
1785433476016 960280 838400 121880 0
1785433476051 960280 838400 121880 0
1785433476083 965032 843152 121880 0
1785433476114 979368 857488 121880 0
1785433476145 960596 838408 122188 0
1785433476179 1011764 897636 114128 0
1785433476215 1035840 913208 122632 0
1785433476249 1047832 925204 122628 0
1785433476280 1058456 935824 122632 0
1785433476309 1072792 950160 122632 0
1785433476339 1087128 964496 122632 0
1785433476368 1099416 976784 122632 0
1785433476398 1113752 991120 122632 0
1785433476428 1126040 1003408 122632 0
1785433476458 1140376 1017744 122632 0
1785433476488 1154712 1032080 122632 0
1785433476518 1167000 1044368 122632 0
1785433476548 1181336 1058704 122632 0
1785433476578 1195672 1073040 122632 0
1785433476608 1210008 1087376 122632 0
1785433476639 1213216 1098104 115112 0
1785433476669 1222304 1099340 122964 0
1785433476700 1222304 1099340 122964 0
1785433476730 1222304 1099340 122964 0
1785433476760 1222304 1099340 122964 0
1785433476790 1222304 1099340 122964 0
1785433476820 1222304 1099340 122964 0
1785433476851 1222304 1099340 122964 0
1785433476881 1222304 1099340 122964 0
1785433476910 1222304 1099340 122964 0
1785433476940 1222304 1099340 122964 0
1785433476970 1222304 1099340 122964 0
1785433477000 1222304 1099340 122964 0
1785433477030 1222304 1099340 122964 0
1785433477061 1259308 1136344 122964 0
1785433477096 1273644 1150680 122964 0
1785433477129 1287980 1165016 122964 0
1785433477160 1302316 1179352 122964 0
1785433477190 1338416 1215452 122964 0
1785433477230 1524456 1401492 122964 0
1785433477303 1540840 1417876 122964 0
1785433477376 1557224 1434260 122964 0
1785433477462 1577704 1454740 122964 0
1785433477532 1594088 1471124 122964 0
1785433477614 1616616 1493652 122964 0
1785433477687 1630952 1507988 122964 0
1785433477771 1653480 1530516 122964 0
1785433477842 1669864 1546900 122964 0
1785433477927 1692092 1569128 122964 0
1785433477998 1706428 1583464 122964 0
1785433478083 1728956 1605992 122964 0
1785433478155 1745340 1622376 122964 0
1785433478239 1765820 1642856 122964 0
1785433478311 1782204 1659240 122964 0
1785433478395 1802684 1679720 122964 0
1785433478467 1819068 1696104 122964 0
1785433478554 1841596 1718632 122964 0
1785433478625 1857824 1734864 122960 0
1785433478724 1445664 1322700 122964 0
1785433478765 1777228 1654264 122964 0
1785433478799 1777228 1654264 122964 0
1785433478833 1777228 1654264 122964 0
1785433478866 1777228 1654264 122964 0
1785433478899 1777072 1654112 122960 0
1785433478933 1603248 1480284 122964 0
1785433478963 1603248 1480284 122964 0
1785433478992 1603248 1480284 122964 0
1785433479021 1603248 1480284 122964 0
1785433479052 1603248 1480284 122964 0
1785433479082 1603248 1480284 122964 0
1785433479112 1603248 1480284 122964 0
1785433479142 1603248 1480284 122964 0
1785433479173 1603248 1480284 122964 0
1785433479203 1603248 1480284 122964 0
1785433479234 1603248 1480284 122964 0
1785433479265 1603248 1480284 122964 0
1785433479296 1603248 1480284 122964 0
1785433479326 1603248 1480284 122964 0
1785433479357 1603248 1480284 122964 0
1785433479388 1603248 1480284 122964 0
1785433479418 1603248 1480284 122964 0
1785433479448 1603248 1480284 122964 0
1785433479477 1603248 1480284 122964 0
1785433479506 1603248 1480284 122964 0
1785433479537 1603248 1480284 122964 0
1785433479567 1603248 1480284 122964 0
1785433479597 1603248 1480284 122964 0
1785433479627 1603248 1480284 122964 0
1785433479657 1603248 1480284 122964 0
1785433479687 1603248 1480284 122964 0
1785433479718 1603248 1480284 122964 0
1785433479749 1603248 1480284 122964 0
1785433479779 1603248 1480284 122964 0
1785433479809 1603248 1480284 122964 0
1785433479840 1603248 1480284 122964 0
1785433479869 1603248 1480284 122964 0
1785433479899 1603248 1480284 122964 0
1785433479929 1603248 1480284 122964 0
1785433479959 1603248 1480284 122964 0
1785433479989 1603248 1480284 122964 0
1785433480019 1603248 1480284 122964 0
1785433480050 1603248 1480284 122964 0
1785433480081 1603248 1480284 122964 0
1785433480111 1603248 1480284 122964 0
1785433480142 1603248 1480284 122964 0
1785433480173 1603248 1480284 122964 0
1785433480204 1603248 1480284 122964 0
1785433480235 1188596 1073308 115288 0
1785433480265 1169068 1045464 123604 0
1785433480298 1169248 1045472 123776 0
1785433480331 1169252 1045476 123776 0
1785433480364 1169252 1045476 123776 0
1785433480396 1169252 1045476 123776 0
1785433480428 1169252 1045476 123776 0
1785433480462 1169252 1045476 123776 0
1785433480493 1169252 1045476 123776 0
1785433480525 1169252 1045476 123776 0
1785433480558 1169252 1045476 123776 0
1785433480590 1169284 1045476 123808 0
1785433480623 1169288 1045480 123808 0
1785433480655 1169288 1045480 123808 0
1785433480688 1169296 1045488 123808 0
1785433480720 1169492 1045500 123992 0
1785433480753 1169636 1045512 124124 0
1785433480786 1169696 1045512 124184 0
1785433480820 1169696 1045512 124184 0
1785433480854 1169704 1045516 124188 0
1785433480888 1169704 1045516 124188 0
1785433480921 1169704 1045516 124188 0
1785433480955 1171292 1047104 124188 0
1785433480991 1171760 1047572 124188 0
1785433481026 1171760 1047572 124188 0
1785433481059 1171760 1047572 124188 0
1785433481093 1171760 1047572 124188 0
1785433481130 1171764 1047576 124188 0
1785433481162 1171764 1047576 124188 0
1785433481196 1171764 1047576 124188 0
1785433481230 1171764 1047576 124188 0
1785433481265 1171764 1047576 124188 0
1785433481299 1171764 1047576 124188 0
1785433481332 1171764 1047576 124188 0
1785433481365 1171764 1047576 124188 0
1785433481399 1171764 1047576 124188 0
1785433481433 1171764 1047576 124188 0
1785433481464 1171764 1047576 124188 0
1785433481497 1171764 1047576 124188 0
1785433481530 1171764 1047576 124188 0
1785433481563 1171764 1047576 124188 0
1785433481595 1171764 1047576 124188 0
1785433481629 1171964 1047576 124388 0
1785433481663 1171964 1047576 124388 0
1785433481697 1171964 1047576 124388 0
1785433481731 1172036 1047584 124452 0
1785433481765 1172036 1047584 124452 0
1785433481798 1172036 1047584 124452 0
1785433481831 1172036 1047584 124452 0
1785433481864 1172036 1047584 124452 0
1785433481897 1172036 1047584 124452 0
1785433481931 1172036 1047584 124452 0
1785433481965 1172036 1047584 124452 0
1785433481997 1172036 1047584 124452 0
1785433482031 1172036 1047584 124452 0
1785433482064 1172036 1047584 124452 0
1785433482097 1172036 1047584 124452 0
1785433482130 1172036 1047584 124452 0
1785433482164 1172036 1047584 124452 0
1785433482198 1172036 1047584 124452 0
1785433482231 1172036 1047584 124452 0
1785433482264 1172036 1047584 124452 0
1785433482297 1172036 1047584 124452 0
1785433482330 1172036 1047584 124452 0
1785433482363 1172036 1047584 124452 0
1785433482396 1172036 1047584 124452 0
1785433482430 1172036 1047584 124452 0
1785433482463 1172036 1047584 124452 0
1785433482497 1172036 1047584 124452 0
1785433482530 1172040 1047588 124452 0
1785433482563 1172040 1047588 124452 0
1785433482595 1172040 1047588 124452 0
1785433482629 1172040 1047588 124452 0
1785433482662 1172040 1047588 124452 0
1785433482695 1172040 1047588 124452 0
1785433482728 1172040 1047588 124452 0
1785433482761 1172040 1047588 124452 0
1785433482794 1172040 1047588 124452 0
1785433482826 1172040 1047588 124452 0
1785433482860 1172040 1047588 124452 0
1785433482893 1172040 1047588 124452 0
1785433482926 1172044 1047592 124452 0
1785433482959 1172044 1047592 124452 0
1785433482993 1172044 1047592 124452 0
1785433483026 1172048 1047596 124452 0
1785433483059 1172052 1047600 124452 0
1785433483092 1172052 1047600 124452 0
1785433483124 1172052 1047600 124452 0
1785433483154 1172052 1047600 124452 0
1785433483184 1172052 1047600 124452 0
1785433483219 1172052 1047600 124452 0
1785433483250 1172052 1047600 124452 0
1785433483281 1172052 1047600 124452 0
1785433483316 1172052 1047600 124452 0
1785433483346 1172052 1047600 124452 0
1785433483377 1172052 1047600 124452 0
1785433483407 1172052 1047600 124452 0
1785433483437 1172052 1047600 124452 0
1785433483467 1172052 1047600 124452 0
1785433483496 1172052 1047600 124452 0
1785433483528 1172052 1047600 124452 0
1785433483560 1172052 1047600 124452 0
1785433483593 1172052 1047600 124452 0
1785433483627 1172052 1047600 124452 0
1785433483660 1172052 1047600 124452 0
1785433483694 1172052 1047600 124452 0
1785433483726 1172052 1047600 124452 0
1785433483759 1172052 1047600 124452 0
1785433483791 1172052 1047600 124452 0
1785433483822 1172052 1047600 124452 0
1785433483856 1172056 1047604 124452 0
1785433483889 1172056 1047604 124452 0
1785433483920 1172056 1047604 124452 0
1785433483953 1172056 1047604 124452 0
1785433483989 1172056 1047604 124452 0
1785433484020 1172056 1047604 124452 0
1785433484052 1172056 1047604 124452 0
1785433484085 1172056 1047604 124452 0
1785433484117 1172056 1047604 124452 0
1785433484150 1172056 1047604 124452 0
1785433484182 1172056 1047604 124452 0
1785433484216 1172056 1047604 124452 0
1785433484250 1172056 1047604 124452 0
1785433484283 1172056 1047604 124452 0
1785433484316 1172056 1047604 124452 0
1785433484351 1172056 1047604 124452 0
1785433484385 1172056 1047604 124452 0
1785433484419 1172056 1047604 124452 0
1785433484453 1172056 1047604 124452 0
1785433484487 1172056 1047604 124452 0
1785433484520 1172056 1047604 124452 0
1785433484556 1172056 1047604 124452 0
1785433484591 1172056 1047604 124452 0
1785433484624 1172056 1047604 124452 0
1785433484659 1172056 1047604 124452 0
1785433484694 1172056 1047604 124452 0
1785433484729 1172056 1047604 124452 0
1785433484762 1172056 1047604 124452 0
1785433484796 1172056 1047604 124452 0
1785433484832 1172056 1047604 124452 0
1785433484866 1172056 1047604 124452 0
1785433484899 1172056 1047604 124452 0
1785433484933 1172056 1047604 124452 0
1785433484967 1172056 1047604 124452 0
1785433485000 1172056 1047604 124452 0
1785433485033 1172056 1047604 124452 0
1785433485069 1172056 1047604 124452 0
1785433485103 1172056 1047604 124452 0
1785433485136 1172056 1047604 124452 0
1785433485169 1172056 1047604 124452 0
1785433485206 1172056 1047604 124452 0
1785433485239 1172056 1047604 124452 0
1785433485272 1172056 1047604 124452 0
1785433485307 1172056 1047604 124452 0
1785433485342 1172412 1047604 124808 0
1785433485377 1172412 1047604 124808 0
1785433485411 1172412 1047604 124808 0
1785433485442 1172412 1047604 124808 0
1785433485475 1172412 1047604 124808 0
1785433485508 1172412 1047604 124808 0
1785433485539 1185140 1060332 124808 0
1785433485572 1196704 1071900 124804 0
1785433485605 1270588 1145780 124808 0
1785433485644 1270636 1145780 124856 0
1785433485678 1270636 1145780 124856 0
1785433485713 1270636 1145780 124856 0
1785433485746 1270636 1145780 124856 0
1785433485778 1270636 1145780 124856 0
1785433485809 1270636 1145780 124856 0
1785433485843 1270636 1145780 124856 0
1785433485874 1270636 1145780 124856 0
1785433485909 1270636 1145780 124856 0
1785433485943 1270636 1145780 124856 0
1785433485976 1270636 1145780 124856 0
1785433486007 1270636 1145780 124856 0
1785433486039 1270636 1145780 124856 0
1785433486071 1270636 1145780 124856 0
1785433486102 1270636 1145780 124856 0
1785433486136 1270640 1145784 124856 0
1785433486168 1270640 1145784 124856 0
1785433486201 1270640 1145784 124856 0
1785433486234 1270748 1145892 124856 0
1785433486265 978292 853196 125096 0
1785433486296 978292 853196 125096 0
1785433486326 978292 853196 125096 0
1785433486356 978292 853196 125096 0
1785433486385 978292 853196 125096 0
1785433486417 978320 853224 125096 0
1785433486447 978320 853224 125096 0
1785433486477 978320 853224 125096 0
1785433486507 978320 853224 125096 0
1785433486538 978320 853224 125096 0
1785433486568 978320 853224 125096 0
1785433486599 978320 853224 125096 0
1785433486630 975928 851116 124812 0
1785433486660 978340 853244 125096 0
1785433486690 978344 853248 125096 0
1785433486719 978344 853248 125096 0
1785433486749 840940 714912 126028 0
1785433486778 841048 714912 126136 0
1785433486808 841228 714912 126316 0
1785433486838 841348 714912 126436 0
