# timestamp_ms VmRSS_kB VmPeak_kB VmHWM_kB
1790712939409 437860 16331292 437860
1790712939514 438456 16331292 438456
1790712939578 442124 16331292 442124
1790712939646 442124 16331292 442124
1790712939672 442364 16331292 442364
1790712939760 442544 16331292 442544
1790712939825 444272 16331292 444272
1790712939890 446932 16331292 446932
1790712939991 460144 16331292 460144
1790712940095 460872 16331292 460872
1790712940159 463544 17138876 463544
1790712940226 506824 17138876 506824
1790712940334 593064 17138876 593064
1790712940443 616464 17303016 616464
1790712940626 625460 17543728 625460
1790712940771 630556 17543728 630556
1790712940982 646900 17543728 646888
1790712941121 659600 17543728 659600
1790712941216 660320 17543728 660320
1790712941451 668856 17543728 668856
1790712941605 680348 17543728 680348
1790712941731 689688 17543728 689688
1790712941845 691368 17543728 691368
1790712941968 697200 17543728 697200
1790712942180 700920 17543728 700920
1790712942325 719300 17543728 719300
1790712942500 724504 17543728 724504
1790712942599 728504 17543728 728504
1790712942748 732288 17543728 732288
1790712942859 743216 17543728 743216
1790712942998 752500 17543728 752500
1790712943178 758268 17543728 758268
1790712943394 767604 17543728 767604
1790712943513 775648 17543728 775648
1790712943708 790636 17543728 790636
1790712943832 793140 17543728 793140
1790712944048 808976 17543728 808976
1790712944176 818680 17543728 818680
1790712944449 827848 17543728 827848
1790712944616 841456 17543728 841456
1790712944764 851220 17543728 851220
1790712944937 858988 17543728 858988
1790712945162 865464 17543728 865464
1790712945300 882036 17543728 882036
1790712945506 888864 17543728 888864
1790712945704 891116 17543728 891116
1790712945884 914028 17543728 914028
1790712946081 920760 17543728 920760
1790712946211 922152 17543728 922152
1790712946393 939240 17543728 939240
1790712946623 951032 17543728 951032
1790712946763 953080 17543728 953080
1790712946954 964976 17543728 964976
1790712947092 974164 17543728 974164
1790712947241 981400 17543728 981400
1790712947439 987764 17543728 987764
1790712947617 1006584 17543728 1006584
1790712947762 1009732 17543728 1009732
1790712947868 1011056 17543728 1011056
1790712947950 1012804 17543728 1012804
1790712948030 1012840 17543728 1012840
1790712948112 1012864 17543728 1012864
1790712948193 1012884 17543728 1012884
1790712948276 1012896 17543728 1012896
1790712948384 1012908 17543728 1012908
1790712948464 1012928 17543728 1012928
1790712948546 1012940 17543728 1012940
1790712948628 1012952 17543728 1012952
1790712948709 1012956 17543728 1012956
1790712948790 1025588 17543728 1025588
1790712948916 1055796 17543728 1055796
1790712948973 1086900 17543728 1086900
1790712949103 1100960 17543728 1181972
1790712949220 1113296 17543728 1181972
1790712949364 1159252 17543728 1181972
1790712949511 1214548 17543728 1214548
1790712949659 1251412 17560372 1251412
1790712949809 1306712 17615672 1306712
1790712949951 1325144 17721096 1407180
1790712950073 1334360 17721096 1407180
1790712950196 1352792 17721096 1407180
1790712950316 1362008 17721096 1407180
1790712950437 1371224 17721096 1407180
1790712950562 1371224 17721096 1407180
1790712950596 1380440 17721096 1407180
1790712950703 1380524 17721096 1407180
1790712950802 1567840 17877812 1567804
1790712951027 2489872 18835196 2489872
1790712951174 2048168 18835196 2519704
1790712951209 1863188 18835196 2519704
1790712951252 2215444 18835196 2519704
1790712951291 2478356 18950296 2519704
1790712951330 2750164 19064948 2750164
1790712951479 2950524 19258568 2950524
1790712951670 1105340 19258568 2943812
1790712951730 1105340 19258568 2943812
1790712951799 1105340 19258568 2943812
1790712951889 1105348 19258568 2943812
1790712951990 1105352 19258568 2943812
1790712952055 1105356 19258568 2943812
1790712952116 1105356 19258568 2943812
1790712952202 1105356 19258568 2943812
1790712952296 1105356 19258568 2943812
1790712952337 1105356 19258568 2943812
1790712952424 1105356 19258568 2943812
1790712952516 1105356 19258568 2943812
1790712952613 1105356 19258568 2943812
1790712952719 1105356 19258568 2943812
1790712952784 1105356 19258568 2943812
1790712952868 1105356 19258568 2943812
1790712952924 1105356 19258568 2943812
1790712952981 1105356 19258568 2943812
1790712953064 1105356 19258568 2943812
1790712953157 1105368 19258568 2943812
1790712953245 1105372 19258568 2943812
1790712953306 1105372 19258568 2943812
1790712953382 1105372 19258568 2943812
1790712953469 1105372 19258568 2943812
1790712953582 1105372 19258568 2943812
1790712953690 1106680 19258568 2943812
1790712953777 1106868 19258568 2943812
1790712953828 1106868 19258568 2943812
1790712953929 1106868 19258568 2943812
1790712954019 1106868 19258568 2943812
1790712954114 1106868 19258568 2943812
1790712954206 1106868 19258568 2943812
1790712954309 1106872 19258568 2943812
1790712954425 1106872 19258568 2943812
1790712954529 1106872 19258568 2943812
1790712954594 1106872 19258568 2943812
1790712954682 1106872 19258568 2943812
1790712954760 1106872 19258568 2943812
1790712954865 1106872 19258568 2943812
1790712954972 1106872 19258568 2943812
1790712955038 1106872 19258568 2943812
1790712955106 1106872 19258568 2943812
1790712955203 1106872 19258568 2943812
1790712955282 1106872 19258568 2943812
1790712955352 1106872 19258568 2943812
1790712955445 1106872 19258568 2943812
1790712955526 1106872 19258568 2943812
1790712955595 1106872 19258568 2943812
1790712955645 1107424 19258568 2943812
1790712955704 1107460 19258568 2943812
1790712955787 1107472 19258568 2943812
1790712955830 1107476 19258568 2943812
1790712955902 1107484 19258568 2943812
1790712955966 1107492 19258568 2943812
1790712955999 1107492 19258568 2943812
1790712956033 1107492 19258568 2943812
1790712956066 1107496 19258568 2943812
1790712956099 1107496 19258568 2943812
1790712956132 1107496 19258568 2943812
1790712956166 1135020 19258568 2943812
1790712956200 1153452 19258568 2943812
1790712956234 1171884 19258568 2943812
1790712956268 1190316 19258568 2943812
1790712956302 1208748 19258568 2943812
1790712956337 1227180 19258568 2943812
1790712956371 1245612 19258568 2943812
1790712956405 1264044 19258568 2943812
1790712956440 1282480 19258568 2943812
1790712956474 1300912 19258568 2943812
1790712956508 1319344 19258568 2943812
1790712956543 1337780 19258568 2943812
1790712956577 1337780 19258568 2943812
1790712956611 1356212 19258568 2943812
1790712956647 1356212 19258568 2943812
1790712956683 1365428 19258568 2943812
1790712956718 1374644 19258568 2943812
1790712956753 1374644 19258568 2943812
1790712956788 1383860 19258568 2943812
1790712956824 1383860 19258568 2943812
1790712956859 1393076 19258568 2943812
1790712956893 1393076 19258568 2943812
1790712956939 1393076 19258568 2943812
1790712957017 1393076 19258568 2943812
1790712957081 1393076 19258568 2943812
1790712957134 1393076 19258568 2943812
1790712957189 1393076 19258568 2943812
1790712957224 1393076 19258568 2943812
1790712957268 1393076 19258568 2943812
1790712957352 1393076 19258568 2943812
1790712957419 1393076 19258568 2943812
1790712957482 1393076 19258568 2943812
1790712957532 1393076 19258568 2943812
1790712957612 1393076 19258568 2943812
1790712957694 1393076 19258568 2943812
1790712957773 1393076 19258568 2943812
1790712957851 1393076 19258568 2943812
1790712957956 1393076 19258568 2943812
1790712958042 1393076 19258568 2943812
1790712958127 1393076 19258568 2943812
1790712958212 1393076 19258568 2943812
1790712958287 1393076 19258568 2943812
1790712958359 1393076 19258568 2943812
1790712958443 1393076 19258568 2943812
1790712958520 1393076 19258568 2943812
1790712958585 1393076 19258568 2943812
1790712958648 1393076 19258568 2943812
1790712958744 1393076 19258568 2943812
1790712958821 1393076 19258568 2943812
1790712958920 1393076 19258568 2943812
1790712959005 1393076 19258568 2943812
1790712959099 1393076 19258568 2943812
1790712959184 1393076 19258568 2943812
1790712959275 1393076 19258568 2943812
1790712959327 1393076 19258568 2943812
1790712959415 1393076 19258568 2943812
1790712959469 1393076 19258568 2943812
1790712959570 1393076 19258568 2943812
1790712959645 1393076 19258568 2943812
1790712959715 1393076 19258568 2943812
1790712959807 1393076 19258568 2943812
1790712959864 1393076 19258568 2943812
1790712959968 1393076 19258568 2943812
1790712960079 1393076 19258568 2943812
1790712960154 1393076 19258568 2943812
1790712960208 1393076 19258568 2943812
1790712960302 1393076 19258568 2943812
1790712960358 1393076 19258568 2943812
1790712960413 1393076 19258568 2943812
1790712960465 1507720 19258568 2943812
1790712960495 1584980 19258568 2943812
1790712960526 1674104 19258568 2943812
1790712960564 1991544 19258568 2943812
1790712960606 2109212 19258568 2943812
1790712960645 2393884 19258568 2943812
1790712960683 1894476 19258568 2943812
1790712960718 2002336 19258568 2943812
1790712960757 2041932 19258568 2943812
1790712960799 2196608 19258568 2943812
1790712960836 2412428 19258568 2943812
1790712960874 2714192 19258568 2943812
1790712960910 2824516 19258568 2943812
1790712960945 2926552 19258568 2943812
1790712960981 1547540 19258568 2943812
1790712961019 1846548 19258568 2943812
1790712961065 2082676 19258568 2943812
1790712961118 2246112 19258568 2943812
1790712961172 2056992 19258568 2943812
1790712961240 2249404 19258568 2943812
1790712961311 1817752 19258568 2943812
1790712961382 1817808 19258568 2943812
1790712961465 1817868 19258568 2943812
1790712961539 1817924 19258568 2943812
1790712961638 1818020 19258568 2943812
1790712961695 1818112 19258568 2943812
1790712961768 1818208 19258568 2943812
1790712961842 1818276 19258568 2943812
1790712961912 1818368 19258568 2943812
1790712961967 1818408 19258568 2943812
1790712962038 1818456 19258568 2943812
1790712962076 1827728 19258568 2943812
1790712962178 1857784 19258568 2943812
1790712962257 1885516 19258568 2943812
1790712962317 1993312 19258568 2943812
1790712962382 2121764 19258568 2943812
1790712962441 2203692 19258568 2943812
1790712962503 2289520 19258568 2943812
1790712962565 2375548 19258568 2943812
1790712962627 2254516 19258568 2943812
1790712962691 2013732 19258568 2943812
1790712962757 2019676 19258568 2943812
1790712962835 2024000 19258568 2943812
1790712962922 2067864 19258568 2943812
1790712962971 2047380 19258568 2943812
1790712963023 2099824 19258568 2943812
1790712963115 2121124 19258568 2943812
1790712963231 2121148 19258568 2943812
1790712963298 2121148 19258568 2943812
1790712963365 2139580 19258568 2943812
1790712963430 2139580 19258568 2943812
1790712963517 2139580 19258568 2943812
1790712963610 2139580 19258568 2943812
1790712963676 2139584 19258568 2943812
1790712963774 2157492 19258568 2943812
1790712963872 2194880 19258568 2943812
1790712963935 2194884 19258568 2943812
1790712964011 2194884 19258568 2943812
1790712964078 2194884 19258568 2943812
1790712964168 2224788 19258568 2943812
1790712964232 2250180 19258568 2943812
1790712964304 2250180 19258568 2943812
1790712964384 2250180 19258568 2943812
1790712964451 2250180 19258568 2943812
1790712964499 2250180 19258568 2943812
1790712964552 2268612 19258568 2943812
1790712964625 2287044 19258568 2943812
1790712964724 2287044 19258568 2943812
1790712964801 2287044 19258568 2943812
1790712964848 2323912 19258568 2943812
1790712964913 2323912 19258568 2943812
1790712964968 2323916 19258568 2943812
1790712965075 2323924 19258568 2943812
1790712965163 2323924 19258568 2943812
1790712965360 2342360 19258568 2943812
1790712965582 2379224 19258568 2943812
1790712965650 2379224 19258568 2943812
1790712965711 2379224 19258568 2943812
1790712965920 2397656 19258568 2943812
1790712966155 2416112 19258568 2943812
1790712966337 2416124 19258568 2943812
1790712966504 2452988 19258568 2943812
1790712966640 2471420 19258568 2943812
1790712966777 2471420 19258568 2943812
1790712966897 2489852 19258568 2943812
1790712966945 2489852 19258568 2943812
1790712967023 2508284 19258568 2943812
1790712967088 2508284 19258568 2943812
1790712967129 2527944 19258568 2943812
1790712967191 2563584 19258568 2943812
1790712967244 2563584 19258568 2943812
1790712967300 2582016 19258568 2943812
1790712967329 2582664 19258568 2943812
1790712967367 2642224 19258568 2943812
1790712967401 2642460 19258568 2943812
1790712967431 2653796 19258568 2943812
1790712967467 2668832 19619936 2943812
1790712967504 2672624 19884132 2943812
1790712967541 2480232 20084932 2943812
1790712967572 2480236 20543684 2943812
1790712967604 2480376 20838596 2943812
1790712967636 2481264 20838596 2943812
1790712967667 2499400 21134532 2943812
1790712967705 2504660 21134532 2943812
1790712967744 2515216 21560516 2943812
1790712967781 2517796 21757124 2943812
1790712967819 2529292 22019268 2943812
1790712967850 2563200 22904004 2943812
1790712967890 2662916 22904004 2943812
1790712967932 2766816 22904004 2943812
1790712968104 2829132 22904004 2943812
1790712968245 2832928 22904004 2943812
1790712968348 2835556 22904004 2943812
1790712968448 2835908 22904004 2943812
1790712968550 2836712 22904004 2943812
1790712968652 2841764 22904004 2943812
1790712968755 2841956 22904004 2943812
1790712968860 2841956 22904004 2943812
1790712968902 2841956 22904004 2943812
1790712968944 2841968 22904004 2943812
1790712969087 2841972 22904004 2943812
1790712969132 2843964 22904004 2943812
1790712969236 2844056 22904004 2943812
1790712969279 2844088 22904004 2943812
1790712969379 2844176 22904004 2943812
1790712969483 2844180 22904004 2943812
1790712969526 2844180 22904004 2943812
1790712969569 2844204 22904004 2943812
1790712969670 2844228 0 0
1790712969773 2844228 22904004 2943812
1790712969817 2844228 22904004 2943812
1790712969959 2844228 22904004 2943812
1790712970060 2844228 22904004 2943812
1790712970102 2844228 22904004 2943812
1790712970145 2844228 22904004 2943812
1790712970187 2844228 22904004 2943812
1790712970229 2844228 22904004 2943812
1790712970272 2844228 22904004 2943812
1790712970317 2844228 22904004 2943812
1790712970361 2844228 22904004 2943812
1790712970405 2844228 22904004 2943812
1790712970448 2844228 22904004 2943812
1790712970491 2844228 22904004 2943812
1790712970535 2844228 22904004 2943812
1790712970580 2844228 22904004 2943812
1790712970624 2844228 22904004 2943812
1790712970666 2844228 22904004 2943812
1790712970709 2844256 22904004 2943812
1790712970851 2844256 22904004 2943812
1790712970895 2844256 22904004 2943812
1790712970938 2844256 22904004 2943812
1790712970980 2844256 22904004 2943812
1790712971022 2844256 22904004 2943812
1790712971066 2844256 22904004 2943812
1790712971110 2844256 22904004 2943812
1790712971154 2844256 22904004 2943812
1790712971197 2844256 22904004 2943812
1790712971239 2844268 22904004 2943812
1790712971281 2844304 22904004 2943812
1790712971325 2844304 22904004 2943812
1790712971368 2844304 22904004 2943812
1790712971410 2844304 22904004 2943812
1790712971452 2844304 22904004 2943812
1790712971553 2844304 22904004 2943812
1790712971598 2844304 22904004 2943812
1790712971746 2844308 22904004 2943812
1790712971845 2844308 22904004 2943812
1790712971888 2844308 22904004 2943812
1790712971993 2844308 22904004 2943812
1790712972094 2844308 22904004 2943812
1790712972136 2844308 22904004 2943812
1790712972178 2844340 22904004 2943812
1790712972280 2844340 22904004 2943812
1790712972386 2844348 22904004 2943812
1790712972431 2844348 22904004 2943812
1790712972530 2844408 22904004 2943812
1790712972672 2844412 22904004 2943812
1790712972774 2844416 22904004 2943812
1790712972877 2844416 22904004 2943812
1790712972919 2844416 22904004 2943812
1790712972961 2844416 22904004 2943812
1790712973004 2844416 22904004 2943812
1790712973049 2844420 22904004 2943812
1790712973155 2844420 22904004 2943812
1790712973255 2844420 22904004 2943812
1790712973297 2844444 22904004 2943812
1790712973401 2844468 22904004 2943812
1790712973543 2844468 22904004 2943812
1790712973585 2844468 22904004 2943812
1790712973627 2844468 22904004 2943812
1790712973728 2844468 22904004 2943812
1790712973834 2844468 22904004 2943812
1790712973937 2844468 22904004 2943812
1790712974038 2844468 22904004 2943812
1790712974081 2844468 22904004 2943812
1790712974183 2844476 22904004 2943812
1790712974286 2844476 22904004 2943812
1790712974428 2844488 22904004 2943812
1790712974528 2844492 22904004 2943812
1790712974635 2844500 22904004 2943812
1790712974740 2844508 22904004 2943812
1790712974843 2844544 22904004 2943812
1790712974943 2844544 22904004 2943812
1790712975044 2844544 22904004 2943812
1790712975148 2844544 22904004 2943812
1790712975290 2844544 22904004 2943812
1790712975333 2844544 22904004 2943812
1790712975374 2844544 22904004 2943812
1790712975415 2844544 22904004 2943812
1790712975515 2844544 22904004 2943812
1790712975559 2844544 22904004 2943812
1790712975663 2844544 22904004 2943812
1790712975764 2844552 22904004 2943812
1790712975806 2844568 22904004 2943812
1790712975848 2844568 22904004 2943812
1790712975890 2844616 22904004 2943812
1790712975995 2844620 22904004 2943812
1790712976136 2844620 22904004 2943812
1790712976179 2844620 22904004 2943812
1790712976222 2844624 22904004 2943812
1790712976323 2844624 22904004 2943812
1790712976369 2844628 22904004 2943812
1790712976413 2844632 22904004 2943812
1790712976455 2844632 22904004 2943812
1790712976498 2844632 22904004 2943812
1790712976598 2844672 22904004 2943812
1790712976703 2844672 22904004 2943812
1790712976746 2844672 22904004 2943812
1790712976790 2844672 22904004 2943812
1790712976892 2844716 22904004 2943812
1790712977035 2844728 22904004 2943812
1790712977140 2844732 22904004 2943812
1790712977241 2844916 22904004 2943812
1790712977341 2845496 22904004 2943812
1790712977442 2421632 22904004 2943812
1790712977480 2421636 22904004 2943812
1790712977517 2421764 22904004 2943812
1790712977554 2421764 22904004 2943812
1790712977591 2421764 22904004 2943812
1790712977628 2421764 22904004 2943812
1790712977665 2421764 22904004 2943812
1790712977701 2421772 22904004 2943812
1790712977736 2421772 22904004 2943812
1790712977772 2421772 22904004 2943812
1790712977807 2421772 22904004 2943812
1790712977843 2421772 22904004 2943812
1790712977876 2420228 22904004 2943812
1790712977914 2429308 22904004 2943812
1790712977951 2429536 22904004 2943812
1790712977987 2450784 22904004 2943812
# peak_kb=2950524
# hwm_kb=2950524
# frozen_ms=8871
# polled_vs_hwm_pct=0promille
