# timestamp_ms Rss_kB Anonymous_kB Filemapped_kB Shmem_kB
1790712939408 432516 255708 176808 0
1790712939448 432516 255708 176808 0
1790712939472 432560 255752 176808 0
1790712939496 432660 255852 176808 0
1790712939520 433368 256088 177280 0
1790712939545 368332 238520 129812 0
1790712939568 436628 257548 179080 0
1790712939594 436628 257548 179080 0
1790712939618 436628 257548 179080 0
1790712939644 436628 257548 179080 0
1790712939670 436888 257808 179080 0
1790712939696 436888 257808 179080 0
1790712939720 436888 257808 179080 0
1790712939744 436996 257916 179080 0
1790712939768 437060 257980 179080 0
1790712939792 437096 258016 179080 0
1790712939816 438556 259476 179080 0
1790712939841 439084 260004 179080 0
1790712939865 407184 254488 152696 0
1790712939890 441648 262568 179080 0
1790712939928 441648 262568 179080 0
1790712939952 441996 263344 178652 0
1790712939977 454836 273660 181176 0
1790712940018 454836 273660 181176 0
1790712940043 454872 273696 181176 0
1790712940068 422432 267548 154884 0
1790712940092 455564 274388 181176 0
1790712940117 455608 274432 181176 0
1790712940141 444940 269440 175500 0
1790712940166 458096 275440 182656 0
1790712940192 437616 260676 176940 0
1790712940216 507572 322644 184928 0
1790712940257 507572 322644 184928 0
1790712940297 542332 358288 184044 0
1790712940337 606372 417452 188920 0
1790712940377 606372 417452 188920 0
1790712940400 607252 418272 188980 0
1790712940425 609744 418128 191616 0
1790712940451 611480 418248 193232 0
1790712940480 611480 418248 193232 0
1790712940506 471816 354128 117688 0
1790712940535 611564 418272 193292 0
1790712940575 394948 311408 83540 0
1790712940624 622740 421008 201732 0
1790712940684 622740 421008 201732 0
1790712940709 622744 421012 201732 0
1790712940743 625244 421024 204220 0
1790712940781 625704 421024 204680 0
1790712940810 625852 421032 204820 0
1790712940884 626564 421040 205524 0
1790712940955 628412 421084 207328 0
1790712940988 642020 425532 216488 0
1790712941031 642020 425532 216488 0
1790712941057 613048 422236 190812 0
1790712941086 645404 426676 218728 0
1790712941122 654460 426676 227784 0
1790712941150 654460 426676 227784 0
1790712941175 654460 426676 227784 0
1790712941203 654572 426692 227880 0
1790712941245 654636 426756 227880 0
1790712941276 661576 426964 234612 0
1790712941390 662172 427560 234612 0
1790712941455 664880 428020 236860 0
1790712941498 664880 428020 236860 0
1790712941524 664880 428020 236860 0
1790712941565 670116 428060 242056 0
1790712941609 674104 428088 246016 0
1790712941652 674104 428088 246016 0
1790712941680 674872 428096 246776 0
1790712941710 682532 428096 254436 0
1790712941738 683272 428100 255172 0
1790712941765 683272 428100 255172 0
1790712941791 683280 428108 255172 0
1790712941824 683552 428204 255348 0
1790712941861 685316 428216 257100 0
1790712941891 685732 428312 257420 0
1790712941944 690420 428516 261904 0
1790712942009 690420 428516 261904 0
1790712942035 690440 428536 261904 0
1790712942081 691208 429148 262060 0
1790712942133 693744 429600 264144 0
1790712942203 702900 429600 273300 0
1790712942230 702900 429600 273300 0
1790712942256 711892 431680 280212 0
1790712942330 714136 431680 282456 0
1790712942357 714136 431680 282456 0
1790712942383 714168 431712 282456 0
1790712942416 715436 432944 282492 0
1790712942454 717992 433296 284696 0
1790712942488 720832 433896 286936 0
1790712942545 723072 433896 289176 0
1790712942572 723440 434264 289176 0
1790712942599 723948 434772 289176 0
1790712942631 723948 434772 289176 0
1790712942657 723948 434772 289176 0
1790712942688 724136 434960 289176 0
1790712942725 724168 434992 289176 0
1790712942757 724180 435004 289176 0
1790712942791 726456 435036 291420 0
1790712942850 739256 438684 300572 0
1790712942896 739256 438684 300572 0
1790712942923 739260 438688 300572 0
1790712942950 740260 438692 301568 0
1790712942980 746068 438712 307356 0
1790712943012 748452 438712 309740 0
1790712943041 748452 438712 309740 0
1790712943068 748452 438712 309740 0
1790712943119 751076 439076 312000 0
1790712943177 755428 439192 316236 0
1790712943233 755820 439312 316508 0
1790712943295 755820 439312 316508 0
1790712943357 756612 440104 316508 0
1790712943421 759116 440364 318752 0
1790712943449 759116 440364 318752 0
1790712943477 759656 440904 318752 0
1790712943514 769348 441440 327908 0
1790712943545 769348 441440 327908 0
1790712943572 769348 441440 327908 0
1790712943610 784384 442920 341464 0
1790712943737 784520 442976 341544 0
1790712943764 784520 442976 341544 0
1790712943792 786760 442976 343784 0
1790712943831 788884 445100 343784 0
1790712943872 788884 445100 343784 0
1790712943904 788924 445140 343784 0
1790712943957 791208 445184 346024 0
1790712944015 795720 445220 350500 0
1790712944056 801144 445956 355188 0
1790712944114 801144 445956 355188 0
1790712944140 808160 445956 362204 0
1790712944181 810360 445984 364376 0
1790712944210 810360 445984 364376 0
1790712944238 810360 445984 364376 0
1790712944277 814780 448148 366632 0
1790712944345 821532 450416 371116 0
1790712944449 822072 450480 371592 0
1790712944488 822072 450480 371592 0
1790712944516 822564 450480 372084 0
1790712944550 824644 451284 373360 0
1790712944599 833816 451304 382512 0
1790712944637 833820 451308 382512 0
1790712944665 833820 451308 382512 0
1790712944694 834528 452016 382512 0
1790712944735 843716 452052 391664 0
1790712944799 843716 452052 391664 0
1790712944828 843716 452052 391664 0
1790712944877 849224 453024 396200 0
1790712944951 851788 453320 398468 0
1790712944989 851788 453320 398468 0
1790712945041 851828 453360 398468 0
1790712945087 854108 453400 400708 0
1790712945144 854148 453440 400708 0
1790712945182 859576 453440 406136 0
1790712945227 863000 453440 409560 0
1790712945265 863328 453464 409864 0
1790712945305 872920 453900 419020 0
1790712945338 872920 453900 419020 0
1790712945367 872920 453900 419020 0
1790712945401 873296 454276 419020 0
1790712945446 877800 454300 423500 0
1790712945501 880808 455068 425740 0
1790712945585 880808 455068 425740 0
1790712945644 883848 455864 427984 0
1790712945706 894728 458132 436596 0
1790712945739 894728 458132 436596 0
1790712945767 895268 458132 437136 0
1790712945824 906640 460324 446316 0
1790712945934 906640 460324 446316 0
1790712945963 907300 460328 446972 0
1790712946013 911308 460520 450788 0
1790712946050 913988 460956 453032 0
1790712946112 914304 461272 453032 0
1790712946158 914304 461272 453032 0
1790712946210 916548 461272 455276 0
1790712946253 917248 461972 455276 0
1790712946332 928452 464020 464432 0
1790712946394 933832 464020 469812 0
1790712946425 933832 464020 469812 0
1790712946454 933832 464020 469812 0
1790712946512 943632 466080 477552 0
1790712946615 946480 466176 480304 0
1790712946671 946584 466280 480304 0
1790712946700 946584 466280 480304 0
1790712946741 946584 466280 480304 0
1790712946770 946584 466280 480304 0
1790712946799 946584 466280 480304 0
1790712946841 949544 467000 482544 0
1790712946933 961584 469872 491712 0
1790712947000 961584 469872 491712 0
1790712947030 963712 469872 493840 0
1790712947059 970652 469876 500776 0
1790712947102 970796 469900 500896 0
1790712947132 970796 469900 500896 0
1790712947168 973040 469900 503140 0
1790712947241 977564 469900 507664 0
1790712947282 977564 469900 507664 0
1790712947312 977564 469900 507664 0
1790712947342 977568 469904 507664 0
1790712947391 977572 469908 507664 0
1790712947466 981872 471964 509908 0
1790712947525 987948 472664 515284 0
1790712947566 997080 472664 524416 0
1790712947630 1000880 472664 528216 0
1790712947663 1000880 472664 528216 0
1790712947693 1000880 472664 528216 0
1790712947726 1003952 472668 531284 0
1790712947777 1003952 472668 531284 0
1790712947807 1004508 472672 531836 0
1790712947838 1004624 472672 531952 0
1790712947868 1005560 472676 532884 0
1790712947899 1005608 472676 532932 0
1790712947929 1006564 472692 533872 0
1790712947960 1006840 472708 534132 0
1790712947991 1006848 472716 534132 0
1790712948021 1006860 472720 534140 0
1790712948051 1006860 472720 534140 0
1790712948081 1006876 472736 534140 0
1790712948112 1006884 472744 534140 0
1790712948143 1006884 472744 534140 0
1790712948174 1006896 472756 534140 0
1790712948206 1006904 472764 534140 0
1790712948236 1006912 472772 534140 0
1790712948266 1006916 472776 534140 0
1790712948297 1006916 472776 534140 0
1790712948327 1006916 472776 534140 0
1790712948357 1006928 472788 534140 0
1790712948387 1006928 472788 534140 0
1790712948418 1006928 472788 534140 0
1790712948448 1006940 472800 534140 0
1790712948479 1006944 472804 534140 0
1790712948509 1006956 472816 534140 0
1790712948540 1006960 472820 534140 0
1790712948572 1006960 472820 534140 0
1790712948601 1006968 472828 534140 0
1790712948632 1006972 472832 534140 0
1790712948663 1006976 472836 534140 0
1790712948693 1006980 472840 534140 0
1790712948724 1006980 472840 534140 0
1790712948754 1006980 472840 534140 0
1790712948786 1017048 478988 538060 0
1790712948817 1017524 478988 538536 0
1790712948848 1017524 478988 538536 0
1790712948894 1041712 491276 550436 0
1790712948948 1062356 501516 560840 0
1790712949001 1062492 501516 560976 0
1790712949032 1062492 501516 560976 0
1790712949062 1073872 507660 566212 0
1790712949094 1096524 474380 622144 0
1790712949149 1096524 474380 622144 0
1790712949179 1098300 476104 622196 0
1790712949213 1116736 494540 622196 0
1790712949246 1116736 494540 622196 0
1790712949278 1116736 494540 622196 0
1790712949309 1107644 485448 622196 0
1790712949342 1072852 478912 593940 0
1790712949376 1107644 485448 622196 0
1790712949409 1107644 485448 622196 0
1790712949440 1122552 500356 622196 0
1790712949474 1010248 433940 576308 0
1790712949507 1104248 482052 622196 0
1790712949541 1107644 485448 622196 0
1790712949572 1107644 485448 622196 0
1790712949603 1091188 484320 606868 0
1790712949637 1074716 478984 595732 0
1790712949671 1112316 490120 622196 0
1790712949704 1112316 490120 622196 0
1790712949734 1125952 503756 622196 0
1790712949768 1116860 494664 622196 0
1790712949803 1116860 494664 622196 0
1790712949836 1116860 494664 622196 0
1790712949868 1116860 494664 622196 0
1790712949899 1114084 493212 620872 0
1790712949934 1115856 506936 608920 0
1790712949967 1116860 494664 622196 0
1790712949999 1116860 494664 622196 0
1790712950030 1114316 492120 622196 0
1790712950066 1092024 471260 620764 0
1790712950099 1117444 495248 622196 0
1790712950131 1126536 504340 622196 0
1790712950164 1128260 506064 622196 0
1790712950199 1128260 506064 622196 0
1790712950231 1128260 506064 622196 0
1790712950263 1128260 506064 622196 0
1790712950295 1128260 506064 622196 0
1790712950330 1128260 506064 622196 0
1790712950362 1128260 506064 622196 0
1790712950397 1128260 506064 622196 0
1790712950432 1128260 506064 622196 0
1790712950467 1128260 506064 622196 0
1790712950499 1128260 506064 622196 0
1790712950529 1041488 450932 590556 0
1790712950562 1066544 448192 618352 0
1790712950596 1100736 478540 622196 0
1790712950630 1100736 478540 622196 0
1790712950671 870420 367684 502736 0
1790712950728 1100736 478540 622196 0
1790712950762 1100736 478540 622196 0
1790712950796 1100764 478544 622220 0
1790712950844 1100764 478544 622220 0
1790712950875 1100764 478544 622220 0
1790712950927 1100764 478544 622220 0
1790712950993 1087124 478136 608988 0
1790712951030 1279132 656912 622220 0
1790712951083 1279132 656912 622220 0
1790712951115 1127668 620508 507160 0
1790712951172 1806456 1184236 622220 0
1790712951248 2124820 1502600 622220 0
1790712951327 1959460 1337240 622220 0
1790712951386 1959460 1337240 622220 0
1790712951417 1068300 951876 116424 0
1790712951444 1080556 998556 82000 0
1790712951470 1203776 1094956 108820 0
1790712951496 1827112 1204892 622220 0
1790712951528 1827112 1204892 622220 0
1790712951559 1367404 1194500 172904 0
1790712951589 1738596 1167332 571264 0
1790712951644 2269408 1647188 622220 0
1790712951706 1959564 1760460 199104 0
1790712951848 1115524 492924 622600 0
1790712951929 1115528 492928 622600 0
1790712952019 1115528 492928 622600 0
1790712952114 1115532 492932 622600 0
1790712952193 1115544 492944 622600 0
1790712952265 1115548 492948 622600 0
1790712952324 1115548 492948 622600 0
1790712952412 1115548 492948 622600 0
1790712952511 1115548 492948 622600 0
1790712952596 1115548 492948 622600 0
1790712952712 1115548 492948 622600 0
1790712952818 1115548 492948 622600 0
1790712952885 1115548 492948 622600 0
1790712952925 1115548 492948 622600 0
1790712953038 1115548 492948 622600 0
1790712953093 1115548 492948 622600 0
1790712953151 1115548 492948 622600 0
1790712953243 1115548 492948 622600 0
1790712953315 1115548 492948 622600 0
1790712953404 1115560 492960 622600 0
1790712953492 1115560 492960 622600 0
1790712953572 1115560 492960 622600 0
1790712953690 1115560 492960 622600 0
1790712953766 1115560 492960 622600 0
1790712953829 1115560 492960 622600 0
1790712953936 1115560 492960 622600 0
1790712953997 1115560 492960 622600 0
1790712954050 1115560 492960 622600 0
1790712954149 1115744 493144 622600 0
1790712954244 1115744 493144 622600 0
1790712954356 1115744 493144 622600 0
1790712954449 1115744 493144 622600 0
1790712954530 1115744 493144 622600 0
1790712954595 1115744 493144 622600 0
1790712954695 1115744 493144 622600 0
1790712954804 1115744 493144 622600 0
1790712954889 1115744 493144 622600 0
1790712954969 1115744 493144 622600 0
1790712955055 1115744 493144 622600 0
1790712955154 1115744 493144 622600 0
1790712955250 1115744 493144 622600 0
1790712955310 1115744 493144 622600 0
1790712955388 1115744 493144 622600 0
1790712955493 1115744 493144 622600 0
1790712955557 1115744 493144 622600 0
1790712955626 1115744 493144 622600 0
1790712955676 1115744 493144 622600 0
1790712955718 1115744 493144 622600 0
1790712955766 1115744 493144 622600 0
1790712955827 1115744 493144 622600 0
1790712955879 1115744 493144 622600 0
1790712955929 1115744 493144 622600 0
1790712955968 1115744 493144 622600 0
1790712955999 1115912 493312 622600 0
1790712956033 1116444 493456 622988 0
1790712956066 1116452 493464 622988 0
1790712956099 1116456 493468 622988 0
1790712956132 1116460 493472 622988 0
1790712956166 1116464 493476 622988 0
1790712956200 1116468 493480 622988 0
1790712956234 1116472 493484 622988 0
1790712956268 1116476 493488 622988 0
1790712956302 1116480 493492 622988 0
1790712956337 1116488 493500 622988 0
1790712956371 1116488 493500 622988 0
1790712956405 1116500 493512 622988 0
1790712956440 1116508 493520 622988 0
1790712956474 1116508 493520 622988 0
1790712956508 1098824 480800 618024 0
1790712956543 1092100 476548 615552 0
1790712956577 1094516 478676 615840 0
1790712956611 1132772 511772 621000 0
1790712956647 1152404 533368 619036 0
1790712956683 1171876 552732 619144 0
1790712956718 1177552 563380 614172 0
1790712956753 1203936 588228 615708 0
1790712956788 1222880 604024 618856 0
1790712956824 1246700 627492 619208 0
1790712956859 1212184 597196 614988 0
1790712956893 1262480 649960 612520 0
1790712956937 1315100 694208 620892 0
1790712956996 1317576 694588 622988 0
1790712957060 1346796 723808 622988 0
1790712957133 1356012 733024 622988 0
1790712957189 1374444 751456 622988 0
1790712957267 1374448 751460 622988 0
1790712957379 1374448 751460 622988 0
1790712957442 1374448 751460 622988 0
1790712957531 1374448 751460 622988 0
1790712957630 1374448 751460 622988 0
1790712957701 1374448 751460 622988 0
1790712957774 1374448 751460 622988 0
1790712957857 1374448 751460 622988 0
1790712957930 1374448 751460 622988 0
1790712958025 1374448 751460 622988 0
1790712958095 1374448 751460 622988 0
1790712958202 1374448 751460 622988 0
1790712958272 1374448 751460 622988 0
1790712958348 1374448 751460 622988 0
1790712958432 1374448 751460 622988 0
1790712958496 1374448 751460 622988 0
1790712958600 1374448 751460 622988 0
1790712958668 1374448 751460 622988 0
1790712958770 1374448 751460 622988 0
1790712958849 1374448 751460 622988 0
1790712958957 1374448 751460 622988 0
1790712959049 1374448 751460 622988 0
1790712959199 1374448 751460 622988 0
1790712959276 1374448 751460 622988 0
1790712959350 1374448 751460 622988 0
1790712959431 1374448 751460 622988 0
1790712959520 1374448 751460 622988 0
1790712959618 1374448 751460 622988 0
1790712959689 1374448 751460 622988 0
1790712959748 1374448 751460 622988 0
1790712959830 1374448 751460 622988 0
1790712959865 1374448 751460 622988 0
1790712959988 1374448 751460 622988 0
1790712960073 1374448 751460 622988 0
1790712960143 1328940 741528 587412 0
1790712960194 1606332 1034312 572020 0
1790712960283 2000664 1377676 622988 0
1790712960347 2167220 1664348 502872 0
1790712960397 1387928 1264896 123032 0
1790712960446 1548396 1411144 137252 0
1790712960476 1981552 1358564 622988 0
1790712960518 2352044 1729056 622988 0
1790712960556 2632392 2009404 622988 0
1790712960595 2258872 2170068 88804 0
1790712960660 1736360 1585064 151296 0
1790712960722 1657016 1032840 624176 0
1790712960758 1855288 1242540 612748 0
1790712960798 1606556 1460852 145704 0
1790712960826 1681972 1538660 143312 0
1790712960855 1684556 1586100 98456 0
1790712960883 1829132 1258860 570272 0
1790712960918 1556768 1428280 128488 0
1790712960946 1592960 1461452 131508 0
1790712960973 1758180 1599056 159124 0
1790712961003 2324168 1699992 624176 0
1790712961042 1814904 1190664 624240 0
1790712961093 1815168 1190928 624240 0
1790712961147 1815248 1191008 624240 0
1790712961202 1815556 1191316 624240 0
1790712961267 1806668 1185792 620876 0
1790712961339 1847120 1222908 624212 0
1790712961398 1846856 1227856 619000 0
1790712961501 1830996 1272700 558296 0
1790712961587 2098232 1473776 624456 0
1790712961645 2174016 1549560 624456 0
1790712961711 1904340 1279884 624456 0
1790712961769 2305524 1681068 624456 0
1790712961853 2412040 1787584 624456 0
1790712961902 2077888 1562736 515152 0
1790712961963 2004528 1380072 624456 0
1790712962075 1568156 1371300 196856 0
1790712962134 1388600 1307780 80820 0
1790712962188 2011028 1415892 595136 0
1790712962241 2059028 1434572 624456 0
1790712962317 2063844 1448748 615096 0
1790712962382 2074724 1454480 620244 0
1790712962432 2152896 1528440 624456 0
1790712962496 2152896 1528440 624456 0
1790712962564 2128000 1553408 574592 0
1790712962635 1652996 1529560 123436 0
1790712962691 2245068 1620612 624456 0
1790712962767 2245076 1620620 624456 0
1790712962824 2245076 1620620 624456 0
1790712962898 2240060 1615604 624456 0
1790712962954 1726724 1603288 123436 0
1790712963015 2337252 1712796 624456 0
1790712963103 2337252 1712796 624456 0
1790712963219 2336408 1711952 624456 0
1790712963301 2376700 1755568 621132 0
1790712963347 2447848 1823392 624456 0
1790712963436 2447848 1823392 624456 0
1790712963506 2447848 1823392 624456 0
1790712963590 1941260 1811900 129360 0
1790712963657 2540008 1915552 624456 0
1790712963764 2540008 1915552 624456 0
1790712963823 2302892 1798956 503936 0
1790712963910 2040068 1916632 123436 0
1790712963956 2632172 2007716 624456 0
1790712964036 2632172 2007716 624456 0
1790712964151 2207120 2009144 197976 0
1790712964184 2440560 1936400 504160 0
1790712964231 2724336 2099880 624456 0
1790712964327 2724336 2099880 624456 0
1790712964400 2724336 2099880 624456 0
1790712964452 2509740 2005804 503936 0
1790712964538 2804696 2180628 624068 0
1790712964590 2834928 2210472 624456 0
1790712964665 2834928 2210472 624456 0
1790712964757 2587640 2083704 503936 0
1790712964825 2852432 2227976 624456 0
1790712964904 2945524 2321068 624456 0
1790712964980 2945548 2321092 624456 0
1790712965089 2945548 2321092 624456 0
1790712965180 2970048 2345592 624456 0
1790712965216 2970048 2345592 624456 0
1790712965257 3000768 2376312 624456 0
1790712965306 3056140 2431684 624456 0
1790712965398 3056140 2431684 624456 0
1790712965432 3056140 2431684 624456 0
1790712965467 3056140 2431684 624456 0
1790712965529 3056140 2431684 624456 0
1790712965601 3056140 2431684 624456 0
1790712965696 3129792 2505336 624456 0
1790712965783 3129792 2505336 624456 0
1790712965819 3166732 2542276 624456 0
1790712965894 3166736 2542280 624456 0
1790712965997 3166736 2542280 624456 0
1790712966033 3166736 2542280 624456 0
1790712966082 3166740 2542284 624456 0
1790712966155 3203604 2579148 624456 0
1790712966206 3203604 2579148 624456 0
1790712966255 2803984 2609168 194816 0
1790712966337 3277340 2652884 624456 0
1790712966408 3277340 2652884 624456 0
1790712966447 3277164 2650348 626816 0
1790712966522 3337120 2652948 684172 0
1790712966560 3337120 2652948 684172 0
1790712966594 3250108 2651216 598892 0
1790712966632 2702940 2569400 133540 0
1790712966670 3248156 2618388 629768 0
1790712966750 3366392 2652992 713400 0
1790712966796 3367060 2652992 714068 0
1790712966841 2925140 2387328 537812 0
1790712966900 3117624 2460864 656760 0
1790712966956 3024620 2341088 683532 0
1790712967039 3136836 2406184 730652 0
1790712967103 3076152 2406592 669560 0
1790712967153 3141476 2406592 734884 0
1790712967210 3141476 2406592 734884 0
1790712967259 3141476 2406592 734884 0
1790712967300 3141476 2406592 734884 0
1790712967340 3141476 2406592 734884 0
1790712967377 3141476 2406592 734884 0
1790712967414 3141476 2406592 734884 0
1790712967452 3141476 2406592 734884 0
1790712967490 3141476 2406592 734884 0
1790712967532 3141476 2406592 734884 0
1790712967573 3141476 2406592 734884 0
1790712967615 3141476 2406592 734884 0
1790712967653 3141676 2406592 735084 0
1790712967692 3145136 2406620 738516 0
1790712967732 2928164 2315804 612360 0
1790712967768 3068944 2393236 675708 0
1790712967805 3167000 2411292 755708 0
1790712967845 3464972 2413472 1051500 0
1790712967992 3464972 2413472 1051500 0
1790712968061 3467024 2415524 1051500 0
1790712968104 3467024 2415524 1051500 0
1790712968147 3467024 2415524 1051500 0
1790712968187 3468224 2415532 1052692 0
1790712968228 3471180 2415532 1055648 0
1790712968272 3471180 2415532 1055648 0
1790712968312 3473332 2415544 1057788 0
1790712968354 3473336 2415548 1057788 0
1790712968396 3473336 2415548 1057788 0
1790712968438 3473624 2415572 1058052 0
1790712968480 3473628 2415576 1058052 0
1790712968520 3474000 2415636 1058364 0
1790712968563 3475036 2415636 1059400 0
1790712968604 3462016 2414128 1047888 0
1790712968647 3477460 2417704 1059756 0
1790712968691 3477528 2417708 1059820 0
1790712968733 3477532 2417708 1059824 0
1790712968776 3477532 2417708 1059824 0
1790712968817 3477532 2417708 1059824 0
1790712968860 3477532 2417708 1059824 0
1790712968902 3477532 2417708 1059824 0
1790712968944 3477540 2417716 1059824 0
1790712968986 3477540 2417716 1059824 0
1790712969028 3477540 2417716 1059824 0
1790712969072 3477540 2417716 1059824 0
1790712969118 3479524 2417720 1061804 0
1790712969160 3479524 2417720 1061804 0
1790712969201 3479524 2417720 1061804 0
1790712969243 3479524 2417720 1061804 0
1790712969286 3479548 2417744 1061804 0
1790712969327 3479560 2417756 1061804 0
1790712969370 3479612 2417808 1061804 0
1790712969413 3479612 2417808 1061804 0
1790712969456 3479612 2417808 1061804 0
1790712969501 3479612 2417808 1061804 0
1790712969561 3479636 2417832 1061804 0
1790712969604 3479636 2417832 1061804 0
1790712969646 3479652 2417848 1061804 0
1790712969688 3479664 2417860 1061804 0
1790712969728 3479664 2417860 1061804 0
1790712969773 3479668 2417864 1061804 0
1790712969817 3479668 2417864 1061804 0
1790712969860 3479668 2417864 1061804 0
1790712969900 3479668 2417864 1061804 0
1790712969943 3479700 2417896 1061804 0
1790712969985 3479700 2417896 1061804 0
1790712970026 3479700 2417896 1061804 0
1790712970069 3479700 2417896 1061804 0
1790712970111 3479700 2417896 1061804 0
1790712970153 3479700 2417896 1061804 0
1790712970195 3479700 2417896 1061804 0
1790712970236 3479700 2417896 1061804 0
1790712970279 3479700 2417896 1061804 0
1790712970324 3479700 2417896 1061804 0
1790712970367 3479700 2417896 1061804 0
1790712970410 3479700 2417896 1061804 0
1790712970452 3479700 2417896 1061804 0
1790712970494 3479700 2417896 1061804 0
1790712970537 3479700 2417896 1061804 0
1790712970580 3479700 2417896 1061804 0
1790712970624 3479700 2417896 1061804 0
1790712970666 3479704 2417900 1061804 0
1790712970709 3479704 2417900 1061804 0
1790712970752 3479704 2417900 1061804 0
1790712970793 3479704 2417900 1061804 0
1790712970836 3479704 2417900 1061804 0
1790712970880 3479704 2417900 1061804 0
1790712970924 3479704 2417900 1061804 0
1790712970967 3479704 2417900 1061804 0
1790712971010 3479704 2417900 1061804 0
1790712971054 3479704 2417900 1061804 0
1790712971099 3479704 2417900 1061804 0
1790712971145 3479704 2417900 1061804 0
1790712971189 3479704 2417900 1061804 0
1790712971232 3479704 2417900 1061804 0
1790712971276 3479704 2417900 1061804 0
1790712971322 3479704 2417900 1061804 0
1790712971366 3479704 2417900 1061804 0
1790712971410 3479740 2417936 1061804 0
1790712971452 3479740 2417936 1061804 0
1790712971494 3479740 2417936 1061804 0
1790712971536 3479740 2417936 1061804 0
1790712971581 3479744 2417940 1061804 0
1790712971625 3479744 2417940 1061804 0
1790712971665 3479744 2417940 1061804 0
1790712971705 3479748 2417944 1061804 0
1790712971748 3479748 2417944 1061804 0
1790712971790 3479748 2417944 1061804 0
1790712971832 3479748 2417944 1061804 0
1790712971875 3479752 2417948 1061804 0
1790712971918 3479752 2417948 1061804 0
1790712971959 3479756 2417952 1061804 0
1790712972004 3479756 2417952 1061804 0
1790712972045 3479756 2417952 1061804 0
1790712972089 3479756 2417952 1061804 0
1790712972133 3479756 2417952 1061804 0
1790712972176 3479760 2417956 1061804 0
1790712972219 3479760 2417956 1061804 0
1790712972260 3479768 2417964 1061804 0
1790712972305 3479768 2417964 1061804 0
1790712972345 3479768 2417964 1061804 0
1790712972390 3479768 2417964 1061804 0
1790712972433 3479772 2417968 1061804 0
1790712972476 3479772 2417968 1061804 0
1790712972517 3479828 2418024 1061804 0
1790712972559 3479828 2418024 1061804 0
1790712972600 3479828 2418024 1061804 0
1790712972640 3479848 2418044 1061804 0
1790712972682 3479848 2418044 1061804 0
1790712972724 3479852 2418048 1061804 0
1790712972769 3479852 2418048 1061804 0
1790712972812 3479852 2418048 1061804 0
1790712972855 3479852 2418048 1061804 0
1790712972898 3479852 2418048 1061804 0
1790712972942 3479852 2418048 1061804 0
1790712972985 3479852 2418048 1061804 0
1790712973030 3479856 2418052 1061804 0
1790712973075 3479856 2418052 1061804 0
1790712973115 3479860 2418056 1061804 0
1790712973159 3479860 2418056 1061804 0
1790712973200 3479860 2418056 1061804 0
1790712973242 3479860 2418056 1061804 0
1790712973285 3479900 2418096 1061804 0
1790712973327 3479900 2418096 1061804 0
1790712973368 3479908 2418104 1061804 0
1790712973414 3479908 2418104 1061804 0
1790712973456 3479908 2418104 1061804 0
1790712973495 3479908 2418104 1061804 0
1790712973539 3479908 2418104 1061804 0
1790712973583 3479916 2418112 1061804 0
1790712973627 3479916 2418112 1061804 0
1790712973669 3479916 2418112 1061804 0
1790712973710 3479920 2418116 1061804 0
1790712973754 3479920 2418116 1061804 0
1790712973795 3479924 2418120 1061804 0
1790712973840 3479924 2418120 1061804 0
1790712973882 3479928 2418124 1061804 0
1790712973926 3479928 2418124 1061804 0
1790712973968 3479928 2418124 1061804 0
1790712974009 3479928 2418124 1061804 0
1790712974051 3479932 2418128 1061804 0
1790712974093 3479936 2418132 1061804 0
1790712974134 3479940 2418136 1061804 0
1790712974179 3479944 2418140 1061804 0
1790712974222 3479944 2418140 1061804 0
1790712974265 3479948 2418144 1061804 0
1790712974308 3479948 2418144 1061804 0
1790712974346 3479948 2418144 1061804 0
1790712974386 3479948 2418144 1061804 0
1790712974428 3479952 2418148 1061804 0
1790712974471 3479952 2418148 1061804 0
1790712974513 3479956 2418152 1061804 0
1790712974555 3479956 2418152 1061804 0
1790712974597 3479964 2418160 1061804 0
1790712974641 3479964 2418160 1061804 0
1790712974684 3479964 2418160 1061804 0
1790712974728 3479968 2418164 1061804 0
1790712974771 3479968 2418164 1061804 0
1790712974812 3479968 2418164 1061804 0
1790712974854 3480004 2418200 1061804 0
1790712974896 3480004 2418200 1061804 0
1790712974937 3480032 2418228 1061804 0
1790712974979 3480032 2418228 1061804 0
1790712975021 3480036 2418232 1061804 0
1790712975063 3480036 2418232 1061804 0
1790712975104 3480044 2418240 1061804 0
1790712975148 3480044 2418240 1061804 0
1790712975191 3480044 2418240 1061804 0
1790712975232 3480044 2418240 1061804 0
1790712975276 3480044 2418240 1061804 0
1790712975319 3480044 2418240 1061804 0
1790712975362 3480044 2418240 1061804 0
1790712975404 3480048 2418244 1061804 0
1790712975446 3480048 2418244 1061804 0
1790712975487 3480048 2418244 1061804 0
1790712975530 3480052 2418248 1061804 0
1790712975575 3480052 2418248 1061804 0
1790712975616 3480056 2418252 1061804 0
1790712975661 3480056 2418252 1061804 0
1790712975703 3480056 2418252 1061804 0
1790712975745 3480056 2418252 1061804 0
1790712975788 3480056 2418252 1061804 0
1790712975830 3480056 2418252 1061804 0
1790712975872 3480088 2418284 1061804 0
1790712975914 3480088 2418284 1061804 0
1790712975955 3480092 2418288 1061804 0
1790712975999 3480096 2418292 1061804 0
1790712976041 3480096 2418292 1061804 0
1790712976082 3480096 2418292 1061804 0
1790712976125 3480096 2418292 1061804 0
1790712976169 3480096 2418292 1061804 0
1790712976213 3480100 2418296 1061804 0
1790712976255 3480100 2418296 1061804 0
1790712976296 3480100 2418296 1061804 0
1790712976341 3480100 2418296 1061804 0
1790712976387 3480100 2418296 1061804 0
1790712976431 3480100 2418296 1061804 0
1790712976473 3480104 2418300 1061804 0
1790712976516 3480104 2418300 1061804 0
1790712976556 3480104 2418300 1061804 0
1790712976598 3480112 2418308 1061804 0
1790712976641 3480112 2418308 1061804 0
1790712976685 3480112 2418308 1061804 0
1790712976729 3480112 2418308 1061804 0
1790712976773 3480124 2418320 1061804 0
1790712976815 3480124 2418320 1061804 0
1790712976856 3480148 2418344 1061804 0
1790712976898 3480148 2418344 1061804 0
1790712976939 3480148 2418344 1061804 0
1790712976981 3480152 2418348 1061804 0
1790712977026 3480156 2418352 1061804 0
1790712977069 3480156 2418352 1061804 0
1790712977112 3480156 2418352 1061804 0
1790712977156 3480160 2418356 1061804 0
1790712977196 3480160 2418356 1061804 0
1790712977238 3480404 2418356 1062048 0
1790712977280 3480852 2418356 1062496 0
1790712977323 3480896 2418400 1062496 0
1790712977364 3480896 2418400 1062496 0
1790712977405 3476788 2416280 1060508 0
1790712977447 2980144 2340516 639628 0
1790712977483 2980144 2340516 639628 0
1790712977520 2980144 2340516 639628 0
1790712977556 2980144 2340516 639628 0
1790712977592 2980144 2340516 639628 0
1790712977628 2980144 2340516 639628 0
1790712977665 2852584 2295988 556596 0
1790712977700 2980148 2340520 639628 0
1790712977736 2980148 2340520 639628 0
1790712977772 2980148 2340520 639628 0
1790712977807 2980148 2340520 639628 0
1790712977843 2901520 2333152 568368 0
1790712977878 2988240 2337956 650284 0
1790712977914 2988364 2337956 650408 0
1790712977951 3009168 2337956 671212 0
