# timestamp_ms VmRSS_kB VmPeak_kB VmHWM_kB
1787138719749 655788 328598312 2136332
1787138719860 655788 328598312 2136332
1787138719885 655788 328598312 2136332
1787138719910 655788 328598312 2136332
1787138719935 655788 328598312 2136332
1787138719959 655788 328598312 2136332
1787138719984 655788 328598312 2136332
1787138720009 655788 328598312 2136332
1787138720034 655788 328598312 2136332
1787138720058 655788 328598312 2136332
1787138720083 655788 328598312 2136332
1787138720108 655788 328598312 2136332
1787138720132 655788 328598312 2136332
1787138720157 655788 328598312 2136332
1787138720182 655788 328598312 2136332
1787138720206 655788 328598312 2136332
1787138720231 655788 328598312 2136332
1787138720256 655788 328598312 2136332
1787138720280 655788 328598312 2136332
1787138720304 655788 328598312 2136332
1787138720329 655788 328598312 2136332
1787138720353 655788 328598312 2136332
1787138720378 655788 328598312 2136332
1787138720403 655788 328598312 2136332
1787138720428 655788 328598312 2136332
1787138720452 655788 328598312 2136332
1787138720476 655788 328598312 2136332
1787138720501 655788 328598312 2136332
1787138720526 655788 328598312 2136332
1787138720551 655788 328598312 2136332
1787138720576 655788 328598312 2136332
1787138720601 655788 328598312 2136332
1787138720626 655788 328598312 2136332
1787138720650 655788 328598312 2136332
1787138720675 655788 328598312 2136332
1787138720700 655788 328598312 2136332
1787138720725 655788 328598312 2136332
1787138720750 655788 328598312 2136332
1787138720776 655788 328598312 2136332
1787138720801 655788 328598312 2136332
1787138720826 655788 328598312 2136332
1787138720853 655788 328598312 2136332
1787138720877 655788 328598312 2136332
1787138720902 655788 328598312 2136332
1787138720926 655788 328598312 2136332
1787138720952 655788 328598312 2136332
1787138720976 655788 328598312 2136332
1787138721002 655788 328598312 2136332
1787138721037 655788 328598312 2136332
1787138721061 655788 328598312 2136332
1787138721086 655788 328598312 2136332
1787138721110 655788 328598312 2136332
1787138721135 655788 328598312 2136332
1787138721161 655788 328598312 2136332
1787138721186 655788 328598312 2136332
1787138721211 655788 328598312 2136332
1787138721237 655788 328598312 2136332
1787138721262 655788 328598312 2136332
1787138721287 655788 328598312 2136332
1787138721313 655788 328598312 2136332
1787138721338 655788 328598312 2136332
1787138721365 655788 328598312 2136332
1787138721389 655788 328598312 2136332
1787138721413 655788 328598312 2136332
1787138721438 655788 328598312 2136332
1787138721465 655788 328598312 2136332
1787138721491 655788 328598312 2136332
1787138721517 655788 328598312 2136332
1787138721543 655788 328598312 2136332
1787138721568 655788 328598312 2136332
1787138721593 655788 328598312 2136332
1787138721618 655788 328598312 2136332
1787138721644 655788 328598312 2136332
1787138721675 655788 328598312 2136332
1787138721699 655788 328598312 2136332
1787138721724 655788 328598312 2136332
1787138721750 655788 328598312 2136332
1787138721775 655788 328598312 2136332
1787138721801 655788 328598312 2136332
1787138721837 655788 328598312 2136332
1787138721862 655788 328598312 2136332
1787138721887 655788 328598312 2136332
1787138721911 655788 328598312 2136332
1787138721935 655788 328598312 2136332
1787138721967 655788 328598312 2136332
1787138721992 655788 328598312 2136332
1787138722017 655788 328598312 2136332
1787138722043 655788 328598312 2136332
1787138722068 655788 328598312 2136332
1787138722094 655788 328598312 2136332
1787138722126 655788 328598312 2136332
1787138722151 655788 328598312 2136332
1787138722176 655788 328598312 2136332
1787138722202 655788 328598312 2136332
1787138722226 655788 328598312 2136332
1787138722250 655788 328598312 2136332
1787138722276 655788 328598312 2136332
1787138722301 655788 328598312 2136332
1787138722326 655788 328598312 2136332
1787138722351 655788 328598312 2136332
1787138722376 655788 328598312 2136332
1787138722409 655788 328598312 2136332
1787138722434 655788 328598312 2136332
1787138722460 655788 328598312 2136332
1787138722485 655788 328598312 2136332
1787138722512 655788 328598312 2136332
1787138722537 655788 328598312 2136332
1787138722569 655788 328598312 2136332
1787138722594 655788 328598312 2136332
1787138722619 655788 328598312 2136332
1787138722644 655788 328598312 2136332
1787138722670 655788 328598312 2136332
1787138722697 655788 328598312 2136332
1787138722726 655788 328598312 2136332
1787138722751 655788 328598312 2136332
1787138722777 655788 328598312 2136332
1787138722802 655788 328598312 2136332
1787138722827 655788 328598312 2136332
1787138722852 655788 328598312 2136332
1787138722878 655788 328598312 2136332
1787138722902 655788 328598312 2136332
1787138722927 655788 328598312 2136332
1787138722953 655788 328598312 2136332
1787138722978 655788 328598312 2136332
1787138723005 655788 328598312 2136332
1787138723031 655788 328598312 2136332
1787138723056 655788 328598312 2136332
1787138723082 655788 328598312 2136332
1787138723108 655788 328598312 2136332
1787138723133 655788 328598312 2136332
1787138723167 655788 328598312 2136332
1787138723191 655788 328598312 2136332
1787138723217 655788 328598312 2136332
1787138723242 655788 328598312 2136332
1787138723269 655788 328598312 2136332
1787138723295 655788 328598312 2136332
1787138723321 655788 328598312 2136332
1787138723366 655788 328598312 2136332
1787138723396 655788 328598312 2136332
1787138723421 655788 328598312 2136332
1787138723447 655788 328598312 2136332
1787138723473 655788 328598312 2136332
1787138723497 655788 328598312 2136332
1787138723524 655788 328598312 2136332
1787138723560 655788 328598312 2136332
1787138723585 655788 328598312 2136332
1787138723610 655788 328598312 2136332
1787138723636 655788 328598312 2136332
1787138723661 655788 328598312 2136332
1787138723687 655788 328598312 2136332
1787138723712 655788 328598312 2136332
1787138723741 655788 328598312 2136332
1787138723766 655788 328598312 2136332
1787138723793 655788 328598312 2136332
1787138723818 655788 328598312 2136332
1787138723844 655788 328598312 2136332
1787138723869 655788 328598312 2136332
1787138723894 655788 328598312 2136332
1787138723919 655788 328598312 2136332
1787138723944 655788 328598312 2136332
1787138723969 655788 328598312 2136332
1787138723995 655788 328598312 2136332
1787138724021 655788 328598312 2136332
1787138724047 655788 328598312 2136332
1787138724073 655788 328598312 2136332
1787138724096 655788 328598312 2136332
1787138724123 655788 328598312 2136332
1787138724148 655788 328598312 2136332
1787138724173 655788 328598312 2136332
1787138724198 655788 328598312 2136332
1787138724223 655788 328598312 2136332
1787138724259 655788 328598312 2136332
1787138724288 655788 328598312 2136332
1787138724313 655788 328598312 2136332
1787138724338 655788 328598312 2136332
1787138724364 655788 328598312 2136332
1787138724389 655788 328598312 2136332
1787138724420 655788 328598312 2136332
1787138724445 655788 328598312 2136332
1787138724470 655788 328598312 2136332
1787138724495 655788 328598312 2136332
1787138724520 655788 328598312 2136332
1787138724546 655788 328598312 2136332
1787138724581 655788 328598312 2136332
1787138724606 655788 328598312 2136332
1787138724631 655788 328598312 2136332
1787138724655 655788 328598312 2136332
1787138724681 655788 328598312 2136332
1787138724706 655788 328598312 2136332
1787138724731 655788 328598312 2136332
1787138724756 655788 328598312 2136332
1787138724781 655788 328598312 2136332
1787138724806 655788 328598312 2136332
1787138724831 655788 328598312 2136332
1787138724855 655788 328598312 2136332
1787138724881 655788 328598312 2136332
1787138724905 655788 328598312 2136332
1787138724931 655788 328598312 2136332
1787138724956 655788 328598312 2136332
1787138724982 655788 328598312 2136332
1787138725006 655788 328598312 2136332
1787138725031 655788 328598312 2136332
1787138725057 655788 328598312 2136332
1787138725081 655788 328598312 2136332
1787138725106 655788 328598312 2136332
1787138725131 655788 328598312 2136332
1787138725156 655788 328598312 2136332
1787138725180 655788 328598312 2136332
1787138725205 655788 328598312 2136332
1787138725231 655788 328598312 2136332
1787138725256 655788 328598312 2136332
1787138725281 655788 328598312 2136332
1787138725306 655788 328598312 2136332
1787138725330 655788 328598312 2136332
1787138725355 655788 328598312 2136332
1787138725380 655788 328598312 2136332
1787138725405 655788 328598312 2136332
1787138725430 655788 328598312 2136332
1787138725455 655788 328598312 2136332
1787138725480 655788 328598312 2136332
1787138725505 655788 328598312 2136332
1787138725529 655788 328598312 2136332
1787138725555 655788 328598312 2136332
1787138725580 655788 328598312 2136332
1787138725604 702904 328663852 2136332
1787138725720 809876 328731444 2136332
1787138725838 841048 328731444 2136332
1787138725953 873276 328731444 2136332
1787138726072 907996 328731444 2136332
1787138726190 941108 328731444 2136332
1787138726313 976884 328731444 2136332
1787138726433 1009980 328731444 2136332
1787138726556 1049632 328731444 2136332
1787138726682 1093512 328731444 2136332
1787138726808 1135200 328731576 2136332
1787138726935 1174024 328731576 2136332
1787138727061 1214300 328731576 2136332
1787138727186 1244036 328731576 2136332
1787138727316 1289212 328731576 2136332
1787138727443 1333356 328731576 2136332
1787138727568 1371312 328731728 2136332
1787138727702 1412000 328731728 2136332
1787138727836 1445372 328731728 2136332
1787138727972 1481592 328731728 2136332
1787138728109 1521992 328731728 2136332
1787138728245 1559060 328731728 2136332
1787138728383 1307840 328731728 2136332
1787138728413 788936 328731728 2136332
1787138728453 789328 328731864 2136332
1787138728524 789372 328731864 2136332
1787138728599 789388 328731864 2136332
1787138728641 807944 328731864 2136332
1787138728670 841132 328731864 2136332
1787138728697 859428 328731864 2136332
1787138728725 863648 328731864 2136332
1787138728752 885632 328731864 2136332
1787138728780 905044 328731864 2136332
1787138728808 927432 328731864 2136332
1787138728836 949836 328731864 2136332
1787138728864 973060 328731864 2136332
1787138728892 995892 328731864 2136332
1787138728921 1019176 328731864 2136332
1787138728950 1042740 328731864 2136332
1787138728979 1066168 328731864 2136332
1787138729008 1088776 328731864 2136332
1787138729037 790520 328731864 2136332
1787138729064 807336 328731864 2136332
1787138729091 829244 328731864 2136332
1787138729118 851156 328731864 2136332
1787138729146 873224 328731864 2136332
1787138729174 896644 328731864 2136332
1787138729203 919552 328731864 2136332
1787138729231 942396 328731864 2136332
1787138729260 965352 328731864 2136332
1787138729288 986416 328732012 2136332
1787138729318 1007920 328732012 2136332
1787138729347 949540 328732012 2136332
1787138729375 823352 328732012 2136332
1787138729402 819708 328732012 2136332
1787138729430 841164 328732012 2136332
1787138729458 864140 328732012 2136332
1787138729486 789156 328732012 2136332
1787138729530 789480 328732012 2136332
1787138729578 789480 328732012 2136332
1787138729638 789496 328732012 2136332
1787138729676 789504 328732012 2136332
1787138729723 810868 328732012 2136332
1787138729751 823504 328732012 2136332
1787138729779 840872 328732012 2136332
1787138729807 860268 328732012 2136332
1787138729835 877636 328732012 2136332
1787138729863 897080 328732012 2136332
1787138729892 917016 328732012 2136332
1787138729920 936788 328732012 2136332
1787138729949 956628 328732012 2136332
1787138729978 976992 328732012 2136332
1787138730007 997728 328732012 2136332
1787138730037 1015256 328732012 2136332
1787138730066 1029892 328732012 2136332
1787138730095 1048180 328732012 2136332
1787138730125 1067780 328732012 2136332
1787138730155 1087892 328732012 2136332
1787138730185 1108832 328732012 2136332
1787138730216 1130352 328732012 2136332
1787138730246 1151476 328732012 2136332
1787138730278 1171496 328732012 2136332
1787138730309 1193260 328732012 2136332
1787138730340 1214776 328732012 2136332
1787138730373 1234308 328732012 2136332
1787138730404 1255540 328732012 2136332
1787138730436 1271744 328732012 2136332
1787138730467 1290164 328732012 2136332
1787138730499 1312880 328732012 2136332
1787138730531 1335992 328732012 2136332
1787138730563 1359068 328732012 2136332
1787138730596 1380744 328732012 2136332
1787138730628 1402172 328732012 2136332
1787138730661 1424012 328732012 2136332
1787138730694 1445140 328732012 2136332
1787138730727 1460064 328732012 2136332
1787138730761 1483708 328732012 2136332
1787138730794 1504340 328732012 2136332
1787138730828 1528836 328732012 2136332
1787138730861 1552656 328732012 2136332
1787138730895 1572664 328732012 2136332
1787138731022 1603156 328732012 2136332
1787138731167 886736 328732012 2136332
1787138731199 789556 328732144 2136332
1787138731293 789576 328732144 2136332
1787138731355 789580 328732144 2136332
1787138731399 800524 328732144 2136332
1787138731430 831568 328732144 2136332
1787138731460 856548 328732144 2136332
1787138731490 859660 328732144 2136332
1787138731520 883860 328732144 2136332
1787138731551 905964 328732144 2136332
1787138731581 930824 328732144 2136332
1787138731612 955660 328732144 2136332
1787138731642 980744 328732144 2136332
1787138731674 1006300 328732144 2136332
1787138731705 1031552 328732144 2136332
1787138731736 1057212 328732144 2136332
1787138731767 1082580 328732144 2136332
1787138731799 984668 328732144 2136332
1787138731829 803968 328732144 2136332
1787138731859 828028 328732144 2136332
1787138731889 852616 328732144 2136332
1787138731919 877256 328732144 2136332
1787138731950 901948 328732144 2136332
1787138731981 926816 328732144 2136332
1787138732011 951828 328732144 2136332
1787138732043 975236 328732144 2136332
1787138732074 998956 328732144 2136332
1787138732106 1029580 328732144 2136332
1787138732137 818192 328732144 2136332
1787138732167 816520 328732144 2136332
1787138732197 839540 328732144 2136332
1787138732228 864516 328732144 2136332
1787138732281 789620 328732144 2136332
1787138732352 789636 328732144 2136332
1787138732409 789644 328732144 2136332
1787138732461 795092 328732144 2136332
1787138732492 818020 328732144 2136332
1787138732524 835948 328732144 2136332
1787138732554 859280 328732144 2136332
1787138732585 881000 328732144 2136332
1787138732616 906416 328732144 2136332
1787138732647 932176 328732144 2136332
1787138732679 958228 328732144 2136332
1787138732711 984640 328732144 2136332
1787138732743 1011012 328732144 2136332
1787138732776 1032112 328732144 2136332
1787138732808 1057308 328732144 2136332
1787138732841 1081924 328732144 2136332
1787138732875 1109300 328732144 2136332
1787138732908 1136432 328732144 2136332
1787138732941 1163168 328732144 2136332
1787138732975 1188584 328732144 2136332
1787138733009 1214916 328732144 2136332
1787138733043 1240748 328732144 2136332
1787138733079 1265468 328732144 2136332
1787138733114 1284324 328732144 2136332
1787138733149 1312972 328732144 2136332
1787138733185 1341740 328732144 2136332
1787138733220 1370704 328732144 2136332
1787138733256 1396920 328732144 2136332
1787138733293 1422424 328732144 2136332
1787138733329 1448740 328732144 2136332
1787138733366 1468796 328732144 2136332
1787138733404 1496832 328732144 2136332
1787138733441 1525216 328732144 2136332
1787138733478 1553644 328732144 2136332
1787138733515 1578852 328732144 2136332
1787138733552 1609560 328732144 2136332
1787138733683 1030732 328732144 2136332
1787138733715 789692 328732276 2136332
1787138733781 789692 328732276 2136332
1787138733837 789712 328732276 2136332
1787138733916 795256 328732276 2136332
1787138733949 819040 328732276 0
1787138733982 856368 328732276 2136332
1787138734015 860992 328732276 2136332
1787138734047 887416 328732276 2136332
1787138734079 912224 328732276 2136332
1787138734112 939284 328732276 2136332
1787138734145 966460 328732276 2136332
1787138734178 993760 328732276 2136332
1787138734211 1021396 328732276 2136332
1787138734245 1049468 328732276 2136332
1787138734281 1078488 328732276 2136332
1787138734315 1036976 328732276 2136332
1787138734348 801928 328732276 2136332
1787138734380 824968 328732276 2136332
1787138734413 848024 328732276 2136332
1787138734445 871396 328732276 2136332
1787138734478 895056 328732276 2136332
1787138734512 918836 328732276 2136332
1787138734545 942456 328732276 2136332
1787138734578 966316 328732276 2136332
1787138734612 987592 328732276 2136332
1787138734646 1009464 328732276 2136332
1787138734680 884396 328732276 2136332
1787138734713 826332 328732276 2136332
1787138734745 823048 328732276 2136332
1787138734778 846400 328732276 2136332
1787138734811 869884 328732276 2136332
1787138734849 789760 328732276 2136332
1787138734915 789760 328732276 2136332
1787138734960 789776 328732276 2136332
1787138735038 794412 328732276 2136332
1787138735071 817576 328732276 2136332
1787138735105 836180 328732276 2136332
1787138735138 863912 328732276 2136332
1787138735173 890560 328732276 2136332
1787138735208 919032 328732276 2136332
1787138735243 947936 328732276 2136332
1787138735278 976652 328732276 2136332
1787138735313 1005264 328732276 2136332
1787138735348 1031652 328732276 2136332
1787138735385 1060012 328732276 2136332
1787138735421 1087608 328732276 2136332
1787138735457 1116764 328732276 2136332
1787138735493 1146036 328732276 2136332
1787138735531 1173912 328732276 2136332
1787138735568 1204220 328732276 2136332
1787138735605 1232688 328732276 2136332
1787138735642 1260068 328732276 2136332
1787138735679 1279884 328732276 2136332
1787138735716 1310472 328732276 2136332
1787138735753 1341728 328732276 2136332
1787138735791 1373100 328732276 2136332
1787138735830 1401224 328732276 2136332
1787138735868 1429888 328732276 2136332
1787138735908 1456372 328732276 2136332
1787138735946 1482684 328732276 2136332
1787138735986 1511284 328732276 2136332
1787138736026 1544472 328732276 2136332
1787138736065 1571840 328732276 2136332
1787138736105 1604272 328732276 2136332
1787138736146 1244360 328732276 2136332
1787138736198 789832 328732408 2136332
1787138736284 789852 328732408 2136332
1787138736355 789856 328732408 2136332
1787138736409 806056 0 2136332
1787138736445 841652 328732408 2136332
1787138736480 844928 328732408 2136332
1787138736516 869308 328732408 2136332
1787138736551 892140 328732408 2136332
1787138736587 916800 328732408 2136332
1787138736623 941808 328732408 2136332
1787138736659 966728 328732408 2136332
1787138736695 991408 328732408 2136332
1787138736731 1016392 328732408 2136332
1787138736768 1041704 328732408 2136332
1787138736805 1067064 328732408 2136332
1787138736842 1092304 328732408 2136332
1787138736878 794144 328732408 2136332
1787138736914 816896 328732408 2136332
1787138736949 841036 328732408 2136332
1787138736984 865324 328732408 2136332
1787138737020 889540 328732408 2136332
1787138737056 913996 328732408 2136332
1787138737091 938720 328732408 2136332
1787138737128 963472 328732408 2136332
1787138737164 987180 328732408 2136332
1787138737201 1011304 328732408 2136332
1787138737237 807676 328732408 2136332
1787138737272 828408 328732408 2136332
1787138737307 832460 328732408 2136332
1787138737343 857356 328732408 2136332
1787138737379 788040 328732408 2136332
1787138737432 789896 328732408 2136332
1787138737494 789916 328732408 2136332
1787138737566 789920 328732408 2136332
1787138737619 811600 328732408 2136332
1787138737656 834580 328732408 2136332
1787138737693 862248 328732408 2136332
1787138737730 890932 328732408 2136332
1787138737766 920972 328732408 2136332
1787138737804 949220 328732408 2136332
1787138737841 975192 328732408 2136332
1787138737878 1001472 328732408 2136332
1787138737917 1026608 328732408 2136332
1787138737955 1052076 328732408 2136332
1787138737994 1077420 328732408 2136332
1787138738033 1104124 328732408 2136332
1787138738071 1130672 328732408 2136332
1787138738110 1157248 328732408 2136332
1787138738149 1182500 328732408 2136332
1787138738189 1209764 328732408 2136332
1787138738228 1235208 328732408 2136332
1787138738267 1260204 328732408 2136332
1787138738307 1279148 328732408 2136332
1787138738346 1306864 328732408 2136332
1787138738386 1334464 328732408 2136332
1787138738426 1362488 328732408 2136332
1787138738467 1389684 328732408 2136332
1787138738508 1415604 328732408 2136332
1787138738549 1441656 328732408 2136332
1787138738591 1461836 328732408 2136332
1787138738633 1488956 328732408 2136332
1787138738674 1516116 328732408 2136332
1787138738716 1545332 328732408 2136332
1787138738758 1570760 328732408 2136332
1787138738802 1600096 328732408 2136332
1787138738847 1445696 328732408 2136332
1787138738904 789976 328732540 2136332
1787138738998 789996 328732540 2136332
1787138739079 790000 328732540 2136332
1787138739124 815276 328732540 2136332
1787138739163 856452 328732540 2136332
1787138739202 866728 328732540 2136332
1787138739241 896048 328732540 2136332
1787138739280 927440 328732540 2136332
1787138739319 959280 328732540 2136332
1787138739359 991340 328732540 2136332
1787138739398 1023048 328732540 2136332
1787138739437 1053924 328732540 2136332
1787138739477 1086184 328732540 2136332
1787138739517 790892 328732540 2136332
1787138739555 819856 328732540 2136332
1787138739594 851952 328732540 2136332
1787138739632 883868 328732540 2136332
1787138739670 915936 328732540 2136332
1787138739709 947652 328732540 2136332
1787138739748 972668 328732540 2136332
1787138739788 1002980 328732540 2136332
1787138739828 855828 328732540 2136332
1787138739867 828784 328732540 2136332
1787138739906 838580 328732540 2136332
1787138739945 866492 328732540 2136332
1787138739986 790036 328732540 2136332
1787138740072 790056 328732540 2136332
1787138740138 790060 328732540 2136332
1787138740196 810128 328732540 2136332
1787138740236 834324 328732540 2136332
1787138740276 865496 328732540 2136332
1787138740315 896240 328732540 2136332
1787138740356 928960 328732540 2136332
1787138740396 961720 328732540 2136332
1787138740436 994448 328732540 2136332
1787138740477 1026656 328732540 2136332
1787138740517 1056916 328732540 2136332
1787138740559 1087980 328732540 2136332
1787138740600 1121124 328732540 2136332
1787138740642 1155124 328732540 2136332
1787138740684 1187504 328732540 2136332
1787138740726 1220392 328732540 2136332
1787138740768 1252180 328732540 2136332
1787138740810 1274640 328732540 2136332
1787138740854 1310132 328732540 2136332
1787138740897 1345828 328732540 2136332
1787138740941 1380352 328732540 2136332
1787138740985 1413072 328732540 2136332
1787138741029 1446260 328732540 2136332
1787138741073 1470864 328732540 2136332
1787138741118 1503740 328732540 2136332
1787138741163 1540988 328732540 2136332
1787138741208 1572556 328732540 2136332
1787138741254 1609420 328732540 2136332
1787138741299 985532 328732540 2136332
1787138741354 790116 328732672 2136332
1787138741440 790136 328732672 2136332
1787138741527 806000 328732672 2136332
1787138741569 848896 328732672 2136332
1787138741610 860672 328732672 2136332
1787138741651 892320 328732672 2136332
1787138741692 925772 328732672 2136332
1787138741733 960172 328732672 2136332
1787138741775 994964 328732672 2136332
1787138741817 1029772 328732672 2136332
1787138741861 1065788 328732672 2136332
1787138741904 1099540 328732672 2136332
1787138741945 807460 328732672 2136332
1787138741987 841788 328732672 2136332
1787138742029 876320 328732672 2136332
1787138742072 911232 328732672 2136332
1787138742114 946440 328732672 2136332
1787138742158 977928 328732672 2136332
1787138742205 1014348 328732672 2136332
1787138742249 818260 328732672 2136332
1787138742290 823200 328732672 2136332
1787138742331 856648 328732672 2136332
1787138742377 790172 328732672 2136332
1787138742452 790176 328732672 2136332
1787138742515 790196 328732672 2136332
1787138742602 803332 328732672 2136332
1787138742644 827756 328732672 2136332
1787138742686 859200 328732672 2136332
1787138742729 892076 328732672 2136332
1787138742771 925796 328732672 2136332
1787138742815 962024 328732672 2136332
1787138742859 998168 328732672 2136332
1787138742903 1031904 328732672 2136332
1787138742946 1065688 328732672 2136332
1787138742990 1100468 328732672 2136332
1787138743034 1137144 328732672 2136332
1787138743079 1171868 328732672 2136332
1787138743124 1209368 328732672 2136332
1787138743170 1244480 328732672 2136332
1787138743215 1271864 328732672 2136332
1787138743260 1303196 328732672 2136332
1787138743307 1341260 328732672 2136332
1787138743353 1378716 328732672 2136332
1787138743400 1413536 328732672 2136332
1787138743447 1449128 328732672 2136332
1787138743494 1476800 328732672 2136332
1787138743542 1509212 328732672 2136332
1787138743591 1547460 328732672 2136332
1787138743640 1580956 328732672 2136332
1787138743689 1620392 328732672 2136332
1787138743882 790256 328732804 2136332
1787138743946 790256 328732804 2136332
1787138744039 790280 328732804 2136332
1787138744104 838024 328732804 2136332
1787138744148 850992 328732804 2136332
1787138744192 886116 328732804 2136332
1787138744236 920464 328732804 2136332
1787138744281 957376 328732804 2136332
1787138744326 993808 328732804 2136332
1787138744371 1030708 328732804 2136332
1787138744416 1068084 328732804 2136332
1787138744462 1101740 328732804 2136332
1787138744505 812464 328732804 2136332
1787138744548 847612 328732804 2136332
1787138744593 883660 328732804 2136332
1787138744638 920188 328732804 2136332
1787138744683 956956 328732804 2136332
1787138744728 990180 328732804 2136332
1787138744774 1028388 328732804 2136332
1787138744818 828300 328732804 2136332
1787138744862 838340 328732804 2136332
1787138744907 874068 328732804 2136332
1787138744975 790316 328732804 2136332
1787138745049 790336 328732804 2136332
1787138745137 797068 328732804 2136332
1787138745183 821136 328732804 2136332
1787138745228 850964 328732804 2136332
1787138745274 883644 328732804 2136332
1787138745319 920252 328732804 2136332
1787138745365 956844 328732804 2136332
1787138745411 994460 328732804 2136332
1787138745457 1029784 328732804 2136332
1787138745504 1064564 328732804 2136332
1787138745550 1100180 328732804 2136332
1787138745597 1138744 328732804 2136332
1787138745645 1176084 328732804 2136332
1787138745693 1215612 328732804 2136332
1787138745741 1247824 328732804 2136332
1787138745789 1275324 328732804 2136332
1787138745838 1314920 328732804 2136332
1787138745887 1354756 328732804 2136332
1787138745936 1392184 328732804 2136332
1787138745986 1427904 328732804 2136332
1787138746036 1458360 328732804 2136332
1787138746086 1496084 328732804 2136332
1787138746137 1536224 328732804 2136332
1787138746188 1572308 328732804 2136332
1787138746239 1613148 328732804 2136332
1787138746289 788520 328732804 2136332
1787138746349 790388 328732936 2136332
1787138746436 790408 328732936 2136332
1787138746536 805056 328732936 2136332
1787138746583 850864 328732936 2136332
1787138746629 866540 328732936 2136332
1787138746676 902456 328732936 2136332
1787138746723 941128 328732936 2136332
1787138746770 979544 328732936 2136332
1787138746817 1018676 328732936 2136332
1787138746866 1059028 328732936 2136332
1787138746916 1098140 328732936 2136332
1787138746962 811096 328732936 2136332
1787138747009 849252 328732936 2136332
1787138747056 887808 328732936 2136332
1787138747104 926008 328732936 2136332
1787138747153 965724 328732936 2136332
1787138747202 1000168 328732936 2136332
1787138747251 810004 328732936 2136332
1787138747299 821720 328732936 2136332
1787138747346 858744 328732936 2136332
1787138747397 790460 328732936 2136332
1787138747459 790460 328732936 2136332
1787138747570 790484 328732936 2136332
1787138747629 819888 328732936 2136332
1787138747676 850636 328732936 2136332
1787138747724 881040 328732936 2136332
1787138747772 914208 328732936 2136332
1787138747820 947512 328732936 2136332
1787138747868 981324 328732936 2136332
1787138747917 1010844 328732936 2136332
1787138747967 1039768 328732936 2136332
1787138748017 1072088 328732936 2136332
1787138748067 1106940 328732936 2136332
1787138748117 1141976 328732936 2136332
1787138748168 1175596 328732936 2136332
1787138748219 1210740 328732936 2136332
1787138748270 1244552 328732936 2136332
1787138748321 1272764 328732936 2136332
1787138748373 1304388 328732936 2136332
1787138748425 1339152 328732936 2136332
1787138748477 1375544 328732936 2136332
1787138748529 1408004 328732936 2136332
1787138748582 1441244 328732936 2136332
1787138748635 1470244 328732936 2136332
1787138748688 1503940 328732936 2136332
1787138748741 1542312 328732936 2136332
1787138748795 1575320 328732936 2136332
1787138748849 1613948 328732936 2136332
1787138748902 895284 328732936 2136332
1787138748970 790528 328733072 2136332
1787138749047 790548 328733072 2136332
1787138749134 797588 328733072 2136332
1787138749184 840932 328733072 2136332
1787138749232 853820 328733072 2136332
1787138749281 886748 328733072 2136332
1787138749331 919660 328733072 2136332
1787138749380 953820 328733072 2136332
1787138749430 987720 328733072 2136332
1787138749480 1022012 328733072 2136332
1787138749530 1057028 328733072 2136332
1787138749581 1092064 328733072 2136332
1787138749631 799700 328733072 2136332
1787138749680 832868 328733072 2136332
1787138749729 866572 328733072 2136332
1787138749778 900624 328733072 2136332
1787138749828 935216 328733072 2136332
1787138749878 968168 328733072 2136332
1787138749930 1000980 328733072 2136332
1787138749981 823556 328733072 2136332
1787138750030 815240 328733072 2136332
1787138750080 847948 328733072 2136332
1787138750130 788740 328733072 2136332
1787138750205 790600 328733072 2136332
1787138750265 790620 328733072 2136332
1787138750357 790624 328733072 2136332
1787138750423 820020 328733072 2136332
1787138750473 853876 328733072 2136332
1787138750524 888036 328733072 2136332
1787138750575 923452 328733072 2136332
1787138750627 959120 328733072 2136332
1787138750679 994912 328733072 2136332
1787138750731 1029744 328733072 2136332
1787138750783 1063852 328733072 2136332
1787138750836 1098444 328733072 2136332
1787138750889 1135004 328733072 2136332
1787138750943 1170080 328733072 2136332
1787138750996 1206868 328733072 2136332
1787138751051 1242520 328733072 2136332
1787138751105 1271128 328733072 2136332
1787138751160 1302100 328733072 2136332
1787138751215 1340520 328733072 2136332
1787138751271 1379000 328733072 2136332
1787138751327 1413496 328733072 2136332
1787138751384 1450020 328733072 2136332
1787138751440 1480336 328733072 2136332
1787138751498 1516276 328733072 2136332
1787138751555 1554624 328733072 2136332
1787138751613 1590524 328733072 2136332
1787138751671 1520560 328733072 2136332
1787138751733 790668 328733212 2136332
1787138751836 790688 328733212 2136332
1787138751933 797604 328733212 2136332
1787138751984 842440 328733212 2136332
1787138752036 857172 328733212 2136332
1787138752087 891724 0 2136332
1787138752140 925244 328733212 2136332
1787138752192 961716 328733212 2136332
1787138752245 998844 328733212 2136332
1787138752298 1035952 328733212 2136332
1787138752352 1072976 328733212 2136332
1787138752406 788792 328733212 2136332
1787138752458 828660 328733212 2136332
1787138752511 870904 328733212 2136332
1787138752564 913112 328733212 2136332
1787138752617 955560 328733212 2136332
1787138752670 995236 328733212 2136332
1787138752724 809340 328733212 2136332
1787138752776 823800 328733212 2136332
1787138752829 867184 328733212 2136332
1787138752897 790736 328733212 2136332
1787138752993 790756 328733212 2136332
1787138753086 805720 328733212 2136332
1787138753140 835140 328733212 2136332
1787138753193 869532 328733212 2136332
1787138753246 905500 328733212 2136332
1787138753299 942972 328733212 2136332
1787138753352 980444 328733212 2136332
1787138753406 1018236 328733212 2136332
1787138753460 1052652 328733212 2136332
1787138753515 1089080 328733212 2136332
1787138753570 1127344 328733212 2136332
1787138753626 1164364 328733212 2136332
1787138753681 1203616 328733212 2136332
1787138753737 1241864 328733212 2136332
1787138753793 1273080 328733212 2136332
1787138753849 1310460 328733212 2136332
1787138753905 1351020 328733212 2136332
1787138753962 1390644 328733212 2136332
1787138754019 1426736 328733212 2136332
1787138754076 1457868 328733212 2136332
1787138754134 1495640 328733212 2136332
1787138754192 1536064 328733212 2136332
1787138754250 1573256 328733212 2136332
1787138754308 1613816 328733212 2136332
1787138754365 788864 328733212 2136332
1787138754426 790808 328733348 2136332
1787138754505 790824 328733348 2136332
1787138754576 790832 328733348 2136332
1787138754659 817200 328733348 2136332
1787138754715 844332 328733348 2136332
1787138754769 882984 328733348 2136332
1787138754824 918612 328733348 2136332
1787138754879 956536 328733348 2136332
1787138754935 994936 328733348 2136332
1787138754991 1033444 328733348 2136332
1787138755049 1072672 328733348 2136332
1787138755106 869544 328733348 2136332
1787138755162 823340 328733348 2136332
1787138755218 861828 328733348 2136332
1787138755274 900764 328733348 2136332
1787138755331 939792 328733348 2136332
1787138755388 976232 328733348 2136332
1787138755445 1013768 328733348 2136332
1787138755502 823376 328733348 2136332
1787138755558 836192 328733348 2136332
1787138755615 875112 328733348 2136332
1787138755693 790876 328733480 2136332
1787138755784 790900 328733480 2136332
1787138755881 820460 328733480 2136332
1787138755936 857536 328733480 2136332
1787138755993 895376 328733480 2136332
1787138756049 933804 328733480 2136332
1787138756105 972916 328733480 2136332
1787138756161 1011976 328733480 2136332
1787138756218 1048700 328733480 2136332
1787138756275 1086120 328733480 2136332
1787138756332 1125760 328733480 2136332
1787138756391 1165100 328733480 2136332
1787138756450 1205880 328733480 2136332
1787138756509 1244028 328733480 2136332
1787138756568 1274040 328733480 0
1787138756627 1314256 328733480 2136332
1787138756686 1355360 328733480 2136332
1787138756746 1394236 328733480 2136332
1787138756806 1431236 328733480 2136332
1787138756867 1464036 328733480 2136332
1787138756927 1502540 328733480 2136332
1787138756988 1544908 328733480 2136332
1787138757049 1582176 328733480 2136332
1787138757112 1624596 328733480 2136332
1787138757309 790952 328733480 2136332
1787138757412 790968 328733480 2136332
1787138757531 813016 328733480 2136332
1787138757589 843520 328733480 2136332
1787138757647 883980 328733480 2136332
1787138757706 920616 328733480 2136332
1787138757764 961060 328733480 2136332
1787138757823 1003824 328733480 2136332
1787138757882 1046448 328733480 2136332
1787138757941 1088940 328733480 2136332
1787138757998 803360 328733480 2136332
1787138758056 843076 328733480 2136332
1787138758114 882680 328733480 2136332
1787138758172 923100 328733480 2136332
1787138758231 963728 328733480 2136332
1787138758291 1001280 328733480 2136332
1787138758351 812724 328733480 2136332
1787138758410 828068 328733480 2136332
1787138758469 868572 328733480 2136332
1787138758551 791016 328733612 2136332
1787138758637 791036 328733612 2136332
1787138758732 815628 328733612 2136332
1787138758790 821256 328799148 2136332
1787138758848 821256 328799148 2136332
1787138758907 821256 328799148 2136332
1787138758965 821256 328799148 2136332
1787138759023 821256 328799148 2136332
1787138759081 821256 328799148 2136332
1787138759139 821256 328799148 2136332
1787138759196 821256 328799148 2136332
# peak_kb=1624596
# hwm_kb=2136332
# frozen_ms=2199
# polled_vs_hwm_pct=239promille
