# timestamp_ms VmRSS_kB VmPeak_kB VmHWM_kB
1785365056359 258200 1249500 258200
1785365056436 261532 1249500 261532
1785365056498 261572 1249500 261572
1785365056558 262256 1249500 262256
1785365056620 262512 1249500 262512
1785365056679 262636 1249500 262636
1785365056740 262712 1249500 262712
1785365056799 263756 1249500 263756
1785365056869 264428 1249500 264428
1785365056929 264444 1249500 264444
1785365056988 266932 1249500 266932
1785365057045 267804 1249500 267804
1785365057105 267832 1249500 267832
1785365057165 268212 1249500 268212
1785365057226 268952 1249500 268952
1785365057287 268952 1249500 268952
1785365057314 278088 1249500 278088
1785365057385 281572 1249500 281572
1785365057444 281608 1249500 281608
1785365057506 281852 1249500 281852
1785365057567 282120 1249500 282120
1785365057628 282564 1249500 282564
1785365057687 283800 2076912 283800
1785365057761 285012 2076912 285012
1785365057823 285136 2076912 285136
1785365057883 286560 2076912 286560
1785365057943 287780 2076912 287780
1785365058003 287880 2076912 287880
1785365058064 287940 2076912 287940
1785365058126 289244 2076912 289244
1785365058187 290992 2076912 290992
1785365058259 294356 2076912 294356
1785365058318 296412 2076912 296412
1785365058379 298016 2079752 298016
1785365058457 366324 3011620 366324
1785365058539 442964 3011620 442964
1785365058621 478572 3011620 478572
1785365058704 489636 3011620 489636
1785365058790 522092 3011620 522092
1785365058876 544544 3011620 544544
1785365058963 579232 3011620 579232
1785365059049 593060 3011620 593060
1785365059140 599452 3011620 599452
1785365059212 617820 3011620 617820
1785365059304 642824 3011620 642824
1785365059394 667804 3011620 667804
1785365059486 686204 3011620 686204
1785365059578 700200 3011620 700200
1785365059671 720304 3011620 720304
1785365059763 737196 3011620 737196
1785365059858 747956 3011620 747956
1785365059928 755112 3011620 755112
1785365060022 764192 3011620 764192
1785365060098 777824 3011620 777824
1785365060195 800944 3011620 800944
1785365060291 832328 3011620 832328
1785365060396 869492 3011620 869492
1785365060499 929036 3011620 929036
1785365060605 965688 3011620 965688
1785365060708 1001224 3011620 1001224
1785365060815 1025144 3011620 1025144
1785365060922 1068736 3011620 1068736
1785365061031 1084608 3011620 1084608
1785365061117 1123396 3011620 1123396
1785365061230 1134988 3011620 1134988
1785365061322 1135128 3011620 1135128
1785365061409 882672 3011620 1129244
1785365061442 971420 3011620 1129244
1785365061476 1068684 3011620 1129244
1785365061509 1139852 3011620 1139852
1785365061578 1144012 3011620 1144012
1785365061646 1150176 3011620 1150176
1785365061739 1176968 3011620 1176968
1785365061835 1194252 3011620 1194252
1785365061912 1196556 3011620 1196556
1785365061988 1196556 3011620 1196556
1785365062020 1208460 3011620 1208460
1785365062118 1215372 3011620 1215372
1785365062193 1215372 3011620 1215372
1785365062225 1229584 3011620 1229584
1785365062301 1236496 3011620 1236496
1785365062395 1236496 3011620 1236496
1785365062428 1249556 3011620 1249556
1785365062508 1256084 3011620 1256084
1785365062586 1258004 3011620 1258004
1785365062661 1264916 3011620 1264916
1785365062759 1268528 3011620 1268528
1785365062835 1181896 3011620 1257628
1785365062868 1182460 3011620 1257628
1785365062900 1182568 3011620 1257628
1785365062932 1184060 3011620 1257628
1785365062964 1184248 3011620 1257628
1785365062996 1184260 3011620 1257628
1785365063028 1184264 3011620 1257628
1785365063060 1184268 3011620 1257628
1785365063092 1184268 3011620 1257628
1785365063124 1184272 3011620 1257628
1785365063156 1184272 3011620 1257628
1785365063189 1184272 3011620 1257628
1785365063221 1184272 3011620 1257628
1785365063253 1184276 3011620 1257628
1785365063285 1184276 3011620 1257628
1785365063318 1184280 3011620 1257628
1785365063350 1184280 3011620 1257628
1785365063383 1184284 3011620 1257628
1785365063416 1184288 3011620 1257628
1785365063448 1184296 3011620 1257628
1785365063482 1184300 3011620 1257628
1785365063515 1184300 3011620 1257628
1785365063548 1184300 3011620 1257628
1785365063580 1184300 3011620 1257628
1785365063613 1184300 3011620 1257628
1785365063645 1184300 3011620 1257628
1785365063679 1184300 3011620 1257628
1785365063711 1184300 3011620 1257628
1785365063744 1184300 3011620 1257628
1785365063776 1184300 3011620 1257628
1785365063808 1184300 3011620 1257628
1785365063841 1184300 3011620 1257628
1785365063873 1184300 3011620 1257628
1785365063906 1184300 3011620 1257628
1785365063938 1184300 3011620 1257628
1785365063971 1184300 3011620 1257628
1785365064003 1184300 3011620 1257628
1785365064036 1184300 3011620 1257628
1785365064069 1184300 3011620 1257628
1785365064101 1184300 3011620 1257628
1785365064134 1184300 3011620 1257628
1785365064166 1184300 3011620 1257628
1785365064199 1184300 3011620 1257628
1785365064231 1184300 3011620 1257628
1785365064264 1184300 3011620 1257628
1785365064297 1184304 3011620 1257628
1785365064329 1184304 3011620 1257628
1785365064362 1184304 3011620 1257628
1785365064394 1184304 3011620 1257628
1785365064426 1184304 3011620 1257628
1785365064458 1184304 3011620 1257628
1785365064490 1184304 3011620 1257628
1785365064522 1184304 3011620 1257628
1785365064555 1184304 3011620 1257628
1785365064587 1184304 3011620 1257628
1785365064620 1184304 3011620 1257628
1785365064652 1184304 3011620 1257628
1785365064684 1184304 3011620 1257628
1785365064716 1184304 3011620 1257628
1785365064749 1184304 3011620 1257628
1785365064781 1184304 3011620 1257628
1785365064813 1184304 3011620 1257628
1785365064847 1184304 3011620 1257628
1785365064879 1184432 3011620 1257628
1785365064911 1184432 3011620 1257628
1785365064943 1184432 3011620 1257628
1785365064976 1184432 3011620 1257628
1785365065007 1184432 3011620 1257628
1785365065039 1184432 3011620 1257628
1785365065071 1184432 3011620 1257628
1785365065103 1184432 3011620 1257628
1785365065135 1207356 3011620 1257628
1785365065163 1254588 3011620 1257628
1785365065195 1343536 3088880 1343536
1785365065295 1626160 3088880 1626160
1785365065394 1699888 3088880 1699888
1785365065487 1742308 3512228 1742308
1785365065575 1895908 3512228 1895908
1785365065661 2053604 3512228 2053604
1785365065749 1607836 3512228 2112388
1785365065782 1607836 3512228 2112388
1785365065814 1642136 3512228 2112388
1785365065848 1658524 3512228 2112388
1785365065879 1711184 3512228 2112388
1785365065911 1805392 3512228 2112388
1785365065943 1899600 3512228 2112388
1785365065976 1995856 3512228 2112388
1785365066009 2088888 3857164 2112388
1785365066078 2195384 3857164 2195384
1785365066167 2351032 3857164 2351032
1785365066255 2468356 3857164 2468356
1785365066342 2468356 3857164 2468356
1785365066369 2514324 3905596 2514324
1785365066438 2031184 3935576 2535604
1785365066471 2031184 3935576 2535604
1785365066505 2031184 3935576 2535604
1785365066539 1184504 3935576 2535604
1785365066572 1184504 3935576 2535604
1785365066606 1185136 3935576 2535604
1785365066644 1272560 3935576 2535604
1785365066677 1282548 3935576 2535604
1785365066713 1297140 3935576 2535604
1785365066747 1314808 3935576 2535604
1785365066781 1332088 3935576 2535604
1785365066816 1349756 3935576 2535604
1785365066850 1363968 3935576 2535604
1785365066883 1375488 3935576 2535604
1785365066918 1375488 3935576 2535604
1785365066951 1375488 3935576 2535604
1785365066984 1375488 3935576 2535604
1785365067016 1375500 3935576 2535604
1785365067048 1375564 3935576 2535604
1785365067081 1375628 3935576 2535604
1785365067114 1375904 3935576 2535604
1785365067147 1376076 3935576 2535604
1785365067180 1376080 3935576 2535604
1785365067214 1376088 3935576 2535604
1785365067248 1376092 3935576 2535604
1785365067281 1376100 3935576 2535604
1785365067314 1376108 3935576 2535604
1785365067347 1376124 3935576 2535604
1785365067380 1376132 3935576 2535604
1785365067413 1376140 3935576 2535604
1785365067446 1376152 3935576 2535604
1785365067480 1376156 3935576 2535604
1785365067513 1376168 3935576 2535604
1785365067547 1376176 3935576 2535604
1785365067580 1376180 3935576 2535604
1785365067614 1376184 3935576 2535604
1785365067648 1376196 3935576 2535604
1785365067681 1376200 3935576 2535604
1785365067716 1376200 3935576 2535604
1785365067749 1376200 3935576 2535604
1785365067783 1376200 3935576 2535604
1785365067817 1376200 3935576 2535604
1785365067850 1376200 3935576 2535604
1785365067883 1376200 3935576 2535604
1785365067917 1376200 3935576 2535604
1785365067951 1376200 3935576 2535604
1785365067984 1376200 3935576 2535604
1785365068018 1376200 3935576 2535604
1785365068051 1376200 3935576 2535604
1785365068085 1376200 3935576 2535604
1785365068118 1376200 3935576 2535604
1785365068150 1376200 3935576 2535604
1785365068184 1376200 3935576 2535604
1785365068217 1376200 3935576 2535604
1785365068250 1376200 3935576 2535604
1785365068283 1376220 3935576 2535604
1785365068316 1376220 3935576 2535604
1785365068349 1376220 3935576 2535604
1785365068382 1376220 3935576 2535604
1785365068415 1376220 3935576 2535604
1785365068448 1376220 3935576 2535604
1785365068481 1376220 3935576 2535604
1785365068515 1376220 3935576 2535604
1785365068547 1376220 3935576 2535604
1785365068581 1376220 3935576 2535604
1785365068614 1376220 3935576 2535604
1785365068646 1376220 3935576 2535604
1785365068679 1376220 3935576 2535604
1785365068712 1376220 3935576 2535604
1785365068745 1376220 3935576 2535604
1785365068778 1376220 3935576 2535604
1785365068810 1376220 3935576 2535604
1785365068844 1376220 3935576 2535604
1785365068877 1376220 3935576 2535604
1785365068910 1376220 3935576 2535604
1785365068943 1376220 3935576 2535604
1785365068976 1376220 3935576 2535604
1785365069008 1376220 3935576 2535604
1785365069042 1470880 3935576 2535604
1785365069075 1630624 3935576 2535604
1785365069108 1788320 3935576 2535604
1785365069141 1808800 3935576 2535604
1785365069175 1808800 3935576 2535604
1785365069209 1847136 3935576 2535604
1785365069243 1947488 3935576 2535604
1785365069275 2043744 3935576 2535604
1785365069308 2142048 3935576 2535604
1785365069341 2179488 3935576 2535604
1785365069374 1808888 3935576 2535604
1785365069408 1808888 3935576 2535604
1785365069441 1845176 3935576 2535604
1785365069475 1943480 3935576 2535604
1785365069508 2041784 3935576 2535604
1785365069542 2142136 3935576 2535604
1785365069575 2237240 4044096 2535604
1785365069608 2335544 4044096 2535604
1785365069641 2433848 4044096 2535604
1785365069674 2530104 4044096 2535604
1785365069769 2655608 4044096 2655608
1785365069862 2655608 4044096 2655608
1785365069896 2657072 4044096 2657072
1785365069971 2657212 4044096 2657212
1785365070046 2292104 4044096 2646100
1785365070080 2390408 4044096 2646100
1785365070114 2488712 4044096 2646100
1785365070148 2584968 4044096 2646100
1785365070181 2657220 4044096 2657220
1785365070256 2657220 4044096 2657220
1785365070290 2657220 4044096 2657220
1785365070323 2285464 4044096 2646100
1785365070356 2332372 4044096 2646100
1785365070390 2359256 4044096 2646100
1785365070424 1966620 4044096 2646100
1785365070457 2013724 4044096 2646100
1785365070491 2063136 4044096 2646100
1785365070527 2118468 4044096 2646100
1785365070562 2169388 4044096 2646100
1785365070597 2224708 4044096 2646100
1785365070632 2225528 4044096 2646100
1785365070667 1715620 4044096 2646100
1785365070705 1723900 4044096 2646100
1785365070740 1740284 4044096 2646100
1785365070777 1756668 4044096 2646100
1785365070813 1771004 4044096 2646100
1785365070849 1787388 4044096 2646100
1785365070884 1803772 4044096 2646100
1785365070919 1820156 4044096 2646100
1785365070955 1836540 4044096 2646100
1785365070990 1850972 4044096 2646100
1785365071026 1867440 4044096 2646100
1785365071063 1883824 4044096 2646100
1785365071097 1900008 4044096 2646100
1785365071134 1916392 4044096 2646100
1785365071171 1932792 4044096 2646100
1785365071206 1949176 4044096 2646100
1785365071242 1965560 4044096 2646100
1785365071279 1981944 4044096 2646100
1785365071315 1998328 4044096 2646100
1785365071350 2014712 4044096 2646100
1785365071386 2029048 4044096 2646100
1785365071421 2045432 4044096 2646100
1785365071457 2061816 4044096 2646100
1785365071493 1890008 4044096 2646100
1785365071529 1803016 4044096 2646100
1785365071565 1803024 4044096 2646100
1785365071601 1803024 4044096 2646100
1785365071637 1803024 4044096 2646100
1785365071671 1803024 4044096 2646100
1785365071705 1803024 4044096 2646100
1785365071739 1803024 4044096 2646100
1785365071773 1803024 4044096 2646100
1785365071808 1803032 4044096 2646100
1785365071844 1803032 4044096 2646100
1785365071879 1803032 4044096 2646100
1785365071914 1803032 4044096 2646100
1785365071948 1803032 4044096 2646100
1785365071983 1803032 4044096 2646100
1785365072019 1803032 4044096 2646100
1785365072053 1803032 4044096 2646100
1785365072087 1803032 4044096 2646100
1785365072121 1803032 4044096 2646100
1785365072156 1803032 4044096 2646100
1785365072193 1803032 4044096 2646100
1785365072227 1803032 4044096 2646100
1785365072264 1803032 4044096 2646100
1785365072299 1803032 4044096 2646100
1785365072332 1803036 4044096 2646100
1785365072367 1803036 4044096 2646100
1785365072401 1803036 4044096 2646100
1785365072437 1803036 4044096 2646100
1785365072472 1803036 4044096 2646100
1785365072506 1803036 4044096 2646100
1785365072541 1803036 4044096 2646100
1785365072575 1803036 4044096 2646100
1785365072608 1803036 4044096 2646100
1785365072643 1803036 4044096 2646100
1785365072677 1803036 4044096 2646100
1785365072713 1803036 4044096 2646100
1785365072748 1803036 4044096 2646100
1785365072784 1803036 4044096 2646100
1785365072818 1803036 4044096 2646100
1785365072854 1803036 4044096 2646100
1785365072889 1803036 4044096 2646100
1785365072926 1803036 4044096 2646100
1785365072962 1803044 4044096 2646100
1785365072996 1803044 4044096 2646100
1785365073030 1803044 4044096 2646100
1785365073064 1803044 4044096 2646100
1785365073099 1803044 4044096 2646100
1785365073133 1803044 4044096 2646100
1785365073168 1803044 4044096 2646100
1785365073204 1803048 4044096 2646100
1785365073239 1803048 4044096 2646100
1785365073276 1803048 4044096 2646100
1785365073311 1803048 4044096 2646100
1785365073345 1803048 4044096 2646100
1785365073382 1803048 4044096 2646100
1785365073417 1803048 4044096 2646100
1785365073452 1803052 4044096 2646100
1785365073487 1803052 4044096 2646100
1785365073524 1803052 4044096 2646100
1785365073558 1803052 4044096 2646100
1785365073592 1803052 4044096 2646100
1785365073627 1803052 4044096 2646100
1785365073661 1803052 4044096 2646100
1785365073699 1803060 4044096 2646100
1785365073734 1803060 4044096 2646100
1785365073771 1803060 4044096 2646100
1785365073807 1803060 4044096 2646100
1785365073841 1803060 4044096 2646100
1785365073877 1803064 4044096 2646100
1785365073913 1803064 4044096 2646100
1785365073948 1803068 4044096 2646100
1785365073985 1803068 4044096 2646100
1785365074020 1803072 4044096 2646100
1785365074056 1803072 4044096 2646100
1785365074093 1813316 4044096 2646100
1785365074128 1821508 4044096 2646100
1785365074166 1821508 4044096 2646100
1785365074202 1821616 4044096 2646100
1785365074239 1839948 4044096 2646100
1785365074276 1839948 4044096 2646100
1785365074312 1839960 4044096 2646100
1785365074347 1839964 4044096 2646100
1785365074382 1858396 4044096 2646100
1785365074419 1858396 4044096 2646100
1785365074456 1858396 4044096 2646100
1785365074492 1858400 4044096 2646100
1785365074529 1858400 4044096 2646100
1785365074566 1858408 4044096 2646100
1785365074604 1862500 4044096 2646100
1785365074640 1876836 4044096 2646100
1785365074677 1895276 4044096 2646100
1785365074715 1895276 4044096 2646100
1785365074751 1913708 4044096 2646100
1785365074787 1913836 4044096 2646100
1785365074824 1943428 4044096 2646100
1785365074861 1943428 4044096 2646100
1785365074896 1954332 4044096 2646100
1785365074932 1970716 4044096 2646100
1785365074969 1973220 4044096 2646100
1785365075008 2017948 4044096 2646100
1785365075045 2033160 4044096 2646100
1785365075082 2051592 4044096 2646100
1785365075119 2067976 4044096 2646100
1785365075156 2084360 4044096 2646100
1785365075193 2100776 4044096 2646100
1785365075229 2117176 4044096 2646100
1785365075267 2133644 4044096 2646100
1785365075303 2150028 4044096 2646100
1785365075341 2166412 4044096 2646100
1785365075377 2182800 4044096 2646100
1785365075413 2199184 4044096 2646100
1785365075449 2205664 4044096 2646100
1785365075486 2205664 4044096 2646100
1785365075522 2205664 4044096 2646100
1785365075557 2205664 4044096 2646100
1785365075591 2205664 4044096 2646100
1785365075625 2205664 4044096 2646100
1785365075659 2205664 4044096 2646100
1785365075693 2205664 4044096 2646100
1785365075727 2205664 4044096 2646100
1785365075763 2205664 4044096 2646100
1785365075798 2205664 4044096 2646100
1785365075834 2205664 4044096 2646100
1785365075870 2205664 4044096 2646100
1785365075904 2243600 4044096 2646100
1785365075939 2259984 4044096 2646100
1785365075975 2274320 4044096 2646100
1785365076013 2290704 4044096 2646100
1785365076050 2499428 4054856 2646100
1785365076088 2517860 4054856 2646100
1785365076125 2532196 4054856 2646100
1785365076160 2548580 4054856 2646100
1785365076196 2562916 4054856 2646100
1785365076233 2579300 4054856 2646100
1785365076270 2595684 4054856 2646100
1785365076305 2612068 4054856 2646100
1785365076343 2628452 4054856 2646100
1785365076380 2644836 4054856 2646100
1785365076417 2661220 4054856 2661220
1785365076497 2677604 4228836 2677604
1785365076577 2696036 4228836 2696036
1785365076661 2712420 4228836 2712420
1785365076762 2741092 4228836 2741092
1785365076841 2757476 4228836 2757476
1785365076920 2775908 4228836 2775908
1785365077022 2802532 4228836 2802532
1785365077102 2820964 4228836 2820964
1785365077180 2837348 4228836 2837348
1785365077288 2684496 4402816 3008580
1785365077326 2756612 4402816 3008580
1785365077367 2756612 4402816 3008580
1785365077409 2760584 4402816 3008580
1785365077445 2760584 4402816 3008580
1785365077479 2586604 4402816 3008580
1785365077514 2586604 4402816 3008580
1785365077550 2586604 4402816 3008580
1785365077586 2586604 4402816 3008580
1785365077621 2586604 4402816 3008580
1785365077656 2586604 4402816 3008580
1785365077691 2586604 4402816 3008580
1785365077727 2586604 4402816 3008580
1785365077761 2586604 4402816 3008580
1785365077796 2586604 4402816 3008580
1785365077831 2586604 4402816 3008580
1785365077866 2586604 4402816 3008580
1785365077900 2586604 4402816 3008580
1785365077934 2586604 4402816 3008580
1785365077970 2586604 4402816 3008580
1785365078006 2586604 4402816 3008580
1785365078042 2586604 4402816 3008580
1785365078077 2586604 4402816 3008580
1785365078111 2586604 4402816 3008580
1785365078147 2586604 4402816 3008580
1785365078183 2586604 4402816 3008580
1785365078218 2586604 4402816 3008580
1785365078253 2586604 4402816 3008580
1785365078289 2586604 4402816 3008580
1785365078323 2586604 4402816 3008580
1785365078357 2586604 4402816 3008580
1785365078393 2586604 4402816 3008580
1785365078429 2586604 4402816 3008580
1785365078464 2586604 4402816 3008580
1785365078499 2586604 4402816 3008580
1785365078535 2586604 4402816 3008580
1785365078569 2586604 4402816 3008580
1785365078603 2586604 4402816 3008580
1785365078638 2586604 4402816 3008580
1785365078673 2586604 4402816 3008580
1785365078709 2586604 4402816 3008580
1785365078744 2586604 4402816 3008580
1785365078778 2586604 4402816 3008580
1785365078815 2586604 4402816 3008580
1785365078850 2586604 4402816 3008580
1785365078885 2586604 4402816 3008580
1785365078921 2586604 4402816 3008580
1785365078957 2151864 4402816 3008580
1785365078993 2152332 4402816 3008580
1785365079030 2152568 4402816 3008580
1785365079067 2152568 4402816 3008580
1785365079104 2152568 4402816 3008580
1785365079140 2152568 4402816 3008580
1785365079179 2152568 4402816 3008580
1785365079216 2152568 4402816 3008580
1785365079255 2152568 4402816 3008580
1785365079293 2152572 4402816 3008580
1785365079330 2152612 4402816 3008580
1785365079368 2152612 4402816 3008580
1785365079406 2152612 4402816 3008580
1785365079444 2152612 4402816 3008580
1785365079481 2152940 4402816 3008580
1785365079518 2153000 4402816 3008580
1785365079557 2153000 4402816 3008580
1785365079595 2153004 4402816 3008580
1785365079632 2153004 4402816 3008580
1785365079670 2153004 4402816 3008580
1785365079708 2155052 4402816 3008580
1785365079746 2155052 4402816 3008580
1785365079784 2155052 4402816 3008580
1785365079821 2155052 4402816 3008580
1785365079860 2155052 4402816 3008580
1785365079899 2155052 4402816 3008580
1785365079936 2155052 4402816 3008580
1785365079974 2155052 4402816 3008580
1785365080013 2155052 4402816 3008580
1785365080050 2155052 4402816 3008580
1785365080087 2155056 4402816 3008580
1785365080126 2155056 4402816 3008580
1785365080163 2155056 4402816 3008580
1785365080199 2155056 4402816 3008580
1785365080238 2155056 4402816 3008580
1785365080276 2155056 4402816 3008580
1785365080312 2155056 4402816 3008580
1785365080349 2155244 4402816 3008580
1785365080387 2155244 4402816 3008580
1785365080425 2155244 4402816 3008580
1785365080462 2155312 4402816 3008580
1785365080499 2155312 4402816 3008580
1785365080537 2155312 4402816 3008580
1785365080574 2155312 4402816 3008580
1785365080612 2155312 4402816 3008580
1785365080649 2155312 4402816 3008580
1785365080686 2155312 4402816 3008580
1785365080723 2155312 4402816 3008580
1785365080760 2155312 4402816 3008580
1785365080799 2155312 4402816 3008580
1785365080836 2155312 4402816 3008580
1785365080872 2155312 4402816 3008580
1785365080908 2155312 4402816 3008580
1785365080944 2155312 4402816 3008580
1785365080979 2155312 4402816 3008580
1785365081015 2155312 4402816 3008580
1785365081054 2155312 4402816 3008580
1785365081092 2155312 4402816 3008580
1785365081129 2155312 4402816 3008580
1785365081166 2155312 4402816 3008580
1785365081203 2155312 4402816 3008580
1785365081240 2155312 4402816 3008580
1785365081276 2155312 4402816 3008580
1785365081313 2155312 4402816 3008580
1785365081349 2155312 4402816 3008580
1785365081386 2155312 4402816 3008580
1785365081422 2155312 4402816 3008580
1785365081458 2155312 4402816 3008580
1785365081494 2155312 4402816 3008580
1785365081531 2155312 4402816 3008580
1785365081567 2155312 4402816 3008580
1785365081603 2155312 4402816 3008580
1785365081639 2155312 4402816 3008580
1785365081678 2155312 4402816 3008580
1785365081716 2155316 4402816 3008580
1785365081755 2155316 4402816 3008580
1785365081792 2155316 4402816 3008580
1785365081829 2155316 4402816 3008580
1785365081866 2155316 4402816 3008580
1785365081903 2155316 4402816 3008580
1785365081940 2155316 4402816 3008580
1785365081975 2155316 4402816 3008580
1785365082013 2155316 4402816 3008580
1785365082049 2155316 4402816 3008580
1785365082088 2155316 4402816 3008580
1785365082126 2155316 4402816 3008580
1785365082165 2155316 4402816 3008580
1785365082202 2155316 4402816 3008580
1785365082238 2155316 4402816 3008580
1785365082277 2155316 4402816 3008580
1785365082315 2155316 4402816 3008580
1785365082352 2155316 4402816 3008580
1785365082388 2155316 4402816 3008580
1785365082425 2155316 4402816 3008580
1785365082462 2155316 4402816 3008580
1785365082498 2155316 4402816 3008580
1785365082535 2155316 4402816 3008580
1785365082574 2155316 4402816 3008580
1785365082610 2155316 4402816 3008580
1785365082646 2155316 4402816 3008580
1785365082685 2155316 4402816 3008580
1785365082721 2155316 4402816 3008580
1785365082760 2155316 4402816 3008580
1785365082798 2155316 4402816 3008580
1785365082836 2155316 4402816 3008580
1785365082873 2155316 4402816 3008580
1785365082912 2155316 4402816 3008580
1785365082951 2155316 4402816 3008580
1785365082988 2155316 4402816 3008580
1785365083024 2155316 4402816 3008580
1785365083063 2155316 4402816 3008580
1785365083101 2155316 4402816 3008580
1785365083140 2155316 4402816 3008580
1785365083178 2155316 4402816 3008580
1785365083216 2155316 4402816 3008580
1785365083255 2155316 4402816 3008580
1785365083293 2155316 4402816 3008580
1785365083332 2155316 4402816 3008580
1785365083369 2155316 4402816 3008580
1785365083409 2155316 4402816 3008580
1785365083446 2155316 4402816 3008580
1785365083484 2155316 4402816 3008580
1785365083523 2155316 4402816 3008580
1785365083560 2155316 4402816 3008580
1785365083597 2155316 4402816 3008580
1785365083637 2155316 4402816 3008580
1785365083673 2155316 4402816 3008580
1785365083711 2155316 4402816 3008580
1785365083749 2155316 4402816 3008580
1785365083787 2155316 4402816 3008580
1785365083822 2155316 4402816 3008580
1785365083861 2155316 4402816 3008580
1785365083901 2155316 4402816 3008580
1785365083938 2155316 4402816 3008580
1785365083977 2155316 4402816 3008580
1785365084016 2155316 4402816 3008580
1785365084054 2155664 4402816 3008580
1785365084093 2155664 4402816 3008580
1785365084128 2155664 4402816 3008580
1785365084162 2155664 4402816 3008580
1785365084197 2155664 4402816 3008580
1785365084233 2155664 4402816 3008580
1785365084268 2155664 4402816 3008580
1785365084309 2155712 4402816 3008580
1785365084346 2155712 4402816 3008580
1785365084384 2155712 4402816 3008580
1785365084420 2155712 4402816 3008580
1785365084457 2155712 4402816 3008580
1785365084494 2155712 4402816 3008580
1785365084531 2155712 4402816 3008580
1785365084566 2155712 4402816 3008580
1785365084604 2155712 4402816 3008580
1785365084643 2155712 4402816 3008580
1785365084681 2155712 4402816 3008580
1785365084718 2155712 4402816 3008580
1785365084755 2155712 4402816 3008580
1785365084792 2155712 4402816 3008580
1785365084828 2155712 4402816 3008580
1785365084864 2155712 4402816 3008580
1785365084902 2155712 4402816 3008580
1785365084940 2155712 4402816 3008580
1785365084977 2155712 4402816 3008580
1785365085013 2155712 4402816 3008580
1785365085052 2155712 4402816 3008580
1785365085089 2155716 4402816 3008580
1785365085128 2155720 4402816 3008580
1785365085166 2155720 4402816 3008580
1785365085204 2155720 4402816 3008580
1785365085241 2155724 4402816 3008580
1785365085278 2155724 4402816 3008580
1785365085315 2155724 4402816 3008580
1785365085351 2155724 4402816 3008580
1785365085388 2155724 4402816 3008580
1785365085425 2155724 4402816 3008580
1785365085464 2155724 4402816 3008580
1785365085501 2155724 4402816 3008580
1785365085538 2155724 4402816 3008580
1785365085578 2155724 4402816 3008580
1785365085615 2155724 4402816 3008580
1785365085651 2155724 4402816 3008580
1785365085689 2155724 4402816 3008580
1785365085727 2155724 4402816 3008580
1785365085764 2155724 4402816 3008580
1785365085802 2155724 4402816 3008580
1785365085840 2155724 4402816 3008580
1785365085878 2155724 4402816 3008580
1785365085915 2155724 4402816 3008580
1785365085954 2155724 4402816 3008580
1785365085991 2155724 4402816 3008580
1785365086027 2155724 4402816 3008580
1785365086064 2155724 4402816 3008580
1785365086103 2155724 4402816 3008580
1785365086141 2155724 4402816 3008580
1785365086180 2155724 4402816 3008580
1785365086218 2155724 4402816 3008580
1785365086256 2155724 4402816 3008580
1785365086294 2155724 4402816 3008580
1785365086331 2155724 4402816 3008580
1785365086368 2155724 4402816 3008580
1785365086405 2155724 4402816 3008580
1785365086443 2155724 4402816 3008580
1785365086481 2155724 4402816 3008580
1785365086518 2155724 4402816 3008580
1785365086556 2155724 4402816 3008580
1785365086593 2155724 4402816 3008580
1785365086629 2155724 4402816 3008580
1785365086666 2155724 4402816 3008580
1785365086704 2155724 4402816 3008580
1785365086741 2155724 4402816 3008580
1785365086778 2155724 4402816 3008580
1785365086816 2155724 4402816 3008580
1785365086853 2155724 4402816 3008580
1785365086890 2155724 4402816 3008580
1785365086927 2155724 4402816 3008580
1785365086966 2155724 4402816 3008580
1785365087004 2155724 4402816 3008580
1785365087043 2155724 4402816 3008580
1785365087081 2155724 4402816 3008580
1785365087119 2155724 4402816 3008580
1785365087157 2155724 4402816 3008580
1785365087195 2155724 4402816 3008580
1785365087232 2155724 4402816 3008580
1785365087270 2155724 4402816 3008580
1785365087308 2155724 4402816 3008580
1785365087345 2155728 4402816 3008580
1785365087385 2155728 4402816 3008580
1785365087421 2155732 4402816 3008580
1785365087458 2155736 4402816 3008580
1785365087495 2155736 4402816 3008580
1785365087532 2155736 4402816 3008580
1785365087569 2155736 4402816 3008580
1785365087608 2155736 4402816 3008580
1785365087643 2155736 4402816 3008580
1785365087678 2155736 4402816 3008580
1785365087716 2156504 4402816 3008580
1785365087755 2156504 4402816 3008580
1785365087792 2156504 4402816 3008580
1785365087830 2156504 4402816 3008580
1785365087867 2156504 4402816 3008580
1785365087905 2156504 4402816 3008580
1785365087943 2156504 4402816 3008580
1785365087981 2156504 4402816 3008580
1785365088019 2156504 4402816 3008580
1785365088055 2156504 4402816 3008580
1785365088092 2156504 4402816 3008580
1785365088129 2156504 4402816 3008580
1785365088166 2156504 4402816 3008580
1785365088201 2156504 4402816 3008580
1785365088241 2156504 4402816 3008580
1785365088278 2156504 4402816 3008580
1785365088316 2156504 4402816 3008580
1785365088354 2156504 4402816 3008580
1785365088393 2156504 4402816 3008580
1785365088431 2156504 4402816 3008580
1785365088469 2156508 4402816 3008580
1785365088507 2156508 4402816 3008580
1785365088543 2156508 4402816 3008580
1785365088581 2156508 4402816 3008580
1785365088620 2156508 4402816 3008580
1785365088658 2156508 4402816 3008580
1785365088695 2156508 4402816 3008580
1785365088735 2156508 4402816 3008580
1785365088773 2156508 4402816 3008580
1785365088812 2156508 4402816 3008580
1785365088851 2156508 4402816 3008580
1785365088888 2156508 4402816 3008580
1785365088927 2156508 4402816 3008580
1785365088965 2156508 4402816 3008580
1785365089002 2156508 4402816 3008580
1785365089040 2156508 4402816 3008580
1785365089077 2156508 4402816 3008580
1785365089113 2156508 4402816 3008580
1785365089148 2156508 4402816 3008580
1785365089188 2156508 4402816 3008580
1785365089225 2156508 4402816 3008580
1785365089261 2156508 4402816 3008580
1785365089300 2156508 4402816 3008580
1785365089337 2156508 4402816 3008580
1785365089373 2156508 4402816 3008580
1785365089410 2156508 4402816 3008580
1785365089448 2156512 4402816 3008580
1785365089484 2156512 4402816 3008580
1785365089519 2156512 4402816 3008580
1785365089559 2156512 4402816 3008580
1785365089596 2156512 4402816 3008580
1785365089632 2156512 4402816 3008580
1785365089669 2156512 4402816 3008580
1785365089709 2156512 4402816 3008580
1785365089747 2156512 4402816 3008580
1785365089783 2156512 4402816 3008580
1785365089818 2156512 4402816 3008580
1785365089854 2156512 4402816 3008580
1785365089892 2156512 4402816 3008580
1785365089927 2156512 4402816 3008580
1785365089964 2156512 4402816 3008580
1785365090006 2180960 4402816 3008580
1785365090044 2180960 4402816 3008580
1785365090082 2180960 4402816 3008580
1785365090118 2180960 4402816 3008580
1785365090156 2180960 4402816 3008580
1785365090194 2180960 4402816 3008580
1785365090229 2180960 4402816 3008580
1785365090267 2180960 4402816 3008580
1785365090302 2180960 4402816 3008580
1785365090338 2180960 4402816 3008580
1785365090374 2180960 4402816 3008580
1785365090412 2180960 4402816 3008580
1785365090449 2180960 4402816 3008580
1785365090487 2180960 4402816 3008580
1785365090523 2180960 4402816 3008580
1785365090559 2180960 4402816 3008580
1785365090595 2180960 4402816 3008580
1785365090632 2180960 4402816 3008580
1785365090671 2180960 4402816 3008580
1785365090709 2180960 4402816 3008580
1785365090747 2180964 4402816 3008580
1785365090785 2180964 4402816 3008580
1785365090823 2180964 4402816 3008580
1785365090862 2180968 4402816 3008580
1785365090901 2180976 4402816 3008580
1785365090938 2180976 4402816 3008580
1785365090975 2180976 4402816 3008580
1785365091012 2180976 4402816 3008580
1785365091051 2180976 4402816 3008580
1785365091089 2180976 4402816 3008580
1785365091126 2180976 4402816 3008580
1785365091162 2180976 4402816 3008580
1785365091198 2180976 4402816 3008580
1785365091233 2180976 4402816 3008580
1785365091274 2180976 4402816 3008580
1785365091311 2180976 4402816 3008580
1785365091347 2180976 4402816 3008580
1785365091385 2180976 4402816 3008580
1785365091423 2180976 4402816 3008580
1785365091459 2180976 4402816 3008580
1785365091496 2180976 4402816 3008580
1785365091533 2180976 4402816 3008580
1785365091571 2180976 4402816 3008580
1785365091608 2180976 4402816 3008580
1785365091647 2180976 4402816 3008580
1785365091683 2180976 4402816 3008580
1785365091720 2180976 4402816 3008580
1785365091760 2180976 4402816 3008580
1785365091797 2180976 4402816 3008580
1785365091835 2180976 4402816 3008580
1785365091872 2180976 4402816 3008580
1785365091909 2180976 4402816 3008580
1785365091946 2180976 4402816 3008580
1785365091984 2180976 4402816 3008580
1785365092021 2180976 4402816 3008580
1785365092059 2180976 4402816 3008580
1785365092096 2180976 4402816 3008580
1785365092134 2180976 4402816 3008580
1785365092171 2180976 4402816 3008580
1785365092209 2180976 4402816 3008580
1785365092246 2180976 4402816 3008580
1785365092283 2180976 4402816 3008580
1785365092322 2180980 4402816 3008580
1785365092359 2180980 4402816 3008580
1785365092396 2180980 4402816 3008580
1785365092434 2180980 4402816 3008580
1785365092471 2180980 4402816 3008580
1785365092509 2180980 4402816 3008580
1785365092547 2180980 4402816 3008580
1785365092584 2180980 4402816 3008580
1785365092622 2180980 4402816 3008580
1785365092660 2180980 4402816 3008580
1785365092698 2180980 4402816 3008580
1785365092736 2180980 4402816 3008580
1785365092773 2180980 4402816 3008580
1785365092811 2180980 4402816 3008580
1785365092849 2180980 4402816 3008580
1785365092887 2180980 4402816 3008580
1785365092925 2180980 4402816 3008580
1785365092961 2180980 4402816 3008580
1785365093000 2180980 4402816 3008580
1785365093037 2180980 4402816 3008580
1785365093074 2180992 4402816 3008580
1785365093110 2180992 4402816 3008580
1785365093146 2180992 4402816 3008580
1785365093181 2180992 4402816 3008580
1785365093218 2180992 4402816 3008580
1785365093254 2180992 4402816 3008580
1785365093291 2180992 4402816 3008580
1785365093329 2180992 4402816 3008580
1785365093366 2180992 4402816 3008580
1785365093401 2180992 4402816 3008580
1785365093438 2180992 4402816 3008580
1785365093474 2180992 4402816 3008580
1785365093510 2180992 4402816 3008580
1785365093547 2180992 4402816 3008580
1785365093585 2180992 4402816 3008580
1785365093624 2180992 4402816 3008580
1785365093661 2180992 4402816 3008580
1785365093699 2180992 4402816 3008580
1785365093737 2180992 4402816 3008580
1785365093774 2180992 4402816 3008580
1785365093811 2180992 4402816 3008580
1785365093851 2180992 4402816 3008580
1785365093889 2180992 4402816 3008580
1785365093925 2180992 4402816 3008580
1785365093964 2180992 4402816 3008580
1785365094002 2180992 4402816 3008580
1785365094039 2180992 4402816 3008580
1785365094076 2180992 4402816 3008580
1785365094113 2180992 4402816 3008580
1785365094151 2180992 4402816 3008580
1785365094188 2180992 4402816 3008580
1785365094228 2180992 4402816 3008580
1785365094265 2180992 4402816 3008580
1785365094302 2180992 4402816 3008580
1785365094341 2180992 4402816 3008580
1785365094380 2180992 4402816 3008580
1785365094417 2180992 4402816 3008580
1785365094455 2180992 4402816 3008580
1785365094493 2180992 4402816 3008580
1785365094531 2180992 4402816 3008580
1785365094568 2180992 4402816 3008580
1785365094605 2180992 4402816 3008580
1785365094645 2180992 4402816 3008580
1785365094683 2180992 4402816 3008580
1785365094719 2180992 4402816 3008580
1785365094757 2180992 4402816 3008580
1785365094796 2180992 4402816 3008580
1785365094833 2180992 4402816 3008580
1785365094870 2180992 4402816 3008580
1785365094908 2180992 4402816 3008580
1785365094946 2180992 4402816 3008580
1785365094983 2180992 4402816 3008580
1785365095022 2180992 4402816 3008580
1785365095060 2180992 4402816 3008580
1785365095097 2180992 4402816 3008580
1785365095137 2180992 4402816 3008580
1785365095174 2180992 4402816 3008580
1785365095211 2180992 4402816 3008580
1785365095248 2180992 4402816 3008580
1785365095287 2180992 4402816 3008580
1785365095326 2180992 4402816 3008580
1785365095362 2180992 4402816 3008580
1785365095398 2180992 4402816 3008580
1785365095437 2180992 4402816 3008580
1785365095473 2180992 4402816 3008580
1785365095508 2180992 4402816 3008580
1785365095549 2205568 4402816 3008580
1785365095587 2205568 4402816 3008580
1785365095626 2205568 4402816 3008580
1785365095665 2205568 4402816 3008580
1785365095701 2205568 4402816 3008580
1785365095737 2205568 4402816 3008580
1785365095773 2205568 4402816 3008580
1785365095807 2205568 4402816 3008580
1785365095844 2205568 4402816 3008580
1785365095883 2205568 4402816 3008580
1785365095921 2205568 4402816 3008580
1785365095959 2205568 4402816 3008580
1785365095996 2205568 4402816 3008580
1785365096033 2205568 4402816 3008580
1785365096071 2205572 4402816 3008580
1785365096108 2205572 4402816 3008580
1785365096144 2205572 4402816 3008580
1785365096180 2205572 4402816 3008580
1785365096219 2205572 4402816 3008580
1785365096256 2205572 4402816 3008580
1785365096295 2205572 4402816 3008580
1785365096333 2205572 4402816 3008580
1785365096370 2205572 4402816 3008580
1785365096409 2205572 4402816 3008580
1785365096447 2205584 4402816 3008580
1785365096484 2205584 4402816 3008580
1785365096523 2205584 4402816 3008580
1785365096560 2205588 4402816 3008580
1785365096598 2205592 4402816 3008580
1785365096636 2205592 4402816 3008580
1785365096673 2205592 4402816 3008580
1785365096712 2205592 4402816 3008580
1785365096751 2205592 4402816 3008580
1785365096788 2205592 4402816 3008580
1785365096829 2205596 4402816 3008580
1785365096866 2205596 4402816 3008580
1785365096905 2205596 4402816 3008580
1785365096943 2205596 4402816 3008580
1785365096981 2205596 4402816 3008580
1785365097018 2205596 4402816 3008580
1785365097057 2205596 4402816 3008580
1785365097096 2205596 4402816 3008580
1785365097134 2205596 4402816 3008580
1785365097171 2205596 4402816 3008580
1785365097210 2205596 4402816 3008580
1785365097249 2205596 4402816 3008580
1785365097286 2205596 4402816 3008580
1785365097325 2205596 4402816 3008580
1785365097364 2205596 4402816 3008580
1785365097402 2205596 4402816 3008580
1785365097440 2205596 4402816 3008580
1785365097477 2205596 4402816 3008580
1785365097513 2205596 4402816 3008580
1785365097549 2205596 4402816 3008580
1785365097588 2205596 4402816 3008580
1785365097626 2205596 4402816 3008580
1785365097662 2205596 4402816 3008580
1785365097700 2205596 4402816 3008580
1785365097738 2205596 4402816 3008580
1785365097777 2205596 4402816 3008580
1785365097816 2205596 4402816 3008580
1785365097854 2205596 4402816 3008580
1785365097893 2205596 4402816 3008580
1785365097930 2205596 4402816 3008580
1785365097966 2205596 4402816 3008580
1785365098003 2205596 4402816 3008580
1785365098040 2205596 4402816 3008580
1785365098079 2205596 4402816 3008580
1785365098117 2205596 4402816 3008580
1785365098156 2205596 4402816 3008580
1785365098195 2205596 4402816 3008580
1785365098234 2205596 4402816 3008580
1785365098271 2205596 4402816 3008580
1785365098310 2205596 4402816 3008580
1785365098348 2205596 4402816 3008580
1785365098387 2205596 4402816 3008580
1785365098425 2205596 4402816 3008580
1785365098465 2205596 4402816 3008580
1785365098503 2205596 4402816 3008580
1785365098540 2205596 4402816 3008580
1785365098577 2205596 4402816 3008580
1785365098612 2205596 4402816 3008580
1785365098648 2205596 4402816 3008580
1785365098687 2205604 4402816 3008580
1785365098723 2205604 4402816 3008580
1785365098761 2205604 4402816 3008580
1785365098796 2205604 4402816 3008580
1785365098832 2205604 4402816 3008580
1785365098868 2205604 4402816 3008580
1785365098902 2205604 4402816 3008580
1785365098940 2205604 4402816 3008580
1785365098979 2205604 4402816 3008580
1785365099017 2205604 4402816 3008580
1785365099053 2205604 4402816 3008580
1785365099092 2205604 4402816 3008580
1785365099131 2205604 4402816 3008580
1785365099169 2205604 4402816 3008580
1785365099206 2205608 4402816 3008580
1785365099243 2205608 4402816 3008580
1785365099279 2205608 4402816 3008580
1785365099317 2205608 4402816 3008580
1785365099355 2205608 4402816 3008580
1785365099391 2205608 4402816 3008580
1785365099430 2205608 4402816 3008580
1785365099468 2205608 4402816 3008580
1785365099505 2205608 4402816 3008580
1785365099542 2205608 4402816 3008580
1785365099579 2205608 4402816 3008580
1785365099618 2205608 4402816 3008580
1785365099656 2205608 4402816 3008580
1785365099692 2205608 4402816 3008580
1785365099732 2205612 4402816 3008580
1785365099769 2205612 4402816 3008580
1785365099806 2205612 4402816 3008580
1785365099844 2205612 4402816 3008580
1785365099881 2205612 4402816 3008580
1785365099919 2205612 4402816 3008580
1785365099956 2205612 4402816 3008580
1785365099996 2205612 4402816 3008580
1785365100034 2205612 4402816 3008580
1785365100072 2205612 4402816 3008580
1785365100112 2205612 4402816 3008580
1785365100150 2205612 4402816 3008580
1785365100187 2205612 4402816 3008580
1785365100224 2205612 4402816 3008580
1785365100262 2205612 4402816 3008580
1785365100300 2205616 4402816 3008580
1785365100339 2205616 4402816 3008580
1785365100376 2205616 4402816 3008580
1785365100414 2205616 4402816 3008580
1785365100451 2205616 4402816 3008580
1785365100486 2205616 4402816 3008580
1785365100524 2205616 4402816 3008580
1785365100564 2205616 4402816 3008580
1785365100602 2205616 4402816 3008580
1785365100639 2205616 4402816 3008580
1785365100678 2205616 4402816 3008580
1785365100715 2205616 4402816 3008580
1785365100752 2205616 4402816 3008580
1785365100789 2205616 4402816 3008580
1785365100826 2205616 4402816 3008580
1785365100863 2205616 4402816 3008580
1785365100902 2205616 4402816 3008580
1785365100941 2205616 4402816 3008580
1785365100981 2205616 4402816 3008580
1785365101018 2205616 4402816 3008580
1785365101052 2205616 4402816 3008580
1785365101088 2205616 4402816 3008580
1785365101124 2205616 4402816 3008580
1785365101160 2205616 4402816 3008580
1785365101196 2205616 4402816 3008580
1785365101236 2205616 4402816 3008580
1785365101271 2205616 4402816 3008580
1785365101308 2205616 4402816 3008580
1785365101343 2205616 4402816 3008580
1785365101380 2205616 4402816 3008580
1785365101418 2205616 4402816 3008580
1785365101454 2205616 4402816 3008580
1785365101490 2205616 4402816 3008580
1785365101527 2205616 4402816 3008580
1785365101565 2205616 4402816 3008580
1785365101602 2205616 4402816 3008580
1785365101639 2205616 4402816 3008580
1785365101675 2205616 4402816 3008580
1785365101714 2205620 4402816 3008580
1785365101751 2205620 4402816 3008580
1785365101788 2205620 4402816 3008580
1785365101827 2205620 4402816 3008580
1785365101865 2205620 4402816 3008580
1785365101903 2205620 4402816 3008580
1785365101941 2205620 4402816 3008580
1785365101979 2205624 4402816 3008580
1785365102016 2205628 4402816 3008580
1785365102055 2205628 4402816 3008580
1785365102093 2205628 4402816 3008580
1785365102132 2205636 4402816 3008580
1785365102170 2205640 4402816 3008580
1785365102208 2205640 4402816 3008580
1785365102246 2205640 4402816 3008580
1785365102282 2205640 4402816 3008580
1785365102318 2205640 4402816 3008580
1785365102358 2205640 4402816 3008580
1785365102395 2205640 4402816 3008580
1785365102433 2205640 4402816 3008580
1785365102470 2205640 4402816 3008580
1785365102506 2205640 4402816 3008580
1785365102541 2205640 4402816 3008580
1785365102577 2205640 4402816 3008580
1785365102615 2205640 4402816 3008580
1785365102651 2205640 4402816 3008580
1785365102688 2205640 4402816 3008580
1785365102726 2205644 4402816 3008580
1785365102762 2205644 4402816 3008580
1785365102798 2205644 4402816 3008580
1785365102836 2205644 4402816 3008580
1785365102874 2205644 4402816 3008580
1785365102909 2205644 4402816 3008580
1785365102945 2205644 4402816 3008580
1785365102984 2205644 4402816 3008580
1785365103021 2205644 4402816 3008580
1785365103057 2205644 4402816 3008580
1785365103097 2205644 4402816 3008580
1785365103134 2205644 4402816 3008580
1785365103172 2205644 4402816 3008580
1785365103209 2205644 4402816 3008580
1785365103245 2205644 4402816 3008580
1785365103283 2205644 4402816 3008580
1785365103321 2205644 4402816 3008580
1785365103359 2205644 4402816 3008580
1785365103398 2205644 4402816 3008580
1785365103436 2205644 4402816 3008580
1785365103473 2205644 4402816 3008580
1785365103509 2205644 4402816 3008580
1785365103548 2205644 4402816 3008580
1785365103586 2205644 4402816 3008580
1785365103625 2205644 4402816 3008580
1785365103662 2205644 4402816 3008580
1785365103701 2205644 4402816 3008580
1785365103739 2205644 4402816 3008580
1785365103778 2205644 4402816 3008580
1785365103817 2205644 4402816 3008580
1785365103854 2205644 4402816 3008580
1785365103893 2205644 4402816 3008580
1785365103930 2205644 4402816 3008580
1785365103970 2205644 4402816 3008580
1785365104008 2205644 4402816 3008580
1785365104045 2205644 4402816 3008580
1785365104084 2205644 4402816 3008580
1785365104122 2205644 4402816 3008580
1785365104159 2205644 4402816 3008580
1785365104197 2205644 4402816 3008580
1785365104235 2205644 4402816 3008580
1785365104272 2205644 4402816 3008580
1785365104310 2205644 4402816 3008580
1785365104347 2205652 4402816 3008580
1785365104385 2205652 4402816 3008580
1785365104421 2205652 4402816 3008580
1785365104457 2205652 4402816 3008580
1785365104495 2205652 4402816 3008580
1785365104531 2205652 4402816 3008580
1785365104567 2205652 4402816 3008580
1785365104607 2205652 4402816 3008580
1785365104645 2205652 4402816 3008580
1785365104683 2205652 4402816 3008580
1785365104722 2205652 4402816 3008580
1785365104760 2205652 4402816 3008580
1785365104799 2205652 4402816 3008580
1785365104836 2205652 4402816 3008580
1785365104876 2205652 4402816 3008580
1785365104913 2205652 4402816 3008580
1785365104951 2205652 4402816 3008580
1785365104989 2205652 4402816 3008580
1785365105029 2205652 4402816 3008580
1785365105067 2205652 4402816 3008580
1785365105105 2205652 4402816 3008580
1785365105143 2205660 4402816 3008580
1785365105181 2205660 4402816 3008580
1785365105216 2205660 4402816 3008580
1785365105255 2205660 4402816 3008580
1785365105293 2205660 4402816 3008580
1785365105330 2205660 4402816 3008580
1785365105367 2205660 4402816 3008580
1785365105406 2205660 4402816 3008580
1785365105443 2205660 4402816 3008580
1785365105481 2205660 4402816 3008580
1785365105518 2205660 4402816 3008580
1785365105559 2205660 4402816 3008580
1785365105597 2205660 4402816 3008580
1785365105634 2205660 4402816 3008580
1785365105674 2205660 4402816 3008580
1785365105713 2205660 4402816 3008580
1785365105750 2205660 4402816 3008580
1785365105789 2205660 4402816 3008580
1785365105826 2205660 4402816 3008580
1785365105863 2205660 4402816 3008580
1785365105899 2205660 4402816 3008580
1785365105935 2205660 4402816 3008580
1785365105974 2205660 4402816 3008580
1785365106012 2205660 4402816 3008580
1785365106051 2205660 4402816 3008580
1785365106088 2205660 4402816 3008580
1785365106128 2205660 4402816 3008580
1785365106167 2205660 4402816 3008580
1785365106203 2205660 4402816 3008580
1785365106241 2205660 4402816 3008580
1785365106280 2205660 4402816 3008580
1785365106317 2205660 4402816 3008580
1785365106356 2205660 4402816 3008580
1785365106395 2205660 4402816 3008580
1785365106432 2205660 4402816 3008580
1785365106470 2205660 4402816 3008580
1785365106509 2205660 4402816 3008580
1785365106546 2205660 4402816 3008580
1785365106583 2205660 4402816 3008580
1785365106624 2205660 4402816 3008580
1785365106663 2205660 4402816 3008580
1785365106698 2205660 4402816 3008580
1785365106732 2205660 4402816 3008580
1785365106768 2205660 4402816 3008580
1785365106804 2205660 4402816 3008580
1785365106838 2205660 4402816 3008580
1785365106874 2205660 4402816 3008580
1785365106918 2254812 4402816 3008580
1785365106956 2254812 4402816 3008580
1785365106995 2254812 4402816 3008580
1785365107032 2254812 4402816 3008580
1785365107070 2254812 4402816 3008580
1785365107108 2254812 4402816 3008580
1785365107145 2254812 4402816 3008580
1785365107180 2254812 4402816 3008580
1785365107219 2254812 4402816 3008580
1785365107257 2254812 4402816 3008580
1785365107293 2254812 4402816 3008580
1785365107332 2254812 4402816 3008580
1785365107370 2254812 4402816 3008580
1785365107407 2254812 4402816 3008580
1785365107445 2254812 4402816 3008580
1785365107482 2254812 4402816 3008580
1785365107521 2254812 4402816 3008580
1785365107558 2254812 4402816 3008580
1785365107596 2254812 4402816 3008580
1785365107633 2254812 4402816 3008580
1785365107671 2254812 4402816 3008580
1785365107708 2254816 4402816 3008580
1785365107747 2254816 4402816 3008580
1785365107786 2254820 4402816 3008580
1785365107823 2254832 4402816 3008580
1785365107863 2254832 4402816 3008580
1785365107901 2254836 4402816 3008580
1785365107939 2254836 4402816 3008580
1785365107975 2254836 4402816 3008580
1785365108012 2254836 4402816 3008580
1785365108053 2254836 4402816 3008580
1785365108092 2254836 4402816 3008580
1785365108129 2254836 4402816 3008580
1785365108168 2254836 4402816 3008580
1785365108207 2254836 4402816 3008580
1785365108244 2254836 4402816 3008580
1785365108280 2254836 4402816 3008580
1785365108319 2254836 4402816 3008580
1785365108356 2254836 4402816 3008580
1785365108394 2254836 4402816 3008580
1785365108433 2254836 4402816 3008580
1785365108470 2254836 4402816 3008580
1785365108508 2254836 4402816 3008580
1785365108548 2254836 4402816 3008580
1785365108586 2254836 4402816 3008580
1785365108624 2254836 4402816 3008580
1785365108663 2254836 4402816 3008580
1785365108699 2254836 4402816 3008580
1785365108737 2254836 4402816 3008580
1785365108775 2254836 4402816 3008580
1785365108814 2254836 4402816 3008580
1785365108852 2254836 4402816 3008580
1785365108890 2254836 4402816 3008580
1785365108927 2254836 4402816 3008580
1785365108964 2254836 4402816 3008580
1785365109000 2254836 4402816 3008580
1785365109039 2254836 4402816 3008580
1785365109078 2254836 4402816 3008580
1785365109116 2254836 4402816 3008580
1785365109152 2254836 4402816 3008580
1785365109192 2254836 4402816 3008580
1785365109230 2254836 4402816 3008580
1785365109268 2254836 4402816 3008580
1785365109307 2254836 4402816 3008580
1785365109344 2254836 4402816 3008580
1785365109384 2254836 4402816 3008580
1785365109421 2254836 4402816 3008580
1785365109460 2254836 4402816 3008580
1785365109497 2254836 4402816 3008580
1785365109537 2254836 4402816 3008580
1785365109574 2254836 4402816 3008580
1785365109613 2254836 4402816 3008580
1785365109650 2254836 4402816 3008580
1785365109688 2254836 4402816 3008580
1785365109726 2254836 4402816 3008580
1785365109763 2254836 4402816 3008580
1785365109801 2254836 4402816 3008580
1785365109839 2254836 4402816 3008580
1785365109877 2254836 4402816 3008580
1785365109914 2254836 4402816 3008580
1785365109952 2254836 4402816 3008580
1785365109989 2254840 4402816 3008580
1785365110026 2254840 4402816 3008580
1785365110062 2254840 4402816 3008580
1785365110098 2254840 4402816 3008580
1785365110133 2254840 4402816 3008580
1785365110170 2254840 4402816 3008580
1785365110205 2254840 4402816 3008580
1785365110240 2254840 4402816 3008580
1785365110279 2254840 4402816 3008580
1785365110316 2254840 4402816 3008580
1785365110353 2254840 4402816 3008580
1785365110389 2254840 4402816 3008580
1785365110425 2254840 4402816 3008580
1785365110461 2254840 4402816 3008580
1785365110498 2254840 4402816 3008580
1785365110536 2254840 4402816 3008580
1785365110573 2254840 4402816 3008580
1785365110611 2254844 4402816 3008580
1785365110648 2254844 4402816 3008580
1785365110685 2254848 4402816 3008580
1785365110723 2254848 4402816 3008580
1785365110761 2254848 4402816 3008580
1785365110798 2254852 4402816 3008580
1785365110836 2254852 4402816 3008580
1785365110874 2254852 4402816 3008580
1785365110911 2254852 4402816 3008580
1785365110950 2254852 4402816 3008580
1785365110988 2254852 4402816 3008580
1785365111024 2254852 4402816 3008580
1785365111063 2254852 4402816 3008580
1785365111101 2254852 4402816 3008580
1785365111138 2254852 4402816 3008580
1785365111177 2254852 4402816 3008580
1785365111214 2254852 4402816 3008580
1785365111251 2254852 4402816 3008580
1785365111288 2254852 4402816 3008580
1785365111327 2254852 4402816 3008580
1785365111364 2254852 4402816 3008580
1785365111402 2254852 4402816 3008580
1785365111440 2254852 4402816 3008580
1785365111478 2254852 4402816 3008580
1785365111516 2254852 4402816 3008580
1785365111553 2254852 4402816 3008580
1785365111590 2254852 4402816 3008580
1785365111628 2254852 4402816 3008580
1785365111665 2254852 4402816 3008580
1785365111702 2254852 4402816 3008580
1785365111742 2254852 4402816 3008580
1785365111779 2254852 4402816 3008580
1785365111815 2254852 4402816 3008580
1785365111854 2254852 4402816 3008580
1785365111891 2254852 4402816 3008580
1785365111927 2254852 4402816 3008580
1785365111965 2254852 4402816 3008580
1785365112003 2254852 4402816 3008580
1785365112039 2254852 4402816 3008580
1785365112076 2254852 4402816 3008580
1785365112115 2254852 4402816 3008580
1785365112153 2254852 4402816 3008580
1785365112189 2254852 4402816 3008580
1785365112229 2254852 4402816 3008580
1785365112267 2254852 4402816 3008580
1785365112302 2254852 4402816 3008580
1785365112337 2254852 4402816 3008580
1785365112373 2254852 4402816 3008580
1785365112410 2254852 4402816 3008580
1785365112447 2254852 4402816 3008580
1785365112483 2254852 4402816 3008580
1785365112526 2254980 4402816 3008580
1785365112564 2254980 4402816 3008580
1785365112603 2254980 4402816 3008580
1785365112640 2254980 4402816 3008580
1785365112676 2254980 4402816 3008580
1785365112713 2254980 4402816 3008580
1785365112750 2254980 4402816 3008580
1785365112789 2254980 4402816 3008580
1785365112826 2254980 4402816 3008580
1785365112863 2254980 4402816 3008580
1785365112900 2254980 4402816 3008580
1785365112937 2254980 4402816 3008580
1785365112974 2254980 4402816 3008580
1785365113011 2254984 4402816 3008580
1785365113048 2254984 4402816 3008580
1785365113085 2254984 4402816 3008580
1785365113122 2254984 4402816 3008580
1785365113159 2254984 4402816 3008580
1785365113197 2254984 4402816 3008580
1785365113235 2254984 4402816 3008580
1785365113272 2254984 4402816 3008580
1785365113310 2254988 4402816 3008580
1785365113347 2254988 4402816 3008580
1785365113385 2254992 4402816 3008580
1785365113422 2254996 4402816 3008580
1785365113460 2254996 4402816 3008580
1785365113498 2254996 4402816 3008580
1785365113537 2255000 4402816 3008580
1785365113576 2255000 4402816 3008580
1785365113612 2255000 4402816 3008580
1785365113652 2255004 4402816 3008580
1785365113690 2255004 4402816 3008580
1785365113727 2255004 4402816 3008580
1785365113767 2255004 4402816 3008580
1785365113805 2255004 4402816 3008580
1785365113842 2255004 4402816 3008580
1785365113880 2255004 4402816 3008580
1785365113918 2255004 4402816 3008580
1785365113956 2255004 4402816 3008580
1785365113992 2255004 4402816 3008580
1785365114032 2255004 4402816 3008580
1785365114067 2255004 4402816 3008580
1785365114105 2255004 4402816 3008580
1785365114144 2255004 4402816 3008580
1785365114183 2255004 4402816 3008580
1785365114220 2255004 4402816 3008580
1785365114258 2255004 4402816 3008580
1785365114296 2255004 4402816 3008580
1785365114335 2255004 4402816 3008580
1785365114374 2255004 4402816 3008580
1785365114412 2255004 4402816 3008580
1785365114451 2255004 4402816 3008580
1785365114489 2255004 4402816 3008580
1785365114528 2255004 4402816 3008580
1785365114566 2255004 4402816 3008580
1785365114606 2255004 4402816 3008580
1785365114645 2255004 4402816 3008580
1785365114682 2255004 4402816 3008580
1785365114721 2255004 4402816 3008580
1785365114760 2255004 4402816 3008580
1785365114797 2255004 4402816 3008580
1785365114836 2255004 4402816 3008580
1785365114874 2255004 4402816 3008580
1785365114911 2255004 4402816 3008580
1785365114947 2255004 4402816 3008580
1785365114986 2255004 4402816 3008580
1785365115023 2255004 4402816 3008580
1785365115059 2255004 4402816 3008580
1785365115097 2255004 4402816 3008580
1785365115135 2255004 4402816 3008580
1785365115173 2255004 4402816 3008580
1785365115212 2255004 4402816 3008580
1785365115251 2255004 4402816 3008580
1785365115289 2255004 4402816 3008580
1785365115325 2255004 4402816 3008580
1785365115364 2255004 4402816 3008580
1785365115403 2255004 4402816 3008580
1785365115441 2255004 4402816 3008580
1785365115480 2255004 4402816 3008580
1785365115518 2255004 4402816 3008580
1785365115557 2255008 4402816 3008580
1785365115596 2255008 4402816 3008580
1785365115634 2255012 4402816 3008580
1785365115673 2255012 4402816 3008580
1785365115710 2255012 4402816 3008580
1785365115746 2255012 4402816 3008580
1785365115784 2255012 4402816 3008580
1785365115821 2255012 4402816 3008580
1785365115857 2255012 4402816 3008580
1785365115894 2255012 4402816 3008580
1785365115931 2255012 4402816 3008580
1785365115969 2255012 4402816 3008580
1785365116006 2255012 4402816 3008580
1785365116044 2255012 4402816 3008580
1785365116082 2255012 4402816 3008580
1785365116119 2255012 4402816 3008580
1785365116158 2255012 4402816 3008580
1785365116196 2255012 4402816 3008580
1785365116233 2255012 4402816 3008580
1785365116271 2255012 4402816 3008580
1785365116308 2255016 4402816 3008580
1785365116348 2255016 4402816 3008580
1785365116385 2255016 4402816 3008580
1785365116423 2255016 4402816 3008580
1785365116463 2255016 4402816 3008580
1785365116499 2255016 4402816 3008580
1785365116537 2255016 4402816 3008580
1785365116577 2267184 4402816 3008580
1785365116614 2267184 4402816 3008580
1785365116650 2267184 4402816 3008580
1785365116688 2267184 4402816 3008580
1785365116725 2267184 4402816 3008580
1785365116760 2267184 4402816 3008580
1785365116798 2267184 4402816 3008580
1785365116838 2205868 4402816 3008580
1785365116875 2205868 4402816 3008580
1785365116913 2221576 4402816 3008580
1785365116951 2254892 4402816 3008580
1785365116990 2254892 4402816 3008580
1785365117028 2254892 4402816 3008580
1785365117065 2254892 4402816 3008580
1785365117105 2254892 4402816 3008580
1785365117144 2254892 4402816 3008580
1785365117182 2254892 4402816 3008580
1785365117220 2254892 4402816 3008580
1785365117257 2254892 4402816 3008580
1785365117297 2254892 4402816 3008580
1785365117336 2254892 4402816 3008580
1785365117373 2254892 4402816 3008580
1785365117413 2261036 4402816 3008580
1785365117452 2261036 4402816 3008580
1785365117490 2261036 4402816 3008580
1785365117527 2261036 4402816 3008580
1785365117566 2261036 4402816 3008580
1785365117604 2261036 4402816 3008580
1785365117641 2273328 4402816 3008580
1785365117681 2273328 4402816 3008580
1785365117719 2273328 4402816 3008580
1785365117756 2273328 4402816 3008580
1785365117795 2273328 4402816 3008580
1785365117833 2273328 4402816 3008580
1785365117871 2273328 4402816 3008580
1785365117911 2273328 4402816 3008580
1785365117951 2215084 4402816 3008580
1785365117989 2215084 4402816 3008580
1785365118026 2225672 4402816 3008580
1785365118062 2264108 4402816 3008580
1785365118100 2264108 4402816 3008580
1785365118136 2272776 4402816 3008580
1785365118172 2312512 4402816 3008580
1785365118217 2337836 4402816 3008580
1785365118256 2337836 4402816 3008580
1785365118295 2215084 4402816 3008580
1785365118333 2215084 4402816 3008580
1785365118369 2215084 4402816 3008580
1785365118407 2215084 4402816 3008580
1785365118444 2215084 4402816 3008580
1785365118479 2227244 4402816 3008580
1785365118519 2227244 4402816 3008580
1785365118555 2227244 4402816 3008580
1785365118592 2227244 4402816 3008580
1785365118629 2227244 4402816 3008580
1785365118666 2227244 4402816 3008580
1785365118703 2227244 4402816 3008580
1785365118739 2227248 4402816 3008580
1785365118775 2227252 4402816 3008580
1785365118813 2227252 4402816 3008580
1785365118850 2227252 4402816 3008580
1785365118888 2227252 4402816 3008580
1785365118926 2227252 4402816 3008580
1785365118962 2227252 4402816 3008580
1785365119001 2227256 4402816 3008580
1785365119038 2227256 4402816 3008580
1785365119076 2227256 4402816 3008580
1785365119114 2227256 4402816 3008580
1785365119151 2227260 4402816 3008580
1785365119189 2227260 4402816 3008580
1785365119226 2227264 4402816 3008580
1785365119266 2227264 4402816 3008580
1785365119304 2227264 4402816 3008580
1785365119341 2227264 4402816 3008580
1785365119380 2230336 4402816 3008580
1785365119419 2230336 4402816 3008580
1785365119456 2230336 4402816 3008580
1785365119493 2254912 4402816 3008580
1785365119532 2254912 4402816 3008580
1785365119569 2254912 4402816 3008580
1785365119607 2254912 4402816 3008580
1785365119647 2254916 4402816 3008580
1785365119684 2254916 4402816 3008580
1785365119722 2261060 4402816 3008580
1785365119761 2279496 4402816 3008580
1785365119800 2279496 4402816 3008580
1785365119837 2279496 4402816 3008580
1785365119875 2279496 4402816 3008580
1785365119914 2279496 4402816 3008580
1785365119952 2279496 4402816 3008580
1785365119990 2279496 4402816 3008580
1785365120029 2205892 4402816 3008580
1785365120067 2205892 4402816 3008580
1785365120105 2205892 4402816 3008580
1785365120143 2205892 4402816 3008580
1785365120181 2205892 4402816 3008580
1785365120219 2205892 4402816 3008580
1785365120258 2205892 4402816 3008580
1785365120296 2205892 4402816 3008580
1785365120333 2205892 4402816 3008580
1785365120371 2205892 4402816 3008580
1785365120409 2205892 4402816 3008580
1785365120447 2205892 4402816 3008580
1785365120485 2205892 4402816 3008580
1785365120523 2205892 4402816 3008580
1785365120561 2205892 4402816 3008580
1785365120599 2205892 4402816 3008580
1785365120637 2205892 4402816 3008580
1785365120675 2205892 4402816 3008580
1785365120713 2205892 4402816 3008580
1785365120751 2205892 4402816 3008580
1785365120789 2205892 4402816 3008580
1785365120827 2205892 4402816 3008580
1785365120865 2205892 4402816 3008580
1785365120903 2205892 4402816 3008580
1785365120941 2205892 4402816 3008580
1785365120979 2205892 4402816 3008580
1785365121017 2205892 4402816 3008580
1785365121055 2205892 4402816 3008580
1785365121093 2205892 4402816 3008580
1785365121131 2205892 4402816 3008580
1785365121170 2205892 4402816 3008580
1785365121208 2205892 4402816 3008580
1785365121246 2205892 4402816 3008580
1785365121284 2205900 4402816 3008580
1785365121322 2205900 4402816 3008580
1785365121359 2205900 4402816 3008580
1785365121397 2205900 4402816 3008580
1785365121433 2205900 4402816 3008580
1785365121470 2205900 4402816 3008580
1785365121507 2205900 4402816 3008580
1785365121544 2205900 4402816 3008580
1785365121584 2205900 4402816 3008580
1785365121620 2205900 4402816 3008580
1785365121655 2205900 4402816 3008580
1785365121692 2205900 4402816 3008580
1785365121729 2205900 4402816 3008580
1785365121765 2205900 4402816 3008580
1785365121802 2205900 4402816 3008580
1785365121840 2205900 4402816 3008580
1785365121878 2205900 4402816 3008580
1785365121915 2205904 4402816 3008580
1785365121952 2218252 4402816 3008580
1785365121990 2254932 4402816 3008580
1785365122028 2254932 4402816 3008580
1785365122065 2254932 4402816 3008580
1785365122103 2267224 4402816 3008580
1785365122143 2267224 4402816 3008580
1785365122180 2267224 4402816 3008580
1785365122217 2267224 4402816 3008580
1785365122258 2267224 4402816 3008580
1785365122296 2267224 4402816 3008580
1785365122333 2267224 4402816 3008580
1785365122373 2279512 4402816 3008580
1785365122411 2279512 4402816 3008580
1785365122449 2279512 4402816 3008580
1785365122486 2279512 4402816 3008580
1785365122524 2279512 4402816 3008580
1785365122562 2279512 4402816 3008580
1785365122600 2205908 4402816 3008580
1785365122639 2205908 4402816 3008580
1785365122678 2205908 4402816 3008580
1785365122715 2205908 4402816 3008580
1785365122754 2205908 4402816 3008580
1785365122791 2205908 4402816 3008580
1785365122831 2223664 4402816 3008580
1785365122867 2249440 4402816 3008580
1785365122904 2261076 4402816 3008580
1785365122942 2297944 4402816 3008580
1785365122981 2297944 4402816 3008580
1785365123018 2297944 4402816 3008580
1785365123055 2310232 4402816 3008580
1785365123094 2316376 4402816 3008580
1785365123132 2316376 4402816 3008580
1785365123170 2316376 4402816 3008580
1785365123209 2316376 4402816 3008580
1785365123247 2316376 4402816 3008580
1785365123285 2316376 4402816 3008580
1785365123324 2316376 4402816 3008580
1785365123362 2316376 4402816 3008580
1785365123399 2316376 4402816 3008580
1785365123437 2316376 4402816 3008580
1785365123476 2316376 4402816 3008580
1785365123513 2316376 4402816 3008580
1785365123551 2218196 4402816 3008580
1785365123589 2218196 4402816 3008580
1785365123629 2230356 4402816 3008580
1785365123665 2233904 4402816 3008580
1785365123702 2250288 4402816 3008580
1785365123739 2279508 4402816 3008580
1785365123777 2280952 4402816 3008580
1785365123813 2297392 4402816 3008580
1785365123850 2377276 4402816 3008580
1785365123892 2377812 4402816 3008580
1785365123931 2205908 4402816 3008580
1785365123970 2205908 4402816 3008580
1785365124007 2205908 4402816 3008580
1785365124044 2205908 4402816 3008580
1785365124080 2211376 4402816 3008580
1785365124116 2242644 4402816 3008580
1785365124155 2242644 4402816 3008580
1785365124192 2242644 4402816 3008580
1785365124230 2242644 4402816 3008580
1785365124266 2242644 4402816 3008580
1785365124303 2242644 4402816 3008580
1785365124339 2242644 4402816 3008580
1785365124375 2242644 4402816 3008580
1785365124412 2242644 4402816 3008580
1785365124450 2242644 4402816 3008580
1785365124488 2242644 4402816 3008580
1785365124526 2242644 4402816 3008580
1785365124563 2242644 4402816 3008580
1785365124601 2242644 4402816 3008580
1785365124640 2242648 4402816 3008580
1785365124677 2242652 4402816 3008580
1785365124715 2242652 4402816 3008580
1785365124752 2242656 4402816 3008580
1785365124789 2242664 4402816 3008580
1785365124827 2242664 4402816 3008580
1785365124865 2242664 4402816 3008580
1785365124904 2242664 4402816 3008580
1785365124942 2242664 4402816 3008580
1785365124979 2248812 4402816 3008580
1785365125016 2279532 4402816 3008580
1785365125055 2279532 4402816 3008580
1785365125093 2279532 4402816 3008580
1785365125131 2285676 4402816 3008580
1785365125170 2310252 4402816 3008580
1785365125211 2310252 4402816 3008580
1785365125249 2310252 4402816 3008580
1785365125286 2310252 4402816 3008580
1785365125326 2310252 4402816 3008580
1785365125363 2310252 4402816 3008580
1785365125401 2310252 4402816 3008580
1785365125441 2310252 4402816 3008580
1785365125479 2310252 4402816 3008580
1785365125517 2310252 4402816 3008580
1785365125558 2310252 4402816 3008580
1785365125597 2310252 4402816 3008580
1785365125634 2310252 4402816 3008580
1785365125673 2328688 4402816 3008580
1785365125712 2267376 4402816 3008580
1785365125751 2267376 4402816 3008580
1785365125789 2267376 4402816 3008580
1785365125828 2267376 4402816 3008580
1785365125866 2267376 4402816 3008580
1785365125905 2267376 4402816 3008580
1785365125943 2267376 4402816 3008580
1785365125979 2267376 4402816 3008580
1785365126015 2267376 4402816 3008580
1785365126051 2267376 4402816 3008580
1785365126087 2267376 4402816 3008580
1785365126124 2267376 4402816 3008580
1785365126160 2267376 4402816 3008580
1785365126196 2267376 4402816 3008580
1785365126233 2267376 4402816 3008580
1785365126270 2267376 4402816 3008580
1785365126307 2267376 4402816 3008580
1785365126344 2267376 4402816 3008580
1785365126381 2267376 4402816 3008580
1785365126417 2267376 4402816 3008580
1785365126456 2267376 4402816 3008580
1785365126493 2267376 4402816 3008580
1785365126533 2267376 4402816 3008580
1785365126572 2267376 4402816 3008580
1785365126611 2267376 4402816 3008580
1785365126648 2267376 4402816 3008580
1785365126684 2267376 4402816 3008580
1785365126720 2267376 4402816 3008580
1785365126757 2267376 4402816 3008580
1785365126793 2267376 4402816 3008580
1785365126832 2267376 4402816 3008580
1785365126869 2267376 4402816 3008580
1785365126909 2267376 4402816 3008580
1785365126946 2267380 4402816 3008580
1785365126983 2267380 4402816 3008580
1785365127023 2267388 4402816 3008580
1785365127062 2205944 4402816 3008580
1785365127099 2205944 4402816 3008580
1785365127136 2205944 4402816 3008580
1785365127174 2205944 4402816 3008580
1785365127211 2233940 4402816 3008580
1785365127249 2250324 4402816 3008580
1785365127286 2279544 4402816 3008580
1785365127324 2334840 4402816 3008580
1785365127361 2334840 4402816 3008580
1785365127400 2334840 4402816 3008580
1785365127438 2334840 4402816 3008580
1785365127477 2334840 4402816 3008580
1785365127514 2334840 4402816 3008580
1785365127553 2334840 4402816 3008580
1785365127590 2334840 4402816 3008580
1785365127627 2334840 4402816 3008580
1785365127663 2334840 4402816 3008580
1785365127699 2334840 4402816 3008580
1785365127739 2334840 4402816 3008580
1785365127776 2334840 4402816 3008580
1785365127815 2334840 4402816 3008580
1785365127852 2334840 4402816 3008580
1785365127893 2334840 4402816 3008580
1785365127929 2334840 4402816 3008580
1785365127967 2334840 4402816 3008580
1785365128006 2334844 4402816 3008580
1785365128042 2334844 4402816 3008580
1785365128080 2334844 4402816 3008580
1785365128118 2334844 4402816 3008580
1785365128154 2334844 4402816 3008580
1785365128192 2334844 4402816 3008580
1785365128231 2334844 4402816 3008580
1785365128268 2334844 4402816 3008580
1785365128306 2334844 4402816 3008580
1785365128345 2347136 4402816 3008580
1785365128383 2347136 4402816 3008580
1785365128420 2347136 4402816 3008580
1785365128457 2347136 4402816 3008580
1785365128497 2347136 4402816 3008580
1785365128535 2347136 4402816 3008580
1785365128572 2347136 4402816 3008580
1785365128608 2347136 4402816 3008580
1785365128646 2347136 4402816 3008580
1785365128685 2347136 4402816 3008580
1785365128724 2347136 4402816 3008580
1785365128761 2347136 4402816 3008580
1785365128800 2347136 4402816 3008580
1785365128837 2347136 4402816 3008580
1785365128875 2347136 4402816 3008580
1785365128912 2347136 4402816 3008580
1785365128951 2347136 4402816 3008580
1785365128988 2347136 4402816 3008580
1785365129024 2347136 4402816 3008580
1785365129063 2347136 4402816 3008580
1785365129099 2347136 4402816 3008580
1785365129135 2347136 4402816 3008580
1785365129175 2347136 4402816 3008580
1785365129212 2347136 4402816 3008580
1785365129251 2347136 4402816 3008580
1785365129287 2347136 4402816 3008580
1785365129328 2347136 4402816 3008580
1785365129368 2347136 4402816 3008580
1785365129404 2347136 4402816 3008580
1785365129438 2347136 4402816 3008580
1785365129474 2371708 4402816 3008580
1785365129508 2371708 4402816 3008580
1785365129542 2371708 4402816 3008580
1785365129579 2444596 4402816 3008580
1785365129621 2445440 4402816 3008580
1785365129657 2445440 4402816 3008580
1785365129696 2304252 4402816 3008580
1785365129733 2304252 4402816 3008580
1785365129769 2304252 4402816 3008580
1785365129806 2304252 4402816 3008580
1785365129840 2304252 4402816 3008580
1785365129877 2316412 4402816 3008580
1785365129915 2316412 4402816 3008580
1785365129955 2316412 4402816 3008580
1785365129992 2316412 4402816 3008580
1785365130031 2316412 4402816 3008580
1785365130068 2316412 4402816 3008580
1785365130107 2316412 4402816 3008580
1785365130145 2316412 4402816 3008580
1785365130181 2316412 4402816 3008580
1785365130220 2316412 4402816 3008580
1785365130257 2316412 4402816 3008580
1785365130293 2316412 4402816 3008580
1785365130330 2316412 4402816 3008580
1785365130369 2316416 4402816 3008580
1785365130408 2316420 4402816 3008580
1785365130447 2316420 4402816 3008580
1785365130485 2316424 4402816 3008580
1785365130524 2316428 4402816 3008580
1785365130562 2316432 4402816 3008580
1785365130601 2316432 4402816 3008580
1785365130641 2316436 4402816 3008580
1785365130678 2316436 4402816 3008580
1785365130716 2316436 4402816 3008580
1785365130755 2334872 4402816 3008580
1785365130791 2334872 4402816 3008580
1785365130829 2334872 4402816 3008580
1785365130867 2347160 4402816 3008580
1785365130905 2347160 4402816 3008580
1785365130941 2347160 4402816 3008580
1785365130979 2347160 4402816 3008580
1785365131018 2365592 4402816 3008580
1785365131054 2365592 4402816 3008580
1785365131092 2365592 4402816 3008580
1785365131132 2390168 4402816 3008580
1785365131171 2390168 4402816 3008580
1785365131209 2390168 4402816 3008580
1785365131249 2390168 4402816 3008580
1785365131289 2390168 4402816 3008580
1785365131326 2390168 4402816 3008580
1785365131365 2328856 4402816 3008580
1785365131406 2328856 4402816 3008580
1785365131444 2328856 4402816 3008580
1785365131480 2328856 4402816 3008580
1785365131516 2328856 4402816 3008580
1785365131552 2328856 4402816 3008580
1785365131587 2328856 4402816 3008580
1785365131623 2328856 4402816 3008580
1785365131659 2328856 4402816 3008580
1785365131696 2328856 4402816 3008580
1785365131731 2328856 4402816 3008580
1785365131768 2328856 4402816 3008580
1785365131804 2328856 4402816 3008580
1785365131843 2328856 4402816 3008580
1785365131879 2328856 4402816 3008580
1785365131914 2328856 4402816 3008580
1785365131950 2328856 4402816 3008580
1785365131987 2328856 4402816 3008580
1785365132023 2328856 4402816 3008580
1785365132058 2328856 4402816 3008580
1785365132095 2328856 4402816 3008580
1785365132130 2328856 4402816 3008580
1785365132167 2328856 4402816 3008580
1785365132203 2328856 4402816 3008580
1785365132239 2328856 4402816 3008580
1785365132275 2328856 4402816 3008580
1785365132310 2328856 4402816 3008580
1785365132347 2328856 4402816 3008580
1785365132383 2328856 4402816 3008580
1785365132418 2328856 4402816 3008580
1785365132455 2328856 4402816 3008580
1785365132491 2328856 4402816 3008580
1785365132527 2328856 4402816 3008580
1785365132563 2328856 4402816 3008580
1785365132598 2328856 4402816 3008580
1785365132633 2328856 4402816 3008580
1785365132672 2328856 4402816 3008580
1785365132709 2328864 4402816 3008580
1785365132744 2328864 4402816 3008580
1785365132779 2328864 4402816 3008580
1785365132813 2328864 4402816 3008580
1785365132847 2328864 4402816 3008580
1785365132882 2328864 4402816 3008580
1785365132915 2328864 4402816 3008580
1785365132949 2340256 4402816 3008580
1785365132989 2340256 4402816 3008580
1785365133026 2340256 4402816 3008580
1785365133061 2340256 4402816 3008580
1785365133095 2340256 4402816 3008580
1785365133133 2340256 4402816 3008580
1785365133168 2340256 4402816 3008580
1785365133204 2340256 4402816 3008580
1785365133240 2340260 4402816 3008580
1785365133280 2340260 4402816 3008580
1785365133316 2340260 4402816 3008580
1785365133351 2340260 4402816 3008580
1785365133386 2340260 4402816 3008580
1785365133423 2340260 4402816 3008580
1785365133459 2340260 4402816 3008580
1785365133494 2340260 4402816 3008580
1785365133532 2340260 4402816 3008580
1785365133567 2340260 4402816 3008580
1785365133602 2340260 4402816 3008580
1785365133642 2364840 4402816 3008580
1785365133678 2364840 4402816 3008580
1785365133713 2364840 4402816 3008580
1785365133749 2364840 4402816 3008580
1785365133787 2364840 4402816 3008580
1785365133823 2364840 4402816 3008580
1785365133859 2364840 4402816 3008580
1785365133896 2383272 4402816 3008580
1785365133935 2383272 4402816 3008580
1785365133971 2383272 4402816 3008580
1785365134007 2383272 4402816 3008580
1785365134044 2383272 4402816 3008580
1785365134084 2383272 4402816 3008580
1785365134121 2383272 4402816 3008580
1785365134157 2383272 4402816 3008580
1785365134192 2383272 4402816 3008580
1785365134230 2383272 4402816 3008580
1785365134266 2383272 4402816 3008580
1785365134301 2383272 4402816 3008580
1785365134338 2383276 4402816 3008580
1785365134375 2383276 4402816 3008580
1785365134411 2383276 4402816 3008580
1785365134447 2401708 4402816 3008580
1785365134484 2401708 4402816 3008580
1785365134522 2401708 4402816 3008580
1785365134558 2401708 4402816 3008580
1785365134599 2420140 4402816 3008580
1785365134636 2420140 4402816 3008580
1785365134674 2420140 4402816 3008580
1785365134711 2420140 4402816 3008580
1785365134748 2420140 4402816 3008580
1785365134783 2420140 4402816 3008580
1785365134819 2420140 4402816 3008580
1785365134858 2420140 4402816 3008580
1785365134895 2420140 4402816 3008580
1785365134933 2420140 4402816 3008580
1785365134972 2426284 4402816 3008580
1785365135009 2426284 4402816 3008580
1785365135045 2426284 4402816 3008580
1785365135080 2426284 4402816 3008580
1785365135114 2426284 4402816 3008580
1785365135151 2426284 4402816 3008580
1785365135185 2426284 4402816 3008580
1785365135219 2426284 4402816 3008580
1785365135259 2490796 4402816 3008580
1785365135296 2392620 4402816 3008580
1785365135332 2321964 4402816 3008580
1785365135367 2321964 4402816 3008580
1785365135401 2321964 4402816 3008580
1785365135435 2321964 4402816 3008580
1785365135471 2321964 4402816 3008580
1785365135504 2336388 4402816 3008580
1785365135539 2377132 4402816 3008580
1785365135577 2377132 4402816 3008580
1785365135613 2377132 4402816 3008580
1785365135647 2377132 4402816 3008580
1785365135683 2377132 4402816 3008580
1785365135719 2377132 4402816 3008580
1785365135754 2377132 4402816 3008580
1785365135790 2377132 4402816 3008580
1785365135826 2377132 4402816 3008580
1785365135861 2377132 4402816 3008580
1785365135900 2377132 4402816 3008580
1785365135937 2377132 4402816 3008580
1785365135972 2377132 4402816 3008580
1785365136008 2377132 4402816 3008580
1785365136047 2377132 4402816 3008580
1785365136083 2377132 4402816 3008580
1785365136119 2377132 4402816 3008580
1785365136154 2377136 4402816 3008580
1785365136188 2377144 4402816 3008580
1785365136224 2377144 4402816 3008580
1785365136261 2377148 4402816 3008580
1785365136297 2377148 4402816 3008580
1785365136333 2377148 4402816 3008580
1785365136368 2377148 4402816 3008580
1785365136404 2377148 4402816 3008580
1785365136446 2377148 4402816 3008580
1785365136483 2377148 4402816 3008580
1785365136518 2377148 4402816 3008580
1785365136554 2377152 4402816 3008580
1785365136591 2377152 4402816 3008580
1785365136627 2377152 4402816 3008580
1785365136663 2383240 4402816 3008580
1785365136700 2394820 4402816 3008580
1785365136736 2394820 4402816 3008580
1785365136772 2394820 4402816 3008580
1785365136808 2394820 4402816 3008580
1785365136844 2394820 4402816 3008580
1785365136879 2394820 4402816 3008580
1785365136915 2394820 4402816 3008580
1785365136952 2394820 4402816 3008580
1785365136991 2394820 4402816 3008580
1785365137029 2394820 4402816 3008580
1785365137068 2394820 4402816 3008580
1785365137105 2394820 4402816 3008580
1785365137145 2394820 4402816 3008580
1785365137185 2394820 4402816 3008580
1785365137225 2394820 4402816 3008580
1785365137264 2394820 4402816 3008580
1785365137303 2394820 4402816 3008580
1785365137341 2394820 4402816 3008580
1785365137379 2394820 4402816 3008580
1785365137416 2394820 4402816 3008580
1785365137455 2394820 4402816 3008580
1785365137492 2394820 4402816 3008580
1785365137529 2394820 4402816 3008580
1785365137565 2394820 4402816 3008580
1785365137605 2394820 4402816 3008580
1785365137643 2394820 4402816 3008580
1785365137680 2394820 4402816 3008580
1785365137720 2394820 4402816 3008580
1785365137758 2394820 4402816 3008580
1785365137798 2394820 4402816 3008580
1785365137836 2394820 4402816 3008580
1785365137875 2394820 4402816 3008580
1785365137913 2394820 4402816 3008580
1785365137950 2394820 4402816 3008580
1785365137986 2394820 4402816 3008580
1785365138023 2394820 4402816 3008580
1785365138062 2394820 4402816 3008580
1785365138100 2394820 4402816 3008580
1785365138136 2394820 4402816 3008580
1785365138175 2394820 4402816 3008580
1785365138215 2394820 4402816 3008580
1785365138252 2394820 4402816 3008580
1785365138292 2394820 4402816 3008580
1785365138329 2394820 4402816 3008580
1785365138366 2394820 4402816 3008580
1785365138403 2394820 4402816 3008580
1785365138442 2394828 4402816 3008580
1785365138480 2394828 4402816 3008580
1785365138518 2394828 4402816 3008580
1785365138556 2394828 4402816 3008580
1785365138593 2394828 4402816 3008580
1785365138630 2394828 4402816 3008580
1785365138668 2394828 4402816 3008580
1785365138707 2394828 4402816 3008580
1785365138746 2394828 4402816 3008580
1785365138783 2394828 4402816 3008580
1785365138822 2394828 4402816 3008580
1785365138859 2394828 4402816 3008580
1785365138896 2394828 4402816 3008580
1785365138933 2394828 4402816 3008580
1785365138973 2394828 4402816 3008580
1785365139012 2394828 4402816 3008580
1785365139050 2394828 4402816 3008580
1785365139089 2397132 4402816 3008580
1785365139125 2397132 4402816 3008580
1785365139163 2397132 4402816 3008580
1785365139201 2397132 4402816 3008580
1785365139239 2415564 4402816 3008580
1785365139278 2415564 4402816 3008580
1785365139315 2415564 4402816 3008580
1785365139351 2415564 4402816 3008580
1785365139389 2415564 4402816 3008580
1785365139427 2415564 4402816 3008580
1785365139463 2415564 4402816 3008580
1785365139502 2427852 4402816 3008580
1785365139539 2427852 4402816 3008580
1785365139578 2427852 4402816 3008580
1785365139615 2427852 4402816 3008580
1785365139652 2427852 4402816 3008580
1785365139691 2427852 4402816 3008580
1785365139729 2427852 4402816 3008580
1785365139769 2360396 4402816 3008580
1785365139808 2360396 4402816 3008580
1785365139847 2360396 4402816 3008580
1785365139886 2360396 4402816 3008580
1785365139926 2360396 4402816 3008580
1785365139963 2360396 4402816 3008580
1785365140002 2360396 4402816 3008580
1785365140040 2366412 4402816 3008580
1785365140080 2403276 4402816 3008580
1785365140116 2403276 4402816 3008580
1785365140152 2403276 4402816 3008580
1785365140190 2427852 4402816 3008580
1785365140229 2427852 4402816 3008580
1785365140265 2427852 4402816 3008580
1785365140304 2427852 4402816 3008580
1785365140343 2427852 4402816 3008580
1785365140380 2427852 4402816 3008580
1785365140419 2427852 4402816 3008580
1785365140457 2427856 4402816 3008580
1785365140497 2427856 4402816 3008580
1785365140535 2427856 4402816 3008580
1785365140575 2446288 4402816 3008580
1785365140615 2446288 4402816 3008580
1785365140652 2446288 4402816 3008580
1785365140691 2446288 4402816 3008580
1785365140731 2378832 4402816 3008580
1785365140770 2378832 4402816 3008580
1785365140807 2381480 4402816 3008580
1785365140843 2397864 4402816 3008580
1785365140879 2427856 4402816 3008580
1785365140917 2430632 4402816 3008580
1785365140955 2447016 4402816 3008580
1785365140993 2501584 4402816 3008580
1785365141036 2378832 4402816 3008580
1785365141076 2378832 4402816 3008580
1785365141115 2378832 4402816 3008580
1785365141153 2378832 4402816 3008580
1785365141190 2378832 4402816 3008580
1785365141230 2378832 4402816 3008580
1785365141267 2378832 4402816 3008580
1785365141303 2397136 4402816 3008580
1785365141341 2397136 4402816 3008580
1785365141380 2397136 4402816 3008580
1785365141416 2397136 4402816 3008580
1785365141456 2397136 4402816 3008580
1785365141492 2397136 4402816 3008580
1785365141529 2397140 4402816 3008580
1785365141565 2397140 4402816 3008580
1785365141601 2397140 4402816 3008580
1785365141641 2397140 4402816 3008580
1785365141678 2397140 4402816 3008580
1785365141717 2397140 4402816 3008580
1785365141756 2397140 4402816 3008580
1785365141796 2397144 4402816 3008580
1785365141833 2397144 4402816 3008580
1785365141873 2397144 4402816 3008580
1785365141912 2397148 4402816 3008580
1785365141951 2397156 4402816 3008580
1785365141990 2397156 4402816 3008580
1785365142029 2397156 4402816 3008580
1785365142070 2397160 4402816 3008580
1785365142108 2397160 4402816 3008580
1785365142146 2400232 4402816 3008580
1785365142187 2418664 4402816 3008580
1785365142224 2418664 4402816 3008580
1785365142260 2418664 4402816 3008580
1785365142299 2430952 4402816 3008580
1785365142337 2430952 4402816 3008580
1785365142373 2434752 4402816 3008580
1785365142408 2443240 4402816 3008580
1785365142445 2467816 4402816 3008580
1785365142485 2467816 4402816 3008580
1785365142523 2467816 4402816 3008580
1785365142563 2467816 4402816 3008580
1785365142601 2467816 4402816 3008580
1785365142639 2467816 4402816 3008580
1785365142676 2467820 4402816 3008580
1785365142715 2467820 4402816 3008580
1785365142753 2467820 4402816 3008580
1785365142790 2467820 4402816 3008580
1785365142828 2467820 4402816 3008580
1785365142865 2467820 4402816 3008580
1785365142903 2467820 4402816 3008580
1785365142943 2467820 4402816 3008580
1785365142982 2467820 4402816 3008580
1785365143018 2467820 4402816 3008580
1785365143055 2467820 4402816 3008580
1785365143094 2467820 4402816 3008580
1785365143132 2467820 4402816 3008580
1785365143172 2467820 4402816 3008580
1785365143210 2467820 4402816 3008580
1785365143250 2467820 4402816 3008580
1785365143287 2467820 4402816 3008580
1785365143327 2467820 4402816 3008580
1785365143365 2467820 4402816 3008580
1785365143404 2467820 4402816 3008580
1785365143443 2467820 4402816 3008580
1785365143480 2467820 4402816 3008580
1785365143520 2467820 4402816 3008580
1785365143561 2467820 4402816 3008580
1785365143599 2467820 4402816 3008580
1785365143639 2467820 4402816 3008580
1785365143677 2467820 4402816 3008580
1785365143717 2467820 4402816 3008580
1785365143755 2467820 4402816 3008580
1785365143795 2467820 4402816 3008580
1785365143833 2467820 4402816 3008580
1785365143870 2467820 4402816 3008580
1785365143910 2467820 4402816 3008580
1785365143947 2467820 4402816 3008580
1785365143987 2467820 4402816 3008580
1785365144024 2467820 4402816 3008580
1785365144064 2467820 4402816 3008580
1785365144101 2467820 4402816 3008580
1785365144138 2467820 4402816 3008580
1785365144178 2467820 4402816 3008580
1785365144216 2467824 4402816 3008580
1785365144252 2467824 4402816 3008580
1785365144291 2467824 4402816 3008580
1785365144328 2467824 4402816 3008580
1785365144367 2467824 4402816 3008580
1785365144404 2467824 4402816 3008580
1785365144442 2467824 4402816 3008580
1785365144480 2467824 4402816 3008580
1785365144519 2467824 4402816 3008580
1785365144556 2467824 4402816 3008580
1785365144595 2467824 4402816 3008580
1785365144633 2467824 4402816 3008580
1785365144670 2397296 4402816 3008580
1785365144707 2397296 4402816 3008580
1785365144746 2397296 4402816 3008580
1785365144784 2397296 4402816 3008580
1785365144822 2397300 4402816 3008580
1785365144860 2434040 4402816 3008580
1785365144901 2434040 4402816 3008580
1785365144938 2434040 4402816 3008580
1785365144975 2434040 4402816 3008580
1785365145013 2446328 4402816 3008580
1785365145049 2446328 4402816 3008580
1785365145088 2446328 4402816 3008580
1785365145127 2464760 4402816 3008580
1785365145167 2464760 4402816 3008580
1785365145204 2464760 4402816 3008580
1785365145244 2464760 4402816 3008580
1785365145285 2464760 4402816 3008580
1785365145322 2464760 4402816 3008580
1785365145361 2464760 4402816 3008580
1785365145400 2464760 4402816 3008580
1785365145439 2464760 4402816 3008580
1785365145476 2464760 4402816 3008580
1785365145518 2464760 4402816 3008580
1785365145557 2378872 4402816 3008580
1785365145596 2378872 4402816 3008580
1785365145636 2378872 4402816 3008580
1785365145674 2378872 4402816 3008580
1785365145711 2378872 4402816 3008580
1785365145751 2393808 4402816 3008580
1785365145787 2412240 4402816 3008580
1785365145823 2421752 4402816 3008580
1785365145859 2446328 4402816 3008580
1785365145896 2446328 4402816 3008580
1785365145935 2446328 4402816 3008580
1785365145972 2452472 4402816 3008580
1785365146011 2470904 4402816 3008580
1785365146048 2470904 4402816 3008580
1785365146085 2470904 4402816 3008580
1785365146123 2483192 4402816 3008580
1785365146163 2483192 4402816 3008580
1785365146202 2483192 4402816 3008580
1785365146241 2488944 4402816 3008580
1785365146281 2489336 4402816 3008580
1785365146320 2489336 4402816 3008580
1785365146357 2489336 4402816 3008580
1785365146399 2501624 4402816 3008580
1785365146436 2501624 4402816 3008580
1785365146475 2501624 4402816 3008580
1785365146514 2501624 4402816 3008580
1785365146553 2378872 4402816 3008580
1785365146591 2412240 4402816 3008580
1785365146628 2427892 4402816 3008580
1785365146664 2445008 4402816 3008580
1785365146702 2483920 4402816 3008580
1785365146738 2500304 4402816 3008580
1785365146776 2512592 4402816 3008580
1785365146815 2550776 4402816 3008580
1785365146859 2575480 4402816 3008580
1785365146897 2575480 4402816 3008580
1785365146934 2575480 4402816 3008580
1785365146973 2575480 4402816 3008580
1785365147010 2575480 4402816 3008580
1785365147049 2575480 4402816 3008580
1785365147087 2575480 4402816 3008580
1785365147124 2575480 4402816 3008580
1785365147164 2575480 4402816 3008580
1785365147201 2575480 4402816 3008580
1785365147240 2575480 4402816 3008580
1785365147278 2575480 4402816 3008580
1785365147316 2575480 4402816 3008580
1785365147354 2575484 4402816 3008580
1785365147391 2575484 4402816 3008580
1785365147429 2575484 4402816 3008580
1785365147467 2575508 4402816 3008580
1785365147504 2372248 4402816 3008580
1785365147541 2177780 4402816 3008580
1785365147579 2177824 4402816 3008580
1785365147617 2177828 4402816 3008580
1785365147655 2177828 4402816 3008580
1785365147692 2177828 4402816 3008580
1785365147730 2177828 4402816 3008580
1785365147767 2177832 4402816 3008580
1785365147805 2177832 4402816 3008580
1785365147842 2177832 4402816 3008580
1785365147880 2176188 4402816 3008580
1785365147917 2176296 4402816 3008580
1785365147954 2176596 4402816 3008580
1785365147990 0 0 0
1785365148013 0 0 0
1785365148036 0 0 0
# peak_kb=2837348
# hwm_kb=3008580
# frozen_ms=3931
# polled_vs_hwm_pct=56promille
