# timestamp_ms Rss_kB Anonymous_kB Filemapped_kB Shmem_kB
1785446274447 252876 157924 94952 0
1785446274526 243976 156860 87116 0
1785446274591 255888 159592 96296 0
1785446274653 256916 160620 96296 0
1785446274713 256968 160672 96296 0
1785446274740 257548 161252 96296 0
1785446274801 257752 161456 96296 0
1785446274865 257764 161468 96296 0
1785446274928 257800 161504 96296 0
1785446274989 257880 161584 96296 0
1785446275051 248976 156880 92096 0
1785446275124 261776 163124 98652 0
1785446275185 262200 163548 98652 0
1785446275246 262200 163548 98652 0
1785446275273 262204 163552 98652 0
1785446275335 262268 163616 98652 0
1785446275397 262368 163716 98652 0
1785446275463 262476 163824 98652 0
1785446275524 263876 165224 98652 0
1785446275596 265768 166408 99360 0
1785446275661 265804 166444 99360 0
1785446275724 265808 166448 99360 0
1785446275785 266608 167248 99360 0
1785446275846 258976 167472 91504 0
1785446275907 268632 169272 99360 0
1785446275971 268632 169272 99360 0
1785446276000 268800 169440 99360 0
1785446276065 268840 169480 99360 0
1785446276128 260040 169760 90280 0
1785446276156 281140 179580 101560 0
1785446276237 281352 179792 101560 0
1785446276299 281440 179880 101560 0
1785446276359 281440 179880 101560 0
1785446276386 281592 180032 101560 0
1785446276448 281848 180288 101560 0
1785446276510 282448 180888 101560 0
1785446276574 284172 181336 102836 0
1785446276635 287796 183420 104376 0
1785446276709 288272 183468 104804 0
1785446276770 288336 183468 104868 0
1785446276831 288640 183472 105168 0
1785446276897 289936 183488 106448 0
1785446276962 290996 183500 107496 0
1785446277023 291204 183532 107672 0
1785446277084 291628 183540 108088 0
1785446277147 292560 183568 108992 0
1785446277210 299508 189196 110312 0
1785446277286 354084 223296 130788 0
1785446277379 443040 268352 174688 0
1785446277475 483320 279808 203512 0
1785446277567 522220 299388 222832 0
1785446277661 544128 308772 235356 0
1785446277752 575496 327196 248300 0
1785446277850 596868 336396 260472 0
1785446277945 617552 345684 271868 0
1785446278038 636868 355808 281060 0
1785446278136 654016 364028 289988 0
1785446278234 684668 382148 302520 0
1785446278332 699200 387188 312012 0
1785446278411 708944 391660 317284 0
1785446278509 734944 407824 327120 0
1785446278613 745528 410152 335376 0
1785446278717 763768 419292 344476 0
1785446278822 790636 436916 353720 0
1785446278930 826316 455428 370888 0
1785446279043 869148 472256 396892 0
1785446279153 900592 492304 408288 0
1785446279270 918804 497588 421216 0
1785446279376 940236 511084 429152 0
1785446279458 955080 518440 436640 0
1785446279572 981376 529236 452140 0
1785446279686 1001896 539040 462856 0
1785446279805 1027180 552852 474328 0
1785446279922 1068292 575180 493112 0
1785446280043 1079968 578360 501608 0
1785446280131 1086784 582904 503880 0
1785446280248 1111820 594324 517496 0
1785446280369 1133072 605736 527336 0
1785446280464 825704 728424 97280 0
1785446280497 911032 813788 97244 0
1785446280530 1016684 919748 96936 0
1785446280564 1108260 1001860 106400 0
1785446280599 1105308 1001656 103652 0
1785446280633 1106044 1007572 98472 0
1785446280667 1137112 1029520 107592 0
1785446280766 1141260 1030728 110532 0
1785446280839 1141668 1030784 110884 0
1785446280917 1143680 1032552 111128 0
1785446280993 1148636 1036616 112020 0
1785446281068 1176636 1060444 116192 0
1785446281141 1177020 1060828 116192 0
1785446281229 1177496 1069220 108276 0
1785446281308 1195496 1079268 116228 0
1785446281383 1195496 1079268 116228 0
1785446281417 1195880 1079652 116228 0
1785446281491 1198904 1090564 108340 0
1785446281590 1208368 1100088 108280 0
1785446281667 1220840 1104612 116228 0
1785446281740 1214464 1106344 108120 0
1785446281816 1222552 1118220 104332 0
1785446281914 1241824 1125772 116052 0
1785446281986 1243116 1126888 116228 0
1785446282060 1239740 1132504 107236 0
1785446282138 1264624 1148396 116228 0
1785446282235 1265240 1149016 116224 0
1785446282312 398384 283548 114836 0
1785446282384 1275148 1158000 117148 0
1785446282464 1274996 1157852 117144 0
1785446282544 1189080 1071008 118072 0
1785446282579 1189120 1071012 118108 0
1785446282613 1190032 1071024 119008 0
1785446282650 1190868 1071028 119840 0
1785446282685 1190888 1071048 119840 0
1785446282718 1190896 1071056 119840 0
1785446282751 1190900 1071060 119840 0
1785446282783 1190904 1071064 119840 0
1785446282818 1190912 1071072 119840 0
1785446282850 1190920 1071080 119840 0
1785446282883 1190924 1071084 119840 0
1785446282916 1190932 1071092 119840 0
1785446282949 1190936 1071096 119840 0
1785446282982 1190948 1071108 119840 0
1785446283016 1190956 1071116 119840 0
1785446283049 1190960 1071120 119840 0
1785446283082 1190968 1071128 119840 0
1785446283115 1190972 1071132 119840 0
1785446283149 1190980 1071140 119840 0
1785446283182 1190984 1071144 119840 0
1785446283216 1190984 1071144 119840 0
1785446283250 1190984 1071144 119840 0
1785446283284 1190984 1071144 119840 0
1785446283318 1190984 1071144 119840 0
1785446283352 1190984 1071144 119840 0
1785446283385 1190984 1071144 119840 0
1785446283419 1190984 1071144 119840 0
1785446283453 1190984 1071144 119840 0
1785446283487 1190984 1071144 119840 0
1785446283521 1190984 1071144 119840 0
1785446283556 1190984 1071144 119840 0
1785446283591 1190984 1071144 119840 0
1785446283625 1190984 1071144 119840 0
1785446283660 1190984 1071144 119840 0
1785446283694 1190984 1071144 119840 0
1785446283728 1190984 1071144 119840 0
1785446283762 1190984 1071144 119840 0
1785446283796 1190984 1071144 119840 0
1785446283830 1190984 1071144 119840 0
1785446283865 1190984 1071144 119840 0
1785446283899 1190984 1071144 119840 0
1785446283934 1190984 1071144 119840 0
1785446283968 1190832 1070996 119836 0
1785446284003 1193296 1073456 119840 0
1785446284037 1193296 1073456 119840 0
1785446284071 1193296 1073456 119840 0
1785446284106 1193296 1073456 119840 0
1785446284140 1193296 1073456 119840 0
1785446284175 1193296 1073456 119840 0
1785446284209 1193296 1073456 119840 0
1785446284243 1193296 1073456 119840 0
1785446284277 1193296 1073456 119840 0
1785446284312 1193296 1073456 119840 0
1785446284346 1193296 1073456 119840 0
1785446284380 1193296 1073456 119840 0
1785446284415 1193296 1073456 119840 0
1785446284449 1193296 1073456 119840 0
1785446284483 1193296 1073456 119840 0
1785446284518 1193296 1073456 119840 0
1785446284552 1193296 1073456 119840 0
1785446284586 1200208 1080368 119840 0
1785446284621 1191116 1071276 119840 0
1785446284655 1191116 1071276 119840 0
1785446284689 1191116 1071276 119840 0
1785446284724 1191116 1071276 119840 0
1785446284758 1191116 1071276 119840 0
1785446284793 1191116 1071276 119840 0
1785446284828 1190964 1071128 119836 0
1785446284862 1244608 1126284 118324 0
1785446284896 1276392 1164488 111904 0
1785446284975 1454928 1335088 119840 0
1785446285073 1708880 1589040 119840 0
1785446285172 1708880 1589040 119840 0
1785446285207 1753348 1633508 119840 0
1785446285305 1925380 1805540 119840 0
1785446285403 2095364 1975524 119840 0
1785446285499 1614552 1494712 119840 0
1785446285532 1628300 1516316 111984 0
1785446285567 1691620 1572760 118860 0
1785446285601 1664652 1544812 119840 0
1785446285636 1765004 1645164 119840 0
1785446285670 1865356 1745516 119840 0
1785446285705 1967756 1847916 119840 0
1785446285740 2062836 1942996 119840 0
1785446285775 2165236 2045396 119840 0
1785446285873 2331124 2211284 119840 0
1785446285973 2475072 2355232 119840 0
1785446286070 2474920 2355084 119836 0
1785446286107 2526528 2408784 117744 0
1785446286186 2037900 1918060 119840 0
1785446286221 2037900 1918060 119840 0
1785446286255 1191796 1071372 120424 0
1785446286289 1191796 1071372 120424 0
1785446286322 1191796 1071372 120424 0
1785446286355 1191796 1071372 120424 0
1785446286395 1193976 1081444 112532 0
1785446286430 1270772 1158240 112532 0
1785446286465 1279076 1167200 111876 0
1785446286500 1295404 1182836 112568 0
1785446286536 1310288 1197780 112508 0
1785446286572 1323932 1213756 110176 0
1785446286609 1340928 1229964 110964 0
1785446286647 1179144 1145656 33488 0
1785446286682 1379464 1259040 120424 0
1785446286720 1379464 1259040 120424 0
1785446286758 1379464 1259040 120424 0
1785446286796 1379464 1259040 120424 0
1785446286832 1379476 1259052 120424 0
1785446286868 1379540 1259116 120424 0
1785446286905 1379608 1259184 120424 0
1785446286941 1380012 1259464 120548 0
1785446286980 1380036 1259488 120548 0
1785446287017 1380040 1259492 120548 0
1785446287053 1380048 1259500 120548 0
1785446287089 1380052 1259504 120548 0
1785446287125 1380064 1259516 120548 0
1785446287161 1380076 1259528 120548 0
1785446287197 1380092 1259544 120548 0
1785446287234 1380108 1259560 120548 0
1785446287271 1380112 1259564 120548 0
1785446287308 1380124 1259576 120548 0
1785446287344 1380132 1259584 120548 0
1785446287381 1380140 1259592 120548 0
1785446287417 1380148 1259600 120548 0
1785446287453 1380152 1259604 120548 0
1785446287490 1380160 1259612 120548 0
1785446287526 1380164 1259616 120548 0
1785446287563 1380164 1259616 120548 0
1785446287600 1380164 1259616 120548 0
1785446287637 1380164 1259616 120548 0
1785446287674 1380164 1259616 120548 0
1785446287711 1380164 1259616 120548 0
1785446287748 1380164 1259616 120548 0
1785446287785 1380164 1259616 120548 0
1785446287822 1380164 1259616 120548 0
1785446287859 1380164 1259616 120548 0
1785446287896 1380164 1259616 120548 0
1785446287933 1380164 1259616 120548 0
1785446287970 1380164 1259616 120548 0
1785446288006 1380164 1259616 120548 0
1785446288043 1380164 1259616 120548 0
1785446288080 1380184 1259636 120548 0
1785446288116 1380184 1259636 120548 0
1785446288152 1380184 1259636 120548 0
1785446288189 1380184 1259636 120548 0
1785446288226 1380184 1259636 120548 0
1785446288263 1380184 1259636 120548 0
1785446288299 1380184 1259636 120548 0
1785446288335 1380184 1259636 120548 0
1785446288372 1380184 1259636 120548 0
1785446288409 1380184 1259636 120548 0
1785446288445 1380184 1259636 120548 0
1785446288482 1380184 1259636 120548 0
1785446288519 1380184 1259636 120548 0
1785446288555 1380184 1259636 120548 0
1785446288592 1380184 1259636 120548 0
1785446288628 1380184 1259636 120548 0
1785446288666 1380184 1259636 120548 0
1785446288702 1380184 1259636 120548 0
1785446288739 1380184 1259636 120548 0
1785446288776 1380184 1259636 120548 0
1785446288812 1436960 1316412 120548 0
1785446288849 1613088 1492540 120548 0
1785446288886 1785120 1664572 120548 0
1785446288922 1821984 1701436 120548 0
1785446288960 1821984 1701436 120548 0
1785446288997 1880800 1760252 120548 0
1785446289034 1987296 1866748 120548 0
1785446289071 2095840 1975292 120548 0
1785446289107 2204384 2083836 120548 0
1785446289145 1803760 1683212 120548 0
1785446289182 1803760 1683212 120548 0
1785446289219 1816292 1695744 120548 0
1785446289256 1924916 1804368 120548 0
1785446289293 2031412 1910864 120548 0
1785446289330 2139956 2019408 120548 0
1785446289366 2245300 2124752 120548 0
1785446289404 2353844 2233296 120548 0
1785446289441 2464436 2343888 120548 0
1785446289479 2570932 2450384 120548 0
1785446289579 2659572 2539024 120548 0
1785446289680 2668796 2548248 120548 0
1785446289763 2652124 2529936 122188 0
1785446289800 2640332 2529504 110828 0
1785446289837 2285000 2162812 122188 0
1785446289874 2393544 2271356 122188 0
1785446289911 2502088 2379900 122188 0
1785446289948 2610632 2488444 122188 0
1785446289985 2652164 2529976 122188 0
1785446290022 2652164 2529976 122188 0
1785446290058 2643692 2530912 112780 0
1785446290096 2317820 2195636 122184 0
1785446290134 2345476 2223292 122184 0
1785446290171 2364036 2249748 114288 0
1785446290209 2419368 2305068 114300 0
1785446290246 2457040 2346876 110164 0
1785446290286 2528108 2407272 120836 0
1785446290325 2573616 2451432 122184 0
1785446290364 2602412 2481368 121044 0
1785446290402 2631252 2509068 122184 0
1785446290440 2643960 2529628 114332 0
1785446290479 2229624 2107436 122188 0
1785446290516 1719524 1597324 122200 0
1785446290558 1730016 1607628 122388 0
1785446290597 1748448 1626060 122388 0
1785446290635 1764832 1642444 122388 0
1785446290673 1783264 1660876 122388 0
1785446290711 1799648 1677260 122388 0
1785446290749 1818080 1695692 122388 0
1785446290788 1836512 1714124 122388 0
1785446290826 1852896 1730508 122388 0
1785446290864 1871328 1748940 122388 0
1785446290902 1887560 1765176 122384 0
1785446290940 1905944 1783556 122388 0
1785446290978 1922328 1799940 122388 0
1785446291017 1940760 1818372 122388 0
1785446291056 1959192 1836804 122388 0
1785446291095 1975576 1853188 122388 0
1785446291133 1994008 1871620 122388 0
1785446291172 2010392 1888004 122388 0
1785446291210 2028824 1906436 122388 0
1785446291248 2047256 1924868 122388 0
1785446291287 2063488 1941104 122384 0
1785446291325 1893884 1771472 122412 0
1785446291367 1893884 1771472 122412 0
1785446291408 1632912 1510500 122412 0
1785446291448 1632920 1510508 122412 0
1785446291488 1632920 1510508 122412 0
1785446291527 1632924 1510512 122412 0
1785446291566 1632924 1510512 122412 0
1785446291605 1632924 1510512 122412 0
1785446291644 1632928 1510516 122412 0
1785446291684 1632928 1510516 122412 0
1785446291723 1632932 1510520 122412 0
1785446291763 1632932 1510520 122412 0
1785446291802 1632940 1510528 122412 0
1785446291841 1632944 1510532 122412 0
1785446291880 1632944 1510532 122412 0
1785446291919 1632948 1510536 122412 0
1785446291958 1632948 1510536 122412 0
1785446291998 1632948 1510536 122412 0
1785446292038 1632956 1510544 122412 0
1785446292077 1632960 1510548 122412 0
1785446292115 1632960 1510548 122412 0
1785446292154 1632964 1510552 122412 0
1785446292193 1632964 1510552 122412 0
1785446292232 1632964 1510552 122412 0
1785446292272 1632980 1510568 122412 0
1785446292312 1632980 1510568 122412 0
1785446292351 1632984 1510572 122412 0
1785446292391 1632992 1510580 122412 0
1785446292429 1632992 1510580 122412 0
1785446292468 1632992 1510580 122412 0
1785446292507 1632992 1510580 122412 0
1785446292547 1632996 1510584 122412 0
1785446292585 1633000 1510588 122412 0
1785446292625 1633012 1510600 122412 0
1785446292664 1633012 1510600 122412 0
1785446292703 1633012 1510600 122412 0
1785446292742 1633012 1510600 122412 0
1785446292781 1633012 1510600 122412 0
1785446292821 1633016 1510604 122412 0
1785446292860 1633024 1510612 122412 0
1785446292900 1633024 1510612 122412 0
1785446292939 1633028 1510616 122412 0
1785446292978 1633032 1510620 122412 0
1785446293017 1633032 1510620 122412 0
1785446293056 1633032 1510620 122412 0
1785446293095 1633040 1510628 122412 0
1785446293134 1633044 1510632 122412 0
1785446293174 1633048 1510636 122412 0
1785446293213 1633048 1510636 122412 0
1785446293253 1633048 1510636 122412 0
1785446293291 1633048 1510636 122412 0
1785446293330 1633052 1510640 122412 0
1785446293369 1632952 1510624 122328 0
1785446293408 1633060 1510648 122412 0
1785446293449 1633072 1510660 122412 0
1785446293488 1633072 1510660 122412 0
1785446293527 1633076 1510664 122412 0
1785446293566 1633076 1510664 122412 0
1785446293606 1633076 1510664 122412 0
1785446293644 1633080 1510668 122412 0
1785446293684 1633080 1510668 122412 0
1785446293723 1633080 1510668 122412 0
1785446293762 1633084 1510672 122412 0
1785446293801 1633092 1510680 122412 0
1785446293841 1633092 1510680 122412 0
1785446293880 1633096 1510684 122412 0
1785446293920 1633100 1510688 122412 0
1785446293960 1633100 1510688 122412 0
1785446293999 1633108 1510696 122412 0
1785446294038 1633108 1510696 122412 0
1785446294078 1633108 1510696 122412 0
1785446294117 1633108 1510696 122412 0
1785446294157 1633112 1510700 122412 0
1785446294196 1633120 1510708 122412 0
1785446294235 1633124 1510712 122412 0
1785446294274 1633128 1510716 122412 0
1785446294314 1633128 1510716 122412 0
1785446294354 1633132 1510720 122412 0
1785446294394 1633132 1510720 122412 0
1785446294434 1633132 1510720 122412 0
1785446294473 1633132 1510720 122412 0
1785446294512 1633140 1510728 122412 0
1785446294551 1633144 1510732 122412 0
1785446294590 1633144 1510732 122412 0
1785446294631 1633148 1510736 122412 0
1785446294670 1633148 1510736 122412 0
1785446294711 1591804 1469392 122412 0
1785446294750 1591940 1469528 122412 0
1785446294791 1362528 1240120 122408 0
1785446294829 1269384 1148112 121272 0
1785446294866 1232624 1119272 113352 0
1785446294903 1298220 1175808 122412 0
1785446294941 807232 687240 119992 0
1785446294973 1189672 1079256 110416 0
1785446295009 972376 849968 122408 0
1785446295044 1009308 894872 114436 0
1785446295078 1375256 1252848 122408 0
1785446295117 1838808 1715824 122984 0
1785446295157 1604048 1481064 122984 0
1785446295193 1871908 1748924 122984 0
1785446295233 1171504 1051828 119676 0
1785446295269 1801608 1678316 123292 0
1785446295310 1801608 1678316 123292 0
1785446295351 1405168 1281880 123288 0
1785446295389 1928220 1804440 123780 0
1785446295431 1946652 1822872 123780 0
1785446295469 1955836 1832056 123780 0
1785446295508 1974268 1850488 123780 0
1785446295547 1992700 1868920 123780 0
1785446295585 2009084 1885304 123780 0
1785446295623 2027516 1903736 123780 0
1785446295662 2043900 1920120 123780 0
1785446295702 2062332 1938552 123780 0
1785446295742 2080764 1956984 123780 0
1785446295781 2097148 1973368 123780 0
1785446295820 2115580 1991800 123780 0
1785446295859 2121404 1997292 124112 0
1785446295898 2121404 1997292 124112 0
1785446295937 2121404 1997292 124112 0
1785446295975 2121404 1997292 124112 0
1785446296014 2121404 1997292 124112 0
1785446296053 2121404 1997292 124112 0
1785446296092 2121404 1997292 124112 0
1785446296132 2121404 1997292 124112 0
1785446296171 2121404 1997292 124112 0
1785446296210 2121404 1997292 124112 0
1785446296248 2139400 2015288 124112 0
1785446296287 1742152 1618040 124112 0
1785446296323 2170120 2046008 124112 0
1785446296362 2178880 2054924 123956 0
1785446296402 2196292 2072124 124168 0
1785446296441 2212676 2088508 124168 0
1785446296479 2231108 2106940 124168 0
1785446296518 2249540 2125372 124168 0
1785446296557 2265924 2141756 124168 0
1785446296597 2284512 2160344 124168 0
1785446296638 2303004 2178836 124168 0
1785446296677 2321448 2197280 124168 0
1785446296715 2337848 2213680 124168 0
1785446296756 1944692 1820524 124168 0
1785446296794 2365864 2241696 124168 0
1785446296835 2384312 2260144 124168 0
1785446296875 2402744 2278576 124168 0
1785446296915 2419128 2294960 124168 0
1785446296956 2437560 2313392 124168 0
1785446296996 2455992 2331824 124168 0
1785446297038 2474424 2350256 124168 0
1785446297076 2490808 2366640 124168 0
1785446297116 2509240 2385072 124168 0
1785446297157 2301660 2177492 124168 0
1785446297208 2353692 2229524 124168 0
1785446297250 2518676 2402344 116332 0
1785446297296 2693148 2570716 122432 0
1785446297391 2531660 2407492 124168 0
1785446297433 2531660 2407492 124168 0
1785446297476 2063720 1939552 124168 0
1785446297514 2357680 2233512 124168 0
1785446297553 2357680 2233512 124168 0
1785446297592 2357680 2233512 124168 0
1785446297630 2357680 2233512 124168 0
1785446297669 2357680 2233512 124168 0
1785446297708 2357680 2233512 124168 0
1785446297747 2357680 2233512 124168 0
1785446297785 2357680 2233512 124168 0
1785446297825 2357680 2233512 124168 0
1785446297864 2357680 2233512 124168 0
1785446297903 2357680 2233512 124168 0
1785446297942 2357680 2233512 124168 0
1785446297981 2357680 2233512 124168 0
1785446298020 2357680 2233512 124168 0
1785446298059 2357680 2233512 124168 0
1785446298098 2357680 2233512 124168 0
1785446298137 2357680 2233512 124168 0
1785446298178 2357680 2233512 124168 0
1785446298217 2357680 2233512 124168 0
1785446298256 2357680 2233512 124168 0
1785446298295 2357680 2233512 124168 0
1785446298334 2357680 2233512 124168 0
1785446298372 2357680 2233512 124168 0
1785446298411 2357680 2233512 124168 0
1785446298449 2357680 2233512 124168 0
1785446298487 2357680 2233512 124168 0
1785446298526 2357680 2233512 124168 0
1785446298565 2357680 2233512 124168 0
1785446298604 2357680 2233512 124168 0
1785446298643 2357680 2233512 124168 0
1785446298683 2357680 2233512 124168 0
1785446298722 1662780 1538612 124168 0
1785446298758 1778272 1653708 124564 0
1785446298797 1778652 1653720 124932 0
1785446298837 1065396 940468 124928 0
1785446298872 1778620 1661540 117080 0
1785446298911 1792356 1667424 124932 0
1785446298951 1792356 1667424 124932 0
1785446298991 1792356 1667424 124932 0
1785446299030 1792356 1667424 124932 0
1785446299070 1792388 1667424 124964 0
1785446299109 1792388 1667424 124964 0
1785446299149 1792388 1667424 124964 0
1785446299189 1792392 1667428 124964 0
1785446299228 1792580 1667432 125148 0
1785446299268 1324404 1199064 125340 0
1785446299304 1803532 1678192 125340 0
1785446299344 1422460 1297120 125340 0
1785446299383 1130216 1004876 125340 0
1785446299420 1849624 1724280 125344 0
1785446299460 1528284 1402940 125344 0
1785446299500 1863968 1738624 125344 0
1785446299542 1863968 1738624 125344 0
1785446299583 1863968 1738624 125344 0
1785446299625 1876256 1750912 125344 0
1785446299667 1876256 1750912 125344 0
1785446299707 1876256 1750912 125344 0
1785446299750 1876256 1750912 125344 0
1785446299792 1876256 1750912 125344 0
1785446299832 1876256 1750912 125344 0
1785446299874 1876256 1750912 125344 0
1785446299916 1876256 1750912 125344 0
1785446299956 1876256 1750912 125344 0
1785446299998 1876256 1750912 125344 0
1785446300039 1876256 1750912 125344 0
1785446300079 1876256 1750912 125344 0
1785446300120 1808984 1683452 125532 0
1785446300162 1808984 1683452 125532 0
1785446300204 1808984 1683452 125532 0
1785446300244 1809052 1683456 125596 0
1785446300284 1809052 1683456 125596 0
1785446300325 1809052 1683456 125596 0
1785446300365 1809052 1683456 125596 0
1785446300406 1809052 1683456 125596 0
1785446300446 1809052 1683456 125596 0
1785446300487 1809052 1683456 125596 0
1785446300528 1809052 1683456 125596 0
1785446300569 1809052 1683456 125596 0
1785446300611 1809052 1683456 125596 0
1785446300652 1809052 1683456 125596 0
1785446300694 1809052 1683456 125596 0
1785446300735 1809052 1683456 125596 0
1785446300776 1809052 1683456 125596 0
1785446300818 1809052 1683456 125596 0
1785446300860 1809052 1683456 125596 0
1785446300901 1809052 1683456 125596 0
1785446300942 1809052 1683456 125596 0
1785446300983 1809052 1683456 125596 0
1785446301024 1809052 1683456 125596 0
1785446301066 1809052 1683456 125596 0
1785446301107 1809052 1683456 125596 0
1785446301148 1809052 1683456 125596 0
1785446301189 1809052 1683456 125596 0
1785446301230 1809052 1683456 125596 0
1785446301271 1809052 1683456 125596 0
1785446301312 1809052 1683456 125596 0
1785446301353 1809052 1683456 125596 0
1785446301394 1809052 1683456 125596 0
1785446301435 1809052 1683456 125596 0
1785446301477 1809052 1683456 125596 0
1785446301518 1809056 1683460 125596 0
1785446301560 1809060 1683464 125596 0
1785446301600 1815236 1689640 125596 0
1785446301641 1816612 1691016 125596 0
1785446301682 1827524 1701928 125596 0
1785446301724 1845956 1720360 125596 0
1785446301764 1457036 1331444 125592 0
1785446301807 1890340 1764744 125596 0
1785446301848 1890340 1764744 125596 0
1785446301892 1890340 1764744 125596 0
1785446301934 1890340 1764744 125596 0
1785446301977 1890340 1764744 125596 0
1785446302020 1890340 1764744 125596 0
1785446302062 1890340 1764744 125596 0
1785446302104 1890340 1764744 125596 0
1785446302146 1493900 1368308 125592 0
1785446302186 1421452 1295856 125596 0
1785446302224 1298648 1180988 117660 0
1785446302263 1951784 1826188 125596 0
1785446302306 1951784 1826188 125596 0
1785446302348 1951784 1826188 125596 0
1785446302390 1964072 1838476 125596 0
1785446302433 1964072 1838476 125596 0
1785446302475 1964072 1838476 125596 0
1785446302517 1970216 1844620 125596 0
1785446302562 1970216 1844620 125596 0
1785446302603 1970216 1844620 125596 0
1785446302645 1970216 1844620 125596 0
1785446302689 1970216 1844620 125596 0
1785446302732 1970216 1844620 125596 0
1785446302775 1970216 1844620 125596 0
1785446302819 1970216 1844620 125596 0
1785446302861 1970216 1844620 125596 0
1785446302903 1970216 1844620 125596 0
1785446302947 1970216 1844620 125596 0
1785446302989 1970216 1844620 125596 0
1785446303030 1970216 1844620 125596 0
1785446303072 1970216 1844620 125596 0
1785446303114 1970216 1844620 125596 0
1785446303158 1970216 1844620 125596 0
1785446303199 1970216 1844620 125596 0
1785446303239 1970216 1844620 125596 0
1785446303283 1970216 1844620 125596 0
1785446303326 1970216 1844620 125596 0
1785446303368 1970216 1844620 125596 0
1785446303412 1970216 1844620 125596 0
1785446303455 1970216 1844620 125596 0
1785446303498 1970216 1844620 125596 0
1785446303541 1994792 1869196 125596 0
1785446303584 1994792 1869196 125596 0
1785446303627 1994792 1869196 125596 0
1785446303670 1994792 1869196 125596 0
1785446303710 1994792 1869196 125596 0
1785446303753 1994792 1869196 125596 0
1785446303795 1994792 1869196 125596 0
1785446303836 1994792 1869196 125596 0
1785446303875 1994792 1869196 125596 0
1785446303915 1994792 1869196 125596 0
1785446303955 1995032 1869196 125836 0
1785446303997 1995144 1869196 125948 0
1785446304039 1995144 1869196 125948 0
1785446304078 1610736 1484788 125948 0
1785446304117 2038820 1912872 125948 0
1785446304160 2057252 1931304 125948 0
1785446304202 2090752 1966424 124328 0
1785446304245 2142600 2016652 125948 0
1785446304291 2142648 2016652 125996 0
1785446304335 1946168 1820172 125996 0
1785446304378 1946168 1820172 125996 0
1785446304419 1946168 1820172 125996 0
1785446304460 1946168 1820172 125996 0
1785446304500 1946168 1820172 125996 0
1785446304541 1946168 1820172 125996 0
1785446304580 1946168 1820172 125996 0
1785446304620 1946168 1820172 125996 0
1785446304660 1946168 1820172 125996 0
1785446304701 1946168 1820172 125996 0
1785446304744 1946168 1820172 125996 0
1785446304786 1946172 1820176 125996 0
1785446304826 1946172 1820176 125996 0
1785446304869 1946172 1820176 125996 0
1785446304912 1946172 1820176 125996 0
1785446304952 1946172 1820176 125996 0
1785446304996 1946172 1820176 125996 0
1785446305039 1946172 1820176 125996 0
1785446305082 1946172 1820176 125996 0
1785446305124 1946172 1820176 125996 0
1785446305167 1946180 1820184 125996 0
1785446305206 1946184 1820188 125996 0
1785446305247 1946184 1820188 125996 0
1785446305292 1946184 1820188 125996 0
1785446305334 1946184 1820188 125996 0
1785446305374 1955492 1830824 124668 0
1785446305416 1989064 1863068 125996 0
1785446305459 1989064 1863068 125996 0
1785446305501 1989064 1863068 125996 0
1785446305544 1986140 1868032 118108 0
1785446305588 1995208 1869212 125996 0
1785446305628 1995208 1869212 125996 0
1785446305668 1288088 1162096 125992 0
1785446305707 2038216 1912220 125996 0
1785446305751 2038216 1912220 125996 0
1785446305794 2038216 1912220 125996 0
1785446305837 2038216 1912220 125996 0
1785446305879 2038216 1912220 125996 0
1785446305921 2038216 1912220 125996 0
1785446305964 2038216 1912220 125996 0
1785446306007 2038216 1912220 125996 0
1785446306049 2038216 1912220 125996 0
1785446306095 2038216 1912220 125996 0
1785446306138 2038216 1912220 125996 0
1785446306181 2038216 1912220 125996 0
1785446306225 2038216 1912220 125996 0
1785446306267 2038216 1912220 125996 0
1785446306310 2038216 1912220 125996 0
1785446306353 2038216 1912220 125996 0
1785446306396 2038216 1912220 125996 0
1785446306440 1641776 1515784 125992 0
1785446306480 1952328 1826332 125996 0
1785446306522 1952328 1826332 125996 0
1785446306565 1952328 1826332 125996 0
1785446306608 1952328 1826332 125996 0
1785446306650 1952328 1826332 125996 0
1785446306693 1952328 1826332 125996 0
1785446306735 1952328 1826332 125996 0
1785446306778 1952328 1826332 125996 0
1785446306818 1952328 1826332 125996 0
1785446306858 1952328 1826332 125996 0
1785446306899 1952328 1826332 125996 0
1785446306939 1952328 1826332 125996 0
1785446306979 1952328 1826332 125996 0
1785446307019 1952328 1826332 125996 0
1785446307059 1952328 1826332 125996 0
1785446307099 1952328 1826332 125996 0
1785446307138 1952328 1826332 125996 0
1785446307178 1952328 1826332 125996 0
1785446307217 1952328 1826332 125996 0
1785446307257 1952328 1826332 125996 0
1785446307297 1952328 1826332 125996 0
1785446307337 1952328 1826332 125996 0
1785446307379 1952328 1826332 125996 0
1785446307421 1952332 1826336 125996 0
1785446307460 1952332 1826336 125996 0
1785446307499 1952332 1826336 125996 0
1785446307538 1952332 1826336 125996 0
1785446307576 1952332 1826336 125996 0
1785446307618 1952332 1826336 125996 0
1785446307658 1952332 1826336 125996 0
1785446307701 1952332 1826336 125996 0
1785446307741 1952332 1826336 125996 0
1785446307783 1952332 1826336 125996 0
1785446307825 1952332 1826336 125996 0
1785446307869 1952332 1826336 125996 0
1785446307911 1952332 1826336 125996 0
1785446307955 1952332 1826336 125996 0
1785446307997 1952332 1826336 125996 0
1785446308038 1558840 1432848 125992 0
1785446308078 1967416 1841424 125992 0
1785446308121 1998292 1872296 125996 0
1785446308163 1998292 1872296 125996 0
1785446308203 1998292 1872296 125996 0
1785446308245 2010580 1884584 125996 0
1785446308288 2010580 1884584 125996 0
1785446308330 1550204 1424208 125996 0
1785446308369 2041300 1915304 125996 0
1785446308412 2041300 1915304 125996 0
1785446308455 2041300 1915304 125996 0
1785446308495 2041300 1915304 125996 0
1785446308537 2041300 1915304 125996 0
1785446308580 2041300 1915304 125996 0
1785446308622 2041300 1915304 125996 0
1785446308664 2041300 1915304 125996 0
1785446308704 2041300 1915304 125996 0
1785446308747 2041300 1915304 125996 0
1785446308791 2041300 1915304 125996 0
1785446308832 2041300 1915304 125996 0
1785446308877 2041300 1915304 125996 0
1785446308920 2041300 1915304 125996 0
1785446308963 2041300 1915304 125996 0
1785446309006 2041300 1915304 125996 0
1785446309047 2041300 1915304 125996 0
1785446309091 2041300 1915304 125996 0
1785446309130 2041300 1915304 125996 0
1785446309170 2041300 1915304 125996 0
1785446309213 2044376 1918380 125996 0
1785446309256 2044376 1918380 125996 0
1785446309299 2044376 1918380 125996 0
1785446309343 2044376 1918380 125996 0
1785446309384 2044376 1918380 125996 0
1785446309426 1781716 1655720 125996 0
1785446309468 2056664 1930668 125996 0
1785446309510 2056664 1930668 125996 0
1785446309552 2056664 1930668 125996 0
1785446309593 2056664 1930668 125996 0
1785446309636 2056664 1930668 125996 0
1785446309678 1767892 1641896 125996 0
1785446309720 1989208 1863212 125996 0
1785446309763 1999988 1873992 125996 0
1785446309805 1521356 1395360 125996 0
1785446309842 2032756 1906760 125996 0
1785446309883 2062808 1936812 125996 0
1785446309926 2062808 1936812 125996 0
1785446309966 1772500 1646504 125996 0
1785446310007 1702824 1576832 125992 0
1785446310050 2087512 1961516 125996 0
1785446310091 1754068 1628072 125996 0
1785446310129 1989208 1863212 125996 0
1785446310168 1989208 1863212 125996 0
1785446310207 1989208 1863212 125996 0
1785446310246 1989208 1863212 125996 0
1785446310285 1592768 1466776 125992 0
1785446310325 2001368 1875372 125996 0
1785446310364 2001368 1875372 125996 0
1785446310403 2001368 1875372 125996 0
1785446310441 2001368 1875372 125996 0
1785446310482 2001368 1875372 125996 0
1785446310522 2001368 1875372 125996 0
1785446310564 2001368 1875372 125996 0
1785446310606 2001368 1875372 125996 0
1785446310645 2001368 1875372 125996 0
1785446310684 2001368 1875372 125996 0
1785446310723 2001368 1875372 125996 0
1785446310763 2001368 1875372 125996 0
1785446310802 2001368 1875372 125996 0
1785446310840 2001368 1875372 125996 0
1785446310880 2001368 1875372 125996 0
1785446310919 2001372 1875376 125996 0
1785446310958 2001376 1875380 125996 0
1785446310998 2001376 1875380 125996 0
1785446311037 2001376 1875380 125996 0
1785446311078 2001376 1875380 125996 0
1785446311121 1650768 1524772 125996 0
1785446311160 2038244 1912248 125996 0
1785446311201 2038244 1912248 125996 0
1785446311239 2038244 1912248 125996 0
1785446311278 2068964 1942968 125996 0
1785446311319 2068964 1942968 125996 0
1785446311358 2068964 1942968 125996 0
1785446311397 2068964 1942968 125996 0
1785446311437 2068964 1942968 125996 0
1785446311479 2068964 1942968 125996 0
1785446311520 2068964 1942968 125996 0
1785446311560 2068964 1942968 125996 0
1785446311602 2068964 1942968 125996 0
1785446311644 2068964 1942968 125996 0
1785446311686 2068964 1942968 125996 0
1785446311728 2068964 1942968 125996 0
1785446311769 2068964 1942968 125996 0
1785446311812 2068964 1942968 125996 0
1785446311855 2068964 1942968 125996 0
1785446311899 2068964 1942968 125996 0
1785446311942 2068964 1942968 125996 0
1785446311983 2068964 1942968 125996 0
1785446312024 2068964 1942968 125996 0
1785446312064 1980004 1854008 125996 0
1785446312104 1980008 1854012 125996 0
1785446312146 1980008 1854012 125996 0
1785446312187 1980008 1854012 125996 0
1785446312227 1980008 1854012 125996 0
1785446312268 1980008 1854012 125996 0
1785446312308 1980008 1854012 125996 0
1785446312349 1980008 1854012 125996 0
1785446312390 1980008 1854012 125996 0
1785446312430 1980008 1854012 125996 0
1785446312470 1980008 1854012 125996 0
1785446312510 1980008 1854012 125996 0
1785446312550 1980008 1854012 125996 0
1785446312590 1980008 1854012 125996 0
1785446312631 1980008 1854012 125996 0
1785446312670 1980008 1854012 125996 0
1785446312711 1980008 1854012 125996 0
1785446312750 1980008 1854012 125996 0
1785446312791 1980008 1854012 125996 0
1785446312831 1980008 1854012 125996 0
1785446312872 1980008 1854012 125996 0
1785446312912 1980008 1854012 125996 0
1785446312952 1980008 1854012 125996 0
1785446312991 1980008 1854012 125996 0
1785446313031 1980008 1854012 125996 0
1785446313070 1980008 1854012 125996 0
1785446313109 1980008 1854012 125996 0
1785446313147 1980008 1854012 125996 0
1785446313186 1980008 1854012 125996 0
1785446313223 1980008 1854012 125996 0
1785446313262 1980008 1854012 125996 0
1785446313300 1980008 1854012 125996 0
1785446313340 1992168 1866172 125996 0
1785446313380 1992168 1866172 125996 0
1785446313420 1992168 1866172 125996 0
1785446313458 1992168 1866172 125996 0
1785446313500 1992168 1866172 125996 0
1785446313540 1992172 1866176 125996 0
1785446313580 1992172 1866176 125996 0
1785446313620 1992172 1866176 125996 0
1785446313664 1511900 1385904 125996 0
1785446313702 2022036 1896496 125540 0
1785446313743 1626196 1500200 125996 0
1785446313784 2041324 1915328 125996 0
1785446313826 1647708 1521712 125996 0
1785446313863 2058928 1933060 125868 0
1785446313903 2084332 1958336 125996 0
1785446313944 2084332 1958336 125996 0
1785446313983 2084332 1958336 125996 0
1785446314022 2084336 1958340 125996 0
1785446314063 2084336 1958340 125996 0
1785446314104 2084336 1958340 125996 0
1785446314144 2084336 1958340 125996 0
1785446314185 2084336 1958340 125996 0
1785446314227 2084336 1958340 125996 0
1785446314267 2084336 1958340 125996 0
1785446314308 2084336 1958340 125996 0
1785446314348 2084336 1958340 125996 0
1785446314387 2016880 1890884 125996 0
1785446314428 2016880 1890884 125996 0
1785446314467 2016880 1890884 125996 0
1785446314507 2016880 1890884 125996 0
1785446314548 2016880 1890884 125996 0
1785446314588 2016880 1890884 125996 0
1785446314628 1754092 1628096 125996 0
1785446314667 2029040 1903044 125996 0
1785446314707 1338608 1225852 112756 0
1785446314747 2065908 1939912 125996 0
1785446314789 2065908 1939912 125996 0
1785446314828 2065908 1939912 125996 0
1785446314869 2078196 1952200 125996 0
1785446314909 2078196 1952200 125996 0
1785446314948 2078196 1952200 125996 0
1785446314991 2078196 1952200 125996 0
1785446315032 2078196 1952200 125996 0
1785446315071 2078196 1952200 125996 0
1785446315112 2078196 1952200 125996 0
1785446315152 2078196 1952200 125996 0
1785446315191 2078196 1952200 125996 0
1785446315234 2090484 1964488 125996 0
1785446315276 2090484 1964488 125996 0
1785446315317 2090484 1964488 125996 0
1785446315361 1781744 1655748 125996 0
1785446315403 1970924 1848812 122112 0
1785446315443 2047120 1921124 125996 0
1785446315480 2063504 1937508 125996 0
1785446315518 2096628 1970632 125996 0
1785446315559 1777136 1651140 125996 0
1785446315596 2114704 1988708 125996 0
1785446315636 2069792 1955820 113972 0
1785446315683 2194932 2068936 125996 0
1785446315724 2194932 2068936 125996 0
1785446315764 2194932 2068936 125996 0
1785446315803 2194932 2068936 125996 0
1785446315841 2194932 2068936 125996 0
1785446315880 2194932 2068936 125996 0
1785446315919 2194932 2068936 125996 0
1785446315961 2194932 2068936 125996 0
1785446316001 2194932 2068936 125996 0
1785446316044 2194932 2068936 125996 0
1785446316086 2194932 2068936 125996 0
1785446316124 2194932 2068936 125996 0
1785446316164 1798492 1672500 125992 0
1785446316202 1973876 1847880 125996 0
1785446316241 1973876 1847880 125996 0
1785446316282 1973876 1847880 125996 0
1785446316321 1973876 1847880 125996 0
1785446316359 1973876 1847880 125996 0
1785446316399 1973876 1847880 125996 0
1785446316439 1973880 1847884 125996 0
1785446316478 1973880 1847884 125996 0
1785446316520 1973880 1847884 125996 0
1785446316561 1973884 1847888 125996 0
1785446316600 1973888 1847892 125996 0
1785446316640 1506456 1391168 115288 0
1785446316676 2004484 1878488 125996 0
1785446316718 1386452 1260460 125992 0
1785446316754 2029060 1903064 125996 0
1785446316794 2059780 1933784 125996 0
1785446316835 2059780 1933784 125996 0
1785446316874 2059780 1933784 125996 0
1785446316913 2108932 1982936 125996 0
1785446316955 2108932 1982936 125996 0
1785446316994 2108932 1982936 125996 0
1785446317033 2108932 1982936 125996 0
1785446317074 2108936 1982940 125996 0
1785446317115 2108936 1982940 125996 0
1785446317154 2123860 1999800 124060 0
1785446317196 2127368 2001372 125996 0
1785446317237 2127368 2001372 125996 0
1785446317277 2127368 2001372 125996 0
1785446317319 2127368 2001372 125996 0
1785446317359 2127368 2001372 125996 0
1785446317399 2127368 2001372 125996 0
1785446317445 2127368 2001372 125996 0
1785446317488 2127368 2001372 125996 0
1785446317530 2127368 2001372 125996 0
1785446317571 2127368 2001372 125996 0
1785446317612 2127368 2001372 125996 0
1785446317653 2127368 2001372 125996 0
1785446317694 2127368 2001372 125996 0
1785446317735 2127368 2001372 125996 0
1785446317776 2127368 2001372 125996 0
1785446317819 2127368 2001372 125996 0
1785446317860 2127368 2001372 125996 0
1785446317901 2127368 2001372 125996 0
1785446317942 2127368 2001372 125996 0
1785446317983 2127368 2001372 125996 0
1785446318024 2127368 2001372 125996 0
1785446318065 2127368 2001372 125996 0
1785446318106 2127368 2001372 125996 0
1785446318147 2127368 2001372 125996 0
1785446318189 2127368 2001372 125996 0
1785446318230 2127368 2001372 125996 0
1785446318272 2127368 2001372 125996 0
1785446318312 2127368 2001372 125996 0
1785446318352 2127368 2001372 125996 0
1785446318392 2127368 2001372 125996 0
1785446318433 2127368 2001372 125996 0
1785446318474 2127368 2001372 125996 0
1785446318516 2127368 2001372 125996 0
1785446318556 2127368 2001372 125996 0
1785446318596 2127368 2001372 125996 0
1785446318636 2127368 2001372 125996 0
1785446318678 2127368 2001372 125996 0
1785446318717 2127376 2001380 125996 0
1785446318756 2127376 2001380 125996 0
1785446318797 2127376 2001380 125996 0
1785446318835 2127376 2001380 125996 0
1785446318874 2127376 2001380 125996 0
1785446318913 2127376 2001380 125996 0
1785446318951 2127376 2001380 125996 0
1785446318993 2127376 2001380 125996 0
1785446319033 2127376 2001380 125996 0
1785446319072 2127376 2001380 125996 0
1785446319112 2127376 2001380 125996 0
1785446319151 2127376 2001380 125996 0
1785446319191 2127376 2001380 125996 0
1785446319232 2127376 2001380 125996 0
1785446319276 2127376 2001380 125996 0
1785446319320 2127376 2001380 125996 0
1785446319360 2127376 2001380 125996 0
1785446319402 2127376 2001380 125996 0
1785446319442 2127376 2001380 125996 0
1785446319482 2127376 2001380 125996 0
1785446319521 2127376 2001380 125996 0
1785446319561 2127376 2001380 125996 0
1785446319602 2127376 2001380 125996 0
1785446319643 2127376 2001380 125996 0
1785446319686 2127376 2001380 125996 0
1785446319726 2127376 2001380 125996 0
1785446319765 2145808 2019812 125996 0
1785446319806 2145808 2019812 125996 0
1785446319848 2145808 2019812 125996 0
1785446319889 2145808 2019812 125996 0
1785446319931 2145808 2019812 125996 0
1785446319971 2145808 2019812 125996 0
1785446320011 2145808 2019812 125996 0
1785446320052 2145808 2019812 125996 0
1785446320092 2145808 2019812 125996 0
1785446320132 2145808 2019812 125996 0
1785446320174 2145808 2019812 125996 0
1785446320214 2145808 2019812 125996 0
1785446320255 2145808 2019812 125996 0
1785446320294 2145808 2019812 125996 0
1785446320335 2145808 2019812 125996 0
1785446320382 2145808 2019812 125996 0
1785446320425 2145808 2019812 125996 0
1785446320466 2145808 2019812 125996 0
1785446320510 2145808 2019812 125996 0
1785446320551 2145808 2019812 125996 0
1785446320591 2144348 2027644 116704 0
1785446320634 2161168 2035172 125996 0
1785446320677 2161168 2035172 125996 0
1785446320718 2161168 2035172 125996 0
1785446320759 2161168 2035172 125996 0
1785446320799 2161168 2035172 125996 0
1785446320840 2161168 2035172 125996 0
1785446320881 2161168 2035172 125996 0
1785446320923 2161168 2035172 125996 0
1785446320964 2161168 2035172 125996 0
1785446321006 2161168 2035172 125996 0
1785446321047 2161168 2035172 125996 0
1785446321087 2161168 2035172 125996 0
1785446321126 2161172 2035176 125996 0
1785446321166 1530628 1404632 125996 0
1785446321200 2184364 2058368 125996 0
1785446321238 2216464 2090468 125996 0
1785446321278 2241040 2115044 125996 0
1785446321323 2241040 2115044 125996 0
1785446321364 2167440 2041444 125996 0
1785446321404 2167440 2041444 125996 0
1785446321443 2167440 2041444 125996 0
1785446321482 2167440 2041444 125996 0
1785446321521 2167440 2041444 125996 0
1785446321563 2167440 2041444 125996 0
1785446321602 2167440 2041444 125996 0
1785446321642 2167440 2041444 125996 0
1785446321682 2167440 2041444 125996 0
1785446321720 2167440 2041444 125996 0
1785446321761 2167448 2041452 125996 0
1785446321801 2167448 2041452 125996 0
1785446321841 2167448 2041452 125996 0
1785446321882 2167448 2041452 125996 0
1785446321923 2167448 2041452 125996 0
1785446321963 2167448 2041452 125996 0
1785446322004 2167448 2041452 125996 0
1785446322044 2167452 2041456 125996 0
1785446322085 2167452 2041456 125996 0
1785446322125 2167456 2041460 125996 0
1785446322165 2167460 2041464 125996 0
1785446322205 2167460 2041464 125996 0
1785446322245 2167464 2041468 125996 0
1785446322291 2167468 2041472 125996 0
1785446322334 2167472 2041476 125996 0
1785446322377 2167472 2041476 125996 0
1785446322421 2167472 2041476 125996 0
1785446322466 2167472 2041476 125996 0
1785446322507 2167472 2041476 125996 0
1785446322547 2167472 2041476 125996 0
1785446322587 2167472 2041476 125996 0
1785446322626 2167472 2041476 125996 0
1785446322667 2167472 2041476 125996 0
1785446322712 2167472 2041476 125996 0
1785446322755 2167472 2041476 125996 0
1785446322795 2173488 2047492 125996 0
1785446322835 2173488 2047492 125996 0
1785446322874 2173488 2047492 125996 0
1785446322915 2173488 2047492 125996 0
1785446322955 2173488 2047492 125996 0
1785446322996 2173488 2047492 125996 0
1785446323036 2198068 2072072 125996 0
1785446323079 2198068 2072072 125996 0
1785446323119 2198068 2072072 125996 0
1785446323160 2198068 2072072 125996 0
1785446323200 2198068 2072072 125996 0
1785446323240 2198068 2072072 125996 0
1785446323281 2198068 2072072 125996 0
1785446323322 2198068 2072072 125996 0
1785446323362 2198068 2072072 125996 0
1785446323403 2198068 2072072 125996 0
1785446323443 2198068 2072072 125996 0
1785446323484 2198068 2072072 125996 0
1785446323524 2198068 2072072 125996 0
1785446323564 2198068 2072072 125996 0
1785446323604 2198068 2072072 125996 0
1785446323645 2198068 2072072 125996 0
1785446323685 2198068 2072072 125996 0
1785446323726 2198068 2072072 125996 0
1785446323766 2198068 2072072 125996 0
1785446323806 2198068 2072072 125996 0
1785446323846 2198068 2072072 125996 0
1785446323887 2198068 2072072 125996 0
1785446323928 2198068 2072072 125996 0
1785446323968 2198068 2072072 125996 0
1785446324009 2198068 2072072 125996 0
1785446324049 2198068 2072072 125996 0
1785446324089 2198068 2072072 125996 0
1785446324129 2198068 2072072 125996 0
1785446324170 2198068 2072072 125996 0
1785446324210 2198068 2072072 125996 0
1785446324250 2198068 2072072 125996 0
1785446324291 2198068 2072072 125996 0
1785446324332 2198072 2072076 125996 0
1785446324372 2198072 2072076 125996 0
1785446324412 2198072 2072076 125996 0
1785446324450 2198072 2072076 125996 0
1785446324489 2198072 2072076 125996 0
1785446324529 2198072 2072076 125996 0
1785446324568 2198072 2072076 125996 0
1785446324610 2198072 2072076 125996 0
1785446324649 2198072 2072076 125996 0
1785446324690 2198072 2072076 125996 0
1785446324730 2198072 2072076 125996 0
1785446324769 2198072 2072076 125996 0
1785446324809 2198072 2072076 125996 0
1785446324850 2198072 2072076 125996 0
1785446324894 2198076 2072080 125996 0
1785446324938 2198076 2072080 125996 0
1785446324979 2198076 2072080 125996 0
1785446325023 2198076 2072080 125996 0
1785446325068 2198076 2072080 125996 0
1785446325113 2198076 2072080 125996 0
1785446325156 2198076 2072080 125996 0
1785446325200 2198076 2072080 125996 0
1785446325240 2198076 2072080 125996 0
1785446325282 2198076 2072080 125996 0
1785446325326 2198076 2072080 125996 0
1785446325368 2198076 2072080 125996 0
1785446325408 2198076 2072080 125996 0
1785446325451 2198076 2072080 125996 0
1785446325491 2198076 2072080 125996 0
1785446325533 2198076 2072080 125996 0
1785446325576 2198076 2072080 125996 0
1785446325616 2198076 2072080 125996 0
1785446325656 2198076 2072080 125996 0
1785446325699 2198076 2072080 125996 0
1785446325740 2198080 2072084 125996 0
1785446325780 2198080 2072084 125996 0
1785446325821 2198080 2072084 125996 0
1785446325862 2198080 2072084 125996 0
1785446325904 2198084 2072088 125996 0
1785446325948 2198084 2072088 125996 0
1785446325991 2198084 2072088 125996 0
1785446326036 2198084 2072088 125996 0
1785446326080 2198084 2072088 125996 0
1785446326121 2198084 2072088 125996 0
1785446326162 2198084 2072088 125996 0
1785446326205 2198084 2072088 125996 0
1785446326246 2198084 2072088 125996 0
1785446326288 2198084 2072088 125996 0
1785446326330 2198084 2072088 125996 0
1785446326371 2198084 2072088 125996 0
1785446326411 2205764 2079768 125996 0
1785446326452 2205764 2079768 125996 0
1785446326492 2205764 2079768 125996 0
1785446326531 2205764 2079768 125996 0
1785446326572 2205764 2079768 125996 0
1785446326612 2205764 2079768 125996 0
1785446326653 2205764 2079768 125996 0
1785446326693 2205764 2079768 125996 0
1785446326735 2205764 2079768 125996 0
1785446326773 2205764 2079768 125996 0
1785446326812 2205764 2079768 125996 0
1785446326851 2202076 2077620 124456 0
1785446326890 2217936 2091940 125996 0
1785446326929 2264728 2140148 124580 0
1785446326974 2267204 2141208 125996 0
1785446327015 2166644 2041976 124668 0
1785446327057 2169028 2043032 125996 0
1785446327095 2169028 2043032 125996 0
1785446327133 2169028 2043032 125996 0
1785446327172 2169028 2043032 125996 0
1785446327210 2169028 2043032 125996 0
1785446327253 2169028 2043032 125996 0
1785446327291 2169028 2043032 125996 0
1785446327330 2169028 2043032 125996 0
1785446327370 2169028 2043032 125996 0
1785446327408 2169028 2043032 125996 0
1785446327451 2169028 2043032 125996 0
1785446327493 2169028 2043032 125996 0
1785446327533 2169028 2043032 125996 0
1785446327574 2169028 2043032 125996 0
1785446327615 2169028 2043032 125996 0
1785446327656 2169028 2043032 125996 0
1785446327697 2169036 2043040 125996 0
1785446327736 2169036 2043040 125996 0
1785446327778 2169036 2043040 125996 0
1785446327819 2169040 2043044 125996 0
1785446327860 2169044 2043048 125996 0
1785446327902 2169044 2043048 125996 0
1785446327944 2169048 2043052 125996 0
1785446327986 2169048 2043052 125996 0
1785446328027 2169052 2043056 125996 0
1785446328069 2170584 2044588 125996 0
1785446328112 2170584 2044588 125996 0
1785446328156 2170584 2044588 125996 0
1785446328200 2182744 2056748 125996 0
1785446328244 2182744 2056748 125996 0
1785446328286 2182744 2056748 125996 0
1785446328327 2207320 2081324 125996 0
1785446328370 2207320 2081324 125996 0
1785446328410 2207320 2081324 125996 0
1785446328449 2213464 2087468 125996 0
1785446328490 2213464 2087468 125996 0
1785446328531 2213464 2087468 125996 0
1785446328571 2213464 2087468 125996 0
1785446328612 2213464 2087468 125996 0
1785446328655 2213464 2087468 125996 0
1785446328697 2213464 2087468 125996 0
1785446328738 2213464 2087468 125996 0
1785446328778 2213464 2087468 125996 0
1785446328821 2213464 2087468 125996 0
1785446328862 2213464 2087468 125996 0
1785446328903 2213464 2087468 125996 0
1785446328945 2213464 2087468 125996 0
1785446328987 2213464 2087468 125996 0
1785446329029 2213464 2087468 125996 0
1785446329071 2213464 2087468 125996 0
1785446329113 2213464 2087468 125996 0
1785446329155 2213468 2087472 125996 0
1785446329198 2213468 2087472 125996 0
1785446329239 2213468 2087472 125996 0
1785446329282 2213468 2087472 125996 0
1785446329324 2213468 2087472 125996 0
1785446329367 2213468 2087472 125996 0
1785446329409 2213468 2087472 125996 0
1785446329451 2213468 2087472 125996 0
1785446329494 2213468 2087472 125996 0
1785446329536 2213468 2087472 125996 0
1785446329579 2213468 2087472 125996 0
1785446329621 2213468 2087472 125996 0
1785446329662 2213468 2087472 125996 0
1785446329702 2213468 2087472 125996 0
1785446329743 2213468 2087472 125996 0
1785446329784 2213468 2087472 125996 0
1785446329825 2213468 2087472 125996 0
1785446329865 2213468 2087472 125996 0
1785446329905 2213468 2087472 125996 0
1785446329946 2213468 2087472 125996 0
1785446329986 2213476 2087480 125996 0
1785446330026 2213480 2087484 125996 0
1785446330066 2213480 2087484 125996 0
1785446330106 2213480 2087484 125996 0
1785446330145 2213480 2087484 125996 0
1785446330185 2213480 2087484 125996 0
1785446330224 2213480 2087484 125996 0
1785446330268 2213480 2087484 125996 0
1785446330308 2213480 2087484 125996 0
1785446330351 2213480 2087484 125996 0
1785446330393 2213480 2087484 125996 0
1785446330432 2213480 2087484 125996 0
1785446330474 2213480 2087484 125996 0
1785446330516 2213480 2087484 125996 0
1785446330558 2213480 2087484 125996 0
1785446330602 2213480 2087484 125996 0
1785446330645 2213480 2087484 125996 0
1785446330690 2213480 2087484 125996 0
1785446330734 2213480 2087484 125996 0
1785446330777 2213480 2087484 125996 0
1785446330822 2213480 2087484 125996 0
1785446330864 2213480 2087484 125996 0
1785446330905 2213484 2087488 125996 0
1785446330949 2213484 2087488 125996 0
1785446330991 2213484 2087488 125996 0
1785446331032 2213484 2087488 125996 0
1785446331075 2213484 2087488 125996 0
1785446331116 2213484 2087488 125996 0
1785446331157 2231920 2105924 125996 0
1785446331200 2231920 2105924 125996 0
1785446331242 2231920 2105924 125996 0
1785446331282 2231920 2105924 125996 0
1785446331323 2231920 2105924 125996 0
1785446331363 2231920 2105924 125996 0
1785446331404 2231920 2105924 125996 0
1785446331445 2231920 2105924 125996 0
1785446331485 2231920 2105924 125996 0
1785446331526 2231920 2105924 125996 0
1785446331567 2231920 2105924 125996 0
1785446331607 2231920 2105924 125996 0
1785446331649 2231920 2105924 125996 0
1785446331692 2231920 2105924 125996 0
1785446331734 2231920 2105924 125996 0
1785446331778 2231920 2105924 125996 0
1785446331822 2231920 2105924 125996 0
1785446331866 2231920 2105924 125996 0
1785446331913 2231920 2105924 125996 0
1785446331956 2231920 2105924 125996 0
1785446331998 2231920 2105924 125996 0
1785446332044 2231920 2105924 125996 0
1785446332086 2231920 2105924 125996 0
1785446332129 2231920 2105924 125996 0
1785446332175 2231920 2105924 125996 0
1785446332219 2231920 2105924 125996 0
1785446332263 2231920 2105924 125996 0
1785446332309 2231920 2105924 125996 0
1785446332355 2231920 2105924 125996 0
1785446332397 2231920 2105924 125996 0
1785446332437 2231920 2105924 125996 0
1785446332480 2239240 2113244 125996 0
1785446332522 2265780 2147624 118156 0
1785446332570 2214864 2095164 119700 0
1785446332613 2238188 2112192 125996 0
1785446332655 2238188 2112192 125996 0
1785446332699 2238188 2112192 125996 0
1785446332741 2238188 2112192 125996 0
1785446332785 2238188 2112192 125996 0
1785446332825 2238188 2112192 125996 0
1785446332868 2238188 2112192 125996 0
1785446332910 2238188 2112192 125996 0
1785446332955 2238188 2112192 125996 0
1785446332999 2238188 2112192 125996 0
1785446333041 2238188 2112192 125996 0
1785446333082 1654104 1528108 125996 0
1785446333121 2173680 2047684 125996 0
1785446333165 2173680 2047684 125996 0
1785446333210 2173680 2047684 125996 0
1785446333253 2173680 2047684 125996 0
1785446333296 2173680 2047684 125996 0
1785446333339 2173680 2047684 125996 0
1785446333383 2173684 2047688 125996 0
1785446333427 2173688 2047692 125996 0
1785446333471 2173692 2047696 125996 0
1785446333515 2173692 2047696 125996 0
1785446333560 2173692 2047696 125996 0
1785446333604 2173696 2047700 125996 0
1785446333649 2173700 2047704 125996 0
1785446333692 2179716 2053720 125996 0
1785446333733 2216584 2090588 125996 0
1785446333779 2216584 2090588 125996 0
1785446333821 2216584 2090588 125996 0
1785446333863 2235016 2109020 125996 0
1785446333907 2235016 2109020 125996 0
1785446333950 2235016 2109020 125996 0
1785446333994 2253452 2127456 125996 0
1785446334038 2253452 2127456 125996 0
1785446334080 2253452 2127456 125996 0
1785446334124 2253452 2127456 125996 0
1785446334167 2253452 2127456 125996 0
1785446334210 2253452 2127456 125996 0
1785446334256 2253452 2127456 125996 0
1785446334298 2253452 2127456 125996 0
1785446334340 2253452 2127456 125996 0
1785446334384 2253452 2127456 125996 0
1785446334427 2253452 2127456 125996 0
1785446334472 2253452 2127456 125996 0
1785446334515 2253452 2127456 125996 0
1785446334559 2253452 2127456 125996 0
1785446334603 2253452 2127456 125996 0
1785446334647 2253452 2127456 125996 0
1785446334691 2253452 2127456 125996 0
1785446334734 2253452 2127456 125996 0
1785446334778 2253452 2127456 125996 0
1785446334822 2253452 2127456 125996 0
1785446334865 2253452 2127456 125996 0
1785446334908 2253452 2127456 125996 0
1785446334951 2253452 2127456 125996 0
1785446334994 2253452 2127456 125996 0
1785446335039 2253452 2127456 125996 0
1785446335081 2253452 2127456 125996 0
1785446335126 2253452 2127456 125996 0
1785446335170 2253452 2127456 125996 0
1785446335213 2253452 2127456 125996 0
1785446335257 2253452 2127456 125996 0
1785446335302 2253452 2127456 125996 0
1785446335346 2253452 2127456 125996 0
1785446335391 2253452 2127456 125996 0
1785446335434 2253452 2127456 125996 0
1785446335478 2253452 2127456 125996 0
1785446335523 2253452 2127456 125996 0
1785446335565 2253452 2127456 125996 0
1785446335610 2253452 2127456 125996 0
1785446335653 2253452 2127456 125996 0
1785446335698 2253452 2127456 125996 0
1785446335743 2253460 2127464 125996 0
1785446335784 2253460 2127464 125996 0
1785446335826 2253460 2127464 125996 0
1785446335869 2253460 2127464 125996 0
1785446335913 2253460 2127464 125996 0
1785446335957 2253460 2127464 125996 0
1785446336001 2253460 2127464 125996 0
1785446336046 2253460 2127464 125996 0
1785446336089 2253460 2127464 125996 0
1785446336132 2253460 2127464 125996 0
1785446336175 2253460 2127464 125996 0
1785446336219 2253460 2127464 125996 0
1785446336262 2253460 2127464 125996 0
1785446336307 2253460 2127464 125996 0
1785446336351 2253460 2127464 125996 0
1785446336393 2253460 2127464 125996 0
1785446336439 2253460 2127464 125996 0
1785446336483 2253460 2127464 125996 0
1785446336526 2253460 2127464 125996 0
1785446336572 2253460 2127464 125996 0
1785446336614 2253460 2127464 125996 0
1785446336658 2253460 2127464 125996 0
1785446336704 2253460 2127464 125996 0
1785446336746 2253460 2127464 125996 0
1785446336790 2253460 2127464 125996 0
1785446336835 2253460 2127464 125996 0
1785446336876 2253460 2127464 125996 0
1785446336918 2253460 2127464 125996 0
1785446336965 2253460 2127464 125996 0
1785446337008 2253460 2127464 125996 0
1785446337052 2253460 2127464 125996 0
1785446337095 2253460 2127464 125996 0
1785446337140 2253460 2127464 125996 0
1785446337185 2253460 2127464 125996 0
1785446337229 2253460 2127464 125996 0
1785446337274 2253464 2127468 125996 0
1785446337316 2253464 2127468 125996 0
1785446337360 2253464 2127468 125996 0
1785446337405 2253464 2127468 125996 0
1785446337449 2253464 2127468 125996 0
1785446337493 1340180 1228348 111832 0
1785446337533 2270360 2144364 125996 0
1785446337577 2270360 2144364 125996 0
1785446337620 2270360 2144364 125996 0
1785446337665 2270360 2144364 125996 0
1785446337708 2270360 2144364 125996 0
1785446337752 2270360 2144364 125996 0
1785446337798 2270360 2144364 125996 0
1785446337840 2270360 2144364 125996 0
1785446337884 2282652 2156656 125996 0
1785446337929 2282652 2156656 125996 0
1785446337973 2282652 2156656 125996 0
1785446338016 2282652 2156656 125996 0
1785446338059 2282652 2156656 125996 0
1785446338103 2282652 2156656 125996 0
1785446338143 2282652 2156656 125996 0
1785446338185 2282652 2156656 125996 0
1785446338228 2286388 2160392 125996 0
1785446338270 1532300 1406304 125996 0
1785446338309 2374044 2248048 125996 0
1785446338358 2374044 2248048 125996 0
1785446338400 2226716 2100720 125996 0
1785446338444 2226716 2100720 125996 0
1785446338486 2226716 2100720 125996 0
1785446338530 2226716 2100720 125996 0
1785446338572 2226716 2100720 125996 0
1785446338615 2245020 2119024 125996 0
1785446338658 2245020 2119024 125996 0
1785446338702 2245020 2119024 125996 0
1785446338745 2245020 2119024 125996 0
1785446338789 2245020 2119024 125996 0
1785446338831 2245020 2119024 125996 0
1785446338872 2245024 2119028 125996 0
1785446338914 2245024 2119028 125996 0
1785446338959 2245024 2119028 125996 0
1785446339002 2245024 2119028 125996 0
1785446339043 2245024 2119028 125996 0
1785446339087 2245028 2119032 125996 0
1785446339129 2245028 2119032 125996 0
1785446339173 2245028 2119032 125996 0
1785446339217 2245032 2119036 125996 0
1785446339260 2245040 2119044 125996 0
1785446339305 2245040 2119044 125996 0
1785446339348 2245040 2119044 125996 0
1785446339391 2245040 2119044 125996 0
1785446339435 2245040 2119044 125996 0
1785446339480 2251184 2125188 125996 0
1785446339523 2251184 2125188 125996 0
1785446339566 2251184 2125188 125996 0
1785446339612 2251184 2125188 125996 0
1785446339654 2254792 2130128 124664 0
1785446339698 1084516 962760 121756 0
1785446339733 2245168 2119172 125996 0
1785446339777 2245168 2119172 125996 0
1785446339821 2252212 2126676 125536 0
1785446339865 2278832 2152836 125996 0
1785446339907 2278832 2152836 125996 0
1785446339949 2278832 2152836 125996 0
1785446339993 2278836 2152840 125996 0
1785446340036 2278836 2152840 125996 0
1785446340077 2278836 2152840 125996 0
1785446340120 2284980 2158984 125996 0
1785446340164 2284980 2158984 125996 0
1785446340208 2284980 2158984 125996 0
1785446340252 2284980 2158984 125996 0
1785446340296 2284980 2158984 125996 0
1785446340341 2284980 2158984 125996 0
1785446340385 2284980 2158984 125996 0
1785446340428 2284980 2158984 125996 0
1785446340472 2284980 2158984 125996 0
1785446340515 2284980 2158984 125996 0
1785446340558 2284984 2158988 125996 0
1785446340600 2284984 2158988 125996 0
1785446340643 2284984 2158988 125996 0
1785446340688 2284984 2158988 125996 0
1785446340733 2284984 2158988 125996 0
1785446340775 2284984 2158988 125996 0
1785446340818 2284984 2158988 125996 0
1785446340861 2284984 2158988 125996 0
1785446340904 2284984 2158988 125996 0
1785446340948 2284984 2158988 125996 0
1785446340993 2284984 2158988 125996 0
1785446341038 2284984 2158988 125996 0
1785446341083 2284984 2158988 125996 0
1785446341127 2284984 2158988 125996 0
1785446341170 2284984 2158988 125996 0
1785446341215 2284984 2158988 125996 0
1785446341260 2284984 2158988 125996 0
1785446341303 2284984 2158988 125996 0
1785446341349 2284984 2158988 125996 0
1785446341394 2284984 2158988 125996 0
1785446341438 2284984 2158988 125996 0
1785446341481 2284992 2158996 125996 0
1785446341522 2284992 2158996 125996 0
1785446341562 2284992 2158996 125996 0
1785446341602 2284992 2158996 125996 0
1785446341642 2284992 2158996 125996 0
1785446341680 2284992 2158996 125996 0
1785446341721 2284992 2158996 125996 0
1785446341765 2284992 2158996 125996 0
1785446341808 2284992 2158996 125996 0
1785446341847 2284992 2158996 125996 0
1785446341890 2284992 2158996 125996 0
1785446341932 2284992 2158996 125996 0
1785446341975 2284992 2158996 125996 0
1785446342018 2284992 2158996 125996 0
1785446342062 2284992 2158996 125996 0
1785446342104 2284992 2158996 125996 0
1785446342145 2284996 2159000 125996 0
1785446342190 2284996 2159000 125996 0
1785446342234 2284996 2159000 125996 0
1785446342278 2284996 2159000 125996 0
1785446342320 2284996 2159000 125996 0
1785446342362 2284996 2159000 125996 0
1785446342405 2288068 2162072 125996 0
1785446342448 2288068 2162072 125996 0
1785446342490 2288068 2162072 125996 0
1785446342535 2288068 2162072 125996 0
1785446342576 2288068 2162072 125996 0
1785446342618 2288068 2162072 125996 0
1785446342661 2288068 2162072 125996 0
1785446342703 2288068 2162072 125996 0
1785446342744 2288068 2162072 125996 0
1785446342787 2288068 2162072 125996 0
1785446342829 2288068 2162072 125996 0
1785446342870 2288068 2162072 125996 0
1785446342913 2288068 2162072 125996 0
1785446342956 2288068 2162072 125996 0
1785446343000 2288068 2162072 125996 0
1785446343041 2288068 2162072 125996 0
1785446343083 2288068 2162072 125996 0
1785446343126 2288068 2162072 125996 0
1785446343167 2288068 2162072 125996 0
1785446343210 2291140 2165144 125996 0
1785446343254 2291140 2165144 125996 0
1785446343295 2291140 2165144 125996 0
1785446343339 2291140 2165144 125996 0
1785446343384 2291140 2165144 125996 0
1785446343428 2297284 2171288 125996 0
1785446343472 2315716 2189720 125996 0
1785446343516 2315716 2189720 125996 0
1785446343557 2315716 2189720 125996 0
1785446343602 2315716 2189720 125996 0
1785446343645 2315716 2189720 125996 0
1785446343687 1997612 1871620 125992 0
1785446343727 2254404 2128408 125996 0
1785446343770 2254404 2128408 125996 0
1785446343811 2248784 2131520 117264 0
1785446343849 2278236 2152240 125996 0
1785446343889 2303428 2177432 125996 0
1785446343933 2315100 2189104 125996 0
1785446343973 1614740 1488748 125992 0
1785446344008 2391852 2274496 117356 0
1785446344057 2401732 2275736 125996 0
1785446344100 2303556 2177560 125996 0
1785446344142 2303556 2177560 125996 0
1785446344182 2303556 2177560 125996 0
1785446344222 2303556 2177560 125996 0
1785446344263 2303556 2177560 125996 0
1785446344304 2303556 2177560 125996 0
1785446344348 2303556 2177560 125996 0
1785446344393 2303556 2177560 125996 0
1785446344433 2303556 2177560 125996 0
1785446344474 2303556 2177560 125996 0
1785446344515 2303556 2177560 125996 0
1785446344558 2303560 2177564 125996 0
1785446344602 2303560 2177564 125996 0
1785446344642 2303560 2177564 125996 0
1785446344684 2303560 2177564 125996 0
1785446344724 2303560 2177564 125996 0
1785446344767 2303560 2177564 125996 0
1785446344810 2303560 2177564 125996 0
1785446344852 2303560 2177564 125996 0
1785446344895 2303560 2177564 125996 0
1785446344938 2303572 2177576 125996 0
1785446344982 2303572 2177576 125996 0
1785446345024 2303572 2177576 125996 0
1785446345068 2303576 2177580 125996 0
1785446345110 2303576 2177580 125996 0
1785446345152 1590312 1464320 125992 0
1785446345191 2321880 2195884 125996 0
1785446345233 2321880 2195884 125996 0
1785446345275 2321880 2195884 125996 0
1785446345320 2321884 2195888 125996 0
1785446345364 2321884 2195888 125996 0
1785446345407 2321884 2195888 125996 0
1785446345452 2321884 2195888 125996 0
1785446345494 2321884 2195888 125996 0
1785446345534 1532364 1406368 125996 0
1785446345571 2340316 2214320 125996 0
1785446345614 2340316 2214320 125996 0
1785446345654 1774292 1648296 125996 0
1785446345694 2364892 2238896 125996 0
1785446345737 2364892 2238896 125996 0
1785446345778 2364892 2238896 125996 0
1785446345821 2364892 2238896 125996 0
1785446345863 2364892 2238896 125996 0
1785446345904 2364892 2238896 125996 0
1785446345946 2364892 2238896 125996 0
1785446345987 2364892 2238896 125996 0
1785446346029 2364892 2238896 125996 0
1785446346071 2364892 2238896 125996 0
1785446346115 2364892 2238896 125996 0
1785446346160 2364892 2238896 125996 0
1785446346205 2364896 2238900 125996 0
1785446346248 2364896 2238900 125996 0
1785446346290 2364896 2238900 125996 0
1785446346333 2364896 2238900 125996 0
1785446346376 2364896 2238900 125996 0
1785446346419 2364896 2238900 125996 0
1785446346465 2364896 2238900 125996 0
1785446346510 2364896 2238900 125996 0
1785446346554 2364896 2238900 125996 0
1785446346599 2364896 2238900 125996 0
1785446346644 2364896 2238900 125996 0
1785446346688 2364896 2238900 125996 0
1785446346731 2364896 2238900 125996 0
1785446346775 2364896 2238900 125996 0
1785446346820 2364896 2238900 125996 0
1785446346864 2364896 2238900 125996 0
1785446346909 2364896 2238900 125996 0
1785446346953 2364896 2238900 125996 0
1785446346997 2364896 2238900 125996 0
1785446347040 2364896 2238900 125996 0
1785446347084 2364896 2238900 125996 0
1785446347128 2364896 2238900 125996 0
1785446347173 2364896 2238900 125996 0
1785446347214 2364896 2238900 125996 0
1785446347257 2364896 2238900 125996 0
1785446347302 2364896 2238900 125996 0
1785446347345 2364896 2238900 125996 0
1785446347387 2364896 2238900 125996 0
1785446347433 2364896 2238900 125996 0
1785446347475 2364896 2238900 125996 0
1785446347519 2364896 2238900 125996 0
1785446347563 2364896 2238900 125996 0
1785446347607 2364900 2238904 125996 0
1785446347650 2364904 2238908 125996 0
1785446347694 2364904 2238908 125996 0
1785446347737 2364904 2238908 125996 0
1785446347780 2364904 2238908 125996 0
1785446347825 2364904 2238908 125996 0
1785446347869 2364904 2238908 125996 0
1785446347914 2364904 2238908 125996 0
1785446347958 2364908 2238912 125996 0
1785446348001 2364908 2238912 125996 0
1785446348046 2364908 2238912 125996 0
1785446348092 2364908 2238912 125996 0
1785446348137 2364908 2238912 125996 0
1785446348181 2364908 2238912 125996 0
1785446348225 2364908 2238912 125996 0
1785446348270 2364908 2238912 125996 0
1785446348314 2364908 2238912 125996 0
1785446348358 2364908 2238912 125996 0
1785446348402 2364908 2238912 125996 0
1785446348448 2364908 2238912 125996 0
1785446348494 2364908 2238912 125996 0
1785446348538 2364908 2238912 125996 0
1785446348585 2364908 2238912 125996 0
1785446348630 2364908 2238912 125996 0
1785446348675 2364908 2238912 125996 0
1785446348719 2364908 2238912 125996 0
1785446348762 2364908 2238912 125996 0
1785446348806 2364908 2238912 125996 0
1785446348850 2364908 2238912 125996 0
1785446348893 2364908 2238912 125996 0
1785446348936 2364908 2238912 125996 0
1785446348978 2364908 2238912 125996 0
1785446349022 2364756 2238764 125992 0
1785446349065 2370284 2244288 125996 0
1785446349109 2370284 2244288 125996 0
1785446349153 2370284 2244288 125996 0
1785446349198 2370284 2244288 125996 0
1785446349242 2370284 2244288 125996 0
1785446349286 2370284 2244288 125996 0
1785446349333 2370284 2244288 125996 0
1785446349377 2370284 2244288 125996 0
1785446349421 2370284 2244288 125996 0
1785446349466 2370284 2244288 125996 0
1785446349511 2370284 2244288 125996 0
1785446349553 2370284 2244288 125996 0
1785446349594 2382724 2256728 125996 0
1785446349639 2389000 2274656 114344 0
1785446349682 2419284 2293292 125992 0
1785446349725 1374540 1248544 125996 0
1785446349769 2444140 2318144 125996 0
1785446349815 2047700 1921708 125992 0
1785446349857 2370412 2244416 125996 0
1785446349899 2370412 2244416 125996 0
1785446349943 2370412 2244416 125996 0
1785446349985 2370412 2244416 125996 0
1785446350026 2370412 2244416 125996 0
1785446350072 2370412 2244416 125996 0
1785446350117 2370412 2244416 125996 0
1785446350160 2370412 2244416 125996 0
1785446350205 2370412 2244416 125996 0
1785446350247 2370412 2244416 125996 0
1785446350292 2370416 2244420 125996 0
1785446350334 2370416 2244420 125996 0
1785446350377 2370416 2244420 125996 0
1785446350421 2370416 2244420 125996 0
1785446350463 2370416 2244420 125996 0
1785446350506 2370416 2244420 125996 0
1785446350548 2370420 2244424 125996 0
1785446350590 2370420 2244424 125996 0
1785446350634 2370420 2244424 125996 0
1785446350678 2370428 2244432 125996 0
1785446350722 2370432 2244436 125996 0
1785446350767 2370432 2244436 125996 0
1785446350813 2370432 2244436 125996 0
1785446350855 2370432 2244436 125996 0
1785446350897 2370432 2244436 125996 0
1785446350942 2370432 2244436 125996 0
1785446350986 2370432 2244436 125996 0
1785446351031 2370436 2244440 125996 0
1785446351074 2370436 2244440 125996 0
1785446351116 2370436 2244440 125996 0
1785446351159 2370436 2244440 125996 0
1785446351204 2370436 2244440 125996 0
1785446351246 2370436 2244440 125996 0
1785446351289 2382596 2256600 125996 0
1785446351334 2382596 2256600 125996 0
1785446351377 2382596 2256600 125996 0
1785446351422 2382596 2256600 125996 0
1785446351465 2382596 2256600 125996 0
1785446351508 1778940 1652944 125996 0
1785446351551 1652592 1526596 125996 0
1785446351594 2327428 2201432 125996 0
1785446351637 2327428 2201432 125996 0
1785446351681 2327428 2201432 125996 0
1785446351725 2327432 2201436 125996 0
1785446351768 2327432 2201436 125996 0
1785446351812 2327432 2201436 125996 0
1785446351857 2327432 2201436 125996 0
1785446351900 2327432 2201436 125996 0
1785446351944 2327432 2201436 125996 0
1785446351988 2327432 2201436 125996 0
1785446352031 2327432 2201436 125996 0
1785446352074 2327432 2201436 125996 0
1785446352119 2327432 2201436 125996 0
1785446352163 2327432 2201436 125996 0
1785446352205 2327432 2201436 125996 0
1785446352249 2327432 2201436 125996 0
1785446352294 2327432 2201436 125996 0
1785446352338 2327432 2201436 125996 0
1785446352382 2327432 2201436 125996 0
1785446352427 2327432 2201436 125996 0
1785446352472 2327432 2201436 125996 0
1785446352517 2327432 2201436 125996 0
1785446352560 2327432 2201436 125996 0
1785446352602 2327432 2201436 125996 0
1785446352646 2327432 2201436 125996 0
1785446352690 2327432 2201436 125996 0
1785446352735 2327432 2201436 125996 0
1785446352778 2327432 2201436 125996 0
1785446352821 2327432 2201436 125996 0
1785446352863 2327432 2201436 125996 0
1785446352906 2327436 2201440 125996 0
1785446352951 2327440 2201444 125996 0
1785446352994 2327440 2201444 125996 0
1785446353035 2327440 2201444 125996 0
1785446353077 2327440 2201444 125996 0
1785446353117 2327440 2201444 125996 0
1785446353160 2327440 2201444 125996 0
1785446353203 2327440 2201444 125996 0
1785446353246 2327440 2201444 125996 0
1785446353288 2327440 2201444 125996 0
1785446353330 2327440 2201444 125996 0
1785446353374 2327440 2201444 125996 0
1785446353417 2327440 2201444 125996 0
1785446353461 2327440 2201444 125996 0
1785446353504 2327440 2201444 125996 0
1785446353548 2331596 2210832 120764 0
1785446353592 2345748 2219752 125996 0
1785446353634 2345748 2219752 125996 0
1785446353676 2358036 2232040 125996 0
1785446353722 2358036 2232040 125996 0
1785446353765 2364180 2238184 125996 0
1785446353809 2394900 2268904 125996 0
1785446353855 2394900 2268904 125996 0
1785446353898 2394900 2268904 125996 0
1785446353942 2394904 2268908 125996 0
1785446353987 2394904 2268908 125996 0
1785446354029 2394904 2268908 125996 0
1785446354074 2394904 2268908 125996 0
1785446354120 2394904 2268908 125996 0
1785446354164 2394904 2268908 125996 0
1785446354209 2394904 2268908 125996 0
1785446354254 2327448 2201452 125996 0
1785446354299 2327448 2201452 125996 0
1785446354345 2327448 2201452 125996 0
1785446354390 2327448 2201452 125996 0
1785446354436 1920536 1794540 125996 0
1785446354478 2342692 2224468 118224 0
1785446354521 1769848 1651764 118084 0
1785446354564 2382616 2256620 125996 0
1785446354608 2382616 2256620 125996 0
1785446354651 2382464 2256472 125992 0
1785446354696 2401048 2275052 125996 0
1785446354741 2401048 2275052 125996 0
1785446354783 1765136 1639140 125996 0
1785446354825 2413336 2287340 125996 0
1785446354867 2413336 2287340 125996 0
1785446354909 1783568 1657572 125996 0
1785446354952 2419480 2293484 125996 0
1785446354994 2419480 2293484 125996 0
1785446355036 2419480 2293484 125996 0
1785446355081 2419480 2293484 125996 0
1785446355125 2419480 2293484 125996 0
1785446355168 1532424 1406428 125996 0
1785446355207 2352024 2226028 125996 0
1785446355251 2360240 2234244 125996 0
1785446355295 1967640 1841644 125996 0
1785446355336 2395056 2269060 125996 0
1785446355377 2422552 2296556 125996 0
1785446355421 2431920 2305924 125996 0
1785446355461 2446976 2320984 125992 0
1785446355503 2560996 2442852 118144 0
1785446355550 2570052 2444056 125996 0
1785446355593 2570096 2444100 125996 0
1785446355636 2570192 2444196 125996 0
1785446355680 2570192 2444196 125996 0
1785446355723 2349152 2223156 125996 0
1785446355766 2349152 2223156 125996 0
1785446355811 2349152 2223156 125996 0
1785446355851 2349152 2223156 125996 0
1785446355893 2349152 2223156 125996 0
1785446355935 2349152 2223156 125996 0
1785446355975 2349152 2223156 125996 0
1785446356020 2349152 2223156 125996 0
1785446356061 2349152 2223156 125996 0
1785446356105 2349152 2223156 125996 0
1785446356147 2349152 2223156 125996 0
1785446356189 2349152 2223156 125996 0
1785446356230 2349152 2223156 125996 0
1785446356273 2349152 2223156 125996 0
1785446356316 2349152 2223156 125996 0
1785446356357 2349152 2223156 125996 0
1785446356401 2349152 2223156 125996 0
1785446356444 2349152 2223156 125996 0
1785446356489 2349152 2223156 125996 0
1785446356532 2349152 2223156 125996 0
1785446356574 2349152 2223156 125996 0
1785446356617 2349152 2223156 125996 0
1785446356659 2349152 2223156 125996 0
1785446356703 2349156 2223160 125996 0
1785446356747 2349156 2223160 125996 0
1785446356791 2349156 2223160 125996 0
1785446356835 2349156 2223160 125996 0
1785446356877 2400484 2274488 125996 0
1785446356923 2400484 2274488 125996 0
1785446356967 2400484 2274488 125996 0
1785446357012 2400484 2274488 125996 0
1785446357056 2400484 2274488 125996 0
1785446357098 1760732 1634736 125996 0
1785446357141 2425060 2299064 125996 0
1785446357186 2425060 2299064 125996 0
1785446357229 2425060 2299064 125996 0
1785446357274 2425060 2299064 125996 0
1785446357319 2425064 2299068 125996 0
1785446357363 2425064 2299068 125996 0
1785446357410 2425064 2299068 125996 0
1785446357453 2425064 2299068 125996 0
1785446357497 2425064 2299068 125996 0
1785446357543 2333032 2207036 125996 0
1785446357586 2333032 2207036 125996 0
1785446357630 2333032 2207036 125996 0
1785446357674 2333032 2207036 125996 0
1785446357717 2333032 2207036 125996 0
1785446357760 2333032 2207036 125996 0
1785446357803 2333032 2207036 125996 0
1785446357847 2333032 2207036 125996 0
1785446357890 2333032 2207036 125996 0
1785446357933 2333032 2207036 125996 0
1785446357976 2333032 2207036 125996 0
1785446358019 2333032 2207036 125996 0
1785446358062 2333032 2207036 125996 0
1785446358105 2333032 2207036 125996 0
1785446358149 2333032 2207036 125996 0
1785446358192 2333032 2207036 125996 0
1785446358236 2333032 2207036 125996 0
1785446358280 2333032 2207036 125996 0
1785446358323 2333032 2207036 125996 0
1785446358367 2333032 2207036 125996 0
1785446358410 2333032 2207036 125996 0
1785446358454 2333032 2207036 125996 0
1785446358497 2333032 2207036 125996 0
1785446358540 2333032 2207036 125996 0
1785446358584 2333032 2207036 125996 0
1785446358627 2333032 2207036 125996 0
1785446358670 2333032 2207036 125996 0
1785446358714 2333036 2207040 125996 0
1785446358755 2333036 2207040 125996 0
1785446358798 2333036 2207040 125996 0
1785446358841 2333036 2207040 125996 0
1785446358883 2333036 2207040 125996 0
1785446358925 2333036 2207040 125996 0
1785446358967 2333036 2207040 125996 0
1785446359010 2344068 2218072 125996 0
1785446359052 1637308 1511316 125992 0
1785446359091 2387436 2261440 125996 0
1785446359135 2387436 2261440 125996 0
1785446359178 2387436 2261440 125996 0
1785446359219 2387436 2261440 125996 0
1785446359263 2387436 2261440 125996 0
1785446359305 2387436 2261440 125996 0
1785446359349 2387436 2261440 125996 0
1785446359392 2387436 2261440 125996 0
1785446359436 2387436 2261440 125996 0
1785446359478 2193748 2067756 125992 0
1785446359522 2418156 2292160 125996 0
1785446359566 2418156 2292160 125996 0
1785446359609 2418156 2292160 125996 0
1785446359654 2418156 2292160 125996 0
1785446359697 2418156 2292160 125996 0
1785446359739 2418156 2292160 125996 0
1785446359786 2418156 2292160 125996 0
1785446359831 2418156 2292160 125996 0
1785446359874 1310284 1184288 125996 0
1785446359915 2436588 2310592 125996 0
1785446359959 2436588 2310592 125996 0
1785446360003 2436588 2310592 125996 0
1785446360050 2436588 2310592 125996 0
1785446360093 2436588 2310592 125996 0
1785446360137 2436588 2310592 125996 0
1785446360184 2436588 2310592 125996 0
1785446360229 2436588 2310592 125996 0
1785446360273 2436588 2310592 125996 0
1785446360317 2436588 2310592 125996 0
1785446360361 2436588 2310592 125996 0
1785446360405 2436588 2310592 125996 0
1785446360447 2436588 2310592 125996 0
1785446360493 1356560 1238420 118140 0
1785446360532 2461168 2335172 125996 0
1785446360575 2461168 2335172 125996 0
1785446360619 2461168 2335172 125996 0
1785446360664 2461168 2335172 125996 0
1785446360707 2461168 2335172 125996 0
1785446360750 2072152 1946156 125996 0
1785446360793 2467312 2341316 125996 0
1785446360835 2467312 2341316 125996 0
1785446360880 2467312 2341316 125996 0
1785446360927 2467312 2341316 125996 0
1785446360970 2467312 2341316 125996 0
1785446361013 2477436 2353092 124344 0
1785446361057 2479600 2353604 125996 0
1785446361099 2479600 2353604 125996 0
1785446361141 2485744 2359748 125996 0
1785446361188 2399704 2273712 125992 0
1785446361233 2415752 2289756 125996 0
1785446361276 2434184 2308188 125996 0
1785446361316 1983064 1857068 125996 0
1785446361355 2470384 2344388 125996 0
1785446361396 2483336 2357340 125996 0
1785446361437 1770384 1652032 118352 0
1785446361481 2386964 2260968 125996 0
1785446361526 2390640 2264644 125996 0
1785446361569 2390640 2264644 125996 0
1785446361613 2390640 2264644 125996 0
1785446361655 2390640 2264644 125996 0
1785446361696 2390640 2264644 125996 0
1785446361736 2390640 2264644 125996 0
1785446361779 2390640 2264644 125996 0
1785446361821 2390640 2264644 125996 0
1785446361862 2390640 2264644 125996 0
1785446361902 2390640 2264644 125996 0
1785446361945 2390640 2264644 125996 0
1785446361985 2390644 2264648 125996 0
1785446362028 2390644 2264648 125996 0
1785446362071 2390644 2264648 125996 0
1785446362111 2390644 2264648 125996 0
1785446362154 2390644 2264648 125996 0
1785446362196 2390644 2264648 125996 0
1785446362240 2390644 2264648 125996 0
1785446362282 2390644 2264648 125996 0
1785446362326 2390644 2264648 125996 0
1785446362371 2390644 2264648 125996 0
1785446362412 2390648 2264652 125996 0
1785446362454 2390652 2264656 125996 0
1785446362498 2390652 2264656 125996 0
1785446362543 2390652 2264656 125996 0
1785446362587 2390652 2264656 125996 0
1785446362631 1370204 1244208 125996 0
1785446362673 2415100 2289104 125996 0
1785446362715 2415100 2289104 125996 0
1785446362758 2012260 1886264 125996 0
1785446362799 2445820 2319824 125996 0
1785446362845 2445820 2319824 125996 0
1785446362889 2445668 2319676 125992 0
1785446362933 2458108 2332112 125996 0
1785446362977 2458108 2332112 125996 0
1785446363021 1071260 961512 109748 0
1785446363056 2501120 2375124 125996 0
1785446363101 2501120 2375124 125996 0
1785446363143 2501120 2375124 125996 0
1785446363188 2501120 2375124 125996 0
1785446363232 2501120 2375124 125996 0
1785446363275 2501120 2375124 125996 0
1785446363320 2501120 2375124 125996 0
1785446363364 2421372 2295376 125996 0
1785446363408 2421372 2295376 125996 0
1785446363451 2421372 2295376 125996 0
1785446363494 2421372 2295376 125996 0
1785446363537 2421372 2295376 125996 0
1785446363580 2421372 2295376 125996 0
1785446363623 2421372 2295376 125996 0
1785446363667 2421372 2295376 125996 0
1785446363710 2421372 2295376 125996 0
1785446363753 2421372 2295376 125996 0
1785446363796 2421372 2295376 125996 0
1785446363840 2421372 2295376 125996 0
1785446363883 2421372 2295376 125996 0
1785446363926 2421372 2295376 125996 0
1785446363970 2421372 2295376 125996 0
1785446364013 2421372 2295376 125996 0
1785446364057 2421372 2295376 125996 0
1785446364100 2421372 2295376 125996 0
1785446364143 2421372 2295376 125996 0
1785446364186 2421372 2295376 125996 0
1785446364229 2421372 2295376 125996 0
1785446364272 2421372 2295376 125996 0
1785446364315 2421372 2295376 125996 0
1785446364357 2421372 2295376 125996 0
1785446364400 2421372 2295376 125996 0
1785446364443 2421372 2295376 125996 0
1785446364487 2421372 2295376 125996 0
1785446364531 2421372 2295376 125996 0
1785446364576 2421372 2295376 125996 0
1785446364621 2421372 2295376 125996 0
1785446364664 2421372 2295376 125996 0
1785446364709 2421372 2295376 125996 0
1785446364752 2421372 2295376 125996 0
1785446364796 2421372 2295376 125996 0
1785446364837 2421372 2295376 125996 0
1785446364881 2421372 2295376 125996 0
1785446364925 2421372 2295376 125996 0
1785446364969 2421372 2295376 125996 0
1785446365013 2421372 2295376 125996 0
1785446365057 2421372 2295376 125996 0
1785446365102 2421372 2295376 125996 0
1785446365147 2421372 2295376 125996 0
1785446365193 2421372 2295376 125996 0
1785446365237 2421372 2295376 125996 0
1785446365282 1711244 1593108 118136 0
1785446365323 2445820 2319824 125996 0
1785446365367 2445820 2319824 125996 0
1785446365411 2045100 1927264 117836 0
1785446365454 2476540 2350544 125996 0
1785446365499 2476540 2350544 125996 0
1785446365542 2158436 2032444 125992 0
1785446365585 2494976 2368980 125996 0
1785446365628 2494976 2368980 125996 0
1785446365671 2098536 1972544 125992 0
1785446365715 2513408 2387412 125996 0
1785446365758 2513408 2387412 125996 0
1785446365803 2513408 2387412 125996 0
1785446365850 2513408 2387412 125996 0
1785446365894 2513408 2387412 125996 0
1785446365939 2513408 2387412 125996 0
1785446365985 2445948 2319952 125996 0
1785446366030 2445948 2319952 125996 0
1785446366074 2445948 2319952 125996 0
1785446366119 2445948 2319952 125996 0
1785446366164 2445948 2319952 125996 0
1785446366208 2445948 2319952 125996 0
1785446366252 1769972 1643976 125996 0
1785446366294 2470396 2344400 125996 0
1785446366339 2470396 2344400 125996 0
1785446366384 1532652 1406656 125996 0
1785446366424 2488832 2362836 125996 0
1785446366468 2488832 2362836 125996 0
1785446366513 2488832 2362836 125996 0
1785446366560 2488832 2362836 125996 0
1785446366603 2488832 2362836 125996 0
1785446366648 2386732 2272896 113836 0
1785446366692 2501120 2375124 125996 0
1785446366737 2501120 2375124 125996 0
1785446366782 2501120 2375124 125996 0
1785446366827 2501120 2375124 125996 0
1785446366871 2501120 2375124 125996 0
1785446366916 2501120 2375124 125996 0
1785446366963 2439696 2313956 125740 0
1785446367008 2457688 2331692 125996 0
1785446367050 2477204 2351208 125996 0
1785446367093 2507260 2381264 125996 0
1785446367138 2507260 2381264 125996 0
1785446367180 1523436 1397440 125996 0
1785446367219 2507232 2389484 117748 0
1785446367267 2580988 2454992 125996 0
1785446367308 2580988 2454992 125996 0
1785446367352 2580988 2454992 125996 0
1785446367391 2580988 2454992 125996 0
1785446367431 2580988 2454992 125996 0
1785446367474 2580988 2454992 125996 0
1785446367517 2580988 2454992 125996 0
1785446367561 2580988 2454992 125996 0
1785446367602 2580988 2454992 125996 0
1785446367645 2580988 2454992 125996 0
1785446367688 2580988 2454992 125996 0
1785446367733 2580988 2454992 125996 0
1785446367777 2580988 2454992 125996 0
1785446367822 2580988 2454992 125996 0
1785446367868 1652840 1526844 125996 0
1785446367907 2415228 2289232 125996 0
1785446367951 2415228 2289232 125996 0
1785446367995 2415284 2289288 125996 0
1785446368037 2222856 2096684 126172 0
1785446368080 2222856 2096684 126172 0
1785446368121 2222856 2096684 126172 0
1785446368163 2222860 2096684 126176 0
1785446368205 2223024 2096684 126340 0
1785446368247 2223024 2096684 126340 0
1785446368289 2223024 2096684 126340 0
1785446368333 2223024 2096684 126340 0
1785446368376 2223024 2096684 126340 0
1785446368420 2223028 2096688 126340 0
1785446368466 2223028 2096688 126340 0
1785446368508 1519008 1392668 126340 0
1785446368547 2221388 2094116 127272 0
1785446368591 2221496 2094116 127380 0
1785446368635 2221676 2094116 127560 0
