[2026-09-30 07:15:28.988] [info] [thread_pool.cc:30] Create a fixed thread pool with size 15
[2026-09-30 07:15:33.982] [info] [cheetah_mul.cc:335] CheetahMul uses 3 modulus for 64 bit input over 64 bit ring
[2026-09-30 07:15:47.000] [info] [cheetah_dot.cc:636] 1@128x768x2304 => 128x64x1 Recv 2.117 MiB, Response 8.732 MiB Pack 0 ms (interleave)
[2026-09-30 07:15:47.436] [info] [cheetah_dot.cc:636] 1@128x64x128 => 128x64x1 Recv 0.176 MiB, Response 0.485 MiB Pack 0 ms (interleave)
[2026-09-30 07:15:50.518] [info] [activation.cc:317] f_nexp 16384 sent 4.8443098068237305 MiB
[2026-09-30 07:15:50.986] [info] [cheetah_dot.cc:636] 1@128x128x64 => 1x128x64 Recv 0.176 MiB, Response 0.243 MiB Pack 42.393 ms (interleave)
[2026-09-30 07:15:51.096] [info] [cheetah_dot.cc:636] 1@128x64x128 => 128x64x1 Recv 0.176 MiB, Response 0.485 MiB Pack 0 ms (interleave)
[2026-09-30 07:15:51.899] [info] [activation.cc:317] f_nexp 16384 sent 3.829045295715332 MiB
[2026-09-30 07:15:52.458] [info] [cheetah_dot.cc:636] 1@128x128x64 => 1x128x64 Recv 0.176 MiB, Response 0.243 MiB Pack 40.712 ms (interleave)
[2026-09-30 07:15:52.574] [info] [cheetah_dot.cc:636] 1@128x64x128 => 128x64x1 Recv 0.176 MiB, Response 0.485 MiB Pack 0 ms (interleave)
[2026-09-30 07:15:53.365] [info] [activation.cc:317] f_nexp 16384 sent 3.828862190246582 MiB
[2026-09-30 07:15:53.837] [info] [cheetah_dot.cc:636] 1@128x128x64 => 1x128x64 Recv 0.176 MiB, Response 0.243 MiB Pack 39.473 ms (interleave)
[2026-09-30 07:15:53.953] [info] [cheetah_dot.cc:636] 1@128x64x128 => 128x64x1 Recv 0.176 MiB, Response 0.485 MiB Pack 0 ms (interleave)
[2026-09-30 07:15:54.840] [info] [activation.cc:317] f_nexp 16384 sent 3.8288516998291016 MiB
[2026-09-30 07:15:55.337] [info] [cheetah_dot.cc:636] 1@128x128x64 => 1x128x64 Recv 0.176 MiB, Response 0.243 MiB Pack 46.084 ms (interleave)
[2026-09-30 07:15:55.455] [info] [cheetah_dot.cc:636] 1@128x64x128 => 128x64x1 Recv 0.176 MiB, Response 0.485 MiB Pack 0 ms (interleave)
[2026-09-30 07:15:56.352] [info] [activation.cc:317] f_nexp 16384 sent 3.828857421875 MiB
[2026-09-30 07:15:56.829] [info] [cheetah_dot.cc:636] 1@128x128x64 => 1x128x64 Recv 0.176 MiB, Response 0.243 MiB Pack 133.785 ms (interleave)
[2026-09-30 07:15:56.942] [info] [cheetah_dot.cc:636] 1@128x64x128 => 128x64x1 Recv 0.176 MiB, Response 0.485 MiB Pack 0 ms (interleave)
[2026-09-30 07:15:57.817] [info] [activation.cc:317] f_nexp 16384 sent 3.8288440704345703 MiB
[2026-09-30 07:15:58.377] [info] [cheetah_dot.cc:636] 1@128x128x64 => 1x128x64 Recv 0.176 MiB, Response 0.243 MiB Pack 42.118 ms (interleave)
[2026-09-30 07:15:58.496] [info] [cheetah_dot.cc:636] 1@128x64x128 => 128x64x1 Recv 0.176 MiB, Response 0.485 MiB Pack 0 ms (interleave)
[2026-09-30 07:15:59.378] [info] [activation.cc:317] f_nexp 16384 sent 3.828632354736328 MiB
[2026-09-30 07:15:59.868] [info] [cheetah_dot.cc:636] 1@128x128x64 => 1x128x64 Recv 0.176 MiB, Response 0.243 MiB Pack 53.937 ms (interleave)
[2026-09-30 07:15:59.980] [info] [cheetah_dot.cc:636] 1@128x64x128 => 128x64x1 Recv 0.176 MiB, Response 0.485 MiB Pack 0 ms (interleave)
[2026-09-30 07:16:00.867] [info] [activation.cc:317] f_nexp 16384 sent 3.8290653228759766 MiB
[2026-09-30 07:16:01.354] [info] [cheetah_dot.cc:636] 1@128x128x64 => 1x128x64 Recv 0.176 MiB, Response 0.243 MiB Pack 48.665 ms (interleave)
[2026-09-30 07:16:01.465] [info] [cheetah_dot.cc:636] 1@128x64x128 => 128x64x1 Recv 0.176 MiB, Response 0.485 MiB Pack 0 ms (interleave)
[2026-09-30 07:16:02.449] [info] [activation.cc:317] f_nexp 16384 sent 3.828660011291504 MiB
[2026-09-30 07:16:02.944] [info] [cheetah_dot.cc:636] 1@128x128x64 => 1x128x64 Recv 0.176 MiB, Response 0.243 MiB Pack 43.377 ms (interleave)
[2026-09-30 07:16:03.057] [info] [cheetah_dot.cc:636] 1@128x64x128 => 128x64x1 Recv 0.176 MiB, Response 0.485 MiB Pack 0 ms (interleave)
[2026-09-30 07:16:03.950] [info] [activation.cc:317] f_nexp 16384 sent 3.828782081604004 MiB
[2026-09-30 07:16:05.051] [info] [cheetah_dot.cc:636] 1@128x128x64 => 1x128x64 Recv 0.176 MiB, Response 0.243 MiB Pack 47.088 ms (interleave)
[2026-09-30 07:16:05.261] [info] [cheetah_dot.cc:636] 1@128x64x128 => 128x64x1 Recv 0.176 MiB, Response 0.485 MiB Pack 0 ms (interleave)
[2026-09-30 07:16:06.061] [info] [activation.cc:317] f_nexp 16384 sent 3.8288393020629883 MiB
[2026-09-30 07:16:06.534] [info] [cheetah_dot.cc:636] 1@128x128x64 => 1x128x64 Recv 0.176 MiB, Response 0.243 MiB Pack 42.04 ms (interleave)
[2026-09-30 07:16:06.645] [info] [cheetah_dot.cc:636] 1@128x64x128 => 128x64x1 Recv 0.176 MiB, Response 0.485 MiB Pack 0 ms (interleave)
[2026-09-30 07:16:07.527] [info] [activation.cc:317] f_nexp 16384 sent 3.828524589538574 MiB
[2026-09-30 07:16:08.000] [info] [cheetah_dot.cc:636] 1@128x128x64 => 1x128x64 Recv 0.176 MiB, Response 0.243 MiB Pack 41.915 ms (interleave)
[2026-09-30 07:16:08.835] [info] [cheetah_dot.cc:636] 1@128x768x768 => 128x64x1 Recv 2.117 MiB, Response 2.911 MiB Pack 0 ms (interleave)
[2026-09-30 07:16:14.886] [info] [cheetah_dot.cc:636] 1@128x768x3072 => 128x64x1 Recv 13.76 MiB, Response 11.644 MiB Pack 0 ms (interleave)
[2026-09-30 07:16:18.067] [info] [activation.cc:208] seg3_gelu (i32true) 393216 sent 60.994144439697266 MiB
[2026-09-30 07:16:20.226] [info] [cheetah_dot.cc:636] 1@128x3072x768 => 128x64x1 Recv 9.437 MiB, Response 2.911 MiB Pack 0 ms (interleave)
[2026-09-30 07:16:25.584] [info] [cheetah_dot.cc:636] 1@128x768x2304 => 128x64x1 Recv 10.85 MiB, Response 8.733 MiB Pack 0 ms (interleave)
[2026-09-30 07:16:26.000] [info] [cheetah_dot.cc:636] 1@128x64x128 => 128x64x1 Recv 0.176 MiB, Response 0.485 MiB Pack 0 ms (interleave)
[2026-09-30 07:16:26.811] [info] [activation.cc:317] f_nexp 16384 sent 3.828486442565918 MiB
[2026-09-30 07:16:27.111] [info] [cheetah_dot.cc:636] 1@128x128x64 => 1x128x64 Recv 0.176 MiB, Response 0.243 MiB Pack 46.502 ms (interleave)
[2026-09-30 07:16:27.223] [info] [cheetah_dot.cc:636] 1@128x64x128 => 128x64x1 Recv 0.176 MiB, Response 0.485 MiB Pack 0 ms (interleave)
[2026-09-30 07:16:27.845] [info] [activation.cc:317] f_nexp 16384 sent 3.828639030456543 MiB
[2026-09-30 07:16:28.137] [info] [cheetah_dot.cc:636] 1@128x128x64 => 1x128x64 Recv 0.176 MiB, Response 0.243 MiB Pack 37.29 ms (interleave)
[2026-09-30 07:16:28.245] [info] [cheetah_dot.cc:636] 1@128x64x128 => 128x64x1 Recv 0.176 MiB, Response 0.485 MiB Pack 0 ms (interleave)
[2026-09-30 07:16:28.862] [info] [activation.cc:317] f_nexp 16384 sent 3.828907012939453 MiB
[2026-09-30 07:16:29.339] [info] [cheetah_dot.cc:636] 1@128x128x64 => 1x128x64 Recv 0.176 MiB, Response 0.243 MiB Pack 39.379 ms (interleave)
[2026-09-30 07:16:29.445] [info] [cheetah_dot.cc:636] 1@128x64x128 => 128x64x1 Recv 0.176 MiB, Response 0.485 MiB Pack 0 ms (interleave)
[2026-09-30 07:16:30.244] [info] [activation.cc:317] f_nexp 16384 sent 3.8288707733154297 MiB
[2026-09-30 07:16:30.743] [info] [cheetah_dot.cc:636] 1@128x128x64 => 1x128x64 Recv 0.176 MiB, Response 0.243 MiB Pack 47.724 ms (interleave)
[2026-09-30 07:16:30.852] [info] [cheetah_dot.cc:636] 1@128x64x128 => 128x64x1 Recv 0.176 MiB, Response 0.485 MiB Pack 0 ms (interleave)
[2026-09-30 07:16:32.339] [info] [activation.cc:317] f_nexp 16384 sent 3.8287439346313477 MiB
[2026-09-30 07:16:32.634] [info] [cheetah_dot.cc:636] 1@128x128x64 => 1x128x64 Recv 0.176 MiB, Response 0.243 MiB Pack 41.404 ms (interleave)
[2026-09-30 07:16:32.749] [info] [cheetah_dot.cc:636] 1@128x64x128 => 128x64x1 Recv 0.176 MiB, Response 0.485 MiB Pack 0 ms (interleave)
[2026-09-30 07:16:33.364] [info] [activation.cc:317] f_nexp 16384 sent 3.828615188598633 MiB
[2026-09-30 07:16:33.663] [info] [cheetah_dot.cc:636] 1@128x128x64 => 1x128x64 Recv 0.176 MiB, Response 0.243 MiB Pack 43.587 ms (interleave)
[2026-09-30 07:16:33.777] [info] [cheetah_dot.cc:636] 1@128x64x128 => 128x64x1 Recv 0.176 MiB, Response 0.485 MiB Pack 0 ms (interleave)
[2026-09-30 07:16:35.287] [info] [activation.cc:317] f_nexp 16384 sent 3.828672409057617 MiB
[2026-09-30 07:16:35.574] [info] [cheetah_dot.cc:636] 1@128x128x64 => 1x128x64 Recv 0.176 MiB, Response 0.243 MiB Pack 39.341 ms (interleave)
[2026-09-30 07:16:35.684] [info] [cheetah_dot.cc:636] 1@128x64x128 => 128x64x1 Recv 0.176 MiB, Response 0.485 MiB Pack 0 ms (interleave)
[2026-09-30 07:16:36.581] [info] [activation.cc:317] f_nexp 16384 sent 3.8288803100585938 MiB
[2026-09-30 07:16:36.872] [info] [cheetah_dot.cc:636] 1@128x128x64 => 1x128x64 Recv 0.176 MiB, Response 0.243 MiB Pack 38.333 ms (interleave)
[2026-09-30 07:16:36.982] [info] [cheetah_dot.cc:636] 1@128x64x128 => 128x64x1 Recv 0.176 MiB, Response 0.485 MiB Pack 0 ms (interleave)
[2026-09-30 07:16:37.691] [info] [activation.cc:317] f_nexp 16384 sent 3.8287649154663086 MiB
[2026-09-30 07:16:38.009] [info] [cheetah_dot.cc:636] 1@128x128x64 => 1x128x64 Recv 0.176 MiB, Response 0.243 MiB Pack 43.4 ms (interleave)
[2026-09-30 07:16:38.116] [info] [cheetah_dot.cc:636] 1@128x64x128 => 128x64x1 Recv 0.176 MiB, Response 0.485 MiB Pack 0 ms (interleave)
[2026-09-30 07:16:39.013] [info] [activation.cc:317] f_nexp 16384 sent 3.828913688659668 MiB
[2026-09-30 07:16:39.299] [info] [cheetah_dot.cc:636] 1@128x128x64 => 1x128x64 Recv 0.176 MiB, Response 0.243 MiB Pack 40.319 ms (interleave)
[2026-09-30 07:16:39.408] [info] [cheetah_dot.cc:636] 1@128x64x128 => 128x64x1 Recv 0.176 MiB, Response 0.485 MiB Pack 0 ms (interleave)
[2026-09-30 07:16:40.118] [info] [activation.cc:317] f_nexp 16384 sent 3.8286991119384766 MiB
[2026-09-30 07:16:40.416] [info] [cheetah_dot.cc:636] 1@128x128x64 => 1x128x64 Recv 0.176 MiB, Response 0.243 MiB Pack 40.846 ms (interleave)
[2026-09-30 07:16:40.531] [info] [cheetah_dot.cc:636] 1@128x64x128 => 128x64x1 Recv 0.176 MiB, Response 0.485 MiB Pack 0 ms (interleave)
[2026-09-30 07:16:41.143] [info] [activation.cc:317] f_nexp 16384 sent 3.828801155090332 MiB
[2026-09-30 07:16:41.439] [info] [cheetah_dot.cc:636] 1@128x128x64 => 1x128x64 Recv 0.176 MiB, Response 0.243 MiB Pack 39.4 ms (interleave)
[2026-09-30 07:16:42.126] [info] [cheetah_dot.cc:636] 1@128x768x768 => 128x64x1 Recv 2.117 MiB, Response 2.911 MiB Pack 0 ms (interleave)
[2026-09-30 07:16:47.357] [info] [cheetah_dot.cc:636] 1@128x768x3072 => 128x64x1 Recv 2.117 MiB, Response 11.644 MiB Pack 0 ms (interleave)
[2026-09-30 07:16:49.931] [info] [activation.cc:208] seg3_gelu (i32true) 393216 sent 58.96298122406006 MiB
[2026-09-30 07:16:51.933] [info] [cheetah_dot.cc:636] 1@128x3072x768 => 128x64x1 Recv 11.378 MiB, Response 2.911 MiB Pack 0 ms (interleave)
[2026-09-30 07:16:56.574] [info] [cheetah_dot.cc:636] 1@128x768x2304 => 128x64x1 Recv 10.85 MiB, Response 8.733 MiB Pack 0 ms (interleave)
[2026-09-30 07:16:57.092] [info] [cheetah_dot.cc:636] 1@128x64x128 => 128x64x1 Recv 0.176 MiB, Response 0.485 MiB Pack 0 ms (interleave)
[2026-09-30 07:16:57.881] [info] [activation.cc:317] f_nexp 16384 sent 3.8287487030029297 MiB
[2026-09-30 07:16:58.177] [info] [cheetah_dot.cc:636] 1@128x128x64 => 1x128x64 Recv 0.176 MiB, Response 0.243 MiB Pack 45.301 ms (interleave)
[2026-09-30 07:16:58.297] [info] [cheetah_dot.cc:636] 1@128x64x128 => 128x64x1 Recv 0.176 MiB, Response 0.485 MiB Pack 0 ms (interleave)
[2026-09-30 07:16:59.098] [info] [activation.cc:317] f_nexp 16384 sent 3.828500747680664 MiB
[2026-09-30 07:16:59.387] [info] [cheetah_dot.cc:636] 1@128x128x64 => 1x128x64 Recv 0.176 MiB, Response 0.243 MiB Pack 38.745 ms (interleave)
[2026-09-30 07:16:59.495] [info] [cheetah_dot.cc:636] 1@128x64x128 => 128x64x1 Recv 0.176 MiB, Response 0.485 MiB Pack 0 ms (interleave)
[2026-09-30 07:17:01.273] [info] [activation.cc:317] f_nexp 16384 sent 3.828585624694824 MiB
[2026-09-30 07:17:01.563] [info] [cheetah_dot.cc:636] 1@128x128x64 => 1x128x64 Recv 0.176 MiB, Response 0.243 MiB Pack 37.626 ms (interleave)
[2026-09-30 07:17:01.669] [info] [cheetah_dot.cc:636] 1@128x64x128 => 128x64x1 Recv 0.176 MiB, Response 0.485 MiB Pack 0 ms (interleave)
[2026-09-30 07:17:02.480] [info] [activation.cc:317] f_nexp 16384 sent 3.8285703659057617 MiB
[2026-09-30 07:17:02.790] [info] [cheetah_dot.cc:636] 1@128x128x64 => 1x128x64 Recv 0.176 MiB, Response 0.243 MiB Pack 39.86 ms (interleave)
[2026-09-30 07:17:02.898] [info] [cheetah_dot.cc:636] 1@128x64x128 => 128x64x1 Recv 0.176 MiB, Response 0.485 MiB Pack 0 ms (interleave)
[2026-09-30 07:17:03.694] [info] [activation.cc:317] f_nexp 16384 sent 3.8288278579711914 MiB
[2026-09-30 07:17:04.086] [info] [cheetah_dot.cc:636] 1@128x128x64 => 1x128x64 Recv 0.176 MiB, Response 0.243 MiB Pack 40.681 ms (interleave)
[2026-09-30 07:17:04.197] [info] [cheetah_dot.cc:636] 1@128x64x128 => 128x64x1 Recv 0.176 MiB, Response 0.485 MiB Pack 0 ms (interleave)
[2026-09-30 07:17:05.099] [info] [activation.cc:317] f_nexp 16384 sent 3.828763008117676 MiB
[2026-09-30 07:17:05.576] [info] [cheetah_dot.cc:636] 1@128x128x64 => 1x128x64 Recv 0.176 MiB, Response 0.243 MiB Pack 39.617 ms (interleave)
[2026-09-30 07:17:05.684] [info] [cheetah_dot.cc:636] 1@128x64x128 => 128x64x1 Recv 0.176 MiB, Response 0.485 MiB Pack 0 ms (interleave)
[2026-09-30 07:17:06.587] [info] [activation.cc:317] f_nexp 16384 sent 3.8286447525024414 MiB
[2026-09-30 07:17:06.872] [info] [cheetah_dot.cc:636] 1@128x128x64 => 1x128x64 Recv 0.176 MiB, Response 0.243 MiB Pack 40.295 ms (interleave)
[2026-09-30 07:17:06.980] [info] [cheetah_dot.cc:636] 1@128x64x128 => 128x64x1 Recv 0.176 MiB, Response 0.485 MiB Pack 0 ms (interleave)
[2026-09-30 07:17:07.595] [info] [activation.cc:317] f_nexp 16384 sent 3.828658103942871 MiB
[2026-09-30 07:17:08.001] [info] [cheetah_dot.cc:636] 1@128x128x64 => 1x128x64 Recv 0.176 MiB, Response 0.243 MiB Pack 48.844 ms (interleave)
[2026-09-30 07:17:08.117] [info] [cheetah_dot.cc:636] 1@128x64x128 => 128x64x1 Recv 0.662 MiB, Response 0.485 MiB Pack 0 ms (interleave)
[2026-09-30 07:17:09.540] [info] [activation.cc:317] f_nexp 16384 sent 3.828920364379883 MiB
[2026-09-30 07:17:09.861] [info] [cheetah_dot.cc:636] 1@128x128x64 => 1x128x64 Recv 0.176 MiB, Response 0.243 MiB Pack 41.938 ms (interleave)
[2026-09-30 07:17:09.972] [info] [cheetah_dot.cc:636] 1@128x64x128 => 128x64x1 Recv 0.176 MiB, Response 0.485 MiB Pack 0 ms (interleave)
[2026-09-30 07:17:10.591] [info] [activation.cc:317] f_nexp 16384 sent 3.8287391662597656 MiB
[2026-09-30 07:17:10.900] [info] [cheetah_dot.cc:636] 1@128x128x64 => 1x128x64 Recv 0.176 MiB, Response 0.243 MiB Pack 50.416 ms (interleave)
[2026-09-30 07:17:11.009] [info] [cheetah_dot.cc:636] 1@128x64x128 => 128x64x1 Recv 0.176 MiB, Response 0.485 MiB Pack 0 ms (interleave)
[2026-09-30 07:17:11.632] [info] [activation.cc:317] f_nexp 16384 sent 3.8289146423339844 MiB
[2026-09-30 07:17:12.114] [info] [cheetah_dot.cc:636] 1@128x128x64 => 1x128x64 Recv 0.176 MiB, Response 0.243 MiB Pack 37.834 ms (interleave)
[2026-09-30 07:17:12.222] [info] [cheetah_dot.cc:636] 1@128x64x128 => 128x64x1 Recv 0.176 MiB, Response 0.485 MiB Pack 0 ms (interleave)
[2026-09-30 07:17:12.935] [info] [activation.cc:317] f_nexp 16384 sent 3.828655242919922 MiB
[2026-09-30 07:17:13.228] [info] [cheetah_dot.cc:636] 1@128x128x64 => 1x128x64 Recv 0.176 MiB, Response 0.243 MiB Pack 38.048 ms (interleave)
[2026-09-30 07:17:13.953] [info] [cheetah_dot.cc:636] 1@128x768x768 => 128x64x1 Recv 2.359 MiB, Response 2.911 MiB Pack 0 ms (interleave)
[2026-09-30 07:17:19.139] [info] [cheetah_dot.cc:636] 1@128x768x3072 => 128x64x1 Recv 2.117 MiB, Response 11.643 MiB Pack 0 ms (interleave)
[2026-09-30 07:17:21.540] [info] [activation.cc:208] seg3_gelu (i32true) 393216 sent 58.96279430389404 MiB
[2026-09-30 07:17:23.359] [info] [cheetah_dot.cc:636] 1@128x3072x768 => 128x64x1 Recv 8.467 MiB, Response 2.911 MiB Pack 0 ms (interleave)
[2026-09-30 07:17:27.702] [info] [cheetah_dot.cc:636] 1@128x768x2304 => 128x64x1 Recv 2.117 MiB, Response 8.732 MiB Pack 0 ms (interleave)
[2026-09-30 07:17:28.085] [info] [cheetah_dot.cc:636] 1@128x64x128 => 128x64x1 Recv 0.662 MiB, Response 0.485 MiB Pack 0 ms (interleave)
[2026-09-30 07:17:28.698] [info] [activation.cc:317] f_nexp 16384 sent 3.8285884857177734 MiB
[2026-09-30 07:17:28.983] [info] [cheetah_dot.cc:636] 1@128x128x64 => 1x128x64 Recv 0.176 MiB, Response 0.243 MiB Pack 36.246 ms (interleave)
[2026-09-30 07:17:29.088] [info] [cheetah_dot.cc:636] 1@128x64x128 => 128x64x1 Recv 0.176 MiB, Response 0.485 MiB Pack 0 ms (interleave)
[2026-09-30 07:17:29.710] [info] [activation.cc:317] f_nexp 16384 sent 3.8285341262817383 MiB
[2026-09-30 07:17:30.004] [info] [cheetah_dot.cc:636] 1@128x128x64 => 1x128x64 Recv 0.176 MiB, Response 0.243 MiB Pack 37.576 ms (interleave)
[2026-09-30 07:17:30.111] [info] [cheetah_dot.cc:636] 1@128x64x128 => 128x64x1 Recv 0.176 MiB, Response 0.485 MiB Pack 0 ms (interleave)
[2026-09-30 07:17:30.723] [info] [activation.cc:317] f_nexp 16384 sent 3.8288021087646484 MiB
[2026-09-30 07:17:31.023] [info] [cheetah_dot.cc:636] 1@128x128x64 => 1x128x64 Recv 0.176 MiB, Response 0.243 MiB Pack 46.999 ms (interleave)
[2026-09-30 07:17:31.132] [info] [cheetah_dot.cc:636] 1@128x64x128 => 128x64x1 Recv 0.176 MiB, Response 0.485 MiB Pack 0 ms (interleave)
[2026-09-30 07:17:31.746] [info] [activation.cc:317] f_nexp 16384 sent 3.828876495361328 MiB
[2026-09-30 07:17:32.061] [info] [cheetah_dot.cc:636] 1@128x128x64 => 1x128x64 Recv 0.176 MiB, Response 0.243 MiB Pack 41.928 ms (interleave)
[2026-09-30 07:17:32.179] [info] [cheetah_dot.cc:636] 1@128x64x128 => 128x64x1 Recv 0.176 MiB, Response 0.485 MiB Pack 0 ms (interleave)
[2026-09-30 07:17:32.788] [info] [activation.cc:317] f_nexp 16384 sent 3.828634262084961 MiB
[2026-09-30 07:17:33.074] [info] [cheetah_dot.cc:636] 1@128x128x64 => 1x128x64 Recv 0.176 MiB, Response 0.243 MiB Pack 37.124 ms (interleave)
[2026-09-30 07:17:33.180] [info] [cheetah_dot.cc:636] 1@128x64x128 => 128x64x1 Recv 0.176 MiB, Response 0.485 MiB Pack 0 ms (interleave)
[2026-09-30 07:17:33.801] [info] [activation.cc:317] f_nexp 16384 sent 3.828662872314453 MiB
[2026-09-30 07:17:34.090] [info] [cheetah_dot.cc:636] 1@128x128x64 => 1x128x64 Recv 0.176 MiB, Response 0.243 MiB Pack 38.064 ms (interleave)
[2026-09-30 07:17:34.198] [info] [cheetah_dot.cc:636] 1@128x64x128 => 128x64x1 Recv 0.176 MiB, Response 0.485 MiB Pack 0 ms (interleave)
[2026-09-30 07:17:34.819] [info] [activation.cc:317] f_nexp 16384 sent 3.8288869857788086 MiB
[2026-09-30 07:17:35.107] [info] [cheetah_dot.cc:636] 1@128x128x64 => 1x128x64 Recv 0.176 MiB, Response 0.243 MiB Pack 37.557 ms (interleave)
[2026-09-30 07:17:35.215] [info] [cheetah_dot.cc:636] 1@128x64x128 => 128x64x1 Recv 0.176 MiB, Response 0.485 MiB Pack 0 ms (interleave)
[2026-09-30 07:17:36.492] [info] [activation.cc:317] f_nexp 16384 sent 3.8288087844848633 MiB
[2026-09-30 07:17:36.778] [info] [cheetah_dot.cc:636] 1@128x128x64 => 1x128x64 Recv 0.176 MiB, Response 0.243 MiB Pack 37.185 ms (interleave)
[2026-09-30 07:17:36.885] [info] [cheetah_dot.cc:636] 1@128x64x128 => 128x64x1 Recv 0.176 MiB, Response 0.485 MiB Pack 0 ms (interleave)
[2026-09-30 07:17:38.085] [info] [activation.cc:317] f_nexp 16384 sent 3.8288869857788086 MiB
[2026-09-30 07:17:38.393] [info] [cheetah_dot.cc:636] 1@128x128x64 => 1x128x64 Recv 0.176 MiB, Response 0.243 MiB Pack 37.746 ms (interleave)
[2026-09-30 07:17:38.500] [info] [cheetah_dot.cc:636] 1@128x64x128 => 128x64x1 Recv 0.176 MiB, Response 0.485 MiB Pack 0 ms (interleave)
[2026-09-30 07:17:39.121] [info] [activation.cc:317] f_nexp 16384 sent 3.8287200927734375 MiB
[2026-09-30 07:17:39.410] [info] [cheetah_dot.cc:636] 1@128x128x64 => 1x128x64 Recv 0.176 MiB, Response 0.243 MiB Pack 37.988 ms (interleave)
[2026-09-30 07:17:39.531] [info] [cheetah_dot.cc:636] 1@128x64x128 => 128x64x1 Recv 0.662 MiB, Response 0.485 MiB Pack 0 ms (interleave)
[2026-09-30 07:17:40.147] [info] [activation.cc:317] f_nexp 16384 sent 3.82901668548584 MiB
[2026-09-30 07:17:40.449] [info] [cheetah_dot.cc:636] 1@128x128x64 => 1x128x64 Recv 0.176 MiB, Response 0.243 MiB Pack 47.45 ms (interleave)
[2026-09-30 07:17:40.561] [info] [cheetah_dot.cc:636] 1@128x64x128 => 128x64x1 Recv 0.176 MiB, Response 0.485 MiB Pack 0 ms (interleave)
[2026-09-30 07:17:41.182] [info] [activation.cc:317] f_nexp 16384 sent 3.8287487030029297 MiB
[2026-09-30 07:17:41.469] [info] [cheetah_dot.cc:636] 1@128x128x64 => 1x128x64 Recv 0.176 MiB, Response 0.243 MiB Pack 37.628 ms (interleave)
[2026-09-30 07:17:42.150] [info] [cheetah_dot.cc:636] 1@128x768x768 => 128x64x1 Recv 2.117 MiB, Response 2.911 MiB Pack 0 ms (interleave)
[2026-09-30 07:17:47.013] [info] [cheetah_dot.cc:636] 1@128x768x3072 => 128x64x1 Recv 2.117 MiB, Response 11.643 MiB Pack 0 ms (interleave)
[2026-09-30 07:17:48.653] [info] [activation.cc:208] seg3_gelu (i32true) 393216 sent 58.96303176879883 MiB
[2026-09-30 07:17:50.477] [info] [cheetah_dot.cc:636] 1@128x3072x768 => 128x64x1 Recv 8.467 MiB, Response 2.911 MiB Pack 0 ms (interleave)
[2026-09-30 07:17:54.732] [info] [cheetah_dot.cc:636] 1@128x768x2304 => 128x64x1 Recv 2.117 MiB, Response 8.733 MiB Pack 0 ms (interleave)
[2026-09-30 07:17:55.081] [info] [cheetah_dot.cc:636] 1@128x64x128 => 128x64x1 Recv 0.176 MiB, Response 0.485 MiB Pack 0 ms (interleave)
[2026-09-30 07:17:55.694] [info] [activation.cc:317] f_nexp 16384 sent 3.828934669494629 MiB
[2026-09-30 07:17:55.979] [info] [cheetah_dot.cc:636] 1@128x128x64 => 1x128x64 Recv 0.176 MiB, Response 0.243 MiB Pack 36.199 ms (interleave)
[2026-09-30 07:17:56.084] [info] [cheetah_dot.cc:636] 1@128x64x128 => 128x64x1 Recv 0.176 MiB, Response 0.485 MiB Pack 0 ms (interleave)
[2026-09-30 07:17:56.702] [info] [activation.cc:317] f_nexp 16384 sent 3.828932762145996 MiB
[2026-09-30 07:17:57.000] [info] [cheetah_dot.cc:636] 1@128x128x64 => 1x128x64 Recv 0.176 MiB, Response 0.243 MiB Pack 42.196 ms (interleave)
[2026-09-30 07:17:57.105] [info] [cheetah_dot.cc:636] 1@128x64x128 => 128x64x1 Recv 0.176 MiB, Response 0.485 MiB Pack 0 ms (interleave)
[2026-09-30 07:17:57.725] [info] [activation.cc:317] f_nexp 16384 sent 3.828557014465332 MiB
[2026-09-30 07:17:58.010] [info] [cheetah_dot.cc:636] 1@128x128x64 => 1x128x64 Recv 0.176 MiB, Response 0.243 MiB Pack 38.82 ms (interleave)
[2026-09-30 07:17:58.126] [info] [cheetah_dot.cc:636] 1@128x64x128 => 128x64x1 Recv 0.176 MiB, Response 0.485 MiB Pack 0 ms (interleave)
[2026-09-30 07:17:58.745] [info] [activation.cc:317] f_nexp 16384 sent 3.8288135528564453 MiB
[2026-09-30 07:17:59.057] [info] [cheetah_dot.cc:636] 1@128x128x64 => 1x128x64 Recv 0.176 MiB, Response 0.243 MiB Pack 39.849 ms (interleave)
[2026-09-30 07:17:59.172] [info] [cheetah_dot.cc:636] 1@128x64x128 => 128x64x1 Recv 0.176 MiB, Response 0.485 MiB Pack 0 ms (interleave)
[2026-09-30 07:18:00.964] [info] [activation.cc:317] f_nexp 16384 sent 4.082697868347168 MiB
[2026-09-30 07:18:01.249] [info] [cheetah_dot.cc:636] 1@128x128x64 => 1x128x64 Recv 0.176 MiB, Response 0.243 MiB Pack 40 ms (interleave)
[2026-09-30 07:18:01.358] [info] [cheetah_dot.cc:636] 1@128x64x128 => 128x64x1 Recv 0.176 MiB, Response 0.485 MiB Pack 0 ms (interleave)
[2026-09-30 07:18:01.974] [info] [activation.cc:317] f_nexp 16384 sent 3.828618049621582 MiB
[2026-09-30 07:18:02.267] [info] [cheetah_dot.cc:636] 1@128x128x64 => 1x128x64 Recv 0.176 MiB, Response 0.243 MiB Pack 39.555 ms (interleave)
[2026-09-30 07:18:02.379] [info] [cheetah_dot.cc:636] 1@128x64x128 => 128x64x1 Recv 0.176 MiB, Response 0.485 MiB Pack 0 ms (interleave)
[2026-09-30 07:18:02.998] [info] [activation.cc:317] f_nexp 16384 sent 3.828958511352539 MiB
[2026-09-30 07:18:03.294] [info] [cheetah_dot.cc:636] 1@128x128x64 => 1x128x64 Recv 0.176 MiB, Response 0.243 MiB Pack 41.393 ms (interleave)
[2026-09-30 07:18:03.405] [info] [cheetah_dot.cc:636] 1@128x64x128 => 128x64x1 Recv 0.176 MiB, Response 0.485 MiB Pack 0 ms (interleave)
[2026-09-30 07:18:04.020] [info] [activation.cc:317] f_nexp 16384 sent 3.8289642333984375 MiB
[2026-09-30 07:18:04.310] [info] [cheetah_dot.cc:636] 1@128x128x64 => 1x128x64 Recv 0.176 MiB, Response 0.243 MiB Pack 37.927 ms (interleave)
[2026-09-30 07:18:04.415] [info] [cheetah_dot.cc:636] 1@128x64x128 => 128x64x1 Recv 0.176 MiB, Response 0.485 MiB Pack 0 ms (interleave)
[2026-09-30 07:18:05.031] [info] [activation.cc:317] f_nexp 16384 sent 3.828939437866211 MiB
[2026-09-30 07:18:05.334] [info] [cheetah_dot.cc:636] 1@128x128x64 => 1x128x64 Recv 0.176 MiB, Response 0.243 MiB Pack 38.204 ms (interleave)
[2026-09-30 07:18:05.441] [info] [cheetah_dot.cc:636] 1@128x64x128 => 128x64x1 Recv 0.176 MiB, Response 0.485 MiB Pack 0 ms (interleave)
[2026-09-30 07:18:06.048] [info] [activation.cc:317] f_nexp 16384 sent 3.8286666870117188 MiB
[2026-09-30 07:18:06.332] [info] [cheetah_dot.cc:636] 1@128x128x64 => 1x128x64 Recv 0.176 MiB, Response 0.243 MiB Pack 37.541 ms (interleave)
[2026-09-30 07:18:06.438] [info] [cheetah_dot.cc:636] 1@128x64x128 => 128x64x1 Recv 0.176 MiB, Response 0.485 MiB Pack 0 ms (interleave)
[2026-09-30 07:18:07.058] [info] [activation.cc:317] f_nexp 16384 sent 3.828765869140625 MiB
[2026-09-30 07:18:07.348] [info] [cheetah_dot.cc:636] 1@128x128x64 => 1x128x64 Recv 0.176 MiB, Response 0.243 MiB Pack 40.398 ms (interleave)
[2026-09-30 07:18:07.453] [info] [cheetah_dot.cc:636] 1@128x64x128 => 128x64x1 Recv 0.176 MiB, Response 0.485 MiB Pack 0 ms (interleave)
[2026-09-30 07:18:08.072] [info] [activation.cc:317] f_nexp 16384 sent 3.828968048095703 MiB
[2026-09-30 07:18:08.361] [info] [cheetah_dot.cc:636] 1@128x128x64 => 1x128x64 Recv 0.176 MiB, Response 0.243 MiB Pack 36.07 ms (interleave)
[2026-09-30 07:18:09.044] [info] [cheetah_dot.cc:636] 1@128x768x768 => 128x64x1 Recv 2.117 MiB, Response 2.911 MiB Pack 0 ms (interleave)
[2026-09-30 07:18:13.915] [info] [cheetah_dot.cc:636] 1@128x768x3072 => 128x64x1 Recv 2.117 MiB, Response 11.644 MiB Pack 0 ms (interleave)
[2026-09-30 07:18:15.037] [info] [activation.cc:208] seg3_gelu (i32true) 393216 sent 58.96295738220215 MiB
[2026-09-30 07:18:16.877] [info] [cheetah_dot.cc:636] 1@128x3072x768 => 128x64x1 Recv 11.378 MiB, Response 2.911 MiB Pack 0 ms (interleave)
[2026-09-30 07:18:21.149] [info] [cheetah_dot.cc:636] 1@128x768x2304 => 128x64x1 Recv 2.117 MiB, Response 8.733 MiB Pack 0 ms (interleave)
[2026-09-30 07:18:21.554] [info] [cheetah_dot.cc:636] 1@128x64x128 => 128x64x1 Recv 0.176 MiB, Response 0.485 MiB Pack 0 ms (interleave)
[2026-09-30 07:18:22.171] [info] [activation.cc:317] f_nexp 16384 sent 3.8288393020629883 MiB
[2026-09-30 07:18:23.050] [info] [cheetah_dot.cc:636] 1@128x128x64 => 1x128x64 Recv 0.176 MiB, Response 0.243 MiB Pack 36.954 ms (interleave)
[2026-09-30 07:18:23.156] [info] [cheetah_dot.cc:636] 1@128x64x128 => 128x64x1 Recv 0.176 MiB, Response 0.485 MiB Pack 0 ms (interleave)
[2026-09-30 07:18:23.770] [info] [activation.cc:317] f_nexp 16384 sent 3.828738212585449 MiB
[2026-09-30 07:18:24.063] [info] [cheetah_dot.cc:636] 1@128x128x64 => 1x128x64 Recv 0.176 MiB, Response 0.243 MiB Pack 37.973 ms (interleave)
[2026-09-30 07:18:24.170] [info] [cheetah_dot.cc:636] 1@128x64x128 => 128x64x1 Recv 0.176 MiB, Response 0.485 MiB Pack 0 ms (interleave)
[2026-09-30 07:18:25.298] [info] [activation.cc:317] f_nexp 16384 sent 3.8289976119995117 MiB
[2026-09-30 07:18:25.587] [info] [cheetah_dot.cc:636] 1@128x128x64 => 1x128x64 Recv 0.176 MiB, Response 0.243 MiB Pack 39.936 ms (interleave)
[2026-09-30 07:18:25.693] [info] [cheetah_dot.cc:636] 1@128x64x128 => 128x64x1 Recv 0.176 MiB, Response 0.485 MiB Pack 0 ms (interleave)
[2026-09-30 07:18:26.832] [info] [activation.cc:317] f_nexp 16384 sent 3.8289289474487305 MiB
[2026-09-30 07:18:27.151] [info] [cheetah_dot.cc:636] 1@128x128x64 => 1x128x64 Recv 0.176 MiB, Response 0.243 MiB Pack 46.791 ms (interleave)
[2026-09-30 07:18:27.260] [info] [cheetah_dot.cc:636] 1@128x64x128 => 128x64x1 Recv 0.176 MiB, Response 0.485 MiB Pack 0 ms (interleave)
[2026-09-30 07:18:27.875] [info] [activation.cc:317] f_nexp 16384 sent 3.8288497924804688 MiB
[2026-09-30 07:18:28.172] [info] [cheetah_dot.cc:636] 1@128x128x64 => 1x128x64 Recv 0.176 MiB, Response 0.243 MiB Pack 39.655 ms (interleave)
[2026-09-30 07:18:28.282] [info] [cheetah_dot.cc:636] 1@128x64x128 => 128x64x1 Recv 0.176 MiB, Response 0.485 MiB Pack 0 ms (interleave)
[2026-09-30 07:18:28.897] [info] [activation.cc:317] f_nexp 16384 sent 3.82855224609375 MiB
[2026-09-30 07:18:29.186] [info] [cheetah_dot.cc:636] 1@128x128x64 => 1x128x64 Recv 0.176 MiB, Response 0.243 MiB Pack 38.034 ms (interleave)
[2026-09-30 07:18:29.293] [info] [cheetah_dot.cc:636] 1@128x64x128 => 128x64x1 Recv 0.176 MiB, Response 0.485 MiB Pack 0 ms (interleave)
[2026-09-30 07:18:30.696] [info] [activation.cc:317] f_nexp 16384 sent 3.828671455383301 MiB
[2026-09-30 07:18:30.989] [info] [cheetah_dot.cc:636] 1@128x128x64 => 1x128x64 Recv 0.176 MiB, Response 0.243 MiB Pack 41.698 ms (interleave)
[2026-09-30 07:18:31.111] [info] [cheetah_dot.cc:636] 1@128x64x128 => 128x64x1 Recv 0.176 MiB, Response 0.485 MiB Pack 0 ms (interleave)
[2026-09-30 07:18:31.736] [info] [activation.cc:317] f_nexp 16384 sent 3.8288707733154297 MiB
[2026-09-30 07:18:32.034] [info] [cheetah_dot.cc:636] 1@128x128x64 => 1x128x64 Recv 0.176 MiB, Response 0.243 MiB Pack 43.94 ms (interleave)
[2026-09-30 07:18:32.145] [info] [cheetah_dot.cc:636] 1@128x64x128 => 128x64x1 Recv 0.176 MiB, Response 0.485 MiB Pack 0 ms (interleave)
[2026-09-30 07:18:32.763] [info] [activation.cc:317] f_nexp 16384 sent 3.8286924362182617 MiB
[2026-09-30 07:18:33.067] [info] [cheetah_dot.cc:636] 1@128x128x64 => 1x128x64 Recv 0.176 MiB, Response 0.243 MiB Pack 38.653 ms (interleave)
[2026-09-30 07:18:33.173] [info] [cheetah_dot.cc:636] 1@128x64x128 => 128x64x1 Recv 0.176 MiB, Response 0.485 MiB Pack 0 ms (interleave)
[2026-09-30 07:18:33.786] [info] [activation.cc:317] f_nexp 16384 sent 3.8287887573242188 MiB
[2026-09-30 07:18:34.075] [info] [cheetah_dot.cc:636] 1@128x128x64 => 1x128x64 Recv 0.176 MiB, Response 0.243 MiB Pack 38.028 ms (interleave)
[2026-09-30 07:18:34.182] [info] [cheetah_dot.cc:636] 1@128x64x128 => 128x64x1 Recv 0.176 MiB, Response 0.485 MiB Pack 0 ms (interleave)
[2026-09-30 07:18:34.799] [info] [activation.cc:317] f_nexp 16384 sent 3.828916549682617 MiB
[2026-09-30 07:18:35.099] [info] [cheetah_dot.cc:636] 1@128x128x64 => 1x128x64 Recv 0.176 MiB, Response 0.243 MiB Pack 44.945 ms (interleave)
[2026-09-30 07:18:35.204] [info] [cheetah_dot.cc:636] 1@128x64x128 => 128x64x1 Recv 0.176 MiB, Response 0.485 MiB Pack 0 ms (interleave)
[2026-09-30 07:18:36.963] [info] [activation.cc:317] f_nexp 16384 sent 4.08290958404541 MiB
[2026-09-30 07:18:37.265] [info] [cheetah_dot.cc:636] 1@128x128x64 => 1x128x64 Recv 0.176 MiB, Response 0.243 MiB Pack 44.663 ms (interleave)
[2026-09-30 07:18:37.946] [info] [cheetah_dot.cc:636] 1@128x768x768 => 128x64x1 Recv 2.117 MiB, Response 2.911 MiB Pack 0 ms (interleave)
[2026-09-30 07:18:42.985] [info] [cheetah_dot.cc:636] 1@128x768x3072 => 128x64x1 Recv 2.117 MiB, Response 11.644 MiB Pack 0 ms (interleave)
[2026-09-30 07:18:44.018] [info] [activation.cc:208] seg3_gelu (i32true) 393216 sent 58.9630184173584 MiB
[2026-09-30 07:18:45.853] [info] [cheetah_dot.cc:636] 1@128x3072x768 => 128x64x1 Recv 8.468 MiB, Response 2.911 MiB Pack 0 ms (interleave)
[2026-09-30 07:18:50.275] [info] [cheetah_dot.cc:636] 1@128x768x2304 => 128x64x1 Recv 10.85 MiB, Response 8.733 MiB Pack 0 ms (interleave)
[2026-09-30 07:18:50.597] [info] [cheetah_dot.cc:636] 1@128x64x128 => 128x64x1 Recv 0.176 MiB, Response 0.485 MiB Pack 0 ms (interleave)
[2026-09-30 07:18:51.223] [info] [activation.cc:317] f_nexp 16384 sent 3.828855514526367 MiB
[2026-09-30 07:18:51.515] [info] [cheetah_dot.cc:636] 1@128x128x64 => 1x128x64 Recv 0.176 MiB, Response 0.243 MiB Pack 37.821 ms (interleave)
[2026-09-30 07:18:51.620] [info] [cheetah_dot.cc:636] 1@128x64x128 => 128x64x1 Recv 0.176 MiB, Response 0.485 MiB Pack 0 ms (interleave)
[2026-09-30 07:18:52.239] [info] [activation.cc:317] f_nexp 16384 sent 3.8290252685546875 MiB
[2026-09-30 07:18:52.528] [info] [cheetah_dot.cc:636] 1@128x128x64 => 1x128x64 Recv 0.176 MiB, Response 0.243 MiB Pack 37.994 ms (interleave)
[2026-09-30 07:18:52.640] [info] [cheetah_dot.cc:636] 1@128x64x128 => 128x64x1 Recv 0.176 MiB, Response 0.485 MiB Pack 0 ms (interleave)
[2026-09-30 07:18:53.258] [info] [activation.cc:317] f_nexp 16384 sent 3.828805923461914 MiB
[2026-09-30 07:18:53.548] [info] [cheetah_dot.cc:636] 1@128x128x64 => 1x128x64 Recv 0.176 MiB, Response 0.243 MiB Pack 38.526 ms (interleave)
[2026-09-30 07:18:53.655] [info] [cheetah_dot.cc:636] 1@128x64x128 => 128x64x1 Recv 0.176 MiB, Response 0.485 MiB Pack 0 ms (interleave)
[2026-09-30 07:18:54.274] [info] [activation.cc:317] f_nexp 16384 sent 3.828700065612793 MiB
[2026-09-30 07:18:54.583] [info] [cheetah_dot.cc:636] 1@128x128x64 => 1x128x64 Recv 0.176 MiB, Response 0.243 MiB Pack 43.03 ms (interleave)
[2026-09-30 07:18:54.693] [info] [cheetah_dot.cc:636] 1@128x64x128 => 128x64x1 Recv 0.176 MiB, Response 0.485 MiB Pack 0 ms (interleave)
[2026-09-30 07:18:55.326] [info] [activation.cc:317] f_nexp 16384 sent 3.828610420227051 MiB
[2026-09-30 07:18:55.615] [info] [cheetah_dot.cc:636] 1@128x128x64 => 1x128x64 Recv 0.176 MiB, Response 0.243 MiB Pack 38.955 ms (interleave)
[2026-09-30 07:18:55.726] [info] [cheetah_dot.cc:636] 1@128x64x128 => 128x64x1 Recv 0.176 MiB, Response 0.485 MiB Pack 0 ms (interleave)
[2026-09-30 07:18:56.347] [info] [activation.cc:317] f_nexp 16384 sent 3.8287782669067383 MiB
[2026-09-30 07:18:56.637] [info] [cheetah_dot.cc:636] 1@128x128x64 => 1x128x64 Recv 0.176 MiB, Response 0.243 MiB Pack 35.281 ms (interleave)
[2026-09-30 07:18:56.742] [info] [cheetah_dot.cc:636] 1@128x64x128 => 128x64x1 Recv 0.176 MiB, Response 0.485 MiB Pack 0 ms (interleave)
[2026-09-30 07:18:57.360] [info] [activation.cc:317] f_nexp 16384 sent 3.8288936614990234 MiB
[2026-09-30 07:18:57.648] [info] [cheetah_dot.cc:636] 1@128x128x64 => 1x128x64 Recv 0.176 MiB, Response 0.243 MiB Pack 36.062 ms (interleave)
[2026-09-30 07:18:57.755] [info] [cheetah_dot.cc:636] 1@128x64x128 => 128x64x1 Recv 0.176 MiB, Response 0.485 MiB Pack 0 ms (interleave)
[2026-09-30 07:18:59.574] [info] [activation.cc:317] f_nexp 16384 sent 3.8288803100585938 MiB
[2026-09-30 07:18:59.865] [info] [cheetah_dot.cc:636] 1@128x128x64 => 1x128x64 Recv 0.176 MiB, Response 0.243 MiB Pack 37.532 ms (interleave)
[2026-09-30 07:18:59.971] [info] [cheetah_dot.cc:636] 1@128x64x128 => 128x64x1 Recv 0.176 MiB, Response 0.485 MiB Pack 0 ms (interleave)
[2026-09-30 07:19:00.578] [info] [activation.cc:317] f_nexp 16384 sent 3.8287220001220703 MiB
[2026-09-30 07:19:00.878] [info] [cheetah_dot.cc:636] 1@128x128x64 => 1x128x64 Recv 0.176 MiB, Response 0.243 MiB Pack 36.116 ms (interleave)
[2026-09-30 07:19:00.996] [info] [cheetah_dot.cc:636] 1@128x64x128 => 128x64x1 Recv 0.176 MiB, Response 0.485 MiB Pack 0 ms (interleave)
[2026-09-30 07:19:01.607] [info] [activation.cc:317] f_nexp 16384 sent 3.8286285400390625 MiB
[2026-09-30 07:19:01.897] [info] [cheetah_dot.cc:636] 1@128x128x64 => 1x128x64 Recv 0.176 MiB, Response 0.243 MiB Pack 36.103 ms (interleave)
[2026-09-30 07:19:02.001] [info] [cheetah_dot.cc:636] 1@128x64x128 => 128x64x1 Recv 0.176 MiB, Response 0.485 MiB Pack 0 ms (interleave)
[2026-09-30 07:19:02.614] [info] [activation.cc:317] f_nexp 16384 sent 3.8288488388061523 MiB
[2026-09-30 07:19:02.906] [info] [cheetah_dot.cc:636] 1@128x128x64 => 1x128x64 Recv 0.176 MiB, Response 0.243 MiB Pack 36.606 ms (interleave)
[2026-09-30 07:19:03.014] [info] [cheetah_dot.cc:636] 1@128x64x128 => 128x64x1 Recv 0.176 MiB, Response 0.485 MiB Pack 0 ms (interleave)
[2026-09-30 07:19:03.631] [info] [activation.cc:317] f_nexp 16384 sent 3.828915596008301 MiB
[2026-09-30 07:19:03.916] [info] [cheetah_dot.cc:636] 1@128x128x64 => 1x128x64 Recv 0.176 MiB, Response 0.243 MiB Pack 37.947 ms (interleave)
[2026-09-30 07:19:04.598] [info] [cheetah_dot.cc:636] 1@128x768x768 => 128x64x1 Recv 2.117 MiB, Response 2.911 MiB Pack 0 ms (interleave)
[2026-09-30 07:19:09.604] [info] [cheetah_dot.cc:636] 1@128x768x3072 => 128x64x1 Recv 2.117 MiB, Response 11.644 MiB Pack 0 ms (interleave)
[2026-09-30 07:19:12.276] [info] [activation.cc:208] seg3_gelu (i32true) 393216 sent 58.96227550506592 MiB
[2026-09-30 07:19:14.137] [info] [cheetah_dot.cc:636] 1@128x3072x768 => 128x64x1 Recv 9.195 MiB, Response 2.911 MiB Pack 0 ms (interleave)
[2026-09-30 07:19:18.538] [info] [cheetah_dot.cc:636] 1@128x768x2304 => 128x64x1 Recv 9.88 MiB, Response 8.732 MiB Pack 0 ms (interleave)
[2026-09-30 07:19:18.858] [info] [cheetah_dot.cc:636] 1@128x64x128 => 128x64x1 Recv 0.176 MiB, Response 0.485 MiB Pack 0 ms (interleave)
[2026-09-30 07:19:19.481] [info] [activation.cc:317] f_nexp 16384 sent 3.82900333404541 MiB
[2026-09-30 07:19:19.763] [info] [cheetah_dot.cc:636] 1@128x128x64 => 1x128x64 Recv 0.176 MiB, Response 0.243 MiB Pack 35.417 ms (interleave)
[2026-09-30 07:19:19.876] [info] [cheetah_dot.cc:636] 1@128x64x128 => 128x64x1 Recv 0.176 MiB, Response 0.485 MiB Pack 0 ms (interleave)
[2026-09-30 07:19:20.485] [info] [activation.cc:317] f_nexp 16384 sent 3.829007148742676 MiB
[2026-09-30 07:19:20.768] [info] [cheetah_dot.cc:636] 1@128x128x64 => 1x128x64 Recv 0.176 MiB, Response 0.243 MiB Pack 35.464 ms (interleave)
[2026-09-30 07:19:20.876] [info] [cheetah_dot.cc:636] 1@128x64x128 => 128x64x1 Recv 0.176 MiB, Response 0.485 MiB Pack 0 ms (interleave)
[2026-09-30 07:19:21.487] [info] [activation.cc:317] f_nexp 16384 sent 3.828873634338379 MiB
[2026-09-30 07:19:21.770] [info] [cheetah_dot.cc:636] 1@128x128x64 => 1x128x64 Recv 0.176 MiB, Response 0.243 MiB Pack 36.543 ms (interleave)
[2026-09-30 07:19:21.877] [info] [cheetah_dot.cc:636] 1@128x64x128 => 128x64x1 Recv 0.176 MiB, Response 0.485 MiB Pack 0 ms (interleave)
[2026-09-30 07:19:23.072] [info] [activation.cc:317] f_nexp 16384 sent 3.8287553787231445 MiB
[2026-09-30 07:19:23.375] [info] [cheetah_dot.cc:636] 1@128x128x64 => 1x128x64 Recv 0.176 MiB, Response 0.243 MiB Pack 36.707 ms (interleave)
[2026-09-30 07:19:23.480] [info] [cheetah_dot.cc:636] 1@128x64x128 => 128x64x1 Recv 0.176 MiB, Response 0.485 MiB Pack 0 ms (interleave)
[2026-09-30 07:19:24.091] [info] [activation.cc:317] f_nexp 16384 sent 3.82888126373291 MiB
[2026-09-30 07:19:24.378] [info] [cheetah_dot.cc:636] 1@128x128x64 => 1x128x64 Recv 0.176 MiB, Response 0.243 MiB Pack 35.903 ms (interleave)
[2026-09-30 07:19:24.483] [info] [cheetah_dot.cc:636] 1@128x64x128 => 128x64x1 Recv 0.176 MiB, Response 0.485 MiB Pack 0 ms (interleave)
[2026-09-30 07:19:25.685] [info] [activation.cc:317] f_nexp 16384 sent 4.336607933044434 MiB
[2026-09-30 07:19:25.978] [info] [cheetah_dot.cc:636] 1@128x128x64 => 1x128x64 Recv 0.176 MiB, Response 0.243 MiB Pack 36.361 ms (interleave)
[2026-09-30 07:19:26.084] [info] [cheetah_dot.cc:636] 1@128x64x128 => 128x64x1 Recv 0.176 MiB, Response 0.485 MiB Pack 0 ms (interleave)
[2026-09-30 07:19:26.708] [info] [activation.cc:317] f_nexp 16384 sent 3.828789710998535 MiB
[2026-09-30 07:19:27.004] [info] [cheetah_dot.cc:636] 1@128x128x64 => 1x128x64 Recv 0.176 MiB, Response 0.243 MiB Pack 40.9 ms (interleave)
[2026-09-30 07:19:27.115] [info] [cheetah_dot.cc:636] 1@128x64x128 => 128x64x1 Recv 0.176 MiB, Response 0.485 MiB Pack 0 ms (interleave)
[2026-09-30 07:19:27.733] [info] [activation.cc:317] f_nexp 16384 sent 3.828738212585449 MiB
[2026-09-30 07:19:28.022] [info] [cheetah_dot.cc:636] 1@128x128x64 => 1x128x64 Recv 0.176 MiB, Response 0.243 MiB Pack 37.916 ms (interleave)
[2026-09-30 07:19:28.129] [info] [cheetah_dot.cc:636] 1@128x64x128 => 128x64x1 Recv 0.176 MiB, Response 0.485 MiB Pack 0 ms (interleave)
[2026-09-30 07:19:28.744] [info] [activation.cc:317] f_nexp 16384 sent 3.8289527893066406 MiB
[2026-09-30 07:19:29.062] [info] [cheetah_dot.cc:636] 1@128x128x64 => 1x128x64 Recv 0.176 MiB, Response 0.243 MiB Pack 46.784 ms (interleave)
[2026-09-30 07:19:29.172] [info] [cheetah_dot.cc:636] 1@128x64x128 => 128x64x1 Recv 0.176 MiB, Response 0.485 MiB Pack 0 ms (interleave)
[2026-09-30 07:19:29.789] [info] [activation.cc:317] f_nexp 16384 sent 3.828923225402832 MiB
[2026-09-30 07:19:30.094] [info] [cheetah_dot.cc:636] 1@128x128x64 => 1x128x64 Recv 0.176 MiB, Response 0.243 MiB Pack 38.56 ms (interleave)
[2026-09-30 07:19:30.204] [info] [cheetah_dot.cc:636] 1@128x64x128 => 128x64x1 Recv 0.176 MiB, Response 0.485 MiB Pack 0 ms (interleave)
[2026-09-30 07:19:30.818] [info] [activation.cc:317] f_nexp 16384 sent 3.8289003372192383 MiB
[2026-09-30 07:19:31.109] [info] [cheetah_dot.cc:636] 1@128x128x64 => 1x128x64 Recv 0.176 MiB, Response 0.243 MiB Pack 39.704 ms (interleave)
[2026-09-30 07:19:31.214] [info] [cheetah_dot.cc:636] 1@128x64x128 => 128x64x1 Recv 0.176 MiB, Response 0.485 MiB Pack 0 ms (interleave)
[2026-09-30 07:19:32.334] [info] [activation.cc:317] f_nexp 16384 sent 3.828878402709961 MiB
[2026-09-30 07:19:32.619] [info] [cheetah_dot.cc:636] 1@128x128x64 => 1x128x64 Recv 0.176 MiB, Response 0.243 MiB Pack 36.672 ms (interleave)
[2026-09-30 07:19:33.357] [info] [cheetah_dot.cc:636] 1@128x768x768 => 128x64x1 Recv 2.117 MiB, Response 2.911 MiB Pack 0 ms (interleave)
[2026-09-30 07:19:38.330] [info] [cheetah_dot.cc:636] 1@128x768x3072 => 128x64x1 Recv 2.117 MiB, Response 11.644 MiB Pack 0 ms (interleave)
[2026-09-30 07:19:40.848] [info] [activation.cc:208] seg3_gelu (i32true) 393216 sent 58.96291637420654 MiB
[2026-09-30 07:19:42.646] [info] [cheetah_dot.cc:636] 1@128x3072x768 => 128x64x1 Recv 8.467 MiB, Response 2.911 MiB Pack 0 ms (interleave)
[2026-09-30 07:19:46.860] [info] [cheetah_dot.cc:636] 1@128x768x2304 => 128x64x1 Recv 2.117 MiB, Response 8.733 MiB Pack 0 ms (interleave)
[2026-09-30 07:19:47.222] [info] [cheetah_dot.cc:636] 1@128x64x128 => 128x64x1 Recv 0.176 MiB, Response 0.485 MiB Pack 0 ms (interleave)
[2026-09-30 07:19:47.840] [info] [activation.cc:317] f_nexp 16384 sent 3.8287124633789062 MiB
[2026-09-30 07:19:48.130] [info] [cheetah_dot.cc:636] 1@128x128x64 => 1x128x64 Recv 0.176 MiB, Response 0.243 MiB Pack 40.49 ms (interleave)
[2026-09-30 07:19:48.239] [info] [cheetah_dot.cc:636] 1@128x64x128 => 128x64x1 Recv 0.176 MiB, Response 0.485 MiB Pack 0 ms (interleave)
[2026-09-30 07:19:48.857] [info] [activation.cc:317] f_nexp 16384 sent 3.82858943939209 MiB
[2026-09-30 07:19:49.146] [info] [cheetah_dot.cc:636] 1@128x128x64 => 1x128x64 Recv 0.176 MiB, Response 0.243 MiB Pack 44.115 ms (interleave)
[2026-09-30 07:19:49.251] [info] [cheetah_dot.cc:636] 1@128x64x128 => 128x64x1 Recv 0.176 MiB, Response 0.485 MiB Pack 0 ms (interleave)
[2026-09-30 07:19:49.874] [info] [activation.cc:317] f_nexp 16384 sent 3.828963279724121 MiB
[2026-09-30 07:19:50.171] [info] [cheetah_dot.cc:636] 1@128x128x64 => 1x128x64 Recv 0.176 MiB, Response 0.243 MiB Pack 44.432 ms (interleave)
[2026-09-30 07:19:50.277] [info] [cheetah_dot.cc:636] 1@128x64x128 => 128x64x1 Recv 0.176 MiB, Response 0.485 MiB Pack 0 ms (interleave)
[2026-09-30 07:19:50.902] [info] [activation.cc:317] f_nexp 16384 sent 3.8285303115844727 MiB
[2026-09-30 07:19:51.218] [info] [cheetah_dot.cc:636] 1@128x128x64 => 1x128x64 Recv 0.176 MiB, Response 0.243 MiB Pack 46.449 ms (interleave)
[2026-09-30 07:19:51.329] [info] [cheetah_dot.cc:636] 1@128x64x128 => 128x64x1 Recv 0.176 MiB, Response 0.485 MiB Pack 0 ms (interleave)
[2026-09-30 07:19:51.940] [info] [activation.cc:317] f_nexp 16384 sent 3.828716278076172 MiB
[2026-09-30 07:19:52.224] [info] [cheetah_dot.cc:636] 1@128x128x64 => 1x128x64 Recv 0.176 MiB, Response 0.243 MiB Pack 36.319 ms (interleave)
[2026-09-30 07:19:52.332] [info] [cheetah_dot.cc:636] 1@128x64x128 => 128x64x1 Recv 0.176 MiB, Response 0.485 MiB Pack 0 ms (interleave)
[2026-09-30 07:19:52.952] [info] [activation.cc:317] f_nexp 16384 sent 3.82882022857666 MiB
[2026-09-30 07:19:53.238] [info] [cheetah_dot.cc:636] 1@128x128x64 => 1x128x64 Recv 0.176 MiB, Response 0.243 MiB Pack 36.442 ms (interleave)
[2026-09-30 07:19:53.344] [info] [cheetah_dot.cc:636] 1@128x64x128 => 128x64x1 Recv 0.176 MiB, Response 0.485 MiB Pack 0 ms (interleave)
[2026-09-30 07:19:53.958] [info] [activation.cc:317] f_nexp 16384 sent 3.8288049697875977 MiB
[2026-09-30 07:19:54.246] [info] [cheetah_dot.cc:636] 1@128x128x64 => 1x128x64 Recv 0.176 MiB, Response 0.243 MiB Pack 36.166 ms (interleave)
[2026-09-30 07:19:54.350] [info] [cheetah_dot.cc:636] 1@128x64x128 => 128x64x1 Recv 0.176 MiB, Response 0.485 MiB Pack 0 ms (interleave)
[2026-09-30 07:19:54.969] [info] [activation.cc:317] f_nexp 16384 sent 3.828913688659668 MiB
[2026-09-30 07:19:55.259] [info] [cheetah_dot.cc:636] 1@128x128x64 => 1x128x64 Recv 0.176 MiB, Response 0.243 MiB Pack 36.115 ms (interleave)
[2026-09-30 07:19:55.364] [info] [cheetah_dot.cc:636] 1@128x64x128 => 128x64x1 Recv 0.176 MiB, Response 0.485 MiB Pack 0 ms (interleave)
[2026-09-30 07:19:55.979] [info] [activation.cc:317] f_nexp 16384 sent 3.828615188598633 MiB
[2026-09-30 07:19:56.282] [info] [cheetah_dot.cc:636] 1@128x128x64 => 1x128x64 Recv 0.176 MiB, Response 0.243 MiB Pack 36.479 ms (interleave)
[2026-09-30 07:19:56.386] [info] [cheetah_dot.cc:636] 1@128x64x128 => 128x64x1 Recv 0.176 MiB, Response 0.485 MiB Pack 0 ms (interleave)
[2026-09-30 07:19:58.162] [info] [activation.cc:317] f_nexp 16384 sent 4.08280086517334 MiB
[2026-09-30 07:19:58.450] [info] [cheetah_dot.cc:636] 1@128x128x64 => 1x128x64 Recv 0.176 MiB, Response 0.243 MiB Pack 38.511 ms (interleave)
[2026-09-30 07:19:58.558] [info] [cheetah_dot.cc:636] 1@128x64x128 => 128x64x1 Recv 0.176 MiB, Response 0.485 MiB Pack 0 ms (interleave)
[2026-09-30 07:19:59.177] [info] [activation.cc:317] f_nexp 16384 sent 3.828728675842285 MiB
[2026-09-30 07:19:59.468] [info] [cheetah_dot.cc:636] 1@128x128x64 => 1x128x64 Recv 0.176 MiB, Response 0.243 MiB Pack 37.928 ms (interleave)
[2026-09-30 07:19:59.574] [info] [cheetah_dot.cc:636] 1@128x64x128 => 128x64x1 Recv 0.176 MiB, Response 0.485 MiB Pack 0 ms (interleave)
[2026-09-30 07:20:00.705] [info] [activation.cc:317] f_nexp 16384 sent 3.828629493713379 MiB
[2026-09-30 07:20:00.997] [info] [cheetah_dot.cc:636] 1@128x128x64 => 1x128x64 Recv 0.176 MiB, Response 0.243 MiB Pack 38.523 ms (interleave)
[2026-09-30 07:20:01.694] [info] [cheetah_dot.cc:636] 1@128x768x768 => 128x64x1 Recv 2.117 MiB, Response 2.911 MiB Pack 0 ms (interleave)
[2026-09-30 07:20:06.749] [info] [cheetah_dot.cc:636] 1@128x768x3072 => 128x64x1 Recv 2.117 MiB, Response 11.644 MiB Pack 0 ms (interleave)
[2026-09-30 07:20:07.842] [info] [activation.cc:208] seg3_gelu (i32true) 393216 sent 58.96278381347656 MiB
[2026-09-30 07:20:09.686] [info] [cheetah_dot.cc:636] 1@128x3072x768 => 128x64x1 Recv 11.378 MiB, Response 2.911 MiB Pack 0 ms (interleave)
[2026-09-30 07:20:14.053] [info] [cheetah_dot.cc:636] 1@128x768x2304 => 128x64x1 Recv 2.117 MiB, Response 8.733 MiB Pack 0 ms (interleave)
[2026-09-30 07:20:14.459] [info] [cheetah_dot.cc:636] 1@128x64x128 => 128x64x1 Recv 0.176 MiB, Response 0.485 MiB Pack 0 ms (interleave)
[2026-09-30 07:20:15.601] [info] [activation.cc:317] f_nexp 16384 sent 3.82883358001709 MiB
[2026-09-30 07:20:15.892] [info] [cheetah_dot.cc:636] 1@128x128x64 => 1x128x64 Recv 0.176 MiB, Response 0.243 MiB Pack 38.822 ms (interleave)
[2026-09-30 07:20:16.001] [info] [cheetah_dot.cc:636] 1@128x64x128 => 128x64x1 Recv 0.176 MiB, Response 0.485 MiB Pack 0 ms (interleave)
[2026-09-30 07:20:16.613] [info] [activation.cc:317] f_nexp 16384 sent 3.828664779663086 MiB
[2026-09-30 07:20:16.906] [info] [cheetah_dot.cc:636] 1@128x128x64 => 1x128x64 Recv 0.176 MiB, Response 0.243 MiB Pack 38.624 ms (interleave)
[2026-09-30 07:20:17.018] [info] [cheetah_dot.cc:636] 1@128x64x128 => 128x64x1 Recv 0.662 MiB, Response 0.485 MiB Pack 0 ms (interleave)
[2026-09-30 07:20:17.635] [info] [activation.cc:317] f_nexp 16384 sent 3.828805923461914 MiB
[2026-09-30 07:20:17.929] [info] [cheetah_dot.cc:636] 1@128x128x64 => 1x128x64 Recv 0.176 MiB, Response 0.243 MiB Pack 38.434 ms (interleave)
[2026-09-30 07:20:18.035] [info] [cheetah_dot.cc:636] 1@128x64x128 => 128x64x1 Recv 0.176 MiB, Response 0.485 MiB Pack 0 ms (interleave)
[2026-09-30 07:20:18.649] [info] [activation.cc:317] f_nexp 16384 sent 3.8284835815429688 MiB
[2026-09-30 07:20:18.957] [info] [cheetah_dot.cc:636] 1@128x128x64 => 1x128x64 Recv 0.176 MiB, Response 0.243 MiB Pack 39.04 ms (interleave)
[2026-09-30 07:20:19.063] [info] [cheetah_dot.cc:636] 1@128x64x128 => 128x64x1 Recv 0.176 MiB, Response 0.485 MiB Pack 0 ms (interleave)
[2026-09-30 07:20:19.684] [info] [activation.cc:317] f_nexp 16384 sent 3.8287038803100586 MiB
[2026-09-30 07:20:19.974] [info] [cheetah_dot.cc:636] 1@128x128x64 => 1x128x64 Recv 0.176 MiB, Response 0.243 MiB Pack 37.549 ms (interleave)
[2026-09-30 07:20:20.086] [info] [cheetah_dot.cc:636] 1@128x64x128 => 128x64x1 Recv 0.176 MiB, Response 0.485 MiB Pack 0 ms (interleave)
[2026-09-30 07:20:21.279] [info] [activation.cc:317] f_nexp 16384 sent 3.82888126373291 MiB
[2026-09-30 07:20:21.567] [info] [cheetah_dot.cc:636] 1@128x128x64 => 1x128x64 Recv 0.176 MiB, Response 0.243 MiB Pack 38.905 ms (interleave)
[2026-09-30 07:20:21.678] [info] [cheetah_dot.cc:636] 1@128x64x128 => 128x64x1 Recv 0.176 MiB, Response 0.485 MiB Pack 0 ms (interleave)
[2026-09-30 07:20:22.295] [info] [activation.cc:317] f_nexp 16384 sent 3.828969955444336 MiB
[2026-09-30 07:20:22.586] [info] [cheetah_dot.cc:636] 1@128x128x64 => 1x128x64 Recv 0.176 MiB, Response 0.243 MiB Pack 38.144 ms (interleave)
[2026-09-30 07:20:22.693] [info] [cheetah_dot.cc:636] 1@128x64x128 => 128x64x1 Recv 0.176 MiB, Response 0.485 MiB Pack 0 ms (interleave)
[2026-09-30 07:20:23.311] [info] [activation.cc:317] f_nexp 16384 sent 3.828634262084961 MiB
[2026-09-30 07:20:23.605] [info] [cheetah_dot.cc:636] 1@128x128x64 => 1x128x64 Recv 0.176 MiB, Response 0.243 MiB Pack 38.829 ms (interleave)
[2026-09-30 07:20:23.714] [info] [cheetah_dot.cc:636] 1@128x64x128 => 128x64x1 Recv 0.176 MiB, Response 0.485 MiB Pack 0 ms (interleave)
[2026-09-30 07:20:24.329] [info] [activation.cc:317] f_nexp 16384 sent 3.828683853149414 MiB
[2026-09-30 07:20:24.634] [info] [cheetah_dot.cc:636] 1@128x128x64 => 1x128x64 Recv 0.176 MiB, Response 0.243 MiB Pack 40.245 ms (interleave)
[2026-09-30 07:20:24.743] [info] [cheetah_dot.cc:636] 1@128x64x128 => 128x64x1 Recv 0.176 MiB, Response 0.485 MiB Pack 0 ms (interleave)
[2026-09-30 07:20:25.364] [info] [activation.cc:317] f_nexp 16384 sent 3.828700065612793 MiB
[2026-09-30 07:20:25.655] [info] [cheetah_dot.cc:636] 1@128x128x64 => 1x128x64 Recv 0.176 MiB, Response 0.243 MiB Pack 46.017 ms (interleave)
[2026-09-30 07:20:25.761] [info] [cheetah_dot.cc:636] 1@128x64x128 => 128x64x1 Recv 0.176 MiB, Response 0.485 MiB Pack 0 ms (interleave)
[2026-09-30 07:20:26.379] [info] [activation.cc:317] f_nexp 16384 sent 3.829129219055176 MiB
[2026-09-30 07:20:26.672] [info] [cheetah_dot.cc:636] 1@128x128x64 => 1x128x64 Recv 0.176 MiB, Response 0.243 MiB Pack 37.635 ms (interleave)
[2026-09-30 07:20:26.779] [info] [cheetah_dot.cc:636] 1@128x64x128 => 128x64x1 Recv 0.176 MiB, Response 0.485 MiB Pack 0 ms (interleave)
[2026-09-30 07:20:27.401] [info] [activation.cc:317] f_nexp 16384 sent 3.8291988372802734 MiB
[2026-09-30 07:20:27.688] [info] [cheetah_dot.cc:636] 1@128x128x64 => 1x128x64 Recv 0.176 MiB, Response 0.243 MiB Pack 36.909 ms (interleave)
[2026-09-30 07:20:28.398] [info] [cheetah_dot.cc:636] 1@128x768x768 => 128x64x1 Recv 2.117 MiB, Response 2.911 MiB Pack 0 ms (interleave)
[2026-09-30 07:20:33.308] [info] [cheetah_dot.cc:636] 1@128x768x3072 => 128x64x1 Recv 2.117 MiB, Response 11.644 MiB Pack 0 ms (interleave)
[2026-09-30 07:20:34.417] [info] [activation.cc:208] seg3_gelu (i32true) 393216 sent 58.962666511535645 MiB
[2026-09-30 07:20:36.243] [info] [cheetah_dot.cc:636] 1@128x3072x768 => 128x64x1 Recv 11.378 MiB, Response 2.911 MiB Pack 0 ms (interleave)
[2026-09-30 07:20:40.505] [info] [cheetah_dot.cc:636] 1@128x768x2304 => 128x64x1 Recv 2.117 MiB, Response 8.732 MiB Pack 0 ms (interleave)
[2026-09-30 07:20:40.853] [info] [cheetah_dot.cc:636] 1@128x64x128 => 128x64x1 Recv 0.176 MiB, Response 0.485 MiB Pack 0 ms (interleave)
[2026-09-30 07:20:41.467] [info] [activation.cc:317] f_nexp 16384 sent 3.828658103942871 MiB
[2026-09-30 07:20:41.752] [info] [cheetah_dot.cc:636] 1@128x128x64 => 1x128x64 Recv 0.176 MiB, Response 0.243 MiB Pack 35.697 ms (interleave)
[2026-09-30 07:20:41.856] [info] [cheetah_dot.cc:636] 1@128x64x128 => 128x64x1 Recv 0.176 MiB, Response 0.485 MiB Pack 0 ms (interleave)
[2026-09-30 07:20:42.473] [info] [activation.cc:317] f_nexp 16384 sent 3.8288183212280273 MiB
[2026-09-30 07:20:42.759] [info] [cheetah_dot.cc:636] 1@128x128x64 => 1x128x64 Recv 0.176 MiB, Response 0.243 MiB Pack 35.978 ms (interleave)
[2026-09-30 07:20:42.863] [info] [cheetah_dot.cc:636] 1@128x64x128 => 128x64x1 Recv 0.176 MiB, Response 0.485 MiB Pack 0 ms (interleave)
[2026-09-30 07:20:44.043] [info] [activation.cc:317] f_nexp 16384 sent 3.828982353210449 MiB
[2026-09-30 07:20:44.330] [info] [cheetah_dot.cc:636] 1@128x128x64 => 1x128x64 Recv 0.176 MiB, Response 0.243 MiB Pack 35.736 ms (interleave)
[2026-09-30 07:20:44.434] [info] [cheetah_dot.cc:636] 1@128x64x128 => 128x64x1 Recv 0.176 MiB, Response 0.485 MiB Pack 0 ms (interleave)
[2026-09-30 07:20:45.046] [info] [activation.cc:317] f_nexp 16384 sent 3.8287696838378906 MiB
[2026-09-30 07:20:45.364] [info] [cheetah_dot.cc:636] 1@128x128x64 => 1x128x64 Recv 0.176 MiB, Response 0.243 MiB Pack 36.342 ms (interleave)
[2026-09-30 07:20:45.469] [info] [cheetah_dot.cc:636] 1@128x64x128 => 128x64x1 Recv 0.176 MiB, Response 0.485 MiB Pack 0 ms (interleave)
[2026-09-30 07:20:46.086] [info] [activation.cc:317] f_nexp 16384 sent 3.8287153244018555 MiB
[2026-09-30 07:20:46.371] [info] [cheetah_dot.cc:636] 1@128x128x64 => 1x128x64 Recv 0.176 MiB, Response 0.243 MiB Pack 36.663 ms (interleave)
[2026-09-30 07:20:46.475] [info] [cheetah_dot.cc:636] 1@128x64x128 => 128x64x1 Recv 0.176 MiB, Response 0.485 MiB Pack 0 ms (interleave)
[2026-09-30 07:20:48.519] [info] [activation.cc:317] f_nexp 16384 sent 4.84456729888916 MiB
[2026-09-30 07:20:48.812] [info] [cheetah_dot.cc:636] 1@128x128x64 => 1x128x64 Recv 0.176 MiB, Response 0.243 MiB Pack 39.205 ms (interleave)
[2026-09-30 07:20:48.924] [info] [cheetah_dot.cc:636] 1@128x64x128 => 128x64x1 Recv 0.176 MiB, Response 0.485 MiB Pack 0 ms (interleave)
[2026-09-30 07:20:50.085] [info] [activation.cc:317] f_nexp 16384 sent 3.8287181854248047 MiB
[2026-09-30 07:20:50.377] [info] [cheetah_dot.cc:636] 1@128x128x64 => 1x128x64 Recv 0.176 MiB, Response 0.243 MiB Pack 38.988 ms (interleave)
[2026-09-30 07:20:50.487] [info] [cheetah_dot.cc:636] 1@128x64x128 => 128x64x1 Recv 0.176 MiB, Response 0.485 MiB Pack 0 ms (interleave)
[2026-09-30 07:20:51.101] [info] [activation.cc:317] f_nexp 16384 sent 3.8289270401000977 MiB
[2026-09-30 07:20:51.392] [info] [cheetah_dot.cc:636] 1@128x128x64 => 1x128x64 Recv 0.176 MiB, Response 0.243 MiB Pack 35.764 ms (interleave)
[2026-09-30 07:20:51.497] [info] [cheetah_dot.cc:636] 1@128x64x128 => 128x64x1 Recv 0.176 MiB, Response 0.485 MiB Pack 0 ms (interleave)
[2026-09-30 07:20:52.115] [info] [activation.cc:317] f_nexp 16384 sent 3.82894229888916 MiB
[2026-09-30 07:20:52.422] [info] [cheetah_dot.cc:636] 1@128x128x64 => 1x128x64 Recv 0.176 MiB, Response 0.243 MiB Pack 36.657 ms (interleave)
[2026-09-30 07:20:52.529] [info] [cheetah_dot.cc:636] 1@128x64x128 => 128x64x1 Recv 0.176 MiB, Response 0.485 MiB Pack 0 ms (interleave)
[2026-09-30 07:20:53.142] [info] [activation.cc:317] f_nexp 16384 sent 3.828799247741699 MiB
[2026-09-30 07:20:53.429] [info] [cheetah_dot.cc:636] 1@128x128x64 => 1x128x64 Recv 0.176 MiB, Response 0.243 MiB Pack 36.315 ms (interleave)
[2026-09-30 07:20:53.538] [info] [cheetah_dot.cc:636] 1@128x64x128 => 128x64x1 Recv 0.176 MiB, Response 0.485 MiB Pack 0 ms (interleave)
[2026-09-30 07:20:54.157] [info] [activation.cc:317] f_nexp 16384 sent 3.8291444778442383 MiB
[2026-09-30 07:20:54.441] [info] [cheetah_dot.cc:636] 1@128x128x64 => 1x128x64 Recv 0.176 MiB, Response 0.243 MiB Pack 35.241 ms (interleave)
[2026-09-30 07:20:54.546] [info] [cheetah_dot.cc:636] 1@128x64x128 => 128x64x1 Recv 0.176 MiB, Response 0.485 MiB Pack 0 ms (interleave)
[2026-09-30 07:20:55.161] [info] [activation.cc:317] f_nexp 16384 sent 3.8288164138793945 MiB
[2026-09-30 07:20:56.041] [info] [cheetah_dot.cc:636] 1@128x128x64 => 1x128x64 Recv 0.176 MiB, Response 0.243 MiB Pack 36.021 ms (interleave)
[2026-09-30 07:20:56.719] [info] [cheetah_dot.cc:636] 1@128x768x768 => 128x64x1 Recv 2.117 MiB, Response 2.911 MiB Pack 0 ms (interleave)
[2026-09-30 07:21:02.160] [info] [cheetah_dot.cc:636] 1@128x768x3072 => 128x64x1 Recv 4.785 MiB, Response 11.644 MiB Pack 0 ms (interleave)
[2026-09-30 07:21:04.054] [info] [activation.cc:208] seg3_gelu (i32true) 393216 sent 58.963093757629395 MiB
[2026-09-30 07:21:05.881] [info] [cheetah_dot.cc:636] 1@128x3072x768 => 128x64x1 Recv 8.467 MiB, Response 2.911 MiB Pack 0 ms (interleave)
[2026-09-30 07:21:10.162] [info] [cheetah_dot.cc:636] 1@128x768x2304 => 128x64x1 Recv 2.117 MiB, Response 8.732 MiB Pack 0 ms (interleave)
[2026-09-30 07:21:10.532] [info] [cheetah_dot.cc:636] 1@128x64x128 => 128x64x1 Recv 0.176 MiB, Response 0.485 MiB Pack 0 ms (interleave)
[2026-09-30 07:21:11.151] [info] [activation.cc:317] f_nexp 16384 sent 3.8288393020629883 MiB
[2026-09-30 07:21:11.437] [info] [cheetah_dot.cc:636] 1@128x128x64 => 1x128x64 Recv 0.176 MiB, Response 0.243 MiB Pack 37.611 ms (interleave)
[2026-09-30 07:21:11.552] [info] [cheetah_dot.cc:636] 1@128x64x128 => 128x64x1 Recv 0.176 MiB, Response 0.485 MiB Pack 0 ms (interleave)
[2026-09-30 07:21:12.176] [info] [activation.cc:317] f_nexp 16384 sent 3.828640937805176 MiB
[2026-09-30 07:21:12.461] [info] [cheetah_dot.cc:636] 1@128x128x64 => 1x128x64 Recv 0.176 MiB, Response 0.243 MiB Pack 36.869 ms (interleave)
[2026-09-30 07:21:12.565] [info] [cheetah_dot.cc:636] 1@128x64x128 => 128x64x1 Recv 0.176 MiB, Response 0.485 MiB Pack 0 ms (interleave)
[2026-09-30 07:21:13.180] [info] [activation.cc:317] f_nexp 16384 sent 3.828594207763672 MiB
[2026-09-30 07:21:13.465] [info] [cheetah_dot.cc:636] 1@128x128x64 => 1x128x64 Recv 0.176 MiB, Response 0.243 MiB Pack 35.519 ms (interleave)
[2026-09-30 07:21:13.569] [info] [cheetah_dot.cc:636] 1@128x64x128 => 128x64x1 Recv 0.176 MiB, Response 0.485 MiB Pack 0 ms (interleave)
[2026-09-30 07:21:14.185] [info] [activation.cc:317] f_nexp 16384 sent 3.8286752700805664 MiB
[2026-09-30 07:21:14.494] [info] [cheetah_dot.cc:636] 1@128x128x64 => 1x128x64 Recv 0.176 MiB, Response 0.243 MiB Pack 38.527 ms (interleave)
[2026-09-30 07:21:14.602] [info] [cheetah_dot.cc:636] 1@128x64x128 => 128x64x1 Recv 0.176 MiB, Response 0.485 MiB Pack 0 ms (interleave)
[2026-09-30 07:21:15.224] [info] [activation.cc:317] f_nexp 16384 sent 3.828948974609375 MiB
[2026-09-30 07:21:15.516] [info] [cheetah_dot.cc:636] 1@128x128x64 => 1x128x64 Recv 0.176 MiB, Response 0.243 MiB Pack 43.532 ms (interleave)
[2026-09-30 07:21:15.625] [info] [cheetah_dot.cc:636] 1@128x64x128 => 128x64x1 Recv 0.176 MiB, Response 0.485 MiB Pack 0 ms (interleave)
[2026-09-30 07:21:16.759] [info] [activation.cc:317] f_nexp 16384 sent 4.082630157470703 MiB
[2026-09-30 07:21:17.049] [info] [cheetah_dot.cc:636] 1@128x128x64 => 1x128x64 Recv 0.176 MiB, Response 0.243 MiB Pack 40.834 ms (interleave)
[2026-09-30 07:21:17.158] [info] [cheetah_dot.cc:636] 1@128x64x128 => 128x64x1 Recv 0.176 MiB, Response 0.485 MiB Pack 0 ms (interleave)
[2026-09-30 07:21:17.782] [info] [activation.cc:317] f_nexp 16384 sent 3.8289260864257812 MiB
[2026-09-30 07:21:18.071] [info] [cheetah_dot.cc:636] 1@128x128x64 => 1x128x64 Recv 0.176 MiB, Response 0.243 MiB Pack 37.385 ms (interleave)
[2026-09-30 07:21:18.178] [info] [cheetah_dot.cc:636] 1@128x64x128 => 128x64x1 Recv 0.176 MiB, Response 0.485 MiB Pack 0 ms (interleave)
[2026-09-30 07:21:18.803] [info] [activation.cc:317] f_nexp 16384 sent 3.828611373901367 MiB
[2026-09-30 07:21:19.093] [info] [cheetah_dot.cc:636] 1@128x128x64 => 1x128x64 Recv 0.176 MiB, Response 0.243 MiB Pack 38.984 ms (interleave)
[2026-09-30 07:21:19.200] [info] [cheetah_dot.cc:636] 1@128x64x128 => 128x64x1 Recv 0.176 MiB, Response 0.485 MiB Pack 0 ms (interleave)
[2026-09-30 07:21:20.403] [info] [activation.cc:317] f_nexp 16384 sent 3.828579902648926 MiB
[2026-09-30 07:21:20.712] [info] [cheetah_dot.cc:636] 1@128x128x64 => 1x128x64 Recv 0.176 MiB, Response 0.243 MiB Pack 38.896 ms (interleave)
[2026-09-30 07:21:20.820] [info] [cheetah_dot.cc:636] 1@128x64x128 => 128x64x1 Recv 0.176 MiB, Response 0.485 MiB Pack 0 ms (interleave)
[2026-09-30 07:21:21.946] [info] [activation.cc:317] f_nexp 16384 sent 3.8287620544433594 MiB
[2026-09-30 07:21:22.234] [info] [cheetah_dot.cc:636] 1@128x128x64 => 1x128x64 Recv 0.176 MiB, Response 0.243 MiB Pack 36.666 ms (interleave)
[2026-09-30 07:21:22.340] [info] [cheetah_dot.cc:636] 1@128x64x128 => 128x64x1 Recv 0.176 MiB, Response 0.485 MiB Pack 0 ms (interleave)
[2026-09-30 07:21:22.962] [info] [activation.cc:317] f_nexp 16384 sent 3.8286170959472656 MiB
[2026-09-30 07:21:23.253] [info] [cheetah_dot.cc:636] 1@128x128x64 => 1x128x64 Recv 0.176 MiB, Response 0.243 MiB Pack 35.931 ms (interleave)
[2026-09-30 07:21:23.357] [info] [cheetah_dot.cc:636] 1@128x64x128 => 128x64x1 Recv 0.176 MiB, Response 0.485 MiB Pack 0 ms (interleave)
[2026-09-30 07:21:23.973] [info] [activation.cc:317] f_nexp 16384 sent 3.828889846801758 MiB
[2026-09-30 07:21:24.260] [info] [cheetah_dot.cc:636] 1@128x128x64 => 1x128x64 Recv 0.176 MiB, Response 0.243 MiB Pack 36.106 ms (interleave)
[2026-09-30 07:21:24.942] [info] [cheetah_dot.cc:636] 1@128x768x768 => 128x64x1 Recv 2.117 MiB, Response 2.911 MiB Pack 0 ms (interleave)
[2026-09-30 07:21:29.767] [info] [cheetah_dot.cc:636] 1@128x768x3072 => 128x64x1 Recv 2.117 MiB, Response 11.644 MiB Pack 0 ms (interleave)
[2026-09-30 07:21:30.814] [info] [activation.cc:208] seg3_gelu (i32true) 393216 sent 58.962138175964355 MiB
[2026-09-30 07:21:32.627] [info] [cheetah_dot.cc:636] 1@128x3072x768 => 128x64x1 Recv 11.378 MiB, Response 2.911 MiB Pack 0 ms (interleave)
[2026-09-30 07:21:32.894] [warning] [channel.h:163] Channel destructor is called before WaitLinkTaskFinish, try stop send thread
