[2026-09-30 06:49:18.098] [info] [channel.cc:359] send request failed and retry, retry_count=1, max_retry=3, interval_ms=1000, message=[external/yacl/yacl/link/transport/interconnection_link.cc:56] cntl ErrorCode '111', http status code '0', response header '', response body '', error msg '[E111]Fail to connect Socket{id=0 addr=127.0.0.1:9531} (0x0x559a89afa300): Connection refused'
[2026-09-30 06:49:19.098] [info] [channel.cc:359] send request failed and retry, retry_count=2, max_retry=3, interval_ms=3000, message=[external/yacl/yacl/link/transport/interconnection_link.cc:56] cntl ErrorCode '112', http status code '0', response header '', response body '', error msg '[E112]Not connected to 127.0.0.1:9531 yet, server_id=0'
[2026-09-30 06:49:20.142] [info] [channel.cc:359] send request failed and retry, retry_count=1, max_retry=3, interval_ms=1000, message=[external/yacl/yacl/link/transport/interconnection_link.cc:56] cntl ErrorCode '112', http status code '0', response header '', response body '', error msg '[E112]Not connected to 127.0.0.1:9531 yet, server_id=0'
[2026-09-30 06:49:20.206] [info] [channel.cc:359] send request failed and retry, retry_count=1, max_retry=3, interval_ms=1000, message=[external/yacl/yacl/link/transport/interconnection_link.cc:56] cntl ErrorCode '112', http status code '0', response header '', response body '', error msg '[E112]Not connected to 127.0.0.1:9531 yet, server_id=0'
[2026-09-30 06:49:21.146] [info] [channel.cc:359] send request failed and retry, retry_count=2, max_retry=3, interval_ms=3000, message=[external/yacl/yacl/link/transport/interconnection_link.cc:56] cntl ErrorCode '112', http status code '0', response header '', response body '', error msg '[E112]Not connected to 127.0.0.1:9531 yet, server_id=0'
[2026-09-30 06:49:22.184] [info] [thread_pool.cc:30] Create a fixed thread pool with size 15
[2026-09-30 06:49:27.110] [info] [cheetah_mul.cc:335] CheetahMul uses 3 modulus for 64 bit input over 64 bit ring
[2026-09-30 06:49:37.292] [info] [cheetah_dot.cc:312] CheetahDot uses 3@2 modulus 8192 degree for 64 bit ring (packing=enabled)
[2026-09-30 06:49:40.435] [info] [cheetah_dot.cc:550] 1@128x768x2304 => 128x64x1 Recv 2.117 MiB, Response 8.733 MiB Pack 1198.338 ms (interleave)
[2026-09-30 06:49:40.896] [info] [cheetah_dot.cc:550] 1@128x64x128 => 128x64x1 Recv 0.176 MiB, Response 0.485 MiB Pack 48.731 ms (interleave)
[2026-09-30 06:49:43.977] [info] [activation.cc:317] f_nexp 16384 sent 4.834659576416016 MiB
[2026-09-30 06:49:44.372] [info] [cheetah_dot.cc:550] 1@128x128x64 => 1x128x64 Recv 0.176 MiB, Response 0.243 MiB Pack 41.615 ms (interleave)
[2026-09-30 06:49:44.582] [info] [cheetah_dot.cc:550] 1@128x64x128 => 128x64x1 Recv 0.176 MiB, Response 0.485 MiB Pack 147.536 ms (interleave)
[2026-09-30 06:49:45.601] [info] [activation.cc:317] f_nexp 16384 sent 4.834465026855469 MiB
[2026-09-30 06:49:45.990] [info] [cheetah_dot.cc:550] 1@128x128x64 => 1x128x64 Recv 0.176 MiB, Response 0.243 MiB Pack 39.693 ms (interleave)
[2026-09-30 06:49:46.202] [info] [cheetah_dot.cc:550] 1@128x64x128 => 128x64x1 Recv 0.176 MiB, Response 0.485 MiB Pack 46.969 ms (interleave)
[2026-09-30 06:49:47.113] [info] [activation.cc:317] f_nexp 16384 sent 4.83476448059082 MiB
[2026-09-30 06:49:47.504] [info] [cheetah_dot.cc:550] 1@128x128x64 => 1x128x64 Recv 0.176 MiB, Response 0.243 MiB Pack 41.415 ms (interleave)
[2026-09-30 06:49:47.822] [info] [cheetah_dot.cc:550] 1@128x64x128 => 128x64x1 Recv 0.176 MiB, Response 0.485 MiB Pack 50.539 ms (interleave)
[2026-09-30 06:49:48.635] [info] [activation.cc:317] f_nexp 16384 sent 4.834885597229004 MiB
[2026-09-30 06:49:49.142] [info] [cheetah_dot.cc:550] 1@128x128x64 => 1x128x64 Recv 0.176 MiB, Response 0.243 MiB Pack 144.937 ms (interleave)
[2026-09-30 06:49:49.252] [info] [cheetah_dot.cc:550] 1@128x64x128 => 128x64x1 Recv 0.176 MiB, Response 0.485 MiB Pack 46.976 ms (interleave)
[2026-09-30 06:49:50.257] [info] [activation.cc:317] f_nexp 16384 sent 4.834596633911133 MiB
[2026-09-30 06:49:50.750] [info] [cheetah_dot.cc:550] 1@128x128x64 => 1x128x64 Recv 0.176 MiB, Response 0.243 MiB Pack 141.753 ms (interleave)
[2026-09-30 06:49:50.865] [info] [cheetah_dot.cc:550] 1@128x64x128 => 128x64x1 Recv 0.176 MiB, Response 0.485 MiB Pack 51.063 ms (interleave)
[2026-09-30 06:49:51.690] [info] [activation.cc:317] f_nexp 16384 sent 4.834565162658691 MiB
[2026-09-30 06:49:52.075] [info] [cheetah_dot.cc:550] 1@128x128x64 => 1x128x64 Recv 0.176 MiB, Response 0.243 MiB Pack 39.745 ms (interleave)
[2026-09-30 06:49:52.185] [info] [cheetah_dot.cc:550] 1@128x64x128 => 128x64x1 Recv 0.176 MiB, Response 0.485 MiB Pack 48.374 ms (interleave)
[2026-09-30 06:49:53.008] [info] [activation.cc:317] f_nexp 16384 sent 4.834402084350586 MiB
[2026-09-30 06:49:53.396] [info] [cheetah_dot.cc:550] 1@128x128x64 => 1x128x64 Recv 0.176 MiB, Response 0.243 MiB Pack 40.208 ms (interleave)
[2026-09-30 06:49:53.519] [info] [cheetah_dot.cc:550] 1@128x64x128 => 128x64x1 Recv 0.176 MiB, Response 0.485 MiB Pack 53.368 ms (interleave)
[2026-09-30 06:49:54.339] [info] [activation.cc:317] f_nexp 16384 sent 4.834529876708984 MiB
[2026-09-30 06:49:54.823] [info] [cheetah_dot.cc:550] 1@128x128x64 => 1x128x64 Recv 0.176 MiB, Response 0.243 MiB Pack 137.594 ms (interleave)
[2026-09-30 06:49:54.938] [info] [cheetah_dot.cc:550] 1@128x64x128 => 128x64x1 Recv 0.176 MiB, Response 0.485 MiB Pack 47.178 ms (interleave)
[2026-09-30 06:49:55.859] [info] [activation.cc:317] f_nexp 16384 sent 4.834815979003906 MiB
[2026-09-30 06:49:56.263] [info] [cheetah_dot.cc:550] 1@128x128x64 => 1x128x64 Recv 0.176 MiB, Response 0.243 MiB Pack 39.119 ms (interleave)
[2026-09-30 06:49:56.374] [info] [cheetah_dot.cc:550] 1@128x64x128 => 128x64x1 Recv 0.176 MiB, Response 0.485 MiB Pack 49.161 ms (interleave)
[2026-09-30 06:49:57.185] [info] [activation.cc:317] f_nexp 16384 sent 4.834469795227051 MiB
[2026-09-30 06:49:58.274] [info] [cheetah_dot.cc:550] 1@128x128x64 => 1x128x64 Recv 0.176 MiB, Response 0.243 MiB Pack 37.82 ms (interleave)
[2026-09-30 06:49:58.386] [info] [cheetah_dot.cc:550] 1@128x64x128 => 128x64x1 Recv 0.176 MiB, Response 0.485 MiB Pack 45.891 ms (interleave)
[2026-09-30 06:49:59.205] [info] [activation.cc:317] f_nexp 16384 sent 4.834569931030273 MiB
[2026-09-30 06:49:59.794] [info] [cheetah_dot.cc:550] 1@128x128x64 => 1x128x64 Recv 0.176 MiB, Response 0.243 MiB Pack 241.006 ms (interleave)
[2026-09-30 06:49:59.900] [info] [cheetah_dot.cc:550] 1@128x64x128 => 128x64x1 Recv 0.176 MiB, Response 0.485 MiB Pack 45.358 ms (interleave)
[2026-09-30 06:50:00.708] [info] [activation.cc:317] f_nexp 16384 sent 4.83466911315918 MiB
[2026-09-30 06:50:01.092] [info] [cheetah_dot.cc:550] 1@128x128x64 => 1x128x64 Recv 0.176 MiB, Response 0.243 MiB Pack 39.761 ms (interleave)
[2026-09-30 06:50:01.924] [info] [cheetah_dot.cc:550] 1@128x768x768 => 128x64x1 Recv 2.117 MiB, Response 2.911 MiB Pack 283.49 ms (interleave)
[2026-09-30 06:50:08.104] [info] [cheetah_dot.cc:550] 1@128x768x3072 => 128x64x1 Recv 2.117 MiB, Response 11.644 MiB Pack 1302.696 ms (interleave)
[2026-09-30 06:50:11.420] [info] [activation.cc:208] seg3_gelu (i32true) 393216 sent 97.1193790435791 MiB
[2026-09-30 06:50:13.266] [info] [cheetah_dot.cc:550] 1@128x3072x768 => 128x64x1 Recv 8.467 MiB, Response 2.911 MiB Pack 277.704 ms (interleave)
[2026-09-30 06:50:17.591] [info] [cheetah_dot.cc:550] 1@128x768x2304 => 128x64x1 Recv 2.117 MiB, Response 8.733 MiB Pack 823.044 ms (interleave)
[2026-09-30 06:50:17.948] [info] [cheetah_dot.cc:550] 1@128x64x128 => 128x64x1 Recv 0.176 MiB, Response 0.485 MiB Pack 48.82 ms (interleave)
[2026-09-30 06:50:18.571] [info] [activation.cc:317] f_nexp 16384 sent 4.83465576171875 MiB
[2026-09-30 06:50:18.862] [info] [cheetah_dot.cc:550] 1@128x128x64 => 1x128x64 Recv 0.176 MiB, Response 0.243 MiB Pack 38.899 ms (interleave)
[2026-09-30 06:50:18.973] [info] [cheetah_dot.cc:550] 1@128x64x128 => 128x64x1 Recv 0.176 MiB, Response 0.485 MiB Pack 48.238 ms (interleave)
[2026-09-30 06:50:19.598] [info] [activation.cc:317] f_nexp 16384 sent 4.834465026855469 MiB
[2026-09-30 06:50:19.885] [info] [cheetah_dot.cc:550] 1@128x128x64 => 1x128x64 Recv 0.176 MiB, Response 0.243 MiB Pack 36.034 ms (interleave)
[2026-09-30 06:50:19.992] [info] [cheetah_dot.cc:550] 1@128x64x128 => 128x64x1 Recv 0.176 MiB, Response 0.485 MiB Pack 44.942 ms (interleave)
[2026-09-30 06:50:20.612] [info] [activation.cc:317] f_nexp 16384 sent 4.83494758605957 MiB
[2026-09-30 06:50:20.904] [info] [cheetah_dot.cc:550] 1@128x128x64 => 1x128x64 Recv 0.176 MiB, Response 0.243 MiB Pack 37.161 ms (interleave)
[2026-09-30 06:50:21.013] [info] [cheetah_dot.cc:550] 1@128x64x128 => 128x64x1 Recv 0.176 MiB, Response 0.485 MiB Pack 46.34 ms (interleave)
[2026-09-30 06:50:21.633] [info] [activation.cc:317] f_nexp 16384 sent 4.834535598754883 MiB
[2026-09-30 06:50:21.940] [info] [cheetah_dot.cc:550] 1@128x128x64 => 1x128x64 Recv 0.176 MiB, Response 0.243 MiB Pack 37.972 ms (interleave)
[2026-09-30 06:50:22.045] [info] [cheetah_dot.cc:550] 1@128x64x128 => 128x64x1 Recv 0.176 MiB, Response 0.485 MiB Pack 44.27 ms (interleave)
[2026-09-30 06:50:23.180] [info] [activation.cc:317] f_nexp 16384 sent 4.834495544433594 MiB
[2026-09-30 06:50:23.467] [info] [cheetah_dot.cc:550] 1@128x128x64 => 1x128x64 Recv 0.176 MiB, Response 0.243 MiB Pack 36.661 ms (interleave)
[2026-09-30 06:50:23.572] [info] [cheetah_dot.cc:550] 1@128x64x128 => 128x64x1 Recv 0.176 MiB, Response 0.485 MiB Pack 44.535 ms (interleave)
[2026-09-30 06:50:24.191] [info] [activation.cc:317] f_nexp 16384 sent 4.834648132324219 MiB
[2026-09-30 06:50:24.481] [info] [cheetah_dot.cc:550] 1@128x128x64 => 1x128x64 Recv 0.176 MiB, Response 0.243 MiB Pack 36.558 ms (interleave)
[2026-09-30 06:50:24.592] [info] [cheetah_dot.cc:550] 1@128x64x128 => 128x64x1 Recv 0.176 MiB, Response 0.485 MiB Pack 45.104 ms (interleave)
[2026-09-30 06:50:25.724] [info] [activation.cc:317] f_nexp 16384 sent 4.834519386291504 MiB
[2026-09-30 06:50:26.011] [info] [cheetah_dot.cc:550] 1@128x128x64 => 1x128x64 Recv 0.176 MiB, Response 0.243 MiB Pack 38.422 ms (interleave)
[2026-09-30 06:50:26.119] [info] [cheetah_dot.cc:550] 1@128x64x128 => 128x64x1 Recv 0.176 MiB, Response 0.485 MiB Pack 46.667 ms (interleave)
[2026-09-30 06:50:26.726] [info] [activation.cc:317] f_nexp 16384 sent 4.83442497253418 MiB
[2026-09-30 06:50:27.012] [info] [cheetah_dot.cc:550] 1@128x128x64 => 1x128x64 Recv 0.176 MiB, Response 0.243 MiB Pack 38.038 ms (interleave)
[2026-09-30 06:50:27.128] [info] [cheetah_dot.cc:550] 1@128x64x128 => 128x64x1 Recv 0.176 MiB, Response 0.485 MiB Pack 51.064 ms (interleave)
[2026-09-30 06:50:27.739] [info] [activation.cc:317] f_nexp 16384 sent 4.834531784057617 MiB
[2026-09-30 06:50:28.048] [info] [cheetah_dot.cc:550] 1@128x128x64 => 1x128x64 Recv 0.176 MiB, Response 0.243 MiB Pack 37.981 ms (interleave)
[2026-09-30 06:50:28.155] [info] [cheetah_dot.cc:550] 1@128x64x128 => 128x64x1 Recv 0.176 MiB, Response 0.485 MiB Pack 46.927 ms (interleave)
[2026-09-30 06:50:28.776] [info] [activation.cc:317] f_nexp 16384 sent 4.834617614746094 MiB
[2026-09-30 06:50:29.066] [info] [cheetah_dot.cc:550] 1@128x128x64 => 1x128x64 Recv 0.176 MiB, Response 0.243 MiB Pack 38.491 ms (interleave)
[2026-09-30 06:50:29.176] [info] [cheetah_dot.cc:550] 1@128x64x128 => 128x64x1 Recv 0.176 MiB, Response 0.485 MiB Pack 47.71 ms (interleave)
[2026-09-30 06:50:29.807] [info] [activation.cc:317] f_nexp 16384 sent 4.83441162109375 MiB
[2026-09-30 06:50:30.097] [info] [cheetah_dot.cc:550] 1@128x128x64 => 1x128x64 Recv 0.176 MiB, Response 0.243 MiB Pack 38.039 ms (interleave)
[2026-09-30 06:50:30.203] [info] [cheetah_dot.cc:550] 1@128x64x128 => 128x64x1 Recv 0.176 MiB, Response 0.485 MiB Pack 44.471 ms (interleave)
[2026-09-30 06:50:30.826] [info] [activation.cc:317] f_nexp 16384 sent 4.834524154663086 MiB
[2026-09-30 06:50:31.109] [info] [cheetah_dot.cc:550] 1@128x128x64 => 1x128x64 Recv 0.176 MiB, Response 0.243 MiB Pack 36.37 ms (interleave)
[2026-09-30 06:50:31.841] [info] [cheetah_dot.cc:550] 1@128x768x768 => 128x64x1 Recv 2.117 MiB, Response 2.911 MiB Pack 291.742 ms (interleave)
[2026-09-30 06:50:36.658] [info] [cheetah_dot.cc:550] 1@128x768x3072 => 128x64x1 Recv 2.117 MiB, Response 11.644 MiB Pack 1059.164 ms (interleave)
[2026-09-30 06:50:39.048] [info] [activation.cc:208] seg3_gelu (i32true) 393216 sent 97.6270694732666 MiB
[2026-09-30 06:50:40.869] [info] [cheetah_dot.cc:550] 1@128x3072x768 => 128x64x1 Recv 8.467 MiB, Response 2.911 MiB Pack 259.403 ms (interleave)
[2026-09-30 06:50:45.090] [info] [cheetah_dot.cc:550] 1@128x768x2304 => 128x64x1 Recv 2.117 MiB, Response 8.733 MiB Pack 793.336 ms (interleave)
[2026-09-30 06:50:45.443] [info] [cheetah_dot.cc:550] 1@128x64x128 => 128x64x1 Recv 0.176 MiB, Response 0.485 MiB Pack 44.396 ms (interleave)
[2026-09-30 06:50:46.057] [info] [activation.cc:317] f_nexp 16384 sent 4.834388732910156 MiB
[2026-09-30 06:50:46.344] [info] [cheetah_dot.cc:550] 1@128x128x64 => 1x128x64 Recv 0.176 MiB, Response 0.243 MiB Pack 35.976 ms (interleave)
[2026-09-30 06:50:46.449] [info] [cheetah_dot.cc:550] 1@128x64x128 => 128x64x1 Recv 0.176 MiB, Response 0.485 MiB Pack 43.544 ms (interleave)
[2026-09-30 06:50:47.069] [info] [activation.cc:317] f_nexp 16384 sent 4.834632873535156 MiB
[2026-09-30 06:50:47.364] [info] [cheetah_dot.cc:550] 1@128x128x64 => 1x128x64 Recv 0.176 MiB, Response 0.243 MiB Pack 38.528 ms (interleave)
[2026-09-30 06:50:47.475] [info] [cheetah_dot.cc:550] 1@128x64x128 => 128x64x1 Recv 0.176 MiB, Response 0.485 MiB Pack 50.191 ms (interleave)
[2026-09-30 06:50:49.104] [info] [activation.cc:317] f_nexp 16384 sent 4.8347625732421875 MiB
[2026-09-30 06:50:49.397] [info] [cheetah_dot.cc:550] 1@128x128x64 => 1x128x64 Recv 0.176 MiB, Response 0.243 MiB Pack 37.217 ms (interleave)
[2026-09-30 06:50:49.508] [info] [cheetah_dot.cc:550] 1@128x64x128 => 128x64x1 Recv 0.176 MiB, Response 0.485 MiB Pack 46.1 ms (interleave)
[2026-09-30 06:50:50.119] [info] [activation.cc:317] f_nexp 16384 sent 4.8345441818237305 MiB
[2026-09-30 06:50:50.420] [info] [cheetah_dot.cc:550] 1@128x128x64 => 1x128x64 Recv 0.176 MiB, Response 0.243 MiB Pack 35.34 ms (interleave)
[2026-09-30 06:50:50.528] [info] [cheetah_dot.cc:550] 1@128x64x128 => 128x64x1 Recv 0.176 MiB, Response 0.485 MiB Pack 44.253 ms (interleave)
[2026-09-30 06:50:51.151] [info] [activation.cc:317] f_nexp 16384 sent 4.834656715393066 MiB
[2026-09-30 06:50:51.439] [info] [cheetah_dot.cc:550] 1@128x128x64 => 1x128x64 Recv 0.176 MiB, Response 0.243 MiB Pack 38.852 ms (interleave)
[2026-09-30 06:50:51.556] [info] [cheetah_dot.cc:550] 1@128x64x128 => 128x64x1 Recv 0.176 MiB, Response 0.485 MiB Pack 51.127 ms (interleave)
[2026-09-30 06:50:52.177] [info] [activation.cc:317] f_nexp 16384 sent 4.834814071655273 MiB
[2026-09-30 06:50:52.475] [info] [cheetah_dot.cc:550] 1@128x128x64 => 1x128x64 Recv 0.176 MiB, Response 0.243 MiB Pack 37.805 ms (interleave)
[2026-09-30 06:50:52.594] [info] [cheetah_dot.cc:550] 1@128x64x128 => 128x64x1 Recv 0.176 MiB, Response 0.485 MiB Pack 53.639 ms (interleave)
[2026-09-30 06:50:53.212] [info] [activation.cc:317] f_nexp 16384 sent 4.834464073181152 MiB
[2026-09-30 06:50:53.511] [info] [cheetah_dot.cc:550] 1@128x128x64 => 1x128x64 Recv 0.176 MiB, Response 0.243 MiB Pack 41.888 ms (interleave)
[2026-09-30 06:50:53.619] [info] [cheetah_dot.cc:550] 1@128x64x128 => 128x64x1 Recv 0.176 MiB, Response 0.485 MiB Pack 46.004 ms (interleave)
[2026-09-30 06:50:54.240] [info] [activation.cc:317] f_nexp 16384 sent 4.834749221801758 MiB
[2026-09-30 06:50:54.529] [info] [cheetah_dot.cc:550] 1@128x128x64 => 1x128x64 Recv 0.176 MiB, Response 0.243 MiB Pack 36.621 ms (interleave)
[2026-09-30 06:50:54.634] [info] [cheetah_dot.cc:550] 1@128x64x128 => 128x64x1 Recv 0.176 MiB, Response 0.485 MiB Pack 44.503 ms (interleave)
[2026-09-30 06:50:55.879] [info] [activation.cc:317] f_nexp 16384 sent 5.0887861251831055 MiB
[2026-09-30 06:50:56.185] [info] [cheetah_dot.cc:550] 1@128x128x64 => 1x128x64 Recv 0.176 MiB, Response 0.243 MiB Pack 35.998 ms (interleave)
[2026-09-30 06:50:56.289] [info] [cheetah_dot.cc:550] 1@128x64x128 => 128x64x1 Recv 0.176 MiB, Response 0.485 MiB Pack 44.131 ms (interleave)
[2026-09-30 06:50:56.902] [info] [activation.cc:317] f_nexp 16384 sent 4.834414482116699 MiB
[2026-09-30 06:50:57.187] [info] [cheetah_dot.cc:550] 1@128x128x64 => 1x128x64 Recv 0.176 MiB, Response 0.243 MiB Pack 35.827 ms (interleave)
[2026-09-30 06:50:57.294] [info] [cheetah_dot.cc:550] 1@128x64x128 => 128x64x1 Recv 0.176 MiB, Response 0.485 MiB Pack 44.437 ms (interleave)
[2026-09-30 06:50:57.912] [info] [activation.cc:317] f_nexp 16384 sent 4.834697723388672 MiB
[2026-09-30 06:50:58.199] [info] [cheetah_dot.cc:550] 1@128x128x64 => 1x128x64 Recv 0.176 MiB, Response 0.243 MiB Pack 36.291 ms (interleave)
[2026-09-30 06:50:58.315] [info] [cheetah_dot.cc:550] 1@128x64x128 => 128x64x1 Recv 0.176 MiB, Response 0.485 MiB Pack 52.412 ms (interleave)
[2026-09-30 06:50:58.938] [info] [activation.cc:317] f_nexp 16384 sent 4.834551811218262 MiB
[2026-09-30 06:50:59.242] [info] [cheetah_dot.cc:550] 1@128x128x64 => 1x128x64 Recv 0.176 MiB, Response 0.243 MiB Pack 45.91 ms (interleave)
[2026-09-30 06:50:59.923] [info] [cheetah_dot.cc:550] 1@128x768x768 => 128x64x1 Recv 2.117 MiB, Response 2.911 MiB Pack 263.249 ms (interleave)
[2026-09-30 06:51:04.829] [info] [cheetah_dot.cc:550] 1@128x768x3072 => 128x64x1 Recv 2.117 MiB, Response 11.644 MiB Pack 1135.457 ms (interleave)
[2026-09-30 06:51:07.176] [info] [activation.cc:208] seg3_gelu (i32true) 393216 sent 98.38909912109375 MiB
[2026-09-30 06:51:09.021] [info] [cheetah_dot.cc:550] 1@128x3072x768 => 128x64x1 Recv 8.467 MiB, Response 2.911 MiB Pack 275.483 ms (interleave)
[2026-09-30 06:51:13.304] [info] [cheetah_dot.cc:550] 1@128x768x2304 => 128x64x1 Recv 2.117 MiB, Response 8.733 MiB Pack 813.596 ms (interleave)
[2026-09-30 06:51:13.665] [info] [cheetah_dot.cc:550] 1@128x64x128 => 128x64x1 Recv 0.176 MiB, Response 0.485 MiB Pack 47.813 ms (interleave)
[2026-09-30 06:51:14.292] [info] [activation.cc:317] f_nexp 16384 sent 4.834560394287109 MiB
[2026-09-30 06:51:14.581] [info] [cheetah_dot.cc:550] 1@128x128x64 => 1x128x64 Recv 0.176 MiB, Response 0.243 MiB Pack 38.151 ms (interleave)
[2026-09-30 06:51:14.689] [info] [cheetah_dot.cc:550] 1@128x64x128 => 128x64x1 Recv 0.176 MiB, Response 0.485 MiB Pack 45.689 ms (interleave)
[2026-09-30 06:51:15.307] [info] [activation.cc:317] f_nexp 16384 sent 4.834946632385254 MiB
[2026-09-30 06:51:15.593] [info] [cheetah_dot.cc:550] 1@128x128x64 => 1x128x64 Recv 0.176 MiB, Response 0.243 MiB Pack 37.478 ms (interleave)
[2026-09-30 06:51:15.699] [info] [cheetah_dot.cc:550] 1@128x64x128 => 128x64x1 Recv 0.176 MiB, Response 0.485 MiB Pack 45.562 ms (interleave)
[2026-09-30 06:51:16.316] [info] [activation.cc:317] f_nexp 16384 sent 4.834266662597656 MiB
[2026-09-30 06:51:16.608] [info] [cheetah_dot.cc:550] 1@128x128x64 => 1x128x64 Recv 0.176 MiB, Response 0.243 MiB Pack 37.753 ms (interleave)
[2026-09-30 06:51:16.713] [info] [cheetah_dot.cc:550] 1@128x64x128 => 128x64x1 Recv 0.176 MiB, Response 0.485 MiB Pack 45.387 ms (interleave)
[2026-09-30 06:51:17.330] [info] [activation.cc:317] f_nexp 16384 sent 4.834778785705566 MiB
[2026-09-30 06:51:17.645] [info] [cheetah_dot.cc:550] 1@128x128x64 => 1x128x64 Recv 0.176 MiB, Response 0.243 MiB Pack 37.996 ms (interleave)
[2026-09-30 06:51:17.753] [info] [cheetah_dot.cc:550] 1@128x64x128 => 128x64x1 Recv 0.176 MiB, Response 0.485 MiB Pack 46.725 ms (interleave)
[2026-09-30 06:51:18.370] [info] [activation.cc:317] f_nexp 16384 sent 4.834442138671875 MiB
[2026-09-30 06:51:18.663] [info] [cheetah_dot.cc:550] 1@128x128x64 => 1x128x64 Recv 0.176 MiB, Response 0.243 MiB Pack 38.01 ms (interleave)
[2026-09-30 06:51:18.770] [info] [cheetah_dot.cc:550] 1@128x64x128 => 128x64x1 Recv 0.176 MiB, Response 0.485 MiB Pack 45.345 ms (interleave)
[2026-09-30 06:51:19.383] [info] [activation.cc:317] f_nexp 16384 sent 4.834749221801758 MiB
[2026-09-30 06:51:19.674] [info] [cheetah_dot.cc:550] 1@128x128x64 => 1x128x64 Recv 0.176 MiB, Response 0.243 MiB Pack 37.413 ms (interleave)
[2026-09-30 06:51:19.784] [info] [cheetah_dot.cc:550] 1@128x64x128 => 128x64x1 Recv 0.176 MiB, Response 0.485 MiB Pack 47.948 ms (interleave)
[2026-09-30 06:51:20.408] [info] [activation.cc:317] f_nexp 16384 sent 4.834567070007324 MiB
[2026-09-30 06:51:20.707] [info] [cheetah_dot.cc:550] 1@128x128x64 => 1x128x64 Recv 0.176 MiB, Response 0.243 MiB Pack 46.482 ms (interleave)
[2026-09-30 06:51:20.814] [info] [cheetah_dot.cc:550] 1@128x64x128 => 128x64x1 Recv 0.176 MiB, Response 0.485 MiB Pack 46.419 ms (interleave)
[2026-09-30 06:51:22.109] [info] [activation.cc:317] f_nexp 16384 sent 5.342469215393066 MiB
[2026-09-30 06:51:22.394] [info] [cheetah_dot.cc:550] 1@128x128x64 => 1x128x64 Recv 0.176 MiB, Response 0.243 MiB Pack 37.998 ms (interleave)
[2026-09-30 06:51:22.503] [info] [cheetah_dot.cc:550] 1@128x64x128 => 128x64x1 Recv 0.176 MiB, Response 0.485 MiB Pack 47.333 ms (interleave)
[2026-09-30 06:51:23.637] [info] [activation.cc:317] f_nexp 16384 sent 4.834673881530762 MiB
[2026-09-30 06:51:23.946] [info] [cheetah_dot.cc:550] 1@128x128x64 => 1x128x64 Recv 0.176 MiB, Response 0.243 MiB Pack 38.913 ms (interleave)
[2026-09-30 06:51:24.054] [info] [cheetah_dot.cc:550] 1@128x64x128 => 128x64x1 Recv 0.176 MiB, Response 0.485 MiB Pack 46.446 ms (interleave)
[2026-09-30 06:51:24.678] [info] [activation.cc:317] f_nexp 16384 sent 4.83464241027832 MiB
[2026-09-30 06:51:24.970] [info] [cheetah_dot.cc:550] 1@128x128x64 => 1x128x64 Recv 0.176 MiB, Response 0.243 MiB Pack 37.598 ms (interleave)
[2026-09-30 06:51:25.083] [info] [cheetah_dot.cc:550] 1@128x64x128 => 128x64x1 Recv 0.176 MiB, Response 0.485 MiB Pack 46.876 ms (interleave)
[2026-09-30 06:51:25.706] [info] [activation.cc:317] f_nexp 16384 sent 4.8345537185668945 MiB
[2026-09-30 06:51:26.003] [info] [cheetah_dot.cc:550] 1@128x128x64 => 1x128x64 Recv 0.176 MiB, Response 0.243 MiB Pack 40.844 ms (interleave)
[2026-09-30 06:51:26.110] [info] [cheetah_dot.cc:550] 1@128x64x128 => 128x64x1 Recv 0.176 MiB, Response 0.485 MiB Pack 46.006 ms (interleave)
[2026-09-30 06:51:26.722] [info] [activation.cc:317] f_nexp 16384 sent 4.834466934204102 MiB
[2026-09-30 06:51:27.013] [info] [cheetah_dot.cc:550] 1@128x128x64 => 1x128x64 Recv 0.176 MiB, Response 0.243 MiB Pack 37.519 ms (interleave)
[2026-09-30 06:51:27.690] [info] [cheetah_dot.cc:550] 1@128x768x768 => 128x64x1 Recv 2.117 MiB, Response 2.911 MiB Pack 263.984 ms (interleave)
[2026-09-30 06:51:32.718] [info] [cheetah_dot.cc:550] 1@128x768x3072 => 128x64x1 Recv 2.117 MiB, Response 11.644 MiB Pack 1172.556 ms (interleave)
[2026-09-30 06:51:34.359] [info] [activation.cc:208] seg3_gelu (i32true) 393216 sent 97.37222671508789 MiB
[2026-09-30 06:51:36.176] [info] [cheetah_dot.cc:550] 1@128x3072x768 => 128x64x1 Recv 8.467 MiB, Response 2.911 MiB Pack 263.632 ms (interleave)
[2026-09-30 06:51:40.393] [info] [cheetah_dot.cc:550] 1@128x768x2304 => 128x64x1 Recv 2.117 MiB, Response 8.732 MiB Pack 792.064 ms (interleave)
[2026-09-30 06:51:40.755] [info] [cheetah_dot.cc:550] 1@128x64x128 => 128x64x1 Recv 0.176 MiB, Response 0.485 MiB Pack 43.855 ms (interleave)
[2026-09-30 06:51:41.366] [info] [activation.cc:317] f_nexp 16384 sent 4.834800720214844 MiB
[2026-09-30 06:51:41.656] [info] [cheetah_dot.cc:550] 1@128x128x64 => 1x128x64 Recv 0.176 MiB, Response 0.243 MiB Pack 36.228 ms (interleave)
[2026-09-30 06:51:41.762] [info] [cheetah_dot.cc:550] 1@128x64x128 => 128x64x1 Recv 0.176 MiB, Response 0.485 MiB Pack 45.303 ms (interleave)
[2026-09-30 06:51:42.381] [info] [activation.cc:317] f_nexp 16384 sent 4.834538459777832 MiB
[2026-09-30 06:51:42.670] [info] [cheetah_dot.cc:550] 1@128x128x64 => 1x128x64 Recv 0.176 MiB, Response 0.243 MiB Pack 38.596 ms (interleave)
[2026-09-30 06:51:42.783] [info] [cheetah_dot.cc:550] 1@128x64x128 => 128x64x1 Recv 0.176 MiB, Response 0.485 MiB Pack 49.224 ms (interleave)
[2026-09-30 06:51:43.401] [info] [activation.cc:317] f_nexp 16384 sent 4.834311485290527 MiB
[2026-09-30 06:51:43.690] [info] [cheetah_dot.cc:550] 1@128x128x64 => 1x128x64 Recv 0.176 MiB, Response 0.243 MiB Pack 39.237 ms (interleave)
[2026-09-30 06:51:43.796] [info] [cheetah_dot.cc:550] 1@128x64x128 => 128x64x1 Recv 0.176 MiB, Response 0.485 MiB Pack 45.938 ms (interleave)
[2026-09-30 06:51:44.414] [info] [activation.cc:317] f_nexp 16384 sent 4.8342485427856445 MiB
[2026-09-30 06:51:44.722] [info] [cheetah_dot.cc:550] 1@128x128x64 => 1x128x64 Recv 0.176 MiB, Response 0.243 MiB Pack 37.707 ms (interleave)
[2026-09-30 06:51:44.828] [info] [cheetah_dot.cc:550] 1@128x64x128 => 128x64x1 Recv 0.176 MiB, Response 0.485 MiB Pack 45.246 ms (interleave)
[2026-09-30 06:51:46.555] [info] [activation.cc:317] f_nexp 16384 sent 5.088545799255371 MiB
[2026-09-30 06:51:46.849] [info] [cheetah_dot.cc:550] 1@128x128x64 => 1x128x64 Recv 0.176 MiB, Response 0.243 MiB Pack 45.999 ms (interleave)
[2026-09-30 06:51:46.962] [info] [cheetah_dot.cc:550] 1@128x64x128 => 128x64x1 Recv 0.176 MiB, Response 0.485 MiB Pack 48.066 ms (interleave)
[2026-09-30 06:51:47.578] [info] [activation.cc:317] f_nexp 16384 sent 4.8347368240356445 MiB
[2026-09-30 06:51:47.866] [info] [cheetah_dot.cc:550] 1@128x128x64 => 1x128x64 Recv 0.176 MiB, Response 0.243 MiB Pack 38.391 ms (interleave)
[2026-09-30 06:51:47.975] [info] [cheetah_dot.cc:550] 1@128x64x128 => 128x64x1 Recv 0.176 MiB, Response 0.485 MiB Pack 46.389 ms (interleave)
[2026-09-30 06:51:48.595] [info] [activation.cc:317] f_nexp 16384 sent 4.834530830383301 MiB
[2026-09-30 06:51:48.885] [info] [cheetah_dot.cc:550] 1@128x128x64 => 1x128x64 Recv 0.176 MiB, Response 0.243 MiB Pack 37.212 ms (interleave)
[2026-09-30 06:51:48.992] [info] [cheetah_dot.cc:550] 1@128x64x128 => 128x64x1 Recv 0.176 MiB, Response 0.485 MiB Pack 45.002 ms (interleave)
[2026-09-30 06:51:49.622] [info] [activation.cc:317] f_nexp 16384 sent 4.834604263305664 MiB
[2026-09-30 06:51:49.919] [info] [cheetah_dot.cc:550] 1@128x128x64 => 1x128x64 Recv 0.176 MiB, Response 0.243 MiB Pack 37.698 ms (interleave)
[2026-09-30 06:51:50.026] [info] [cheetah_dot.cc:550] 1@128x64x128 => 128x64x1 Recv 0.176 MiB, Response 0.485 MiB Pack 44.222 ms (interleave)
[2026-09-30 06:51:50.640] [info] [activation.cc:317] f_nexp 16384 sent 4.834708213806152 MiB
[2026-09-30 06:51:50.951] [info] [cheetah_dot.cc:550] 1@128x128x64 => 1x128x64 Recv 0.176 MiB, Response 0.243 MiB Pack 35.307 ms (interleave)
[2026-09-30 06:51:51.057] [info] [cheetah_dot.cc:550] 1@128x64x128 => 128x64x1 Recv 0.176 MiB, Response 0.485 MiB Pack 43.772 ms (interleave)
[2026-09-30 06:51:51.676] [info] [activation.cc:317] f_nexp 16384 sent 4.834692001342773 MiB
[2026-09-30 06:51:51.961] [info] [cheetah_dot.cc:550] 1@128x128x64 => 1x128x64 Recv 0.176 MiB, Response 0.243 MiB Pack 36.282 ms (interleave)
[2026-09-30 06:51:52.065] [info] [cheetah_dot.cc:550] 1@128x64x128 => 128x64x1 Recv 0.176 MiB, Response 0.485 MiB Pack 43.254 ms (interleave)
[2026-09-30 06:51:52.681] [info] [activation.cc:317] f_nexp 16384 sent 4.834900856018066 MiB
[2026-09-30 06:51:52.967] [info] [cheetah_dot.cc:550] 1@128x128x64 => 1x128x64 Recv 0.176 MiB, Response 0.243 MiB Pack 36.132 ms (interleave)
[2026-09-30 06:51:53.072] [info] [cheetah_dot.cc:550] 1@128x64x128 => 128x64x1 Recv 0.176 MiB, Response 0.485 MiB Pack 44.14 ms (interleave)
[2026-09-30 06:51:53.686] [info] [activation.cc:317] f_nexp 16384 sent 4.834841728210449 MiB
[2026-09-30 06:51:53.970] [info] [cheetah_dot.cc:550] 1@128x128x64 => 1x128x64 Recv 0.176 MiB, Response 0.243 MiB Pack 35.859 ms (interleave)
[2026-09-30 06:51:54.723] [info] [cheetah_dot.cc:550] 1@128x768x768 => 128x64x1 Recv 2.117 MiB, Response 2.911 MiB Pack 292.371 ms (interleave)
[2026-09-30 06:51:59.759] [info] [cheetah_dot.cc:550] 1@128x768x3072 => 128x64x1 Recv 2.117 MiB, Response 11.644 MiB Pack 1194.371 ms (interleave)
[2026-09-30 06:52:00.828] [info] [activation.cc:208] seg3_gelu (i32true) 393216 sent 97.11907482147217 MiB
[2026-09-30 06:52:02.681] [info] [cheetah_dot.cc:550] 1@128x3072x768 => 128x64x1 Recv 8.467 MiB, Response 2.911 MiB Pack 271.457 ms (interleave)
[2026-09-30 06:52:07.043] [info] [cheetah_dot.cc:550] 1@128x768x2304 => 128x64x1 Recv 2.117 MiB, Response 8.733 MiB Pack 852.399 ms (interleave)
[2026-09-30 06:52:07.397] [info] [cheetah_dot.cc:550] 1@128x64x128 => 128x64x1 Recv 0.176 MiB, Response 0.485 MiB Pack 46.329 ms (interleave)
[2026-09-30 06:52:08.009] [info] [activation.cc:317] f_nexp 16384 sent 4.834576606750488 MiB
[2026-09-30 06:52:08.895] [info] [cheetah_dot.cc:550] 1@128x128x64 => 1x128x64 Recv 0.176 MiB, Response 0.243 MiB Pack 37.611 ms (interleave)
[2026-09-30 06:52:09.002] [info] [cheetah_dot.cc:550] 1@128x64x128 => 128x64x1 Recv 0.176 MiB, Response 0.485 MiB Pack 45.291 ms (interleave)
[2026-09-30 06:52:09.625] [info] [activation.cc:317] f_nexp 16384 sent 4.834641456604004 MiB
[2026-09-30 06:52:09.912] [info] [cheetah_dot.cc:550] 1@128x128x64 => 1x128x64 Recv 0.176 MiB, Response 0.243 MiB Pack 39.235 ms (interleave)
[2026-09-30 06:52:10.023] [info] [cheetah_dot.cc:550] 1@128x64x128 => 128x64x1 Recv 0.176 MiB, Response 0.485 MiB Pack 47.961 ms (interleave)
[2026-09-30 06:52:11.173] [info] [activation.cc:317] f_nexp 16384 sent 5.088641166687012 MiB
[2026-09-30 06:52:11.457] [info] [cheetah_dot.cc:550] 1@128x128x64 => 1x128x64 Recv 0.176 MiB, Response 0.243 MiB Pack 38.543 ms (interleave)
[2026-09-30 06:52:11.577] [info] [cheetah_dot.cc:550] 1@128x64x128 => 128x64x1 Recv 0.176 MiB, Response 0.485 MiB Pack 52.085 ms (interleave)
[2026-09-30 06:52:12.755] [info] [activation.cc:317] f_nexp 16384 sent 4.834506034851074 MiB
[2026-09-30 06:52:13.057] [info] [cheetah_dot.cc:550] 1@128x128x64 => 1x128x64 Recv 0.176 MiB, Response 0.243 MiB Pack 35.373 ms (interleave)
[2026-09-30 06:52:13.167] [info] [cheetah_dot.cc:550] 1@128x64x128 => 128x64x1 Recv 0.176 MiB, Response 0.485 MiB Pack 45.133 ms (interleave)
[2026-09-30 06:52:13.783] [info] [activation.cc:317] f_nexp 16384 sent 4.834536552429199 MiB
[2026-09-30 06:52:14.071] [info] [cheetah_dot.cc:550] 1@128x128x64 => 1x128x64 Recv 0.176 MiB, Response 0.243 MiB Pack 36.679 ms (interleave)
[2026-09-30 06:52:14.185] [info] [cheetah_dot.cc:550] 1@128x64x128 => 128x64x1 Recv 0.176 MiB, Response 0.485 MiB Pack 49.076 ms (interleave)
[2026-09-30 06:52:14.813] [info] [activation.cc:317] f_nexp 16384 sent 4.834380149841309 MiB
[2026-09-30 06:52:15.102] [info] [cheetah_dot.cc:550] 1@128x128x64 => 1x128x64 Recv 0.176 MiB, Response 0.243 MiB Pack 35.35 ms (interleave)
[2026-09-30 06:52:15.209] [info] [cheetah_dot.cc:550] 1@128x64x128 => 128x64x1 Recv 0.176 MiB, Response 0.485 MiB Pack 45.177 ms (interleave)
[2026-09-30 06:52:16.565] [info] [activation.cc:317] f_nexp 16384 sent 5.850349426269531 MiB
[2026-09-30 06:52:16.864] [info] [cheetah_dot.cc:550] 1@128x128x64 => 1x128x64 Recv 0.176 MiB, Response 0.243 MiB Pack 39.103 ms (interleave)
[2026-09-30 06:52:16.973] [info] [cheetah_dot.cc:550] 1@128x64x128 => 128x64x1 Recv 0.176 MiB, Response 0.485 MiB Pack 47.987 ms (interleave)
[2026-09-30 06:52:17.597] [info] [activation.cc:317] f_nexp 16384 sent 4.834824562072754 MiB
[2026-09-30 06:52:17.910] [info] [cheetah_dot.cc:550] 1@128x128x64 => 1x128x64 Recv 0.176 MiB, Response 0.243 MiB Pack 49.744 ms (interleave)
[2026-09-30 06:52:18.015] [info] [cheetah_dot.cc:550] 1@128x64x128 => 128x64x1 Recv 0.176 MiB, Response 0.485 MiB Pack 43.589 ms (interleave)
[2026-09-30 06:52:18.627] [info] [activation.cc:317] f_nexp 16384 sent 4.8346052169799805 MiB
[2026-09-30 06:52:18.936] [info] [cheetah_dot.cc:550] 1@128x128x64 => 1x128x64 Recv 0.176 MiB, Response 0.243 MiB Pack 35.146 ms (interleave)
[2026-09-30 06:52:19.043] [info] [cheetah_dot.cc:550] 1@128x64x128 => 128x64x1 Recv 0.176 MiB, Response 0.485 MiB Pack 44.512 ms (interleave)
[2026-09-30 06:52:19.659] [info] [activation.cc:317] f_nexp 16384 sent 4.834549903869629 MiB
[2026-09-30 06:52:19.945] [info] [cheetah_dot.cc:550] 1@128x128x64 => 1x128x64 Recv 0.176 MiB, Response 0.243 MiB Pack 35.763 ms (interleave)
[2026-09-30 06:52:20.055] [info] [cheetah_dot.cc:550] 1@128x64x128 => 128x64x1 Recv 0.176 MiB, Response 0.485 MiB Pack 44.819 ms (interleave)
[2026-09-30 06:52:20.674] [info] [activation.cc:317] f_nexp 16384 sent 4.83466911315918 MiB
[2026-09-30 06:52:20.962] [info] [cheetah_dot.cc:550] 1@128x128x64 => 1x128x64 Recv 0.176 MiB, Response 0.243 MiB Pack 38.342 ms (interleave)
[2026-09-30 06:52:21.076] [info] [cheetah_dot.cc:550] 1@128x64x128 => 128x64x1 Recv 0.176 MiB, Response 0.485 MiB Pack 46.12 ms (interleave)
[2026-09-30 06:52:22.727] [info] [activation.cc:317] f_nexp 16384 sent 4.834687232971191 MiB
[2026-09-30 06:52:23.018] [info] [cheetah_dot.cc:550] 1@128x128x64 => 1x128x64 Recv 0.176 MiB, Response 0.243 MiB Pack 37.89 ms (interleave)
[2026-09-30 06:52:23.722] [info] [cheetah_dot.cc:550] 1@128x768x768 => 128x64x1 Recv 2.117 MiB, Response 2.911 MiB Pack 278.865 ms (interleave)
[2026-09-30 06:52:28.712] [info] [cheetah_dot.cc:550] 1@128x768x3072 => 128x64x1 Recv 2.117 MiB, Response 11.643 MiB Pack 1170.676 ms (interleave)
[2026-09-30 06:52:29.779] [info] [activation.cc:208] seg3_gelu (i32true) 393216 sent 97.11891078948975 MiB
[2026-09-30 06:52:31.640] [info] [cheetah_dot.cc:550] 1@128x3072x768 => 128x64x1 Recv 8.467 MiB, Response 2.911 MiB Pack 282.147 ms (interleave)
[2026-09-30 06:52:36.018] [info] [cheetah_dot.cc:550] 1@128x768x2304 => 128x64x1 Recv 2.117 MiB, Response 8.733 MiB Pack 833.187 ms (interleave)
[2026-09-30 06:52:36.371] [info] [cheetah_dot.cc:550] 1@128x64x128 => 128x64x1 Recv 0.176 MiB, Response 0.485 MiB Pack 47.222 ms (interleave)
[2026-09-30 06:52:36.995] [info] [activation.cc:317] f_nexp 16384 sent 4.834551811218262 MiB
[2026-09-30 06:52:37.284] [info] [cheetah_dot.cc:550] 1@128x128x64 => 1x128x64 Recv 0.176 MiB, Response 0.243 MiB Pack 37.979 ms (interleave)
[2026-09-30 06:52:37.391] [info] [cheetah_dot.cc:550] 1@128x64x128 => 128x64x1 Recv 0.176 MiB, Response 0.485 MiB Pack 45.333 ms (interleave)
[2026-09-30 06:52:37.998] [info] [activation.cc:317] f_nexp 16384 sent 4.834792137145996 MiB
[2026-09-30 06:52:38.286] [info] [cheetah_dot.cc:550] 1@128x128x64 => 1x128x64 Recv 0.176 MiB, Response 0.243 MiB Pack 35.655 ms (interleave)
[2026-09-30 06:52:38.397] [info] [cheetah_dot.cc:550] 1@128x64x128 => 128x64x1 Recv 0.176 MiB, Response 0.485 MiB Pack 43.868 ms (interleave)
[2026-09-30 06:52:39.011] [info] [activation.cc:317] f_nexp 16384 sent 4.83454704284668 MiB
[2026-09-30 06:52:39.303] [info] [cheetah_dot.cc:550] 1@128x128x64 => 1x128x64 Recv 0.176 MiB, Response 0.243 MiB Pack 35.326 ms (interleave)
[2026-09-30 06:52:39.410] [info] [cheetah_dot.cc:550] 1@128x64x128 => 128x64x1 Recv 0.176 MiB, Response 0.485 MiB Pack 43.573 ms (interleave)
[2026-09-30 06:52:40.028] [info] [activation.cc:317] f_nexp 16384 sent 4.834445953369141 MiB
[2026-09-30 06:52:40.337] [info] [cheetah_dot.cc:550] 1@128x128x64 => 1x128x64 Recv 0.176 MiB, Response 0.243 MiB Pack 35.932 ms (interleave)
[2026-09-30 06:52:40.441] [info] [cheetah_dot.cc:550] 1@128x64x128 => 128x64x1 Recv 0.176 MiB, Response 0.485 MiB Pack 43.8 ms (interleave)
[2026-09-30 06:52:41.055] [info] [activation.cc:317] f_nexp 16384 sent 4.834292411804199 MiB
[2026-09-30 06:52:41.345] [info] [cheetah_dot.cc:550] 1@128x128x64 => 1x128x64 Recv 0.176 MiB, Response 0.243 MiB Pack 35.429 ms (interleave)
[2026-09-30 06:52:41.450] [info] [cheetah_dot.cc:550] 1@128x64x128 => 128x64x1 Recv 0.176 MiB, Response 0.485 MiB Pack 43.542 ms (interleave)
[2026-09-30 06:52:42.067] [info] [activation.cc:317] f_nexp 16384 sent 4.834540367126465 MiB
[2026-09-30 06:52:42.363] [info] [cheetah_dot.cc:550] 1@128x128x64 => 1x128x64 Recv 0.176 MiB, Response 0.243 MiB Pack 44.817 ms (interleave)
[2026-09-30 06:52:42.471] [info] [cheetah_dot.cc:550] 1@128x64x128 => 128x64x1 Recv 0.176 MiB, Response 0.485 MiB Pack 46.066 ms (interleave)
[2026-09-30 06:52:43.085] [info] [activation.cc:317] f_nexp 16384 sent 4.834617614746094 MiB
[2026-09-30 06:52:43.377] [info] [cheetah_dot.cc:550] 1@128x128x64 => 1x128x64 Recv 0.176 MiB, Response 0.243 MiB Pack 38.468 ms (interleave)
[2026-09-30 06:52:43.501] [info] [cheetah_dot.cc:550] 1@128x64x128 => 128x64x1 Recv 0.177 MiB, Response 0.485 MiB Pack 48.649 ms (interleave)
[2026-09-30 06:52:45.233] [info] [activation.cc:317] f_nexp 16384 sent 4.8344879150390625 MiB
[2026-09-30 06:52:45.525] [info] [cheetah_dot.cc:550] 1@128x128x64 => 1x128x64 Recv 0.176 MiB, Response 0.243 MiB Pack 38.143 ms (interleave)
[2026-09-30 06:52:45.633] [info] [cheetah_dot.cc:550] 1@128x64x128 => 128x64x1 Recv 0.176 MiB, Response 0.485 MiB Pack 46.813 ms (interleave)
[2026-09-30 06:52:46.247] [info] [activation.cc:317] f_nexp 16384 sent 4.834720611572266 MiB
[2026-09-30 06:52:46.559] [info] [cheetah_dot.cc:550] 1@128x128x64 => 1x128x64 Recv 0.176 MiB, Response 0.243 MiB Pack 37.818 ms (interleave)
[2026-09-30 06:52:46.667] [info] [cheetah_dot.cc:550] 1@128x64x128 => 128x64x1 Recv 0.176 MiB, Response 0.485 MiB Pack 46.793 ms (interleave)
[2026-09-30 06:52:47.286] [info] [activation.cc:317] f_nexp 16384 sent 4.834734916687012 MiB
[2026-09-30 06:52:47.576] [info] [cheetah_dot.cc:550] 1@128x128x64 => 1x128x64 Recv 0.176 MiB, Response 0.243 MiB Pack 40.929 ms (interleave)
[2026-09-30 06:52:47.691] [info] [cheetah_dot.cc:550] 1@128x64x128 => 128x64x1 Recv 0.176 MiB, Response 0.485 MiB Pack 46.453 ms (interleave)
[2026-09-30 06:52:48.305] [info] [activation.cc:317] f_nexp 16384 sent 4.834600448608398 MiB
[2026-09-30 06:52:48.596] [info] [cheetah_dot.cc:550] 1@128x128x64 => 1x128x64 Recv 0.176 MiB, Response 0.243 MiB Pack 36.651 ms (interleave)
[2026-09-30 06:52:48.701] [info] [cheetah_dot.cc:550] 1@128x64x128 => 128x64x1 Recv 0.176 MiB, Response 0.485 MiB Pack 45.008 ms (interleave)
[2026-09-30 06:52:49.316] [info] [activation.cc:317] f_nexp 16384 sent 4.83457088470459 MiB
[2026-09-30 06:52:49.611] [info] [cheetah_dot.cc:550] 1@128x128x64 => 1x128x64 Recv 0.176 MiB, Response 0.243 MiB Pack 35.528 ms (interleave)
[2026-09-30 06:52:50.289] [info] [cheetah_dot.cc:550] 1@128x768x768 => 128x64x1 Recv 2.117 MiB, Response 2.911 MiB Pack 264.404 ms (interleave)
[2026-09-30 06:52:55.113] [info] [cheetah_dot.cc:550] 1@128x768x3072 => 128x64x1 Recv 2.117 MiB, Response 11.643 MiB Pack 1067.262 ms (interleave)
[2026-09-30 06:52:58.173] [info] [activation.cc:208] seg3_gelu (i32true) 393216 sent 99.65861415863037 MiB
[2026-09-30 06:53:00.013] [info] [cheetah_dot.cc:550] 1@128x3072x768 => 128x64x1 Recv 8.467 MiB, Response 2.911 MiB Pack 281.79 ms (interleave)
[2026-09-30 06:53:04.234] [info] [cheetah_dot.cc:550] 1@128x768x2304 => 128x64x1 Recv 2.117 MiB, Response 8.733 MiB Pack 790.567 ms (interleave)
[2026-09-30 06:53:04.585] [info] [cheetah_dot.cc:550] 1@128x64x128 => 128x64x1 Recv 0.176 MiB, Response 0.485 MiB Pack 44.307 ms (interleave)
[2026-09-30 06:53:05.202] [info] [activation.cc:317] f_nexp 16384 sent 4.834710121154785 MiB
[2026-09-30 06:53:05.504] [info] [cheetah_dot.cc:550] 1@128x128x64 => 1x128x64 Recv 0.176 MiB, Response 0.243 MiB Pack 39.279 ms (interleave)
[2026-09-30 06:53:05.614] [info] [cheetah_dot.cc:550] 1@128x64x128 => 128x64x1 Recv 0.176 MiB, Response 0.485 MiB Pack 49.176 ms (interleave)
[2026-09-30 06:53:06.236] [info] [activation.cc:317] f_nexp 16384 sent 4.834630012512207 MiB
[2026-09-30 06:53:06.529] [info] [cheetah_dot.cc:550] 1@128x128x64 => 1x128x64 Recv 0.176 MiB, Response 0.243 MiB Pack 39.239 ms (interleave)
[2026-09-30 06:53:06.657] [info] [cheetah_dot.cc:550] 1@128x64x128 => 128x64x1 Recv 0.176 MiB, Response 0.485 MiB Pack 50.966 ms (interleave)
[2026-09-30 06:53:07.274] [info] [activation.cc:317] f_nexp 16384 sent 4.834713935852051 MiB
[2026-09-30 06:53:07.559] [info] [cheetah_dot.cc:550] 1@128x128x64 => 1x128x64 Recv 0.176 MiB, Response 0.243 MiB Pack 35.218 ms (interleave)
[2026-09-30 06:53:07.663] [info] [cheetah_dot.cc:550] 1@128x64x128 => 128x64x1 Recv 0.176 MiB, Response 0.485 MiB Pack 43.999 ms (interleave)
[2026-09-30 06:53:08.776] [info] [activation.cc:317] f_nexp 16384 sent 4.834690093994141 MiB
[2026-09-30 06:53:09.086] [info] [cheetah_dot.cc:550] 1@128x128x64 => 1x128x64 Recv 0.176 MiB, Response 0.243 MiB Pack 34.953 ms (interleave)
[2026-09-30 06:53:09.194] [info] [cheetah_dot.cc:550] 1@128x64x128 => 128x64x1 Recv 0.176 MiB, Response 0.485 MiB Pack 46.936 ms (interleave)
[2026-09-30 06:53:09.817] [info] [activation.cc:317] f_nexp 16384 sent 4.8347673416137695 MiB
[2026-09-30 06:53:10.107] [info] [cheetah_dot.cc:550] 1@128x128x64 => 1x128x64 Recv 0.176 MiB, Response 0.243 MiB Pack 37.771 ms (interleave)
[2026-09-30 06:53:10.214] [info] [cheetah_dot.cc:550] 1@128x64x128 => 128x64x1 Recv 0.176 MiB, Response 0.485 MiB Pack 46.671 ms (interleave)
[2026-09-30 06:53:11.360] [info] [activation.cc:317] f_nexp 16384 sent 4.8346710205078125 MiB
[2026-09-30 06:53:11.655] [info] [cheetah_dot.cc:550] 1@128x128x64 => 1x128x64 Recv 0.176 MiB, Response 0.243 MiB Pack 38.996 ms (interleave)
[2026-09-30 06:53:11.760] [info] [cheetah_dot.cc:550] 1@128x64x128 => 128x64x1 Recv 0.176 MiB, Response 0.485 MiB Pack 43.036 ms (interleave)
[2026-09-30 06:53:12.374] [info] [activation.cc:317] f_nexp 16384 sent 4.834386825561523 MiB
[2026-09-30 06:53:12.655] [info] [cheetah_dot.cc:550] 1@128x128x64 => 1x128x64 Recv 0.176 MiB, Response 0.243 MiB Pack 35.713 ms (interleave)
[2026-09-30 06:53:12.760] [info] [cheetah_dot.cc:550] 1@128x64x128 => 128x64x1 Recv 0.176 MiB, Response 0.485 MiB Pack 44.634 ms (interleave)
[2026-09-30 06:53:13.389] [info] [activation.cc:317] f_nexp 16384 sent 4.8345441818237305 MiB
[2026-09-30 06:53:13.686] [info] [cheetah_dot.cc:550] 1@128x128x64 => 1x128x64 Recv 0.176 MiB, Response 0.243 MiB Pack 38.604 ms (interleave)
[2026-09-30 06:53:13.797] [info] [cheetah_dot.cc:550] 1@128x64x128 => 128x64x1 Recv 0.176 MiB, Response 0.485 MiB Pack 48.086 ms (interleave)
[2026-09-30 06:53:14.427] [info] [activation.cc:317] f_nexp 16384 sent 4.834580421447754 MiB
[2026-09-30 06:53:14.748] [info] [cheetah_dot.cc:550] 1@128x128x64 => 1x128x64 Recv 0.176 MiB, Response 0.243 MiB Pack 41.354 ms (interleave)
[2026-09-30 06:53:14.860] [info] [cheetah_dot.cc:550] 1@128x64x128 => 128x64x1 Recv 0.176 MiB, Response 0.485 MiB Pack 49.312 ms (interleave)
[2026-09-30 06:53:15.472] [info] [activation.cc:317] f_nexp 16384 sent 4.834534645080566 MiB
[2026-09-30 06:53:15.761] [info] [cheetah_dot.cc:550] 1@128x128x64 => 1x128x64 Recv 0.176 MiB, Response 0.243 MiB Pack 39.211 ms (interleave)
[2026-09-30 06:53:15.869] [info] [cheetah_dot.cc:550] 1@128x64x128 => 128x64x1 Recv 0.176 MiB, Response 0.485 MiB Pack 46.896 ms (interleave)
[2026-09-30 06:53:16.486] [info] [activation.cc:317] f_nexp 16384 sent 4.834819793701172 MiB
[2026-09-30 06:53:16.779] [info] [cheetah_dot.cc:550] 1@128x128x64 => 1x128x64 Recv 0.176 MiB, Response 0.243 MiB Pack 39.068 ms (interleave)
[2026-09-30 06:53:16.899] [info] [cheetah_dot.cc:550] 1@128x64x128 => 128x64x1 Recv 0.176 MiB, Response 0.485 MiB Pack 49.869 ms (interleave)
[2026-09-30 06:53:18.025] [info] [activation.cc:317] f_nexp 16384 sent 4.834532737731934 MiB
[2026-09-30 06:53:18.324] [info] [cheetah_dot.cc:550] 1@128x128x64 => 1x128x64 Recv 0.176 MiB, Response 0.243 MiB Pack 45.387 ms (interleave)
[2026-09-30 06:53:19.039] [info] [cheetah_dot.cc:550] 1@128x768x768 => 128x64x1 Recv 2.117 MiB, Response 2.911 MiB Pack 288.949 ms (interleave)
[2026-09-30 06:53:23.898] [info] [cheetah_dot.cc:550] 1@128x768x3072 => 128x64x1 Recv 2.117 MiB, Response 11.643 MiB Pack 1057.659 ms (interleave)
[2026-09-30 06:53:26.242] [info] [activation.cc:208] seg3_gelu (i32true) 393216 sent 98.38944816589355 MiB
[2026-09-30 06:53:28.065] [info] [cheetah_dot.cc:550] 1@128x3072x768 => 128x64x1 Recv 8.467 MiB, Response 2.911 MiB Pack 270.892 ms (interleave)
[2026-09-30 06:53:32.440] [info] [cheetah_dot.cc:550] 1@128x768x2304 => 128x64x1 Recv 2.117 MiB, Response 8.732 MiB Pack 863.6 ms (interleave)
[2026-09-30 06:53:32.829] [info] [cheetah_dot.cc:550] 1@128x64x128 => 128x64x1 Recv 0.176 MiB, Response 0.485 MiB Pack 44.957 ms (interleave)
[2026-09-30 06:53:33.443] [info] [activation.cc:317] f_nexp 16384 sent 4.834511756896973 MiB
[2026-09-30 06:53:33.737] [info] [cheetah_dot.cc:550] 1@128x128x64 => 1x128x64 Recv 0.176 MiB, Response 0.243 MiB Pack 37.727 ms (interleave)
[2026-09-30 06:53:33.844] [info] [cheetah_dot.cc:550] 1@128x64x128 => 128x64x1 Recv 0.176 MiB, Response 0.485 MiB Pack 45.619 ms (interleave)
[2026-09-30 06:53:34.462] [info] [activation.cc:317] f_nexp 16384 sent 4.834798812866211 MiB
[2026-09-30 06:53:34.748] [info] [cheetah_dot.cc:550] 1@128x128x64 => 1x128x64 Recv 0.176 MiB, Response 0.243 MiB Pack 37.429 ms (interleave)
[2026-09-30 06:53:34.854] [info] [cheetah_dot.cc:550] 1@128x64x128 => 128x64x1 Recv 0.176 MiB, Response 0.485 MiB Pack 44.844 ms (interleave)
[2026-09-30 06:53:35.467] [info] [activation.cc:317] f_nexp 16384 sent 4.834626197814941 MiB
[2026-09-30 06:53:35.754] [info] [cheetah_dot.cc:550] 1@128x128x64 => 1x128x64 Recv 0.176 MiB, Response 0.243 MiB Pack 36.742 ms (interleave)
[2026-09-30 06:53:35.863] [info] [cheetah_dot.cc:550] 1@128x64x128 => 128x64x1 Recv 0.176 MiB, Response 0.485 MiB Pack 44.433 ms (interleave)
[2026-09-30 06:53:36.477] [info] [activation.cc:317] f_nexp 16384 sent 4.83454704284668 MiB
[2026-09-30 06:53:36.789] [info] [cheetah_dot.cc:550] 1@128x128x64 => 1x128x64 Recv 0.176 MiB, Response 0.243 MiB Pack 38.375 ms (interleave)
[2026-09-30 06:53:36.907] [info] [cheetah_dot.cc:550] 1@128x64x128 => 128x64x1 Recv 0.176 MiB, Response 0.485 MiB Pack 52.6 ms (interleave)
[2026-09-30 06:53:37.521] [info] [activation.cc:317] f_nexp 16384 sent 4.834551811218262 MiB
[2026-09-30 06:53:37.811] [info] [cheetah_dot.cc:550] 1@128x128x64 => 1x128x64 Recv 0.176 MiB, Response 0.243 MiB Pack 38.087 ms (interleave)
[2026-09-30 06:53:37.919] [info] [cheetah_dot.cc:550] 1@128x64x128 => 128x64x1 Recv 0.176 MiB, Response 0.485 MiB Pack 46.885 ms (interleave)
[2026-09-30 06:53:38.536] [info] [activation.cc:317] f_nexp 16384 sent 4.834936141967773 MiB
[2026-09-30 06:53:38.828] [info] [cheetah_dot.cc:550] 1@128x128x64 => 1x128x64 Recv 0.176 MiB, Response 0.243 MiB Pack 37.634 ms (interleave)
[2026-09-30 06:53:38.934] [info] [cheetah_dot.cc:550] 1@128x64x128 => 128x64x1 Recv 0.176 MiB, Response 0.485 MiB Pack 45.216 ms (interleave)
[2026-09-30 06:53:39.555] [info] [activation.cc:317] f_nexp 16384 sent 4.834440231323242 MiB
[2026-09-30 06:53:39.845] [info] [cheetah_dot.cc:550] 1@128x128x64 => 1x128x64 Recv 0.176 MiB, Response 0.243 MiB Pack 36.55 ms (interleave)
[2026-09-30 06:53:39.951] [info] [cheetah_dot.cc:550] 1@128x64x128 => 128x64x1 Recv 0.176 MiB, Response 0.485 MiB Pack 44.81 ms (interleave)
[2026-09-30 06:53:40.571] [info] [activation.cc:317] f_nexp 16384 sent 4.834648132324219 MiB
[2026-09-30 06:53:40.860] [info] [cheetah_dot.cc:550] 1@128x128x64 => 1x128x64 Recv 0.176 MiB, Response 0.243 MiB Pack 36.115 ms (interleave)
[2026-09-30 06:53:40.965] [info] [cheetah_dot.cc:550] 1@128x64x128 => 128x64x1 Recv 0.176 MiB, Response 0.485 MiB Pack 44.94 ms (interleave)
[2026-09-30 06:53:41.591] [info] [activation.cc:317] f_nexp 16384 sent 4.834598541259766 MiB
[2026-09-30 06:53:41.909] [info] [cheetah_dot.cc:550] 1@128x128x64 => 1x128x64 Recv 0.176 MiB, Response 0.243 MiB Pack 40.315 ms (interleave)
[2026-09-30 06:53:42.025] [info] [cheetah_dot.cc:550] 1@128x64x128 => 128x64x1 Recv 0.176 MiB, Response 0.485 MiB Pack 50.451 ms (interleave)
[2026-09-30 06:53:43.818] [info] [activation.cc:317] f_nexp 16384 sent 5.088509559631348 MiB
[2026-09-30 06:53:44.110] [info] [cheetah_dot.cc:550] 1@128x128x64 => 1x128x64 Recv 0.176 MiB, Response 0.243 MiB Pack 39.21 ms (interleave)
[2026-09-30 06:53:44.222] [info] [cheetah_dot.cc:550] 1@128x64x128 => 128x64x1 Recv 0.176 MiB, Response 0.485 MiB Pack 49.902 ms (interleave)
[2026-09-30 06:53:44.839] [info] [activation.cc:317] f_nexp 16384 sent 4.834647178649902 MiB
[2026-09-30 06:53:45.123] [info] [cheetah_dot.cc:550] 1@128x128x64 => 1x128x64 Recv 0.176 MiB, Response 0.243 MiB Pack 36.472 ms (interleave)
[2026-09-30 06:53:45.238] [info] [cheetah_dot.cc:550] 1@128x64x128 => 128x64x1 Recv 0.176 MiB, Response 0.485 MiB Pack 43.771 ms (interleave)
[2026-09-30 06:53:46.384] [info] [activation.cc:317] f_nexp 16384 sent 4.834720611572266 MiB
[2026-09-30 06:53:46.675] [info] [cheetah_dot.cc:550] 1@128x128x64 => 1x128x64 Recv 0.176 MiB, Response 0.243 MiB Pack 37.18 ms (interleave)
[2026-09-30 06:53:47.365] [info] [cheetah_dot.cc:550] 1@128x768x768 => 128x64x1 Recv 2.117 MiB, Response 2.911 MiB Pack 265.401 ms (interleave)
[2026-09-30 06:53:52.190] [info] [cheetah_dot.cc:550] 1@128x768x3072 => 128x64x1 Recv 2.117 MiB, Response 11.643 MiB Pack 1050.002 ms (interleave)
[2026-09-30 06:53:53.254] [info] [activation.cc:208] seg3_gelu (i32true) 393216 sent 97.11899471282959 MiB
[2026-09-30 06:53:55.160] [info] [cheetah_dot.cc:550] 1@128x3072x768 => 128x64x1 Recv 8.467 MiB, Response 2.911 MiB Pack 295.192 ms (interleave)
[2026-09-30 06:53:59.496] [info] [cheetah_dot.cc:550] 1@128x768x2304 => 128x64x1 Recv 2.117 MiB, Response 8.733 MiB Pack 845.35 ms (interleave)
[2026-09-30 06:53:59.848] [info] [cheetah_dot.cc:550] 1@128x64x128 => 128x64x1 Recv 0.176 MiB, Response 0.485 MiB Pack 46.327 ms (interleave)
[2026-09-30 06:54:01.049] [info] [activation.cc:317] f_nexp 16384 sent 5.088678359985352 MiB
[2026-09-30 06:54:01.337] [info] [cheetah_dot.cc:550] 1@128x128x64 => 1x128x64 Recv 0.176 MiB, Response 0.243 MiB Pack 38.801 ms (interleave)
[2026-09-30 06:54:01.443] [info] [cheetah_dot.cc:550] 1@128x64x128 => 128x64x1 Recv 0.176 MiB, Response 0.485 MiB Pack 45.61 ms (interleave)
[2026-09-30 06:54:02.065] [info] [activation.cc:317] f_nexp 16384 sent 4.834890365600586 MiB
[2026-09-30 06:54:02.359] [info] [cheetah_dot.cc:550] 1@128x128x64 => 1x128x64 Recv 0.176 MiB, Response 0.243 MiB Pack 37.611 ms (interleave)
[2026-09-30 06:54:02.474] [info] [cheetah_dot.cc:550] 1@128x64x128 => 128x64x1 Recv 0.176 MiB, Response 0.485 MiB Pack 48.466 ms (interleave)
[2026-09-30 06:54:03.088] [info] [activation.cc:317] f_nexp 16384 sent 4.834769248962402 MiB
[2026-09-30 06:54:03.378] [info] [cheetah_dot.cc:550] 1@128x128x64 => 1x128x64 Recv 0.176 MiB, Response 0.243 MiB Pack 37.868 ms (interleave)
[2026-09-30 06:54:03.500] [info] [cheetah_dot.cc:550] 1@128x64x128 => 128x64x1 Recv 0.176 MiB, Response 0.485 MiB Pack 53.149 ms (interleave)
[2026-09-30 06:54:04.110] [info] [activation.cc:317] f_nexp 16384 sent 4.834772109985352 MiB
[2026-09-30 06:54:04.420] [info] [cheetah_dot.cc:550] 1@128x128x64 => 1x128x64 Recv 0.176 MiB, Response 0.243 MiB Pack 37.882 ms (interleave)
[2026-09-30 06:54:04.527] [info] [cheetah_dot.cc:550] 1@128x64x128 => 128x64x1 Recv 0.176 MiB, Response 0.485 MiB Pack 45.834 ms (interleave)
[2026-09-30 06:54:05.142] [info] [activation.cc:317] f_nexp 16384 sent 4.834641456604004 MiB
[2026-09-30 06:54:05.433] [info] [cheetah_dot.cc:550] 1@128x128x64 => 1x128x64 Recv 0.176 MiB, Response 0.243 MiB Pack 38.029 ms (interleave)
[2026-09-30 06:54:05.540] [info] [cheetah_dot.cc:550] 1@128x64x128 => 128x64x1 Recv 0.176 MiB, Response 0.485 MiB Pack 46.293 ms (interleave)
[2026-09-30 06:54:06.657] [info] [activation.cc:317] f_nexp 16384 sent 5.088496208190918 MiB
[2026-09-30 06:54:06.946] [info] [cheetah_dot.cc:550] 1@128x128x64 => 1x128x64 Recv 0.176 MiB, Response 0.243 MiB Pack 38.515 ms (interleave)
[2026-09-30 06:54:07.059] [info] [cheetah_dot.cc:550] 1@128x64x128 => 128x64x1 Recv 0.176 MiB, Response 0.485 MiB Pack 47.913 ms (interleave)
[2026-09-30 06:54:07.678] [info] [activation.cc:317] f_nexp 16384 sent 4.83465576171875 MiB
[2026-09-30 06:54:07.972] [info] [cheetah_dot.cc:550] 1@128x128x64 => 1x128x64 Recv 0.176 MiB, Response 0.243 MiB Pack 37.785 ms (interleave)
[2026-09-30 06:54:08.080] [info] [cheetah_dot.cc:550] 1@128x64x128 => 128x64x1 Recv 0.176 MiB, Response 0.485 MiB Pack 46.36 ms (interleave)
[2026-09-30 06:54:08.702] [info] [activation.cc:317] f_nexp 16384 sent 4.834270477294922 MiB
[2026-09-30 06:54:08.991] [info] [cheetah_dot.cc:550] 1@128x128x64 => 1x128x64 Recv 0.176 MiB, Response 0.243 MiB Pack 36.968 ms (interleave)
[2026-09-30 06:54:09.097] [info] [cheetah_dot.cc:550] 1@128x64x128 => 128x64x1 Recv 0.176 MiB, Response 0.485 MiB Pack 46.218 ms (interleave)
[2026-09-30 06:54:09.710] [info] [activation.cc:317] f_nexp 16384 sent 4.834673881530762 MiB
[2026-09-30 06:54:10.029] [info] [cheetah_dot.cc:550] 1@128x128x64 => 1x128x64 Recv 0.176 MiB, Response 0.243 MiB Pack 42.56 ms (interleave)
[2026-09-30 06:54:10.141] [info] [cheetah_dot.cc:550] 1@128x64x128 => 128x64x1 Recv 0.176 MiB, Response 0.485 MiB Pack 50.895 ms (interleave)
[2026-09-30 06:54:10.756] [info] [activation.cc:317] f_nexp 16384 sent 4.834778785705566 MiB
[2026-09-30 06:54:11.050] [info] [cheetah_dot.cc:550] 1@128x128x64 => 1x128x64 Recv 0.176 MiB, Response 0.243 MiB Pack 38.099 ms (interleave)
[2026-09-30 06:54:11.155] [info] [cheetah_dot.cc:550] 1@128x64x128 => 128x64x1 Recv 0.176 MiB, Response 0.485 MiB Pack 43.834 ms (interleave)
[2026-09-30 06:54:11.768] [info] [activation.cc:317] f_nexp 16384 sent 4.834654808044434 MiB
[2026-09-30 06:54:12.059] [info] [cheetah_dot.cc:550] 1@128x128x64 => 1x128x64 Recv 0.176 MiB, Response 0.243 MiB Pack 38.512 ms (interleave)
[2026-09-30 06:54:12.164] [info] [cheetah_dot.cc:550] 1@128x64x128 => 128x64x1 Recv 0.176 MiB, Response 0.485 MiB Pack 44.795 ms (interleave)
[2026-09-30 06:54:12.781] [info] [activation.cc:317] f_nexp 16384 sent 4.834729194641113 MiB
[2026-09-30 06:54:13.074] [info] [cheetah_dot.cc:550] 1@128x128x64 => 1x128x64 Recv 0.176 MiB, Response 0.243 MiB Pack 37.785 ms (interleave)
[2026-09-30 06:54:13.771] [info] [cheetah_dot.cc:550] 1@128x768x768 => 128x64x1 Recv 2.117 MiB, Response 2.911 MiB Pack 267.152 ms (interleave)
[2026-09-30 06:54:18.696] [info] [cheetah_dot.cc:550] 1@128x768x3072 => 128x64x1 Recv 2.117 MiB, Response 11.643 MiB Pack 1087.222 ms (interleave)
[2026-09-30 06:54:19.796] [info] [activation.cc:208] seg3_gelu (i32true) 393216 sent 97.11896133422852 MiB
[2026-09-30 06:54:21.632] [info] [cheetah_dot.cc:550] 1@128x3072x768 => 128x64x1 Recv 8.467 MiB, Response 2.911 MiB Pack 276.672 ms (interleave)
[2026-09-30 06:54:25.920] [info] [cheetah_dot.cc:550] 1@128x768x2304 => 128x64x1 Recv 2.117 MiB, Response 8.733 MiB Pack 825.71 ms (interleave)
[2026-09-30 06:54:26.264] [info] [cheetah_dot.cc:550] 1@128x64x128 => 128x64x1 Recv 0.176 MiB, Response 0.485 MiB Pack 45.769 ms (interleave)
[2026-09-30 06:54:26.883] [info] [activation.cc:317] f_nexp 16384 sent 4.834672927856445 MiB
[2026-09-30 06:54:27.181] [info] [cheetah_dot.cc:550] 1@128x128x64 => 1x128x64 Recv 0.176 MiB, Response 0.243 MiB Pack 38.191 ms (interleave)
[2026-09-30 06:54:27.287] [info] [cheetah_dot.cc:550] 1@128x64x128 => 128x64x1 Recv 0.176 MiB, Response 0.485 MiB Pack 45.469 ms (interleave)
[2026-09-30 06:54:27.900] [info] [activation.cc:317] f_nexp 16384 sent 4.834774971008301 MiB
[2026-09-30 06:54:28.188] [info] [cheetah_dot.cc:550] 1@128x128x64 => 1x128x64 Recv 0.176 MiB, Response 0.243 MiB Pack 38.605 ms (interleave)
[2026-09-30 06:54:28.303] [info] [cheetah_dot.cc:550] 1@128x64x128 => 128x64x1 Recv 0.176 MiB, Response 0.485 MiB Pack 53.047 ms (interleave)
[2026-09-30 06:54:29.423] [info] [activation.cc:317] f_nexp 16384 sent 4.834596633911133 MiB
[2026-09-30 06:54:29.711] [info] [cheetah_dot.cc:550] 1@128x128x64 => 1x128x64 Recv 0.176 MiB, Response 0.243 MiB Pack 37.636 ms (interleave)
[2026-09-30 06:54:29.826] [info] [cheetah_dot.cc:550] 1@128x64x128 => 128x64x1 Recv 0.176 MiB, Response 0.485 MiB Pack 46.569 ms (interleave)
[2026-09-30 06:54:30.434] [info] [activation.cc:317] f_nexp 16384 sent 4.834308624267578 MiB
[2026-09-30 06:54:30.738] [info] [cheetah_dot.cc:550] 1@128x128x64 => 1x128x64 Recv 0.176 MiB, Response 0.243 MiB Pack 36.301 ms (interleave)
[2026-09-30 06:54:30.844] [info] [cheetah_dot.cc:550] 1@128x64x128 => 128x64x1 Recv 0.176 MiB, Response 0.485 MiB Pack 44.784 ms (interleave)
[2026-09-30 06:54:31.459] [info] [activation.cc:317] f_nexp 16384 sent 4.834686279296875 MiB
[2026-09-30 06:54:31.746] [info] [cheetah_dot.cc:550] 1@128x128x64 => 1x128x64 Recv 0.176 MiB, Response 0.243 MiB Pack 35.892 ms (interleave)
[2026-09-30 06:54:31.851] [info] [cheetah_dot.cc:550] 1@128x64x128 => 128x64x1 Recv 0.176 MiB, Response 0.485 MiB Pack 44.573 ms (interleave)
[2026-09-30 06:54:33.751] [info] [activation.cc:317] f_nexp 16384 sent 4.834768295288086 MiB
[2026-09-30 06:54:34.042] [info] [cheetah_dot.cc:550] 1@128x128x64 => 1x128x64 Recv 0.176 MiB, Response 0.243 MiB Pack 36.248 ms (interleave)
[2026-09-30 06:54:34.148] [info] [cheetah_dot.cc:550] 1@128x64x128 => 128x64x1 Recv 0.176 MiB, Response 0.485 MiB Pack 44.429 ms (interleave)
[2026-09-30 06:54:35.314] [info] [activation.cc:317] f_nexp 16384 sent 5.34246826171875 MiB
[2026-09-30 06:54:35.616] [info] [cheetah_dot.cc:550] 1@128x128x64 => 1x128x64 Recv 0.176 MiB, Response 0.243 MiB Pack 48.913 ms (interleave)
[2026-09-30 06:54:35.723] [info] [cheetah_dot.cc:550] 1@128x64x128 => 128x64x1 Recv 0.176 MiB, Response 0.485 MiB Pack 46.213 ms (interleave)
[2026-09-30 06:54:36.334] [info] [activation.cc:317] f_nexp 16384 sent 4.834873199462891 MiB
[2026-09-30 06:54:36.622] [info] [cheetah_dot.cc:550] 1@128x128x64 => 1x128x64 Recv 0.176 MiB, Response 0.243 MiB Pack 36.367 ms (interleave)
[2026-09-30 06:54:36.731] [info] [cheetah_dot.cc:550] 1@128x64x128 => 128x64x1 Recv 0.176 MiB, Response 0.485 MiB Pack 47.001 ms (interleave)
[2026-09-30 06:54:37.342] [info] [activation.cc:317] f_nexp 16384 sent 4.8345489501953125 MiB
[2026-09-30 06:54:37.650] [info] [cheetah_dot.cc:550] 1@128x128x64 => 1x128x64 Recv 0.176 MiB, Response 0.243 MiB Pack 38.565 ms (interleave)
[2026-09-30 06:54:37.756] [info] [cheetah_dot.cc:550] 1@128x64x128 => 128x64x1 Recv 0.176 MiB, Response 0.485 MiB Pack 44.159 ms (interleave)
[2026-09-30 06:54:38.373] [info] [activation.cc:317] f_nexp 16384 sent 4.834713935852051 MiB
[2026-09-30 06:54:38.665] [info] [cheetah_dot.cc:550] 1@128x128x64 => 1x128x64 Recv 0.176 MiB, Response 0.243 MiB Pack 37.473 ms (interleave)
[2026-09-30 06:54:38.771] [info] [cheetah_dot.cc:550] 1@128x64x128 => 128x64x1 Recv 0.176 MiB, Response 0.485 MiB Pack 45.589 ms (interleave)
[2026-09-30 06:54:39.394] [info] [activation.cc:317] f_nexp 16384 sent 4.834760665893555 MiB
[2026-09-30 06:54:39.686] [info] [cheetah_dot.cc:550] 1@128x128x64 => 1x128x64 Recv 0.176 MiB, Response 0.243 MiB Pack 38.46 ms (interleave)
[2026-09-30 06:54:39.799] [info] [cheetah_dot.cc:550] 1@128x64x128 => 128x64x1 Recv 0.176 MiB, Response 0.485 MiB Pack 44.114 ms (interleave)
[2026-09-30 06:54:40.419] [info] [activation.cc:317] f_nexp 16384 sent 4.834738731384277 MiB
[2026-09-30 06:54:41.208] [info] [cheetah_dot.cc:550] 1@128x128x64 => 1x128x64 Recv 0.176 MiB, Response 0.243 MiB Pack 35.484 ms (interleave)
[2026-09-30 06:54:41.886] [info] [cheetah_dot.cc:550] 1@128x768x768 => 128x64x1 Recv 2.117 MiB, Response 2.911 MiB Pack 262.869 ms (interleave)
[2026-09-30 06:54:47.216] [info] [cheetah_dot.cc:550] 1@128x768x3072 => 128x64x1 Recv 2.117 MiB, Response 11.644 MiB Pack 1059.657 ms (interleave)
[2026-09-30 06:54:49.078] [info] [activation.cc:208] seg3_gelu (i32true) 393216 sent 98.13470554351807 MiB
[2026-09-30 06:54:50.914] [info] [cheetah_dot.cc:550] 1@128x3072x768 => 128x64x1 Recv 8.467 MiB, Response 2.911 MiB Pack 266.348 ms (interleave)
[2026-09-30 06:54:55.147] [info] [cheetah_dot.cc:550] 1@128x768x2304 => 128x64x1 Recv 2.117 MiB, Response 8.733 MiB Pack 792.439 ms (interleave)
[2026-09-30 06:54:55.499] [info] [cheetah_dot.cc:550] 1@128x64x128 => 128x64x1 Recv 0.176 MiB, Response 0.485 MiB Pack 45.854 ms (interleave)
[2026-09-30 06:54:56.117] [info] [activation.cc:317] f_nexp 16384 sent 4.834407806396484 MiB
[2026-09-30 06:54:56.407] [info] [cheetah_dot.cc:550] 1@128x128x64 => 1x128x64 Recv 0.176 MiB, Response 0.243 MiB Pack 37.655 ms (interleave)
[2026-09-30 06:54:56.521] [info] [cheetah_dot.cc:550] 1@128x64x128 => 128x64x1 Recv 0.176 MiB, Response 0.485 MiB Pack 48.762 ms (interleave)
[2026-09-30 06:54:57.141] [info] [activation.cc:317] f_nexp 16384 sent 4.834689140319824 MiB
[2026-09-30 06:54:57.430] [info] [cheetah_dot.cc:550] 1@128x128x64 => 1x128x64 Recv 0.176 MiB, Response 0.243 MiB Pack 37.963 ms (interleave)
[2026-09-30 06:54:57.536] [info] [cheetah_dot.cc:550] 1@128x64x128 => 128x64x1 Recv 0.176 MiB, Response 0.485 MiB Pack 45.598 ms (interleave)
[2026-09-30 06:54:58.150] [info] [activation.cc:317] f_nexp 16384 sent 4.834695816040039 MiB
[2026-09-30 06:54:58.449] [info] [cheetah_dot.cc:550] 1@128x128x64 => 1x128x64 Recv 0.176 MiB, Response 0.243 MiB Pack 39.63 ms (interleave)
[2026-09-30 06:54:58.569] [info] [cheetah_dot.cc:550] 1@128x64x128 => 128x64x1 Recv 0.176 MiB, Response 0.485 MiB Pack 52.321 ms (interleave)
[2026-09-30 06:54:59.192] [info] [activation.cc:317] f_nexp 16384 sent 4.8346147537231445 MiB
[2026-09-30 06:54:59.504] [info] [cheetah_dot.cc:550] 1@128x128x64 => 1x128x64 Recv 0.176 MiB, Response 0.243 MiB Pack 38.05 ms (interleave)
[2026-09-30 06:54:59.611] [info] [cheetah_dot.cc:550] 1@128x64x128 => 128x64x1 Recv 0.176 MiB, Response 0.485 MiB Pack 46.207 ms (interleave)
[2026-09-30 06:55:00.232] [info] [activation.cc:317] f_nexp 16384 sent 4.8346452713012695 MiB
[2026-09-30 06:55:00.525] [info] [cheetah_dot.cc:550] 1@128x128x64 => 1x128x64 Recv 0.176 MiB, Response 0.243 MiB Pack 39.846 ms (interleave)
[2026-09-30 06:55:00.631] [info] [cheetah_dot.cc:550] 1@128x64x128 => 128x64x1 Recv 0.176 MiB, Response 0.485 MiB Pack 45.472 ms (interleave)
[2026-09-30 06:55:01.761] [info] [activation.cc:317] f_nexp 16384 sent 4.834907531738281 MiB
[2026-09-30 06:55:02.062] [info] [cheetah_dot.cc:550] 1@128x128x64 => 1x128x64 Recv 0.176 MiB, Response 0.243 MiB Pack 47.155 ms (interleave)
[2026-09-30 06:55:02.170] [info] [cheetah_dot.cc:550] 1@128x64x128 => 128x64x1 Recv 0.176 MiB, Response 0.485 MiB Pack 46.314 ms (interleave)
[2026-09-30 06:55:02.789] [info] [activation.cc:317] f_nexp 16384 sent 4.83465576171875 MiB
[2026-09-30 06:55:03.077] [info] [cheetah_dot.cc:550] 1@128x128x64 => 1x128x64 Recv 0.176 MiB, Response 0.243 MiB Pack 39.05 ms (interleave)
[2026-09-30 06:55:03.186] [info] [cheetah_dot.cc:550] 1@128x64x128 => 128x64x1 Recv 0.176 MiB, Response 0.485 MiB Pack 47.741 ms (interleave)
[2026-09-30 06:55:03.798] [info] [activation.cc:317] f_nexp 16384 sent 4.834877967834473 MiB
[2026-09-30 06:55:04.091] [info] [cheetah_dot.cc:550] 1@128x128x64 => 1x128x64 Recv 0.176 MiB, Response 0.243 MiB Pack 37.329 ms (interleave)
[2026-09-30 06:55:04.198] [info] [cheetah_dot.cc:550] 1@128x64x128 => 128x64x1 Recv 0.176 MiB, Response 0.485 MiB Pack 45.297 ms (interleave)
[2026-09-30 06:55:05.333] [info] [activation.cc:317] f_nexp 16384 sent 4.834685325622559 MiB
[2026-09-30 06:55:05.643] [info] [cheetah_dot.cc:550] 1@128x128x64 => 1x128x64 Recv 0.176 MiB, Response 0.243 MiB Pack 37.401 ms (interleave)
[2026-09-30 06:55:05.751] [info] [cheetah_dot.cc:550] 1@128x64x128 => 128x64x1 Recv 0.176 MiB, Response 0.485 MiB Pack 46.266 ms (interleave)
[2026-09-30 06:55:06.888] [info] [activation.cc:317] f_nexp 16384 sent 5.088644027709961 MiB
[2026-09-30 06:55:07.177] [info] [cheetah_dot.cc:550] 1@128x128x64 => 1x128x64 Recv 0.176 MiB, Response 0.243 MiB Pack 38.825 ms (interleave)
[2026-09-30 06:55:07.294] [info] [cheetah_dot.cc:550] 1@128x64x128 => 128x64x1 Recv 0.176 MiB, Response 0.485 MiB Pack 46.13 ms (interleave)
[2026-09-30 06:55:07.907] [info] [activation.cc:317] f_nexp 16384 sent 4.834716796875 MiB
[2026-09-30 06:55:08.193] [info] [cheetah_dot.cc:550] 1@128x128x64 => 1x128x64 Recv 0.176 MiB, Response 0.243 MiB Pack 36.081 ms (interleave)
[2026-09-30 06:55:08.297] [info] [cheetah_dot.cc:550] 1@128x64x128 => 128x64x1 Recv 0.176 MiB, Response 0.485 MiB Pack 43.213 ms (interleave)
[2026-09-30 06:55:08.916] [info] [activation.cc:317] f_nexp 16384 sent 4.834665298461914 MiB
[2026-09-30 06:55:09.206] [info] [cheetah_dot.cc:550] 1@128x128x64 => 1x128x64 Recv 0.176 MiB, Response 0.243 MiB Pack 38.22 ms (interleave)
[2026-09-30 06:55:09.923] [info] [cheetah_dot.cc:550] 1@128x768x768 => 128x64x1 Recv 2.117 MiB, Response 2.911 MiB Pack 287.726 ms (interleave)
[2026-09-30 06:55:14.973] [info] [cheetah_dot.cc:550] 1@128x768x3072 => 128x64x1 Recv 2.117 MiB, Response 11.644 MiB Pack 1203.757 ms (interleave)
[2026-09-30 06:55:16.073] [info] [activation.cc:208] seg3_gelu (i32true) 393216 sent 97.11889839172363 MiB
[2026-09-30 06:55:17.911] [info] [cheetah_dot.cc:550] 1@128x3072x768 => 128x64x1 Recv 8.467 MiB, Response 2.911 MiB Pack 278.073 ms (interleave)
[2026-09-30 06:55:18.211] [warning] [channel.h:163] Channel destructor is called before WaitLinkTaskFinish, try stop send thread
