# timestamp_ms VmRSS_kB VmPeak_kB VmHWM_kB
1785433467840 250732 1133276 250732
1785433467908 253236 1133276 253236
1785433467963 253268 1133276 253268
1785433468012 253276 1133276 253276
1785433468063 253344 1133276 253344
1785433468112 253416 1133276 253416
1785433468161 253460 1133276 253460
1785433468211 254368 1141788 254368
1785433468260 257492 1142812 257492
1785433468320 257716 1142812 257716
1785433468371 257792 1142812 257792
1785433468421 257852 1142812 257852
1785433468469 258068 1142812 258068
1785433468518 259548 1144312 259548
1785433468568 261596 1146664 261596
1785433468619 262664 1147140 262664
1785433468682 263980 1148828 263980
1785433468733 263980 1148828 263980
1785433468760 263980 1148828 263980
1785433468789 263980 1148828 263980
1785433468818 263980 1148828 263980
1785433468845 264048 1148828 264048
1785433468897 273116 1156220 273116
1785433468964 276840 1158996 276840
1785433469014 277088 1160020 277088
1785433469063 277352 1160020 277352
1785433469115 278084 1161044 278084
1785433469166 278712 2007276 278712
1785433469233 281076 2007276 281076
1785433469283 282308 2007276 282308
1785433469333 283536 2007276 283536
1785433469385 284664 2007276 284664
1785433469449 287180 2007276 287180
1785433469501 296604 2007812 296604
1785433469571 362816 2677536 362816
1785433469647 437536 2677536 437536
1785433469723 479120 2677536 479120
1785433469797 496444 2677536 496444
1785433469876 523216 2677536 523216
1785433469952 535700 2677536 535700
1785433470033 568312 2677536 568312
1785433470110 587736 2677536 587736
1785433470185 594404 2677536 594404
1785433470245 607088 2677536 607088
1785433470324 624968 2677536 624968
1785433470406 635352 2677536 635352
1785433470468 640476 2677536 640476
1785433470547 645844 2677536 645844
1785433470605 660256 2677536 660256
1785433470683 671600 2677536 671600
1785433470745 680000 2677536 680000
1785433470826 693416 2677536 693416
1785433470889 698348 2677536 698348
1785433470967 704052 2677536 704052
1785433471033 713324 2677536 713324
1785433471116 722244 2677536 722244
1785433471182 737440 2677536 737440
1785433471265 747736 2677536 747736
1785433471328 751880 2677536 751880
1785433471393 754876 2677536 754876
1785433471480 770168 2677536 770168
1785433471569 787516 2677536 787516
1785433471666 831984 2677536 831984
1785433471766 886304 2677536 886304
1785433471861 908684 2677536 908684
1785433471960 954624 2677536 954624
1785433472057 976384 2677536 976384
1785433472154 1006508 2677536 1006508
1785433472252 1016864 2677536 1016864
1785433472325 1027752 2677536 1027752
1785433472421 1051520 2677536 1051520
1785433472523 1064776 2677536 1064776
1785433472600 1095084 2677536 1095084
1785433472702 1106584 2677536 1106584
1785433472779 1123560 2677536 1123560
1785433472862 706300 2677536 1121276
1785433472893 706904 2677536 1121276
1785433472927 708924 2677536 1121276
1785433472959 711388 2677536 1121276
1785433472991 714164 2677536 1121276
1785433473023 715096 2677536 1121276
1785433473056 732804 2677536 1121276
1785433473089 734196 2677536 1121276
1785433473119 735808 2677536 1121276
1785433473148 736312 2677536 1121276
1785433473177 736312 2677536 1121276
1785433473207 736312 2677536 1121276
1785433473237 736312 2677536 1121276
1785433473267 736312 2677536 1121276
1785433473296 736312 2677536 1121276
1785433473326 736312 2677536 1121276
1785433473356 736640 2677536 1121276
1785433473385 854880 2677536 1121276
1785433473415 876980 2677536 1121276
1785433473445 952756 2677536 1121276
1785433473475 854880 2677536 1121276
1785433473504 854880 2677536 1121276
1785433473534 854884 2677536 1121276
1785433473567 893580 2677536 1121276
1785433473599 986288 2677536 1121276
1785433473630 1060444 2677536 1121276
1785433473660 736316 2677536 1121276
1785433473691 736316 2677536 1121276
1785433473722 736316 2677536 1121276
1785433473752 736320 2677536 1121276
1785433473782 736320 2677536 1121276
1785433473812 736320 2677536 1121276
1785433473842 736324 2677536 1121276
1785433473873 736688 2677536 1121276
1785433473904 736700 2677536 1121276
1785433473933 736700 2677536 1121276
1785433473962 736700 2677536 1121276
1785433473992 736700 2677536 1121276
1785433474022 736700 2677536 1121276
1785433474051 822504 2677536 1121276
1785433474081 855272 2677536 1121276
1785433474111 928580 2677536 1121276
1785433474141 855272 2677536 1121276
1785433474171 855272 2677536 1121276
1785433474200 893972 2677536 1121276
1785433474230 978496 2677536 1121276
1785433474260 1060836 2677536 1121276
1785433474290 779088 2677536 1121276
1785433474319 854864 2677536 1121276
1785433474349 749556 2677536 1121276
1785433474377 825332 2677536 1121276
1785433474409 825544 2677536 1121276
1785433474445 1004720 2677536 1121276
1785433474477 1019056 2677536 1121276
1785433474507 1031344 2677536 1121276
1785433474536 1045680 2677536 1121276
1785433474564 1057968 2677536 1121276
1785433474593 1072304 2677536 1121276
1785433474622 1084592 2677536 1121276
1785433474652 1098928 2677536 1121276
1785433474681 1111216 2677536 1121276
1785433474710 1125552 2677536 1125552
1785433474766 1133744 2677536 1133744
1785433474821 1141936 2677536 1141936
1785433474875 1162416 2677536 1162416
1785433474945 1175684 2677536 1175684
1785433475001 1190112 2677536 1190112
1785433475077 1206496 2677536 1206496
1785433475137 1214688 2677536 1214688
1785433475210 1233120 2677536 1233120
1785433475264 1249504 2677536 1249504
1785433475341 1269984 2677536 1269984
1785433475398 1284320 2677536 1284320
1785433475469 1300704 2677536 1300704
1785433475528 1308896 2677536 1308896
1785433475583 1323232 2677536 1323232
1785433475660 1345760 2677536 1345760
1785433475723 912884 2840980 1515252
1785433475757 912888 2840980 1515252
1785433475790 912888 2840980 1515252
1785433475824 912888 2840980 1515252
1785433475858 912888 2840980 1515252
1785433475888 912888 2840980 1515252
1785433475919 931328 2840980 1515252
1785433475952 931328 2840980 1515252
1785433475981 931328 2840980 1515252
1785433476015 931332 2840980 1515252
1785433476050 971452 2840980 1515252
1785433476083 985788 2840980 1515252
1785433476114 998732 2840980 1515252
1785433476144 1013068 2840980 1515252
1785433476178 961596 2840980 1515252
1785433476215 1029752 2840980 1515252
1785433476248 1044088 2840980 1515252
1785433476281 1057724 2840980 1515252
1785433476311 1072060 2840980 1515252
1785433476342 1086396 2840980 1515252
1785433476371 1098684 2840980 1515252
1785433476401 1113020 2840980 1515252
1785433476430 1125308 2840980 1515252
1785433476460 1139644 2840980 1515252
1785433476489 1151932 2840980 1515252
1785433476519 1166268 2840980 1515252
1785433476549 1178556 2840980 1515252
1785433476578 1192892 2840980 1515252
1785433476608 1207228 2840980 1515252
1785433476639 1221564 2840980 1515252
1785433476669 1222964 2840980 1515252
1785433476699 1222964 2840980 1515252
1785433476730 1222964 2840980 1515252
1785433476760 1222964 2840980 1515252
1785433476790 1222964 2840980 1515252
1785433476820 1222964 2840980 1515252
1785433476850 1222964 2840980 1515252
1785433476883 1222964 2840980 1515252
1785433476912 1222964 2840980 1515252
1785433476944 1222964 2840980 1515252
1785433476974 1222964 2840980 1515252
1785433477004 1222964 2840980 1515252
1785433477034 1222964 2840980 1515252
1785433477064 1257316 2840980 1515252
1785433477096 1271652 2840980 1515252
1785433477128 1285988 2840980 1515252
1785433477159 1298276 2840980 1515252
1785433477190 1338944 2840980 1515252
1785433477230 1523068 3004524 1523068
1785433477305 1541500 3004524 1541500
1785433477359 1547644 3004524 1547644
1785433477412 1561980 3004524 1561980
1785433477483 1584508 3004524 1584508
1785433477540 1596796 3004524 1596796
1785433477613 1615228 3004524 1615228
1785433477669 1623420 3004524 1623420
1785433477722 1635708 3004524 1635708
1785433477790 1658236 3004524 1658236
1785433477844 1670524 3004524 1670524
1785433477912 1684860 3004524 1684860
1785433477967 1696848 3178504 1696848
1785433478023 1711184 3178504 1711184
1785433478096 1733712 3178504 1733712
1785433478154 1743952 3178504 1743952
1785433478210 1752144 3178504 1752144
1785433478281 1770576 3178504 1770576
1785433478336 1784912 3178504 1784912
1785433478395 1801296 3178504 1801296
1785433478468 1817680 3178504 1817680
1785433478523 1825872 3178504 1825872
1785433478579 1846352 3178504 1846352
1785433478645 1875840 3352484 1875840
1785433478715 1485240 3352484 2029044
1785433478756 1686924 3352484 2029044
1785433478792 1690896 3352484 2029044
1785433478825 1690896 3352484 2029044
1785433478859 1690896 3352484 2029044
1785433478892 1690896 3352484 2029044
1785433478926 1516916 3352484 2029044
1785433478958 1516916 3352484 2029044
1785433478988 1516916 3352484 2029044
1785433479017 1516916 3352484 2029044
1785433479047 1516916 3352484 2029044
1785433479077 1516916 3352484 2029044
1785433479107 1516916 3352484 2029044
1785433479137 1516916 3352484 2029044
1785433479167 1516916 3352484 2029044
1785433479197 1516916 3352484 2029044
1785433479227 1516916 3352484 2029044
1785433479257 1516916 3352484 2029044
1785433479286 1516916 3352484 2029044
1785433479317 1516916 3352484 2029044
1785433479348 1516916 3352484 2029044
1785433479379 1516916 3352484 2029044
1785433479409 1516916 3352484 2029044
1785433479439 1516916 3352484 2029044
1785433479468 1516916 3352484 2029044
1785433479497 1516916 3352484 2029044
1785433479526 1516916 3352484 2029044
1785433479555 1516916 3352484 2029044
1785433479584 1516916 3352484 2029044
1785433479614 1516916 3352484 2029044
1785433479644 1516916 3352484 2029044
1785433479674 1516916 3352484 2029044
1785433479703 1516916 3352484 2029044
1785433479732 1516916 3352484 2029044
1785433479762 1516916 3352484 2029044
1785433479791 1516916 3352484 2029044
1785433479821 1516916 3352484 2029044
1785433479850 1516916 3352484 2029044
1785433479879 1516916 3352484 2029044
1785433479908 1516916 3352484 2029044
1785433479937 1516916 3352484 2029044
1785433479966 1516916 3352484 2029044
1785433479996 1516916 3352484 2029044
1785433480025 1516916 3352484 2029044
1785433480055 1516916 3352484 2029044
1785433480084 1516916 3352484 2029044
1785433480114 1516916 3352484 2029044
1785433480144 1516916 3352484 2029044
1785433480174 1516916 3352484 2029044
1785433480204 966248 3352484 2029044
1785433480235 966248 3352484 2029044
1785433480266 966724 3352484 2029044
1785433480298 966964 3352484 2029044
1785433480330 966968 3352484 2029044
1785433480362 966968 3352484 2029044
1785433480394 966968 3352484 2029044
1785433480427 966968 3352484 2029044
1785433480461 966968 3352484 2029044
1785433480493 966968 3352484 2029044
1785433480525 966968 3352484 2029044
1785433480558 966968 3352484 2029044
1785433480590 967000 3352484 2029044
1785433480622 967004 3352484 2029044
1785433480655 967004 3352484 2029044
1785433480687 967012 3352484 2029044
1785433480719 967136 3352484 2029044
1785433480753 967288 3352484 2029044
1785433480785 967356 3352484 2029044
1785433480819 967356 3352484 2029044
1785433480854 967360 3352484 2029044
1785433480888 971512 3352484 2029044
1785433480921 978172 3352484 2029044
1785433480955 990464 3352484 2029044
1785433480991 1004800 3352484 2029044
1785433481026 1004800 3352484 2029044
1785433481059 1004800 3352484 2029044
1785433481093 1004800 3352484 2029044
1785433481122 1017092 3352484 2029044
1785433481157 1017092 3352484 2029044
1785433481189 1017092 3352484 2029044
1785433481222 1017092 3352484 2029044
1785433481258 1017092 3352484 2029044
1785433481292 1017092 3352484 2029044
1785433481324 1017092 3352484 2029044
1785433481357 1017092 3352484 2029044
1785433481394 1017092 3352484 2029044
1785433481428 1017092 3352484 2029044
1785433481460 1017092 3352484 2029044
1785433481492 1017092 3352484 2029044
1785433481527 1017092 3352484 2029044
1785433481561 1017092 3352484 2029044
1785433481594 1017092 3352484 2029044
1785433481628 949836 3352484 2029044
1785433481662 949836 3352484 2029044
1785433481697 949836 3352484 2029044
1785433481730 949836 3352484 2029044
1785433481764 949908 3352484 2029044
1785433481798 949908 3352484 2029044
1785433481831 949908 3352484 2029044
1785433481864 949908 3352484 2029044
1785433481896 949908 3352484 2029044
1785433481929 949908 3352484 2029044
1785433481963 949908 3352484 2029044
1785433481995 949908 3352484 2029044
1785433482028 949908 3352484 2029044
1785433482062 949908 3352484 2029044
1785433482095 949908 3352484 2029044
1785433482128 949908 3352484 2029044
1785433482162 949912 3352484 2029044
1785433482196 949912 3352484 2029044
1785433482230 949912 3352484 2029044
1785433482263 949912 3352484 2029044
1785433482297 949912 3352484 2029044
1785433482330 949912 3352484 2029044
1785433482363 949912 3352484 2029044
1785433482395 949912 3352484 2029044
1785433482430 949912 3352484 2029044
1785433482463 949912 3352484 2029044
1785433482496 949912 3352484 2029044
1785433482529 949912 3352484 2029044
1785433482562 949912 3352484 2029044
1785433482595 949912 3352484 2029044
1785433482628 949912 3352484 2029044
1785433482661 949912 3352484 2029044
1785433482694 949912 3352484 2029044
1785433482727 949912 3352484 2029044
1785433482760 949912 3352484 2029044
1785433482793 949912 3352484 2029044
1785433482826 949912 3352484 2029044
1785433482859 949912 3352484 2029044
1785433482892 949912 3352484 2029044
1785433482925 949912 3352484 2029044
1785433482958 949912 3352484 2029044
1785433482991 949912 3352484 2029044
1785433483023 949920 3352484 2029044
1785433483057 949928 3352484 2029044
1785433483088 949928 3352484 2029044
1785433483119 949928 3352484 2029044
1785433483149 949928 3352484 2029044
1785433483178 949928 3352484 2029044
1785433483210 971812 3352484 2029044
1785433483239 984100 3352484 2029044
1785433483268 1014228 3352484 2029044
1785433483303 1014312 3352484 2029044
1785433483336 1014312 3352484 2029044
1785433483365 1014312 3352484 2029044
1785433483396 1014312 3352484 2029044
1785433483425 1014312 3352484 2029044
1785433483456 1014312 3352484 2029044
1785433483485 979120 3352484 2029044
1785433483515 940712 3352484 2029044
1785433483547 949800 3352484 2029044
1785433483579 962088 3352484 2029044
1785433483614 988272 3352484 2029044
1785433483648 1008168 3352484 2029044
1785433483681 1008168 3352484 2029044
1785433483714 1020460 3352484 2029044
1785433483751 1020460 3352484 2029044
1785433483783 1020460 3352484 2029044
1785433483814 1020460 3352484 2029044
1785433483847 1026604 3352484 2029044
1785433483881 1026604 3352484 2029044
1785433483914 1026604 3352484 2029044
1785433483947 1026604 3352484 2029044
1785433483983 1026604 3352484 2029044
1785433484018 1026604 3352484 2029044
1785433484050 1026604 3352484 2029044
1785433484082 1026604 3352484 2029044
1785433484117 1026604 3352484 2029044
1785433484150 1026604 3352484 2029044
1785433484182 1026604 3352484 2029044
1785433484216 1026604 3352484 2029044
1785433484250 1026604 3352484 2029044
1785433484283 1026604 3352484 2029044
1785433484316 1026604 3352484 2029044
1785433484351 959144 3352484 2029044
1785433484385 959144 3352484 2029044
1785433484418 959144 3352484 2029044
1785433484453 959144 3352484 2029044
1785433484486 968572 3352484 2029044
1785433484521 983592 3352484 2029044
1785433484556 1008164 3352484 2029044
1785433484591 1029160 3352484 2029044
1785433484624 1045036 3352484 2029044
1785433484659 1057324 3352484 2029044
1785433484695 1081904 3352484 2029044
1785433484729 1081904 3352484 2029044
1785433484762 1081904 3352484 2029044
1785433484796 1088048 3352484 2029044
1785433484833 1112624 3352484 2029044
1785433484867 1112624 3352484 2029044
1785433484899 1112624 3352484 2029044
1785433484933 1112624 3352484 2029044
1785433484967 1112624 3352484 2029044
1785433485001 1112624 3352484 2029044
1785433485034 1112624 3352484 2029044
1785433485070 1112624 3352484 2029044
1785433485104 1112624 3352484 2029044
1785433485137 1112624 3352484 2029044
1785433485169 1112624 3352484 2029044
1785433485206 1112624 3352484 2029044
1785433485240 1112624 3352484 2029044
1785433485273 1112624 3352484 2029044
1785433485307 1112624 3352484 2029044
1785433485342 1112924 3352484 2029044
1785433485377 1112988 3352484 2029044
1785433485411 1112988 3352484 2029044
1785433485443 1112988 3352484 2029044
1785433485474 1112988 3352484 2029044
1785433485509 1112988 3352484 2029044
1785433485540 1121684 3352484 2029044
1785433485571 1136020 3352484 2029044
1785433485605 1186716 3352484 2029044
1785433485644 1211340 3352484 2029044
1785433485679 1211340 3352484 2029044
1785433485713 1088588 3352484 2029044
1785433485746 1088588 3352484 2029044
1785433485778 1088588 3352484 2029044
1785433485810 1088588 3352484 2029044
1785433485843 1088588 3352484 2029044
1785433485874 1088588 3352484 2029044
1785433485909 1088588 3352484 2029044
1785433485943 1088588 3352484 2029044
1785433485976 1088588 3352484 2029044
1785433486007 1088588 3352484 2029044
1785433486039 1088588 3352484 2029044
1785433486070 1088588 3352484 2029044
1785433486103 1088588 3352484 2029044
1785433486136 1088592 3352484 2029044
1785433486170 1088592 3352484 2029044
1785433486202 1088592 3352484 2029044
1785433486234 1088676 3352484 2029044
1785433486265 912608 3352484 2029044
1785433486298 894176 3352484 2029044
1785433486330 894176 3352484 2029044
1785433486361 894176 3352484 2029044
1785433486392 894176 3352484 2029044
1785433486423 894176 3352484 2029044
1785433486454 894208 3352484 2029044
1785433486485 894208 3352484 2029044
1785433486516 894208 3352484 2029044
1785433486547 894208 3352484 2029044
1785433486578 894208 3352484 2029044
1785433486609 894268 3352484 2029044
1785433486641 894268 3352484 2029044
1785433486673 894268 3352484 2029044
1785433486707 894268 3352484 2029044
1785433486738 744308 3352484 2029044
1785433486768 745168 3352484 2029044
1785433486799 745276 3352484 2029044
1785433486830 745456 3352484 2029044
1785433486861 745576 3352484 2029044
1785433486891 0 0 0
1785433486915 0 0 0
# peak_kb=1875840
# hwm_kb=2029044
# frozen_ms=0
# polled_vs_hwm_pct=75promille
