# timestamp_ms Rss_kB Anonymous_kB Filemapped_kB Shmem_kB
1785659629340 437684 261060 176624 0
1785659629452 437932 261308 176624 0
1785659629521 438136 261512 176624 0
1785659629608 440780 264156 176624 0
1785659629677 325152 217612 107540 0
1785659629771 456024 277520 178504 0
1785659629882 456656 278152 178504 0
1785659629954 376256 239780 136476 0
1785659630050 464664 325976 138688 0
1785659630165 608536 421912 186624 0
1785659630277 530036 405596 124440 0
1785659630461 619708 423688 196020 0
1785659630550 625748 423828 201920 0
1785659630735 638332 427804 210528 0
1785659630934 649312 430372 218940 0
1785659631071 657892 430724 227168 0
1785659631241 663908 431516 232392 0
1785659631397 675616 432544 243072 0
1785659631600 688100 433624 254476 0
1785659631770 693828 434856 258972 0
1785659631921 696828 435616 261212 0
1785659632092 715256 435728 279528 0
1785659632267 728636 440144 288492 0
1785659632502 740304 442612 297692 0
1785659632665 749548 442668 306880 0
1785659632834 758132 444520 313612 0
1785659632991 761224 445368 315856 0
1785659633220 781724 447556 334168 0
1785659633397 789492 448604 340888 0
1785659633582 792748 451860 340888 0
1785659633738 804588 452296 352292 0
1785659633894 818740 452908 365832 0
1785659634078 823348 455168 368180 0
1785659634210 825732 455308 370424 0
1785659634378 837336 457760 379576 0
1785659634498 849872 458748 391124 0
1785659634688 855028 459560 395468 0
1785659634845 857352 459644 397708 0
1785659635004 866548 459684 406864 0
1785659635103 877188 461168 416020 0
1785659635288 884144 461404 422740 0
1785659635439 884256 461516 422740 0
1785659635559 886580 461576 425004 0
1785659635673 903588 464456 439132 0
1785659635838 916908 466856 450052 0
1785659636103 916992 466856 450136 0
1785659636241 930356 468904 461452 0
1785659636418 951252 471688 479564 0
1785659636803 962488 473736 488752 0
1785659636942 971644 473736 497908 0
1785659637070 971656 473748 497908 0
1785659637191 978756 474116 504640 0
1785659637378 987100 476532 510568 0
1785659637570 1004688 476536 528152 0
1785659637756 1005792 476548 529244 0
1785659637868 1007344 476552 530792 0
1785659637952 1008140 476584 531556 0
1785659638035 1008156 476600 531556 0
1785659638117 1008180 476624 531556 0
1785659638197 1008196 476640 531556 0
1785659638280 1008212 476656 531556 0
1785659638365 1008224 476668 531556 0
1785659638443 1008244 476688 531556 0
1785659638552 1008248 476692 531556 0
1785659638635 1008260 476704 531556 0
1785659638719 1018124 482852 535272 0
1785659638805 1042992 495140 547852 0
1785659638937 1068064 507428 560636 0
1785659639070 1097680 478096 619584 0
1785659639204 1116244 496660 619584 0
1785659639340 1116244 496660 619584 0
1785659639370 1116244 496660 619584 0
1785659639401 1116244 496660 619584 0
1785659639432 1107164 491520 615644 0
1785659639520 1098300 482216 616084 0
1785659639552 1071916 495556 576360 0
1785659639581 1116244 496660 619584 0
1785659639610 1111028 493212 617816 0
1785659639697 1109020 490564 618456 0
1785659639728 1125888 566008 559880 0
1785659639758 1113764 494180 619584 0
1785659639789 1126252 506668 619584 0
1785659639819 1126252 506668 619584 0
1785659639849 1126252 506668 619584 0
1785659639879 1126252 506668 619584 0
1785659639910 1126252 506668 619584 0
1785659639940 1126252 506668 619584 0
1785659639969 1077408 478480 598928 0
1785659639998 1098724 479140 619584 0
1785659640027 1098724 479140 619584 0
1785659640056 904972 391172 513800 0
1785659640083 951416 406468 544948 0
1785659640128 1098780 479148 619632 0
1785659640182 1098780 479148 619632 0
1785659640282 1098780 479148 619632 0
1785659640359 1098780 479148 619632 0
1785659640436 1098780 479148 619632 0
1785659640524 1098780 479148 619632 0
1785659640588 1098780 479148 619632 0
1785659640716 1098780 479148 619632 0
1785659640795 1098780 479148 619632 0
1785659640900 1098780 479148 619632 0
1785659640957 1098780 479148 619632 0
1785659641044 1098780 479148 619632 0
1785659641156 1098780 479148 619632 0
1785659641253 1098780 479148 619632 0
1785659641317 1098780 479148 619632 0
1785659641428 1098780 479148 619632 0
1785659641503 1098780 479148 619632 0
1785659641601 1098780 479148 619632 0
1785659641708 1098780 479148 619632 0
1785659641812 1098780 479148 619632 0
1785659641861 1098780 479148 619632 0
1785659641948 1098780 479148 619632 0
1785659641998 1098780 479148 619632 0
1785659642061 1098780 479148 619632 0
1785659642161 1098780 479148 619632 0
1785659642282 1098780 479148 619632 0
1785659642395 1098780 479148 619632 0
1785659642448 1098780 479148 619632 0
1785659642562 1098780 479148 619632 0
1785659642671 1098780 479148 619632 0
1785659642732 1098780 479148 619632 0
1785659642814 1098780 479148 619632 0
1785659642906 1098780 479148 619632 0
1785659642974 1098780 479148 619632 0
1785659643066 1098780 479148 619632 0
1785659643127 1098780 479148 619632 0
1785659643224 1098780 479148 619632 0
1785659643298 1098780 479148 619632 0
1785659643369 1098780 479148 619632 0
1785659643451 1098780 479148 619632 0
1785659643519 1098780 479148 619632 0
1785659643618 1098780 479148 619632 0
1785659643696 1098780 479148 619632 0
1785659643754 1098780 479148 619632 0
1785659643859 1098780 479148 619632 0
1785659643933 1098780 479148 619632 0
1785659644046 1098780 479148 619632 0
1785659644151 1098780 479148 619632 0
1785659644235 1098780 479148 619632 0
1785659644290 1098780 479148 619632 0
1785659644361 1098780 479148 619632 0
1785659644446 1098780 479148 619632 0
1785659644538 1098780 479148 619632 0
1785659644648 1098780 479148 619632 0
1785659644751 1098780 479148 619632 0
1785659644879 1098780 479148 619632 0
1785659644963 1098780 479148 619632 0
1785659645056 1098780 479148 619632 0
1785659645131 1098780 479148 619632 0
1785659645209 1098780 479148 619632 0
1785659645268 1098780 479148 619632 0
1785659645318 1098780 479148 619632 0
1785659645401 1098780 479148 619632 0
1785659645487 1098780 479148 619632 0
1785659645523 1098780 479148 619632 0
1785659645604 1098780 479148 619632 0
1785659645663 1098780 479148 619632 0
1785659645750 1098780 479148 619632 0
1785659645846 1098780 479148 619632 0
1785659645934 1098780 479148 619632 0
1785659646002 1098780 479148 619632 0
1785659646059 1098780 479148 619632 0
1785659646116 1098780 479148 619632 0
1785659646191 1098780 479148 619632 0
1785659646265 1098780 479148 619632 0
1785659646335 1015420 514876 500544 0
1785659646480 1074584 952704 121880 0
1785659646768 2112444 1988600 123844 0
1785659647078 1109996 490040 619956 0
1785659647393 1109996 490040 619956 0
1785659647495 1110008 490052 619956 0
1785659647562 1110012 490056 619956 0
1785659647639 1110024 490068 619956 0
1785659647730 1110024 490068 619956 0
1785659647807 1110024 490068 619956 0
1785659647895 1110024 490068 619956 0
1785659647970 1110024 490068 619956 0
1785659648049 1110024 490068 619956 0
1785659648150 1110024 490068 619956 0
1785659648190 1110024 490068 619956 0
1785659648226 1110024 490068 619956 0
1785659648304 1110024 490068 619956 0
1785659648424 1110024 490068 619956 0
1785659648523 1110024 490068 619956 0
1785659648584 1110028 490072 619956 0
1785659648686 1110028 490072 619956 0
1785659648781 1110032 490076 619956 0
1785659648880 1110032 490076 619956 0
1785659648945 1110032 490076 619956 0
1785659649039 1110032 490076 619956 0
1785659649135 1110032 490076 619956 0
1785659649179 1110032 490076 619956 0
1785659649214 1110032 490076 619956 0
1785659649288 1110032 490076 619956 0
1785659649383 1110032 490076 619956 0
1785659649451 1110032 490076 619956 0
1785659649543 1110032 490076 619956 0
1785659649646 1110032 490076 619956 0
1785659649706 1110032 490076 619956 0
1785659649765 1110032 490076 619956 0
1785659649841 1110032 490076 619956 0
1785659649905 1110040 490084 619956 0
1785659649962 1110812 490856 619956 0
1785659650054 1111192 491236 619956 0
1785659650143 1111432 491476 619956 0
1785659650229 1111432 491476 619956 0
1785659650303 1111432 491476 619956 0
1785659650375 1111432 491476 619956 0
1785659650443 1111432 491476 619956 0
1785659650497 1111432 491476 619956 0
1785659650554 1111432 491476 619956 0
1785659650641 1111432 491476 619956 0
1785659650706 1111432 491476 619956 0
1785659650757 1111432 491476 619956 0
1785659650824 1111432 491476 619956 0
1785659650891 1111432 491476 619956 0
1785659650956 1111432 491476 619956 0
1785659651004 1111436 491480 619956 0
1785659651085 1111436 491480 619956 0
1785659651156 1111436 491480 619956 0
1785659651217 1111436 491480 619956 0
1785659651250 1111440 491484 619956 0
1785659651284 1111760 491484 620276 0
1785659651317 1112008 491608 620400 0
1785659651355 1112012 491612 620400 0
1785659651393 1112012 491612 620400 0
1785659651427 1112012 491612 620400 0
1785659651459 1112020 491620 620400 0
1785659651497 1112044 491644 620400 0
1785659651580 1112060 491660 620400 0
1785659651671 1112072 491672 620400 0
1785659651732 994080 443004 551076 0
1785659651808 1183136 562736 620400 0
1785659651898 1194184 578876 615308 0
1785659651987 1276992 656592 620400 0
1785659652039 1292876 672476 620400 0
1785659652071 1302092 681692 620400 0
1785659652104 1286940 671076 615864 0
1785659652136 1342360 721960 620400 0
1785659652169 1342360 721960 620400 0
1785659652202 1342360 721960 620400 0
1785659652235 1360792 740392 620400 0
1785659652266 1360792 740392 620400 0
1785659652298 1360792 740392 620400 0
1785659652329 1370008 749608 620400 0
1785659652361 1370008 749608 620400 0
1785659652393 1370008 749608 620400 0
1785659652425 1379224 758824 620400 0
1785659652457 1379224 758824 620400 0
1785659652488 1379224 758824 620400 0
1785659652520 1379228 758828 620400 0
1785659652552 1379228 758828 620400 0
1785659652604 1379228 758828 620400 0
1785659652659 1379228 758828 620400 0
1785659652719 1379228 758828 620400 0
1785659652809 1379228 758828 620400 0
1785659652881 1379228 758828 620400 0
1785659652956 1379228 758828 620400 0
1785659653035 1379228 758828 620400 0
1785659653107 1379228 758828 620400 0
1785659653197 1379228 758828 620400 0
1785659653249 1379228 758828 620400 0
1785659653301 1379228 758828 620400 0
1785659653355 1379228 758828 620400 0
1785659653438 1379228 758828 620400 0
1785659653488 1234848 677140 557708 0
1785659653554 1591292 970892 620400 0
1785659653626 2093468 1473068 620400 0
1785659653696 1430288 1280084 150204 0
1785659653848 1403548 1295448 108100 0
1785659653873 1933884 1375188 558696 0
1785659653905 2021320 1400920 620400 0
1785659653938 2356996 1736596 620400 0
1785659653972 2391144 2206140 185004 0
1785659654156 1579040 1456180 122860 0
1785659654465 1415980 1286968 129012 0
1785659654506 1766100 1264328 501772 0
1785659654557 1719864 1554896 164968 0
1785659654601 2321832 1700888 620944 0
1785659654666 1812824 1191016 621808 0
1785659654753 1812888 1191080 621808 0
1785659654829 1812980 1191172 621808 0
1785659654900 1813060 1191252 621808 0
1785659654965 1813124 1191316 621808 0
1785659655064 1813216 1191408 621808 0
1785659655145 1813280 1191472 621808 0
1785659655222 1813432 1191624 621808 0
1785659655336 1822820 1201012 621808 0
1785659655400 1791916 1182000 609916 0
1785659655483 1670188 1154716 515472 0
1785659655582 1894704 1272896 621808 0
1785659655642 2083460 1461480 621980 0
1785659655701 2128528 1506548 621980 0
1785659655757 2216600 1594620 621980 0
1785659655801 2274368 1652388 621980 0
1785659655842 2331724 1709744 621980 0
1785659655888 2387032 1765052 621980 0
1785659655933 2570508 1953556 616952 0
1785659655980 2000844 1378864 621980 0
1785659656080 2014776 1392796 621980 0
1785659656161 1971924 1357492 614432 0
1785659656244 2019320 1397340 621980 0
1785659656329 1800828 1298992 501836 0
1785659656404 2032388 1417524 614864 0
1785659656508 2116144 1494164 621980 0
1785659656581 2116144 1494164 621980 0
1785659656679 2116148 1494168 621980 0
1785659656780 1959544 1431432 528112 0
1785659656866 2134580 1512600 621980 0
1785659656936 2134584 1512604 621980 0
1785659657054 2134588 1512608 621980 0
1785659657138 1960572 1414396 546176 0
1785659657239 2100620 1540744 559876 0
1785659657342 2189896 1567916 621980 0
1785659657432 2189904 1567924 621980 0
1785659657504 2189904 1567924 621980 0
1785659657574 2189904 1567924 621980 0
1785659657669 2226768 1604788 621980 0
1785659657749 2052748 1506572 546176 0
1785659657808 2245200 1623220 621980 0
1785659657885 2245200 1623220 621980 0
1785659657980 2245200 1623220 621980 0
1785659658082 2282064 1660084 621980 0
1785659658163 2276920 1654940 621980 0
1785659658217 2300500 1678520 621980 0
1785659658282 2300508 1678528 621980 0
1785659658368 2300516 1678536 621980 0
1785659658433 2318948 1696968 621980 0
1785659658494 1889812 1695720 194092 0
1785659658548 2355812 1733832 621980 0
1785659658604 2355812 1733832 621980 0
1785659658642 2355812 1733832 621980 0
1785659658690 2355812 1733832 621980 0
1785659658740 2354040 1732060 621980 0
1785659658790 2392684 1770704 621980 0
1785659658834 2373572 1756316 617256 0
1785659658879 2429548 1807568 621980 0
1785659658921 2429552 1807572 621980 0
1785659658974 2429552 1807572 621980 0
1785659659020 2447984 1826004 621980 0
1785659659068 2466420 1844440 621980 0
1785659659125 2466420 1844440 621980 0
1785659659171 2484852 1862872 621980 0
1785659659222 2503284 1881304 621980 0
1785659659279 2496896 1879204 617692 0
1785659659327 2488768 1870240 618528 0
1785659659385 2540164 1918184 621980 0
1785659659438 2558596 1936616 621980 0
1785659659479 2048332 1915256 133076 0
1785659659509 2528040 1915952 612088 0
1785659659547 2562604 1922860 639744 0
1785659659584 2086872 1925616 161256 0
1785659659613 2663788 1955512 708276 0
1785659659758 2667884 1956472 711412 0
1785659659868 2691496 1956736 734760 0
1785659660045 2656980 1933064 723916 0
1785659660083 2706984 1962740 744244 0
1785659660121 2623392 1942876 680516 0
1785659660159 2553472 1788580 764892 0
1785659660321 3015920 1967040 1048880 0
1785659660517 3020716 1967080 1053636 0
1785659660630 3021784 1967252 1054532 0
1785659660743 3021948 1967288 1054660 0
1785659660875 2830648 1901972 928676 0
1785659660990 3046396 1990112 1056284 0
1785659661103 3046536 1990128 1056408 0
1785659661262 3046536 1990128 1056408 0
1785659661379 3046824 1990416 1056408 0
1785659661493 3065260 2008852 1056408 0
1785659661618 3065920 2008856 1057064 0
1785659661732 3067276 2008868 1058408 0
1785659661859 3067328 2008920 1058408 0
1785659661999 3067428 2009020 1058408 0
1785659662136 3068712 2010304 1058408 0
1785659662291 3068712 2010304 1058408 0
1785659662334 3068712 2010304 1058408 0
1785659662378 3068712 2010304 1058408 0
1785659662438 3068712 2010304 1058408 0
1785659662490 3068712 2010304 1058408 0
1785659662538 3068712 2010304 1058408 0
1785659662586 2911620 1960184 951436 0
1785659662639 3087144 2028736 1058408 0
1785659662789 3105576 2047168 1058408 0
1785659662960 3105576 2047168 1058408 0
1785659663009 3105576 2047168 1058408 0
1785659663080 3105576 2047168 1058408 0
1785659663124 3105576 2047168 1058408 0
1785659663168 3105576 2047168 1058408 0
1785659663211 3105576 2047168 1058408 0
1785659663261 3105576 2047168 1058408 0
1785659663305 2648840 2046316 602524 0
1785659663358 3124012 2065604 1058408 0
1785659663473 3113992 2065108 1048884 0
1785659663542 3142444 2084036 1058408 0
1785659663707 3142444 2084036 1058408 0
1785659663771 3142444 2084036 1058408 0
1785659663821 3142444 2084036 1058408 0
1785659663867 3142444 2084036 1058408 0
1785659663911 3142444 2084036 1058408 0
1785659663954 3142444 2084036 1058408 0
1785659664005 3142444 2084036 1058408 0
1785659664063 3161388 2102980 1058408 0
1785659664215 3099948 2102980 996968 0
1785659664349 3179820 2121412 1058408 0
1785659664509 3179860 2121452 1058408 0
1785659664654 3179868 2121460 1058408 0
1785659664769 3179868 2121460 1058408 0
1785659664884 3179868 2121460 1058408 0
1785659664937 3179868 2121460 1058408 0
1785659664985 2466660 2034036 432624 0
1785659665031 3198312 2139904 1058408 0
1785659665147 2655124 2122272 532852 0
1785659665278 3216748 2158340 1058408 0
1785659665440 3216748 2158340 1058408 0
1785659665490 3216752 2158344 1058408 0
1785659665548 3216756 2158348 1058408 0
1785659665660 3216760 2158352 1058408 0
1785659665773 3216760 2158352 1058408 0
1785659665822 3216768 2158360 1058408 0
1785659665936 3155328 2158360 996968 0
1785659666000 3233152 2176792 1056360 0
1785659666156 3253636 2195228 1058408 0
1785659666323 3253636 2195228 1058408 0
1785659666461 2743032 2154308 588724 0
1785659666500 3253648 2195240 1058408 0
1785659666615 3253648 2195240 1058408 0
1785659666729 3253660 2195252 1058408 0
1785659666783 3248964 2194576 1054388 0
1785659666898 3272116 2213708 1058408 0
1785659667011 3272120 2213712 1058408 0
1785659667139 3290576 2232168 1058408 0
1785659667303 3290632 2232224 1058408 0
1785659667456 3290640 2232232 1058408 0
1785659667572 3290640 2232232 1058408 0
1785659667686 3290640 2232232 1058408 0
1785659667730 3290640 2232232 1058408 0
1785659667795 2650508 2150388 500120 0
1785659667908 3309084 2250676 1058408 0
1785659668059 3327516 2269108 1058408 0
1785659668230 3327516 2269108 1058408 0
1785659668278 3327528 2269120 1058408 0
1785659668349 3327580 2269172 1058408 0
1785659668462 3327580 2269172 1058408 0
1785659668576 3327580 2269172 1058408 0
1785659668619 3327588 2269180 1058408 0
1785659668739 2815776 2093500 722276 0
1785659668851 3346024 2287616 1058408 0
1785659668965 2879408 2285076 594332 0
1785659669078 3364464 2306056 1058408 0
1785659669240 3364464 2306056 1058408 0
1785659669305 3364464 2306056 1058408 0
1785659669363 3364464 2306056 1058408 0
1785659669418 3364468 2306060 1058408 0
1785659669531 3364468 2306060 1058408 0
1785659669577 3364476 2306068 1058408 0
1785659669690 3364476 2306068 1058408 0
1785659669802 3364480 2306072 1058408 0
1785659669863 3364496 2306088 1058408 0
1785659669976 3364496 2306088 1058408 0
1785659670041 3382936 2324528 1058408 0
1785659670185 3401388 2342980 1058408 0
1785659670367 3401416 2343008 1058408 0
1785659670486 3401416 2343008 1058408 0
1785659670610 3401424 2343016 1058408 0
1785659670721 3402200 2343792 1058408 0
1785659670833 3402200 2343792 1058408 0
1785659670943 3402200 2343792 1058408 0
1785659670987 3402228 2343820 1058408 0
1785659671108 3259868 2294708 965160 0
1785659671242 3421136 2362728 1058408 0
1785659671394 3439568 2381160 1058408 0
1785659671455 3439568 2381160 1058408 0
1785659671585 3439568 2381160 1058408 0
1785659671646 3439572 2381164 1058408 0
1785659671690 3439688 2381280 1058408 0
1785659671809 3439688 2381280 1058408 0
1785659671921 3439688 2381280 1058408 0
1785659671983 3416788 2380692 1036096 0
1785659672104 3458124 2399716 1058408 0
1785659672299 2818296 2317304 500992 0
1785659672339 3476556 2418148 1058408 0
1785659672453 3477256 2418148 1059108 0
1785659672503 3476100 2418128 1057972 0
1785659672617 2546028 1954224 591804 0
1785659672653 2437256 1799824 637432 0
1785659672690 2437384 1799824 637560 0
1785659672726 2437384 1799824 637560 0
1785659672763 2437384 1799824 637560 0
1785659672798 2437384 1799824 637560 0
1785659672834 2437384 1799824 637560 0
1785659672871 2437384 1799824 637560 0
1785659672908 2437388 1799824 637564 0
1785659672944 2437388 1799824 637564 0
1785659672985 2437388 1799824 637564 0
1785659673023 2040248 1779696 260552 0
1785659673055 2444936 1797260 647676 0
1785659673093 2445176 1797260 647916 0
1785659673129 2466512 1797260 669252 0
