# timestamp_ms Rss_kB Anonymous_kB Filemapped_kB Shmem_kB
1785393468722 252732 154428 98304 0
1785393468833 256016 156372 99644 0
1785393468931 257300 157656 99644 0
1785393469009 257344 157700 99644 0
1785393469083 257432 157788 99644 0
1785393469154 259468 158644 100824 0
1785393469237 261668 159688 101980 0
1785393469334 261832 159852 101980 0
1785393469408 257404 160028 97376 0
1785393469484 254980 161552 93428 0
1785393469593 267192 164496 102696 0
1785393469686 268020 165324 102696 0
1785393469760 268020 165324 102696 0
1785393469787 268292 165596 102696 0
1785393469813 258384 165524 92860 0
1785393469920 280736 175960 104776 0
1785393470028 281252 176476 104776 0
1785393470101 282024 177248 104776 0
1785393470176 284992 177412 107580 0
1785393470271 286716 177428 109288 0
1785393470358 289652 177476 112176 0
1785393470456 296712 183200 113512 0
1785393470571 394132 239700 154432 0
1785393470700 474344 272256 202088 0
1785393470826 501440 285656 215784 0
1785393470956 541324 304736 236588 0
1785393471086 579424 323172 256252 0
1785393471214 585704 326192 259512 0
1785393471325 592992 330064 262928 0
1785393471455 613552 341524 272028 0
1785393471585 632264 350744 281520 0
1785393471725 643852 355500 288352 0
1785393471860 668048 369156 298892 0
1785393471993 688752 378376 310376 0
1785393472139 694888 381212 313676 0
1785393472252 701012 384056 316956 0
1785393472362 718096 396076 322020 0
1785393472494 731212 401132 330080 0
1785393472618 740004 405348 334656 0
1785393472752 749296 408368 340928 0
1785393472871 753136 410608 342528 0
1785393472969 759552 413508 346044 0
1785393473110 772196 422480 349716 0
1785393473227 792392 433512 358880 0
1785393473371 851100 461328 389772 0
1785393473517 899264 488108 411156 0
1785393473668 941308 506808 434500 0
1785393473826 974108 521688 452420 0
1785393473982 1010636 543516 467120 0
1785393474138 1046084 561956 484128 0
1785393474296 1081080 576288 504792 0
1785393474452 1103100 588744 514356 0
1785393474614 1132800 601724 531076 0
1785393474765 908476 800580 107896 0
1785393474801 985604 885328 100276 0
1785393474836 995996 895972 100024 0
1785393474871 1136504 1024700 111804 0
1785393474961 1134332 1026724 107608 0
1785393475051 1137696 1029600 108096 0
1785393475167 1169388 1059436 109952 0
1785393475304 1183316 1064460 118856 0
1785393475394 1184704 1065852 118852 0
1785393475483 1188700 1069844 118856 0
1785393475572 1190372 1070616 119756 0
1785393475689 1190220 1070468 119752 0
1785393475722 1104108 983624 120484 0
1785393475754 1104108 983624 120484 0
1785393475786 1104228 983628 120600 0
1785393475818 1105636 983628 122008 0
1785393475850 1105896 983644 122252 0
1785393475882 1105904 983652 122252 0
1785393475914 1105916 983664 122252 0
1785393475945 1105980 983728 122252 0
1785393475978 1106044 983792 122252 0
1785393476010 1106680 984112 122568 0
1785393476042 1106740 984172 122568 0
1785393476074 1106756 984188 122568 0
1785393476106 1106772 984204 122568 0
1785393476139 1106780 984212 122568 0
1785393476170 1106796 984228 122568 0
1785393476202 1106804 984236 122568 0
1785393476235 1106816 984248 122568 0
1785393476267 1106820 984252 122568 0
1785393476298 1106832 984264 122568 0
1785393476330 1106836 984268 122568 0
1785393476363 1106844 984276 122568 0
1785393476395 1106856 984288 122568 0
1785393476427 1106864 984296 122568 0
1785393476459 1106868 984300 122568 0
1785393476491 1106880 984312 122568 0
1785393476523 1106884 984316 122568 0
1785393476556 1106888 984320 122568 0
1785393476588 1106896 984328 122568 0
1785393476620 1106900 984332 122568 0
1785393476653 1106904 984336 122568 0
1785393476685 1106912 984344 122568 0
1785393476718 1106920 984352 122568 0
1785393476750 1106928 984360 122568 0
1785393476782 1106932 984364 122568 0
1785393476814 1106936 984368 122568 0
1785393476846 1106936 984368 122568 0
1785393476879 1106936 984368 122568 0
1785393476910 1106936 984368 122568 0
1785393476942 1106936 984368 122568 0
1785393476976 1106936 984368 122568 0
1785393477009 1106936 984368 122568 0
1785393477043 1106936 984368 122568 0
1785393477076 1106936 984368 122568 0
1785393477108 1106936 984368 122568 0
1785393477143 1106936 984368 122568 0
1785393477177 1106936 984368 122568 0
1785393477209 1106936 984368 122568 0
1785393477242 1106936 984368 122568 0
1785393477276 1106936 984368 122568 0
1785393477309 1106936 984368 122568 0
1785393477342 1106936 984368 122568 0
1785393477375 1106936 984368 122568 0
1785393477409 1106936 984368 122568 0
1785393477442 1106936 984368 122568 0
1785393477476 1106936 984368 122568 0
1785393477509 1106936 984368 122568 0
1785393477542 1106936 984368 122568 0
1785393477576 1106936 984368 122568 0
1785393477609 1106936 984368 122568 0
1785393477642 1106936 984368 122568 0
1785393477677 1106936 984368 122568 0
1785393477710 1106936 984368 122568 0
1785393477743 1112148 989584 122564 0
1785393477776 1103208 980640 122568 0
1785393477809 1103228 980660 122568 0
1785393477842 1103228 980660 122568 0
1785393477877 1103228 980660 122568 0
1785393477913 1103228 980660 122568 0
1785393477946 1103228 980660 122568 0
1785393477979 1103228 980660 122568 0
1785393478011 1103228 980660 122568 0
1785393478044 1103228 980660 122568 0
1785393478076 1103228 980660 122568 0
1785393478109 1103228 980660 122568 0
1785393478142 1103228 980660 122568 0
1785393478175 1103228 980660 122568 0
1785393478208 1103228 980660 122568 0
1785393478242 1103228 980660 122568 0
1785393478275 1103228 980660 122568 0
1785393478309 1103228 980660 122568 0
1785393478342 1103228 980660 122568 0
1785393478375 1103228 980660 122568 0
1785393478408 1103228 980660 122568 0
1785393478441 1103228 980660 122568 0
1785393478474 1103228 980660 122568 0
1785393478506 1121384 998820 122564 0
1785393478539 1112444 989876 122568 0
1785393478573 1112444 989876 122568 0
1785393478606 1112444 989876 122568 0
1785393478637 1112444 989876 122568 0
1785393478669 1112444 989876 122568 0
1785393478702 1112444 989876 122568 0
1785393478735 1112444 989876 122568 0
1785393478768 1146752 1024188 122564 0
1785393478800 1201556 1079172 122384 0
1785393478833 1267468 1144900 122568 0
1785393478981 1609484 1486916 122568 0
1785393479123 1627916 1505348 122568 0
1785393479260 1778892 1656324 122568 0
1785393479393 1975500 1852932 122568 0
1785393479529 1526676 1404108 122568 0
1785393479562 1526676 1404108 122568 0
1785393479595 1483692 1448244 35448 0
1785393479628 1554116 1449336 104780 0
1785393479659 1542808 1420240 122568 0
1785393479691 1542808 1420240 122568 0
1785393479723 1542808 1420240 122568 0
1785393479756 1542808 1420240 122568 0
1785393479788 1542808 1420240 122568 0
1785393479821 1560664 1438096 122568 0
1785393479854 1652824 1530256 122568 0
1785393479886 1747032 1624464 122568 0
1785393479920 1841240 1718672 122568 0
1785393479952 1933400 1810832 122568 0
1785393479986 1966168 1843600 122568 0
1785393480073 1961516 1846776 114740 0
1785393480106 2014620 1899828 114792 0
1785393480242 1027632 903424 124208 0
1785393480276 1127984 1003776 124208 0
1785393480309 1228336 1104128 124208 0
1785393480342 1326640 1202432 124208 0
1785393480375 1426992 1302784 124208 0
1785393480409 1441328 1317120 124208 0
1785393480442 1441328 1317120 124208 0
1785393480475 1015364 892212 123152 0
1785393480508 1104960 980752 124208 0
1785393480541 316584 194252 122332 0
1785393480568 1133592 1011388 122204 0
1785393480602 1208144 1094336 113808 0
1785393480635 1273372 1152404 120968 0
1785393480669 1323828 1207448 116380 0
1785393480702 1326820 1210404 116416 0
1785393480739 1336596 1212388 124208 0
1785393480775 1510824 1386392 124432 0
1785393480811 1510824 1386392 124432 0
1785393480845 1510824 1386392 124432 0
1785393480878 1510824 1386392 124432 0
1785393480911 1510824 1386392 124432 0
1785393480945 1510824 1386392 124432 0
1785393480978 1510824 1386392 124432 0
1785393481011 1510824 1386392 124432 0
1785393481047 1510824 1386392 124432 0
1785393481081 1510824 1386392 124432 0
1785393481114 1509852 1386320 123532 0
1785393481148 1524960 1400528 124432 0
1785393481182 1541344 1416912 124432 0
1785393481216 1555680 1431248 124432 0
1785393481251 1572064 1447632 124432 0
1785393481285 1586400 1461968 124432 0
1785393481319 1602784 1478352 124432 0
1785393481354 1619168 1494736 124432 0
1785393481388 1633504 1509072 124432 0
1785393481422 1649888 1525456 124432 0
1785393481457 1666272 1541840 124432 0
1785393481491 1680456 1556028 124428 0
1785393481529 1423856 1299400 124456 0
1785393481566 1423860 1299404 124456 0
1785393481603 1423860 1299404 124456 0
1785393481639 1423872 1299416 124456 0
1785393481674 1423872 1299416 124456 0
1785393481709 1423872 1299416 124456 0
1785393481744 1423872 1299416 124456 0
1785393481780 1423872 1299416 124456 0
1785393481815 1423876 1299420 124456 0
1785393481851 1423876 1299420 124456 0
1785393481886 1423884 1299428 124456 0
1785393481921 1423884 1299428 124456 0
1785393481956 1423888 1299432 124456 0
1785393481991 1423888 1299432 124456 0
1785393482026 1423888 1299432 124456 0
1785393482062 1423892 1299436 124456 0
1785393482097 1423896 1299440 124456 0
1785393482133 1423900 1299444 124456 0
1785393482169 1423900 1299444 124456 0
1785393482204 1423904 1299448 124456 0
1785393482239 1423904 1299448 124456 0
1785393482274 1423904 1299448 124456 0
1785393482309 1423908 1299452 124456 0
1785393482344 1423912 1299456 124456 0
1785393482379 1423920 1299464 124456 0
1785393482414 1423920 1299464 124456 0
1785393482450 1442356 1317900 124456 0
1785393482485 1442356 1317900 124456 0
1785393482521 1442204 1317752 124452 0
1785393482555 1460796 1336340 124456 0
1785393482591 1460804 1336348 124456 0
1785393482626 1460812 1336356 124456 0
1785393482662 1460812 1336356 124456 0
1785393482697 1460812 1336356 124456 0
1785393482732 1460812 1336356 124456 0
1785393482768 1460812 1336356 124456 0
1785393482802 1479252 1354796 124456 0
1785393482838 1479256 1354800 124456 0
1785393482873 1479264 1354808 124456 0
1785393482908 1479264 1354808 124456 0
1785393482944 1479264 1354808 124456 0
1785393482981 1479264 1354808 124456 0
1785393483016 1489520 1365064 124456 0
1785393483052 1497704 1373248 124456 0
1785393483088 1497712 1373256 124456 0
1785393483123 1497712 1373256 124456 0
1785393483157 1497712 1373256 124456 0
1785393483193 1497560 1373108 124452 0
1785393483228 1516156 1391700 124456 0
1785393483263 1516156 1391700 124456 0
1785393483297 1516156 1391700 124456 0
1785393483332 1516160 1391704 124456 0
1785393483367 1516164 1391708 124456 0
1785393483402 1516168 1391712 124456 0
1785393483437 1526432 1401976 124456 0
1785393483472 1534604 1410148 124456 0
1785393483508 1536676 1412220 124456 0
1785393483542 1542876 1426208 116668 0
1785393483577 1553044 1428588 124456 0
1785393483612 1553044 1428588 124456 0
1785393483648 1553056 1428600 124456 0
1785393483683 1553056 1428600 124456 0
1785393483718 1552716 1428588 124128 0
1785393483754 1571492 1447036 124456 0
1785393483789 1571492 1447036 124456 0
1785393483824 1571496 1447040 124456 0
1785393483858 1571500 1447044 124456 0
1785393483894 1571508 1447052 124456 0
1785393483929 1570412 1447024 123388 0
1785393483964 1587748 1463296 124452 0
1785393483998 1589944 1465488 124456 0
1785393484034 1598144 1473688 124456 0
1785393484069 1608384 1483928 124456 0
1785393484104 1608388 1483932 124456 0
1785393484139 1608392 1483936 124456 0
1785393484175 1608392 1483936 124456 0
1785393484211 1608392 1483936 124456 0
1785393484246 1626832 1502376 124456 0
1785393484282 1626832 1502376 124456 0
1785393484317 1626832 1502376 124456 0
1785393484352 1626836 1502380 124456 0
1785393484388 1626844 1502388 124456 0
1785393484423 1626844 1502388 124456 0
1785393484459 1626844 1502388 124456 0
1785393484494 1645284 1520828 124456 0
1785393484531 1645284 1520828 124456 0
1785393484566 1663728 1539272 124456 0
1785393484602 1617792 1493332 124460 0
1785393484638 1617792 1493332 124460 0
1785393484672 1617792 1493332 124460 0
1785393484706 1443812 1319352 124460 0
1785393484741 1443812 1319352 124460 0
1785393484775 1443820 1319360 124460 0
1785393484810 1406948 1282488 124460 0
1785393484845 1388512 1264052 124460 0
1785393484879 1317908 1195856 122052 0
1785393484913 1333060 1208604 124456 0
1785393484946 1296340 1171880 124460 0
1785393484979 1259476 1135016 124460 0
1785393485013 1240888 1116432 124456 0
1785393485048 962472 838012 124460 0
1785393485079 324708 208136 116572 0
1785393485108 409596 285136 124460 0
1785393485136 495612 371152 124460 0
1785393485165 511924 387464 124460 0
1785393485194 596960 472500 124460 0
1785393485224 642328 519636 122692 0
1785393485254 690996 574360 116636 0
1785393485285 742352 625824 116528 0
1785393485315 800320 679540 120780 0
1785393485347 848392 724064 124328 0
1785393485379 682136 569468 112668 0
1785393485411 964544 841928 122616 0
1785393485443 571256 446796 124460 0
1785393485472 1050044 925588 124456 0
1785393485504 592588 468128 124460 0
1785393485533 635204 510744 124460 0
1785393485562 1307304 1182316 124988 0
1785393485598 1321640 1196652 124988 0
1785393485631 1335976 1210988 124988 0
1785393485662 1350312 1225324 124988 0
1785393485693 1431932 1315212 116720 0
1785393485730 1515216 1389408 125808 0
1785393485766 1529552 1403744 125808 0
1785393485801 1540284 1414476 125808 0
1785393485836 1556668 1430860 125808 0
1785393485870 1571004 1445196 125808 0
1785393485905 1587388 1461580 125808 0
1785393485940 1601724 1475916 125808 0
1785393485975 1618108 1492300 125808 0
1785393486009 1632444 1506636 125808 0
1785393486043 1646780 1520972 125808 0
1785393486077 1663164 1537356 125808 0
1785393486112 1677500 1551692 125808 0
1785393486147 1693884 1568076 125808 0
1785393486181 1704664 1578524 126140 0
1785393486216 1704664 1578524 126140 0
1785393486249 1704760 1578620 126140 0
1785393486281 1704760 1578620 126140 0
1785393486314 1704856 1578716 126140 0
1785393486347 1704856 1578716 126140 0
1785393486380 1704952 1578812 126140 0
1785393486413 1705048 1578908 126140 0
1785393486446 1705048 1578908 126140 0
1785393486478 1705144 1579004 126140 0
1785393486511 1705144 1579004 126140 0
1785393486544 1705240 1579100 126140 0
1785393486576 1705240 1579100 126140 0
1785393486608 1705332 1579192 126140 0
1785393486641 1705332 1579192 126140 0
1785393486673 1716928 1590788 126140 0
1785393486705 1731264 1605124 126140 0
1785393486738 1745600 1619460 126140 0
1785393486770 1759936 1633796 126140 0
1785393486802 1738308 1612112 126196 0
1785393486835 1754692 1628496 126196 0
1785393486868 1769028 1642832 126196 0
1785393486900 1783364 1657168 126196 0
1785393486932 1797700 1671504 126196 0
1785393486964 1812036 1685840 126196 0
1785393486997 1826372 1700176 126196 0
1785393487029 1840708 1714512 126196 0
1785393487061 1857092 1730896 126196 0
1785393487093 1871428 1745232 126196 0
1785393487125 1885764 1759568 126196 0
1785393487157 1900100 1773904 126196 0
1785393487190 1914536 1788340 126196 0
1785393487222 1928872 1802676 126196 0
1785393487255 1943208 1817012 126196 0
1785393487287 1957544 1831348 126196 0
1785393487319 1973928 1847732 126196 0
1785393487351 1988264 1862068 126196 0
1785393487384 2002600 1876404 126196 0
1785393487417 2016936 1890740 126196 0
1785393487532 2039464 1913268 126196 0
1785393487651 2061992 1935796 126196 0
1785393487789 998916 872720 126196 0
1785393487822 1942880 1816684 126196 0
1785393487858 1942880 1816684 126196 0
1785393487894 1942880 1816684 126196 0
1785393487928 1942880 1816684 126196 0
1785393487963 1942880 1816684 126196 0
1785393487998 1942880 1816684 126196 0
1785393488029 1942880 1816684 126196 0
1785393488061 1942880 1816684 126196 0
1785393488093 1942880 1816684 126196 0
1785393488124 1942880 1816684 126196 0
1785393488156 1942880 1816684 126196 0
1785393488189 1942880 1816684 126196 0
1785393488222 1942880 1816684 126196 0
1785393488254 1942880 1816684 126196 0
1785393488286 1942880 1816684 126196 0
1785393488319 1942880 1816684 126196 0
1785393488352 1942880 1816684 126196 0
1785393488384 1942880 1816684 126196 0
1785393488418 1942880 1816684 126196 0
1785393488451 1942880 1816684 126196 0
1785393488483 1942880 1816684 126196 0
1785393488515 1942880 1816684 126196 0
1785393488547 1942880 1816684 126196 0
1785393488579 1942880 1816684 126196 0
1785393488611 1942880 1816684 126196 0
1785393488643 1942880 1816684 126196 0
1785393488676 1942880 1816684 126196 0
1785393488709 1942880 1816684 126196 0
1785393488742 1942880 1816684 126196 0
1785393488776 1942880 1816684 126196 0
1785393488808 1942880 1816684 126196 0
1785393488840 1942880 1816684 126196 0
1785393488873 1942880 1816684 126196 0
1785393488905 1942880 1816684 126196 0
1785393488937 1942880 1816684 126196 0
1785393488969 1942880 1816684 126196 0
1785393489002 1942880 1816684 126196 0
1785393489034 1942880 1816684 126196 0
1785393489067 1942880 1816684 126196 0
1785393489099 1942880 1816684 126196 0
1785393489132 1942880 1816684 126196 0
1785393489164 1942880 1816684 126196 0
1785393489196 1942880 1816684 126196 0
1785393489230 1392828 1266552 126276 0
1785393489262 1398960 1272168 126792 0
1785393489295 1399140 1272176 126964 0
1785393489328 1399152 1272188 126964 0
1785393489360 1409160 1282196 126964 0
1785393489392 1416724 1289760 126964 0
1785393489426 1416724 1289760 126964 0
1785393489458 1416724 1289760 126964 0
1785393489490 1416724 1289760 126964 0
1785393489523 1416724 1289760 126964 0
1785393489557 1416760 1289764 126996 0
1785393489590 1416760 1289764 126996 0
1785393489623 1416760 1289764 126996 0
1785393489656 1416760 1289764 126996 0
1785393489689 1418360 1291364 126996 0
1785393489722 1439020 1311708 127312 0
1785393489756 1449440 1322068 127372 0
1785393489790 1453768 1326396 127372 0
1785393489825 1477488 1350112 127376 0
1785393489861 1477488 1350112 127376 0
1785393489896 1477488 1350112 127376 0
1785393489930 1479544 1352168 127376 0
1785393489967 1479544 1352168 127376 0
1785393490001 1479544 1352168 127376 0
1785393490036 1479544 1352168 127376 0
1785393490072 1479544 1352168 127376 0
1785393490109 1479544 1352168 127376 0
1785393490143 1479544 1352168 127376 0
1785393490178 1479544 1352168 127376 0
1785393490215 1479544 1352168 127376 0
1785393490249 1479544 1352168 127376 0
1785393490284 1479544 1352168 127376 0
1785393490320 1479544 1352168 127376 0
1785393490356 1479544 1352168 127376 0
1785393490389 1479544 1352168 127376 0
1785393490423 1480404 1353028 127376 0
1785393490461 1480404 1353028 127376 0
1785393490496 1480404 1353028 127376 0
1785393490529 1480404 1353028 127376 0
1785393490563 1480616 1353032 127584 0
1785393490598 1480616 1353032 127584 0
1785393490633 1480616 1353032 127584 0
1785393490667 1482220 1354572 127648 0
1785393490702 1489900 1362252 127648 0
1785393490737 1491436 1363788 127648 0
1785393490771 1491436 1363788 127648 0
1785393490805 1491436 1363788 127648 0
1785393490840 1491436 1363788 127648 0
1785393490874 1491436 1363788 127648 0
1785393490909 1491436 1363788 127648 0
1785393490943 1491436 1363788 127648 0
1785393490977 1491436 1363788 127648 0
1785393491010 1491436 1363788 127648 0
1785393491044 1491436 1363788 127648 0
1785393491077 1491436 1363788 127648 0
1785393491111 1491436 1363788 127648 0
1785393491146 1491436 1363788 127648 0
1785393491181 1491436 1363788 127648 0
1785393491216 1491436 1363788 127648 0
1785393491250 1491436 1363788 127648 0
1785393491285 1491436 1363788 127648 0
1785393491319 1491436 1363788 127648 0
1785393491352 1491436 1363788 127648 0
1785393491386 1491436 1363788 127648 0
1785393491419 1491436 1363788 127648 0
1785393491453 1491436 1363788 127648 0
1785393491487 1491436 1363788 127648 0
1785393491521 1491436 1363788 127648 0
1785393491554 1491436 1363788 127648 0
1785393491588 1491436 1363788 127648 0
1785393491622 1491440 1363792 127648 0
1785393491656 1491440 1363792 127648 0
1785393491689 1491440 1363792 127648 0
1785393491724 1491440 1363792 127648 0
1785393491758 1491440 1363792 127648 0
1785393491790 1491440 1363792 127648 0
1785393491824 1491440 1363792 127648 0
1785393491857 1491440 1363792 127648 0
1785393491890 1491440 1363792 127648 0
1785393491924 1491440 1363792 127648 0
1785393491957 1491440 1363792 127648 0
1785393491989 1491440 1363792 127648 0
1785393492022 1491440 1363792 127648 0
1785393492053 1491440 1363792 127648 0
1785393492085 1491440 1363792 127648 0
1785393492120 1491440 1363792 127648 0
1785393492153 1491440 1363792 127648 0
1785393492187 1491440 1363792 127648 0
1785393492218 1491440 1363792 127648 0
1785393492252 1491440 1363792 127648 0
1785393492283 1491464 1363816 127648 0
1785393492317 1491464 1363816 127648 0
1785393492351 1491464 1363816 127648 0
1785393492385 1491464 1363816 127648 0
1785393492420 1491464 1363816 127648 0
1785393492453 1491464 1363816 127648 0
1785393492487 1491464 1363816 127648 0
1785393492526 1491464 1363816 127648 0
1785393492561 1491464 1363816 127648 0
1785393492596 1491464 1363816 127648 0
1785393492633 1491464 1363816 127648 0
1785393492668 1491464 1363816 127648 0
1785393492704 1491464 1363816 127648 0
1785393492738 1491464 1363816 127648 0
1785393492776 1491464 1363816 127648 0
1785393492812 1491464 1363816 127648 0
1785393492846 1491464 1363816 127648 0
1785393492881 1491464 1363816 127648 0
1785393492917 1491464 1363816 127648 0
1785393492951 1491464 1363816 127648 0
1785393492986 1491464 1363816 127648 0
1785393493023 1491464 1363816 127648 0
1785393493058 1491464 1363816 127648 0
1785393493091 1491464 1363816 127648 0
1785393493126 1491464 1363816 127648 0
1785393493162 1491464 1363816 127648 0
1785393493197 1491464 1363816 127648 0
1785393493232 1491464 1363816 127648 0
1785393493268 1491464 1363816 127648 0
1785393493303 1493512 1365864 127648 0
1785393493339 1493512 1365864 127648 0
1785393493373 1493512 1365864 127648 0
1785393493407 1493512 1365864 127648 0
1785393493444 1493512 1365864 127648 0
1785393493477 1493512 1365864 127648 0
1785393493511 1493512 1365864 127648 0
1785393493545 1493512 1365864 127648 0
1785393493583 1493512 1365864 127648 0
1785393493618 1493512 1365864 127648 0
1785393493654 1493512 1365864 127648 0
1785393493692 1493512 1365864 127648 0
1785393493727 1493512 1365864 127648 0
1785393493763 1493512 1365864 127648 0
1785393493798 1493512 1365864 127648 0
1785393493834 1493512 1365864 127648 0
1785393493870 1493512 1365864 127648 0
1785393493904 1493512 1365864 127648 0
1785393493943 1493512 1365864 127648 0
1785393493979 1493512 1365864 127648 0
1785393494013 1493512 1365864 127648 0
1785393494047 1493512 1365864 127648 0
1785393494083 1493752 1365864 127888 0
1785393494120 1493856 1365864 127992 0
1785393494155 1493856 1365864 127992 0
1785393494188 1493856 1365864 127992 0
1785393494221 1493856 1365864 127992 0
1785393494257 1493856 1365864 127992 0
1785393494289 1493856 1365864 127992 0
1785393494320 1494240 1366248 127992 0
1785393494361 1494368 1366248 128120 0
1785393494399 1494368 1366248 128120 0
1785393494434 1494368 1366248 128120 0
1785393494470 1494368 1366248 128120 0
1785393494502 1494368 1366248 128120 0
1785393494535 1494368 1366248 128120 0
1785393494567 1494368 1366248 128120 0
1785393494599 1494368 1366248 128120 0
1785393494632 1494368 1366248 128120 0
1785393494665 1494368 1366248 128120 0
1785393494698 1494368 1366248 128120 0
1785393494730 1494368 1366248 128120 0
1785393494763 1494368 1366248 128120 0
1785393494796 1494368 1366248 128120 0
1785393494829 1494368 1366248 128120 0
1785393494862 1494368 1366248 128120 0
1785393494896 1494368 1366248 128120 0
1785393494929 1494368 1366248 128120 0
1785393494962 1494368 1366248 128120 0
1785393494996 1494368 1366248 128120 0
1785393495029 1494368 1366248 128120 0
1785393495062 1494368 1366248 128120 0
1785393495095 1494368 1366248 128120 0
1785393495128 1494368 1366248 128120 0
1785393495161 1494368 1366248 128120 0
1785393495195 1494368 1366248 128120 0
1785393495228 1494368 1366248 128120 0
1785393495262 1494368 1366248 128120 0
1785393495296 1494368 1366248 128120 0
1785393495331 1494368 1366248 128120 0
1785393495367 1494368 1366248 128120 0
1785393495402 1494368 1366248 128120 0
1785393495436 1494368 1366248 128120 0
1785393495474 1494368 1366248 128120 0
1785393495508 1494368 1366248 128120 0
1785393495541 1494368 1366248 128120 0
1785393495575 1494368 1366248 128120 0
1785393495611 1494368 1366248 128120 0
1785393495647 1494368 1366248 128120 0
1785393495681 1494368 1366248 128120 0
1785393495717 1494368 1366248 128120 0
1785393495753 1494368 1366248 128120 0
1785393495788 1494368 1366248 128120 0
1785393495823 1494368 1366248 128120 0
1785393495862 1494368 1366248 128120 0
1785393495897 1494368 1366248 128120 0
1785393495930 1494368 1366248 128120 0
1785393495966 1494368 1366248 128120 0
1785393496002 1494368 1366248 128120 0
1785393496035 1494368 1366248 128120 0
1785393496070 1494368 1366248 128120 0
1785393496105 1494368 1366248 128120 0
1785393496140 1494368 1366248 128120 0
1785393496175 1494368 1366248 128120 0
1785393496209 1494368 1366248 128120 0
1785393496244 1494368 1366248 128120 0
1785393496279 1494368 1366248 128120 0
1785393496313 1494368 1366248 128120 0
1785393496347 1494368 1366248 128120 0
1785393496381 1494368 1366248 128120 0
1785393496415 1494368 1366248 128120 0
1785393496449 1494368 1366248 128120 0
1785393496483 1494368 1366248 128120 0
1785393496517 1494368 1366248 128120 0
1785393496551 1494368 1366248 128120 0
1785393496586 1494368 1366248 128120 0
1785393496621 1494368 1366248 128120 0
1785393496655 1494368 1366248 128120 0
1785393496690 1494368 1366248 128120 0
1785393496725 1494368 1366248 128120 0
1785393496760 1494368 1366248 128120 0
1785393496794 1494368 1366248 128120 0
1785393496828 1494368 1366248 128120 0
1785393496863 1494368 1366248 128120 0
1785393496898 1494368 1366248 128120 0
1785393496932 1494368 1366248 128120 0
1785393496966 1494368 1366248 128120 0
1785393497000 1494368 1366248 128120 0
1785393497034 1494368 1366248 128120 0
1785393497069 1494368 1366248 128120 0
1785393497104 1494368 1366248 128120 0
1785393497138 1494368 1366248 128120 0
1785393497173 1494368 1366248 128120 0
1785393497207 1494368 1366248 128120 0
1785393497241 1494368 1366248 128120 0
1785393497275 1494368 1366248 128120 0
1785393497309 1494368 1366248 128120 0
1785393497342 1494368 1366248 128120 0
1785393497377 1494368 1366248 128120 0
1785393497411 1494368 1366248 128120 0
1785393497444 1494368 1366248 128120 0
1785393497478 1494368 1366248 128120 0
1785393497511 1494368 1366248 128120 0
1785393497544 1494368 1366248 128120 0
1785393497577 1494368 1366248 128120 0
1785393497609 1494368 1366248 128120 0
1785393497642 1494368 1366248 128120 0
1785393497677 1494368 1366248 128120 0
1785393497709 1494368 1366248 128120 0
1785393497741 1494368 1366248 128120 0
1785393497774 1494368 1366248 128120 0
1785393497805 1494368 1366248 128120 0
1785393497838 1494368 1366248 128120 0
1785393497873 1494368 1366248 128120 0
1785393497908 1494368 1366248 128120 0
1785393497943 1494368 1366248 128120 0
1785393497979 1494368 1366248 128120 0
1785393498013 1494368 1366248 128120 0
1785393498051 1494368 1366248 128120 0
1785393498085 1494368 1366248 128120 0
1785393498118 1494368 1366248 128120 0
1785393498153 1494368 1366248 128120 0
1785393498189 1494368 1366248 128120 0
1785393498225 1494368 1366248 128120 0
1785393498260 1494368 1366248 128120 0
1785393498299 1494368 1366248 128120 0
1785393498335 1494368 1366248 128120 0
1785393498369 1494368 1366248 128120 0
1785393498405 1494368 1366248 128120 0
1785393498440 1494368 1366248 128120 0
1785393498475 1494368 1366248 128120 0
1785393498509 1494368 1366248 128120 0
1785393498547 1494368 1366248 128120 0
1785393498582 1494368 1366248 128120 0
1785393498615 1494368 1366248 128120 0
1785393498649 1494368 1366248 128120 0
1785393498685 1494368 1366248 128120 0
1785393498720 1494368 1366248 128120 0
1785393498754 1494368 1366248 128120 0
1785393498790 1494368 1366248 128120 0
1785393498825 1494368 1366248 128120 0
1785393498861 1494368 1366248 128120 0
1785393498896 1494368 1366248 128120 0
1785393498929 1494368 1366248 128120 0
1785393498963 1494368 1366248 128120 0
1785393498999 1494368 1366248 128120 0
1785393499033 1494368 1366248 128120 0
1785393499067 1494368 1366248 128120 0
1785393499101 1494368 1366248 128120 0
1785393499137 1494368 1366248 128120 0
1785393499172 1494368 1366248 128120 0
1785393499207 1494368 1366248 128120 0
1785393499246 1494368 1366248 128120 0
1785393499281 1494368 1366248 128120 0
1785393499315 1494368 1366248 128120 0
1785393499350 1494368 1366248 128120 0
1785393499386 1494368 1366248 128120 0
1785393499420 1494368 1366248 128120 0
1785393499453 1494368 1366248 128120 0
1785393499491 1494368 1366248 128120 0
1785393499526 1494368 1366248 128120 0
1785393499559 1494368 1366248 128120 0
1785393499595 1494368 1366248 128120 0
1785393499631 1494368 1366248 128120 0
1785393499668 1494368 1366248 128120 0
1785393499703 1494368 1366248 128120 0
1785393499735 1494368 1366248 128120 0
1785393499767 1494368 1366248 128120 0
1785393499802 1494368 1366248 128120 0
1785393499834 1494368 1366248 128120 0
1785393499867 1494368 1366248 128120 0
1785393499907 1494368 1366248 128120 0
1785393499943 1494368 1366248 128120 0
1785393499977 1494368 1366248 128120 0
1785393500013 1494368 1366248 128120 0
1785393500045 1494368 1366248 128120 0
1785393500076 1494368 1366248 128120 0
1785393500109 1494368 1366248 128120 0
1785393500141 1494368 1366248 128120 0
1785393500174 1494368 1366248 128120 0
1785393500211 1494368 1366248 128120 0
1785393500245 1494368 1366248 128120 0
1785393500281 1494368 1366248 128120 0
1785393500314 1494368 1366248 128120 0
1785393500349 1494368 1366248 128120 0
1785393500382 1494368 1366248 128120 0
1785393500416 1494368 1366248 128120 0
1785393500449 1494368 1366248 128120 0
1785393500483 1494368 1366248 128120 0
1785393500515 1494368 1366248 128120 0
1785393500550 1494368 1366248 128120 0
1785393500583 1494368 1366248 128120 0
1785393500615 1494368 1366248 128120 0
1785393500649 1494368 1366248 128120 0
1785393500683 1494368 1366248 128120 0
1785393500717 1494368 1366248 128120 0
1785393500750 1494368 1366248 128120 0
1785393500784 1494368 1366248 128120 0
1785393500817 1494368 1366248 128120 0
1785393500850 1494368 1366248 128120 0
1785393500884 1494368 1366248 128120 0
1785393500918 1494368 1366248 128120 0
1785393500954 1494368 1366248 128120 0
1785393500989 1494368 1366248 128120 0
1785393501024 1494368 1366248 128120 0
1785393501062 1494368 1366248 128120 0
1785393501097 1494368 1366248 128120 0
1785393501132 1494368 1366248 128120 0
1785393501167 1494368 1366248 128120 0
1785393501203 1494368 1366248 128120 0
1785393501237 1494368 1366248 128120 0
1785393501272 1494368 1366248 128120 0
1785393501309 1494368 1366248 128120 0
1785393501344 1494368 1366248 128120 0
1785393501379 1494368 1366248 128120 0
1785393501414 1494368 1366248 128120 0
1785393501449 1494368 1366248 128120 0
1785393501485 1494368 1366248 128120 0
1785393501519 1494368 1366248 128120 0
1785393501556 1494368 1366248 128120 0
1785393501591 1494368 1366248 128120 0
1785393501625 1494368 1366248 128120 0
1785393501661 1494368 1366248 128120 0
1785393501697 1494368 1366248 128120 0
1785393501733 1494368 1366248 128120 0
1785393501768 1494368 1366248 128120 0
1785393501804 1494368 1366248 128120 0
1785393501838 1494368 1366248 128120 0
1785393501873 1494368 1366248 128120 0
1785393501908 1494368 1366248 128120 0
1785393501943 1494368 1366248 128120 0
1785393501978 1494368 1366248 128120 0
1785393502013 1494372 1366252 128120 0
1785393502048 1494372 1366252 128120 0
1785393502083 1494372 1366252 128120 0
1785393502117 1494372 1366252 128120 0
1785393502152 1494372 1366252 128120 0
1785393502187 1494372 1366252 128120 0
1785393502222 1494372 1366252 128120 0
1785393502257 1494372 1366252 128120 0
1785393502291 1494372 1366252 128120 0
1785393502326 1494372 1366252 128120 0
1785393502361 1494372 1366252 128120 0
1785393502396 1494372 1366252 128120 0
1785393502430 1494372 1366252 128120 0
1785393502465 1494372 1366252 128120 0
1785393502499 1494372 1366252 128120 0
1785393502533 1494372 1366252 128120 0
1785393502567 1494372 1366252 128120 0
1785393502601 1494372 1366252 128120 0
1785393502636 1494372 1366252 128120 0
1785393502670 1494372 1366252 128120 0
1785393502704 1494372 1366252 128120 0
1785393502739 1494372 1366252 128120 0
1785393502773 1494372 1366252 128120 0
1785393502808 1494372 1366252 128120 0
1785393502842 1494372 1366252 128120 0
1785393502876 1494372 1366252 128120 0
1785393502910 1494372 1366252 128120 0
1785393502943 1494372 1366252 128120 0
1785393502976 1494372 1366252 128120 0
1785393503010 1494372 1366252 128120 0
1785393503042 1494372 1366252 128120 0
1785393503074 1494372 1366252 128120 0
1785393503107 1494372 1366252 128120 0
1785393503140 1494372 1366252 128120 0
1785393503172 1494372 1366252 128120 0
1785393503209 1494372 1366252 128120 0
1785393503242 1494372 1366252 128120 0
1785393503277 1494372 1366252 128120 0
1785393503309 1494372 1366252 128120 0
1785393503341 1494372 1366252 128120 0
1785393503373 1494372 1366252 128120 0
1785393503405 1494372 1366252 128120 0
1785393503439 1494372 1366252 128120 0
1785393503474 1494372 1366252 128120 0
1785393503512 1494372 1366252 128120 0
1785393503547 1494372 1366252 128120 0
1785393503580 1494372 1366252 128120 0
1785393503615 1494372 1366252 128120 0
1785393503650 1494372 1366252 128120 0
1785393503683 1494372 1366252 128120 0
1785393503716 1494372 1366252 128120 0
1785393503753 1494372 1366252 128120 0
1785393503787 1494372 1366252 128120 0
1785393503822 1494372 1366252 128120 0
1785393503859 1494372 1366252 128120 0
1785393503894 1494372 1366252 128120 0
1785393503929 1494372 1366252 128120 0
1785393503963 1494372 1366252 128120 0
1785393504001 1494372 1366252 128120 0
1785393504035 1494372 1366252 128120 0
1785393504069 1494372 1366252 128120 0
1785393504104 1494372 1366252 128120 0
1785393504141 1494372 1366252 128120 0
1785393504175 1494372 1366252 128120 0
1785393504210 1494372 1366252 128120 0
1785393504247 1494372 1366252 128120 0
1785393504282 1494372 1366252 128120 0
1785393504317 1494372 1366252 128120 0
1785393504352 1494372 1366252 128120 0
1785393504387 1494372 1366252 128120 0
1785393504421 1494372 1366252 128120 0
1785393504456 1494372 1366252 128120 0
1785393504490 1494372 1366252 128120 0
1785393504523 1494372 1366252 128120 0
1785393504561 1494372 1366252 128120 0
1785393504595 1494372 1366252 128120 0
1785393504629 1494372 1366252 128120 0
1785393504663 1494372 1366252 128120 0
1785393504698 1494372 1366252 128120 0
1785393504733 1494372 1366252 128120 0
1785393504766 1494372 1366252 128120 0
1785393504804 1494372 1366252 128120 0
1785393504840 1494372 1366252 128120 0
1785393504874 1494372 1366252 128120 0
1785393504907 1494372 1366252 128120 0
1785393504944 1494372 1366252 128120 0
1785393504978 1494372 1366252 128120 0
1785393505012 1494372 1366252 128120 0
1785393505047 1494372 1366252 128120 0
1785393505083 1494372 1366252 128120 0
1785393505118 1494372 1366252 128120 0
1785393505153 1494372 1366252 128120 0
1785393505190 1494372 1366252 128120 0
1785393505226 1494372 1366252 128120 0
1785393505262 1494372 1366252 128120 0
1785393505296 1494372 1366252 128120 0
1785393505330 1494372 1366252 128120 0
1785393505365 1494372 1366252 128120 0
1785393505398 1494372 1366252 128120 0
1785393505432 1494372 1366252 128120 0
1785393505467 1494372 1366252 128120 0
1785393505506 1494372 1366252 128120 0
1785393505540 1494372 1366252 128120 0
1785393505575 1494372 1366252 128120 0
1785393505610 1494372 1366252 128120 0
1785393505644 1494372 1366252 128120 0
1785393505676 1494372 1366252 128120 0
1785393505711 1494372 1366252 128120 0
1785393505744 1494372 1366252 128120 0
1785393505779 1494372 1366252 128120 0
1785393505813 1494372 1366252 128120 0
1785393505847 1494372 1366252 128120 0
1785393505880 1494372 1366252 128120 0
1785393505913 1494372 1366252 128120 0
1785393505946 1494372 1366252 128120 0
1785393505978 1494372 1366252 128120 0
1785393506012 1494372 1366252 128120 0
1785393506045 1494372 1366252 128120 0
1785393506078 1494372 1366252 128120 0
1785393506111 1494372 1366252 128120 0
1785393506145 1494372 1366252 128120 0
1785393506177 1494372 1366252 128120 0
1785393506210 1494372 1366252 128120 0
1785393506243 1494372 1366252 128120 0
1785393506276 1494372 1366252 128120 0
1785393506309 1494372 1366252 128120 0
1785393506343 1494372 1366252 128120 0
1785393506378 1494372 1366252 128120 0
1785393506411 1494372 1366252 128120 0
1785393506446 1494372 1366252 128120 0
1785393506480 1494372 1366252 128120 0
1785393506517 1494372 1366252 128120 0
1785393506552 1494372 1366252 128120 0
1785393506585 1494372 1366252 128120 0
1785393506619 1494372 1366252 128120 0
1785393506655 1494372 1366252 128120 0
1785393506691 1494372 1366252 128120 0
1785393506725 1494372 1366252 128120 0
1785393506762 1494372 1366252 128120 0
1785393506797 1494372 1366252 128120 0
1785393506830 1494372 1366252 128120 0
1785393506864 1494372 1366252 128120 0
1785393506900 1494372 1366252 128120 0
1785393506933 1494372 1366252 128120 0
1785393506967 1494372 1366252 128120 0
1785393507005 1494372 1366252 128120 0
1785393507040 1494372 1366252 128120 0
1785393507073 1494372 1366252 128120 0
1785393507109 1494372 1366252 128120 0
1785393507143 1494372 1366252 128120 0
1785393507177 1494372 1366252 128120 0
1785393507209 1494372 1366252 128120 0
1785393507245 1494372 1366252 128120 0
1785393507281 1494372 1366252 128120 0
1785393507317 1494372 1366252 128120 0
1785393507352 1494372 1366252 128120 0
1785393507388 1494372 1366252 128120 0
1785393507423 1494372 1366252 128120 0
1785393507459 1494372 1366252 128120 0
1785393507494 1494372 1366252 128120 0
1785393507529 1494372 1366252 128120 0
1785393507564 1494372 1366252 128120 0
1785393507599 1494372 1366252 128120 0
1785393507635 1494372 1366252 128120 0
1785393507670 1494372 1366252 128120 0
1785393507705 1494372 1366252 128120 0
1785393507740 1494372 1366252 128120 0
1785393507775 1494372 1366252 128120 0
1785393507810 1494372 1366252 128120 0
1785393507846 1494372 1366252 128120 0
1785393507881 1494372 1366252 128120 0
1785393507916 1494372 1366252 128120 0
1785393507951 1494372 1366252 128120 0
1785393507986 1494372 1366252 128120 0
1785393508021 1494372 1366252 128120 0
1785393508057 1494372 1366252 128120 0
1785393508092 1494372 1366252 128120 0
1785393508127 1494372 1366252 128120 0
1785393508162 1494372 1366252 128120 0
1785393508197 1494372 1366252 128120 0
1785393508232 1494372 1366252 128120 0
1785393508267 1494372 1366252 128120 0
1785393508302 1494372 1366252 128120 0
1785393508338 1494372 1366252 128120 0
1785393508373 1494372 1366252 128120 0
1785393508408 1494372 1366252 128120 0
1785393508443 1494372 1366252 128120 0
1785393508479 1494372 1366252 128120 0
1785393508514 1494372 1366252 128120 0
1785393508549 1494372 1366252 128120 0
1785393508585 1494372 1366252 128120 0
1785393508621 1494372 1366252 128120 0
1785393508656 1494372 1366252 128120 0
1785393508691 1494372 1366252 128120 0
1785393508724 1494372 1366252 128120 0
1785393508759 1494372 1366252 128120 0
1785393508794 1494372 1366252 128120 0
1785393508828 1494372 1366252 128120 0
1785393508861 1494372 1366252 128120 0
1785393508896 1494372 1366252 128120 0
1785393508931 1494372 1366252 128120 0
1785393508967 1494372 1366252 128120 0
1785393509002 1494372 1366252 128120 0
1785393509037 1494372 1366252 128120 0
1785393509072 1494372 1366252 128120 0
1785393509108 1494372 1366252 128120 0
1785393509143 1494372 1366252 128120 0
1785393509179 1494372 1366252 128120 0
1785393509215 1494372 1366252 128120 0
1785393509250 1494372 1366252 128120 0
1785393509284 1494372 1366252 128120 0
1785393509322 1494372 1366252 128120 0
1785393509357 1494372 1366252 128120 0
1785393509390 1494372 1366252 128120 0
1785393509426 1494372 1366252 128120 0
1785393509460 1494372 1366252 128120 0
1785393509494 1494372 1366252 128120 0
1785393509529 1494372 1366252 128120 0
1785393509566 1494372 1366252 128120 0
1785393509602 1494372 1366252 128120 0
1785393509637 1494372 1366252 128120 0
1785393509672 1494372 1366252 128120 0
1785393509710 1494372 1366252 128120 0
1785393509745 1494372 1366252 128120 0
1785393509779 1494372 1366252 128120 0
1785393509817 1494372 1366252 128120 0
1785393509853 1494372 1366252 128120 0
1785393509889 1494372 1366252 128120 0
1785393509924 1494372 1366252 128120 0
1785393509961 1494372 1366252 128120 0
1785393509997 1494372 1366252 128120 0
1785393510032 1494372 1366252 128120 0
1785393510067 1494372 1366252 128120 0
1785393510102 1494372 1366252 128120 0
1785393510138 1494372 1366252 128120 0
1785393510174 1494372 1366252 128120 0
1785393510208 1494372 1366252 128120 0
1785393510243 1494372 1366252 128120 0
1785393510281 1494372 1366252 128120 0
1785393510316 1494372 1366252 128120 0
1785393510350 1494372 1366252 128120 0
1785393510384 1494372 1366252 128120 0
1785393510422 1494372 1366252 128120 0
1785393510456 1494372 1366252 128120 0
1785393510490 1494372 1366252 128120 0
1785393510525 1494372 1366252 128120 0
1785393510559 1494372 1366252 128120 0
1785393510594 1494372 1366252 128120 0
1785393510630 1494372 1366252 128120 0
1785393510668 1494372 1366252 128120 0
1785393510704 1494372 1366252 128120 0
1785393510740 1494372 1366252 128120 0
1785393510775 1494372 1366252 128120 0
1785393510811 1494372 1366252 128120 0
1785393510845 1494372 1366252 128120 0
1785393510879 1494372 1366252 128120 0
1785393510916 1494372 1366252 128120 0
1785393510951 1494372 1366252 128120 0
1785393510988 1494372 1366252 128120 0
1785393511022 1494372 1366252 128120 0
1785393511057 1494372 1366252 128120 0
1785393511091 1494372 1366252 128120 0
1785393511124 1494372 1366252 128120 0
1785393511157 1494372 1366252 128120 0
1785393511191 1494372 1366252 128120 0
1785393511231 1494372 1366252 128120 0
1785393511267 1494372 1366252 128120 0
1785393511302 1494372 1366252 128120 0
1785393511336 1494372 1366252 128120 0
1785393511370 1494372 1366252 128120 0
1785393511405 1494372 1366252 128120 0
1785393511440 1494372 1366252 128120 0
1785393511471 1494372 1366252 128120 0
1785393511508 1494372 1366252 128120 0
1785393511543 1494372 1366252 128120 0
1785393511579 1494372 1366252 128120 0
1785393511615 1494372 1366252 128120 0
1785393511651 1494372 1366252 128120 0
1785393511687 1494372 1366252 128120 0
1785393511723 1494372 1366252 128120 0
1785393511758 1494372 1366252 128120 0
1785393511794 1494372 1366252 128120 0
1785393511828 1494372 1366252 128120 0
1785393511865 1494372 1366252 128120 0
1785393511901 1494372 1366252 128120 0
1785393511936 1494372 1366252 128120 0
1785393511972 1494372 1366252 128120 0
1785393512008 1494372 1366252 128120 0
1785393512043 1494372 1366252 128120 0
1785393512079 1494372 1366252 128120 0
1785393512115 1494372 1366252 128120 0
1785393512151 1494372 1366252 128120 0
1785393512186 1494372 1366252 128120 0
1785393512222 1494372 1366252 128120 0
1785393512258 1494372 1366252 128120 0
1785393512295 1494372 1366252 128120 0
1785393512330 1494372 1366252 128120 0
1785393512365 1494372 1366252 128120 0
1785393512404 1494372 1366252 128120 0
1785393512439 1494372 1366252 128120 0
1785393512475 1494372 1366252 128120 0
1785393512510 1494372 1366252 128120 0
1785393512546 1494372 1366252 128120 0
1785393512581 1494372 1366252 128120 0
1785393512616 1494372 1366252 128120 0
1785393512654 1494372 1366252 128120 0
1785393512690 1494372 1366252 128120 0
1785393512726 1494372 1366252 128120 0
1785393512761 1494372 1366252 128120 0
1785393512795 1494372 1366252 128120 0
1785393512830 1494372 1366252 128120 0
1785393512866 1494372 1366252 128120 0
1785393512904 1494372 1366252 128120 0
1785393512940 1494372 1366252 128120 0
1785393512974 1494372 1366252 128120 0
1785393513010 1494372 1366252 128120 0
1785393513046 1494372 1366252 128120 0
1785393513082 1494372 1366252 128120 0
1785393513117 1494372 1366252 128120 0
1785393513152 1494372 1366252 128120 0
1785393513187 1494372 1366252 128120 0
1785393513222 1494372 1366252 128120 0
1785393513258 1494372 1366252 128120 0
1785393513294 1494372 1366252 128120 0
1785393513330 1494372 1366252 128120 0
1785393513366 1494372 1366252 128120 0
1785393513402 1494372 1366252 128120 0
1785393513438 1494372 1366252 128120 0
1785393513474 1494372 1366252 128120 0
1785393513509 1494372 1366252 128120 0
1785393513545 1494372 1366252 128120 0
1785393513580 1494372 1366252 128120 0
1785393513615 1494372 1366252 128120 0
1785393513650 1494372 1366252 128120 0
1785393513686 1494372 1366252 128120 0
1785393513722 1494372 1366252 128120 0
1785393513757 1494372 1366252 128120 0
1785393513793 1494372 1366252 128120 0
1785393513829 1494372 1366252 128120 0
1785393513864 1494372 1366252 128120 0
1785393513900 1494372 1366252 128120 0
1785393513936 1494372 1366252 128120 0
1785393513971 1494372 1366252 128120 0
1785393514006 1494372 1366252 128120 0
1785393514042 1494372 1366252 128120 0
1785393514077 1494372 1366252 128120 0
1785393514112 1494372 1366252 128120 0
1785393514148 1494372 1366252 128120 0
1785393514183 1494372 1366252 128120 0
1785393514219 1494372 1366252 128120 0
1785393514254 1494372 1366252 128120 0
1785393514288 1494372 1366252 128120 0
1785393514324 1494372 1366252 128120 0
1785393514360 1494372 1366252 128120 0
1785393514395 1494372 1366252 128120 0
1785393514430 1494372 1366252 128120 0
1785393514465 1494372 1366252 128120 0
1785393514498 1494372 1366252 128120 0
1785393514530 1494372 1366252 128120 0
1785393514564 1494372 1366252 128120 0
1785393514596 1494372 1366252 128120 0
1785393514630 1494372 1366252 128120 0
1785393514663 1494372 1366252 128120 0
1785393514697 1494372 1366252 128120 0
1785393514728 1494372 1366252 128120 0
1785393514761 1494372 1366252 128120 0
1785393514793 1494372 1366252 128120 0
1785393514826 1494372 1366252 128120 0
1785393514861 1494372 1366252 128120 0
1785393514896 1494372 1366252 128120 0
1785393514932 1494372 1366252 128120 0
1785393514965 1494372 1366252 128120 0
1785393514999 1494372 1366252 128120 0
1785393515033 1494372 1366252 128120 0
1785393515068 1494372 1366252 128120 0
1785393515102 1494372 1366252 128120 0
1785393515138 1494372 1366252 128120 0
1785393515174 1494372 1366252 128120 0
1785393515209 1494372 1366252 128120 0
1785393515244 1494372 1366252 128120 0
1785393515282 1494372 1366252 128120 0
1785393515318 1494372 1366252 128120 0
1785393515352 1494372 1366252 128120 0
1785393515387 1494372 1366252 128120 0
1785393515422 1494372 1366252 128120 0
1785393515457 1494372 1366252 128120 0
1785393515491 1494372 1366252 128120 0
1785393515529 1494372 1366252 128120 0
1785393515565 1494372 1366252 128120 0
1785393515598 1494372 1366252 128120 0
1785393515633 1494372 1366252 128120 0
1785393515669 1494372 1366252 128120 0
1785393515705 1494372 1366252 128120 0
1785393515739 1494372 1366252 128120 0
1785393515775 1494372 1366252 128120 0
1785393515810 1494372 1366252 128120 0
1785393515847 1494372 1366252 128120 0
1785393515881 1494372 1366252 128120 0
1785393515915 1494372 1366252 128120 0
1785393515949 1494372 1366252 128120 0
1785393515985 1494372 1366252 128120 0
1785393516018 1494372 1366252 128120 0
1785393516053 1494372 1366252 128120 0
1785393516090 1494372 1366252 128120 0
1785393516124 1494372 1366252 128120 0
1785393516158 1494372 1366252 128120 0
1785393516194 1494372 1366252 128120 0
1785393516228 1494372 1366252 128120 0
1785393516262 1494372 1366252 128120 0
1785393516294 1494372 1366252 128120 0
1785393516331 1494372 1366252 128120 0
1785393516367 1494372 1366252 128120 0
1785393516401 1494372 1366252 128120 0
1785393516438 1494372 1366252 128120 0
1785393516473 1494372 1366252 128120 0
1785393516508 1494372 1366252 128120 0
1785393516543 1494372 1366252 128120 0
1785393516580 1494372 1366252 128120 0
1785393516618 1494372 1366252 128120 0
1785393516653 1494372 1366252 128120 0
1785393516687 1494372 1366252 128120 0
1785393516719 1494372 1366252 128120 0
1785393516754 1494372 1366252 128120 0
1785393516787 1494372 1366252 128120 0
1785393516820 1494372 1366252 128120 0
1785393516862 1494372 1366252 128120 0
1785393516898 1494372 1366252 128120 0
1785393516933 1494372 1366252 128120 0
1785393516969 1494372 1366252 128120 0
1785393517002 1494372 1366252 128120 0
1785393517035 1494372 1366252 128120 0
1785393517071 1494372 1366252 128120 0
1785393517103 1494372 1366252 128120 0
1785393517139 1494372 1366252 128120 0
1785393517173 1494372 1366252 128120 0
1785393517208 1494372 1366252 128120 0
1785393517240 1494372 1366252 128120 0
1785393517274 1494372 1366252 128120 0
1785393517305 1494372 1366252 128120 0
1785393517339 1494372 1366252 128120 0
1785393517372 1494372 1366252 128120 0
1785393517406 1494372 1366252 128120 0
1785393517439 1494372 1366252 128120 0
1785393517472 1494372 1366252 128120 0
1785393517506 1494372 1366252 128120 0
1785393517539 1494372 1366252 128120 0
1785393517572 1494372 1366252 128120 0
1785393517606 1494372 1366252 128120 0
1785393517639 1494372 1366252 128120 0
1785393517674 1494372 1366252 128120 0
1785393517708 1494372 1366252 128120 0
1785393517741 1494372 1366252 128120 0
1785393517775 1494372 1366252 128120 0
1785393517808 1494372 1366252 128120 0
1785393517844 1494372 1366252 128120 0
1785393517879 1494372 1366252 128120 0
1785393517914 1494372 1366252 128120 0
1785393517949 1494372 1366252 128120 0
1785393517984 1494372 1366252 128120 0
1785393518021 1494372 1366252 128120 0
1785393518055 1494372 1366252 128120 0
1785393518093 1494372 1366252 128120 0
1785393518129 1494372 1366252 128120 0
1785393518163 1494372 1366252 128120 0
1785393518198 1494372 1366252 128120 0
1785393518233 1494372 1366252 128120 0
1785393518268 1494372 1366252 128120 0
1785393518302 1494372 1366252 128120 0
1785393518339 1494372 1366252 128120 0
1785393518375 1494372 1366252 128120 0
1785393518409 1494372 1366252 128120 0
1785393518443 1494372 1366252 128120 0
1785393518479 1494372 1366252 128120 0
1785393518514 1494372 1366252 128120 0
1785393518549 1494372 1366252 128120 0
1785393518584 1494372 1366252 128120 0
1785393518620 1494372 1366252 128120 0
1785393518655 1494372 1366252 128120 0
1785393518689 1494372 1366252 128120 0
1785393518724 1494372 1366252 128120 0
1785393518759 1494372 1366252 128120 0
1785393518794 1494372 1366252 128120 0
1785393518828 1494372 1366252 128120 0
1785393518863 1494372 1366252 128120 0
1785393518897 1494372 1366252 128120 0
1785393518931 1494372 1366252 128120 0
1785393518965 1494372 1366252 128120 0
1785393518999 1494372 1366252 128120 0
1785393519033 1494372 1366252 128120 0
1785393519066 1494372 1366252 128120 0
1785393519101 1494372 1366252 128120 0
1785393519136 1494372 1366252 128120 0
1785393519171 1494372 1366252 128120 0
1785393519207 1494372 1366252 128120 0
1785393519241 1494372 1366252 128120 0
1785393519276 1494372 1366252 128120 0
1785393519311 1494372 1366252 128120 0
1785393519345 1494372 1366252 128120 0
1785393519379 1494372 1366252 128120 0
1785393519414 1494372 1366252 128120 0
1785393519448 1494372 1366252 128120 0
1785393519483 1494372 1366252 128120 0
1785393519517 1494372 1366252 128120 0
1785393519553 1494372 1366252 128120 0
1785393519588 1494372 1366252 128120 0
1785393519622 1494372 1366252 128120 0
1785393519657 1494372 1366252 128120 0
1785393519691 1494372 1366252 128120 0
1785393519726 1494372 1366252 128120 0
1785393519760 1494372 1366252 128120 0
1785393519794 1494372 1366252 128120 0
1785393519827 1494372 1366252 128120 0
1785393519862 1494372 1366252 128120 0
1785393519896 1494372 1366252 128120 0
1785393519929 1494372 1366252 128120 0
1785393519962 1494372 1366252 128120 0
1785393519994 1494372 1366252 128120 0
1785393520026 1494372 1366252 128120 0
1785393520060 1494372 1366252 128120 0
1785393520093 1494372 1366252 128120 0
1785393520126 1494372 1366252 128120 0
1785393520161 1494372 1366252 128120 0
1785393520194 1494372 1366252 128120 0
1785393520227 1494372 1366252 128120 0
1785393520259 1494372 1366252 128120 0
1785393520291 1494372 1366252 128120 0
1785393520323 1494372 1366252 128120 0
1785393520355 1494372 1366252 128120 0
1785393520389 1494372 1366252 128120 0
1785393520423 1494372 1366252 128120 0
1785393520461 1494372 1366252 128120 0
1785393520495 1494372 1366252 128120 0
1785393520529 1494372 1366252 128120 0
1785393520564 1494372 1366252 128120 0
1785393520599 1494372 1366252 128120 0
1785393520633 1494372 1366252 128120 0
1785393520667 1494372 1366252 128120 0
1785393520703 1494372 1366252 128120 0
1785393520740 1494372 1366252 128120 0
1785393520775 1494372 1366252 128120 0
1785393520810 1494372 1366252 128120 0
1785393520846 1494372 1366252 128120 0
1785393520882 1494372 1366252 128120 0
1785393520916 1494372 1366252 128120 0
1785393520953 1494372 1366252 128120 0
1785393520988 1494372 1366252 128120 0
1785393521022 1494372 1366252 128120 0
1785393521056 1494372 1366252 128120 0
1785393521091 1494372 1366252 128120 0
1785393521125 1494372 1366252 128120 0
1785393521160 1494372 1366252 128120 0
1785393521197 1494372 1366252 128120 0
1785393521232 1494372 1366252 128120 0
1785393521267 1494372 1366252 128120 0
1785393521302 1494372 1366252 128120 0
1785393521337 1494372 1366252 128120 0
1785393521372 1494372 1366252 128120 0
1785393521408 1494372 1366252 128120 0
1785393521442 1494372 1366252 128120 0
1785393521476 1494372 1366252 128120 0
1785393521513 1494372 1366252 128120 0
1785393521548 1494372 1366252 128120 0
1785393521582 1494372 1366252 128120 0
1785393521617 1494372 1366252 128120 0
1785393521651 1494372 1366252 128120 0
1785393521684 1494372 1366252 128120 0
1785393521718 1494372 1366252 128120 0
1785393521755 1494372 1366252 128120 0
1785393521790 1494372 1366252 128120 0
1785393521825 1494372 1366252 128120 0
1785393521861 1494372 1366252 128120 0
1785393521896 1494372 1366252 128120 0
1785393521931 1494372 1366252 128120 0
1785393521965 1494372 1366252 128120 0
1785393522002 1494372 1366252 128120 0
1785393522037 1494372 1366252 128120 0
1785393522071 1494372 1366252 128120 0
1785393522107 1494372 1366252 128120 0
1785393522143 1494372 1366252 128120 0
1785393522180 1494372 1366252 128120 0
1785393522214 1494372 1366252 128120 0
1785393522247 1494372 1366252 128120 0
1785393522283 1494372 1366252 128120 0
1785393522317 1494372 1366252 128120 0
1785393522350 1494372 1366252 128120 0
1785393522385 1494372 1366252 128120 0
1785393522425 1494372 1366252 128120 0
1785393522460 1494372 1366252 128120 0
1785393522495 1494372 1366252 128120 0
1785393522529 1494372 1366252 128120 0
1785393522562 1494372 1366252 128120 0
1785393522596 1494372 1366252 128120 0
1785393522628 1494372 1366252 128120 0
1785393522660 1494372 1366252 128120 0
1785393522694 1494372 1366252 128120 0
1785393522727 1494372 1366252 128120 0
1785393522761 1494372 1366252 128120 0
1785393522794 1494372 1366252 128120 0
1785393522829 1494372 1366252 128120 0
1785393522861 1494372 1366252 128120 0
1785393522897 1494372 1366252 128120 0
1785393522930 1494372 1366252 128120 0
1785393522963 1494372 1366252 128120 0
1785393522997 1494372 1366252 128120 0
1785393523030 1494372 1366252 128120 0
1785393523063 1494372 1366252 128120 0
1785393523096 1494372 1366252 128120 0
1785393523132 1494372 1366252 128120 0
1785393523166 1494372 1366252 128120 0
1785393523200 1494372 1366252 128120 0
1785393523234 1494372 1366252 128120 0
1785393523268 1494372 1366252 128120 0
1785393523302 1494372 1366252 128120 0
1785393523337 1494372 1366252 128120 0
1785393523372 1494372 1366252 128120 0
1785393523409 1494372 1366252 128120 0
1785393523444 1494372 1366252 128120 0
1785393523477 1494372 1366252 128120 0
1785393523512 1494372 1366252 128120 0
1785393523547 1494372 1366252 128120 0
1785393523582 1494372 1366252 128120 0
1785393523616 1494372 1366252 128120 0
1785393523653 1494372 1366252 128120 0
1785393523687 1494372 1366252 128120 0
1785393523721 1494372 1366252 128120 0
1785393523756 1494372 1366252 128120 0
1785393523792 1494372 1366252 128120 0
1785393523825 1494372 1366252 128120 0
1785393523860 1494372 1366252 128120 0
1785393523897 1494372 1366252 128120 0
1785393523932 1494372 1366252 128120 0
1785393523966 1494372 1366252 128120 0
1785393524000 1494372 1366252 128120 0
1785393524035 1494372 1366252 128120 0
1785393524069 1494372 1366252 128120 0
1785393524102 1494372 1366252 128120 0
1785393524139 1494372 1366252 128120 0
1785393524174 1494372 1366252 128120 0
1785393524210 1494372 1366252 128120 0
1785393524246 1494372 1366252 128120 0
1785393524282 1496560 1368440 128120 0
1785393524317 1496560 1368440 128120 0
1785393524352 1496560 1368440 128120 0
1785393524387 1496560 1368440 128120 0
1785393524422 1496560 1368440 128120 0
1785393524457 1496560 1368440 128120 0
1785393524492 1496560 1368440 128120 0
1785393524527 1496560 1368440 128120 0
1785393524562 1496560 1368440 128120 0
1785393524597 1496560 1368440 128120 0
1785393524632 1496560 1368440 128120 0
1785393524667 1496560 1368440 128120 0
1785393524702 1496560 1368440 128120 0
1785393524737 1496560 1368440 128120 0
1785393524772 1496560 1368440 128120 0
1785393524807 1496560 1368440 128120 0
1785393524842 1496560 1368440 128120 0
1785393524877 1496560 1368440 128120 0
1785393524912 1496560 1368440 128120 0
1785393524948 1496560 1368440 128120 0
1785393524984 1496560 1368440 128120 0
1785393525019 1496560 1368440 128120 0
1785393525055 1496560 1368440 128120 0
1785393525090 1496560 1368440 128120 0
1785393525124 1496560 1368440 128120 0
1785393525160 1496560 1368440 128120 0
1785393525195 1496560 1368440 128120 0
1785393525231 1496560 1368440 128120 0
1785393525266 1496560 1368440 128120 0
1785393525301 1496560 1368440 128120 0
1785393525336 1496560 1368440 128120 0
1785393525371 1496560 1368440 128120 0
1785393525406 1496560 1368440 128120 0
1785393525442 1496560 1368440 128120 0
1785393525477 1496560 1368440 128120 0
1785393525511 1496560 1368440 128120 0
1785393525544 1496560 1368440 128120 0
1785393525577 1496560 1368440 128120 0
1785393525610 1496560 1368440 128120 0
1785393525642 1496560 1368440 128120 0
1785393525674 1496560 1368440 128120 0
1785393525711 1496560 1368440 128120 0
1785393525744 1496560 1368440 128120 0
1785393525780 1496560 1368440 128120 0
1785393525813 1496560 1368440 128120 0
1785393525847 1496560 1368440 128120 0
1785393525880 1496560 1368440 128120 0
1785393525914 1496560 1368440 128120 0
1785393525950 1496560 1368440 128120 0
1785393525985 1496560 1368440 128120 0
1785393526021 1496560 1368440 128120 0
1785393526055 1496560 1368440 128120 0
1785393526089 1496560 1368440 128120 0
1785393526127 1496560 1368440 128120 0
1785393526162 1496560 1368440 128120 0
1785393526197 1496560 1368440 128120 0
1785393526233 1496560 1368440 128120 0
1785393526270 1496560 1368440 128120 0
1785393526305 1496560 1368440 128120 0
1785393526340 1496560 1368440 128120 0
1785393526379 1496560 1368440 128120 0
1785393526415 1496560 1368440 128120 0
1785393526450 1496560 1368440 128120 0
1785393526486 1496560 1368440 128120 0
1785393526522 1496560 1368440 128120 0
1785393526557 1496560 1368440 128120 0
1785393526591 1496560 1368440 128120 0
1785393526629 1496560 1368440 128120 0
1785393526664 1496560 1368440 128120 0
1785393526699 1496560 1368440 128120 0
1785393526735 1496560 1368440 128120 0
1785393526772 1496560 1368440 128120 0
1785393526808 1496560 1368440 128120 0
1785393526844 1496560 1368440 128120 0
1785393526880 1496560 1368440 128120 0
1785393526915 1496560 1368440 128120 0
1785393526951 1496560 1368440 128120 0
1785393526987 1496560 1368440 128120 0
1785393527020 1496560 1368440 128120 0
1785393527055 1496560 1368440 128120 0
1785393527092 1496560 1368440 128120 0
1785393527127 1496560 1368440 128120 0
1785393527163 1496560 1368440 128120 0
1785393527197 1496560 1368440 128120 0
1785393527234 1496560 1368440 128120 0
1785393527269 1496560 1368440 128120 0
1785393527303 1496560 1368440 128120 0
1785393527340 1496560 1368440 128120 0
1785393527375 1496560 1368440 128120 0
1785393527410 1496560 1368440 128120 0
1785393527445 1496560 1368440 128120 0
1785393527482 1496560 1368440 128120 0
1785393527518 1496560 1368440 128120 0
1785393527552 1496560 1368440 128120 0
1785393527588 1496560 1368440 128120 0
1785393527623 1496560 1368440 128120 0
1785393527658 1496560 1368440 128120 0
1785393527693 1496560 1368440 128120 0
1785393527730 1496560 1368440 128120 0
1785393527767 1496560 1368440 128120 0
1785393527802 1496560 1368440 128120 0
1785393527834 1496560 1368440 128120 0
1785393527866 1496560 1368440 128120 0
1785393527901 1496560 1368440 128120 0
1785393527933 1496560 1368440 128120 0
1785393527966 1496560 1368440 128120 0
1785393528005 1496560 1368440 128120 0
1785393528044 1496560 1368440 128120 0
1785393528080 1496560 1368440 128120 0
1785393528116 1496560 1368440 128120 0
1785393528150 1496560 1368440 128120 0
1785393528183 1496560 1368440 128120 0
1785393528216 1496560 1368440 128120 0
1785393528249 1496560 1368440 128120 0
1785393528282 1496560 1368440 128120 0
1785393528318 1496560 1368440 128120 0
1785393528352 1496560 1368440 128120 0
1785393528386 1496560 1368440 128120 0
1785393528419 1496560 1368440 128120 0
1785393528453 1496560 1368440 128120 0
1785393528485 1496560 1368440 128120 0
1785393528520 1496560 1368440 128120 0
1785393528555 1496560 1368440 128120 0
1785393528589 1496560 1368440 128120 0
1785393528623 1496560 1368440 128120 0
1785393528659 1496560 1368440 128120 0
1785393528694 1496560 1368440 128120 0
1785393528728 1496560 1368440 128120 0
1785393528762 1496560 1368440 128120 0
1785393528796 1496560 1368440 128120 0
1785393528831 1496560 1368440 128120 0
1785393528865 1496560 1368440 128120 0
1785393528901 1496560 1368440 128120 0
1785393528936 1496560 1368440 128120 0
1785393528970 1496560 1368440 128120 0
1785393529006 1496560 1368440 128120 0
1785393529042 1496560 1368440 128120 0
1785393529079 1496560 1368440 128120 0
1785393529114 1496560 1368440 128120 0
1785393529149 1496560 1368440 128120 0
1785393529186 1496560 1368440 128120 0
1785393529222 1496560 1368440 128120 0
1785393529258 1496560 1368440 128120 0
1785393529293 1496560 1368440 128120 0
1785393529331 1496560 1368440 128120 0
1785393529367 1496560 1368440 128120 0
1785393529401 1496560 1368440 128120 0
1785393529438 1496560 1368440 128120 0
1785393529473 1496560 1368440 128120 0
1785393529509 1496560 1368440 128120 0
1785393529544 1496560 1368440 128120 0
1785393529582 1496560 1368440 128120 0
1785393529617 1496560 1368440 128120 0
1785393529652 1496560 1368440 128120 0
1785393529688 1496560 1368440 128120 0
1785393529724 1496560 1368440 128120 0
1785393529761 1496560 1368440 128120 0
1785393529795 1496560 1368440 128120 0
1785393529833 1496560 1368440 128120 0
1785393529869 1496560 1368440 128120 0
1785393529905 1496560 1368440 128120 0
1785393529942 1496560 1368440 128120 0
1785393529977 1496560 1368440 128120 0
1785393530011 1496560 1368440 128120 0
1785393530045 1496560 1368440 128120 0
1785393530080 1496560 1368440 128120 0
1785393530114 1496560 1368440 128120 0
1785393530149 1496560 1368440 128120 0
1785393530184 1496560 1368440 128120 0
1785393530219 1496560 1368440 128120 0
1785393530255 1496560 1368440 128120 0
1785393530290 1496560 1368440 128120 0
1785393530324 1496560 1368440 128120 0
1785393530359 1496560 1368440 128120 0
1785393530396 1496560 1368440 128120 0
1785393530431 1496560 1368440 128120 0
1785393530467 1496560 1368440 128120 0
1785393530503 1496560 1368440 128120 0
1785393530539 1496560 1368440 128120 0
1785393530575 1496560 1368440 128120 0
1785393530611 1496560 1368440 128120 0
1785393530646 1496560 1368440 128120 0
1785393530683 1496560 1368440 128120 0
1785393530719 1496560 1368440 128120 0
1785393530755 1496560 1368440 128120 0
1785393530791 1496560 1368440 128120 0
1785393530827 1496560 1368440 128120 0
1785393530863 1496560 1368440 128120 0
1785393530898 1496560 1368440 128120 0
1785393530934 1496560 1368440 128120 0
1785393530970 1496560 1368440 128120 0
1785393531005 1496560 1368440 128120 0
1785393531039 1496560 1368440 128120 0
1785393531074 1496560 1368440 128120 0
1785393531110 1496560 1368440 128120 0
1785393531145 1496560 1368440 128120 0
1785393531181 1496560 1368440 128120 0
1785393531216 1496560 1368440 128120 0
1785393531251 1496560 1368440 128120 0
1785393531286 1496560 1368440 128120 0
1785393531319 1496560 1368440 128120 0
1785393531352 1496560 1368440 128120 0
1785393531385 1496560 1368440 128120 0
1785393531417 1496560 1368440 128120 0
1785393531449 1496560 1368440 128120 0
1785393531485 1496560 1368440 128120 0
1785393531518 1496560 1368440 128120 0
1785393531552 1496560 1368440 128120 0
1785393531584 1496560 1368440 128120 0
1785393531617 1496560 1368440 128120 0
1785393531649 1496560 1368440 128120 0
1785393531681 1496560 1368440 128120 0
1785393531716 1496560 1368440 128120 0
1785393531752 1496560 1368440 128120 0
1785393531788 1496560 1368440 128120 0
1785393531825 1496560 1368440 128120 0
1785393531859 1496560 1368440 128120 0
1785393531894 1496560 1368440 128120 0
1785393531932 1496560 1368440 128120 0
1785393531968 1496560 1368440 128120 0
1785393532003 1496560 1368440 128120 0
1785393532039 1496560 1368440 128120 0
1785393532075 1496560 1368440 128120 0
1785393532109 1496560 1368440 128120 0
1785393532144 1496560 1368440 128120 0
1785393532183 1496560 1368440 128120 0
1785393532218 1496560 1368440 128120 0
1785393532252 1496560 1368440 128120 0
1785393532288 1496560 1368440 128120 0
1785393532324 1496560 1368440 128120 0
1785393532358 1496560 1368440 128120 0
1785393532393 1496560 1368440 128120 0
1785393532431 1496560 1368440 128120 0
1785393532467 1496560 1368440 128120 0
1785393532500 1496560 1368440 128120 0
1785393532535 1496560 1368440 128120 0
1785393532570 1496560 1368440 128120 0
1785393532606 1496560 1368440 128120 0
1785393532641 1496560 1368440 128120 0
1785393532677 1496560 1368440 128120 0
1785393532712 1496560 1368440 128120 0
1785393532748 1496560 1368440 128120 0
1785393532781 1496560 1368440 128120 0
1785393532817 1496560 1368440 128120 0
1785393532852 1496560 1368440 128120 0
1785393532890 1496560 1368440 128120 0
1785393532925 1496560 1368440 128120 0
1785393532960 1496560 1368440 128120 0
1785393532996 1496560 1368440 128120 0
1785393533032 1496560 1368440 128120 0
1785393533067 1496560 1368440 128120 0
1785393533102 1496560 1368440 128120 0
1785393533140 1496560 1368440 128120 0
1785393533175 1496560 1368440 128120 0
1785393533210 1496560 1368440 128120 0
1785393533247 1496560 1368440 128120 0
1785393533283 1496560 1368440 128120 0
1785393533317 1496560 1368440 128120 0
1785393533352 1496560 1368440 128120 0
1785393533389 1496560 1368440 128120 0
1785393533424 1496560 1368440 128120 0
1785393533459 1496560 1368440 128120 0
1785393533495 1496560 1368440 128120 0
1785393533532 1496560 1368440 128120 0
1785393533570 1496560 1368440 128120 0
1785393533604 1496560 1368440 128120 0
1785393533636 1496560 1368440 128120 0
1785393533668 1496560 1368440 128120 0
1785393533701 1496560 1368440 128120 0
1785393533733 1496560 1368440 128120 0
1785393533766 1496560 1368440 128120 0
1785393533809 1496560 1368440 128120 0
1785393533844 1496560 1368440 128120 0
1785393533878 1496560 1368440 128120 0
1785393533914 1496560 1368440 128120 0
1785393533948 1496560 1368440 128120 0
1785393533982 1496560 1368440 128120 0
1785393534018 1496560 1368440 128120 0
1785393534051 1496560 1368440 128120 0
1785393534087 1496560 1368440 128120 0
1785393534122 1496560 1368440 128120 0
1785393534157 1496560 1368440 128120 0
1785393534190 1496560 1368440 128120 0
1785393534224 1496560 1368440 128120 0
1785393534257 1496560 1368440 128120 0
1785393534290 1496560 1368440 128120 0
1785393534323 1496560 1368440 128120 0
1785393534357 1496560 1368440 128120 0
1785393534390 1496560 1368440 128120 0
1785393534424 1496560 1368440 128120 0
1785393534458 1496560 1368440 128120 0
1785393534491 1496560 1368440 128120 0
1785393534525 1496560 1368440 128120 0
1785393534559 1496560 1368440 128120 0
1785393534592 1496560 1368440 128120 0
1785393534626 1496560 1368440 128120 0
1785393534660 1496560 1368440 128120 0
1785393534693 1496560 1368440 128120 0
1785393534727 1496560 1368440 128120 0
1785393534762 1496560 1368440 128120 0
1785393534797 1498608 1370488 128120 0
1785393534831 1498608 1370488 128120 0
1785393534864 1498608 1370488 128120 0
1785393534898 1498608 1370488 128120 0
1785393534935 1498608 1370488 128120 0
1785393534970 1498608 1370488 128120 0
1785393535006 1498608 1370488 128120 0
1785393535044 1498608 1370488 128120 0
1785393535079 1498608 1370488 128120 0
1785393535114 1498608 1370488 128120 0
1785393535149 1498608 1370488 128120 0
1785393535184 1498608 1370488 128120 0
1785393535220 1498608 1370488 128120 0
1785393535255 1498608 1370488 128120 0
1785393535293 1498608 1370488 128120 0
1785393535328 1498608 1370488 128120 0
1785393535362 1498608 1370488 128120 0
1785393535398 1498608 1370488 128120 0
1785393535434 1498608 1370488 128120 0
1785393535469 1498608 1370488 128120 0
1785393535504 1498608 1370488 128120 0
1785393535542 1498608 1370488 128120 0
1785393535578 1498608 1370488 128120 0
1785393535613 1498608 1370488 128120 0
1785393535649 1498608 1370488 128120 0
1785393535684 1498608 1370488 128120 0
1785393535719 1498608 1370488 128120 0
1785393535754 1498608 1370488 128120 0
1785393535789 1498608 1370488 128120 0
1785393535824 1498608 1370488 128120 0
1785393535859 1498608 1370488 128120 0
1785393535895 1498608 1370488 128120 0
1785393535930 1498608 1370488 128120 0
1785393535965 1498608 1370488 128120 0
1785393536000 1498608 1370488 128120 0
1785393536035 1498608 1370488 128120 0
1785393536070 1498608 1370488 128120 0
1785393536105 1498608 1370488 128120 0
1785393536140 1498608 1370488 128120 0
1785393536175 1498608 1370488 128120 0
1785393536211 1498608 1370488 128120 0
1785393536246 1498608 1370488 128120 0
1785393536281 1498608 1370488 128120 0
1785393536316 1498608 1370488 128120 0
1785393536351 1498608 1370488 128120 0
1785393536386 1498608 1370488 128120 0
1785393536421 1498608 1370488 128120 0
1785393536456 1498608 1370488 128120 0
1785393536492 1498608 1370488 128120 0
1785393536526 1498608 1370488 128120 0
1785393536562 1498608 1370488 128120 0
1785393536597 1498608 1370488 128120 0
1785393536632 1498608 1370488 128120 0
1785393536667 1498608 1370488 128120 0
1785393536702 1498608 1370488 128120 0
1785393536737 1498608 1370488 128120 0
1785393536771 1498608 1370488 128120 0
1785393536806 1498608 1370488 128120 0
1785393536840 1498608 1370488 128120 0
1785393536875 1498608 1370488 128120 0
1785393536908 1498608 1370488 128120 0
1785393536941 1498608 1370488 128120 0
1785393536976 1498608 1370488 128120 0
1785393537008 1498608 1370488 128120 0
1785393537042 1498608 1370488 128120 0
1785393537078 1498608 1370488 128120 0
1785393537111 1498608 1370488 128120 0
1785393537145 1498608 1370488 128120 0
1785393537179 1498608 1370488 128120 0
1785393537214 1498608 1370488 128120 0
1785393537248 1498608 1370488 128120 0
1785393537282 1498608 1370488 128120 0
1785393537317 1498608 1370488 128120 0
1785393537354 1500656 1372536 128120 0
1785393537389 1500656 1372536 128120 0
1785393537424 1500656 1372536 128120 0
1785393537459 1500656 1372536 128120 0
1785393537498 1500656 1372536 128120 0
1785393537533 1500656 1372536 128120 0
1785393537568 1500656 1372536 128120 0
1785393537604 1500656 1372536 128120 0
1785393537640 1500656 1372536 128120 0
1785393537675 1500656 1372536 128120 0
1785393537710 1500660 1372540 128120 0
1785393537747 1500660 1372540 128120 0
1785393537781 1500660 1372540 128120 0
1785393537817 1500660 1372540 128120 0
1785393537855 1500660 1372540 128120 0
1785393537890 1500660 1372540 128120 0
1785393537925 1500660 1372540 128120 0
1785393537960 1500660 1372540 128120 0
1785393537995 1500660 1372540 128120 0
1785393538030 1500660 1372540 128120 0
1785393538063 1500660 1372540 128120 0
1785393538099 1500660 1372540 128120 0
1785393538134 1500660 1372540 128120 0
1785393538169 1500660 1372540 128120 0
1785393538203 1500660 1372540 128120 0
1785393538239 1500660 1372540 128120 0
1785393538273 1504988 1376868 128120 0
1785393538310 1504988 1376868 128120 0
1785393538344 1504988 1376868 128120 0
1785393538377 1504988 1376868 128120 0
1785393538412 1504988 1376868 128120 0
1785393538447 1504988 1376868 128120 0
1785393538481 1504988 1376868 128120 0
1785393538514 1504988 1376868 128120 0
1785393538552 1504988 1376868 128120 0
1785393538585 1504988 1376868 128120 0
1785393538618 1504988 1376868 128120 0
1785393538652 1504988 1376868 128120 0
1785393538688 1504988 1376868 128120 0
1785393538723 1504988 1376868 128120 0
1785393538758 1504988 1376868 128120 0
1785393538796 1504988 1376868 128120 0
1785393538832 1504988 1376868 128120 0
1785393538867 1504988 1376868 128120 0
1785393538902 1504988 1376868 128120 0
1785393538938 1504988 1376868 128120 0
1785393538972 1504988 1376868 128120 0
1785393539006 1504988 1376868 128120 0
1785393539043 1504988 1376868 128120 0
1785393539079 1504988 1376868 128120 0
1785393539116 1504988 1376868 128120 0
1785393539149 1504988 1376868 128120 0
1785393539182 1504988 1376868 128120 0
1785393539217 1504988 1376868 128120 0
1785393539251 1504988 1376868 128120 0
1785393539283 1504988 1376868 128120 0
1785393539317 1504988 1376868 128120 0
1785393539358 1504988 1376868 128120 0
1785393539394 1504988 1376868 128120 0
1785393539430 1504988 1376868 128120 0
1785393539463 1504988 1376868 128120 0
1785393539496 1504988 1376868 128120 0
1785393539529 1504988 1376868 128120 0
1785393539561 1504988 1376868 128120 0
1785393539593 1504988 1376868 128120 0
1785393539629 1504988 1376868 128120 0
1785393539662 1504988 1376868 128120 0
1785393539695 1504988 1376868 128120 0
1785393539727 1504988 1376868 128120 0
1785393539760 1504988 1376868 128120 0
1785393539792 1504988 1376868 128120 0
1785393539827 1504988 1376868 128120 0
1785393539860 1504988 1376868 128120 0
1785393539893 1504988 1376868 128120 0
1785393539926 1504988 1376868 128120 0
1785393539960 1504988 1376868 128120 0
1785393539996 1504988 1376868 128120 0
1785393540031 1504988 1376868 128120 0
1785393540067 1504988 1376868 128120 0
1785393540103 1504988 1376868 128120 0
1785393540138 1504988 1376868 128120 0
1785393540174 1504988 1376868 128120 0
1785393540210 1504988 1376868 128120 0
1785393540245 1504988 1376868 128120 0
1785393540281 1504988 1376868 128120 0
1785393540317 1504988 1376868 128120 0
1785393540353 1507036 1378916 128120 0
1785393540390 1507036 1378916 128120 0
1785393540425 1507036 1378916 128120 0
1785393540460 1507036 1378916 128120 0
1785393540497 1507036 1378916 128120 0
1785393540533 1507036 1378916 128120 0
1785393540568 1507036 1378916 128120 0
1785393540604 1507036 1378916 128120 0
1785393540641 1507036 1378916 128120 0
1785393540676 1507036 1378916 128120 0
1785393540710 1507036 1378916 128120 0
1785393540747 1507036 1378916 128120 0
1785393540782 1507036 1378916 128120 0
1785393540818 1507036 1378916 128120 0
1785393540853 1507036 1378916 128120 0
1785393540890 1507036 1378916 128120 0
1785393540925 1507036 1378916 128120 0
1785393540959 1507036 1378916 128120 0
1785393540995 1507036 1378916 128120 0
1785393541030 1507036 1378916 128120 0
1785393541065 1507036 1378916 128120 0
1785393541100 1507036 1378916 128120 0
1785393541137 1507036 1378916 128120 0
1785393541173 1507036 1378916 128120 0
1785393541208 1507036 1378916 128120 0
1785393541245 1507036 1378916 128120 0
1785393541280 1507036 1378916 128120 0
1785393541315 1507036 1378916 128120 0
1785393541350 1507036 1378916 128120 0
1785393541384 1507036 1378916 128120 0
1785393541420 1507036 1378916 128120 0
1785393541455 1507036 1378916 128120 0
1785393541493 1507036 1378916 128120 0
1785393541528 1507036 1378916 128120 0
1785393541563 1507036 1378916 128120 0
1785393541600 1507036 1378916 128120 0
1785393541636 1507036 1378916 128120 0
1785393541671 1507036 1378916 128120 0
1785393541706 1507036 1378916 128120 0
1785393541741 1507036 1378916 128120 0
1785393541777 1507036 1378916 128120 0
1785393541813 1507036 1378916 128120 0
1785393541849 1507036 1378916 128120 0
1785393541884 1507036 1378916 128120 0
1785393541919 1507036 1378916 128120 0
1785393541955 1507036 1378916 128120 0
1785393541991 1507036 1378916 128120 0
1785393542027 1507036 1378916 128120 0
1785393542063 1507036 1378916 128120 0
1785393542099 1507036 1378916 128120 0
1785393542135 1507036 1378916 128120 0
1785393542171 1507036 1378916 128120 0
1785393542206 1507036 1378916 128120 0
1785393542241 1507036 1378916 128120 0
1785393542276 1507036 1378916 128120 0
1785393542311 1507036 1378916 128120 0
1785393542346 1507036 1378916 128120 0
1785393542380 1507036 1378916 128120 0
1785393542414 1507036 1378916 128120 0
1785393542447 1507036 1378916 128120 0
1785393542481 1507036 1378916 128120 0
1785393542514 1507036 1378916 128120 0
1785393542547 1507036 1378916 128120 0
1785393542579 1507036 1378916 128120 0
1785393542612 1507036 1378916 128120 0
1785393542646 1507036 1378916 128120 0
1785393542679 1507036 1378916 128120 0
1785393542712 1507036 1378916 128120 0
1785393542746 1507036 1378916 128120 0
1785393542780 1507036 1378916 128120 0
1785393542814 1507036 1378916 128120 0
1785393542846 1507036 1378916 128120 0
1785393542879 1507036 1378916 128120 0
1785393542911 1507036 1378916 128120 0
1785393542945 1507036 1378916 128120 0
1785393542980 1507036 1378916 128120 0
1785393543017 1507036 1378916 128120 0
1785393543051 1507036 1378916 128120 0
1785393543086 1497932 1377740 120192 0
1785393543121 1508568 1380448 128120 0
1785393543157 1508568 1380448 128120 0
1785393543191 1508568 1380448 128120 0
1785393543225 1508568 1380448 128120 0
1785393543262 1508568 1380448 128120 0
1785393543296 1508568 1380448 128120 0
1785393543331 1508568 1380448 128120 0
1785393543366 1508568 1380448 128120 0
1785393543400 1508568 1380448 128120 0
1785393543435 1508568 1380448 128120 0
1785393543470 1508568 1380448 128120 0
1785393543507 1508568 1380448 128120 0
1785393543541 1508568 1380448 128120 0
1785393543577 1508568 1380448 128120 0
1785393543616 1508568 1380448 128120 0
1785393543651 1508568 1380448 128120 0
1785393543686 1508568 1380448 128120 0
1785393543722 1508568 1380448 128120 0
1785393543758 1508568 1380448 128120 0
1785393543794 1508568 1380448 128120 0
1785393543829 1508568 1380448 128120 0
1785393543865 1508568 1380448 128120 0
1785393543901 1508568 1380448 128120 0
1785393543937 1508568 1380448 128120 0
1785393543972 1508568 1380448 128120 0
1785393544007 1508568 1380448 128120 0
1785393544045 1508568 1380448 128120 0
1785393544081 1508568 1380448 128120 0
1785393544115 1508568 1380448 128120 0
1785393544151 1508568 1380448 128120 0
1785393544186 1508568 1380448 128120 0
1785393544222 1508568 1380448 128120 0
1785393544257 1508568 1380448 128120 0
1785393544295 1508568 1380448 128120 0
1785393544330 1508568 1380448 128120 0
1785393544365 1508568 1380448 128120 0
1785393544401 1508568 1380448 128120 0
1785393544437 1508568 1380448 128120 0
1785393544472 1508568 1380448 128120 0
1785393544507 1508568 1380448 128120 0
1785393544544 1508568 1380448 128120 0
1785393544579 1508568 1380448 128120 0
1785393544614 1508568 1380448 128120 0
1785393544650 1508568 1380448 128120 0
1785393544686 1508568 1380448 128120 0
1785393544723 1508568 1380448 128120 0
1785393544756 1508568 1380448 128120 0
1785393544789 1508568 1380448 128120 0
1785393544825 1508568 1380448 128120 0
1785393544859 1508568 1380448 128120 0
1785393544891 1508568 1380448 128120 0
1785393544925 1508568 1380448 128120 0
1785393544966 1508568 1380448 128120 0
1785393545001 1508568 1380448 128120 0
1785393545037 1508568 1380448 128120 0
1785393545071 1508568 1380448 128120 0
1785393545103 1508568 1380448 128120 0
1785393545136 1508568 1380448 128120 0
1785393545169 1508568 1380448 128120 0
1785393545201 1508568 1380448 128120 0
1785393545235 1508568 1380448 128120 0
1785393545268 1508568 1380448 128120 0
1785393545301 1508568 1380448 128120 0
1785393545334 1508568 1380448 128120 0
1785393545367 1508568 1380448 128120 0
1785393545399 1508568 1380448 128120 0
1785393545433 1508568 1380448 128120 0
1785393545466 1508568 1380448 128120 0
1785393545499 1508568 1380448 128120 0
1785393545533 1508568 1380448 128120 0
1785393545567 1508568 1380448 128120 0
1785393545601 1508568 1380448 128120 0
1785393545636 1508568 1380448 128120 0
1785393545670 1508568 1380448 128120 0
1785393545704 1508568 1380448 128120 0
1785393545739 1508568 1380448 128120 0
1785393545774 1508568 1380448 128120 0
1785393545808 1508568 1380448 128120 0
1785393545842 1508568 1380448 128120 0
1785393545878 1508568 1380448 128120 0
1785393545913 1508568 1380448 128120 0
1785393545949 1508568 1380448 128120 0
1785393545984 1508568 1380448 128120 0
1785393546018 1508568 1380448 128120 0
1785393546056 1508568 1380448 128120 0
1785393546090 1508568 1380448 128120 0
1785393546124 1508568 1380448 128120 0
1785393546160 1508568 1380448 128120 0
1785393546195 1508568 1380448 128120 0
1785393546230 1508568 1380448 128120 0
1785393546264 1508568 1380448 128120 0
1785393546301 1508568 1380448 128120 0
1785393546336 1508568 1380448 128120 0
1785393546369 1508568 1380448 128120 0
1785393546404 1508568 1380448 128120 0
1785393546439 1508568 1380448 128120 0
1785393546473 1508568 1380448 128120 0
1785393546506 1508568 1380448 128120 0
1785393546543 1508568 1380448 128120 0
1785393546579 1508568 1380448 128120 0
1785393546613 1508568 1380448 128120 0
1785393546649 1508568 1380448 128120 0
1785393546685 1508568 1380448 128120 0
1785393546721 1508568 1380448 128120 0
1785393546756 1508568 1380448 128120 0
1785393546792 1508568 1380448 128120 0
1785393546827 1508568 1380448 128120 0
1785393546863 1508568 1380448 128120 0
1785393546898 1508568 1380448 128120 0
1785393546933 1508568 1380448 128120 0
1785393546969 1508568 1380448 128120 0
1785393547004 1508568 1380448 128120 0
1785393547039 1508568 1380448 128120 0
1785393547074 1508568 1380448 128120 0
1785393547109 1508568 1380448 128120 0
1785393547144 1508568 1380448 128120 0
1785393547180 1508568 1380448 128120 0
1785393547216 1508568 1380448 128120 0
1785393547251 1508568 1380448 128120 0
1785393547287 1508568 1380448 128120 0
1785393547322 1508568 1380448 128120 0
1785393547359 1508568 1380448 128120 0
1785393547394 1508568 1380448 128120 0
1785393547430 1508568 1380448 128120 0
1785393547465 1508568 1380448 128120 0
1785393547500 1508568 1380448 128120 0
1785393547536 1508568 1380448 128120 0
1785393547571 1508568 1380448 128120 0
1785393547607 1508568 1380448 128120 0
1785393547642 1508568 1380448 128120 0
1785393547678 1508568 1380448 128120 0
1785393547713 1508568 1380448 128120 0
1785393547749 1508568 1380448 128120 0
1785393547784 1508568 1380448 128120 0
1785393547819 1508568 1380448 128120 0
1785393547855 1508568 1380448 128120 0
1785393547890 1508568 1380448 128120 0
1785393547925 1508568 1380448 128120 0
1785393547959 1508568 1380448 128120 0
1785393547994 1508568 1380448 128120 0
1785393548027 1508568 1380448 128120 0
1785393548062 1508568 1380448 128120 0
1785393548094 1508568 1380448 128120 0
1785393548127 1508568 1380448 128120 0
1785393548160 1508568 1380448 128120 0
1785393548192 1508568 1380448 128120 0
1785393548224 1508568 1380448 128120 0
1785393548259 1508568 1380448 128120 0
1785393548293 1508568 1380448 128120 0
1785393548328 1508568 1380448 128120 0
1785393548361 1508568 1380448 128120 0
1785393548397 1508568 1380448 128120 0
1785393548430 1508568 1380448 128120 0
1785393548466 1508568 1380448 128120 0
1785393548502 1508568 1380448 128120 0
1785393548538 1508568 1380448 128120 0
1785393548575 1508568 1380448 128120 0
1785393548611 1508568 1380448 128120 0
1785393548646 1508568 1380448 128120 0
1785393548683 1508568 1380448 128120 0
1785393548717 1508568 1380448 128120 0
1785393548751 1508568 1380448 128120 0
1785393548785 1508568 1380448 128120 0
1785393548821 1508568 1380448 128120 0
1785393548855 1508568 1380448 128120 0
1785393548888 1508568 1380448 128120 0
1785393548926 1508568 1380448 128120 0
1785393548960 1508568 1380448 128120 0
1785393548994 1508568 1380448 128120 0
1785393549033 1508568 1380448 128120 0
1785393549067 1508568 1380448 128120 0
1785393549101 1508568 1380448 128120 0
1785393549136 1508568 1380448 128120 0
1785393549171 1508568 1380448 128120 0
1785393549206 1508568 1380448 128120 0
1785393549239 1508568 1380448 128120 0
1785393549276 1508568 1380448 128120 0
1785393549312 1508568 1380448 128120 0
1785393549346 1508568 1380448 128120 0
1785393549382 1508568 1380448 128120 0
1785393549416 1508568 1380448 128120 0
1785393549451 1508568 1380448 128120 0
1785393549486 1508568 1380448 128120 0
1785393549521 1508568 1380448 128120 0
1785393549555 1508568 1380448 128120 0
1785393549593 1508568 1380448 128120 0
1785393549629 1508568 1380448 128120 0
1785393549663 1508568 1380448 128120 0
1785393549699 1508568 1380448 128120 0
1785393549734 1508568 1380448 128120 0
1785393549768 1508568 1380448 128120 0
1785393549802 1508568 1380448 128120 0
1785393549839 1508568 1380448 128120 0
1785393549874 1508568 1380448 128120 0
1785393549909 1508568 1380448 128120 0
1785393549943 1508568 1380448 128120 0
1785393549978 1508568 1380448 128120 0
1785393550013 1508568 1380448 128120 0
1785393550046 1508568 1380448 128120 0
1785393550084 1508568 1380448 128120 0
1785393550118 1508568 1380448 128120 0
1785393550153 1508568 1380448 128120 0
1785393550186 1508568 1380448 128120 0
1785393550220 1508568 1380448 128120 0
1785393550258 1508568 1380448 128120 0
1785393550293 1508568 1380448 128120 0
1785393550326 1508568 1380448 128120 0
1785393550360 1508568 1380448 128120 0
1785393550395 1508568 1380448 128120 0
1785393550428 1508568 1380448 128120 0
1785393550460 1508568 1380448 128120 0
1785393550503 1508568 1380448 128120 0
1785393550540 1508568 1380448 128120 0
1785393550576 1508568 1380448 128120 0
1785393550612 1508568 1380448 128120 0
1785393550645 1508568 1380448 128120 0
1785393550678 1508568 1380448 128120 0
1785393550713 1508568 1380448 128120 0
1785393550744 1508568 1380448 128120 0
1785393550781 1508568 1380448 128120 0
1785393550815 1508568 1380448 128120 0
1785393550851 1508568 1380448 128120 0
1785393550884 1508568 1380448 128120 0
1785393550920 1508568 1380448 128120 0
1785393550952 1508568 1380448 128120 0
1785393550986 1508568 1380448 128120 0
1785393551020 1508568 1380448 128120 0
1785393551054 1508568 1380448 128120 0
1785393551087 1508568 1380448 128120 0
1785393551121 1508568 1380448 128120 0
1785393551157 1508568 1380448 128120 0
1785393551191 1508568 1380448 128120 0
1785393551226 1508568 1380448 128120 0
1785393551261 1508568 1380448 128120 0
1785393551295 1508568 1380448 128120 0
1785393551330 1508568 1380448 128120 0
1785393551365 1508568 1380448 128120 0
1785393551400 1508568 1380448 128120 0
1785393551435 1508568 1380448 128120 0
1785393551470 1508568 1380448 128120 0
1785393551506 1508568 1380448 128120 0
1785393551543 1508568 1380448 128120 0
1785393551579 1508568 1380448 128120 0
1785393551613 1508568 1380448 128120 0
1785393551649 1508568 1380448 128120 0
1785393551685 1508568 1380448 128120 0
1785393551721 1508568 1380448 128120 0
1785393551756 1508568 1380448 128120 0
1785393551795 1508568 1380448 128120 0
1785393551830 1508568 1380448 128120 0
1785393551865 1508568 1380448 128120 0
1785393551902 1508568 1380448 128120 0
1785393551938 1508568 1380448 128120 0
1785393551973 1508568 1380448 128120 0
1785393552008 1508568 1380448 128120 0
1785393552047 1508568 1380448 128120 0
1785393552083 1508568 1380448 128120 0
1785393552118 1508568 1380448 128120 0
1785393552155 1508568 1380448 128120 0
1785393552191 1508568 1380448 128120 0
1785393552226 1508568 1380448 128120 0
1785393552261 1508568 1380448 128120 0
1785393552299 1508568 1380448 128120 0
1785393552336 1508568 1380448 128120 0
1785393552371 1508568 1380448 128120 0
1785393552407 1508568 1380448 128120 0
1785393552443 1508568 1380448 128120 0
1785393552479 1508568 1380448 128120 0
1785393552514 1508568 1380448 128120 0
1785393552550 1508568 1380448 128120 0
1785393552585 1508568 1380448 128120 0
1785393552620 1508568 1380448 128120 0
1785393552655 1508568 1380448 128120 0
1785393552691 1508568 1380448 128120 0
1785393552726 1508568 1380448 128120 0
1785393552761 1508568 1380448 128120 0
1785393552796 1508568 1380448 128120 0
1785393552831 1508568 1380448 128120 0
1785393552866 1508568 1380448 128120 0
1785393552901 1508568 1380448 128120 0
1785393552936 1508568 1380448 128120 0
1785393552971 1508568 1380448 128120 0
1785393553006 1508568 1380448 128120 0
1785393553041 1508568 1380448 128120 0
1785393553076 1508568 1380448 128120 0
1785393553111 1508568 1380448 128120 0
1785393553147 1508568 1380448 128120 0
1785393553182 1508568 1380448 128120 0
1785393553218 1508568 1380448 128120 0
1785393553253 1508568 1380448 128120 0
1785393553289 1508568 1380448 128120 0
1785393553324 1508568 1380448 128120 0
1785393553360 1508568 1380448 128120 0
1785393553396 1508568 1380448 128120 0
1785393553431 1508568 1380448 128120 0
1785393553466 1508568 1380448 128120 0
1785393553501 1508568 1380448 128120 0
1785393553537 1508568 1380448 128120 0
1785393553571 1508568 1380448 128120 0
1785393553606 1508568 1380448 128120 0
1785393553642 1508568 1380448 128120 0
1785393553677 1508568 1380448 128120 0
1785393553711 1508568 1380448 128120 0
1785393553745 1508568 1380448 128120 0
1785393553778 1508568 1380448 128120 0
1785393553810 1508568 1380448 128120 0
1785393553843 1508568 1380448 128120 0
1785393553875 1508568 1380448 128120 0
1785393553911 1508568 1380448 128120 0
1785393553943 1508568 1380448 128120 0
1785393553977 1508568 1380448 128120 0
1785393554010 1508568 1380448 128120 0
1785393554044 1508568 1380448 128120 0
1785393554076 1508568 1380448 128120 0
1785393554109 1508568 1380448 128120 0
1785393554144 1508568 1380448 128120 0
1785393554180 1508568 1380448 128120 0
1785393554217 1508568 1380448 128120 0
1785393554252 1508568 1380448 128120 0
1785393554288 1508568 1380448 128120 0
1785393554324 1508568 1380448 128120 0
1785393554360 1508568 1380448 128120 0
1785393554395 1508568 1380448 128120 0
1785393554429 1508568 1380448 128120 0
1785393554467 1508568 1380448 128120 0
1785393554503 1508568 1380448 128120 0
1785393554537 1508568 1380448 128120 0
1785393554573 1508568 1380448 128120 0
1785393554609 1508568 1380448 128120 0
1785393554643 1508568 1380448 128120 0
1785393554678 1508568 1380448 128120 0
1785393554715 1508568 1380448 128120 0
1785393554751 1508568 1380448 128120 0
1785393554785 1508568 1380448 128120 0
1785393554820 1508568 1380448 128120 0
1785393554855 1508568 1380448 128120 0
1785393554891 1508568 1380448 128120 0
1785393554926 1508568 1380448 128120 0
1785393554964 1508568 1380448 128120 0
1785393555001 1508568 1380448 128120 0
1785393555037 1508568 1380448 128120 0
1785393555074 1508568 1380448 128120 0
1785393555110 1508568 1380448 128120 0
1785393555146 1508568 1380448 128120 0
1785393555182 1508568 1380448 128120 0
1785393555218 1508568 1380448 128120 0
1785393555253 1508568 1380448 128120 0
1785393555292 1508568 1380448 128120 0
1785393555328 1508568 1380448 128120 0
1785393555362 1508568 1380448 128120 0
1785393555399 1508568 1380448 128120 0
1785393555435 1508568 1380448 128120 0
1785393555470 1508568 1380448 128120 0
1785393555505 1508568 1380448 128120 0
1785393555543 1508568 1380448 128120 0
1785393555578 1508568 1380448 128120 0
1785393555614 1508568 1380448 128120 0
1785393555648 1508568 1380448 128120 0
1785393555684 1508568 1380448 128120 0
1785393555720 1508568 1380448 128120 0
1785393555753 1508568 1380448 128120 0
1785393555792 1508568 1380448 128120 0
1785393555827 1508568 1380448 128120 0
1785393555862 1508568 1380448 128120 0
1785393555897 1508568 1380448 128120 0
1785393555932 1508568 1380448 128120 0
1785393555969 1508568 1380448 128120 0
1785393556003 1508568 1380448 128120 0
1785393556036 1508568 1380448 128120 0
1785393556068 1508568 1380448 128120 0
1785393556103 1508568 1380448 128120 0
1785393556136 1508568 1380448 128120 0
1785393556169 1508568 1380448 128120 0
1785393556213 1508568 1380448 128120 0
1785393556249 1508568 1380448 128120 0
1785393556284 1508568 1380448 128120 0
1785393556320 1508568 1380448 128120 0
1785393556354 1508568 1380448 128120 0
1785393556387 1508568 1380448 128120 0
1785393556422 1508568 1380448 128120 0
1785393556455 1508568 1380448 128120 0
1785393556490 1508568 1380448 128120 0
1785393556524 1508568 1380448 128120 0
1785393556558 1508568 1380448 128120 0
1785393556590 1508568 1380448 128120 0
1785393556623 1508568 1380448 128120 0
1785393556654 1508568 1380448 128120 0
1785393556687 1508568 1380448 128120 0
1785393556721 1508568 1380448 128120 0
1785393556756 1508568 1380448 128120 0
1785393556789 1508664 1380544 128120 0
1785393556823 1508716 1380596 128120 0
1785393556856 1506780 1378484 128296 0
1785393556889 1506780 1378484 128296 0
1785393556921 1506780 1378484 128296 0
1785393556953 1506780 1378484 128296 0
1785393556985 1506780 1378484 128296 0
1785393557017 1506840 1378484 128356 0
1785393557051 1506840 1378484 128356 0
1785393557084 1506840 1378484 128356 0
1785393557118 1506840 1378484 128356 0
1785393557153 1506840 1378484 128356 0
1785393557187 1506840 1378484 128356 0
1785393557221 1506920 1378564 128356 0
1785393557254 1506920 1378564 128356 0
1785393557289 1506920 1378564 128356 0
1785393557323 1506928 1378572 128356 0
1785393557356 1506936 1378580 128356 0
1785393557391 1506952 1378596 128356 0
1785393557424 1506952 1378596 128356 0
1785393557458 473280 357528 115752 0
1785393557488 901584 772176 129408 0
1785393557519 901692 772176 129516 0
1785393557550 901692 772176 129516 0
1785393557582 901872 772176 129696 0
1785393557614 901992 772176 129816 0
