# timestamp_ms Rss_kB Anonymous_kB Filemapped_kB Shmem_kB
1787138719753 160796 153236 7560 0
1787138719823 240832 233272 7560 0
1787138719887 337228 329668 7560 0
1787138719951 433616 426056 7560 0
1787138720016 363740 355688 8052 0
1787138720082 308424 300368 8056 0
1787138720103 271544 263488 8056 0
1787138720124 216212 208156 8056 0
1787138720144 160900 152844 8056 0
1787138720165 105568 97512 8056 0
1787138720185 68684 60628 8056 0
1787138720206 9768 4940 4828 0
1787138720227 18808 7368 11440 0
1787138720248 19184 7532 11652 0
1787138720269 71928 4828 67100 0
1787138720289 79156 7992 71164 0
1787138720310 78112 8052 70060 0
1787138720332 80008 8728 71280 0
1787138720353 82160 4492 77668 0
1787138720375 112280 20272 92008 0
1787138720397 130696 29968 100728 0
1787138720419 198128 96912 101216 0
1787138720441 503280 402064 101216 0
1787138720463 1229412 1138304 91108 0
1787138720546 1668380 1567056 101324 0
1787138720635 2087712 1986388 101324 0
1787138720733 2135988 2018488 117500 0
1787138720836 2135988 2018488 117500 0
1787138720896 2118784 2001032 117752 0
1787138720960 2118784 2001032 117752 0
1787138720988 2118784 2001032 117752 0
1787138721017 2100356 1982604 117752 0
1787138721048 2100600 1982844 117756 0
1787138721079 2100608 1982852 117756 0
1787138721107 2100608 1982852 117756 0
1787138721152 2100608 1982852 117756 0
1787138721181 2100608 1982852 117756 0
1787138721210 2082404 1964644 117760 0
1787138721239 2082404 1964644 117760 0
1787138721267 2082404 1964644 117760 0
1787138721294 2082404 1964644 117760 0
1787138721322 2063976 1946216 117760 0
1787138721355 2064212 1946452 117760 0
1787138721388 2064224 1946464 117760 0
1787138721416 2064224 1946464 117760 0
1787138721444 2064224 1946464 117760 0
1787138721472 2064224 1946464 117760 0
1787138721501 2064220 1946460 117760 0
1787138721536 2045952 1928192 117760 0
1787138721565 2045952 1928192 117760 0
1787138721593 2045956 1928196 117760 0
1787138721622 2027524 1909764 117760 0
1787138721651 2027760 1910000 117760 0
1787138721678 2027760 1910000 117760 0
1787138721706 2027760 1910000 117760 0
1787138721735 2027760 1910000 117760 0
1787138721765 2027760 1910000 117760 0
1787138721793 2027760 1910000 117760 0
1787138721828 2009548 1891788 117760 0
1787138721856 2009548 1891788 117760 0
1787138721884 2009548 1891788 117760 0
1787138721913 2009548 1891788 117760 0
1787138721945 1991296 1873536 117760 0
1787138721973 1991296 1873536 117760 0
1787138722001 1991296 1873536 117760 0
1787138722029 1991296 1873536 117760 0
1787138722059 1991296 1873536 117760 0
1787138722110 1991596 1873836 117760 0
1787138722138 1973148 1855388 117760 0
1787138722167 1973148 1855388 117760 0
1787138722196 1973148 1855388 117760 0
1787138722224 1954720 1836960 117760 0
1787138722253 1955040 1837280 117760 0
1787138722280 1955040 1837280 117760 0
1787138722308 1955040 1837280 117760 0
1787138722336 1955040 1837280 117760 0
1787138722365 1955040 1837280 117760 0
1787138722394 1936192 1835096 101096 0
1787138722429 1936888 1819128 117760 0
1787138722459 1936888 1819128 117760 0
1787138722487 1936888 1819128 117760 0
1787138722516 1936888 1819128 117760 0
1787138722544 1918796 1801036 117760 0
1787138722577 1918796 1801036 117760 0
1787138722605 1918796 1801036 117760 0
1787138722633 1918796 1801036 117760 0
1787138722661 1918796 1801036 117760 0
1787138722696 1919148 1801388 117760 0
1787138722742 1900696 1782936 117760 0
1787138722770 1900696 1782936 117760 0
1787138722799 1900696 1782936 117760 0
1787138722828 1900696 1782936 117760 0
1787138722856 661248 570456 90792 0
1787138722886 1882604 1764844 117760 0
1787138722914 1882604 1764844 117760 0
1787138722942 1882604 1764844 117760 0
1787138722970 1882604 1764844 117760 0
1787138722998 1882604 1764844 117760 0
1787138723030 1882892 1765132 117760 0
1787138723058 1864444 1746684 117760 0
1787138723086 1864444 1746684 117760 0
1787138723131 1864444 1746684 117760 0
1787138723160 1846356 1728596 117760 0
1787138723194 1846356 1728596 117760 0
1787138723222 1846356 1728596 117760 0
1787138723250 1846356 1728596 117760 0
1787138723279 1846356 1728596 117760 0
1787138723308 1846356 1728596 117760 0
1787138723336 1846708 1728948 117760 0
1787138723382 1828256 1710496 117760 0
1787138723410 1828256 1710496 117760 0
1787138723437 1828256 1710496 117760 0
1787138723465 1828256 1710496 117760 0
1787138723493 1766196 1661508 104688 0
1787138723535 1810168 1692408 117760 0
1787138723563 1810168 1692408 117760 0
1787138723590 1810168 1692408 117760 0
1787138723619 1810168 1692408 117760 0
1787138723649 1810168 1692408 117760 0
1787138723676 1766436 1661748 104688 0
1787138723713 1810460 1692700 117760 0
1787138723740 1810456 1692696 117760 0
1787138723769 1792008 1674248 117760 0
1787138723798 1792008 1674248 117760 0
1787138723827 1792008 1674248 117760 0
1787138723855 1773576 1655816 117760 0
1787138723884 1773920 1656160 117760 0
1787138723911 1773920 1656160 117760 0
1787138723939 1773920 1656160 117760 0
1787138723967 1773920 1656160 117760 0
1787138723995 1773920 1656160 117760 0
1787138724023 1337060 1226760 110300 0
1787138724054 1774268 1656508 117760 0
1787138724085 1774264 1656504 117760 0
1787138724114 1755816 1638056 117760 0
1787138724141 1755816 1638056 117760 0
1787138724169 1755816 1638056 117760 0
1787138724197 1737384 1619624 117760 0
1787138724227 1737732 1619972 117760 0
1787138724257 1737728 1619968 117760 0
1787138724290 1737728 1619968 117760 0
1787138724318 1737728 1619968 117760 0
1787138724346 1737728 1619968 117760 0
1787138724374 1737728 1619968 117760 0
1787138724403 1723444 1616964 106480 0
1787138724436 1719564 1601804 117760 0
1787138724464 1719564 1601804 117760 0
1787138724493 1719564 1601804 117760 0
1787138724521 1719564 1601804 117760 0
1787138724554 1702260 1584484 117776 0
1787138724587 653748 535972 117776 0
1787138724614 653808 535972 117836 0
1787138724639 653808 535972 117836 0
1787138724664 653808 535972 117836 0
1787138724688 653808 535972 117836 0
1787138724713 653808 535972 117836 0
1787138724738 653808 535972 117836 0
1787138724762 653808 535972 117836 0
1787138724787 653808 535972 117836 0
1787138724812 653808 535972 117836 0
1787138724836 653808 535972 117836 0
1787138724860 653808 535972 117836 0
1787138724885 653808 535972 117836 0
1787138724909 653808 535972 117836 0
1787138724934 653808 535972 117836 0
1787138724959 653808 535972 117836 0
1787138724984 653808 535972 117836 0
1787138725008 653808 535972 117836 0
1787138725033 653808 535972 117836 0
1787138725058 653808 535972 117836 0
1787138725082 653808 535972 117836 0
1787138725106 653808 535972 117836 0
1787138725132 653808 535972 117836 0
1787138725157 653808 535972 117836 0
1787138725181 653808 535972 117836 0
1787138725206 653808 535972 117836 0
1787138725230 653808 535972 117836 0
1787138725255 653808 535972 117836 0
1787138725280 653808 535972 117836 0
1787138725305 653808 535972 117836 0
1787138725330 653808 535972 117836 0
1787138725354 653808 535972 117836 0
1787138725379 653808 535972 117836 0
1787138725404 653808 535972 117836 0
1787138725429 653808 535972 117836 0
1787138725454 653808 535972 117836 0
1787138725479 653808 535972 117836 0
1787138725504 653808 535972 117836 0
1787138725528 653808 535972 117836 0
1787138725553 653808 535972 117836 0
1787138725577 653808 535972 117836 0
1787138725602 715260 597416 117844 0
1787138725627 719356 601512 117844 0
1787138725652 719356 601512 117844 0
1787138725694 792860 667088 125772 0
1787138725719 809240 667092 142148 0
1787138725744 809332 667092 142240 0
1787138725769 809332 667092 142240 0
1787138725793 812448 667092 145356 0
1787138725818 830004 667092 162912 0
1787138725844 840556 667140 173416 0
1787138725870 840556 667140 173416 0
1787138725896 840556 667140 173416 0
1787138725921 852132 667140 184992 0
1787138725948 870488 667140 203348 0
1787138725974 873204 667140 206064 0
1787138725999 873204 667140 206064 0
1787138726025 875548 667140 208408 0
1787138726050 893456 667140 226316 0
1787138726076 907772 667140 240632 0
1787138726103 907772 667140 240632 0
1787138726129 907772 667140 240632 0
1787138726156 918024 667140 250884 0
1787138726181 936672 667140 269532 0
1787138726208 940984 667140 273844 0
1787138726235 940984 667140 273844 0
1787138726262 942680 667140 275540 0
1787138726288 961244 667140 294104 0
1787138726314 977092 667140 309952 0
1787138726340 977092 667140 309952 0
1787138726367 977092 667140 309952 0
1787138726394 986356 667144 319212 0
1787138726422 1003476 667148 336328 0
1787138726449 1009448 667148 342300 0
1787138726476 1009448 667148 342300 0
1787138726502 1010840 667148 343692 0
1787138726530 1033104 667148 365956 0
1787138726558 1049508 667148 382360 0
1787138726585 1049508 667148 382360 0
1787138726614 1049508 667148 382360 0
1787138726641 1063280 667148 396132 0
1787138726669 1086596 667148 419448 0
1787138726697 1094064 667148 426916 0
1787138726725 1094064 667148 426916 0
1787138726753 1095376 667148 428228 0
1787138726780 1118752 667148 451604 0
1787138726808 1135232 667148 468084 0
1787138726837 1135232 667148 468084 0
1787138726865 1135232 667148 468084 0
1787138726893 1147236 667148 480088 0
1787138726921 1167368 667148 500220 0
1787138726950 1173832 667148 506684 0
1787138726978 1173832 667148 506684 0
1787138727006 1176408 667148 509260 0
1787138727035 1197072 667196 529876 0
1787138727064 1212828 667196 545632 0
1787138727094 1212828 667196 545632 0
1787138727123 1212828 667196 545632 0
1787138727152 1230968 667200 563768 0
1787138727182 1243992 667204 576788 0
1787138727211 1243992 667204 576788 0
1787138727240 1243992 667204 576788 0
1787138727269 1256316 667204 589112 0
1787138727300 1281144 667204 613940 0
1787138727329 1289468 667204 622264 0
1787138727359 1289468 667204 622264 0
1787138727388 1293224 667204 626020 0
1787138727417 1317368 667204 650164 0
1787138727447 1333848 667204 666644 0
1787138727477 1333848 667204 666644 0
1787138727507 1333848 667204 666644 0
1787138727537 1311428 635796 675632 0
1787138727568 1371308 667300 704008 0
1787138727598 1371308 667300 704008 0
1787138727629 1371308 667300 704008 0
1787138727659 1385328 667392 717936 0
1787138727689 1406924 667392 739532 0
1787138727720 1411924 667392 744532 0
1787138727751 1411924 667392 744532 0
1787138727782 1419320 667396 751924 0
1787138727812 1432892 667420 765472 0
1787138727843 1444108 667420 776688 0
1787138727873 1444108 667420 776688 0
1787138727904 1444108 667420 776688 0
1787138727935 1461196 667420 793776 0
1787138727965 1481004 667420 813584 0
1787138727996 1481004 667420 813584 0
1787138728027 1481004 667420 813584 0
1787138728059 1492264 667420 824844 0
1787138728090 1514912 667420 847492 0
1787138728122 1521712 667420 854292 0
1787138728153 1521712 667420 854292 0
1787138728185 1525576 667420 858156 0
1787138728217 1543624 667420 876204 0
1787138728249 1557340 667420 889920 0
1787138728281 1557340 667420 889920 0
1787138728314 1558252 667420 890832 0
1787138728346 1580712 667420 913292 0
1787138728378 1241984 667424 574560 0
1787138728409 780948 667448 113500 0
1787138728458 787348 667544 119804 0
1787138728524 787404 667544 119860 0
1787138728583 787408 667544 119864 0
1787138728632 803608 667544 136064 0
1787138728659 835176 685988 149188 0
1787138728686 855212 685988 169224 0
1787138728713 856572 667540 189032 0
1787138728740 878872 667540 211332 0
1787138728767 898972 667540 231432 0
1787138728796 921680 667540 254140 0
1787138728823 944228 667540 276688 0
1787138728851 966736 667540 299196 0
1787138728878 989104 667540 321564 0
1787138728906 1011864 667540 344324 0
1787138728934 1034848 667540 367308 0
1787138728963 1058256 667540 390716 0
1787138728991 1081848 667540 414308 0
1787138729020 1098876 667540 431336 0
1787138729050 797840 667540 130300 0
1787138729076 819536 667540 151996 0
1787138729103 841900 667540 174360 0
1787138729130 864024 667540 196484 0
1787138729157 886656 667540 219116 0
1787138729185 909568 667540 242028 0
1787138729213 933012 667540 265472 0
1787138729241 956160 667540 288620 0
1787138729269 974172 667584 306588 0
1787138729297 995136 667584 327552 0
1787138729326 1025120 674088 351032 0
1787138729355 809908 686012 123896 0
1787138729382 807816 667584 140232 0
1787138729409 826460 667584 158876 0
1787138729436 849308 667584 181724 0
1787138729464 871592 667588 204004 0
1787138729492 787500 667656 119844 0
1787138729527 787500 667656 119844 0
1787138729588 787516 667656 119860 0
1787138729655 787524 667656 119868 0
1787138729700 799328 667656 131672 0
1787138729727 816456 667652 148804 0
1787138729756 830576 667652 162924 0
1787138729784 847488 667652 179836 0
1787138729812 866684 667652 199032 0
1787138729841 885196 667652 217544 0
1787138729870 905048 667652 237396 0
1787138729899 925196 667652 257544 0
1787138729928 945596 667652 277944 0
1787138729957 966260 667652 298608 0
1787138729987 986452 667652 318800 0
1787138730017 1003656 667652 336004 0
1787138730047 1020880 667652 353228 0
1787138730077 1038968 667652 371316 0
1787138730107 1060236 667652 392584 0
1787138730138 1079776 667652 412124 0
1787138730168 1100924 667652 433272 0
1787138730198 1122148 667652 454496 0
1787138730228 1143980 667652 476328 0
1787138730260 1163884 667652 496232 0
1787138730292 1185260 667652 517608 0
1787138730322 1206820 667652 539168 0
1787138730355 1226632 667652 558980 0
1787138730386 1248016 667652 580364 0
1787138730419 1267956 667652 600304 0
1787138730451 1283476 667652 615824 0
1787138730483 1305932 667652 638280 0
1787138730514 1328544 667652 660892 0
1787138730545 1352008 667652 684356 0
1787138730579 1375900 667652 708248 0
1787138730612 1396280 667652 728628 0
1787138730645 1418176 667652 750524 0
1787138730678 1439336 667652 771684 0
1787138730710 1455284 667652 787632 0
1787138730743 1477904 667652 810252 0
1787138730776 1498952 667652 831300 0
1787138730811 1523520 667652 855868 0
1787138730845 1548108 667652 880456 0
1787138730879 1568488 667652 900836 0
1787138730913 1572324 667652 904672 0
1787138730946 1572324 667652 904672 0
1787138730980 1580820 667652 913168 0
1787138731014 1602792 667652 935140 0
1787138731049 1602792 667652 935140 0
1787138731083 1602792 667652 935140 0
1787138731118 1620052 667652 952400 0
1787138731153 885584 667656 217928 0
1787138731183 787576 667732 119844 0
1787138731228 787576 667732 119844 0
1787138731294 787596 667732 119864 0
1787138731345 787828 667732 120096 0
1787138731403 806140 667732 138408 0
1787138731433 839844 686176 153668 0
1787138731462 841852 667728 174124 0
1787138731492 865892 667728 198164 0
1787138731521 888632 667728 220904 0
1787138731552 911860 667728 244132 0
1787138731582 936972 667728 269244 0
1787138731613 962268 667728 294540 0
1787138731643 987812 667728 320084 0
1787138731674 1013320 667728 345592 0
1787138731705 1037984 667728 370256 0
1787138731737 1063792 667728 396064 0
1787138731768 1089056 667728 421328 0
1787138731800 787188 667728 119460 0
1787138731829 809480 667728 141752 0
1787138731859 833540 667728 165812 0
1787138731889 858752 667728 191024 0
1787138731920 884132 667728 216404 0
1787138731950 909156 667728 241428 0
1787138731981 934488 667728 266760 0
1787138732012 960024 667728 292296 0
1787138732044 982496 667728 314768 0
1787138732075 1005664 667728 337936 0
1787138732107 921072 686160 234912 0
1787138732138 824712 686160 138552 0
1787138732168 820680 667728 152952 0
1787138732198 845532 667728 177804 0
1787138732229 870628 667728 202900 0
1787138732276 787640 667796 119844 0
1787138732341 787656 667796 119860 0
1787138732393 787664 667796 119868 0
1787138732469 805072 667796 137276 0
1787138732500 823616 667792 155824 0
1787138732531 845892 667792 178100 0
1787138732561 869956 667792 202164 0
1787138732592 892720 667792 224928 0
1787138732623 918416 667792 250624 0
1787138732654 944536 667792 276744 0
1787138732686 970836 667792 303044 0
1787138732718 997052 667792 329260 0
1787138732750 1020912 667792 353120 0
1787138732783 1043248 667792 375456 0
1787138732815 1067872 667792 400080 0
1787138732849 1095132 667792 427340 0
1787138732882 1122588 667792 454796 0
1787138732915 1150396 667792 482604 0
1787138732949 1175448 667792 507656 0
1787138732983 1201772 667792 533980 0
1787138733017 1227404 667792 559612 0
1787138733052 1253796 667792 586004 0
1787138733086 1270800 667792 603008 0
1787138733120 1298104 667792 630312 0
1787138733155 1326348 667792 658556 0
1787138733190 1354512 667792 686720 0
1787138733225 1381688 667792 713896 0
1787138733260 1407208 667792 739416 0
1787138733295 1430700 667792 762908 0
1787138733331 1454252 667792 786460 0
1787138733367 1479044 667792 811252 0
1787138733402 1504176 667792 836384 0
1787138733440 1534628 667792 866836 0
1787138733477 1559948 667792 892156 0
1787138733514 1588856 667792 921064 0
1787138733552 1609076 667792 941284 0
1787138733589 1609076 667792 941284 0
1787138733627 1611456 667792 943664 0
1787138733665 1196060 667796 528264 0
1787138733700 787716 667872 119844 0
1787138733743 787716 667872 119844 0
1787138733793 787736 667872 119864 0
1787138733851 787740 667872 119868 0
1787138733917 802304 667872 134432 0
1787138733949 836276 686316 149960 0
1787138733981 840260 667868 172392 0
1787138734014 867864 667868 199996 0
1787138734046 892236 667868 224368 0
1787138734079 919436 667868 251568 0
1787138734111 946520 667868 278652 0
1787138734144 974244 667868 306376 0
1787138734178 1002216 667868 334348 0
1787138734211 1030596 667868 362728 0
1787138734245 1059280 667868 391412 0
1787138734280 1088340 667868 420472 0
1787138734315 786452 667868 118584 0
1787138734347 806600 667868 138732 0
1787138734379 829956 667868 162088 0
1787138734412 853352 667868 185484 0
1787138734444 876896 667868 209028 0
1787138734477 900484 667868 232616 0
1787138734510 924288 667868 256420 0
1787138734544 948088 667868 280220 0
1787138734577 969364 667868 301496 0
1787138734611 991512 667868 323644 0
1787138734645 1015308 667868 347440 0
1787138734679 808224 686300 121924 0
1787138734711 807332 667868 139464 0
1787138734744 828316 667868 160448 0
1787138734777 851864 667868 183996 0
1787138734810 834280 667872 166408 0
1787138734848 787776 667932 119844 0
1787138734900 787776 667932 119844 0
1787138734959 787800 667932 119868 0
1787138735053 811148 667932 143216 0
1787138735087 831804 667928 163876 0
1787138735121 857280 667928 189352 0
1787138735155 883844 667928 215916 0
1787138735189 912368 667928 244440 0
1787138735225 940940 667928 273012 0
1787138735259 969792 667928 301864 0
1787138735295 998764 667928 330836 0
1787138735330 1026612 667928 358684 0
1787138735365 1053284 667928 385356 0
1787138735401 1080404 667928 412476 0
1787138735437 1110028 667928 442100 0
1787138735474 1139824 667928 471896 0
1787138735510 1167252 667928 499324 0
1787138735547 1198188 667928 530260 0
1787138735584 1225868 667928 557940 0
1787138735621 1254200 667928 586272 0
1787138735658 1273172 667928 605244 0
1787138735695 1304528 667928 636600 0
1787138735732 1336144 667928 668216 0
1787138735770 1367728 667928 699800 0
1787138735808 1395776 667928 727848 0
1787138735846 1423392 667928 755464 0
1787138735885 1454096 667928 786168 0
1787138735924 1476356 667928 808428 0
1787138735962 1503848 667928 835920 0
1787138736001 1537068 667928 869140 0
1787138736041 1565332 667928 897404 0
1787138736081 1596764 667928 928836 0
1787138736121 1622908 667932 954976 0
1787138736161 784368 664588 119780 0
1787138736235 787872 668008 119864 0
1787138736316 787876 668008 119868 0
1787138736376 792024 668008 124016 0
1787138736412 814884 668008 146876 0
1787138736448 851332 686452 164880 0
1787138736483 854560 668004 186556 0
1787138736519 879572 668004 211568 0
1787138736555 902996 668004 234992 0
1787138736591 928108 668004 260104 0
1787138736627 952924 668004 284920 0
1787138736663 978144 668004 310140 0
1787138736699 1003836 668004 335832 0
1787138736736 1029548 668004 361544 0
1787138736773 1055400 668004 387396 0
1787138736810 1081272 668004 413268 0
1787138736848 944172 668004 276168 0
1787138736885 804820 668004 136816 0
1787138736920 829288 668004 161284 0
1787138736956 853940 668004 185936 0
1787138736992 878824 668004 210820 0
1787138737028 903892 668004 235888 0
1787138737064 929052 668004 261048 0
1787138737101 954236 668004 286232 0
1787138737138 977280 668004 309276 0
1787138737174 1002236 668004 334232 0
1787138737212 998928 686432 312496 0
1787138737249 825896 686432 139464 0
1787138737285 824592 668004 156588 0
1787138737321 850272 668004 182268 0
1787138737357 834416 668008 166408 0
1787138737404 787920 668076 119844 0
1787138737511 787944 668076 119868 0
1787138737590 802656 668076 134580 0
1787138737631 824456 668072 156384 0
1787138737667 851592 668072 183520 0
1787138737704 879968 668072 211896 0
1787138737740 909648 668072 241576 0
1787138737776 939036 668072 270964 0
1787138737813 964548 668072 296476 0
1787138737850 990244 668072 322172 0
1787138737887 1015764 668072 347692 0
1787138737924 1040660 668072 372588 0
1787138737963 1066220 668072 398148 0
1787138738002 1092500 668072 424428 0
1787138738040 1119652 668072 451580 0
1787138738080 1146952 668072 478880 0
1787138738119 1172172 668072 504100 0
1787138738159 1200088 668072 532016 0
1787138738199 1226004 668072 557932 0
1787138738239 1252576 668072 584504 0
1787138738279 1271192 668072 603120 0
1787138738320 1299488 668072 631416 0
1787138738360 1327788 668072 659716 0
1787138738401 1356456 668072 688384 0
1787138738442 1383948 668072 715876 0
1787138738484 1410220 668072 742148 0
1787138738525 1436900 668072 768828 0
1787138738567 1457656 668072 789584 0
1787138738609 1485552 668072 817480 0
1787138738652 1512912 668072 844840 0
1787138738694 1542712 668072 874640 0
1787138738737 1568716 668072 900644 0
1787138738780 1597280 668072 929208 0
1787138738823 1623052 668076 954976 0
1787138738865 741840 635796 106044 0
1787138738904 787996 668148 119848 0
1787138738966 788016 668148 119868 0
1787138739036 788020 668148 119872 0
1787138739104 809988 668148 141840 0
1787138739142 850108 686592 163516 0
1787138739179 859460 668144 191316 0
1787138739218 889048 668144 220904 0
1787138739256 919640 668144 251496 0
1787138739294 950992 668144 282848 0
1787138739334 982920 668144 314776 0
1787138739373 1014592 668144 346448 0
1787138739412 1045820 668144 377676 0
1787138739451 1076808 668144 408664 0
1787138739491 905520 668144 237376 0
1787138739529 809884 668144 141740 0
1787138739567 841020 668144 172876 0
1787138739605 872656 668144 204512 0
1787138739643 903700 668144 235556 0
1787138739681 935452 668144 267308 0
1787138739719 964680 668144 296536 0
1787138739758 991788 668144 323644 0
1787138739798 1037860 686572 351288 0
1787138739838 822676 686572 136104 0
1787138739876 826960 668144 158816 0
1787138739915 854460 668144 186316 0
1787138739953 786664 668216 118448 0
1787138740025 788060 668216 119844 0
1787138740090 788084 668216 119868 0
1787138740157 799524 668216 131308 0
1787138740204 822428 668212 154216 0
1787138740243 851216 668212 183004 0
1787138740282 881628 668212 213416 0
1787138740321 913460 668212 245248 0
1787138740361 945516 668212 277304 0
1787138740400 977764 668212 309552 0
1787138740440 1010540 668212 342328 0
1787138740480 1039880 668212 371668 0
1787138740521 1071228 668212 403016 0
1787138740562 1104224 668212 436012 0
1787138740604 1137504 668212 469292 0
1787138740645 1169156 668212 500944 0
1787138740686 1203800 668212 535588 0
1787138740728 1236524 668212 568312 0
1787138740769 1264780 668212 596568 0
1787138740811 1290652 668212 622440 0
1787138740854 1325760 668212 657548 0
1787138740897 1361304 668212 693092 0
1787138740940 1394168 668212 725956 0
1787138740984 1426876 668212 758664 0
1787138741029 1454672 668212 786460 0
1787138741072 1485980 668212 817768 0
1787138741117 1520328 668212 852116 0
1787138741162 1555756 668212 887544 0
1787138741207 1588060 668212 919848 0
1787138741252 1623192 668216 954976 0
1787138741298 787880 668288 119592 0
1787138741346 788140 668292 119848 0
1787138741424 788164 668292 119872 0
1787138741527 828228 679036 149192 0
1787138741568 839896 668288 171608 0
1787138741609 873404 668288 205116 0
1787138741650 905088 668288 236800 0
1787138741691 939396 668288 271108 0
1787138741733 974024 668288 305736 0
1787138741775 1015016 668288 346728 0
1787138741825 1049820 668288 381532 0
1787138741867 1084452 668288 416164 0
1787138741909 792448 668288 124160 0
1787138741948 823660 668288 155372 0
1787138741990 857160 668288 188872 0
1787138742031 891076 668288 222788 0
1787138742072 925072 668288 256784 0
1787138742114 959912 668288 291624 0
1787138742158 991932 668288 323644 0
1787138742201 1038008 686720 351288 0
1787138742244 826184 686720 139464 0
1787138742285 833764 668288 165476 0
1787138742327 867728 668288 199440 0
1787138742369 788204 668360 119844 0
1787138742447 788224 668360 119864 0
1787138742527 788228 668360 119868 0
1787138742607 817216 668356 148860 0
1787138742648 842616 668356 174260 0
1787138742690 874976 668356 206620 0
1787138742732 908040 668356 239684 0
1787138742774 943132 668356 274776 0
1787138742817 978528 668356 310172 0
1787138742860 1014496 668356 346140 0
1787138742903 1047048 668356 378692 0
1787138742947 1080772 668356 412416 0
1787138742990 1117024 668356 448668 0
1787138743034 1153920 668356 485564 0
1787138743078 1188552 668356 520196 0
1787138743123 1223336 668356 554980 0
1787138743168 1255740 668356 587384 0
1787138743213 1281900 668356 613544 0
1787138743259 1319752 668356 651396 0
1787138743305 1357632 668356 689276 0
1787138743351 1392444 668356 724088 0
1787138743397 1426364 668356 758008 0
1787138743443 1454860 668356 786504 0
1787138743489 1487644 668356 819288 0
1787138743536 1522680 668356 854324 0
1787138743584 1558156 668356 889800 0
1787138743632 1592688 668356 924332 0
1787138743680 1619572 668356 951216 0
1787138743728 1619572 668356 951216 0
1787138743777 1620952 668356 952596 0
1787138743825 786348 668360 117988 0
1787138743871 788280 668432 119848 0
1787138743967 788300 668432 119868 0
1787138744039 806136 668432 137704 0
1787138744103 851872 686876 164996 0
1787138744147 865788 668428 197360 0
1787138744190 899540 668428 231112 0
1787138744234 935156 668428 266728 0
1787138744279 971068 668428 302640 0
1787138744323 1007188 668428 338760 0
1787138744368 1043412 668428 374984 0
1787138744413 1080104 668428 411676 0
1787138744458 791576 668428 123148 0
1787138744501 825260 668428 156832 0
1787138744545 860680 668428 192252 0
1787138744589 896808 668428 228380 0
1787138744633 933044 668428 264616 0
1787138744678 967036 668428 298608 0
1787138744723 1000884 668428 332456 0
1787138744769 806500 686860 119640 0
1787138744813 815780 668428 147352 0
1787138744856 849716 668428 181288 0
1787138744901 787688 668432 119256 0
1787138744964 788340 668496 119844 0
1787138745048 788364 668496 119868 0
1787138745123 804956 668496 136460 0
1787138745175 830824 668492 162332 0
1787138745219 858856 668492 190364 0
1787138745264 891900 668492 223408 0
1787138745308 928564 668492 260072 0
1787138745353 965184 668492 296692 0
1787138745399 1001824 668492 333332 0
1787138745444 1033764 668492 365272 0
1787138745489 1067748 668492 399256 0
1787138745535 1105676 668492 437184 0
1787138745581 1143944 668492 475452 0
1787138745627 1181088 668492 512596 0
1787138745674 1216060 668492 547568 0
1787138745721 1251060 668492 582568 0
1787138745769 1278520 668492 610028 0
1787138745818 1318164 668492 649672 0
1787138745867 1358096 668492 689604 0
1787138745916 1394856 668492 726364 0
1787138745965 1430676 668492 762184 0
1787138746014 1460272 668492 791780 0
1787138746063 1497976 668492 829484 0
1787138746113 1537152 668492 868660 0
1787138746162 1571484 668492 902992 0
1787138746212 1613148 668492 944656 0
1787138746263 786480 668496 117984 0
1787138746307 788412 668572 119840 0
1787138746387 788432 668572 119860 0
1787138746491 797764 668572 129192 0
1787138746549 840248 687016 153232 0
1787138746595 856120 668568 187552 0
1787138746641 892220 668568 223652 0
1787138746688 930508 668568 261940 0
1787138746734 968988 668568 300420 0
1787138746782 1008056 668568 339488 0
1787138746829 1047368 668568 378800 0
1787138746877 1087124 668568 418556 0
1787138746926 799484 668568 130916 0
1787138746972 837376 668568 168808 0
1787138747018 875424 668568 206856 0
1787138747066 913880 668568 245312 0
1787138747113 952184 668568 283616 0
1787138747160 987500 668568 318932 0
1787138747208 1038284 686996 351288 0
1787138747256 818452 678220 140232 0
1787138747304 841908 668568 173340 0
1787138747350 786556 668572 117984 0
1787138747404 788484 668636 119848 0
1787138747469 788504 668636 119868 0
1787138747548 803168 668636 134532 0
1787138747618 828540 668632 159908 0
1787138747666 858776 668632 190144 0
1787138747713 888984 668632 220352 0
1787138747760 922056 668632 253424 0
1787138747808 955348 668632 286716 0
1787138747856 989064 668632 320432 0
1787138747905 1017404 668632 348772 0
1787138747954 1047228 668632 378596 0
1787138748004 1079964 668632 411332 0
1787138748053 1114152 668632 445520 0
1787138748103 1148856 668632 480224 0
1787138748152 1181916 668632 513284 0
1787138748202 1216320 668632 547688 0
1787138748253 1249080 668632 580448 0
1787138748304 1274928 668632 606296 0
1787138748355 1310444 668632 641812 0
1787138748406 1345364 668632 676732 0
1787138748458 1379212 668632 710580 0
1787138748510 1413036 668632 744404 0
1787138748562 1447188 668632 778556 0
1787138748615 1476056 668632 807424 0
1787138748667 1509580 668632 840948 0
1787138748720 1547592 668632 878960 0
1787138748773 1580028 668632 911396 0
1787138748826 1618416 668632 949784 0
1787138748880 808984 668636 140348 0
1787138748928 788552 668712 119840 0
1787138749023 788576 668712 119864 0
1787138749117 807012 668712 138300 0
1787138749175 852016 687156 164860 0
1787138749224 864856 668708 196148 0
1787138749273 896708 668708 228000 0
1787138749323 931108 668708 262400 0
1787138749372 965304 668708 296596 0
1787138749422 999588 668708 330880 0
1787138749472 1034592 668708 365884 0
1787138749522 1069568 668708 400860 0
1787138749573 1061248 668708 392540 0
1787138749624 810836 668708 142128 0
1787138749673 844860 668708 176152 0
1787138749722 878848 668708 210140 0
1787138749772 913396 668708 244688 0
1787138749822 948488 668708 279780 0
1787138749872 980648 668708 311940 0
1787138749923 1013600 668708 344892 0
1787138749974 817828 687136 130692 0
1787138750023 826028 668708 157320 0
1787138750073 860260 668708 191552 0
1787138750122 788624 668776 119848 0
1787138750206 788624 668776 119848 0
1787138750269 788648 668776 119872 0
1787138750373 808612 668776 139836 0
1787138750423 835656 668772 166884 0
1787138750474 871488 668772 202716 0
1787138750523 905316 668772 236544 0
1787138750574 940192 668772 271420 0
1787138750624 974936 668772 306164 0
1787138750675 1009648 668772 340876 0
1787138750725 1041812 668772 373040 0
1787138750776 1075592 668772 406820 0
1787138750827 1111188 668772 442416 0
1787138750879 1147008 668772 478236 0
1787138750931 1181296 668772 512524 0
1787138750983 1216812 668772 548040 0
1787138751036 1250260 668772 581488 0
1787138751089 1273000 668772 604228 0
1787138751142 1309864 668772 641092 0
1787138751195 1347040 668772 678268 0
1787138751249 1382612 668772 713840 0
1787138751303 1416844 668772 748072 0
1787138751357 1451740 668772 782968 0
1787138751411 1481332 668772 812560 0
1787138751466 1515852 668772 847080 0
1787138751522 1552868 668772 884096 0
1787138751577 1586984 668772 918212 0
1787138751633 1623756 668776 954980 0
1787138751689 630132 520720 109412 0
1787138751749 788696 668852 119844 0
1787138751841 788716 668852 119864 0
1787138751914 809816 668852 140964 0
1787138751978 855684 687296 168388 0
1787138752029 871816 668848 202968 0
1787138752081 904256 668848 235408 0
1787138752133 941600 668848 272752 0
1787138752186 979556 668848 310708 0
1787138752238 1017776 668848 348928 0
1787138752291 1056108 668848 387260 0
1787138752344 1094036 668848 425188 0
1787138752399 803464 668848 134616 0
1787138752451 846372 668848 177524 0
1787138752503 889568 668848 220720 0
1787138752556 932848 668848 264000 0
1787138752608 969716 668848 300868 0
1787138752661 1011752 668848 342904 0
1787138752715 824600 687280 137320 0
1787138752767 839016 668848 170168 0
1787138752819 786904 668852 118052 0
1787138752887 788776 668912 119864 0
1787138753014 790420 668912 121508 0
1787138753090 819152 668908 150244 0
1787138753142 854412 668908 185504 0
1787138753195 890144 668908 221236 0
1787138753249 928024 668908 259116 0
1787138753302 965696 668908 296788 0
1787138753356 1003704 668908 334796 0
1787138753410 1038596 668908 369688 0
1787138753465 1075192 668908 406284 0
1787138753520 1113472 668908 444564 0
1787138753575 1151032 668908 482124 0
1787138753631 1189004 668908 520096 0
1787138753686 1227248 668908 558340 0
1787138753741 1264360 668908 595452 0
1787138753797 1296152 668908 627244 0
1787138753853 1336732 668908 667824 0
1787138753910 1377156 668908 708248 0
1787138753966 1414612 668908 745704 0
1787138754024 1452068 668908 783160 0
1787138754081 1483808 668908 814900 0
1787138754139 1522072 668908 853164 0
1787138754197 1560204 668908 891296 0
1787138754256 1601312 668908 932404 0
1787138754314 1235968 668912 567056 0
1787138754371 785916 666328 119588 0
1787138754456 788832 668988 119844 0
1787138754543 792812 668988 123824 0
1787138754644 837872 687432 150440 0
1787138754698 853400 668984 184416 0
1787138754752 889940 668984 220956 0
1787138754808 927976 668984 258992 0
1787138754863 967020 668984 298036 0
1787138754918 1006520 668984 337536 0
1787138754974 1045716 668984 376732 0
1787138755030 1084556 668984 415572 0
1787138755086 792452 668984 123468 0
1787138755141 828880 668984 159896 0
1787138755195 866612 668984 197628 0
1787138755250 904448 668984 235464 0
1787138755305 942724 668984 273740 0
1787138755360 977660 668984 308676 0
1787138755415 1012988 668984 344004 0
1787138755471 821684 687416 134268 0
1787138755525 834028 668984 165044 0
1787138755579 872080 668984 203096 0
1787138755646 788900 669060 119840 0
1787138755723 788920 669060 119860 0
1787138755811 805124 669060 136064 0
1787138755877 836812 669056 167756 0
1787138755933 875132 669056 206076 0
1787138755988 913960 669056 244904 0
1787138756044 953104 669056 284048 0
1787138756101 992436 669056 323380 0
1787138756157 1030128 669056 361072 0
1787138756214 1067200 669056 398144 0
1787138756272 1106152 669056 437096 0
1787138756330 1146488 669056 477432 0
1787138756388 1185540 669056 516484 0
1787138756447 1224716 669056 555660 0
1787138756506 1262176 669056 593120 0
1787138756565 1295280 669056 626224 0
1787138756625 1336212 669056 667156 0
1787138756684 1377420 669056 708364 0
1787138756744 1414960 669056 745904 0
1787138756805 1453972 669056 784916 0
1787138756865 1486916 669056 817860 0
1787138756926 1527300 669056 858244 0
1787138756988 1566084 669056 897028 0
1787138757049 1607596 669056 938540 0
1787138757111 1624032 669056 954976 0
1787138757174 1624032 669056 954976 0
1787138757236 1119740 669060 450680 0
1787138757295 788976 669132 119844 0
1787138757365 788992 669132 119860 0
1787138757456 804592 669132 135460 0
1787138757542 853320 687576 165744 0
1787138757599 872496 669128 203368 0
1787138757656 909508 669128 240380 0
1787138757714 950600 669128 281472 0
1787138757771 991544 669128 322416 0
1787138757828 1033296 669128 364168 0
1787138757886 1074864 669128 405736 0
1787138757944 788716 669128 119588 0
1787138758000 825864 669128 156736 0
1787138758056 865536 669128 196408 0
1787138758114 906112 669128 236984 0
1787138758173 946268 669128 277140 0
1787138758231 984556 669128 315428 0
1787138758290 1038844 687556 351288 0
1787138758350 810328 669128 141200 0
1787138758408 848596 669128 179468 0
1787138758466 787504 667672 119832 0
1787138758546 789056 669196 119860 0
1787138758631 802188 669196 132992 0
1787138758733 301552 178940 122612 0
1787138758799 819220 669196 150024 0
1787138758856 819220 669196 150024 0
1787138758914 819220 669196 150024 0
1787138758972 819220 669196 150024 0
1787138759029 819220 669196 150024 0
1787138759087 819220 669196 150024 0
1787138759145 819220 669196 150024 0
1787138759202 818172 667660 150512 0
