# timestamp_ms VmRSS_kB VmPeak_kB VmHWM_kB
1787138719753 160796 1981184 160796
1787138719823 171092 1981184 171092
1787138719887 267488 1981184 267488
1787138719951 362672 1981184 362652
1787138720016 455948 1981184 455948
1787138720082 326852 1981184 453768
1787138720103 271544 1981184 453768
1787138720124 216212 1981184 453768
1787138720144 179324 1981184 453768
1787138720165 124016 1981184 453768
1787138720185 68684 1981184 453768
1787138720206 14504 2091596 453768
1787138720227 18568 14832544 453768
1787138720248 19184 15051572 453768
1787138720269 78960 15051572 453768
1787138720289 79156 15051572 453768
1787138720310 79496 15051572 453768
1787138720332 79856 15051572 453768
1787138720353 90064 15051572 453768
1787138720375 109436 15051572 453768
1787138720397 128184 309258932 453768
1787138720419 153072 310308848 453768
1787138720441 450032 310308848 453768
1787138720463 757232 310308848 757232
1787138720546 1362972 310440984 1362924
1787138720635 1756820 310441512 1756820
1787138720733 2127484 311011800 2127484
1787138720836 2135988 311011800 2135988
1787138720896 2137228 312549912 2137228
1787138720960 2118784 312549912 2135332
1787138720988 2118784 312549912 2135332
1787138721017 2100356 312549912 2135332
1787138721048 2100604 312549912 2135332
1787138721079 2100608 312549912 2135332
1787138721107 2100608 312549912 2135332
1787138721152 2100608 312549912 2135332
1787138721181 2100608 312549912 2135332
1787138721210 2100852 312549912 2135332
1787138721239 2082404 312549912 2135332
1787138721267 2082404 312549912 2135332
1787138721294 2082404 312549912 2135332
1787138721322 2063972 312549912 2135332
1787138721355 2064216 312549912 2135332
1787138721388 2064220 312549912 2135332
1787138721416 2064224 312549912 0
1787138721444 2064224 312549912 2135332
1787138721472 2064224 312549912 2135332
1787138721501 2064224 0 2135332
1787138721536 2045952 312549912 2135332
1787138721565 2045952 312549912 2135332
1787138721593 2045956 312549912 2135332
1787138721622 2045956 312549912 2135332
1787138721651 2027764 312549912 2135332
1787138721678 2027760 312549912 2135332
1787138721706 2027760 312549912 2135332
1787138721735 2027760 0 2135332
1787138721765 2027760 312549912 2135332
1787138721793 2027760 312549912 2135332
1787138721828 2009548 312549912 2135332
1787138721856 2009548 312549912 2135332
1787138721884 2009548 312549912 2135332
1787138721913 2009548 312549912 2135332
1787138721945 1991296 312549912 2135332
1787138721973 1991296 312549912 2135332
1787138722001 1991296 312549912 2135332
1787138722029 1991296 312549912 2135332
1787138722059 1991296 312549912 2135332
1787138722110 1991600 312549912 2135332
1787138722138 1973148 312549912 2135332
1787138722167 1973148 312549912 2135332
1787138722196 1973148 312549912 2135332
1787138722224 1973148 312549912 2135332
1787138722253 1955040 312549912 2135332
1787138722280 1955040 312549912 2135332
1787138722308 1955040 312549912 2135332
1787138722336 1955040 312549912 2135332
1787138722365 1955040 312549912 2135332
1787138722394 1955040 312549912 2135332
1787138722429 1936888 312549912 2135332
1787138722459 1936888 312549912 2135332
1787138722487 1936888 312549912 2135332
1787138722516 1936888 312549912 2135332
1787138722544 1918488 312549912 2135332
1787138722577 1918796 312549912 2135332
1787138722605 1918796 312549912 0
1787138722633 1918796 312549912 2135332
1787138722661 1918796 312549912 2135332
1787138722696 1919148 312549912 2135332
1787138722742 1900696 312549912 2135332
1787138722770 1900696 312549912 2135332
1787138722799 1900696 312549912 2135332
1787138722828 1900696 312549912 2135332
1787138722856 1882264 312549912 2135332
1787138722886 1882604 312549912 2135332
1787138722914 1882604 312549912 2135332
1787138722942 1882604 312549912 2135332
1787138722970 1882604 312549912 0
1787138722998 1882604 312549912 2135332
1787138723030 1882892 312549912 2135332
1787138723058 1864444 312549912 2135332
1787138723086 1864444 312549912 2135332
1787138723131 1864444 312549912 2135332
1787138723160 1846280 312549912 2135332
1787138723194 1846356 312549912 2135332
1787138723222 1846356 312549912 2135332
1787138723250 1846356 312549912 2135332
1787138723279 1846356 312549912 2135332
1787138723308 1846356 312549912 2135332
1787138723336 1846708 312549912 2135332
1787138723382 1846704 312549912 2135332
1787138723410 1828256 312549912 2135332
1787138723437 1828256 312549912 2135332
1787138723465 1828256 312549912 2135332
1787138723493 1809828 312549912 2135332
1787138723535 1810172 312549912 2135332
1787138723563 1810168 312549912 2135332
1787138723590 1810168 312549912 2135332
1787138723619 1810168 312549912 2135332
1787138723649 1810168 0 2135332
1787138723676 1810168 312549912 2135332
1787138723713 1810460 312549912 2135332
1787138723740 1810460 312549912 2135332
1787138723769 1792008 0 2135332
1787138723798 1792008 312549912 2135332
1787138723827 1792008 312549912 2135332
1787138723855 1792008 312549912 2135332
1787138723884 1773920 312549912 2135332
1787138723911 1773920 312549912 2135332
1787138723939 1773920 0 2135332
1787138723967 1773920 312549912 2135332
1787138723995 1773920 312549912 2135332
1787138724023 1773920 312549912 2135332
1787138724054 1774268 312549912 2135332
1787138724085 1774268 312549912 2135332
1787138724114 1755816 312549912 2135332
1787138724141 1755816 312549912 0
1787138724169 1755816 312549912 2135332
1787138724197 1755816 312549912 2135332
1787138724227 1737732 312549912 2135332
1787138724257 1737732 312549912 2135332
1787138724290 1737728 312549912 2135332
1787138724318 1737728 312549912 2135332
1787138724346 1737728 312549912 2135332
1787138724374 1737728 312549912 2135332
1787138724403 1737728 312549912 2135332
1787138724436 1719564 312549912 2135332
1787138724464 1719564 312549912 2135332
1787138724493 1719564 312549912 2135332
1787138724521 1719564 312549912 2135332
1787138724554 1702156 312549912 2135332
1787138724587 653680 312549912 2135332
1787138724614 653808 328598316 2135332
1787138724639 653808 328598316 2135332
1787138724664 653808 328598316 2135332
1787138724688 653808 328598316 2135332
1787138724713 653808 328598316 2135332
1787138724738 653808 328598316 2135332
1787138724762 653808 328598316 2135332
1787138724787 653808 328598316 2135332
1787138724812 653808 328598316 2135332
1787138724836 653808 328598316 2135332
1787138724860 653808 328598316 2135332
1787138724885 653808 328598316 2135332
1787138724909 653808 328598316 2135332
1787138724934 653808 328598316 2135332
1787138724959 653808 328598316 2135332
1787138724984 653808 328598316 2135332
1787138725008 653808 328598316 2135332
1787138725033 653808 328598316 2135332
1787138725058 653808 328598316 2135332
1787138725082 653808 328598316 2135332
1787138725106 653808 328598316 2135332
1787138725132 653808 328598316 2135332
1787138725157 653808 328598316 2135332
1787138725181 653808 328598316 2135332
1787138725206 653808 328598316 2135332
1787138725230 653808 328598316 2135332
1787138725255 653808 328598316 2135332
1787138725280 653808 328598316 2135332
1787138725305 653808 328598316 2135332
1787138725330 653808 328598316 2135332
1787138725354 653808 328598316 2135332
1787138725379 653808 328598316 2135332
1787138725404 653808 328598316 2135332
1787138725429 653808 328598316 2135332
1787138725454 653808 328598316 2135332
1787138725479 653808 328598316 2135332
1787138725504 653808 328598316 2135332
1787138725528 653808 328598316 2135332
1787138725553 653808 328598316 2135332
1787138725577 653808 328598316 2135332
1787138725602 662012 328663856 2135332
1787138725627 719356 328663856 2135332
1787138725652 719356 328663856 2135332
1787138725694 790040 328731448 2135332
1787138725719 806588 328731448 2135332
1787138725744 809332 328731448 2135332
1787138725769 809332 328731448 2135332
1787138725793 809876 328731448 2135332
1787138725818 827312 328731448 2135332
1787138725844 840556 328731448 2135332
1787138725870 840556 328731448 2135332
1787138725896 840556 328731448 2135332
1787138725921 849112 328731448 2135332
1787138725948 867580 328731448 2135332
1787138725974 873204 328731448 2135332
1787138725999 873204 328731448 2135332
1787138726025 873204 328731448 2135332
1787138726050 890604 328731448 2135332
1787138726076 907772 328731448 2135332
1787138726103 907772 328731448 2135332
1787138726129 907772 328731448 2135332
1787138726156 915032 328731448 2135332
1787138726181 933452 328731448 2135332
1787138726208 940984 328731448 2135332
1787138726235 940984 328731448 2135332
1787138726262 940984 328731448 2135332
1787138726288 958072 328731448 2135332
1787138726314 976400 328731448 2135332
1787138726340 977092 328731448 2135332
1787138726367 977092 328731448 2135332
1787138726394 982340 328731448 2135332
1787138726422 999968 328731580 2135332
1787138726449 1009448 328731580 2135332
1787138726476 1009448 328731580 2135332
1787138726502 1009448 328731580 2135332
1787138726530 1029008 328731580 2135332
1787138726558 1049508 328731580 2135332
1787138726585 1049508 328731580 2135332
1787138726614 1049508 328731580 2135332
1787138726641 1058532 328731580 2135332
1787138726669 1081420 328731580 2135332
1787138726697 1094064 328731580 2135332
1787138726725 1094064 328731580 2135332
1787138726753 1094064 328731580 2135332
1787138726780 1113148 328731580 2135332
1787138726808 1133884 328731580 2135332
1787138726837 1135232 328731580 2135332
1787138726865 1135232 328731580 2135332
1787138726893 1142712 328731580 2135332
1787138726921 1162680 328731580 2135332
1787138726950 1173832 328731580 2135332
1787138726978 1173832 328731580 2135332
1787138727006 1173832 328731580 2135332
1787138727035 1191116 328731580 2135332
1787138727064 1212828 328731580 2135332
1787138727094 1212828 328731580 2135332
1787138727123 1212828 328731580 2135332
1787138727152 1225552 328731580 2135332
1787138727182 1238904 328731580 2135332
1787138727211 1243992 328731580 2135332
1787138727240 1243992 328731580 2135332
1787138727269 1249592 328731580 2135332
1787138727300 1274684 328731580 2135332
1787138727329 1289468 328731580 2135332
1787138727359 1289468 328731580 2135332
1787138727388 1289468 328731580 2135332
1787138727417 1310956 328731580 2135332
1787138727447 1333848 328731580 2135332
1787138727477 1333848 328731580 2135332
1787138727507 1333848 328731580 2135332
1787138727537 1348768 328731580 2135332
1787138727568 1369092 328731732 2135332
1787138727598 1371308 328731732 2135332
1787138727629 1371308 328731732 2135332
1787138727659 1380672 328731732 2135332
1787138727689 1399756 328731732 2135332
1787138727720 1411924 328731732 2135332
1787138727751 1411924 328731732 2135332
1787138727782 1412704 328731732 2135332
1787138727812 1426948 328731732 2135332
1787138727843 1444108 328731732 2135332
1787138727873 1444108 328731732 2135332
1787138727904 1444108 328731732 2135332
1787138727935 1455056 328731732 2135332
1787138727965 1474864 328731732 2135332
1787138727996 1481004 328731732 2135332
1787138728027 1481004 328731732 2135332
1787138728059 1485728 328731732 2135332
1787138728090 1507788 328731732 2135332
1787138728122 1521712 328731732 2135332
1787138728153 1521712 328731732 2135332
1787138728185 1521712 328731732 2135332
1787138728217 1538500 328731732 2135332
1787138728249 1557340 328731732 2135332
1787138728281 1557340 328731732 2135332
1787138728314 1557340 328731732 2135332
1787138728346 1573544 328731732 2135332
1787138728378 1424644 328731732 2135332
1787138728409 785420 328731732 2135332
1787138728458 787348 328731868 2135332
1787138728524 787400 328731868 2135332
1787138728583 787408 328731868 2135332
1787138728632 800536 328731868 2135332
1787138728659 825268 328731868 2135332
1787138728686 852176 328731868 2135332
1787138728713 852092 328731868 2135332
1787138728740 874408 328731868 2135332
1787138728767 893880 328731868 2135332
1787138728796 916840 328731868 2135332
1787138728823 939324 328731868 2135332
1787138728851 961688 328731868 2135332
1787138728878 984024 328731868 2135332
1787138728906 1006524 328731868 2135332
1787138728934 1029400 328731868 2135332
1787138728963 1052628 328731868 2135332
1787138728991 1076092 328731868 2135332
1787138729020 1094924 328731868 2135332
1787138729050 794648 328731868 2135332
1787138729076 815044 328731868 2135332
1787138729103 837264 328731868 2135332
1787138729130 859396 328731868 2135332
1787138729157 881524 328731868 2135332
1787138729185 904312 328731868 2135332
1787138729213 927548 328731868 2135332
1787138729241 950680 328731868 2135332
1787138729269 968628 328732016 2135332
1787138729297 991228 328732016 2135332
1787138729326 1012600 328732016 2135332
1787138729355 805464 328732016 2135332
1787138729382 825476 328732016 2135332
1787138729409 821356 328732016 2135332
1787138729436 844136 328732016 2135332
1787138729464 866916 328732016 2135332
1787138729492 787500 328732016 2135332
1787138729527 787500 328732016 2135332
1787138729588 787500 328732016 2135332
1787138729655 787524 328732016 2135332
1787138729700 795060 328732016 2135332
1787138729727 811936 328732016 2135332
1787138729756 826144 328732016 2135332
1787138729784 842876 328732016 2135332
1787138729812 862436 328732016 2135332
1787138729841 880216 328732016 2135332
1787138729870 899780 328732016 2135332
1787138729899 919980 328732016 2135332
1787138729928 940140 328732016 2135332
1787138729957 960692 328732016 2135332
1787138729987 981364 328732016 2135332
1787138730017 998740 328732016 2135332
1787138730047 1016468 328732016 2135332
1787138730077 1033448 328732016 2135332
1787138730107 1053928 328732016 2135332
1787138730138 1073936 328732016 2135332
1787138730168 1095068 328732016 2135332
1787138730198 1115992 328732016 2135332
1787138730228 1137084 328732016 2135332
1787138730260 1158656 328732016 2135332
1787138730292 1178896 328732016 2135332
1787138730322 1199724 328732016 2135332
1787138730355 1219808 328732016 2135332
1787138730386 1242168 328732016 2135332
1787138730419 1262052 328732016 2135332
1787138730451 1276252 328732016 2135332
1787138730483 1298756 328732016 2135332
1787138730514 1321200 328732016 2135332
1787138730545 1343820 328732016 2135332
1787138730579 1367720 328732016 2135332
1787138730612 1389552 328732016 2135332
1787138730645 1411360 328732016 2135332
1787138730678 1431368 328732016 2135332
1787138730710 1453880 328732016 2135332
1787138730743 1469700 328732016 2135332
1787138730776 1491376 328732016 2135332
1787138730811 1514900 328732016 2135332
1787138730845 1539368 328732016 2135332
1787138730879 1559948 328732016 2135332
1787138730913 1572324 328732016 2135332
1787138730946 1572324 328732016 2135332
1787138730980 1572324 328732016 2135332
1787138731014 1596252 328732016 2135332
1787138731049 1602792 328732016 2135332
1787138731083 1602792 328732016 2135332
1787138731118 1611332 328732016 2135332
1787138731153 1138708 328732016 2135332
1787138731183 787244 328732016 2135332
1787138731228 787576 328732148 2135332
1787138731294 787596 328732148 2135332
1787138731345 787600 328732148 2135332
1787138731403 801448 328732148 2135332
1787138731433 835348 328732148 2135332
1787138731462 855528 328732148 2135332
1787138731492 859360 328732148 2135332
1787138731521 882492 328732148 2135332
1787138731552 904748 328732148 2135332
1787138731582 929620 328732148 2135332
1787138731613 954572 328732148 2135332
1787138731643 980008 328732148 2135332
1787138731674 1005456 328732148 2135332
1787138731705 1030996 328732148 2135332
1787138731737 1055584 328732148 2135332
1787138731768 1081272 328732148 2135332
1787138731800 956540 328732148 2135332
1787138731829 802804 328732148 2135332
1787138731859 826884 328732148 2135332
1787138731889 851444 328732148 2135332
1787138731920 876568 328732148 2135332
1787138731950 901568 328732148 2135332
1787138731981 926804 328732148 2135332
1787138732012 952036 328732148 2135332
1787138732044 974424 328732148 2135332
1787138732075 997568 328732148 2135332
1787138732107 1033744 328732148 2135332
1787138732138 817512 328732148 2135332
1787138732168 815500 328732148 2135332
1787138732198 838100 328732148 2135332
1787138732229 863048 328732148 2135332
1787138732276 787640 328732148 2135332
1787138732341 787640 328732148 2135332
1787138732393 787664 328732148 2135332
1787138732469 800456 328732148 2135332
1787138732500 817068 328732148 2135332
1787138732531 838596 328732148 2135332
1787138732561 862872 328732148 2135332
1787138732592 885044 328732148 2135332
1787138732623 910424 328732148 2135332
1787138732654 936172 328732148 2135332
1787138732686 962376 328732148 2135332
1787138732718 988496 328732148 2135332
1787138732750 1014068 328732148 2135332
1787138732783 1034588 328732148 2135332
1787138732815 1060764 328732148 2135332
1787138732849 1085804 328732148 2135332
1787138732882 1113080 328732148 2135332
1787138732915 1140672 328732148 2135332
1787138732949 1165824 328732148 2135332
1787138732983 1192804 328732148 2135332
1787138733017 1217248 328732148 2135332
1787138733052 1244224 328732148 2135332
1787138733086 1268000 328732148 2135332
1787138733120 1287460 328732148 2135332
1787138733155 1315596 328732148 2135332
1787138733190 1343712 328732148 2135332
1787138733225 1372168 328732148 2135332
1787138733260 1396920 328732148 2135332
1787138733295 1422180 328732148 2135332
1787138733331 1448084 328732148 2135332
1787138733367 1467520 328732148 2135332
1787138733402 1493844 328732148 2135332
1787138733440 1522264 328732148 2135332
1787138733477 1551584 328732148 2135332
1787138733514 1576060 328732148 2135332
1787138733552 1606832 328732148 2135332
1787138733589 1609076 328732148 2135332
1787138733627 1609076 328732148 2135332
1787138733665 1473168 328732148 2135332
1787138733700 787368 328732148 2135332
1787138733743 787716 328732280 2135332
1787138733793 787716 328732280 2135332
1787138733851 787740 328732280 2135332
1787138733917 793872 328732280 2135332
1787138733949 817064 328732280 2135332
1787138733981 853608 328732280 2135332
1787138734014 858652 328732280 2135332
1787138734046 884772 328732280 2135332
1787138734079 910124 328732280 2135332
1787138734111 937344 328732280 2135332
1787138734144 964536 328732280 2135332
1787138734178 992220 328732280 2135332
1787138734211 1020308 328732280 2135332
1787138734245 1048736 328732280 2135332
1787138734280 1077692 328732280 2135332
1787138734315 1026808 328732280 2135332
1787138734347 798916 328732280 2135332
1787138734379 822116 328732280 2135332
1787138734412 845448 328732280 2135332
1787138734444 868940 328732280 2135332
1787138734477 892348 328732280 2135332
1787138734510 916000 328732280 2135332
1787138734544 939808 328732280 2135332
1787138734577 963608 328732280 2135332
1787138734611 984760 328732280 2135332
1787138734645 1006508 328732280 2135332
1787138734679 909928 328732280 2135332
1787138734711 823212 328732280 2135332
1787138734744 820476 328732280 2135332
1787138734777 843652 328732280 2135332
1787138734810 867304 328732280 2135332
1787138734848 787776 328732280 2135332
1787138734900 787776 328732280 2135332
1787138734959 787792 328732280 2135332
1787138735053 802492 328732280 2135332
1787138735087 822604 328732280 2135332
1787138735121 847160 328732280 2135332
1787138735155 873700 328732280 2135332
1787138735189 901788 328732280 2135332
1787138735225 930436 328732280 2135332
1787138735259 958968 328732280 2135332
1787138735295 987872 328732280 2135332
1787138735330 1016796 328732280 2135332
1787138735365 1042192 328732280 2135332
1787138735401 1069012 328732280 2135332
1787138735437 1098320 328732280 2135332
1787138735474 1127940 328732280 2135332
1787138735510 1157572 328732280 2135332
1787138735547 1185636 328732280 2135332
1787138735584 1215188 328732280 2135332
1787138735621 1243132 328732280 2135332
1787138735658 1268280 328732280 2135332
1787138735695 1291412 328732280 2135332
1787138735732 1322788 328732280 2135332
1787138735770 1354284 328732280 2135332
1787138735808 1383656 328732280 2135332
1787138735846 1412520 328732280 2135332
1787138735885 1440680 328732280 2135332
1787138735924 1462128 328732280 2135332
1787138735962 1491376 328732280 2135332
1787138736001 1522084 328732280 2135332
1787138736041 1553368 328732280 2135332
1787138736081 1581396 328732280 2135332
1787138736121 1615020 328732280 2135332
1787138736161 836872 328732280 2135332
1787138736235 787852 328732412 2135332
1787138736316 787872 328732412 2135332
1787138736376 787876 328732412 2135332
1787138736412 805408 328732412 2135332
1787138736448 841724 328732412 2135332
1787138736483 845140 328732412 2135332
1787138736519 869620 328732412 2135332
1787138736555 893096 328732412 2135332
1787138736591 917984 328732412 2135332
1787138736627 943056 328732412 2135332
1787138736663 967856 328732412 2135332
1787138736699 993248 328732412 2135332
1787138736736 1018840 328732412 2135332
1787138736773 1044572 328732412 2135332
1787138736810 1070272 328732412 2135332
1787138736848 1094132 328732412 2135332
1787138736885 796236 328732412 2135332
1787138736920 819508 328732412 2135332
1787138736956 844168 328732412 2135332
1787138736992 868820 328732412 2135332
1787138737028 893680 328732412 2135332
1787138737064 918776 328732412 2135332
1787138737101 943836 328732412 2135332
1787138737138 966468 328732412 2135332
1787138737174 991648 328732412 2135332
1787138737212 1017320 328732412 2135332
1787138737249 815908 328732412 2135332
1787138737285 816024 328732412 2135332
1787138737321 839836 328732412 2135332
1787138737357 865460 328732412 2135332
1787138737404 787916 328732412 2135332
1787138737511 787940 328732412 2135332
1787138737590 789476 328732412 2135332
1787138737631 817284 328732412 2135332
1787138737667 839876 328732412 2135332
1787138737704 868844 328732412 2135332
1787138737740 897476 328732412 2135332
1787138737776 927236 328732412 2135332
1787138737813 953912 328732412 2135332
1787138737850 979560 328732412 2135332
1787138737887 1005028 328732412 2135332
1787138737924 1029868 328732412 2135332
1787138737963 1055876 328732412 2135332
1787138738002 1080688 328732412 2135332
1787138738040 1107628 328732412 2135332
1787138738080 1134816 328732412 2135332
1787138738119 1160540 328732412 2135332
1787138738159 1187348 328732412 2135332
1787138738199 1214592 328732412 2135332
1787138738239 1240888 328732412 2135332
1787138738279 1265560 328732412 2135332
1787138738320 1286408 328732412 2135332
1787138738360 1314572 328732412 2135332
1787138738401 1342916 328732412 2135332
1787138738442 1371712 328732412 2135332
1787138738484 1397248 328732412 2135332
1787138738525 1423824 328732412 2135332
1787138738567 1451720 328732412 2135332
1787138738609 1472360 328732412 2135332
1787138738652 1499336 328732412 2135332
1787138738694 1528256 328732412 2135332
1787138738737 1556352 328732412 2135332
1787138738780 1582532 328732412 2135332
1787138738823 1612624 328732412 2135332
1787138738865 1005448 328732412 2135332
1787138738904 787996 328732544 2135332
1787138738966 787996 328732544 2135332
1787138739036 788016 328732544 2135332
1787138739104 799424 328732544 2135332
1787138739142 837516 328732544 2135332
1787138739179 846116 328732544 2135332
1787138739218 877456 328732544 2135332
1787138739256 906220 328732544 2135332
1787138739294 937192 328732544 2135332
1787138739334 968836 328732544 2135332
1787138739373 1000556 328732544 2135332
1787138739412 1032008 328732544 2135332
1787138739451 1062324 328732544 2135332
1787138739491 1093720 328732544 2135332
1787138739529 797928 328732544 2135332
1787138739567 827516 328732544 2135332
1787138739605 859040 328732544 2135332
1787138739643 890080 328732544 2135332
1787138739681 921460 328732544 2135332
1787138739719 952028 328732544 2135332
1787138739758 979164 328732544 2135332
1787138739798 1009376 328732544 2135332
1787138739838 810932 328732544 2135332
1787138739876 814876 328732544 2135332
1787138739915 842576 328732544 2135332
1787138739953 870136 328732544 2135332
1787138740025 788060 328732544 2135332
1787138740090 788080 328732544 2135332
1787138740157 788084 328732544 2135332
1787138740204 814308 328732544 2135332
1787138740243 837104 328732544 2135332
1787138740282 868280 328732544 2135332
1787138740321 899312 328732544 2135332
1787138740361 931096 328732544 2135332
1787138740400 963060 328732544 2135332
1787138740440 995504 328732544 2135332
1787138740480 1027128 328732544 2135332
1787138740521 1057700 328732544 2135332
1787138740562 1088764 328732544 2135332
1787138740604 1121740 328732544 2135332
1787138740645 1155028 328732544 2135332
1787138740686 1187240 328732544 2135332
1787138740728 1219996 328732544 2135332
1787138740769 1251256 328732544 2135332
1787138740811 1273436 328732544 2135332
1787138740854 1308648 328732544 2135332
1787138740897 1343716 328732544 2135332
1787138740940 1378340 328732544 2135332
1787138740984 1410644 328732544 2135332
1787138741029 1444068 328732544 2135332
1787138741072 1468828 328732544 2135332
1787138741117 1501340 328732544 2135332
1787138741162 1538284 328732544 2135332
1787138741207 1570164 328732544 2135332
1787138741252 1606140 328732544 2135332
1787138741298 1016324 328732544 2135332
1787138741346 788140 328732676 2135332
1787138741424 788160 328732676 2135332
1787138741527 803812 328732676 2135332
1787138741568 846348 328732676 2135332
1787138741609 858000 328732676 2135332
1787138741650 889324 328732676 2135332
1787138741691 923084 328732676 2135332
1787138741733 957552 328732676 2135332
1787138741775 992228 328732676 2135332
1787138741825 1033120 328732676 2135332
1787138741867 1067604 328732676 2135332
1787138741909 1077868 328732676 2135332
1787138741948 808080 328732676 2135332
1787138741990 841568 328732676 2135332
1787138742031 875036 328732676 2135332
1787138742072 908892 328732676 2135332
1787138742114 943012 328732676 2135332
1787138742158 976012 328732676 2135332
1787138742201 1009044 328732676 2135332
1787138742244 812300 328732676 2135332
1787138742285 819348 328732676 2135332
1787138742327 851592 328732676 2135332
1787138742369 787928 328732676 2135332
1787138742447 788204 328732676 2135332
1787138742527 788228 328732676 2135332
1787138742607 803496 328732676 2135332
1787138742648 829624 328732676 2135332
1787138742690 860372 328732676 2135332
1787138742732 892416 328732676 2135332
1787138742774 926100 328732676 2135332
1787138742817 961244 328732676 2135332
1787138742860 996756 328732676 2135332
1787138742903 1030612 328732676 2135332
1787138742947 1064220 328732676 2135332
1787138742990 1098840 328732676 2135332
1787138743034 1135292 328732676 2135332
1787138743078 1169920 328732676 2135332
1787138743123 1206868 328732676 2135332
1787138743168 1240888 328732676 2135332
1787138743213 1268804 328732676 2135332
1787138743259 1300096 328732676 2135332
1787138743305 1337756 328732676 2135332
1787138743351 1375628 328732676 2135332
1787138743397 1408876 328732676 2135332
1787138743443 1443468 328732676 2135332
1787138743489 1470500 328732676 2135332
1787138743536 1502668 328732676 2135332
1787138743584 1540160 328732676 2135332
1787138743632 1572472 328732676 2135332
1787138743680 1610492 328732676 2135332
1787138743728 1619572 328732676 2135332
1787138743777 1619572 328732676 2135332
1787138743825 1291396 328732676 2135332
1787138743871 788280 328732808 2135332
1787138743967 788300 328732808 2135332
1787138744039 788304 328732808 2135332
1787138744103 836048 328732808 2135332
1787138744147 848124 328732808 2135332
1787138744190 883252 328732808 2135332
1787138744234 917176 328732808 2135332
1787138744279 952992 328732808 2135332
1787138744323 988808 328732808 2135332
1787138744368 1024836 328732808 2135332
1787138744413 1061148 328732808 2135332
1787138744458 1097160 328732808 2135332
1787138744501 807764 328732808 2135332
1787138744545 842868 328732808 2135332
1787138744589 878660 328732808 2135332
1787138744633 914504 328732808 2135332
1787138744678 951104 328732808 2135332
1787138744723 984076 328732808 2135332
1787138744769 1018288 328732808 2135332
1787138744813 823864 328732808 2135332
1787138744856 831940 328732808 2135332
1787138744901 867588 328732808 2135332
1787138744964 788340 328732808 2135332
1787138745048 788360 328732808 2135332
1787138745123 789004 328732808 2135332
1787138745175 817724 328732808 2135332
1787138745219 843176 328732808 2135332
1787138745264 873472 328732808 2135332
1787138745308 909768 328732808 2135332
1787138745353 946280 328732808 2135332
1787138745399 983004 328732808 2135332
1787138745444 1017604 328732808 2135332
1787138745489 1049316 328732808 2135332
1787138745535 1085496 328732808 2135332
1787138745581 1123544 328732808 2135332
1787138745627 1160876 328732808 2135332
1787138745674 1199192 328732808 2135332
1787138745721 1232008 328732808 2135332
1787138745769 1265512 328732808 2135332
1787138745818 1296696 328732808 2135332
1787138745867 1336224 328732808 2135332
1787138745916 1375988 328732808 2135332
1787138745965 1411164 328732808 2135332
1787138746014 1448180 328732808 2135332
1787138746063 1478364 328732808 2135332
1787138746113 1514156 328732808 2135332
1787138746162 1553156 328732808 2135332
1787138746212 1589244 328732808 2135332
1787138746263 1421056 328732808 2135332
1787138746307 788408 328732940 2135332
1787138746387 788412 328732940 2135332
1787138746491 788436 328732940 2135332
1787138746549 810884 328732940 2135332
1787138746595 856456 328732940 2135332
1787138746641 874056 328732940 2135332
1787138746688 910028 328732940 2135332
1787138746734 948580 328732940 2135332
1787138746782 987012 328732940 2135332
1787138746829 1026144 328732940 2135332
1787138746877 1065560 328732940 2135332
1787138746926 974692 328732940 2135332
1787138746972 817256 328732940 2135332
1787138747018 855184 328732940 2135332
1787138747066 893288 328732940 2135332
1787138747113 931552 328732940 2135332
1787138747160 966840 328732940 2135332
1787138747208 1003464 328732940 2135332
1787138747256 812240 328732940 2135332
1787138747304 821700 328732940 2135332
1787138747350 859696 328732940 2135332
1787138747404 788484 328732940 2135332
1787138747469 788484 328732940 2135332
1787138747548 788508 328732940 2135332
1787138747618 816296 328732940 2135332
1787138747666 841400 328732940 2135332
1787138747713 871888 0 2135332
1787138747760 904316 328732940 2135332
1787138747808 937348 328732940 2135332
1787138747856 970692 328732940 2135332
1787138747905 1002068 328732940 2135332
1787138747954 1029708 328732940 2135332
1787138748004 1062560 328732940 2135332
1787138748053 1095184 328732940 2135332
1787138748103 1129688 328732940 2135332
1787138748152 1162740 328732940 2135332
1787138748202 1197164 328732940 2135332
1787138748253 1230784 328732940 2135332
1787138748304 1263244 328732940 2135332
1787138748355 1290364 328732940 2135332
1787138748406 1325164 328732940 2135332
1787138748458 1359648 328732940 2135332
1787138748510 1393640 328732940 2135332
1787138748562 1426724 328732940 2135332
1787138748615 1455140 328732940 2135332
1787138748667 1488764 328732940 2135332
1787138748720 1525260 328732940 2135332
1787138748773 1559200 328732940 2135332
1787138748826 1595616 328732940 2135332
1787138748880 1360252 328732940 2135332
1787138748928 788548 328733076 2135332
1787138749023 788552 328733076 2135332
1787138749117 788576 328733076 2135332
1787138749175 834884 328733076 2135332
1787138749224 846276 328733076 2135332
1787138749273 879904 328733076 2135332
1787138749323 912088 328733076 2135332
1787138749372 946388 328733076 2135332
1787138749422 980296 328733076 2135332
1787138749472 1014964 328733076 2135332
1787138749522 1049900 328733076 2135332
1787138749573 1084736 328733076 2135332
1787138749624 792868 328733076 2135332
1787138749673 826228 328733076 2135332
1787138749722 860088 328733076 2135332
1787138749772 894128 328733076 2135332
1787138749822 928880 328733076 2135332
1787138749872 963772 328733076 2135332
1787138749923 993952 328733076 2135332
1787138749974 962892 328733076 2135332
1787138750023 827368 328733076 2135332
1787138750073 841156 328733076 2135332
1787138750122 871964 328733076 2135332
1787138750206 788624 328733076 2135332
1787138750269 788644 328733076 2135332
1787138750373 792844 328733076 2135332
1787138750423 818200 328733076 2135332
1787138750474 852024 328733076 2135332
1787138750523 885788 328733076 2135332
1787138750574 920432 328733076 2135332
1787138750624 955176 328733076 2135332
1787138750675 989872 328733076 2135332
1787138750725 1024592 328733076 2135332
1787138750776 1056912 328733076 2135332
1787138750827 1090724 328733076 2135332
1787138750879 1126380 328733076 2135332
1787138750931 1161052 328733076 2135332
1787138750983 1196200 328733076 2135332
1787138751036 1230664 328733076 2135332
1787138751089 1259796 328733076 2135332
1787138751142 1287976 328733076 2135332
1787138751195 1324928 328733076 2135332
1787138751249 1361996 328733076 2135332
1787138751303 1396184 328733076 2135332
1787138751357 1429304 328733076 2135332
1787138751411 1458484 328733076 2135332
1787138751466 1494332 328733076 2135332
1787138751522 1530648 328733076 2135332
1787138751577 1565300 328733076 2135332
1787138751633 1601992 328733076 2135332
1787138751689 1158252 328733076 2135332
1787138751749 788696 328733220 2135332
1787138751841 788712 328733220 2135332
1787138751914 788716 328733220 2135332
1787138751978 836668 328733220 2135332
1787138752029 851024 328733220 2135332
1787138752081 885732 328733220 2135332
1787138752133 920136 328733220 2135332
1787138752186 957544 328733220 2135332
1787138752238 995540 328733220 2135332
1787138752291 1033740 328733220 2135332
1787138752344 1071752 328733220 2135332
1787138752399 994396 328733220 2135332
1787138752451 821620 328733220 2135332
1787138752503 864420 328733220 2135332
1787138752556 907700 328733220 2135332
1787138752608 950980 328733220 2135332
1787138752661 988064 328733220 2135332
1787138752715 992204 328733220 2135332
1787138752767 816012 328733220 2135332
1787138752819 857440 328733220 2135332
1787138752887 788756 328733220 2135332
1787138753014 788780 328733220 2135332
1787138753090 805592 328733220 2135332
1787138753142 833688 328733220 2135332
1787138753195 869108 328733220 2135332
1787138753249 905572 328733220 2135332
1787138753302 943452 328733220 2135332
1787138753356 980852 328733220 2135332
1787138753410 1018972 328733220 2135332
1787138753465 1053648 328733220 2135332
1787138753520 1090276 328733220 2135332
1787138753575 1128580 328733220 2135332
1787138753631 1164860 328733220 2135332
1787138753686 1204556 328733220 2135332
1787138753741 1242852 328733220 2135332
1787138753797 1271916 328733220 2135332
1787138753853 1311672 328733220 2135332
1787138753910 1352276 328733220 2135332
1787138753966 1390620 328733220 0
1787138754024 1427936 328733220 2135332
1787138754081 1458492 328733220 2135332
1787138754139 1497472 328733220 2135332
1787138754197 1537440 328733220 2135332
1787138754256 1574232 328733220 2135332
1787138754314 1616880 328733220 2135332
1787138754371 786964 328733220 2135332
1787138754456 788832 328733356 2135332
1787138754543 788848 328733356 2135332
1787138754644 805336 328733356 2135332
1787138754698 852540 328733356 2135332
1787138754752 868916 328733356 2135332
1787138754808 905268 328733356 2135332
1787138754863 943480 328733356 2135332
1787138754918 982752 328733356 2135332
1787138754974 1021936 328733356 2135332
1787138755030 1060920 328733356 2135332
1787138755086 1094716 328733356 2135332
1787138755141 806448 328733356 2135332
1787138755195 844036 328733356 2135332
1787138755250 881668 328733356 2135332
1787138755305 919456 328733356 2135332
1787138755360 957816 328733356 2135332
1787138755415 992456 328733356 2135332
1787138755471 999912 328733356 2135332
1787138755525 812464 328733356 2135332
1787138755579 849096 328733356 2135332
1787138755646 788896 328733356 2135332
1787138755723 788900 328733488 2135332
1787138755811 788924 328733488 2135332
1787138755877 818280 328733488 2135332
1787138755933 852812 328733488 2135332
1787138755988 890448 328733488 2135332
1787138756044 929396 328733488 2135332
1787138756101 968572 328733488 2135332
1787138756157 1007948 328733488 2135332
1787138756214 1043776 328733488 2135332
1787138756272 1081752 328733488 2135332
1787138756330 1121552 328733488 2135332
1787138756388 1161204 328733488 2135332
1787138756447 1201172 328733488 2135332
1787138756506 1240044 328733488 2135332
1787138756565 1272008 328733488 2135332
1787138756625 1310456 328733488 2135332
1787138756684 1351660 328733488 2135332
1787138756744 1390976 328733488 2135332
1787138756805 1428852 328733488 2135332
1787138756865 1461004 328733488 2135332
1787138756926 1500320 328733488 2135332
1787138756988 1542864 328733488 2135332
1787138757049 1580000 328733488 2135332
1787138757111 1622668 328733488 2135332
1787138757174 1624032 328733488 2135332
1787138757236 1624032 328733488 2135332
1787138757295 788648 328733488 2135332
1787138757365 788976 328733488 2135332
1787138757456 789000 328733488 2135332
1787138757542 818312 328733488 2135332
1787138757599 848340 328733488 2135332
1787138757656 887560 328733488 2135332
1787138757714 925316 328733488 2135332
1787138757771 965696 328733488 2135332
1787138757828 1007348 328733488 2135332
1787138757886 1049004 328733488 2135332
1787138757944 1090608 328733488 2135332
1787138758000 802324 328733488 2135332
1787138758056 841028 328733488 2135332
1787138758114 880796 328733488 2135332
1787138758173 921352 328733488 2135332
1787138758231 961672 328733488 2135332
1787138758290 998848 328733488 2135332
1787138758350 810520 328733488 2135332
1787138758408 824244 328733488 2135332
1787138758466 864272 328733488 2135332
1787138758546 789040 328733620 2135332
1787138758631 789056 328733620 2135332
1787138758733 814348 328733620 2135332
1787138758799 819220 328799156 2135332
1787138758856 819220 328799156 2135332
1787138758914 819220 328799156 2135332
1787138758972 819220 328799156 2135332
1787138759029 819220 328799156 2135332
1787138759087 819220 328799156 2135332
1787138759145 819220 328799156 2135332
1787138759202 819220 328799156 2135332
# peak_kb=2137228
# hwm_kb=2137228
# frozen_ms=0
# polled_vs_hwm_pct=0promille
