# timestamp_ms VmRSS_kB VmPeak_kB VmHWM_kB
1785800044409 253704 1196188 253704
1785800044505 255240 1197232 255240
1785800044562 257772 1206472 257772
1785800044639 259348 1206472 259348
1785800044708 259348 1206472 259348
1785800044732 259360 1206472 259360
1785800044810 260800 1206472 260800
1785800044887 260844 1206472 260844
1785800044943 260844 1206472 260844
1785800044966 260844 1206472 260844
1785800044990 260848 1206472 260848
1785800045045 260900 1206472 260900
1785800045103 260952 1206472 260952
1785800045160 261036 1206472 261036
1785800045218 263416 1214984 263416
1785800045299 265264 1216008 265264
1785800045365 265272 1216008 265272
1785800045423 265324 1216008 265324
1785800045479 265436 1216008 265436
1785800045534 265560 1216008 265560
1785800045592 266916 1217032 266916
1785800045671 268900 1219428 268900
1785800045728 268936 1219428 268936
1785800045785 268948 1219428 268948
1785800045842 268960 1219428 268960
1785800045900 270452 1220872 270452
1785800045979 271740 1221548 271740
1785800046048 271740 1221548 271740
1785800046071 271740 1221548 271740
1785800046093 271920 1221680 271920
1785800046153 271956 1221936 271956
1785800046213 271956 1221936 271956
1785800046237 271956 1221936 271956
1785800046261 272072 1221936 272072
1785800046319 281752 1229712 281728
1785800046414 284376 1231828 284376
1785800046474 284376 1231828 284376
1785800046498 284376 1231828 284376
1785800046522 284376 1231828 284376
1785800046546 284384 1231828 284384
1785800046603 284456 1232852 284456
1785800046660 285060 1232852 285060
1785800046742 288200 2080108 288200
1785800046833 289612 2080108 289612
1785800046889 289676 2080108 289676
1785800046946 290296 2080108 290296
1785800047002 290296 2080108 290296
1785800047027 290368 2080108 290368
1785800047086 293084 2080108 293084
1785800047169 295212 2080108 295212
1785800047242 297288 2080108 297288
1785800047330 297320 2080108 297320
1785800047395 298408 2080640 298408
1785800047456 433720 2889628 433700
1785800047572 476016 2889628 476016
1785800047681 510500 2889628 510500
1785800047793 560924 2889628 560924
1785800047908 588328 2889628 588328
1785800048027 631696 2889628 631696
1785800048141 646056 2889628 646056
1785800048261 673264 2889628 673264
1785800048377 690960 2889628 690960
1785800048500 711772 2889628 711772
1785800048618 730140 2889628 730140
1785800048733 745088 2889628 745088
1785800048854 755448 2889628 755448
1785800048956 760888 2889628 760888
1785800049046 764056 2889628 764056
1785800049150 779812 2889628 779812
1785800049273 803412 2889628 803412
1785800049399 821588 2889628 821588
1785800049536 907232 2889628 907232
1785800049670 926848 2889628 926848
1785800049805 969092 2889628 969092
1785800049939 997284 2889628 997284
1785800050076 1023784 2889628 1023784
1785800050219 1041200 2889628 1041200
1785800050332 1070772 2889628 1070772
1785800050475 1108268 2889628 1108268
1785800050620 1132856 2889628 1132856
1785800050792 858852 2889628 1130296
1785800050822 944096 2889628 1130296
1785800050853 967616 2889628 1130296
1785800050882 967616 2889628 1130296
1785800050910 1022088 2889628 1130296
1785800050940 1098516 2889628 1130296
1785800050971 1107840 2889628 1130296
1785800050999 1141468 2889628 1141468
1785800051075 1145200 2889628 1145200
1785800051177 1147848 2889628 1147848
1785800051249 1147888 2889628 1147888
1785800051322 1181556 2889628 1181556
1785800051438 1182984 2889628 1182984
1785800051504 1183368 2889628 1183368
1785800051571 1187592 2889628 1187592
1785800051641 1198016 2889628 1198016
1785800051742 1198784 2889628 1198784
1785800051814 1198784 2889628 1198784
1785800051843 1198784 2889628 1198784
1785800051873 1206464 2889628 1206464
1785800051961 1214144 2889628 1214144
1785800052069 1214912 2889628 1214912
1785800052142 1215680 2889628 1215680
1785800052213 1227972 2889628 1227972
1785800052315 1231812 2889628 1231812
1785800052403 1232580 2889628 1232580
1785800052475 1246796 2889628 1246632
1785800052578 1249860 2889628 1249860
1785800052648 1249860 2889628 1249860
1785800052678 1250244 2889628 1250244
1785800052749 1255264 2889628 1255100
1785800052820 1266884 2889628 1266832
1785800052946 1267912 2889628 1267912
1785800053021 1268296 2889628 1268296
1785800053095 1276792 2889628 1276792
1785800053169 1277668 2889628 1277668
1785800053240 1277668 2889628 1277668
1785800053270 1190800 2889628 1268424
1785800053300 1191536 2889628 1268424
1785800053330 1191540 2889628 1268424
1785800053361 1191600 2889628 1268424
1785800053390 1191704 2889628 1268424
1785800053418 1191784 2889628 1268424
1785800053450 1193236 2889628 1268424
1785800053480 1193384 2889628 1268424
1785800053510 1193384 2889628 1268424
1785800053539 1193388 2889628 1268424
1785800053568 1193388 2889628 1268424
1785800053597 1193392 2889628 1268424
1785800053625 1193392 2889628 1268424
1785800053654 1193396 2889628 1268424
1785800053683 1193396 2889628 1268424
1785800053712 1193396 2889628 1268424
1785800053741 1193396 2889628 1268424
1785800053770 1193396 2889628 1268424
1785800053800 1193400 2889628 1268424
1785800053829 1193408 2889628 1268424
1785800053859 1193412 2889628 1268424
1785800053888 1193412 2889628 1268424
1785800053918 1193412 2889628 1268424
1785800053948 1193412 2889628 1268424
1785800053978 1193412 2889628 1268424
1785800054007 1193412 2889628 1268424
1785800054037 1193412 2889628 1268424
1785800054067 1193412 2889628 1268424
1785800054097 1193412 2889628 1268424
1785800054126 1193412 2889628 1268424
1785800054155 1193416 2889628 1268424
1785800054184 1193416 2889628 1268424
1785800054214 1193420 2889628 1268424
1785800054243 1193420 2889628 1268424
1785800054273 1193420 2889628 1268424
1785800054303 1193420 2889628 1268424
1785800054334 1193420 2889628 1268424
1785800054365 1193420 2889628 1268424
1785800054397 1193420 2889628 1268424
1785800054428 1193420 2889628 1268424
1785800054459 1193420 2889628 1268424
1785800054491 1193420 2889628 1268424
1785800054522 1193420 2889628 1268424
1785800054554 1193420 2889628 1268424
1785800054585 1193420 2889628 1268424
1785800054617 1193420 2889628 1268424
1785800054650 1193420 2889628 1268424
1785800054681 1193420 2889628 1268424
1785800054713 1193420 2889628 1268424
1785800054745 1193420 2889628 1268424
1785800054777 1193420 2889628 1268424
1785800054808 1193420 2889628 1268424
1785800054842 1193420 2889628 1268424
1785800054874 1193420 2889628 1268424
1785800054906 1193420 2889628 1268424
1785800054939 1193420 2889628 1268424
1785800054970 1193420 2889628 1268424
1785800055001 1193420 2889628 1268424
1785800055033 1193420 2889628 1268424
1785800055066 1193420 2889628 1268424
1785800055097 1193420 2889628 1268424
1785800055128 1193420 2889628 1268424
1785800055159 1193420 2889628 1268424
1785800055189 1202732 2889628 1268424
1785800055221 1193548 2889628 1268424
1785800055251 1193548 2889628 1268424
1785800055284 1193548 2889628 1268424
1785800055317 1193548 2889628 1268424
1785800055349 1193548 2889628 1268424
1785800055381 1193548 2889628 1268424
1785800055412 1193548 2889628 1268424
1785800055445 1193548 2889628 1268424
1785800055476 1193548 2889628 1268424
1785800055509 1193548 2889628 1268424
1785800055540 1193548 2889628 1268424
1785800055572 1193548 2889628 1268424
1785800055604 1193548 2889628 1268424
1785800055636 1193548 2889628 1268424
1785800055668 1193548 2889628 1268424
1785800055700 1193548 2889628 1268424
1785800055732 1193548 2889628 1268424
1785800055764 1193548 2889628 1268424
1785800055796 1193548 2889628 1268424
1785800055828 1193548 2889628 1268424
1785800055861 1193548 2889628 1268424
1785800055894 1193548 2889628 1268424
1785800055924 1202732 2889628 1268424
1785800055955 1211856 2889628 1268424
1785800055985 1211856 2889628 1268424
1785800056014 1193548 2889628 1268424
1785800056045 1193548 2889628 1268424
1785800056075 1193548 2889628 1268424
1785800056104 1193548 2889628 1268424
1785800056133 1193548 2889628 1268424
1785800056162 1224436 2889628 1268424
1785800056193 1274416 2889628 1274416
1785800056225 1297132 2889628 1297132
1785800056363 1478108 3119400 1478108
1785800056499 1732060 3119400 1732060
1785800056626 1732060 3119400 1732060
1785800056655 1732060 3119400 1732060
1785800056684 1745808 3542748 1745808
1785800056762 1866640 3542748 1866640
1785800056895 2073488 3542748 2073488
1785800057022 1616960 3542748 2146332
1785800057053 1628316 3542748 2146332
1785800057084 1679040 3542748 2146332
1785800057115 1650676 3542748 2146332
1785800057148 1746932 3542748 2146332
1785800057180 1841140 3542748 2146332
1785800057211 1935348 3542748 2146332
1785800057243 2029556 3542748 2146332
1785800057275 2054132 3542748 2146332
1785800057306 2054132 3542748 2146332
1785800057338 2054132 3542748 2146332
1785800057372 2054132 3542748 2146332
1785800057401 2054132 3542748 2146332
1785800057429 2054132 3542748 2146332
1785800057461 2126684 3864628 2146332
1785800057589 2290524 3864628 2290524
1785800057716 2458460 3864628 2458460
1785800057843 2477480 3864628 2477480
1785800057912 2558864 3954568 2558864
1785800058044 1194228 3966096 2569832
1785800058075 1194228 3966096 2569832
1785800058109 1194228 3966096 2569832
1785800058141 1277140 3966096 2569832
1785800058176 1288564 3966096 2569832
1785800058209 1298168 3966096 2569832
1785800058241 1307000 3966096 2569832
1785800058274 1317752 3966096 2569832
1785800058300 1328264 3966096 2569832
1785800058332 1339260 3966096 2569832
1785800058367 1351164 3966096 2569832
1785800058401 1359996 3966096 2569832
1785800058434 1372672 3966096 2569832
1785800058468 1382272 3966096 2569832
1785800058501 1382272 3966096 2569832
1785800058534 1382272 3966096 2569832
1785800058566 1382272 3966096 2569832
1785800058599 1382272 3966096 2569832
1785800058630 1382272 3966096 2569832
1785800058661 1382280 3966096 2569832
1785800058693 1382320 3966096 2569832
1785800058725 1382380 3966096 2569832
1785800058755 1382440 3966096 2569832
1785800058784 1382832 3966096 2569832
1785800058815 1382852 3966096 2569832
1785800058846 1382860 3966096 2569832
1785800058876 1382860 3966096 2569832
1785800058906 1382868 3966096 2569832
1785800058939 1382872 3966096 2569832
1785800058971 1382872 3966096 2569832
1785800059002 1382880 3966096 2569832
1785800059035 1382888 3966096 2569832
1785800059067 1382892 3966096 2569832
1785800059098 1382900 3966096 2569832
1785800059129 1382908 3966096 2569832
1785800059160 1382912 3966096 2569832
1785800059191 1382920 3966096 2569832
1785800059222 1382928 3966096 2569832
1785800059254 1382932 3966096 2569832
1785800059286 1382940 3966096 2569832
1785800059316 1382944 3966096 2569832
1785800059347 1382948 3966096 2569832
1785800059380 1382952 3966096 2569832
1785800059412 1382956 3966096 2569832
1785800059444 1382964 3966096 2569832
1785800059474 1382964 3966096 2569832
1785800059505 1382968 3966096 2569832
1785800059537 1382972 3966096 2569832
1785800059569 1382976 3966096 2569832
1785800059601 1382980 3966096 2569832
1785800059635 1382980 3966096 2569832
1785800059668 1382980 3966096 2569832
1785800059701 1382980 3966096 2569832
1785800059733 1382980 3966096 2569832
1785800059765 1382980 3966096 2569832
1785800059797 1382980 3966096 2569832
1785800059830 1382980 3966096 2569832
1785800059862 1382980 3966096 2569832
1785800059895 1382980 3966096 2569832
1785800059927 1382980 3966096 2569832
1785800059960 1382980 3966096 2569832
1785800059992 1382980 3966096 2569832
1785800060025 1382980 3966096 2569832
1785800060058 1382980 3966096 2569832
1785800060091 1382980 3966096 2569832
1785800060125 1382980 3966096 2569832
1785800060158 1382980 3966096 2569832
1785800060192 1382980 3966096 2569832
1785800060226 1382980 3966096 2569832
1785800060259 1382980 3966096 2569832
1785800060292 1382980 3966096 2569832
1785800060325 1382980 3966096 2569832
1785800060359 1383000 3966096 2569832
1785800060392 1383000 3966096 2569832
1785800060426 1383000 3966096 2569832
1785800060459 1383000 3966096 2569832
1785800060493 1383000 3966096 2569832
1785800060527 1383000 3966096 2569832
1785800060560 1383000 3966096 2569832
1785800060594 1383000 3966096 2569832
1785800060627 1383000 3966096 2569832
1785800060660 1383000 3966096 2569832
1785800060694 1383000 3966096 2569832
1785800060727 1383000 3966096 2569832
1785800060761 1383000 3966096 2569832
1785800060794 1383000 3966096 2569832
1785800060828 1383000 3966096 2569832
1785800060860 1383000 3966096 2569832
1785800060894 1383000 3966096 2569832
1785800060926 1383000 3966096 2569832
1785800060960 1383000 3966096 2569832
1785800060993 1383000 3966096 2569832
1785800061027 1383000 3966096 2569832
1785800061058 1383000 3966096 2569832
1785800061092 1383000 3966096 2569832
1785800061124 1383000 3966096 2569832
1785800061157 1383000 3966096 2569832
1785800061189 1383000 3966096 2569832
1785800061221 1383000 3966096 2569832
1785800061255 1383000 3966096 2569832
1785800061288 1383000 3966096 2569832
1785800061322 1426804 3966096 2569832
1785800061355 1557300 3966096 2569832
1785800061388 1710900 3966096 2569832
1785800061421 1850164 3966096 2569832
1785800061454 1850164 3966096 2569832
1785800061485 1850164 3966096 2569832
1785800061515 1886452 3966096 2569832
1785800061548 1980660 3966096 2569832
1785800061580 2074868 3966096 2569832
1785800061613 2169076 3966096 2569832
1785800061645 2263284 3966096 2569832
1785800061678 1806576 3966096 2569832
1785800061710 1806576 3966096 2569832
1785800061743 1806576 3966096 2569832
1785800061776 1857332 3966096 2569832
1785800061810 1957684 3966096 2569832
1785800061844 2055988 3966096 2569832
1785800061878 2154292 3966096 2569832
1785800061912 2209588 3966096 2569832
1785800061944 2209588 3966096 2569832
1785800061977 2219828 3966096 2569832
1785800062011 2314932 4042340 2569832
1785800062043 2407092 4042340 2569832
1785800062076 2409140 4042340 2569832
1785800062106 2409140 4042340 2569832
1785800062138 2472628 4042340 2569832
1785800062171 2546356 4042340 2569832
1785800062204 2552500 4042340 2569832
1785800062238 2648756 4042340 2648756
1785800062370 2654940 4083840 2689176
1785800062447 2314408 4083840 2689176
1785800062480 2410664 4083840 2689176
1785800062513 2502824 4083840 2689176
1785800062545 2597032 4083840 2689176
1785800062577 2654948 4083840 2689176
1785800062650 2654948 4083840 2689176
1785800062682 2262840 4083840 2689176
1785800062716 2322220 4083840 2689176
1785800062748 2348496 4083840 2689176
1785800062780 2366928 4083840 2689176
1785800062812 2394488 4083840 2689176
1785800062846 2426328 4083840 2689176
1785800062880 2471384 4083840 2689176
1785800062913 2520120 4083840 2689176
1785800062947 2567668 4083840 2689176
1785800062980 2604012 4083840 2689176
1785800063015 2631880 4083840 2689176
1785800063049 2654928 4083840 2689176
1785800063082 2232108 4083840 2689176
1785800063115 1809456 4083840 2689176
1785800063147 1723836 4083840 2689176
1785800063181 1741024 4083840 2689176
1785800063216 1755360 4083840 2689176
1785800063251 1771744 4083840 2689176
1785800063286 1788128 4083840 2689176
1785800063321 1802464 4083840 2689176
1785800063356 1818848 4083840 2689176
1785800063391 1835232 4083840 2689176
1785800063426 1849568 4083840 2689176
1785800063461 1865952 4083840 2689176
1785800063496 1882336 4083840 2689176
1785800063531 1896672 4083840 2689176
1785800063566 1912856 4083840 2689176
1785800063601 1929240 4083840 2689176
1785800063636 1945624 4083840 2689176
1785800063672 1959960 4083840 2689176
1785800063707 1976344 4083840 2689176
1785800063742 1992728 4083840 2689176
1785800063778 2009112 4083840 2689176
1785800063813 2025496 4083840 2689176
1785800063849 2039832 4083840 2689176
1785800063886 2058264 4083840 2689176
1785800063920 2109488 4083840 2689176
1785800063958 1809712 4083840 2689176
1785800063994 1809712 4083840 2689176
1785800064029 1809712 4083840 2689176
1785800064064 1809720 4083840 2689176
1785800064099 1809720 4083840 2689176
1785800064130 1809720 4083840 2689176
1785800064164 1809720 4083840 2689176
1785800064198 1809720 4083840 2689176
1785800064230 1809728 4083840 2689176
1785800064263 1809732 4083840 2689176
1785800064298 1809736 4083840 2689176
1785800064333 1809736 4083840 2689176
1785800064364 1809740 4083840 2689176
1785800064398 1809740 4083840 2689176
1785800064432 1809740 4083840 2689176
1785800064464 1809748 4083840 2689176
1785800064496 1809748 4083840 2689176
1785800064529 1809752 4083840 2689176
1785800064564 1809752 4083840 2689176
1785800064598 1809752 4083840 2689176
1785800064630 1809760 4083840 2689176
1785800064662 1809760 4083840 2689176
1785800064694 1809764 4083840 2689176
1785800064726 1809764 4083840 2689176
1785800064762 1809772 4083840 2689176
1785800064796 1809780 4083840 2689176
1785800064828 1809780 4083840 2689176
1785800064859 1809780 4083840 2689176
1785800064893 1809780 4083840 2689176
1785800064927 1809784 4083840 2689176
1785800064961 1809784 4083840 2689176
1785800064994 1809796 4083840 2689176
1785800065027 1809796 4083840 2689176
1785800065061 1809796 4083840 2689176
1785800065095 1809796 4083840 2689176
1785800065130 1809796 4083840 2689176
1785800065163 1809796 4083840 2689176
1785800065195 1809800 4083840 2689176
1785800065230 1809804 4083840 2689176
1785800065265 1809812 4083840 2689176
1785800065300 1809816 4083840 2689176
1785800065333 1809816 4083840 2689176
1785800065366 1809816 4083840 2689176
1785800065397 1809816 4083840 2689176
1785800065428 1809816 4083840 2689176
1785800065461 1809824 4083840 2689176
1785800065495 1809824 4083840 2689176
1785800065531 1809824 4083840 2689176
1785800065564 1809824 4083840 2689176
1785800065596 1809828 4083840 2689176
1785800065629 1809828 4083840 2689176
1785800065663 1809832 4083840 2689176
1785800065697 1809836 4083840 2689176
1785800065730 1809840 4083840 2689176
1785800065764 1809840 4083840 2689176
1785800065797 1809840 4083840 2689176
1785800065828 1809840 4083840 2689176
1785800065864 1809840 4083840 2689176
1785800065897 1809840 4083840 2689176
1785800065931 1809848 4083840 2689176
1785800065964 1809852 4083840 2689176
1785800066001 1809860 4083840 2689176
1785800066035 1809860 4083840 2689176
1785800066067 1809860 4083840 2689176
1785800066102 1809864 4083840 2689176
1785800066135 1809864 4083840 2689176
1785800066167 1809868 4083840 2689176
1785800066201 1809868 4083840 2689176
1785800066236 1809872 4083840 2689176
1785800066269 1809876 4083840 2689176
1785800066302 1809876 4083840 2689176
1785800066338 1828312 4083840 2689176
1785800066372 1828312 4083840 2689176
1785800066405 1828316 4083840 2689176
1785800066437 1828320 4083840 2689176
1785800066470 1828324 4083840 2689176
1785800066504 1828332 4083840 2689176
1785800066536 1839604 4083840 2689176
1785800066569 1846772 4083840 2689176
1785800066602 1851720 4083840 2689176
1785800066635 1864940 4083840 2689176
1785800066671 1883636 4083840 2689176
1785800066706 1883648 4083840 2689176
1785800066742 1883648 4083840 2689176
1785800066777 1883648 4083840 2689176
1785800066809 1902080 4083840 2689176
1785800066844 1902080 4083840 2689176
1785800066878 1902084 4083840 2689176
1785800066914 1902084 4083840 2689176
1785800066948 1902472 4083840 2689176
1785800066984 1969284 4083840 2689176
1785800067018 1983620 4083840 2689176
1785800067051 1998612 4083840 2689176
1785800067085 2012948 4083840 2689176
1785800067121 1932076 4083840 2689176
1785800067156 1932076 4083840 2689176
1785800067188 2019488 4083840 2689176
1785800067224 2091088 4083840 2689176
1785800067260 2108792 4083840 2689176
1785800067296 2123128 4083840 2689176
1785800067332 2139512 4083840 2689176
1785800067368 2155896 4083840 2689176
1785800067404 2172280 4083840 2689176
1785800067440 2188664 4083840 2689176
1785800067475 2205048 4083840 2689176
1785800067508 2219384 4083840 2689176
1785800067544 2233720 4083840 2689176
1785800067579 2250104 4083840 2689176
1785800067612 2264440 4083840 2689176
1785800067648 2280380 4083840 2689176
1785800067683 2280952 4083840 2689176
1785800067717 2281048 4083840 2689176
1785800067751 2281080 4083840 2689176
1785800067785 2281080 4083840 2689176
1785800067819 2281080 4083840 2689176
1785800067851 2281080 4083840 2689176
1785800067882 2281080 4083840 2689176
1785800067914 2281080 4083840 2689176
1785800067945 2281080 4083840 2689176
1785800067977 2281080 4083840 2689176
1785800068011 2281080 4083840 2689176
1785800068044 2281080 4083840 2689176
1785800068077 2284084 4083840 2689176
1785800068110 2298420 4083840 2689176
1785800068145 2310288 4083840 2689176
1785800068181 2327112 4083840 2689176
1785800068216 2339148 4083840 2689176
1785800068252 2347468 4083840 2689176
1785800068288 2363852 4083840 2689176
1785800068324 2380236 4083840 2689176
1785800068359 2396620 4083840 2689176
1785800068393 2410956 4083840 2689176
1785800068427 2427340 4083840 2689176
1785800068461 2441676 4083840 2689176
1785800068497 2458060 4083840 2689176
1785800068532 2474444 4083840 2689176
1785800068568 2490828 4083840 2689176
1785800068604 2507212 4083840 2689176
1785800068639 2521120 4083840 2689176
1785800068673 2537504 4083840 2689176
1785800068709 2551840 4083840 2689176
1785800068745 2568224 4083840 2689176
1785800068781 2584608 4083840 2689176
1785800068817 2600992 4083840 2689176
1785800068851 2617376 4083840 2689176
1785800068887 2633760 4083840 2689176
1785800068923 2650144 4083840 2689176
1785800068959 2666528 4083840 2689176
1785800069091 2986264 4476536 2986264
1785800069240 3126044 4505532 3126044
1785800069385 2778084 4505532 3117576
1785800069418 2778084 4505532 3117576
1785800069452 2778084 4505532 3117576
1785800069486 2778084 4505532 3117576
1785800069519 2604104 4505532 3117576
1785800069554 2604104 4505532 3117576
1785800069587 2604104 4505532 3117576
1785800069621 2604104 4505532 3117576
1785800069655 2604104 4505532 3117576
1785800069689 2604104 4505532 3117576
1785800069722 2604104 4505532 3117576
1785800069756 2604104 4505532 3117576
1785800069789 2604104 4505532 3117576
1785800069823 2604104 4505532 3117576
1785800069856 2604104 4505532 3117576
1785800069889 2604104 4505532 3117576
1785800069923 2604104 4505532 3117576
1785800069957 2604104 4505532 3117576
1785800069990 2604104 4505532 3117576
1785800070022 2604104 4505532 3117576
1785800070053 2604104 4505532 3117576
1785800070084 2604104 4505532 3117576
1785800070115 2604104 4505532 3117576
1785800070147 2604104 4505532 3117576
1785800070178 2604104 4505532 3117576
1785800070209 2604104 4505532 3117576
1785800070241 2604104 4505532 3117576
1785800070272 2604104 4505532 3117576
1785800070303 2604104 4505532 3117576
1785800070335 2604104 4505532 3117576
1785800070366 2604104 4505532 3117576
1785800070400 2604104 4505532 3117576
1785800070433 2604104 4505532 3117576
1785800070466 2604104 4505532 3117576
1785800070500 2604104 4505532 3117576
1785800070533 2604104 4505532 3117576
1785800070566 2604104 4505532 3117576
1785800070599 2604104 4505532 3117576
1785800070633 2604104 4505532 3117576
1785800070667 2604104 4505532 3117576
1785800070701 2604104 4505532 3117576
1785800070735 2604104 4505532 3117576
1785800070769 2227436 4505532 3117576
1785800070805 2227956 4505532 3117576
1785800070840 2227960 4505532 3117576
1785800070874 2227964 4505532 3117576
1785800070908 2227964 4505532 3117576
1785800070942 2227964 4505532 3117576
1785800070977 2227964 4505532 3117576
1785800071013 2227968 4505532 3117576
1785800071047 2227968 4505532 3117576
1785800071083 2228032 4505532 3117576
1785800071117 2228032 4505532 3117576
1785800071152 2228032 4505532 3117576
1785800071187 2228032 4505532 3117576
1785800071221 2228032 4505532 3117576
1785800071258 2228292 4505532 3117576
1785800071293 2228360 4505532 3117576
1785800071328 2228360 4505532 3117576
1785800071366 2228368 4505532 3117576
1785800071401 2228368 4505532 3117576
1785800071435 2228368 4505532 3117576
1785800071472 2230424 4505532 3117576
1785800071507 2230424 4505532 3117576
1785800071540 2230424 4505532 3117576
1785800071577 2230424 4505532 3117576
1785800071613 2230424 4505532 3117576
1785800071651 2230424 4505532 3117576
1785800071684 2230424 4505532 3117576
1785800071718 2230424 4505532 3117576
1785800071754 2230424 4505532 3117576
1785800071788 2230424 4505532 3117576
1785800071825 2230424 4505532 3117576
1785800071861 2230424 4505532 3117576
1785800071896 2230424 4505532 3117576
1785800071930 2230424 4505532 3117576
1785800071964 2230424 4505532 3117576
1785800072000 2230424 4505532 3117576
1785800072035 2230424 4505532 3117576
1785800072070 2230424 4505532 3117576
1785800072106 2230632 4505532 3117576
1785800072140 2230636 4505532 3117576
1785800072175 2230636 4505532 3117576
1785800072209 2230704 4505532 3117576
1785800072244 2230704 4505532 3117576
1785800072279 2230704 4505532 3117576
1785800072315 2230704 4505532 3117576
1785800072350 2230704 4505532 3117576
1785800072385 2230704 4505532 3117576
1785800072419 2230704 4505532 3117576
1785800072454 2230704 4505532 3117576
1785800072489 2230704 4505532 3117576
1785800072524 2230704 4505532 3117576
1785800072558 2230704 4505532 3117576
1785800072593 2230704 4505532 3117576
1785800072628 2230704 4505532 3117576
1785800072663 2230704 4505532 3117576
1785800072697 2230704 4505532 3117576
1785800072732 2230704 4505532 3117576
1785800072767 2230704 4505532 3117576
1785800072802 2230704 4505532 3117576
1785800072837 2230704 4505532 3117576
1785800072872 2230704 4505532 3117576
1785800072906 2230704 4505532 3117576
1785800072942 2230704 4505532 3117576
1785800072977 2230704 4505532 3117576
1785800073012 2230704 4505532 3117576
1785800073047 2230704 4505532 3117576
1785800073082 2230704 4505532 3117576
1785800073119 2230704 4505532 3117576
1785800073155 2230704 4505532 3117576
1785800073189 2230704 4505532 3117576
1785800073223 2230704 4505532 3117576
1785800073258 2230704 4505532 3117576
1785800073293 2230704 4505532 3117576
1785800073327 2230704 4505532 3117576
1785800073362 2230704 4505532 3117576
1785800073396 2230704 4505532 3117576
1785800073433 2230704 4505532 3117576
1785800073469 2230704 4505532 3117576
1785800073504 2230704 4505532 3117576
1785800073537 2230704 4505532 3117576
1785800073573 2230704 4505532 3117576
1785800073608 2230704 4505532 3117576
1785800073643 2230704 4505532 3117576
1785800073676 2230704 4505532 3117576
1785800073707 2230704 4505532 3117576
1785800073744 2230704 4505532 3117576
1785800073781 2230704 4505532 3117576
1785800073818 2230704 4505532 3117576
1785800073854 2230704 4505532 3117576
1785800073891 2230704 4505532 3117576
1785800073927 2230704 4505532 3117576
1785800073962 2230704 4505532 3117576
1785800073997 2230704 4505532 3117576
1785800074035 2230704 4505532 3117576
1785800074071 2230704 4505532 3117576
1785800074105 2230704 4505532 3117576
1785800074142 2230704 4505532 3117576
1785800074178 2230704 4505532 3117576
1785800074215 2230704 4505532 3117576
1785800074251 2230708 4505532 3117576
1785800074287 2230708 4505532 3117576
1785800074321 2230708 4505532 3117576
1785800074357 2230708 4505532 3117576
1785800074396 2230708 4505532 3117576
1785800074433 2230708 4505532 3117576
1785800074469 2230708 4505532 3117576
1785800074506 2230708 4505532 3117576
1785800074541 2230708 4505532 3117576
1785800074577 2230708 4505532 3117576
1785800074613 2230708 4505532 3117576
1785800074649 2230708 4505532 3117576
1785800074684 2230708 4505532 3117576
1785800074716 2230708 4505532 3117576
1785800074753 2230708 4505532 3117576
1785800074788 2230708 4505532 3117576
1785800074823 2230708 4505532 3117576
1785800074857 2230708 4505532 3117576
1785800074892 2230708 4505532 3117576
1785800074928 2230708 4505532 3117576
1785800074963 2230708 4505532 3117576
1785800075000 2230708 4505532 3117576
1785800075036 2230708 4505532 3117576
1785800075069 2230708 4505532 3117576
1785800075105 2230708 4505532 3117576
1785800075140 2230708 4505532 3117576
1785800075175 2230708 4505532 3117576
1785800075213 2230708 4505532 3117576
1785800075248 2230708 4505532 3117576
1785800075283 2230708 4505532 3117576
1785800075317 2230708 4505532 3117576
1785800075354 2230708 4505532 3117576
1785800075389 2230708 4505532 3117576
1785800075422 2230708 4505532 3117576
1785800075459 2230708 4505532 3117576
1785800075494 2230708 4505532 3117576
1785800075528 2230708 4505532 3117576
1785800075564 2230708 4505532 3117576
1785800075601 2230708 4505532 3117576
1785800075635 2230708 4505532 3117576
1785800075668 2230708 4505532 3117576
1785800075702 2230708 4505532 3117576
1785800075738 2230708 4505532 3117576
1785800075777 2231060 4505532 3117576
1785800075812 2231060 4505532 3117576
1785800075845 2231060 4505532 3117576
1785800075879 2231060 4505532 3117576
1785800075914 2231060 4505532 3117576
1785800075950 2231060 4505532 3117576
1785800075983 2231060 4505532 3117576
1785800076019 2231108 4505532 3117576
1785800076055 2231108 4505532 3117576
1785800076089 2231108 4505532 3117576
1785800076125 2231108 4505532 3117576
1785800076160 2231108 4505532 3117576
1785800076196 2231108 4505532 3117576
1785800076230 2231108 4505532 3117576
1785800076262 2231108 4505532 3117576
1785800076294 2231108 4505532 3117576
1785800076332 2231108 4505532 3117576
1785800076368 2231108 4505532 3117576
1785800076404 2231108 4505532 3117576
1785800076440 2231108 4505532 3117576
1785800076474 2231108 4505532 3117576
1785800076509 2231108 4505532 3117576
1785800076545 2231108 4505532 3117576
1785800076580 2231108 4505532 3117576
1785800076613 2231108 4505532 3117576
1785800076647 2231108 4505532 3117576
1785800076680 2231108 4505532 3117576
1785800076717 2231108 4505532 3117576
1785800076753 2231108 4505532 3117576
1785800076788 2231112 4505532 3117576
1785800076823 2231112 4505532 3117576
1785800076858 2231112 4505532 3117576
1785800076894 2231112 4505532 3117576
1785800076929 2231112 4505532 3117576
1785800076964 2231116 4505532 3117576
1785800076999 2231116 4505532 3117576
1785800077034 2231116 4505532 3117576
1785800077069 2231116 4505532 3117576
1785800077105 2231116 4505532 3117576
1785800077140 2231116 4505532 3117576
1785800077176 2231120 4505532 3117576
1785800077209 2231120 4505532 3117576
1785800077243 2231120 4505532 3117576
1785800077277 2231124 4505532 3117576
1785800077315 2231124 4505532 3117576
1785800077349 2231124 4505532 3117576
1785800077383 2231124 4505532 3117576
1785800077422 2231124 4505532 3117576
1785800077458 2231124 4505532 3117576
1785800077491 2231124 4505532 3117576
1785800077524 2231124 4505532 3117576
1785800077561 2231124 4505532 3117576
1785800077595 2231124 4505532 3117576
1785800077629 2231124 4505532 3117576
1785800077668 2231124 4505532 3117576
1785800077702 2231124 4505532 3117576
1785800077736 2231124 4505532 3117576
1785800077771 2231124 4505532 3117576
1785800077810 2231124 4505532 3117576
1785800077846 2231124 4505532 3117576
1785800077880 2231124 4505532 3117576
1785800077915 2231124 4505532 3117576
1785800077951 2231124 4505532 3117576
1785800077986 2231124 4505532 3117576
1785800078021 2231124 4505532 3117576
1785800078058 2231124 4505532 3117576
1785800078093 2231124 4505532 3117576
1785800078127 2231124 4505532 3117576
1785800078162 2231124 4505532 3117576
1785800078197 2231124 4505532 3117576
1785800078232 2231124 4505532 3117576
1785800078267 2231124 4505532 3117576
1785800078302 2231124 4505532 3117576
1785800078337 2231124 4505532 3117576
1785800078372 2231124 4505532 3117576
1785800078407 2231124 4505532 3117576
1785800078442 2231124 4505532 3117576
1785800078477 2231124 4505532 3117576
1785800078514 2231124 4505532 3117576
1785800078549 2231124 4505532 3117576
1785800078584 2231124 4505532 3117576
1785800078618 2231124 4505532 3117576
1785800078652 2231124 4505532 3117576
1785800078686 2231124 4505532 3117576
1785800078721 2231124 4505532 3117576
1785800078755 2231124 4505532 3117576
1785800078790 2231124 4505532 3117576
1785800078824 2231124 4505532 3117576
1785800078859 2231124 4505532 3117576
1785800078896 2231124 4505532 3117576
1785800078931 2231124 4505532 3117576
1785800078968 2231124 4505532 3117576
1785800079004 2231128 4505532 3117576
1785800079040 2231128 4505532 3117576
1785800079076 2231128 4505532 3117576
1785800079112 2231128 4505532 3117576
1785800079148 2231132 4505532 3117576
1785800079185 2231132 4505532 3117576
1785800079219 2231132 4505532 3117576
1785800079253 2231132 4505532 3117576
1785800079289 2231132 4505532 3117576
1785800079322 2231132 4505532 3117576
1785800079356 2231132 4505532 3117576
1785800079390 2231132 4505532 3117576
1785800079428 2231132 4505532 3117576
1785800079465 2231132 4505532 3117576
1785800079501 2231132 4505532 3117576
1785800079535 2231132 4505532 3117576
1785800079569 2231132 4505532 3117576
1785800079604 2231132 4505532 3117576
1785800079639 2231132 4505532 3117576
1785800079675 2231132 4505532 3117576
1785800079711 2231132 4505532 3117576
1785800079748 2231132 4505532 3117576
1785800079786 2231132 4505532 3117576
1785800079821 2231132 4505532 3117576
1785800079855 2231132 4505532 3117576
1785800079890 2231132 4505532 3117576
1785800079924 2231132 4505532 3117576
1785800079958 2231132 4505532 3117576
1785800079995 2231136 4505532 3117576
1785800080032 2231136 4505532 3117576
1785800080067 2231136 4505532 3117576
1785800080103 2231136 4505532 3117576
1785800080141 2231136 4505532 3117576
1785800080177 2231136 4505532 3117576
1785800080213 2231136 4505532 3117576
1785800080252 2231136 4505532 3117576
1785800080289 2231136 4505532 3117576
1785800080324 2231136 4505532 3117576
1785800080358 2231140 4505532 3117576
1785800080393 2231140 4505532 3117576
1785800080427 2231140 4505532 3117576
1785800080461 2231140 4505532 3117576
1785800080499 2231140 4505532 3117576
1785800080536 2231140 4505532 3117576
1785800080572 2231140 4505532 3117576
1785800080609 2231140 4505532 3117576
1785800080646 2231140 4505532 3117576
1785800080682 2231140 4505532 3117576
1785800080719 2231140 4505532 3117576
1785800080755 2231140 4505532 3117576
1785800080791 2231140 4505532 3117576
1785800080830 2231140 4505532 3117576
1785800080866 2231140 4505532 3117576
1785800080902 2231140 4505532 3117576
1785800080939 2231140 4505532 3117576
1785800080976 2231140 4505532 3117576
1785800081011 2231140 4505532 3117576
1785800081046 2231140 4505532 3117576
1785800081084 2231140 4505532 3117576
1785800081120 2231140 4505532 3117576
1785800081153 2231140 4505532 3117576
1785800081189 2231140 4505532 3117576
1785800081226 2231140 4505532 3117576
1785800081261 2231140 4505532 3117576
1785800081296 2231140 4505532 3117576
1785800081335 2231140 4505532 3117576
1785800081371 2231140 4505532 3117576
1785800081406 2231140 4505532 3117576
1785800081443 2231140 4505532 3117576
1785800081480 2231140 4505532 3117576
1785800081517 2231140 4505532 3117576
1785800081551 2231140 4505532 3117576
1785800081584 2231140 4505532 3117576
1785800081619 2231140 4505532 3117576
1785800081655 2231140 4505532 3117576
1785800081689 2231140 4505532 3117576
1785800081724 2231140 4505532 3117576
1785800081767 2231140 4505532 3117576
1785800081803 2231140 4505532 3117576
1785800081839 2231140 4505532 3117576
1785800081875 2231140 4505532 3117576
1785800081909 2231140 4505532 3117576
1785800081944 2231140 4505532 3117576
1785800081979 2231140 4505532 3117576
1785800082013 2231140 4505532 3117576
1785800082050 2231140 4505532 3117576
1785800082085 2231140 4505532 3117576
1785800082120 2231140 4505532 3117576
1785800082155 2231140 4505532 3117576
1785800082190 2231140 4505532 3117576
1785800082224 2231140 4505532 3117576
1785800082258 2231140 4505532 3117576
1785800082294 2231140 4505532 3117576
1785800082329 2231140 4505532 3117576
1785800082363 2231140 4505532 3117576
1785800082398 2231140 4505532 3117576
1785800082435 2231140 4505532 3117576
1785800082469 2231140 4505532 3117576
1785800082502 2231140 4505532 3117576
1785800082539 2231140 4505532 3117576
1785800082575 2231144 4505532 3117576
1785800082609 2231148 4505532 3117576
1785800082645 2231148 4505532 3117576
1785800082679 2231148 4505532 3117576
1785800082713 2231152 4505532 3117576
1785800082748 2231152 4505532 3117576
1785800082784 2231152 4505532 3117576
1785800082821 2231152 4505532 3117576
1785800082860 2231152 4505532 3117576
1785800082896 2231152 4505532 3117576
1785800082932 2231152 4505532 3117576
1785800082969 2231152 4505532 3117576
1785800083005 2231152 4505532 3117576
1785800083038 2231152 4505532 3117576
1785800083075 2231152 4505532 3117576
1785800083110 2231152 4505532 3117576
1785800083146 2231152 4505532 3117576
1785800083181 2231152 4505532 3117576
1785800083219 2231152 4505532 3117576
1785800083255 2231152 4505532 3117576
1785800083291 2231152 4505532 3117576
1785800083330 2231156 4505532 3117576
1785800083367 2231156 4505532 3117576
1785800083401 2231156 4505532 3117576
1785800083438 2231156 4505532 3117576
1785800083475 2231156 4505532 3117576
1785800083511 2231156 4505532 3117576
1785800083547 2231156 4505532 3117576
1785800083585 2231156 4505532 3117576
1785800083622 2231156 4505532 3117576
1785800083657 2231156 4505532 3117576
1785800083694 2231156 4505532 3117576
1785800083730 2231156 4505532 3117576
1785800083766 2231156 4505532 3117576
1785800083802 2231156 4505532 3117576
1785800083838 2231156 4505532 3117576
1785800083875 2231156 4505532 3117576
1785800083910 2231156 4505532 3117576
1785800083947 2231156 4505532 3117576
1785800083983 2231156 4505532 3117576
1785800084019 2231156 4505532 3117576
1785800084056 2231156 4505532 3117576
1785800084093 2231156 4505532 3117576
1785800084130 2231156 4505532 3117576
1785800084166 2231156 4505532 3117576
1785800084200 2231156 4505532 3117576
1785800084233 2231156 4505532 3117576
1785800084266 2231156 4505532 3117576
1785800084301 2231156 4505532 3117576
1785800084336 2231156 4505532 3117576
1785800084371 2231156 4505532 3117576
1785800084406 2231156 4505532 3117576
1785800084441 2231156 4505532 3117576
1785800084477 2231156 4505532 3117576
1785800084511 2231156 4505532 3117576
1785800084546 2231156 4505532 3117576
1785800084581 2231156 4505532 3117576
1785800084616 2231156 4505532 3117576
1785800084651 2231156 4505532 3117576
1785800084686 2231156 4505532 3117576
1785800084722 2231156 4505532 3117576
1785800084757 2231156 4505532 3117576
1785800084793 2231156 4505532 3117576
1785800084828 2231156 4505532 3117576
1785800084865 2231156 4505532 3117576
1785800084901 2231160 4505532 3117576
1785800084938 2231164 4505532 3117576
1785800084973 2231164 4505532 3117576
1785800085009 2231164 4505532 3117576
1785800085043 2231164 4505532 3117576
1785800085078 2231164 4505532 3117576
1785800085110 2231164 4505532 3117576
1785800085142 2231164 4505532 3117576
1785800085175 2231164 4505532 3117576
1785800085211 2231164 4505532 3117576
1785800085249 2231164 4505532 3117576
1785800085285 2231164 4505532 3117576
1785800085320 2231164 4505532 3117576
1785800085354 2231164 4505532 3117576
1785800085388 2231164 4505532 3117576
1785800085421 2231164 4505532 3117576
1785800085455 2231164 4505532 3117576
1785800085491 2231164 4505532 3117576
1785800085525 2231164 4505532 3117576
1785800085562 2231164 4505532 3117576
1785800085601 2231164 4505532 3117576
1785800085636 2231164 4505532 3117576
1785800085668 2231164 4505532 3117576
1785800085705 2231164 4505532 3117576
1785800085740 2231164 4505532 3117576
1785800085775 2231164 4505532 3117576
1785800085810 2231164 4505532 3117576
1785800085846 2231164 4505532 3117576
1785800085881 2231164 4505532 3117576
1785800085915 2231164 4505532 3117576
1785800085953 2231164 4505532 3117576
1785800085988 2231164 4505532 3117576
1785800086022 2231164 4505532 3117576
1785800086057 2231164 4505532 3117576
1785800086094 2231164 4505532 3117576
1785800086128 2231164 4505532 3117576
1785800086163 2231164 4505532 3117576
1785800086200 2231164 4505532 3117576
1785800086236 2231164 4505532 3117576
1785800086270 2231164 4505532 3117576
1785800086304 2231164 4505532 3117576
1785800086339 2231164 4505532 3117576
1785800086374 2231164 4505532 3117576
1785800086411 2231164 4505532 3117576
1785800086447 2231164 4505532 3117576
1785800086481 2231164 4505532 3117576
1785800086518 2231164 4505532 3117576
1785800086554 2231164 4505532 3117576
1785800086589 2231164 4505532 3117576
1785800086626 2231164 4505532 3117576
1785800086664 2231164 4505532 3117576
1785800086700 2231164 4505532 3117576
1785800086736 2231164 4505532 3117576
1785800086774 2231164 4505532 3117576
1785800086811 2231164 4505532 3117576
1785800086847 2231164 4505532 3117576
1785800086884 2231164 4505532 3117576
1785800086920 2231164 4505532 3117576
1785800086953 2231164 4505532 3117576
1785800086987 2231164 4505532 3117576
1785800087025 2231164 4505532 3117576
1785800087060 2231164 4505532 3117576
1785800087096 2231164 4505532 3117576
1785800087132 2231164 4505532 3117576
1785800087168 2231164 4505532 3117576
1785800087204 2231164 4505532 3117576
1785800087237 2231164 4505532 3117576
1785800087270 2231164 4505532 3117576
1785800087302 2231164 4505532 3117576
1785800087337 2231164 4505532 3117576
1785800087371 2231164 4505532 3117576
1785800087404 2231164 4505532 3117576
1785800087445 2202296 4505532 3117576
1785800087482 2202296 4505532 3117576
1785800087518 2202296 4505532 3117576
1785800087554 2202296 4505532 3117576
1785800087591 2202296 4505532 3117576
1785800087628 2202296 4505532 3117576
1785800087663 2202296 4505532 3117576
1785800087696 2202296 4505532 3117576
1785800087734 2202296 4505532 3117576
1785800087770 2202296 4505532 3117576
1785800087806 2202296 4505532 3117576
1785800087842 2202296 4505532 3117576
1785800087876 2202296 4505532 3117576
1785800087913 2202296 0 3117576
1785800087946 2202296 4505532 3117576
1785800087982 2202296 4505532 3117576
1785800088016 2202296 4505532 3117576
1785800088052 2202296 4505532 3117576
1785800088089 2202296 4505532 3117576
1785800088123 2202296 4505532 3117576
1785800088160 2202296 4505532 3117576
1785800088196 2202300 4505532 3117576
1785800088232 2202300 4505532 3117576
1785800088269 2202300 4505532 3117576
1785800088306 2202304 4505532 3117576
1785800088342 2202308 4505532 3117576
1785800088379 2202312 4505532 3117576
1785800088416 2202316 4505532 3117576
1785800088453 2202316 4505532 3117576
1785800088488 2202316 4505532 3117576
1785800088521 2202316 4505532 3117576
1785800088559 2202316 4505532 3117576
1785800088596 2202316 4505532 3117576
1785800088631 2202316 4505532 3117576
1785800088665 2202316 4505532 3117576
1785800088701 2202316 4505532 3117576
1785800088736 2202316 4505532 3117576
1785800088770 2202316 4505532 3117576
1785800088807 2202316 4505532 3117576
1785800088841 2202316 4505532 3117576
1785800088874 2202316 4505532 3117576
1785800088909 2202316 4505532 3117576
1785800088946 2202316 4505532 3117576
1785800088982 2202316 4505532 3117576
1785800089018 2202316 4505532 3117576
1785800089056 2202316 4505532 3117576
1785800089092 2202316 4505532 3117576
1785800089128 2202316 4505532 3117576
1785800089168 2202316 4505532 3117576
1785800089205 2202316 4505532 3117576
1785800089241 2202316 4505532 3117576
1785800089278 2202316 4505532 3117576
1785800089315 2202316 4505532 3117576
1785800089352 2202316 4505532 3117576
1785800089388 2202316 4505532 3117576
1785800089425 2202316 4505532 3117576
1785800089460 2202316 4505532 3117576
1785800089494 2202316 4505532 3117576
1785800089530 2202316 4505532 3117576
1785800089567 2202316 4505532 3117576
1785800089603 2202316 4505532 3117576
1785800089637 2202316 4505532 3117576
1785800089671 2202316 4505532 3117576
1785800089705 2202316 4505532 3117576
1785800089740 2202316 4505532 3117576
1785800089774 2202316 4505532 3117576
1785800089809 2202316 4505532 3117576
1785800089843 2202316 4505532 3117576
1785800089878 2202316 4505532 3117576
1785800089913 2202316 4505532 3117576
1785800089950 2202316 4505532 3117576
1785800089985 2202316 4505532 3117576
1785800090019 2202316 4505532 3117576
1785800090054 2202316 4505532 3117576
1785800090088 2202316 4505532 3117576
1785800090123 2202316 4505532 3117576
1785800090159 2202316 4505532 3117576
1785800090195 2202316 4505532 3117576
1785800090232 2202316 4505532 3117576
1785800090270 2202316 4505532 3117576
1785800090306 2202316 4505532 3117576
1785800090343 2202316 4505532 3117576
1785800090379 2202316 4505532 3117576
1785800090415 2202316 4505532 3117576
1785800090452 2202316 4505532 3117576
1785800090489 2202328 4505532 3117576
1785800090524 2202328 4505532 3117576
1785800090560 2202328 4505532 3117576
1785800090595 2202328 4505532 3117576
1785800090632 2202328 4505532 3117576
1785800090668 2202328 4505532 3117576
1785800090702 2202328 4505532 3117576
1785800090736 2202328 4505532 3117576
1785800090773 2202328 4505532 3117576
1785800090808 2202328 4505532 3117576
1785800090842 2202328 4505532 3117576
1785800090878 2202328 4505532 3117576
1785800090914 2202328 4505532 3117576
1785800090949 2202328 4505532 3117576
1785800090984 2202328 4505532 3117576
1785800091020 2202328 4505532 3117576
1785800091056 2202328 4505532 3117576
1785800091090 2202328 4505532 3117576
1785800091125 2202332 4505532 3117576
1785800091162 2202332 4505532 3117576
1785800091198 2202332 4505532 3117576
1785800091234 2202332 4505532 3117576
1785800091273 2202332 4505532 3117576
1785800091309 2202332 4505532 3117576
1785800091346 2202332 4505532 3117576
1785800091385 2202332 4505532 3117576
1785800091422 2202332 4505532 3117576
1785800091458 2202332 4505532 3117576
1785800091495 2202332 4505532 3117576
1785800091533 2202332 4505532 3117576
1785800091567 2202332 4505532 3117576
1785800091602 2202332 4505532 3117576
1785800091640 2202332 4505532 3117576
1785800091676 2202332 4505532 3117576
1785800091710 2202332 4505532 3117576
1785800091746 2202332 4505532 3117576
1785800091780 2202332 4505532 3117576
1785800091817 2202332 4505532 3117576
1785800091854 2202332 4505532 3117576
1785800091889 2202332 4505532 3117576
1785800091926 2202332 4505532 3117576
1785800091963 2202332 4505532 3117576
1785800091997 2202332 4505532 3117576
1785800092033 2202332 4505532 3117576
1785800092072 2202332 4505532 3117576
1785800092108 2202332 4505532 3117576
1785800092144 2202332 4505532 3117576
1785800092181 2202332 4505532 3117576
1785800092218 2202332 4505532 3117576
1785800092254 2202332 4505532 3117576
1785800092291 2202332 4505532 3117576
1785800092329 2202332 4505532 3117576
1785800092363 2202332 4505532 3117576
1785800092398 2202332 4505532 3117576
1785800092435 2202332 4505532 3117576
1785800092469 2202332 4505532 3117576
1785800092503 2202332 4505532 3117576
1785800092539 2202332 4505532 3117576
1785800092576 2202332 4505532 3117576
1785800092610 2202332 4505532 3117576
1785800092645 2202332 4505532 3117576
1785800092683 2202332 4505532 3117576
1785800092718 2202332 4505532 3117576
1785800092755 2202332 4505532 3117576
1785800092789 2202332 4505532 3117576
1785800092823 2202332 4505532 3117576
1785800092860 2202332 4505532 3117576
1785800092894 2208008 4505532 3117576
1785800092927 2222344 4505532 3117576
1785800092962 2251356 4505532 3117576
1785800093003 2251484 4505532 3117576
1785800093039 2251484 4505532 3117576
1785800093076 2251484 4505532 3117576
1785800093113 2251484 4505532 3117576
1785800093149 2251484 4505532 3117576
1785800093185 2251484 4505532 3117576
1785800093220 2251484 4505532 3117576
1785800093254 2251484 4505532 3117576
1785800093291 2251484 4505532 3117576
1785800093327 2251484 4505532 3117576
1785800093362 2251484 4505532 3117576
1785800093399 2251484 4505532 3117576
1785800093433 2251484 4505532 3117576
1785800093468 2251488 4505532 3117576
1785800093502 2251488 4505532 3117576
1785800093536 2251488 4505532 3117576
1785800093569 2251488 4505532 3117576
1785800093606 2251488 4505532 3117576
1785800093643 2251488 4505532 3117576
1785800093678 2251488 4505532 0
1785800093715 2251488 4505532 3117576
1785800093751 2251492 4505532 3117576
1785800093787 2251492 4505532 3117576
1785800093824 2251492 4505532 3117576
1785800093861 2251496 4505532 3117576
1785800093897 2251504 4505532 3117576
1785800093934 2251504 4505532 3117576
1785800093971 2251504 4505532 3117576
1785800094008 2251504 4505532 3117576
1785800094044 2251504 4505532 3117576
1785800094081 2251504 4505532 3117576
1785800094118 2251504 4505532 3117576
1785800094152 2251508 4505532 3117576
1785800094187 2251508 4505532 3117576
1785800094220 2251508 4505532 3117576
1785800094258 2251508 4505532 3117576
1785800094293 2251508 4505532 3117576
1785800094326 2251508 4505532 3117576
1785800094362 2251508 4505532 3117576
1785800094396 2251508 4505532 3117576
1785800094430 2251508 4505532 3117576
1785800094464 2251508 4505532 3117576
1785800094501 2251508 4505532 3117576
1785800094535 2251508 4505532 3117576
1785800094569 2251508 4505532 3117576
1785800094604 2251508 4505532 3117576
1785800094639 2251508 4505532 3117576
1785800094672 2251508 4505532 3117576
1785800094706 2251508 4505532 3117576
1785800094745 2251508 4505532 3117576
1785800094783 2251508 4505532 3117576
1785800094820 2251508 4505532 3117576
1785800094856 2251508 4505532 3117576
1785800094893 2251508 4505532 3117576
1785800094929 2251512 4505532 3117576
1785800094965 2251512 4505532 3117576
1785800095002 2251512 4505532 3117576
1785800095038 2251512 4505532 3117576
1785800095074 2251512 4505532 3117576
1785800095111 2251512 4505532 3117576
1785800095147 2251512 4505532 3117576
1785800095184 2251512 4505532 3117576
1785800095220 2251512 4505532 3117576
1785800095256 2251512 4505532 3117576
1785800095293 2251512 4505532 3117576
1785800095330 2251512 4505532 3117576
1785800095365 2251512 4505532 3117576
1785800095399 2251512 4505532 3117576
1785800095434 2251512 4505532 3117576
1785800095470 2251512 4505532 3117576
1785800095504 2251512 4505532 3117576
1785800095539 2251512 4505532 3117576
1785800095574 2251512 4505532 3117576
1785800095610 2251512 4505532 3117576
1785800095646 2251512 4505532 3117576
1785800095682 2251512 4505532 3117576
1785800095718 2251512 4505532 3117576
1785800095754 2251512 4505532 3117576
1785800095790 2251512 4505532 3117576
1785800095825 2251512 4505532 3117576
1785800095862 2251512 4505532 3117576
1785800095898 2251512 4505532 3117576
1785800095934 2251512 4505532 3117576
1785800095970 2251512 4505532 3117576
1785800096004 2251512 4505532 3117576
1785800096040 2251512 4505532 3117576
1785800096075 2251512 4505532 3117576
1785800096111 2251520 4505532 3117576
1785800096147 2251520 4505532 3117576
1785800096182 2251520 4505532 3117576
1785800096217 2251520 4505532 3117576
1785800096252 2251520 4505532 3117576
1785800096287 2251520 4505532 3117576
1785800096321 2251520 4505532 3117576
1785800096357 2251520 4505532 3117576
1785800096392 2251520 4505532 3117576
1785800096428 2251520 4505532 3117576
1785800096463 2251520 4505532 3117576
1785800096498 2251520 4505532 3117576
1785800096532 2251520 4505532 3117576
1785800096568 2251520 4505532 3117576
1785800096603 2251524 4505532 3117576
1785800096639 2251524 4505532 3117576
1785800096677 2251524 4505532 3117576
1785800096713 2251524 4505532 3117576
1785800096747 2251524 4505532 3117576
1785800096782 2251524 4505532 3117576
1785800096818 2251524 4505532 3117576
1785800096853 2251524 4505532 3117576
1785800096889 2251524 4505532 3117576
1785800096927 2251524 4505532 3117576
1785800096962 2251524 4505532 3117576
1785800096995 2251524 4505532 3117576
1785800097033 2251524 4505532 3117576
1785800097071 2251524 4505532 3117576
1785800097107 2251524 4505532 3117576
1785800097143 2251528 4505532 3117576
1785800097181 2251528 4505532 3117576
1785800097218 2251528 4505532 3117576
1785800097254 2251528 4505532 3117576
1785800097293 2251528 4505532 3117576
1785800097330 2251528 4505532 3117576
1785800097366 2251528 4505532 3117576
1785800097400 2251528 4505532 3117576
1785800097435 2251532 4505532 3117576
1785800097469 2251532 4505532 3117576
1785800097503 2251532 4505532 3117576
1785800097538 2251532 4505532 3117576
1785800097572 2251532 4505532 3117576
1785800097607 2251532 4505532 3117576
1785800097641 2251532 4505532 3117576
1785800097675 2251532 4505532 3117576
1785800097710 2251532 4505532 3117576
1785800097749 2251532 4505532 3117576
1785800097784 2251532 4505532 3117576
1785800097818 2251532 4505532 3117576
1785800097855 2251532 4505532 3117576
1785800097892 2251532 4505532 3117576
1785800097929 2251532 4505532 3117576
1785800097965 2251532 4505532 3117576
1785800098003 2251532 4505532 3117576
1785800098038 2251532 4505532 3117576
1785800098075 2251532 4505532 3117576
1785800098114 2251532 4505532 3117576
1785800098149 2251532 4505532 3117576
1785800098184 2251532 4505532 3117576
1785800098221 2251532 4505532 3117576
1785800098257 2251532 4505532 3117576
1785800098290 2251532 4505532 3117576
1785800098325 2251532 4505532 3117576
1785800098363 2251532 4505532 3117576
1785800098400 2251532 4505532 3117576
1785800098436 2251532 4505532 3117576
1785800098470 2251532 4505532 3117576
1785800098504 2251532 4505532 3117576
1785800098541 2251532 4505532 3117576
1785800098577 2251532 4505532 3117576
1785800098611 2251532 4505532 3117576
1785800098648 2275980 4505532 3117576
1785800098686 2276108 4505532 3117576
1785800098721 2276108 4505532 3117576
1785800098755 2202380 4505532 3117576
1785800098791 2202380 4505532 3117576
1785800098824 2202380 4505532 3117576
1785800098858 2202380 4505532 3117576
1785800098893 2202380 4505532 3117576
1785800098926 2202380 4505532 3117576
1785800098963 2202380 4505532 3117576
1785800098999 2202380 4505532 3117576
1785800099035 2202380 4505532 3117576
1785800099069 2202380 4505532 3117576
1785800099103 2202380 4505532 3117576
1785800099137 2202380 4505532 3117576
1785800099171 2202380 4505532 3117576
1785800099206 2202384 4505532 3117576
1785800099241 2202384 4505532 3117576
1785800099277 2202384 4505532 3117576
1785800099312 2202384 4505532 3117576
1785800099348 2202384 4505532 3117576
1785800099383 2202384 4505532 3117576
1785800099418 2202384 4505532 3117576
1785800099454 2202384 4505532 3117576
1785800099488 2202388 4505532 3117576
1785800099521 2202388 4505532 3117576
1785800099557 2202388 4505532 3117576
1785800099592 2202388 4505532 3117576
1785800099628 2202396 4505532 3117576
1785800099664 2202400 4505532 3117576
1785800099700 2202400 4505532 3117576
1785800099738 2202400 4505532 3117576
1785800099775 2202400 4505532 3117576
1785800099810 2202400 4505532 3117576
1785800099848 2202400 4505532 3117576
1785800099885 2202400 4505532 3117576
1785800099921 2202400 4505532 3117576
1785800099956 2202400 4505532 3117576
1785800099993 2202400 4505532 3117576
1785800100029 2202400 4505532 3117576
1785800100065 2202400 4505532 3117576
1785800100100 2202400 4505532 3117576
1785800100138 2202400 4505532 3117576
1785800100174 2202400 4505532 3117576
1785800100207 2202400 4505532 3117576
1785800100245 2202404 4505532 3117576
1785800100282 2202404 4505532 3117576
1785800100318 2202404 4505532 3117576
1785800100353 2202404 4505532 3117576
1785800100390 2202404 4505532 3117576
1785800100426 2202404 4505532 3117576
1785800100462 2202404 4505532 3117576
1785800100501 2202404 4505532 3117576
1785800100538 2202404 4505532 3117576
1785800100574 2202404 4505532 3117576
1785800100611 2202404 4505532 3117576
1785800100647 2202404 4505532 3117576
1785800100684 2202408 4505532 3117576
1785800100720 2202408 4505532 3117576
1785800100756 2202408 4505532 3117576
1785800100792 2202408 4505532 3117576
1785800100829 2202408 4505532 3117576
1785800100863 2202408 4505532 3117576
1785800100898 2202408 4505532 3117576
1785800100932 2202408 4505532 3117576
1785800100967 2202408 4505532 3117576
1785800101001 2202408 4505532 3117576
1785800101036 2202408 4505532 3117576
1785800101070 2202408 4505532 3117576
1785800101105 2202408 4505532 3117576
1785800101139 2202408 4505532 3117576
1785800101174 2202408 4505532 3117576
1785800101209 2202408 4505532 3117576
1785800101245 2202408 4505532 3117576
1785800101282 2202408 4505532 3117576
1785800101318 2202408 4505532 3117576
1785800101354 2202408 4505532 3117576
1785800101390 2202408 4505532 3117576
1785800101426 2202408 4505532 3117576
1785800101462 2202408 4505532 3117576
1785800101498 2202408 4505532 3117576
1785800101534 2202408 4505532 3117576
1785800101571 2202408 4505532 3117576
1785800101607 2202408 4505532 3117576
1785800101644 2202408 4505532 3117576
1785800101681 2202408 4505532 3117576
1785800101718 2202408 4505532 3117576
1785800101753 2202408 4505532 3117576
1785800101789 2202408 4505532 3117576
1785800101825 2202408 4505532 3117576
1785800101861 2202408 4505532 3117576
1785800101896 2202408 4505532 3117576
1785800101931 2202408 4505532 3117576
1785800101966 2202408 4505532 3117576
1785800102001 2202408 4505532 3117576
1785800102035 2202408 4505532 3117576
1785800102070 2202408 4505532 3117576
1785800102106 2202408 4505532 3117576
1785800102142 2202408 4505532 3117576
1785800102177 2202408 4505532 3117576
1785800102212 2202408 4505532 3117576
1785800102247 2202408 4505532 3117576
1785800102282 2202408 4505532 3117576
1785800102316 2202408 4505532 3117576
1785800102351 2202408 4505532 3117576
1785800102387 2202408 4505532 3117576
1785800102423 2202412 4505532 3117576
1785800102458 2202412 4505532 3117576
1785800102496 2202412 4505532 3117576
1785800102532 2202412 4505532 3117576
1785800102568 2202416 4505532 3117576
1785800102606 2202416 4505532 3117576
1785800102642 2202416 4505532 3117576
1785800102678 2202416 4505532 3117576
1785800102717 2202416 4505532 3117576
1785800102753 2202416 4505532 3117576
1785800102788 2202416 4505532 3117576
1785800102822 2202420 4505532 3117576
1785800102858 2202420 4505532 3117576
1785800102893 2202420 4505532 3117576
1785800102928 2202420 4505532 3117576
1785800102966 2202420 4505532 3117576
1785800103003 2202420 4505532 3117576
1785800103040 2202420 4505532 3117576
1785800103076 2202420 4505532 3117576
1785800103113 2202420 4505532 3117576
1785800103149 2202420 4505532 3117576
1785800103185 2202420 4505532 3117576
1785800103222 2202420 4505532 3117576
1785800103257 2202420 4505532 3117576
1785800103293 2202420 4505532 3117576
1785800103330 2202420 4505532 3117576
1785800103366 2202420 4505532 3117576
1785800103403 2202420 4505532 3117576
1785800103439 2202420 4505532 3117576
1785800103475 2202420 4505532 3117576
1785800103510 2202420 4505532 3117576
1785800103550 2203956 4505532 3117576
1785800103587 2203956 4505532 3117576
1785800103622 2203956 4505532 3117576
1785800103659 2203956 4505532 3117576
1785800103696 2203956 4505532 3117576
1785800103730 2203956 4505532 3117576
1785800103765 2203956 4505532 3117576
1785800103803 2203956 4505532 3117576
1785800103838 2203956 4505532 3117576
1785800103873 2203956 4505532 3117576
1785800103909 2203956 4505532 3117576
1785800103946 2203956 4505532 3117576
1785800103982 2203956 4505532 3117576
1785800104018 2203956 4505532 3117576
1785800104055 2203956 4505532 3117576
1785800104091 2203956 4505532 3117576
1785800104128 2203956 4505532 3117576
1785800104167 2203956 4505532 3117576
1785800104205 2203956 4505532 3117576
1785800104240 2203956 4505532 3117576
1785800104274 2203956 4505532 3117576
1785800104308 2204380 4505532 3117576
1785800104342 2219872 4505532 3117576
1785800104376 2234208 4505532 3117576
1785800104410 2250592 4505532 3117576
1785800104445 2277556 4505532 3117576
1785800104486 2302132 4505532 3117576
1785800104523 2302132 4505532 3117576
1785800104560 2302132 4505532 3117576
1785800104595 2302132 4505532 3117576
1785800104631 2302132 4505532 3117576
1785800104666 2302132 4505532 3117576
1785800104703 2302132 4505532 3117576
1785800104738 2302132 4505532 3117576
1785800104776 2302132 4505532 3117576
1785800104811 2302132 4505532 3117576
1785800104845 2302132 4505532 3117576
1785800104879 2302132 4505532 3117576
1785800104915 2302132 4505532 3117576
1785800104951 2302132 4505532 3117576
1785800104986 2302132 4505532 3117576
1785800105022 2302136 4505532 3117576
1785800105058 2302136 4505532 3117576
1785800105092 2302136 4505532 3117576
1785800105128 2302136 4505532 3117576
1785800105162 2302136 4505532 3117576
1785800105197 2302136 4505532 3117576
1785800105233 2302136 4505532 3117576
1785800105269 2302136 4505532 3117576
1785800105304 2302136 4505532 3117576
1785800105342 2302136 4505532 3117576
1785800105378 2302140 4505532 3117576
1785800105413 2302152 4505532 3117576
1785800105449 2302152 4505532 3117576
1785800105485 2302152 4505532 3117576
1785800105523 2302152 4505532 3117576
1785800105561 2302152 4505532 3117576
1785800105597 2302152 4505532 3117576
1785800105633 2302152 4505532 3117576
1785800105669 2302152 4505532 3117576
1785800105704 2302152 4505532 3117576
1785800105740 2302152 4505532 3117576
1785800105778 2302152 4505532 3117576
1785800105814 2302152 4505532 3117576
1785800105849 2302152 4505532 3117576
1785800105885 2302152 4505532 3117576
1785800105924 2302152 4505532 3117576
1785800105959 2302152 4505532 3117576
1785800105995 2302152 4505532 3117576
1785800106034 2302152 4505532 3117576
1785800106071 2302152 4505532 3117576
1785800106107 2302152 4505532 3117576
1785800106143 2302152 4505532 3117576
1785800106179 2302152 4505532 3117576
1785800106213 2302152 4505532 3117576
1785800106248 2302152 4505532 3117576
1785800106286 2302152 4505532 3117576
1785800106323 2302152 4505532 3117576
1785800106359 2302152 4505532 3117576
1785800106396 2302152 4505532 3117576
1785800106432 2302152 4505532 3117576
1785800106469 2302152 4505532 3117576
1785800106505 2302152 4505532 3117576
1785800106542 2302152 4505532 3117576
1785800106578 2302152 4505532 3117576
1785800106613 2302152 4505532 3117576
1785800106648 2302152 4505532 3117576
1785800106683 2302152 4505532 3117576
1785800106719 2302152 4505532 3117576
1785800106755 2302152 4505532 3117576
1785800106791 2302152 4505532 3117576
1785800106826 2302152 4505532 3117576
1785800106861 2302152 4505532 3117576
1785800106896 2302152 4505532 3117576
1785800106932 2302152 4505532 3117576
1785800106969 2302152 4505532 3117576
1785800107003 2302152 4505532 3117576
1785800107038 2302152 4505532 3117576
1785800107074 2302152 4505532 3117576
1785800107110 2302152 4505532 3117576
1785800107146 2302152 4505532 3117576
1785800107182 2302152 4505532 3117576
1785800107217 2302152 4505532 3117576
1785800107254 2302152 4505532 3117576
1785800107290 2302152 4505532 3117576
1785800107326 2302152 4505532 3117576
1785800107362 2302152 4505532 3117576
1785800107398 2302152 4505532 3117576
1785800107434 2302152 4505532 3117576
1785800107471 2302152 4505532 3117576
1785800107508 2302152 4505532 3117576
1785800107544 2302152 4505532 3117576
1785800107579 2302156 4505532 3117576
1785800107616 2302156 4505532 3117576
1785800107651 2302160 4505532 3117576
1785800107687 2302160 4505532 3117576
1785800107722 2302160 4505532 3117576
1785800107756 2302160 4505532 3117576
1785800107790 2302160 4505532 3117576
1785800107825 2302160 4505532 3117576
1785800107859 2302160 4505532 3117576
1785800107894 2302160 4505532 3117576
1785800107931 2302160 4505532 3117576
1785800107967 2302160 4505532 3117576
1785800108002 2302160 4505532 3117576
1785800108037 2302160 4505532 3117576
1785800108072 2302160 4505532 3117576
1785800108107 2302160 4505532 3117576
1785800108143 2302160 4505532 3117576
1785800108180 2302164 4505532 3117576
1785800108216 2302164 4505532 3117576
1785800108254 2302164 4505532 3117576
1785800108290 2302164 4505532 3117576
1785800108326 2302168 4505532 3117576
1785800108364 2302168 4505532 3117576
1785800108399 2302168 4505532 3117576
1785800108435 2302168 4505532 3117576
1785800108471 2302168 4505532 3117576
1785800108509 2302168 4505532 3117576
1785800108545 2302168 4505532 3117576
1785800108581 2302168 4505532 3117576
1785800108620 2302168 4505532 3117576
1785800108656 2302168 4505532 3117576
1785800108692 2302168 4505532 3117576
1785800108732 2302168 4505532 3117576
1785800108767 2302168 4505532 3117576
1785800108803 2302168 4505532 3117576
1785800108838 2302168 4505532 3117576
1785800108876 2302168 4505532 3117576
1785800108911 2302168 4505532 3117576
1785800108945 2302168 4505532 3117576
1785800108983 2302168 4505532 3117576
1785800109019 2302168 4505532 3117576
1785800109054 2302168 4505532 3117576
1785800109090 2302168 4505532 3117576
1785800109125 2302168 4505532 3117576
1785800109160 2302168 4505532 3117576
1785800109197 2302168 4505532 3117576
1785800109233 2302168 4505532 3117576
1785800109269 2302168 4505532 3117576
1785800109309 2302168 4505532 3117576
1785800109347 2302168 4505532 3117576
1785800109383 2302168 4505532 3117576
1785800109420 2302168 4505532 3117576
1785800109458 2302168 4505532 3117576
1785800109494 2302168 4505532 3117576
1785800109530 2302168 4505532 3117576
1785800109566 2302168 4505532 3117576
1785800109601 2302168 4505532 3117576
1785800109636 2302168 4505532 3117576
1785800109671 2302168 4505532 3117576
1785800109707 2302168 4505532 3117576
1785800109741 2302168 4505532 3117576
1785800109777 2302168 4505532 3117576
1785800109815 2302168 4505532 3117576
1785800109852 2302168 4505532 3117576
1785800109888 2302168 4505532 3117576
1785800109923 2302168 4505532 3117576
1785800109958 2302168 4505532 3117576
1785800109995 2302168 4505532 3117576
1785800110030 2302168 4505532 3117576
1785800110066 2302168 4505532 3117576
1785800110102 2302168 4505532 3117576
1785800110139 2303860 4505532 3117576
1785800110175 2320260 4505532 3117576
1785800110211 2351320 4505532 3117576
1785800110252 2449624 4505532 3117576
1785800110288 2277720 4505532 3117576
1785800110322 2277720 4505532 3117576
1785800110359 2277720 4505532 3117576
1785800110393 2277720 4505532 3117576
1785800110428 2277720 4505532 3117576
1785800110463 2277720 4505532 3117576
1785800110497 2277720 4505532 3117576
1785800110534 2277720 4505532 3117576
1785800110570 2277720 4505532 3117576
1785800110606 2277720 4505532 3117576
1785800110642 2277720 4505532 3117576
1785800110678 2277720 4505532 3117576
1785800110713 2277720 4505532 3117576
1785800110748 2277724 4505532 3117576
1785800110783 2277724 4505532 3117576
1785800110817 2277724 4505532 3117576
1785800110851 2277724 4505532 3117576
1785800110885 2277724 4505532 3117576
1785800110921 2277724 4505532 3117576
1785800110957 2277724 4505532 3117576
1785800110992 2277724 4505532 3117576
1785800111028 2277724 4505532 3117576
1785800111064 2277732 4505532 3117576
1785800111099 2277732 4505532 3117576
1785800111136 2277732 4505532 3117576
1785800111171 2277732 4505532 3117576
1785800111206 2277732 4505532 3117576
1785800111242 2277736 4505532 3117576
1785800111278 2277740 4505532 3117576
1785800111315 2277744 4505532 3117576
1785800111352 2277744 4505532 3117576
1785800111388 2277744 4505532 3117576
1785800111423 2277748 4505532 3117576
1785800111458 2277748 4505532 3117576
1785800111496 2277748 4505532 3117576
1785800111532 2277748 4505532 3117576
1785800111568 2277748 4505532 3117576
1785800111606 2277748 4505532 3117576
1785800111642 2277748 4505532 3117576
1785800111676 2277748 4505532 3117576
1785800111711 2277748 4505532 3117576
1785800111750 2277748 4505532 3117576
1785800111786 2277748 4505532 3117576
1785800111820 2277748 4505532 3117576
1785800111855 2283764 4505532 3117576
1785800111891 2283764 4505532 3117576
1785800111926 2283764 4505532 3117576
1785800111961 2283764 4505532 3117576
1785800111999 2283764 4505532 3117576
1785800112034 2283764 4505532 3117576
1785800112068 2283764 4505532 3117576
1785800112106 2283764 4505532 3117576
1785800112142 2283764 4505532 3117576
1785800112179 2283764 4505532 3117576
1785800112216 2283764 4505532 3117576
1785800112253 2283764 4505532 3117576
1785800112289 2283764 4505532 3117576
1785800112326 2283764 4505532 3117576
1785800112362 2283764 4505532 3117576
1785800112398 2283764 4505532 3117576
1785800112435 2283764 4505532 3117576
1785800112471 2283764 4505532 3117576
1785800112508 2283764 4505532 3117576
1785800112544 2283764 4505532 3117576
1785800112580 2283764 4505532 3117576
1785800112617 2283764 4505532 3117576
1785800112653 2283764 4505532 3117576
1785800112689 2283764 4505532 3117576
1785800112725 2283764 4505532 3117576
1785800112761 2283764 4505532 3117576
1785800112796 2283764 4505532 3117576
1785800112832 2283764 4505532 3117576
1785800112867 2283764 4505532 3117576
1785800112904 2283764 4505532 3117576
1785800112940 2283764 4505532 3117576
1785800112977 2283764 4505532 3117576
1785800113013 2283764 4505532 3117576
1785800113049 2283764 4505532 3117576
1785800113084 2283764 4505532 3117576
1785800113121 2283764 4505532 3117576
1785800113158 2283764 4505532 3117576
1785800113195 2283764 4505532 3117576
1785800113233 2283764 4505532 3117576
1785800113269 2283764 4505532 3117576
1785800113306 2283764 4505532 3117576
1785800113344 2283764 4505532 3117576
1785800113380 2283764 4505532 3117576
1785800113417 2283764 4505532 3117576
1785800113454 2283768 4505532 3117576
1785800113491 2283768 4505532 3117576
1785800113526 2283768 4505532 3117576
1785800113561 2283768 4505532 3117576
1785800113597 2283768 4505532 3117576
1785800113632 2283768 4505532 3117576
1785800113667 2283768 4505532 3117576
1785800113702 2283768 4505532 3117576
1785800113740 2283768 4505532 3117576
1785800113777 2283768 4505532 3117576
1785800113815 2283768 4505532 3117576
1785800113852 2283768 4505532 3117576
1785800113889 2283768 4505532 3117576
1785800113925 2283768 4505532 3117576
1785800113962 2283768 4505532 3117576
1785800113999 2283768 4505532 3117576
1785800114037 2283772 4505532 3117576
1785800114074 2283772 4505532 3117576
1785800114111 2283772 4505532 3117576
1785800114150 2283772 4505532 3117576
1785800114186 2283772 4505532 3117576
1785800114223 2283772 4505532 3117576
1785800114262 2283772 4505532 3117576
1785800114300 2283772 4505532 3117576
1785800114336 2283772 4505532 3117576
1785800114370 2289920 4505532 3117576
1785800114405 2289920 4505532 3117576
1785800114442 2289920 4505532 3117576
1785800114477 2296064 4505532 3117576
1785800114516 2320640 4505532 3117576
1785800114551 2320640 4505532 3117576
1785800114584 2320640 4505532 3117576
1785800114620 2320640 4505532 3117576
1785800114658 2320640 4505532 3117576
1785800114691 2320640 4505532 3117576
1785800114728 2320640 4505532 3117576
1785800114766 2326784 4505532 3117576
1785800114801 2326784 4505532 3117576
1785800114838 2326784 4505532 3117576
1785800114875 2326784 4505532 3117576
1785800114909 2326784 4505532 3117576
1785800114944 2326784 4505532 3117576
1785800114979 2326784 4505532 3117576
1785800115013 2326784 4505532 3117576
1785800115047 2326784 4505532 3117576
1785800115086 2326788 4505532 3117576
1785800115121 2326788 4505532 3117576
1785800115155 2326788 4505532 3117576
1785800115189 2326788 4505532 3117576
1785800115226 2326788 4505532 3117576
1785800115262 2326788 4505532 3117576
1785800115298 2326788 4505532 3117576
1785800115335 2326788 4505532 3117576
1785800115370 2326788 4505532 3117576
1785800115405 2326788 4505532 3117576
1785800115439 2326788 4505532 3117576
1785800115475 2326788 4505532 3117576
1785800115509 2326788 4505532 3117576
1785800115543 2326788 4505532 3117576
1785800115580 2326788 4505532 3117576
1785800115617 2326788 4505532 3117576
1785800115653 2326788 4505532 3117576
1785800115691 2326788 4505532 3117576
1785800115729 2326788 4505532 3117576
1785800115767 2326788 4505532 3117576
1785800115803 2326788 4505532 3117576
1785800115839 2326788 4505532 3117576
1785800115876 2326788 4505532 3117576
1785800115911 2326788 4505532 3117576
1785800115948 2326788 4505532 3117576
1785800115985 2326788 4505532 3117576
1785800116020 2351364 4505532 3117576
1785800116061 2351364 4505532 3117576
1785800116098 2351364 4505532 3117576
1785800116135 2351364 4505532 3117576
1785800116172 2351364 4505532 3117576
1785800116209 2351364 4505532 3117576
1785800116245 2351364 4505532 3117576
1785800116279 2351364 4505532 3117576
1785800116315 2351364 4505532 3117576
1785800116349 2351364 4505532 3117576
1785800116384 2351364 4505532 3117576
1785800116418 2351364 4505532 3117576
1785800116454 2351364 4505532 3117576
1785800116490 2351364 4505532 3117576
1785800116524 2277768 4505532 3117576
1785800116558 2277768 4505532 3117576
1785800116592 2277768 4505532 3117576
1785800116627 2277768 4505532 3117576
1785800116662 2277768 4505532 3117576
1785800116698 2277768 4505532 3117576
1785800116734 2277768 4505532 3117576
1785800116770 2277768 4505532 3117576
1785800116806 2277768 4505532 3117576
1785800116843 2277768 4505532 3117576
1785800116878 2277776 4505532 3117576
1785800116913 2277776 4505532 3117576
1785800116950 2277780 4505532 3117576
1785800116987 2277780 4505532 3117576
1785800117023 2277780 4505532 3117576
1785800117060 2277780 4505532 3117576
1785800117096 2277780 4505532 3117576
1785800117133 2277784 4505532 3117576
1785800117173 2283800 4505532 3117576
1785800117210 2283800 4505532 3117576
1785800117246 2283800 4505532 3117576
1785800117282 2283800 4505532 3117576
1785800117319 2283800 4505532 3117576
1785800117356 2283800 4505532 3117576
1785800117392 2289948 4505532 3117576
1785800117431 2296092 4505532 3117576
1785800117468 2296092 4505532 3117576
1785800117505 2296092 4505532 3117576
1785800117544 2296092 4505532 3117576
1785800117581 2296092 4505532 3117576
1785800117617 2296092 4505532 3117576
1785800117655 2296092 4505532 3117576
1785800117692 2296092 4505532 3117576
1785800117729 2296092 4505532 3117576
1785800117765 2302236 4505532 3117576
1785800117803 2308380 4505532 3117576
1785800117841 2308380 4505532 3117576
1785800117877 2308380 4505532 3117576
1785800117914 2308380 4505532 3117576
1785800117950 2308380 4505532 3117576
1785800117987 2308380 4505532 3117576
1785800118025 2308380 4505532 3117576
1785800118062 2308380 4505532 3117576
1785800118098 2308380 4505532 3117576
1785800118134 2308380 4505532 3117576
1785800118171 2308380 4505532 3117576
1785800118206 2308380 4505532 3117576
1785800118241 2308380 4505532 3117576
1785800118275 2308380 4505532 3117576
1785800118310 2308380 4505532 3117576
1785800118345 2308380 4505532 3117576
1785800118379 2308380 4505532 3117576
1785800118413 2308380 4505532 3117576
1785800118448 2308380 4505532 3117576
1785800118483 2308380 4505532 3117576
1785800118518 2308380 4505532 3117576
1785800118553 2308380 4505532 3117576
1785800118590 2308380 4505532 3117576
1785800118625 2308380 4505532 3117576
1785800118679 2308380 4505532 3117576
1785800118715 2308380 4505532 3117576
1785800118749 2308380 4505532 3117576
1785800118784 2308380 4505532 3117576
1785800118819 2308380 4505532 3117576
1785800118853 2308380 4505532 3117576
1785800118888 2308380 4505532 3117576
1785800118925 2308380 4505532 3117576
1785800118961 2308380 4505532 3117576
1785800118995 2308380 4505532 3117576
1785800119031 2308384 4505532 3117576
1785800119068 2308384 4505532 3117576
1785800119104 2308388 4505532 3117576
1785800119140 2308388 4505532 3117576
1785800119175 2308388 4505532 3117576
1785800119210 2308388 4505532 3117576
1785800119245 2308388 4505532 3117576
1785800119280 2308388 4505532 3117576
1785800119315 2308388 4505532 3117576
1785800119350 2308388 4505532 3117576
1785800119386 2308388 4505532 3117576
1785800119421 2308388 4505532 3117576
1785800119456 2308388 4505532 3117576
1785800119490 2308388 4505532 3117576
1785800119526 2308388 4505532 3117576
1785800119561 2308388 4505532 3117576
1785800119597 2308388 4505532 3117576
1785800119633 2308388 4505532 3117576
1785800119670 2308388 4505532 3117576
1785800119707 2308388 4505532 3117576
1785800119743 2308388 4505532 3117576
1785800119780 2308388 4505532 3117576
1785800119818 2308388 4505532 3117576
1785800119856 2308388 4505532 3117576
1785800119891 2308388 4505532 3117576
1785800119927 2308388 4505532 3117576
1785800119963 2308388 4505532 3117576
1785800119998 2308388 4505532 3117576
1785800120033 2308388 4505532 3117576
1785800120059 2326820 4505532 3117576
1785800120095 2326820 4505532 3117576
1785800120131 2326820 4505532 3117576
1785800120166 2332964 4505532 3117576
1785800120205 2357540 4505532 3117576
1785800120240 2357540 4505532 3117576
1785800120276 2357540 4505532 3117576
1785800120315 2357540 4505532 3117576
1785800120352 2357540 4505532 3117576
1785800120388 2357540 4505532 3117576
1785800120425 2357540 4505532 3117576
1785800120463 2296572 4505532 3117576
1785800120500 2277796 4505532 3117576
1785800120535 2277796 4505532 3117576
1785800120570 2277796 4505532 3117576
1785800120606 2277796 4505532 3117576
1785800120642 2277796 4505532 3117576
1785800120678 2277796 4505532 3117576
1785800120714 2277796 4505532 3117576
1785800120750 2283812 4505532 3117576
1785800120788 2308388 4505532 3117576
1785800120825 2308388 4505532 3117576
1785800120861 2308388 4505532 3117576
1785800120897 2309280 4505532 3117576
1785800120935 2326824 4505532 3117576
1785800120972 2326824 4505532 3117576
1785800121009 2326824 4505532 3117576
1785800121049 2326824 4505532 3117576
1785800121084 2326824 4505532 3117576
1785800121119 2326824 4505532 3117576
1785800121154 2351244 4505532 3117576
1785800121193 2363688 4505532 3117576
1785800121229 2363688 4505532 3117576
1785800121265 2363688 4505532 3117576
1785800121304 2363688 4505532 3117576
1785800121341 2363688 4505532 3117576
1785800121377 2363688 4505532 3117576
1785800121413 2363688 4505532 3117576
1785800121449 2363688 4505532 3117576
1785800121485 2296236 4505532 3117576
1785800121523 2296840 4505532 3117576
1785800121558 2310100 4505532 3117576
1785800121592 2326484 4505532 3117576
1785800121631 2351400 4505532 3117576
1785800121667 2357204 4505532 3117576
1785800121703 2373588 4505532 3117576
1785800121745 2449704 4505532 3117576
1785800121784 2449704 4505532 3117576
1785800121818 2449704 4505532 3117576
1785800121854 2449704 4505532 3117576
1785800121888 2449704 4505532 3117576
1785800121923 2449704 4505532 3117576
1785800121958 2449704 4505532 3117576
1785800121994 2449704 4505532 3117576
1785800122030 2449704 4505532 3117576
1785800122067 2449704 4505532 3117576
1785800122104 2449704 4505532 3117576
1785800122138 2449704 4505532 3117576
1785800122174 2449704 4505532 3117576
1785800122208 2449704 4505532 3117576
1785800122244 2449708 4505532 3117576
1785800122279 2449708 4505532 3117576
1785800122315 2449708 4505532 3117576
1785800122350 2449708 4505532 3117576
1785800122387 2449708 4505532 3117576
1785800122423 2449708 4505532 3117576
1785800122458 2449708 4505532 3117576
1785800122496 2449708 4505532 3117576
1785800122531 2449712 4505532 3117576
1785800122566 2449712 4505532 3117576
1785800122602 2449712 4505532 3117576
1785800122639 2449712 4505532 3117576
1785800122674 2449724 4505532 3117576
1785800122710 2449724 4505532 3117576
1785800122746 2449724 4505532 3117576
1785800122783 2449724 4505532 3117576
1785800122820 2449724 4505532 3117576
1785800122857 2449728 4505532 3117576
1785800122894 2449728 4505532 3117576
1785800122933 2449728 4505532 3117576
1785800122970 2449728 4505532 3117576
1785800123006 2449728 4505532 3117576
1785800123045 2449728 4505532 3117576
1785800123083 2449728 4505532 3117576
1785800123119 2449728 4505532 3117576
1785800123155 2449728 4505532 3117576
1785800123192 2449728 4505532 3117576
1785800123226 2449728 4505532 3117576
1785800123260 2449728 4505532 3117576
1785800123299 2449728 4505532 3117576
1785800123335 2449728 4505532 3117576
1785800123369 2449728 4505532 3117576
1785800123405 2449732 4505532 3117576
1785800123444 2449732 4505532 3117576
1785800123479 2449732 4505532 3117576
1785800123513 2449732 4505532 3117576
1785800123550 2449732 4505532 3117576
1785800123586 2449732 4505532 3117576
1785800123620 2449732 4505532 3117576
1785800123655 2449732 4505532 3117576
1785800123690 2449732 4505532 3117576
1785800123728 2449732 4505532 3117576
1785800123764 2449732 4505532 3117576
1785800123799 2449732 4505532 3117576
1785800123834 2449732 4505532 3117576
1785800123869 2449732 4505532 3117576
1785800123904 2449732 4505532 3117576
1785800123939 2449732 4505532 3117576
1785800123974 2449732 4505532 3117576
1785800124011 2449732 4505532 3117576
1785800124047 2449732 4505532 3117576
1785800124083 2449732 4505532 3117576
1785800124120 2449732 4505532 3117576
1785800124157 2449732 4505532 3117576
1785800124193 2449732 4505532 3117576
1785800124229 2449732 4505532 3117576
1785800124265 2449732 4505532 3117576
1785800124300 2449732 4505532 3117576
1785800124337 2449732 4505532 3117576
1785800124374 2449732 4505532 3117576
1785800124410 2449732 4505532 3117576
1785800124446 2449732 4505532 3117576
1785800124481 2449732 4505532 3117576
1785800124518 2449732 4505532 3117576
1785800124554 2449732 4505532 3117576
1785800124590 2449732 4505532 3117576
1785800124627 2449732 4505532 3117576
1785800124663 2449732 4505532 3117576
1785800124700 2449732 4505532 3117576
1785800124736 2449732 4505532 3117576
1785800124773 2449732 4505532 3117576
1785800124810 2449732 4505532 3117576
1785800124846 2449732 4505532 3117576
1785800124883 2449732 4505532 3117576
1785800124918 2449740 4505532 3117576
1785800124953 2449744 4505532 3117576
1785800124988 2449744 4505532 3117576
1785800125022 2449744 4505532 3117576
1785800125058 2449744 4505532 3117576
1785800125093 2449744 4505532 3117576
1785800125127 2449744 4505532 3117576
1785800125162 2449744 4505532 3117576
1785800125199 2449744 4505532 3117576
1785800125236 2449744 4505532 3117576
1785800125273 2449744 4505532 3117576
1785800125307 2449744 4505532 3117576
1785800125342 2449744 4505532 3117576
1785800125378 2449744 4505532 3117576
1785800125414 2449744 4505532 3117576
1785800125450 2449744 4505532 3117576
1785800125486 2449744 4505532 3117576
1785800125521 2449744 4505532 3117576
1785800125557 2449744 4505532 3117576
1785800125591 2449744 4505532 3117576
1785800125627 2449744 4505532 3117576
1785800125661 2449744 4505532 3117576
1785800125696 2449744 4505532 3117576
1785800125734 2449744 4505532 3117576
1785800125771 2449744 4505532 3117576
1785800125807 2449744 4505532 3117576
1785800125841 2449744 4505532 3117576
1785800125879 2449744 4505532 3117576
1785800125916 2449744 4505532 3117576
1785800125953 2449744 4505532 3117576
1785800125992 2449744 4505532 3117576
1785800126029 2449744 4505532 3117576
1785800126065 2449744 4505532 3117576
1785800126103 2449744 4505532 3117576
1785800126142 2449744 4505532 3117576
1785800126179 2449744 4505532 3117576
1785800126215 2449744 4505532 3117576
1785800126251 2449744 4505532 3117576
1785800126287 2449744 4505532 3117576
1785800126322 2449744 4505532 3117576
1785800126360 2449744 4505532 3117576
1785800126399 2449744 4505532 3117576
1785800126437 2449744 4505532 3117576
1785800126474 2449744 4505532 3117576
1785800126510 2449744 4505532 3117576
1785800126545 2449744 4505532 3117576
1785800126583 2449744 4505532 3117576
1785800126620 2449744 4505532 3117576
1785800126656 2449744 4505532 3117576
1785800126695 2449744 4505532 3117576
1785800126732 2449744 4505532 3117576
1785800126768 2449744 4505532 3117576
1785800126806 2449744 4505532 3117576
1785800126843 2449744 4505532 3117576
1785800126879 2449744 4505532 3117576
1785800126914 2449744 4505532 3117576
1785800126951 2449744 4505532 3117576
1785800126986 2449744 4505532 3117576
1785800127021 2449744 4505532 3117576
1785800127060 2449744 4505532 3117576
1785800127098 2449744 4505532 3117576
1785800127134 2449744 4505532 3117576
1785800127169 2449744 4505532 3117576
1785800127206 2449744 4505532 3117576
1785800127243 2449744 4505532 3117576
1785800127280 2449744 4505532 3117576
1785800127315 2449744 4505532 3117576
1785800127351 2449744 4505532 3117576
1785800127388 2451452 4505532 3117576
1785800127422 2467836 4505532 3117576
1785800127458 2498896 4505532 3117576
1785800127500 2425296 4505532 3117576
1785800127537 2425296 4505532 3117576
1785800127575 2425296 4505532 3117576
1785800127611 2425296 4505532 3117576
1785800127647 2425296 4505532 3117576
1785800127682 2425296 4505532 3117576
1785800127717 2425296 4505532 3117576
1785800127752 2425296 4505532 3117576
1785800127789 2425296 4505532 3117576
1785800127825 2425296 4505532 3117576
1785800127860 2425296 4505532 3117576
1785800127896 2425296 4505532 3117576
1785800127930 2425296 4505532 3117576
1785800127966 2425296 4505532 3117576
1785800128001 2425300 4505532 3117576
1785800128036 2425300 4505532 3117576
1785800128072 2425300 4505532 3117576
1785800128108 2425300 4505532 3117576
1785800128143 2425300 4505532 3117576
1785800128178 2425300 4505532 3117576
1785800128213 2425300 4505532 3117576
1785800128248 2425300 4505532 3117576
1785800128285 2425300 4505532 3117576
1785800128323 2425300 4505532 3117576
1785800128358 2425308 4505532 3117576
1785800128393 2425312 4505532 3117576
1785800128428 2425312 4505532 3117576
1785800128466 2425312 4505532 3117576
1785800128504 2425316 4505532 3117576
1785800128539 2425316 4505532 3117576
1785800128574 2425316 4505532 3117576
1785800128612 2425320 4505532 3117576
1785800128650 2425320 4505532 3117576
1785800128685 2425320 4505532 3117576
1785800128721 2425320 4505532 3117576
1785800128760 2425320 4505532 3117576
1785800128796 2425320 4505532 3117576
1785800128832 2425320 4505532 3117576
1785800128871 2425320 4505532 3117576
1785800128906 2425320 4505532 3117576
1785800128942 2425320 4505532 3117576
1785800128977 2425320 4505532 3117576
1785800129012 2425320 4505532 3117576
1785800129047 2425320 4505532 3117576
1785800129084 2425320 4505532 3117576
1785800129123 2425320 4505532 3117576
1785800129159 2425320 4505532 3117576
1785800129194 2425320 4505532 3117576
1785800129233 2437480 4505532 3117576
1785800129271 2437480 4505532 3117576
1785800129308 2437480 4505532 3117576
1785800129346 2437480 4505532 3117576
1785800129383 2437480 4505532 3117576
1785800129421 2437480 4505532 3117576
1785800129458 2437480 4505532 3117576
1785800129495 2437484 4505532 3117576
1785800129532 2437484 4505532 3117576
1785800129568 2437484 4505532 3117576
1785800129606 2437484 4505532 3117576
1785800129643 2437484 4505532 3117576
1785800129680 2437484 4505532 3117576
1785800129717 2437484 4505532 3117576
1785800129754 2437484 4505532 3117576
1785800129789 2437484 4505532 3117576
1785800129827 2437484 4505532 3117576
1785800129864 2437484 4505532 3117576
1785800129901 2437484 4505532 3117576
1785800129938 2437484 4505532 3117576
1785800129976 2437484 4505532 3117576
1785800130013 2437484 4505532 3117576
1785800130050 2437484 4505532 3117576
1785800130087 2437484 4505532 3117576
1785800130125 2437484 4505532 3117576
1785800130162 2437484 4505532 3117576
1785800130199 2437484 4505532 3117576
1785800130236 2437484 4505532 3117576
1785800130274 2437484 4505532 3117576
1785800130312 2437484 4505532 3117576
1785800130349 2437484 4505532 3117576
1785800130385 2437484 4505532 3117576
1785800130422 2437484 4505532 3117576
1785800130460 2437484 4505532 3117576
1785800130496 2437484 4505532 3117576
1785800130534 2437484 4505532 3117576
1785800130571 2437488 4505532 3117576
1785800130607 2437488 4505532 3117576
1785800130643 2437488 4505532 3117576
1785800130677 2437488 4505532 3117576
1785800130714 2437488 4505532 3117576
1785800130750 2437488 4505532 3117576
1785800130785 2437488 4505532 3117576
1785800130823 2437488 4505532 3117576
1785800130860 2437488 4505532 3117576
1785800130898 2437488 4505532 3117576
1785800130936 2437488 4505532 3117576
1785800130973 2437488 4505532 3117576
1785800131011 2437488 4505532 3117576
1785800131049 2437488 4505532 3117576
1785800131086 2437492 4505532 3117576
1785800131120 2437492 4505532 3117576
1785800131154 2437492 4505532 3117576
1785800131192 2437492 4505532 3117576
1785800131228 2437492 4505532 3117576
1785800131262 2437492 4505532 3117576
1785800131296 2437492 4505532 3117576
1785800131334 2437496 4505532 3117576
1785800131371 2437496 4505532 3117576
1785800131407 2437496 4505532 3117576
1785800131443 2437496 4505532 3117576
1785800131478 2437496 4505532 3117576
1785800131512 2437496 4505532 3117576
1785800131549 2437496 4505532 3117576
1785800131587 2437496 4505532 3117576
1785800131622 2437496 4505532 3117576
1785800131656 2437496 4505532 3117576
1785800131690 2437496 4505532 3117576
1785800131727 2437496 4505532 3117576
1785800131764 2437496 4505532 3117576
1785800131800 2437496 4505532 3117576
1785800131838 2437496 4505532 3117576
1785800131875 2437496 4505532 3117576
1785800131912 2437496 4505532 3117576
1785800131950 2437496 4505532 3117576
1785800131988 2437496 4505532 3117576
1785800132025 2437496 4505532 3117576
1785800132063 2437496 4505532 3117576
1785800132099 2437496 4505532 3117576
1785800132135 2437496 4505532 3117576
1785800132174 2437496 4505532 3117576
1785800132209 2437496 4505532 3117576
1785800132244 2437496 4505532 3117576
1785800132280 2437496 4505532 3117576
1785800132315 2437496 4505532 3117576
1785800132350 2437496 4505532 3117576
1785800132384 2437496 4505532 3117576
1785800132421 2437496 4505532 3117576
1785800132457 2437496 4505532 3117576
1785800132492 2437496 4505532 3117576
1785800132531 2437496 4505532 3117576
1785800132567 2437496 4505532 3117576
1785800132603 2437496 4505532 3117576
1785800132641 2437496 4505532 3117576
1785800132679 2437496 4505532 3117576
1785800132716 2437496 4505532 3117576
1785800132752 2437496 4505532 3117576
1785800132791 2437496 4505532 3117576
1785800132829 2437496 4505532 3117576
1785800132866 2437496 4505532 3117576
1785800132901 2437496 4505532 3117576
1785800132936 2437496 4505532 3117576
1785800132972 2437496 4505532 3117576
1785800133006 2441252 4505532 3117576
1785800133040 2474360 4505532 3117576
1785800133079 2474488 4505532 3117576
1785800133115 2474488 4505532 3117576
1785800133150 2474488 4505532 3117576
1785800133186 2474488 4505532 3117576
1785800133221 2474488 4505532 3117576
1785800133256 2474488 4505532 3117576
1785800133291 2474488 4505532 3117576
1785800133326 2474488 4505532 3117576
1785800133364 2474488 4505532 3117576
1785800133400 2474488 4505532 3117576
1785800133436 2474488 4505532 3117576
1785800133471 2474488 4505532 3117576
1785800133506 2474488 4505532 3117576
1785800133542 2474488 4505532 3117576
1785800133577 2474488 4505532 3117576
1785800133613 2474488 4505532 3117576
1785800133649 2474488 4505532 3117576
1785800133686 2474488 4505532 3117576
1785800133722 2474488 4505532 3117576
1785800133756 2474488 4505532 3117576
1785800133792 2474488 4505532 3117576
1785800133828 2474496 4505532 3117576
1785800133863 2474496 4505532 3117576
1785800133899 2474496 4505532 3117576
1785800133935 2474496 4505532 3117576
1785800133971 2474500 4505532 3117576
1785800134008 2474504 4505532 3117576
1785800134045 2474508 4505532 3117576
1785800134082 2474508 4505532 3117576
1785800134120 2474508 4505532 3117576
1785800134158 2474508 4505532 3117576
1785800134194 2474508 4505532 3117576
1785800134235 2474508 4505532 3117576
1785800134273 2474508 4505532 3117576
1785800134308 2474508 4505532 3117576
1785800134345 2474508 4505532 3117576
1785800134381 2474512 4505532 3117576
1785800134417 2474512 4505532 3117576
1785800134452 2474512 4505532 3117576
1785800134490 2474512 4505532 3117576
1785800134526 2474512 4505532 3117576
1785800134561 2474512 4505532 3117576
1785800134597 2474512 4505532 3117576
1785800134634 2474512 4505532 3117576
1785800134669 2474512 4505532 3117576
1785800134706 2474512 4505532 3117576
1785800134745 2474512 4505532 3117576
1785800134781 2474512 4505532 3117576
1785800134815 2474512 4505532 3117576
1785800134852 2474512 4505532 3117576
1785800134888 2474512 4505532 3117576
1785800134925 2474512 4505532 3117576
1785800134964 2474512 4505532 3117576
1785800135002 2474512 4505532 3117576
1785800135039 2474512 4505532 3117576
1785800135077 2474512 4505532 3117576
1785800135114 2474512 4505532 3117576
1785800135149 2474512 4505532 3117576
1785800135185 2474512 4505532 3117576
1785800135220 2474512 4505532 3117576
1785800135255 2474512 4505532 3117576
1785800135293 2474512 4505532 3117576
1785800135330 2474512 4505532 3117576
1785800135366 2474512 4505532 3117576
1785800135404 2474512 4505532 3117576
1785800135441 2474512 4505532 3117576
1785800135478 2474512 4505532 3117576
1785800135515 2474512 4505532 3117576
1785800135552 2474512 4505532 3117576
1785800135589 2474512 4505532 3117576
1785800135626 2474512 4505532 3117576
1785800135663 2474512 4505532 3117576
1785800135700 2474512 4505532 3117576
1785800135738 2474512 4505532 3117576
1785800135776 2474512 4505532 3117576
1785800135814 2474512 4505532 3117576
1785800135851 2474512 4505532 3117576
1785800135888 2474516 4505532 3117576
1785800135925 2474516 4505532 3117576
1785800135962 2474516 4505532 3117576
1785800135999 2474516 4505532 3117576
1785800136036 2474516 4505532 3117576
1785800136072 2474516 4505532 3117576
1785800136109 2474516 4505532 3117576
1785800136146 2474516 4505532 3117576
1785800136184 2474516 4505532 3117576
1785800136220 2474524 4505532 3117576
1785800136256 2474524 4505532 3117576
1785800136290 2474524 4505532 3117576
1785800136325 2474524 4505532 3117576
1785800136362 2474524 4505532 3117576
1785800136396 2474524 4505532 3117576
1785800136430 2474524 4505532 3117576
1785800136465 2474524 4505532 3117576
1785800136500 2474524 4505532 3117576
1785800136538 2474524 4505532 3117576
1785800136575 2474524 4505532 3117576
1785800136610 2474524 4505532 3117576
1785800136648 2474524 4505532 3117576
1785800136684 2474524 4505532 3117576
1785800136720 2474524 4505532 3117576
1785800136755 2474524 4505532 3117576
1785800136790 2474524 4505532 3117576
1785800136824 2474524 4505532 3117576
1785800136862 2474524 4505532 3117576
1785800136898 2474524 4505532 3117576
1785800136934 2474524 4505532 3117576
1785800136970 2474524 4505532 3117576
1785800137006 2474524 4505532 3117576
1785800137041 2474524 4505532 3117576
1785800137075 2474524 4505532 3117576
1785800137115 2474524 4505532 3117576
1785800137151 2474524 4505532 3117576
1785800137185 2474524 4505532 3117576
1785800137221 2474524 4505532 3117576
1785800137256 2474524 4505532 3117576
1785800137291 2474524 4505532 3117576
1785800137325 2474524 4505532 3117576
1785800137366 2474528 4505532 3117576
1785800137402 2474528 4505532 3117576
1785800137436 2474528 4505532 3117576
1785800137472 2474528 4505532 3117576
1785800137508 2474528 4505532 3117576
1785800137543 2474528 4505532 3117576
1785800137578 2474528 4505532 3117576
1785800137613 2474528 4505532 3117576
1785800137649 2474528 4505532 3117576
1785800137686 2474528 4505532 3117576
1785800137721 2474528 4505532 3117576
1785800137756 2474528 4505532 3117576
1785800137793 2474528 4505532 3117576
1785800137831 2474528 4505532 3117576
1785800137866 2474528 4505532 3117576
1785800137901 2474528 4505532 3117576
1785800137937 2486688 4505532 3117576
1785800137973 2486688 4505532 3117576
1785800138008 2486688 4505532 3117576
1785800138042 2486688 4505532 3117576
1785800138082 2486688 4505532 3117576
1785800138119 2486688 4505532 3117576
1785800138153 2486688 4505532 3117576
1785800138190 2511268 4505532 3117576
1785800138226 2511268 4505532 3117576
1785800138264 2511268 4505532 3117576
1785800138299 2511268 4505532 3117576
1785800138335 2511268 4505532 3117576
1785800138373 2511268 4505532 3117576
1785800138409 2511268 4505532 3117576
1785800138448 2511268 4505532 3117576
1785800138487 2425380 4505532 3117576
1785800138524 2425380 4505532 3117576
1785800138560 2433104 4505532 3117576
1785800138594 2449488 4505532 3117576
1785800138630 2474404 4505532 3117576
1785800138665 2480208 4505532 3117576
1785800138698 2496592 4505532 3117576
1785800138734 2548132 4505532 3117576
1785800138775 2572708 4505532 3117576
1785800138813 2572708 4505532 3117576
1785800138849 2474532 4505532 3117576
1785800138883 2474532 4505532 3117576
1785800138920 2474532 4505532 3117576
1785800138957 2474532 4505532 3117576
1785800138991 2474532 4505532 3117576
1785800139026 2474532 4505532 3117576
1785800139064 2474532 4505532 3117576
1785800139101 2474532 4505532 3117576
1785800139138 2474532 4505532 3117576
1785800139176 2474532 4505532 3117576
1785800139213 2474532 4505532 3117576
1785800139248 2474532 4505532 3117576
1785800139282 2474532 4505532 3117576
1785800139317 2474532 4505532 3117576
1785800139352 2474536 4505532 3117576
1785800139387 2474628 4505532 3117576
1785800139421 2200996 4505532 3117576
1785800139455 2201092 4505532 3117576
1785800139489 2201092 4505532 3117576
1785800139526 2201092 4505532 3117576
1785800139563 2201092 4505532 3117576
1785800139601 2201092 4505532 3117576
1785800139639 2201092 4505532 3117576
1785800139676 2201096 4505532 3117576
1785800139713 2201108 4505532 3117576
1785800139749 2201112 4505532 3117576
1785800139786 2198672 4505532 3117576
1785800139824 2199528 4505532 3117576
1785800139861 2199636 4505532 3117576
1785800139898 2199816 4505532 3117576
1785800139935 2199936 4505532 3117576
# peak_kb=3126044
# hwm_kb=3126044
# frozen_ms=0
# polled_vs_hwm_pct=0promille
