# timestamp_ms VmRSS_kB VmPeak_kB VmHWM_kB
1790712638125 262364 1147408 262364
1790712638235 265952 1150112 265952
1790712638329 267544 1152004 267544
1790712638420 270144 1154604 270144
1790712638503 270772 1154604 270772
1790712638572 272936 1159420 272936
1790712638641 273760 1159420 273760
1790712638734 278588 1163520 278584
1790712638850 279344 1164544 279344
1790712638921 279872 1164544 279872
1790712638993 280452 1164544 280452
1790712639062 277356 1168616 282712
1790712639087 277736 1168616 282712
1790712639111 278192 1168616 282712
1790712639136 278700 1168616 282712
1790712639228 279292 1168616 282712
1790712639253 283720 1172500 286248
1790712639276 284120 1172500 286248
1790712639300 284492 1172500 286248
1790712639338 285116 1172500 286248
1790712639430 285856 1172500 286248
1790712639499 286168 1172500 286248
1790712639570 287020 1172500 287020
1790712639641 287916 1172840 287916
1790712639737 288692 1172840 288692
1790712639808 289680 1173864 289680
1790712639879 298840 1191276 304628
1790712639984 300356 1191276 304628
1790712640009 300920 1191276 304628
1790712640033 295384 1191276 304628
1790712640057 295888 1191276 304628
1790712640083 295888 1191276 304628
1790712640107 295888 1191276 304628
1790712640132 298884 1191276 304628
1790712640156 271340 1191276 304628
1790712640181 271504 1191276 304628
1790712640205 272324 1191276 304628
1790712640229 272368 1191276 304628
1790712640254 272712 1191276 304628
1790712640279 272712 1191276 304628
1790712640305 272712 1191276 304628
1790712640331 277184 1191276 304628
1790712640356 281396 1191276 0
1790712640384 281688 1191276 304628
1790712640410 281940 1191276 304628
1790712640433 282152 1191276 304628
1790712640458 282952 1191276 304628
1790712640481 284780 2011528 304628
1790712640505 286148 2011528 304628
1790712640530 287072 2011528 304628
1790712640554 288004 2011528 304628
1790712640578 289044 2011528 304628
1790712640602 290288 2011528 304628
1790712640626 300664 2011528 304628
1790712640648 307656 2012052 307656
1790712640761 398156 2943920 398156
1790712640883 479620 2943920 479556
1790712641003 501340 2943920 501340
1790712641130 537876 2943920 537876
1790712641258 556168 2943920 556168
1790712641381 592304 2943920 592304
1790712641508 620668 2943920 620668
1790712641636 643144 2943920 643144
1790712641766 655084 2943920 655084
1790712641877 673552 2943920 673552
1790712642009 682480 2943920 682480
1790712642124 697912 2943920 697828
1790712642251 713124 2943920 713124
1790712642377 728272 2943920 728272
1790712642508 746520 2943920 746520
1790712642640 758196 2943920 758196
1790712642750 766484 2943920 766472
1790712642879 786656 2943920 786656
1790712643015 841664 2943920 841664
1790712643158 917780 2943920 917780
1790712643303 969860 2943920 969852
1790712643441 973396 2943920 973396
1790712643531 976960 2943920 976960
1790712643618 977768 2943920 977768
1790712643705 978660 2943920 978660
1790712643795 979488 2943920 979488
1790712643880 984100 2943920 984100
1790712643999 984452 2943920 984452
1790712644085 984840 2943920 984840
1790712644173 985220 2943920 985220
1790712644261 985684 2943920 985684
1790712644352 990800 2943920 990800
1790712644464 1000100 2943920 1000100
1790712644585 1000524 2943920 1000524
1790712644676 1000992 2943920 1000992
1790712644765 1001444 2943920 1001444
1790712644856 1002632 2943920 1002628
1790712644948 1003824 2943920 1003820
1790712645042 1021124 2943920 1021124
1790712645191 1023412 2943920 1023412
1790712645283 1024568 2943920 1024568
1790712645376 1025448 2943920 1025448
1790712645468 1025880 2943920 1025880
1790712645559 1025888 2943920 1025888
1790712645647 977828 2943920 1019000
1790712645680 998604 2943920 1019000
1790712645715 1024000 2943920 1024000
1790712645749 1039864 2943920 1039844
1790712645875 1069416 2943920 1069416
1790712646035 1103796 2943920 1103796
1790712646192 1138508 2943920 1138492
1790712646332 720076 2943920 1134580
1790712646364 876784 2943920 1134580
1790712646396 996420 2943920 1134580
1790712646428 1109496 2943920 1134580
1790712646461 1139512 2943920 1139512
1790712646541 1144660 2943920 1144660
1790712646623 1151884 2943920 1151884
1790712646741 1180540 2943920 1180540
1790712646876 1197440 2943920 1197440
1790712646989 1213184 2943920 1213184
1790712647124 1233928 2943920 1233928
1790712647243 1248520 2943920 1248520
1790712647376 1269260 2943920 1269260
1790712647494 1274796 2943920 1274796
1790712647596 1188292 2943920 1265040
1790712647629 1188676 2943920 1265040
1790712647659 1188716 2943920 1265040
1790712647690 1188800 2943920 1265040
1790712647720 1190276 2943920 1265040
1790712647753 1190460 2943920 1265040
1790712647783 1190460 2943920 1265040
1790712647813 1190460 2943920 1265040
1790712647843 1190460 2943920 1265040
1790712647873 1190468 2943920 1265040
1790712647903 1190472 2943920 1265040
1790712647933 1190472 2943920 1265040
1790712647963 1190472 2943920 1265040
1790712647993 1190472 2943920 1265040
1790712648024 1190472 2943920 1265040
1790712648055 1190472 2943920 1265040
1790712648087 1190472 2943920 1265040
1790712648118 1190472 2943920 1265040
1790712648148 1190472 2943920 1265040
1790712648179 1190472 2943920 1265040
1790712648209 1190472 2943920 1265040
1790712648239 1190472 2943920 1265040
1790712648269 1190472 2943920 1265040
1790712648299 1190472 2943920 1265040
1790712648328 1190472 2943920 1265040
1790712648359 1190472 2943920 1265040
1790712648389 1190472 2943920 1265040
1790712648419 1190472 2943920 1265040
1790712648449 1190472 2943920 1265040
1790712648479 1190472 2943920 1265040
1790712648509 1190472 2943920 1265040
1790712648539 1190472 2943920 1265040
1790712648571 1190472 2943920 1265040
1790712648603 1190472 2943920 1265040
1790712648635 1190472 2943920 1265040
1790712648668 1190472 2943920 1265040
1790712648700 1190472 2943920 1265040
1790712648733 1190472 2943920 1265040
1790712648765 1190472 2943920 1265040
1790712648798 1190472 2943920 1265040
1790712648831 1190472 2943920 1265040
1790712648864 1190472 2943920 1265040
1790712648896 1190472 2943920 1265040
1790712648930 1190472 2943920 1265040
1790712648963 1190472 2943920 1265040
1790712648996 1190472 2943920 1265040
1790712649029 1190472 2943920 1265040
1790712649063 1190472 2943920 1265040
1790712649097 1190472 2943920 1265040
1790712649130 1190472 2943920 1265040
1790712649163 1190472 2943920 1265040
1790712649196 1190472 2943920 1265040
1790712649230 1190472 2943920 1265040
1790712649264 1190472 2943920 1265040
1790712649298 1190472 2943920 1265040
1790712649332 1190472 2943920 1265040
1790712649366 1190472 2943920 1265040
1790712649399 1190472 2943920 1265040
1790712649432 1190472 2943920 1265040
1790712649466 1190472 2943920 1265040
1790712649499 1199692 2943920 1265040
1790712649534 1199692 2943920 1265040
1790712649567 1199692 2943920 1265040
1790712649601 1199692 2943920 1265040
1790712649635 1199692 2943920 1265040
1790712649668 1199692 2943920 1265040
1790712649701 1199692 2943920 1265040
1790712649735 1199692 2943920 1265040
1790712649768 1199692 2943920 1265040
1790712649802 1199692 2943920 1265040
1790712649836 1199692 2943920 1265040
1790712649869 1199692 2943920 1265040
1790712649902 1199692 2943920 1265040
1790712649936 1199692 2943920 1265040
1790712649969 1199692 2943920 1265040
1790712650002 1199692 2943920 1265040
1790712650036 1199692 2943920 1265040
1790712650069 1199692 2943920 1265040
1790712650104 1199692 2943920 1265040
1790712650137 1199692 2943920 1265040
1790712650170 1199692 2943920 1265040
1790712650203 1199692 2943920 1265040
1790712650236 1199692 2943920 1265040
1790712650270 1199692 2943920 1265040
1790712650302 1199692 2943920 1265040
1790712650334 1199692 2943920 1265040
1790712650364 1243676 2943920 1265040
1790712650396 1199692 2943920 1277188
1790712650511 1199692 2943920 1277188
1790712650540 1221148 2943920 1277188
1790712650657 1286684 2943920 1286684
1790712650779 1286684 2943920 1286684
1790712650897 1353396 3059144 1353396
1790712651002 1674932 3059144 1674932
1790712651146 1735396 3059144 1735396
1790712651288 1824920 3482492 1824920
1790712651348 2001048 3482492 2001048
1790712651406 2037296 3482492 2149248
1790712651532 1613948 3482492 2149248
1790712651562 1613948 3482492 2149248
1790712651592 1613948 3482492 2149248
1790712651624 1613964 3482492 2149248
1790712651656 1613964 3482492 2149248
1790712651687 1614168 3482492 2149248
1790712651718 1614168 3482492 2149248
1790712651748 1614168 3482492 2149248
1790712651778 1614168 3482492 2149248
1790712651808 1614344 3482492 2149248
1790712651838 1614620 3482492 2149248
1790712651868 1614900 3482492 2149248
1790712651898 1615172 3482492 2149248
1790712651929 1615408 3482492 2149248
1790712651960 1615776 3482492 2149248
1790712651991 1616124 3482492 2149248
1790712652022 1616356 3482492 2149248
1790712652053 1616612 3482492 2149248
1790712652084 1616904 3482492 2149248
1790712652115 1617200 3482492 2149248
1790712652147 1617564 3482492 2149248
1790712652179 1617844 3482492 2149248
1790712652211 1618252 3482492 2149248
1790712652244 1618912 3482492 2149248
1790712652278 1619732 3482492 2149248
1790712652311 1620556 3482492 2149248
1790712652344 1621420 3482492 2149248
1790712652377 1622120 3482492 2149248
1790712652410 1623156 3482492 2149248
1790712652443 1624108 3482492 2149248
1790712652475 1624776 3482492 2149248
1790712652505 1625348 3482492 2149248
1790712652538 1626104 3482492 2149248
1790712652571 1626368 3482492 2149248
1790712652605 1626368 3482492 2149248
1790712652634 1626428 3482492 2149248
1790712652667 1626428 3482492 2149248
1790712652700 1702176 3482492 2149248
1790712652734 1702176 3482492 2149248
1790712652766 1702176 3482492 2149248
1790712652796 1651588 3482492 2149248
1790712652912 1784708 3482492 2149248
1790712653030 1923972 3482492 2149248
1790712653147 2064108 3787592 2149248
1790712653291 2279148 3787592 2279148
1790712653438 2480832 3874584 2480832
1790712653498 2551048 3874584 2551048
1790712653655 2583328 3906864 2583328
1790712653777 1191840 3906864 2573660
1790712653812 1191840 3906864 2573660
1790712653843 1281568 3906864 2573660
1790712653876 1283104 3906864 2573660
1790712653910 1292320 3906864 2573660
1790712653945 1304228 3906864 2573660
1790712653980 1313060 3906864 2573660
1790712654015 1323812 3906864 2573660
1790712654048 1334560 3906864 2573660
1790712654084 1345320 3906864 2573660
1790712654119 1357224 3906864 2573660
1790712654152 1367976 3906864 2573660
1790712654185 1379500 3906864 2573660
1790712654217 1379500 3906864 2573660
1790712654252 1379500 3906864 2573660
1790712654286 1379500 3906864 2573660
1790712654319 1379500 3906864 2573660
1790712654350 1379500 3906864 2573660
1790712654381 1379504 3906864 2573660
1790712654416 1379508 3906864 2573660
1790712654449 1379508 3906864 2573660
1790712654482 1379508 3906864 2573660
1790712654516 1379872 3906864 2573660
1790712654550 1379872 3906864 2573660
1790712654582 1379872 3906864 2573660
1790712654615 1379872 3906864 2573660
1790712654648 1379872 3906864 2573660
1790712654680 1379872 3906864 2573660
1790712654713 1379872 3906864 2573660
1790712654745 1379872 3906864 2573660
1790712654778 1379872 3906864 2573660
1790712654810 1379872 3906864 2573660
1790712654843 1379872 3906864 2573660
1790712654876 1379872 3906864 2573660
1790712654909 1379876 3906864 2573660
1790712654942 1379876 3906864 2573660
1790712654975 1379876 3906864 2573660
1790712655008 1379876 3906864 2573660
1790712655041 1379876 3906864 2573660
1790712655074 1379876 3906864 2573660
1790712655107 1379876 3906864 2573660
1790712655142 1379876 3906864 2573660
1790712655176 1379876 3906864 2573660
1790712655209 1379876 3906864 2573660
1790712655243 1379876 3906864 2573660
1790712655277 1379876 3906864 2573660
1790712655311 1379876 3906864 2573660
1790712655344 1379876 3906864 2573660
1790712655379 1379876 3906864 2573660
1790712655413 1379876 3906864 2573660
1790712655448 1379876 3906864 2573660
1790712655483 1379876 3906864 2573660
1790712655519 1379876 3906864 2573660
1790712655553 1379876 3906864 2573660
1790712655588 1379876 3906864 2573660
1790712655624 1379876 3906864 2573660
1790712655659 1379876 3906864 2573660
1790712655694 1379876 3906864 2573660
1790712655729 1379876 3906864 2573660
1790712655764 1379876 3906864 2573660
1790712655799 1379876 3906864 2573660
1790712655834 1379876 3906864 2573660
1790712655870 1379876 3906864 2573660
1790712655904 1379876 3906864 2573660
1790712655939 1379876 3906864 2573660
1790712655975 1379876 3906864 2573660
1790712656010 1379876 3906864 2573660
1790712656045 1379876 3906864 2573660
1790712656081 1379876 3906864 2573660
1790712656116 1379876 3906864 2573660
1790712656151 1379876 3906864 2573660
1790712656187 1379876 3906864 2573660
1790712656222 1379876 3906864 2573660
1790712656257 1379876 3906864 2573660
1790712656293 1379876 3906864 2573660
1790712656328 1379876 3906864 2573660
1790712656363 1379876 3906864 2573660
1790712656398 1379876 3906864 2573660
1790712656433 1379876 3906864 2573660
1790712656468 1379876 3906864 2573660
1790712656504 1379876 3906864 2573660
1790712656539 1379876 3906864 2573660
1790712656574 1379876 3906864 2573660
1790712656610 1379876 3906864 2573660
1790712656658 1379876 3906864 2573660
1790712656693 1379876 3906864 2573660
1790712656728 1379876 3906864 2573660
1790712656763 1379876 3906864 2573660
1790712656798 1379876 3906864 2573660
1790712656832 1379876 3906864 2573660
1790712656866 1379876 3906864 2573660
1790712656902 1379876 3906864 2573660
1790712656937 1379876 3906864 2573660
1790712656971 1379876 3906864 2573660
1790712657005 1379876 3906864 2573660
1790712657038 1379876 3906864 2573660
1790712657072 1379876 3906864 2573660
1790712657107 1379876 3906864 2573660
1790712657143 1379876 3906864 2573660
1790712657175 1408520 3906864 2573660
1790712657211 1500668 3906864 2573660
1790712657245 1664508 3906864 2573660
1790712657282 1842684 3906864 2573660
1790712657316 1844732 3906864 2573660
1790712657347 1844732 3906864 2573660
1790712657378 1872828 3906864 2573660
1790712657411 1969084 3906864 2573660
1790712657445 2067388 3906864 2573660
1790712657481 2171836 3906864 2573660
1790712657517 2226724 3906864 2573660
1790712657550 1803364 3906864 2573660
1790712657584 1803364 3906864 2573660
1790712657619 1812452 3906864 2573660
1790712657655 1908132 3906864 2573660
1790712657690 2012580 3906864 2573660
1790712657726 2114980 3906864 2573660
1790712657761 2219428 3906864 2573660
1790712657797 2322724 3982328 2573660
1790712657833 2427172 3982328 2573660
1790712657959 2574628 3982328 2574628
1790712658048 2659172 3982328 2659172
1790712658204 2691268 4014608 2691252
1790712658337 2651724 4014608 2683380
1790712658369 2651724 4014608 2683380
1790712658402 2651724 4014608 2683380
1790712658434 2651740 4014608 2683380
1790712658466 2651740 4014608 2683380
1790712658500 2651740 4014608 2683380
1790712658533 2651740 4014608 2683380
1790712658566 2651740 4014608 2683380
1790712658599 2651740 4014608 2683380
1790712658634 2651768 4014608 2683380
1790712658665 2652060 4014608 2683380
1790712658696 2652348 4014608 2683380
1790712658726 2652616 4014608 2683380
1790712658757 2652960 4014608 2683380
1790712658788 2653348 4014608 2683380
1790712658821 2653672 4014608 2683380
1790712658855 2653960 4014608 2683380
1790712658890 2654292 4014608 2683380
1790712658924 2654688 4014608 2683380
1790712658956 2654952 4014608 2683380
1790712658987 2655276 4014608 2683380
1790712659020 2656036 4014608 2683380
1790712659055 2656968 4014608 2683380
1790712659088 2657852 4014608 2683380
1790712659120 2658680 4014608 2683380
1790712659154 2659444 4014608 2683380
1790712659189 2660476 4014608 2683380
1790712659224 2661412 4014608 2683380
1790712659258 2662204 4014608 2683380
1790712659293 2662888 4014608 2683380
1790712659328 2663568 4014608 2683380
1790712659362 2663768 4014608 2683380
1790712659396 2663768 4014608 2683380
1790712659429 2663800 4014608 2683380
1790712659463 2663840 4014608 2683380
1790712659499 2230256 4014608 2683380
1790712659534 1884144 4014608 2683380
1790712659570 1990640 4014608 2683380
1790712659605 2095088 4014608 2683380
1790712659640 2199536 4014608 2683380
1790712659675 2230256 4014608 2683380
1790712659708 2230256 4014608 2683380
1790712659740 1813572 4014608 2683380
1790712659774 1899524 4014608 2683380
1790712659809 1942300 4014608 2683380
1790712659844 1985772 4014608 2683380
1790712659879 2036508 4014608 2683380
1790712659915 2083612 4014608 2683380
1790712659950 2125068 4014608 2683380
1790712659987 2174764 4014608 2683380
1790712660013 2212636 4014608 2683380
1790712660049 2230152 4014608 2683380
1790712660085 1806824 4014608 2683380
1790712660131 1816180 4014608 2683380
1790712660169 1990420 4014608 2683380
1790712660205 2006636 4014608 2683380
1790712660242 2023020 4014608 2683380
1790712660280 2041452 4014608 2683380
1790712660318 2057836 4014608 2683380
1790712660356 2074220 4014608 2683380
1790712660393 2090604 4014608 2683380
1790712660430 2109036 4014608 2683380
1790712660468 2125420 4014608 2683380
1790712660505 2141804 4014608 2683380
1790712660543 2158188 4014608 2683380
1790712660580 2172324 4014608 2683380
1790712660618 2188708 4014608 2683380
1790712660656 2205092 4014608 2683380
1790712660693 2221476 4014608 2683380
1790712660731 2239908 4014608 2683380
1790712660768 2256292 4014608 2683380
1790712660803 2270628 4014608 2683380
1790712660837 2287012 4014608 2683380
1790712660871 2301348 4014608 2683380
1790712660909 2319780 4014608 2683380
1790712660946 2336164 4014608 2683380
1790712660987 1909432 4014608 2683380
1790712661022 1917100 4014608 2683380
1790712661060 1934108 4014608 2683380
1790712661098 1938716 4014608 2683380
1790712661136 1969956 4014608 2683380
1790712661175 1986348 4014608 2683380
1790712661213 1964728 4014608 2683380
1790712661249 1979172 4014608 2683380
1790712661284 1995448 4014608 2683380
1790712661322 2017056 4014608 2683380
1790712661360 2017056 4014608 2683380
1790712661399 2017688 4014608 2683380
1790712661435 2034360 4014608 2683380
1790712661473 2050744 4014608 2683380
1790712661511 2072352 4014608 2683380
1790712661550 2072352 4014608 2683380
1790712661588 2090784 4014608 2683380
1790712661625 2090784 4014608 2683380
1790712661662 2090784 4014608 2683380
1790712661698 2090784 4014608 2683380
1790712661736 2099896 4014608 2683380
1790712661773 2127648 4014608 2683380
1790712661812 2130616 4014608 2683380
1790712661850 2164512 4014608 2683380
1790712661887 2164512 4014608 2683380
1790712661923 2164512 4014608 2683380
1790712661959 2164512 4014608 2683380
1790712661995 2164512 4014608 2683380
1790712662028 2182944 4014608 2683380
1790712662067 2182944 4014608 2683380
1790712662104 2182944 4014608 2683380
1790712662142 2182944 4014608 2683380
1790712662181 2182944 4014608 2683380
1790712662219 2182944 4014608 2683380
1790712662257 2192056 4014608 2683380
1790712662291 2219808 4014608 2683380
1790712662327 2220476 4014608 2683380
1790712662366 2237112 4014608 2683380
1790712662405 2256672 4014608 2683380
1790712662443 2256672 4014608 2683380
1790712662480 2256672 4014608 2683380
1790712662518 2256672 4014608 2683380
1790712662553 2275104 4014608 2683380
1790712662593 2275104 4014608 2683380
1790712662628 2275104 4014608 2683380
1790712662664 2275104 4014608 2683380
1790712662700 2275104 4014608 2683380
1790712662736 2275104 4014608 2683380
1790712662773 2282168 4014608 2683380
1790712662809 2311968 4014608 2683380
1790712662849 2314936 4014608 2683380
1790712662886 2329952 4014608 2683380
1790712662923 2348832 4014608 2683380
1790712662961 2348836 4014608 2683380
1790712662999 2348836 4014608 2683380
1790712663034 2348836 4014608 2683380
1790712663072 2367268 4014608 2683380
1790712663110 2367268 4014608 2683380
1790712663148 2367268 4014608 2683380
1790712663186 2367268 4014608 2683380
1790712663223 2367268 4014608 2683380
1790712663258 2367268 4014608 2683380
1790712663297 2372284 4014608 2683380
1790712663334 2404132 4014608 2683380
1790712663374 2404132 4014608 2683380
1790712663412 2419388 4014608 2683380
1790712663449 2440996 4014608 2683380
1790712663488 2440996 4014608 2683380
1790712663525 2440996 4014608 2683380
1790712663561 2440996 4014608 2683380
1790712663597 2440996 4014608 2683380
1790712663635 2459428 4014608 2683380
1790712663674 2459428 4014608 2683380
1790712663712 2459428 4014608 2683380
1790712663750 2459428 4014608 2683380
1790712663788 2459428 4014608 2683380
1790712663827 2459428 4014608 2683380
1790712663865 2466492 4014608 2683380
1790712663903 2496292 4014608 2683380
1790712663940 2499260 4014608 2683380
1790712663975 2513596 4014608 2683380
1790712664011 2533156 4014608 2683380
1790712664050 2533156 4014608 2683380
1790712664088 2533156 4014608 2683380
1790712664127 2533156 4014608 2683380
1790712664165 2551588 4014608 2683380
1790712664205 2551588 4014608 2683380
1790712664243 2551588 4014608 2683380
1790712664279 2551588 4014608 2683380
1790712664317 2554524 4014608 2683380
1790712664357 2570908 4014608 2683380
1790712664395 2587620 4014608 2683380
1790712664432 2606052 4014608 2683380
1790712664470 2609440 4014608 2683380
1790712664508 2646364 4014608 2683380
1790712664548 2664796 4014608 2683380
1790712664587 2677692 4162828 2683380
1790712664625 2694076 4162828 2694076
1790712664764 2718652 4162828 2718652
1790712664888 2753468 4162828 2753468
1790712665024 2773948 4162828 2773948
1790712665144 2808764 4162828 2808764
1790712665283 2831292 4162828 2831292
1790712665403 2843260 4162956 2843260
1790712665537 2843260 4162956 2843260
1790712665573 2843260 4162956 2843260
1790712665610 2843260 4162956 2843260
1790712665646 2843260 4162956 2843260
1790712665682 2843260 4162956 2843260
1790712665717 2843260 4162956 2843260
1790712665752 2843260 4162956 2843260
1790712665788 2843260 4162956 2843260
1790712665823 2843260 4162956 2843260
1790712665862 2843260 4162956 2843260
1790712665900 2843260 4162956 2843260
1790712665926 2880072 4220948 2880072
1790712666066 2902100 4249944 2902092
1790712666238 2930252 4249944 2930252
1790712666379 2930252 4249944 2930252
1790712666470 2930252 4249944 2930252
1790712666611 2930252 4249944 2930252
1790712666706 2930252 4249944 2930252
1790712666843 2930332 4250968 2930332
1790712666937 2930792 4250968 2930792
1790712667070 2931264 4251992 2931264
1790712667105 2931588 4251992 2931588
1790712667199 2931992 4251992 2931992
1790712667294 2932464 4253016 2932464
1790712667401 2932920 4253016 2932920
1790712667503 2933396 4254040 2933396
1790712667609 2933916 4254040 2933916
1790712667711 2934376 4255064 2934376
1790712667816 2935124 4255064 2935124
1790712667961 2935716 4256088 2935716
1790712668067 2936784 4257112 2936784
1790712668172 2937708 4258136 2937708
1790712668277 2938868 4259160 2938868
1790712668381 2940236 4260184 2940236
1790712668484 2941428 4261208 2941428
1790712668590 2942420 4262232 2942420
1790712668693 2943464 4263256 2943464
1790712668836 2943464 4263256 2943464
1790712668938 2943520 4263256 2943520
1790712669034 2943552 4264280 2943552
1790712669131 3150540 4628948 3150540
1790712669263 3189452 4628948 3189452
1790712669357 3211980 4628948 3211980
1790712669457 3234508 4628948 3234508
1790712669647 3273420 4628948 3273420
1790712669803 3297996 4628948 3297996
1790712669907 3316228 4802928 3316228
1790712670090 3353092 4802928 3353092
1790712670245 3377668 4802928 3377668
1790712670351 3398148 4802928 3398148
1790712670540 3439108 4802928 3439108
1790712670700 3463684 4802928 3463684
1790712670803 3569880 4976908 3569880
1790712670989 3312220 4976908 3648768
1790712671029 3312220 4976908 3648768
1790712671066 3312220 4976908 3648768
1790712671104 3138240 4976908 3648768
1790712671142 3138240 4976908 3648768
1790712671178 3138240 4976908 3648768
1790712671212 3138240 4976908 3648768
1790712671249 3138240 4976908 3648768
1790712671285 3138240 4976908 3648768
1790712671322 3138240 4976908 3648768
1790712671359 3138240 4976908 3648768
1790712671394 3138240 4976908 3648768
1790712671428 3138240 4976908 3648768
1790712671463 3138240 4976908 3648768
1790712671498 3138240 4976908 3648768
1790712671532 3138240 4976908 3648768
1790712671567 3138240 4976908 3648768
1790712671601 3138240 4976908 3648768
1790712671636 3138240 4976908 3648768
1790712671674 3138240 4976908 3648768
1790712671711 3138240 4976908 3648768
1790712671748 3138240 4976908 3648768
1790712671783 3138240 4976908 3648768
1790712671817 3138240 4976908 3648768
1790712671851 3138240 4976908 3648768
1790712671885 3138240 4976908 3648768
1790712671920 3138240 4976908 3648768
1790712671954 3138240 4976908 3648768
1790712671988 3138240 4976908 3648768
1790712672022 3138240 4976908 3648768
1790712672058 3138240 4976908 3648768
1790712672092 3138240 4976908 3648768
1790712672128 3138240 4976908 3648768
1790712672165 3138240 4976908 3648768
1790712672201 3138240 4976908 3648768
1790712672237 3138240 4976908 3648768
1790712672273 3138240 4976908 3648768
1790712672309 3138240 4976908 3648768
1790712672345 3138240 4976908 3648768
1790712672380 3138240 4976908 3648768
1790712672418 3138240 4976908 3648768
1790712672454 3138240 4976908 3648768
1790712672491 3138240 4976908 3648768
1790712672528 3138240 4976908 3648768
1790712672564 2674588 4976908 3648768
1790712672601 2675172 4976908 3648768
1790712672640 2675172 4976908 3648768
1790712672678 2675172 4976908 3648768
1790712672713 2675172 4976908 3648768
1790712672751 2675172 4976908 3648768
1790712672789 2675172 4976908 3648768
1790712672826 2675172 4976908 3648768
1790712672864 2675172 4976908 3648768
1790712672903 2675236 4976908 3648768
1790712672942 2675236 4976908 3648768
1790712672978 2675236 4976908 3648768
1790712673015 2675236 4976908 3648768
1790712673052 2675556 4976908 3648768
1790712673089 2675616 4976908 3648768
1790712673127 2675620 4976908 3648768
1790712673165 2675620 4976908 3648768
1790712673202 2675620 4976908 3648768
1790712673239 2675620 4976908 3648768
1790712673281 2679208 4976908 3648768
1790712673320 2679208 4976908 3648768
1790712673359 2679208 4976908 3648768
1790712673401 2679208 4976908 3648768
1790712673440 2679208 4976908 3648768
1790712673479 2679208 4976908 3648768
1790712673519 2679208 4976908 3648768
1790712673559 2679208 4976908 3648768
1790712673598 2679208 4976908 3648768
1790712673637 2679208 4976908 3648768
1790712673676 2679208 4976908 3648768
1790712673715 2679208 4976908 3648768
1790712673754 2679208 4976908 3648768
1790712673794 2679208 4976908 3648768
1790712673831 2679208 4976908 3648768
1790712673867 2679208 4976908 3648768
1790712673907 2679416 4976908 3648768
1790712673945 2679416 4976908 3648768
1790712673983 2679416 4976908 3648768
1790712674022 2679484 4976908 3648768
1790712674060 2679484 4976908 3648768
1790712674098 2679484 4976908 3648768
1790712674136 2679484 4976908 3648768
1790712674174 2679484 4976908 3648768
1790712674214 2679484 4976908 3648768
1790712674253 2679484 4976908 3648768
1790712674291 2679484 4976908 3648768
1790712674328 2679484 4976908 3648768
1790712674366 2679484 4976908 3648768
1790712674405 2679484 4976908 3648768
1790712674443 2679484 4976908 3648768
1790712674481 2679484 4976908 3648768
1790712674518 2679484 4976908 3648768
1790712674555 2679484 4976908 3648768
1790712674593 2679484 4976908 3648768
1790712674631 2679484 4976908 3648768
1790712674669 2679484 4976908 3648768
1790712674707 2679484 4976908 3648768
1790712674745 2679484 4976908 3648768
1790712674782 2679484 4976908 3648768
1790712674820 2679484 4976908 3648768
1790712674858 2679484 4976908 3648768
1790712674896 2679484 4976908 3648768
1790712674934 2679484 4976908 3648768
1790712674973 2679484 4976908 3648768
1790712675012 2679484 4976908 3648768
1790712675050 2679484 4976908 3648768
1790712675088 2679484 4976908 3648768
1790712675126 2679484 4976908 3648768
1790712675164 2679484 4976908 3648768
1790712675203 2679484 4976908 3648768
1790712675243 2679484 4976908 3648768
1790712675282 2679484 4976908 3648768
1790712675319 2679484 4976908 3648768
1790712675356 2679484 4976908 3648768
1790712675392 2679484 4976908 3648768
1790712675429 2679484 4976908 3648768
1790712675466 2679484 4976908 3648768
1790712675505 2679484 4976908 3648768
1790712675544 2679484 4976908 3648768
1790712675584 2679484 4976908 3648768
1790712675624 2679484 4976908 3648768
1790712675663 2679484 4976908 3648768
1790712675703 2679484 4976908 3648768
1790712675743 2679484 4976908 3648768
1790712675782 2679484 4976908 3648768
1790712675821 2679484 4976908 3648768
1790712675862 2679484 4976908 3648768
1790712675901 2679484 4976908 3648768
1790712675938 2679484 4976908 3648768
1790712675977 2679484 4976908 3648768
1790712676015 2679484 4976908 3648768
1790712676052 2679484 4976908 3648768
1790712676088 2679484 4976908 3648768
1790712676128 2679484 4976908 3648768
1790712676165 2679484 4976908 3648768
1790712676202 2679484 4976908 3648768
1790712676242 2679484 4976908 3648768
1790712676281 2679484 4976908 3648768
1790712676320 2679484 4976908 3648768
1790712676361 2679484 4976908 3648768
1790712676401 2679484 4976908 3648768
1790712676440 2679484 4976908 3648768
1790712676480 2679484 4976908 3648768
1790712676520 2679484 4976908 3648768
1790712676559 2679484 4976908 3648768
1790712676598 2679484 4976908 3648768
1790712676638 2679484 4976908 3648768
1790712676679 2679484 4976908 3648768
1790712676719 2679484 4976908 3648768
1790712676759 2679484 4976908 3648768
1790712676798 2679484 4976908 3648768
1790712676838 2679484 4976908 3648768
1790712676876 2679484 4976908 3648768
1790712676916 2679484 4976908 3648768
1790712676956 2679484 4976908 3648768
1790712676995 2679484 4976908 3648768
1790712677034 2679484 4976908 3648768
1790712677075 2679484 4976908 3648768
1790712677114 2679484 4976908 3648768
1790712677153 2679484 4976908 3648768
1790712677194 2679484 4976908 3648768
1790712677233 2679484 4976908 3648768
1790712677272 2679484 4976908 3648768
1790712677313 2679484 4976908 3648768
1790712677353 2679484 4976908 3648768
1790712677392 2679484 4976908 3648768
1790712677433 2679484 4976908 3648768
1790712677473 2679484 4976908 3648768
1790712677512 2679484 4976908 3648768
1790712677552 2679484 4976908 3648768
1790712677592 2679828 4976908 3648768
1790712677633 2679828 4976908 3648768
1790712677671 2679828 4976908 3648768
1790712677707 2679828 4976908 3648768
1790712677747 2679828 4976908 3648768
1790712677786 2687516 4976908 3648768
1790712677823 2703900 4976908 3648768
1790712677866 2778004 4976908 3648768
1790712677905 2778052 4976908 3648768
1790712677945 2679876 4976908 3648768
1790712677985 2679876 4976908 3648768
1790712678021 2679876 4976908 3648768
1790712678061 2679876 4976908 3648768
1790712678100 2679876 4976908 3648768
1790712678136 2679876 4976908 3648768
1790712678176 2679876 4976908 3648768
1790712678216 2679876 4976908 3648768
1790712678256 2679876 4976908 3648768
1790712678296 2679876 4976908 3648768
1790712678335 2679876 4976908 3648768
1790712678375 2679876 4976908 3648768
1790712678415 2679876 4976908 3648768
1790712678454 2679876 4976908 3648768
1790712678493 2679876 4976908 3648768
1790712678530 2679876 4976908 3648768
1790712678569 2679876 4976908 3648768
1790712678608 2679876 4976908 3648768
1790712678647 2679880 4976908 3648768
1790712678684 2679880 4976908 3648768
1790712678724 2679880 4976908 3648768
1790712678763 2679880 4976908 3648768
1790712678802 2679884 4976908 3648768
1790712678841 2679884 4976908 3648768
1790712678880 2679884 4976908 3648768
1790712678918 2679884 4976908 3648768
1790712678956 2679884 4976908 3648768
1790712678994 2679884 4976908 3648768
1790712679033 2679884 4976908 3648768
1790712679073 2679884 4976908 3648768
1790712679111 2679884 4976908 3648768
1790712679150 2679884 4976908 3648768
1790712679190 2679884 4976908 3648768
1790712679229 2679884 4976908 3648768
1790712679268 2679884 4976908 3648768
1790712679308 2679884 4976908 3648768
1790712679346 2679884 4976908 3648768
1790712679383 2679884 4976908 3648768
1790712679425 2679884 4976908 3648768
1790712679465 2679884 4976908 3648768
1790712679503 2679884 4976908 3648768
1790712679546 2679884 4976908 3648768
1790712679586 2679884 4976908 3648768
1790712679624 2679884 4976908 3648768
1790712679664 2679884 4976908 3648768
1790712679703 2679884 4976908 3648768
1790712679743 2679884 4976908 3648768
1790712679782 2679884 4976908 3648768
1790712679822 2679884 4976908 3648768
1790712679861 2679884 4976908 3648768
1790712679901 2679884 4976908 3648768
1790712679941 2679884 4976908 3648768
1790712679981 2679884 4976908 3648768
1790712680019 2679884 4976908 3648768
1790712680058 2679884 4976908 3648768
1790712680098 2679884 4976908 3648768
1790712680137 2679884 4976908 3648768
1790712680177 2679884 4976908 3648768
1790712680217 2679884 4976908 3648768
1790712680256 2679884 4976908 3648768
1790712680296 2679884 4976908 3648768
1790712680334 2679884 4976908 3648768
1790712680373 2679884 4976908 3648768
1790712680413 2679884 4976908 3648768
1790712680452 2679884 4976908 3648768
1790712680491 2679884 4976908 3648768
1790712680531 2679884 4976908 3648768
1790712680570 2679884 4976908 3648768
1790712680610 2679884 4976908 3648768
1790712680649 2679884 4976908 3648768
1790712680687 2679884 4976908 3648768
1790712680725 2679884 4976908 3648768
1790712680764 2679884 4976908 3648768
1790712680803 2679884 4976908 3648768
1790712680842 2679884 4976908 3648768
1790712680882 2679884 4976908 3648768
1790712680921 2679884 4976908 3648768
1790712680960 2679884 4976908 3648768
1790712681000 2679884 4976908 3648768
1790712681038 2679884 4976908 3648768
1790712681075 2679884 4976908 3648768
1790712681113 2679884 4976908 3648768
1790712681151 2679884 4976908 3648768
1790712681190 2679884 4976908 3648768
1790712681228 2679884 4976908 3648768
1790712681267 2679884 4976908 3648768
1790712681308 2679884 4976908 3648768
1790712681346 2679884 4976908 3648768
1790712681385 2679884 4976908 3648768
1790712681422 2679884 4976908 3648768
1790712681459 2679884 4976908 3648768
1790712681497 2679884 4976908 3648768
1790712681536 2679884 4976908 3648768
1790712681575 2679884 4976908 3648768
1790712681616 2679884 4976908 3648768
1790712681655 2679884 4976908 3648768
1790712681694 2679884 4976908 3648768
1790712681734 2679884 4976908 3648768
1790712681772 2679884 4976908 3648768
1790712681811 2679884 4976908 3648768
1790712681852 2679884 4976908 3648768
1790712681891 2679884 4976908 3648768
1790712681929 2679884 4976908 3648768
1790712681971 2679884 4976908 3648768
1790712682011 2679884 4976908 3648768
1790712682050 2679884 4976908 3648768
1790712682092 2679884 4976908 3648768
1790712682131 2679884 4976908 3648768
1790712682168 2679884 4976908 3648768
1790712682210 2679884 4976908 3648768
1790712682250 2679884 4976908 3648768
1790712682288 2679884 4976908 3648768
1790712682330 2679884 4976908 3648768
1790712682371 2679884 4976908 3648768
1790712682411 2679884 4976908 3648768
1790712682450 2679884 4976908 3648768
1790712682489 2679884 4976908 3648768
1790712682529 2679884 4976908 3648768
1790712682569 2679884 4976908 3648768
1790712682608 2679884 4976908 3648768
1790712682647 2679884 4976908 3648768
1790712682687 2679884 4976908 3648768
1790712682727 2679884 4976908 3648768
1790712682766 2679884 4976908 3648768
1790712682806 2679884 4976908 3648768
1790712682846 2679884 4976908 3648768
1790712682885 2679884 4976908 3648768
1790712682926 2679884 4976908 3648768
1790712682965 2679884 4976908 3648768
1790712683004 2679884 4976908 3648768
1790712683046 2679884 4976908 3648768
1790712683086 2679884 4976908 3648768
1790712683125 2679884 4976908 3648768
1790712683167 2679884 4976908 3648768
1790712683207 2679884 4976908 3648768
1790712683246 2679884 4976908 3648768
1790712683287 2679884 4976908 3648768
1790712683327 2679884 4976908 3648768
1790712683368 2679884 4976908 3648768
1790712683406 2679884 4976908 3648768
1790712683443 2679884 4976908 3648768
1790712683482 2679884 4976908 3648768
1790712683519 2679884 4976908 3648768
1790712683555 2704332 4976908 3648768
1790712683602 2728908 4976908 3648768
1790712683642 2728908 4976908 3648768
1790712683680 2728908 4976908 3648768
1790712683719 2728908 4976908 3648768
1790712683758 2728908 4976908 3648768
1790712683798 2728908 4976908 3648768
1790712683837 2728908 4976908 3648768
1790712683878 2728908 4976908 3648768
1790712683918 2728908 4976908 3648768
1790712683958 2728908 4976908 3648768
1790712683998 2728908 4976908 3648768
1790712684038 2728908 4976908 3648768
1790712684078 2728908 4976908 3648768
1790712684117 2728908 4976908 3648768
1790712684156 2728908 4976908 3648768
1790712684197 2728908 4976908 3648768
1790712684236 2728908 4976908 3648768
1790712684276 2728908 4976908 3648768
1790712684316 2728908 4976908 3648768
1790712684354 2728908 4976908 3648768
1790712684394 2728908 4976908 3648768
1790712684434 2728908 4976908 3648768
1790712684474 2728908 4976908 3648768
1790712684513 2728908 4976908 3648768
1790712684553 2728908 4976908 3648768
1790712684595 2728908 4976908 3648768
1790712684634 2728908 4976908 3648768
1790712684674 2728908 4976908 3648768
1790712684717 2728908 4976908 3648768
1790712684757 2728908 4976908 3648768
1790712684796 2728908 4976908 3648768
1790712684838 2728908 4976908 3648768
1790712684878 2728908 4976908 3648768
1790712684917 2728908 4976908 3648768
1790712684956 2728908 4976908 3648768
1790712684997 2728908 4976908 3648768
1790712685036 2728908 4976908 3648768
1790712685075 2728908 4976908 3648768
1790712685115 2728908 4976908 3648768
1790712685152 2728908 4976908 3648768
1790712685189 2728908 4976908 3648768
1790712685230 2728908 4976908 3648768
1790712685270 2728908 4976908 3648768
1790712685309 2728908 4976908 3648768
1790712685351 2728908 4976908 3648768
1790712685392 2728908 4976908 3648768
1790712685431 2728908 4976908 3648768
1790712685471 2728908 4976908 3648768
1790712685510 2728908 4976908 3648768
1790712685550 2728908 4976908 3648768
1790712685590 2728908 4976908 3648768
1790712685629 2728908 4976908 3648768
1790712685669 2728908 4976908 3648768
1790712685709 2728908 4976908 3648768
1790712685746 2728908 4976908 3648768
1790712685786 2728908 4976908 3648768
1790712685826 2728908 4976908 3648768
1790712685866 2728908 4976908 3648768
1790712685906 2728908 4976908 3648768
1790712685946 2728908 4976908 3648768
1790712685985 2728908 4976908 3648768
1790712686025 2728908 4976908 3648768
1790712686064 2728908 4976908 3648768
1790712686104 2728908 4976908 3648768
1790712686142 2728908 4976908 3648768
1790712686180 2728908 4976908 3648768
1790712686217 2728908 4976908 3648768
1790712686256 2728908 4976908 3648768
1790712686296 2728908 4976908 3648768
1790712686335 2728908 4976908 0
1790712686374 2728908 4976908 3648768
1790712686414 2728908 4976908 3648768
1790712686454 2728908 4976908 3648768
1790712686493 2728908 4976908 3648768
1790712686533 2728908 4976908 3648768
1790712686573 2728908 4976908 3648768
1790712686613 2728908 4976908 3648768
1790712686653 2728908 4976908 3648768
1790712686693 2728908 4976908 3648768
1790712686731 2728908 4976908 3648768
1790712686770 2728908 4976908 3648768
1790712686809 2728908 4976908 3648768
1790712686849 2728908 4976908 3648768
1790712686887 2728908 4976908 3648768
1790712686925 2728908 4976908 3648768
1790712686966 2728908 4976908 3648768
1790712687007 2728908 4976908 3648768
1790712687046 2728908 4976908 3648768
1790712687087 2728908 4976908 3648768
1790712687127 2728908 4976908 3648768
1790712687167 2728908 4976908 3648768
1790712687208 2728912 4976908 3648768
1790712687248 2728912 4976908 3648768
1790712687285 2728912 4976908 3648768
1790712687325 2728912 4976908 3648768
1790712687364 2728912 4976908 3648768
1790712687403 2728912 4976908 3648768
1790712687442 2728912 4976908 3648768
1790712687479 2728912 4976908 3648768
1790712687516 2728912 4976908 3648768
1790712687552 2728912 4976908 3648768
1790712687595 2728912 4976908 3648768
1790712687634 2728912 4976908 3648768
1790712687674 2728912 4976908 3648768
1790712687715 2728912 4976908 3648768
1790712687752 2728912 4976908 3648768
1790712687791 2728912 4976908 3648768
1790712687835 2728912 4976908 3648768
1790712687874 2728912 4976908 3648768
1790712687913 2728912 4976908 3648768
1790712687955 2728912 4976908 3648768
1790712687996 2728912 4976908 3648768
1790712688035 2728912 4976908 3648768
1790712688075 2728912 4976908 3648768
1790712688114 2728912 4976908 3648768
1790712688152 2728912 4976908 3648768
1790712688190 2728912 4976908 3648768
1790712688229 2728912 4976908 3648768
1790712688269 2728912 4976908 3648768
1790712688307 2728912 4976908 3648768
1790712688344 2728912 4976908 3648768
1790712688381 2728912 4976908 3648768
1790712688423 2728912 4976908 3648768
1790712688462 2728912 4976908 3648768
1790712688501 2728912 4976908 3648768
1790712688543 2728912 4976908 3648768
1790712688582 2728912 4976908 3648768
1790712688621 2728912 4976908 3648768
1790712688664 2728912 4976908 3648768
1790712688701 2728912 4976908 3648768
1790712688740 2728912 4976908 3648768
1790712688781 2728912 4976908 3648768
1790712688818 2728912 4976908 3648768
1790712688854 2728912 4976908 3648768
1790712688895 2728912 4976908 3648768
1790712688935 2728912 4976908 3648768
1790712688974 2728912 4976908 3648768
1790712689013 2728912 4976908 3648768
1790712689051 2728912 4976908 3648768
1790712689090 2728912 4976908 3648768
1790712689127 2728912 4976908 3648768
1790712689162 2753488 4976908 3648768
1790712689208 2778064 4976908 3648768
1790712689248 2778064 4976908 3648768
1790712689288 2679888 4976908 3648768
1790712689327 2679888 4976908 3648768
1790712689366 2679888 4976908 3648768
1790712689406 2679888 4976908 3648768
1790712689444 2679888 4976908 3648768
1790712689485 2679888 4976908 3648768
1790712689525 2679888 4976908 3648768
1790712689565 2679888 4976908 3648768
1790712689605 2679888 4976908 3648768
1790712689645 2679888 4976908 3648768
1790712689685 2679888 4976908 3648768
1790712689724 2679888 4976908 3648768
1790712689762 2679888 4976908 3648768
1790712689801 2679888 4976908 3648768
1790712689841 2679888 4976908 3648768
1790712689881 2679888 4976908 3648768
1790712689920 2679888 4976908 3648768
1790712689960 2679888 4976908 3648768
1790712689999 2679888 4976908 3648768
1790712690038 2679888 4976908 3648768
1790712690075 2679888 4976908 3648768
1790712690114 2679888 4976908 3648768
1790712690154 2679888 4976908 3648768
1790712690193 2679888 4976908 3648768
1790712690234 2679888 4976908 3648768
1790712690273 2679888 4976908 3648768
1790712690312 2679888 4976908 3648768
1790712690352 2679888 4976908 3648768
1790712690392 2679888 4976908 3648768
1790712690431 2679888 4976908 3648768
1790712690472 2679888 4976908 3648768
1790712690511 2679888 4976908 3648768
1790712690548 2679888 4976908 3648768
1790712690590 2679888 4976908 3648768
1790712690630 2679888 4976908 3648768
1790712690669 2679888 4976908 3648768
1790712690710 2679888 4976908 3648768
1790712690750 2679888 4976908 3648768
1790712690788 2679888 4976908 3648768
1790712690830 2679888 4976908 3648768
1790712690870 2679888 4976908 3648768
1790712690909 2679888 4976908 3648768
1790712690949 2679888 4976908 3648768
1790712690990 2679888 4976908 3648768
1790712691029 2679888 4976908 3648768
1790712691070 2679888 4976908 3648768
1790712691109 2679888 4976908 3648768
1790712691149 2679888 4976908 0
1790712691189 2679888 4976908 3648768
1790712691228 2679888 4976908 3648768
1790712691267 2679888 4976908 3648768
1790712691307 2679888 4976908 3648768
1790712691346 2679888 4976908 3648768
1790712691385 2679888 4976908 3648768
1790712691424 2679888 4976908 3648768
1790712691464 2679888 4976908 3648768
1790712691503 2679888 4976908 3648768
1790712691543 2679888 4976908 3648768
1790712691582 2679888 4976908 3648768
1790712691621 2679888 4976908 3648768
1790712691661 2679888 4976908 3648768
1790712691701 2679888 4976908 3648768
1790712691740 2679888 4976908 3648768
1790712691779 2679888 4976908 3648768
1790712691818 2679888 4976908 3648768
1790712691857 2679888 4976908 3648768
1790712691894 2679888 4976908 3648768
1790712691932 2679888 4976908 3648768
1790712691969 2679888 4976908 3648768
1790712692007 2679888 4976908 3648768
1790712692045 2679888 4976908 3648768
1790712692085 2679888 4976908 3648768
1790712692124 2679888 4976908 3648768
1790712692164 2679888 4976908 3648768
1790712692202 2679888 4976908 3648768
1790712692242 2679888 4976908 3648768
1790712692280 2679888 4976908 3648768
1790712692318 2679888 4976908 3648768
1790712692355 2679888 4976908 3648768
1790712692393 2679888 4976908 3648768
1790712692430 2679888 4976908 3648768
1790712692468 2679888 4976908 3648768
1790712692506 2679888 4976908 3648768
1790712692545 2679888 4976908 3648768
1790712692585 2679888 4976908 3648768
1790712692623 2679888 4976908 3648768
1790712692660 2679888 4976908 3648768
1790712692697 2679888 4976908 3648768
1790712692735 2679888 4976908 3648768
1790712692772 2679888 4976908 3648768
1790712692810 2679888 4976908 3648768
1790712692849 2679888 4976908 3648768
1790712692890 2679888 4976908 3648768
1790712692929 2679888 4976908 3648768
1790712692967 2679888 4976908 3648768
1790712693009 2679888 4976908 3648768
1790712693049 2679888 4976908 3648768
1790712693086 2679888 4976908 3648768
1790712693125 2679888 4976908 3648768
1790712693165 2679888 4976908 3648768
1790712693204 2679888 4976908 3648768
1790712693242 2679888 4976908 3648768
1790712693282 2679888 4976908 3648768
1790712693321 2679888 4976908 3648768
1790712693360 2679888 4976908 3648768
1790712693401 2679888 4976908 3648768
1790712693439 2679888 4976908 3648768
1790712693476 2679888 4976908 3648768
1790712693518 2679888 4976908 3648768
1790712693557 2679888 4976908 3648768
1790712693595 2679888 4976908 3648768
1790712693636 2679888 4976908 3648768
1790712693676 2679888 4976908 3648768
1790712693715 2679888 4976908 3648768
1790712693754 2679888 4976908 3648768
1790712693792 2679888 4976908 3648768
1790712693831 2679888 4976908 3648768
1790712693871 2679888 4976908 3648768
1790712693909 2679888 4976908 3648768
1790712693948 2679888 4976908 3648768
1790712693988 2679888 4976908 3648768
1790712694027 2679888 4976908 3648768
1790712694066 2679888 4976908 3648768
1790712694105 2679888 4976908 3648768
1790712694143 2679888 4976908 3648768
1790712694181 2679888 4976908 3648768
1790712694222 2679888 4976908 3648768
1790712694260 2679888 4976908 3648768
1790712694298 2679888 4976908 3648768
1790712694340 2679888 4976908 3648768
1790712694379 2679888 4976908 3648768
1790712694417 2679888 4976908 3648768
1790712694458 2679888 4976908 3648768
1790712694496 2679888 4976908 3648768
1790712694533 2679888 4976908 3648768
1790712694573 2679888 4976908 3648768
1790712694612 2679888 4976908 3648768
1790712694653 2679888 4976908 3648768
1790712694692 2679888 4976908 3648768
1790712694729 2679888 4976908 3648768
1790712694768 2679888 4976908 3648768
1790712694805 2679888 4976908 3648768
1790712694843 2704336 4976908 3648768
1790712694888 2728912 4976908 3648768
1790712694928 2728912 4976908 3648768
1790712694967 2728912 4976908 3648768
1790712695007 2728912 4976908 3648768
1790712695046 2728912 4976908 3648768
1790712695086 2728912 4976908 3648768
1790712695123 2728912 4976908 3648768
1790712695162 2728912 4976908 3648768
1790712695202 2728912 4976908 3648768
1790712695242 2728912 4976908 3648768
1790712695279 2728912 4976908 3648768
1790712695317 2728912 4976908 3648768
1790712695354 2728912 4976908 3648768
1790712695392 2728912 4976908 3648768
1790712695429 2728912 4976908 3648768
1790712695467 2728912 4976908 3648768
1790712695507 2728912 4976908 3648768
1790712695545 2728912 4976908 3648768
1790712695583 2728912 4976908 3648768
1790712695623 2728912 4976908 3648768
1790712695662 2728912 4976908 3648768
1790712695701 2728912 4976908 3648768
1790712695740 2728912 4976908 3648768
1790712695779 2728912 4976908 3648768
1790712695819 2728912 4976908 3648768
1790712695859 2728912 4976908 3648768
1790712695899 2728912 4976908 3648768
1790712695938 2728912 4976908 3648768
1790712695977 2728912 4976908 3648768
1790712696018 2728912 4976908 3648768
1790712696059 2728912 4976908 3648768
1790712696098 2728912 4976908 3648768
1790712696139 2728912 4976908 3648768
1790712696179 2728912 4976908 3648768
1790712696218 2728912 4976908 3648768
1790712696257 2728912 4976908 3648768
1790712696296 2728912 4976908 3648768
1790712696332 2728912 4976908 3648768
1790712696371 2728912 4976908 3648768
1790712696411 2728912 4976908 3648768
1790712696447 2728912 4976908 3648768
1790712696484 2728912 4976908 3648768
1790712696525 2728912 4976908 3648768
1790712696564 2728912 4976908 3648768
1790712696603 2728912 4976908 3648768
1790712696644 2728912 4976908 3648768
1790712696682 2728912 4976908 3648768
1790712696720 2728912 4976908 3648768
1790712696760 2728912 4976908 3648768
1790712696799 2728912 4976908 3648768
1790712696838 2728912 4976908 3648768
1790712696877 2728912 4976908 3648768
1790712696916 2728912 4976908 3648768
1790712696954 2728912 4976908 3648768
1790712696992 2728912 4976908 3648768
1790712697032 2728912 4976908 3648768
1790712697070 2728912 4976908 3648768
1790712697109 2728912 4976908 3648768
1790712697148 2728912 4976908 3648768
1790712697188 2728912 4976908 3648768
1790712697227 2728912 4976908 3648768
1790712697265 2728912 4976908 3648768
1790712697303 2728912 4976908 3648768
1790712697343 2728912 4976908 3648768
1790712697382 2728912 4976908 3648768
1790712697420 2728912 4976908 3648768
1790712697459 2728912 4976908 3648768
1790712697498 2728912 4976908 3648768
1790712697537 2728912 4976908 3648768
1790712697576 2728912 4976908 3648768
1790712697615 2728912 4976908 3648768
1790712697653 2728912 4976908 3648768
1790712697692 2728912 4976908 3648768
1790712697731 2728912 4976908 3648768
1790712697770 2728912 4976908 3648768
1790712697808 2728912 4976908 3648768
1790712697848 2728912 4976908 3648768
1790712697887 2728912 4976908 3648768
1790712697925 2728912 4976908 3648768
1790712697962 2728912 4976908 3648768
1790712697999 2728912 4976908 3648768
1790712698037 2728912 4976908 3648768
1790712698075 2728912 4976908 3648768
1790712698113 2728912 4976908 3648768
1790712698151 2728912 4976908 3648768
1790712698189 2728912 4976908 3648768
1790712698228 2728912 4976908 3648768
1790712698267 2728912 4976908 3648768
1790712698306 2728912 4976908 3648768
1790712698345 2728912 4976908 3648768
1790712698383 2728912 4976908 3648768
1790712698421 2728912 4976908 3648768
1790712698458 2728912 4976908 3648768
1790712698497 2728912 4976908 3648768
1790712698536 2728912 4976908 3648768
1790712698575 2728912 4976908 3648768
1790712698615 2728912 4976908 3648768
1790712698653 2728912 4976908 3648768
1790712698690 2728912 4976908 3648768
1790712698732 2728912 4976908 3648768
1790712698771 2728912 4976908 3648768
1790712698809 2728912 4976908 3648768
1790712698850 2728912 4976908 3648768
1790712698889 2728912 4976908 3648768
1790712698929 2728912 4976908 3648768
1790712698969 2728912 4976908 3648768
1790712699006 2728912 4976908 3648768
1790712699044 2728912 4976908 3648768
1790712699084 2728912 4976908 3648768
1790712699123 2728912 4976908 3648768
1790712699162 2728912 4976908 3648768
1790712699200 2728912 4976908 3648768
1790712699241 2728912 4976908 3648768
1790712699280 2728912 4976908 3648768
1790712699317 2728912 4976908 3648768
1790712699357 2728912 4976908 3648768
1790712699396 2728912 4976908 3648768
1790712699435 2728912 4976908 3648768
1790712699475 2728912 4976908 3648768
1790712699515 2728912 4976908 3648768
1790712699556 2728912 4976908 3648768
1790712699595 2728912 4976908 3648768
1790712699634 2728912 4976908 3648768
1790712699674 2728912 4976908 3648768
1790712699712 2728912 4976908 3648768
1790712699751 2728912 4976908 3648768
1790712699790 2728912 4976908 3648768
1790712699830 2728912 4976908 3648768
1790712699870 2728912 4976908 3648768
1790712699909 2728912 4976908 3648768
1790712699950 2728912 4976908 3648768
1790712699987 2728912 4976908 3648768
1790712700025 2728912 4976908 3648768
1790712700065 2728912 4976908 3648768
1790712700103 2728912 4976908 3648768
1790712700142 2728912 4976908 3648768
1790712700182 2728912 4976908 3648768
1790712700221 2728912 4976908 3648768
1790712700259 2728912 4976908 3648768
1790712700300 2728912 4976908 3648768
1790712700340 2728912 4976908 3648768
1790712700377 2728912 4976908 3648768
1790712700414 2728912 4976908 3648768
1790712700452 2728912 4976908 3648768
1790712700490 2728912 4976908 3648768
1790712700528 2728912 4976908 3648768
1790712700566 2747344 4976908 3648768
1790712700611 2771920 4976908 3648768
1790712700650 2771920 4976908 3648768
1790712700689 2698320 4976908 3648768
1790712700728 2698320 4976908 3648768
1790712700765 2698320 4976908 3648768
1790712700803 2698320 4976908 3648768
1790712700841 2698320 4976908 3648768
1790712700877 2716624 4976908 3648768
1790712700918 2716624 4976908 3648768
1790712700956 2716624 4976908 3648768
1790712700996 2716624 4976908 3648768
1790712701033 2716624 4976908 3648768
1790712701070 2716624 4976908 3648768
1790712701108 2716624 4976908 3648768
1790712701145 2716624 4976908 3648768
1790712701182 2716624 4976908 3648768
1790712701220 2716624 4976908 3648768
1790712701258 2716624 4976908 3648768
1790712701297 2716624 4976908 3648768
1790712701335 2716624 4976908 3648768
1790712701374 2716624 4976908 3648768
1790712701413 2716624 4976908 3648768
1790712701451 2716624 4976908 3648768
1790712701490 2716624 4976908 3648768
1790712701529 2716624 4976908 3648768
1790712701566 2716624 4976908 3648768
1790712701604 2716624 4976908 3648768
1790712701643 2716624 4976908 3648768
1790712701683 2716624 4976908 3648768
1790712701722 2716624 4976908 3648768
1790712701761 2716624 4976908 3648768
1790712701803 2716624 4976908 3648768
1790712701842 2716624 4976908 3648768
1790712701879 2716624 4976908 3648768
1790712701918 2716624 4976908 3648768
1790712701957 2716624 4976908 3648768
1790712701994 2716624 4976908 3648768
1790712702033 2716624 4976908 3648768
1790712702073 2716624 4976908 3648768
1790712702112 2716624 4976908 3648768
1790712702150 2716624 4976908 3648768
1790712702192 2716624 4976908 3648768
1790712702231 2716624 4976908 3648768
1790712702269 2716624 4976908 3648768
1790712702309 2716624 4976908 3648768
1790712702347 2716624 4976908 3648768
1790712702385 2716624 4976908 3648768
1790712702425 2716624 4976908 3648768
1790712702464 2716624 4976908 3648768
1790712702504 2716624 4976908 3648768
1790712702543 2716624 4976908 3648768
1790712702583 2716624 4976908 3648768
1790712702621 2716624 4976908 3648768
1790712702659 2716624 4976908 3648768
1790712702699 2716624 4976908 3648768
1790712702738 2716624 4976908 3648768
1790712702777 2716624 4976908 3648768
1790712702816 2716624 4976908 3648768
1790712702855 2716624 4976908 3648768
1790712702895 2716624 4976908 3648768
1790712702932 2716624 4976908 3648768
1790712702970 2716624 4976908 3648768
1790712703009 2716624 4976908 3648768
1790712703049 2716624 4976908 3648768
1790712703086 2716624 4976908 3648768
1790712703125 2716624 4976908 3648768
1790712703165 2716624 4976908 3648768
1790712703204 2716624 4976908 3648768
1790712703243 2716624 4976908 3648768
1790712703282 2716624 4976908 3648768
1790712703321 2716624 4976908 3648768
1790712703360 2716624 4976908 3648768
1790712703399 2716624 4976908 3648768
1790712703438 2716624 4976908 3648768
1790712703477 2716624 4976908 3648768
1790712703516 2716624 4976908 3648768
1790712703556 2716624 4976908 3648768
1790712703595 2716624 4976908 3648768
1790712703635 2716624 4976908 3648768
1790712703674 2716624 4976908 3648768
1790712703714 2716624 4976908 3648768
1790712703753 2716624 4976908 3648768
1790712703792 2716624 4976908 3648768
1790712703831 2716624 4976908 3648768
1790712703869 2716624 4976908 3648768
1790712703906 2716624 4976908 3648768
1790712703945 2716624 4976908 3648768
1790712703984 2716624 4976908 3648768
1790712704022 2716624 4976908 3648768
1790712704060 2716624 4976908 3648768
1790712704100 2716624 4976908 3648768
1790712704138 2716624 4976908 3648768
1790712704177 2716624 4976908 3648768
1790712704215 2716624 4976908 3648768
1790712704253 2716624 4976908 3648768
1790712704292 2716624 4976908 3648768
1790712704331 2716624 4976908 3648768
1790712704370 2716624 4976908 3648768
1790712704410 2716624 4976908 3648768
1790712704450 2716624 4976908 3648768
1790712704489 2716624 4976908 3648768
1790712704529 2716624 4976908 3648768
1790712704568 2716624 4976908 3648768
1790712704606 2716624 4976908 3648768
1790712704644 2716624 4976908 3648768
1790712704682 2716624 4976908 3648768
1790712704720 2716624 4976908 3648768
1790712704758 2716624 4976908 3648768
1790712704799 2716624 4976908 3648768
1790712704838 2716624 4976908 3648768
1790712704878 2716624 4976908 3648768
1790712704920 2716624 4976908 3648768
1790712704959 2716624 4976908 3648768
1790712704998 2716624 4976908 3648768
1790712705040 2716624 4976908 3648768
1790712705077 2716624 4976908 3648768
1790712705113 2716624 4976908 3648768
1790712705153 2716624 4976908 3648768
1790712705193 2716624 4976908 3648768
1790712705230 2716624 4976908 3648768
1790712705268 2716624 4976908 3648768
1790712705307 2716624 4976908 3648768
1790712705346 2716624 4976908 3648768
1790712705386 2716624 4976908 3648768
1790712705424 2716624 4976908 3648768
1790712705463 2716624 4976908 3648768
1790712705503 2716624 4976908 3648768
1790712705542 2716624 4976908 3648768
1790712705579 2716624 4976908 3648768
1790712705620 2722768 4976908 3648768
1790712705658 2722768 4976908 3648768
1790712705697 2722768 4976908 3648768
1790712705738 2741200 4976908 3648768
1790712705776 2741200 4976908 3648768
1790712705814 2741200 4976908 3648768
1790712705852 2741200 4976908 3648768
1790712705892 2741200 4976908 3648768
1790712705930 2741200 4976908 3648768
1790712705968 2741200 4976908 3648768
1790712706009 2741200 4976908 3648768
1790712706049 2741200 4976908 3648768
1790712706088 2741200 4976908 3648768
1790712706130 2741200 4976908 3648768
1790712706171 2741200 4976908 3648768
1790712706211 2741200 4976908 3648768
1790712706248 2741200 4976908 3648768
1790712706285 2747344 4976908 3648768
1790712706324 2747344 4976908 3648768
1790712706362 2763352 4976908 3648768
1790712706401 2821072 4976908 3648768
1790712706446 2845648 4976908 3648768
1790712706486 2845648 4976908 3648768
1790712706526 2698320 4976908 3648768
1790712706565 2698320 4976908 3648768
1790712706605 2698320 4976908 3648768
1790712706645 2698320 4976908 3648768
1790712706683 2698320 4976908 3648768
1790712706719 2716624 4976908 3648768
1790712706759 2716624 4976908 3648768
1790712706798 2716624 4976908 3648768
1790712706834 2716624 4976908 3648768
1790712706874 2716624 4976908 3648768
1790712706913 2716624 4976908 3648768
1790712706950 2716624 4976908 3648768
1790712706987 2716624 4976908 3648768
1790712707024 2716624 4976908 3648768
1790712707064 2716624 4976908 3648768
1790712707103 2716624 4976908 3648768
1790712707142 2716624 4976908 3648768
1790712707182 2716624 4976908 3648768
1790712707221 2716624 4976908 3648768
1790712707260 2716624 4976908 3648768
1790712707300 2716624 4976908 3648768
1790712707339 2716624 4976908 3648768
1790712707378 2716624 4976908 3648768
1790712707418 2716624 4976908 3648768
1790712707459 2716624 4976908 3648768
1790712707498 2716624 4976908 3648768
1790712707537 2716624 4976908 3648768
1790712707579 2716624 4976908 3648768
1790712707618 2716624 4976908 3648768
1790712707657 2716624 4976908 3648768
1790712707699 2741200 4976908 3648768
1790712707739 2741200 4976908 3648768
1790712707778 2741200 4976908 3648768
1790712707818 2741200 4976908 3648768
1790712707858 2741200 4976908 3648768
1790712707898 2741200 4976908 3648768
1790712707937 2741200 4976908 3648768
1790712707975 2747344 4976908 3648768
1790712708012 2747344 4976908 3648768
1790712708048 2747344 4976908 3648768
1790712708086 2771920 4976908 3648768
1790712708125 2771920 4976908 3648768
1790712708164 2771920 4976908 3648768
1790712708204 2716752 4976908 3648768
1790712708244 2716752 4976908 3648768
1790712708282 2716752 4976908 3648768
1790712708320 2716752 4976908 3648768
1790712708359 2716752 4976908 3648768
1790712708399 2716752 4976908 3648768
1790712708438 2716752 4976908 3648768
1790712708476 2716752 4976908 3648768
1790712708515 2716752 4976908 3648768
1790712708554 2716752 4976908 3648768
1790712708592 2716752 4976908 3648768
1790712708630 2716752 4976908 3648768
1790712708669 2716752 4976908 3648768
1790712708707 2716752 4976908 3648768
1790712708746 2716752 4976908 3648768
1790712708785 2716752 4976908 3648768
1790712708824 2716752 4976908 3648768
1790712708863 2716752 4976908 3648768
1790712708901 2716752 4976908 3648768
1790712708940 2716752 4976908 3648768
1790712708979 2716752 4976908 3648768
1790712709017 2716752 4976908 3648768
1790712709056 2716752 4976908 3648768
1790712709095 2716752 4976908 3648768
1790712709134 2716752 4976908 3648768
1790712709173 2716752 4976908 3648768
1790712709213 2716752 4976908 3648768
1790712709252 2716752 4976908 3648768
1790712709291 2716752 4976908 3648768
1790712709330 2716752 4976908 3648768
1790712709368 2716752 4976908 3648768
1790712709405 2716752 4976908 3648768
1790712709444 2716752 4976908 3648768
1790712709483 2716752 4976908 3648768
1790712709522 2716752 4976908 3648768
1790712709561 2716752 4976908 3648768
1790712709599 2716752 4976908 3648768
1790712709637 2716752 4976908 3648768
1790712709676 2716752 4976908 3648768
1790712709714 2716752 4976908 3648768
1790712709751 2716752 4976908 3648768
1790712709788 2716752 4976908 3648768
1790712709826 2716752 4976908 3648768
1790712709866 2716752 4976908 3648768
1790712709903 2716752 4976908 3648768
1790712709942 2716752 4976908 3648768
1790712709981 2716752 4976908 3648768
1790712710019 2716752 4976908 3648768
1790712710057 2716752 4976908 3648768
1790712710095 2716752 4976908 3648768
1790712710133 2716752 4976908 3648768
1790712710173 2716752 4976908 3648768
1790712710213 2716752 4976908 3648768
1790712710251 2716752 4976908 3648768
1790712710292 2722768 4976908 3648768
1790712710331 2722768 4976908 3648768
1790712710370 2735056 4976908 3648768
1790712710409 2759632 4976908 3648768
1790712710449 2759632 4976908 3648768
1790712710487 2759632 4976908 3648768
1790712710526 2759632 4976908 3648768
1790712710567 2765776 4976908 3648768
1790712710606 2765776 4976908 3648768
1790712710646 2765776 4976908 3648768
1790712710688 2765776 4976908 3648768
1790712710728 2765776 4976908 3648768
1790712710767 2765776 4976908 3648768
1790712710807 2765776 4976908 3648768
1790712710847 2765776 4976908 3648768
1790712710886 2765776 4976908 3648768
1790712710925 2765776 4976908 3648768
1790712710966 2704464 4976908 3648768
1790712711005 2704464 4976908 3648768
1790712711046 2704464 4976908 3648768
1790712711086 2704464 4976908 3648768
1790712711125 2704464 4976908 3648768
1790712711164 2704464 4976908 3648768
1790712711201 2716624 4976908 3648768
1790712711239 2728912 4976908 3648768
1790712711281 2753488 4976908 3648768
1790712711320 2753488 4976908 3648768
1790712711359 2753488 4976908 3648768
1790712711400 2753488 4976908 3648768
1790712711441 2753488 4976908 3648768
1790712711480 2753488 4976908 3648768
1790712711519 2753488 4976908 3648768
1790712711561 2759632 4976908 3648768
1790712711600 2759632 4976908 3648768
1790712711639 2759632 4976908 3648768
1790712711680 2759632 4976908 3648768
1790712711719 2759632 4976908 3648768
1790712711756 2759632 4976908 3648768
1790712711796 2759632 4976908 3648768
1790712711835 2759632 4976908 3648768
1790712711874 2759632 4976908 3648768
1790712711913 2759632 4976908 3648768
1790712711954 2759632 4976908 3648768
1790712711995 2759632 4976908 3648768
1790712712033 2759632 4976908 3648768
1790712712070 2759632 4976908 3648768
1790712712110 2778064 4976908 3648768
1790712712149 2785880 4976908 3648768
1790712712187 2817772 4976908 3648768
1790712712233 2851792 4976908 3648768
1790712712274 2851792 4976908 3648768
1790712712313 2698320 4976908 3648768
1790712712352 2698320 4976908 3648768
1790712712389 2698320 4976908 3648768
1790712712427 2698320 4976908 3648768
1790712712464 2703960 4976908 3648768
1790712712502 2735056 4976908 3648768
1790712712542 2735056 4976908 3648768
1790712712581 2735056 4976908 3648768
1790712712620 2735056 4976908 3648768
1790712712658 2735056 4976908 3648768
1790712712697 2735056 4976908 3648768
1790712712735 2735056 4976908 3648768
1790712712773 2735056 4976908 3648768
1790712712811 2735056 4976908 3648768
1790712712849 2735056 4976908 3648768
1790712712887 2735056 4976908 3648768
1790712712925 2735056 4976908 3648768
1790712712963 2735056 4976908 3648768
1790712713001 2735056 4976908 3648768
1790712713040 2735056 4976908 3648768
1790712713079 2735056 4976908 3648768
1790712713118 2735056 4976908 3648768
1790712713157 2735056 4976908 3648768
1790712713195 2735056 4976908 3648768
1790712713232 2735056 4976908 3648768
1790712713271 2735056 4976908 3648768
1790712713311 2735056 4976908 3648768
1790712713350 2735056 4976908 3648768
1790712713389 2735056 4976908 3648768
1790712713430 2753488 4976908 3648768
1790712713471 2753488 4976908 3648768
1790712713508 2753488 4976908 3648768
1790712713548 2771920 4976908 3648768
1790712713588 2771920 4976908 3648768
1790712713626 2771920 4976908 3648768
1790712713664 2771920 4976908 3648768
1790712713706 2790356 4976908 3648768
1790712713746 2790356 4976908 3648768
1790712713785 2790356 4976908 3648768
1790712713825 2808788 4976908 3648768
1790712713866 2808788 4976908 3648768
1790712713905 2808788 4976908 3648768
1790712713945 2808788 4976908 3648768
1790712713986 2808788 4976908 3648768
1790712714025 2808788 4976908 3648768
1790712714063 2808788 4976908 3648768
1790712714103 2808788 4976908 3648768
1790712714145 2808788 4976908 3648768
1790712714185 2808788 4976908 3648768
1790712714224 2808788 4976908 3648768
1790712714264 2808788 4976908 3648768
1790712714304 2808788 4976908 3648768
1790712714343 2808788 4976908 3648768
1790712714382 2808788 4976908 3648768
1790712714420 2808788 4976908 3648768
1790712714459 2808788 4976908 3648768
1790712714498 2808788 4976908 3648768
1790712714537 2808788 4976908 3648768
1790712714577 2808788 4976908 3648768
1790712714616 2808788 4976908 3648768
1790712714655 2808788 4976908 3648768
1790712714695 2808788 4976908 3648768
1790712714733 2808788 4976908 3648768
1790712714771 2808788 4976908 3648768
1790712714809 2808788 4976908 3648768
1790712714847 2808788 4976908 3648768
1790712714885 2808788 4976908 3648768
1790712714923 2808788 4976908 3648768
1790712714963 2808788 4976908 3648768
1790712715003 2808788 4976908 3648768
1790712715044 2808788 4976908 3648768
1790712715084 2808788 4976908 3648768
1790712715124 2808788 4976908 3648768
1790712715164 2808788 4976908 3648768
1790712715204 2808788 4976908 3648768
1790712715244 2808788 4976908 3648768
1790712715284 2808788 4976908 3648768
1790712715323 2808788 4976908 3648768
1790712715363 2808788 4976908 3648768
1790712715403 2808788 4976908 3648768
1790712715442 2808788 4976908 3648768
1790712715481 2808788 4976908 3648768
1790712715520 2808788 4976908 3648768
1790712715558 2808788 4976908 3648768
1790712715598 2808788 4976908 3648768
1790712715636 2808788 4976908 3648768
1790712715672 2808788 4976908 3648768
1790712715713 2808788 4976908 3648768
1790712715753 2808788 4976908 3648768
1790712715794 2808788 4976908 3648768
1790712715835 2808788 4976908 3648768
1790712715874 2808788 4976908 3648768
1790712715915 2808788 4976908 3648768
1790712715955 2808788 4976908 3648768
1790712715996 2808788 4976908 3648768
1790712716036 2808788 4976908 3648768
1790712716075 2808788 4976908 3648768
1790712716116 2808788 4976908 3648768
1790712716156 2808788 4976908 3648768
1790712716196 2808788 4976908 3648768
1790712716238 2808788 4976908 3648768
1790712716277 2808788 4976908 3648768
1790712716316 2808788 4976908 3648768
1790712716358 2814932 4976908 3648768
1790712716396 2814932 4976908 3648768
1790712716434 2814932 4976908 3648768
1790712716474 2833364 4976908 3648768
1790712716515 2833364 4976908 3648768
1790712716555 2833364 4976908 3648768
1790712716595 2833364 4976908 3648768
1790712716636 2833364 4976908 3648768
1790712716676 2833364 4976908 3648768
1790712716714 2833364 4976908 3648768
1790712716752 2833364 4976908 3648768
1790712716789 2765904 4976908 3648768
1790712716826 2765904 4976908 3648768
1790712716863 2765904 4976908 3648768
1790712716900 2765904 4976908 3648768
1790712716940 2765904 4976908 3648768
1790712716978 2765904 4976908 3648768
1790712717018 2765904 4976908 3648768
1790712717059 2799572 4976908 3648768
1790712717097 2799572 4976908 3648768
1790712717135 2799572 4976908 3648768
1790712717174 2799572 4976908 3648768
1790712717215 2805716 4976908 3648768
1790712717255 2805716 4976908 3648768
1790712717295 2805716 4976908 3648768
1790712717337 2818004 4976908 3648768
1790712717377 2818004 4976908 3648768
1790712717416 2818004 4976908 3648768
1790712717458 2818004 4976908 3648768
1790712717498 2818004 4976908 3648768
1790712717537 2818004 4976908 3648768
1790712717578 2830292 4976908 3648768
1790712717617 2830292 4976908 3648768
1790712717655 2830292 4976908 3648768
1790712717695 2836436 4976908 3648768
1790712717735 2756688 4976908 3648768
1790712717772 2756688 4976908 3648768
1790712717808 2759256 4976908 3648768
1790712717843 2775640 4976908 3648768
1790712717880 2805716 4976908 3648768
1790712717916 2805716 4976908 3648768
1790712717951 2820696 4976908 3648768
1790712717988 2854868 4976908 3648768
1790712718017 2879444 4976908 3648768
1790712718058 2805844 4976908 3648768
1790712718098 2805844 4976908 3648768
1790712718137 2805844 4976908 3648768
1790712718177 2805844 4976908 3648768
1790712718216 2805844 4976908 3648768
1790712718252 2805844 4976908 3648768
1790712718287 2805844 4976908 3648768
1790712718326 2805844 4976908 3648768
1790712718366 2805844 4976908 3648768
1790712718403 2805844 4976908 3648768
1790712718443 2805844 4976908 3648768
1790712718483 2805844 4976908 3648768
1790712718522 2805844 4976908 3648768
1790712718561 2805844 4976908 3648768
1790712718601 2805844 4976908 3648768
1790712718640 2805844 4976908 3648768
1790712718679 2805844 4976908 3648768
1790712718719 2805844 4976908 3648768
1790712718759 2805844 4976908 3648768
1790712718798 2805844 4976908 3648768
1790712718838 2805844 4976908 3648768
1790712718877 2805844 4976908 3648768
1790712718916 2805844 4976908 3648768
1790712718956 2805844 4976908 3648768
1790712718996 2805844 4976908 3648768
1790712719037 2805844 4976908 3648768
1790712719075 2805844 4976908 3648768
1790712719112 2805844 4976908 3648768
1790712719151 2805844 4976908 3648768
1790712719189 2805844 4976908 3648768
1790712719226 2805844 4976908 3648768
1790712719264 2805844 4976908 3648768
1790712719302 2805844 4976908 3648768
1790712719340 2808788 4976908 3648768
1790712719377 2821076 4976908 3648768
1790712719418 2821076 4976908 3648768
1790712719458 2821076 4976908 3648768
1790712719497 2827220 4976908 3648768
1790712719539 2851796 4976908 3648768
1790712719578 2851796 4976908 3648768
1790712719618 2851796 4976908 3648768
1790712719660 2851796 4976908 3648768
1790712719700 2851796 4976908 3648768
1790712719739 2851796 4976908 3648768
1790712719781 2851796 4976908 3648768
1790712719821 2851796 4976908 3648768
1790712719861 2851796 4976908 3648768
1790712719902 2851796 4976908 3648768
1790712719942 2851796 4976908 3648768
1790712719982 2851796 4976908 3648768
1790712720022 2851796 4976908 3648768
1790712720063 2851796 4976908 3648768
1790712720103 2851796 4976908 3648768
1790712720143 2851796 4976908 3648768
1790712720183 2851796 4976908 3648768
1790712720223 2851796 4976908 3648768
1790712720263 2851796 4976908 3648768
1790712720303 2851796 4976908 3648768
1790712720343 2851796 4976908 3648768
1790712720383 2851796 4976908 3648768
1790712720423 2851796 4976908 3648768
1790712720463 2851796 4976908 3648768
1790712720503 2851796 4976908 3648768
1790712720543 2851796 4976908 3648768
1790712720583 2851796 4976908 3648768
1790712720622 2851796 4976908 3648768
1790712720663 2851796 4976908 3648768
1790712720703 2851796 4976908 3648768
1790712720743 2851796 4976908 3648768
1790712720783 2851796 4976908 3648768
1790712720822 2851796 4976908 3648768
1790712720862 2851796 4976908 3648768
1790712720902 2851796 4976908 3648768
1790712720943 2851796 4976908 3648768
1790712720982 2851796 4976908 3648768
1790712721022 2851796 4976908 3648768
1790712721062 2851796 4976908 3648768
1790712721103 2851796 4976908 3648768
1790712721143 2851796 4976908 3648768
1790712721180 2851796 4976908 3648768
1790712721219 2851796 4976908 3648768
1790712721255 2851796 4976908 3648768
1790712721293 2851796 4976908 3648768
1790712721329 2851796 4976908 3648768
1790712721366 2851796 4976908 3648768
1790712721407 2851796 4976908 3648768
1790712721447 2851796 4976908 3648768
1790712721488 2851796 4976908 3648768
1790712721529 2851796 4976908 3648768
1790712721568 2851796 4976908 3648768
1790712721609 2753616 4976908 3648768
1790712721648 2753616 4976908 3648768
1790712721688 2753620 4976908 3648768
1790712721728 2772312 4976908 3648768
1790712721767 2790356 4976908 3648768
1790712721807 2808788 4976908 3648768
1790712721848 2808788 4976908 3648768
1790712721888 2808788 4976908 3648768
1790712721927 2808788 4976908 3648768
1790712721969 2827220 4976908 3648768
1790712722009 2827220 4976908 3648768
1790712722048 2827220 4976908 3648768
1790712722088 2845652 4976908 3648768
1790712722128 2845652 4976908 3648768
1790712722169 2845652 4976908 3648768
1790712722209 2845652 4976908 3648768
1790712722250 2851796 4976908 3648768
1790712722289 2851796 4976908 3648768
1790712722328 2851796 4976908 3648768
1790712722369 2870228 4976908 3648768
1790712722409 2870228 4976908 3648768
1790712722449 2870228 4976908 3648768
1790712722491 2870228 4976908 3648768
1790712722532 2870228 4976908 3648768
1790712722572 2870228 4976908 3648768
1790712722612 2870228 4976908 3648768
1790712722653 2870228 4976908 3648768
1790712722693 2870228 4976908 3648768
1790712722734 2870228 4976908 3648768
1790712722774 2870228 4976908 3648768
1790712722815 2870228 4976908 3648768
1790712722858 2870228 4976908 3648768
1790712722899 2870228 4976908 3648768
1790712722938 2870228 4976908 3648768
1790712722980 2870228 4976908 3648768
1790712723020 2870228 4976908 3648768
1790712723059 2870228 4976908 3648768
1790712723098 2870228 4976908 3648768
1790712723138 2870228 4976908 3648768
1790712723177 2870228 4976908 3648768
1790712723217 2870228 4976908 3648768
1790712723258 2870228 4976908 3648768
1790712723298 2870228 4976908 3648768
1790712723336 2870228 4976908 3648768
1790712723378 2870228 4976908 3648768
1790712723418 2870228 4976908 3648768
1790712723457 2870228 4976908 3648768
1790712723498 2870228 4976908 3648768
1790712723539 2870228 4976908 3648768
1790712723578 2870228 4976908 3648768
1790712723617 2870228 4976908 3648768
1790712723658 2870228 4976908 3648768
1790712723699 2871556 4976908 3648768
1790712723739 2912424 4976908 3648768
1790712723785 2937812 4976908 3648768
1790712723825 2808916 4976908 3648768
1790712723864 2808916 4976908 3648768
1790712723904 2808916 4976908 3648768
1790712723942 2808916 4976908 3648768
1790712723980 2808916 4976908 3648768
1790712724019 2808920 4976908 3648768
1790712724058 2833364 4976908 3648768
1790712724099 2833364 4976908 3648768
1790712724138 2833364 4976908 3648768
1790712724177 2833364 4976908 3648768
1790712724215 2833364 4976908 3648768
1790712724253 2833364 4976908 3648768
1790712724290 2765904 4976908 3648768
1790712724329 2765904 4976908 3648768
1790712724366 2765904 4976908 3648768
1790712724405 2765904 4976908 3648768
1790712724444 2765904 4976908 3648768
1790712724483 2765904 4976908 3648768
1790712724521 2765904 4976908 3648768
1790712724561 2765904 4976908 3648768
1790712724599 2765904 4976908 3648768
1790712724636 2765904 4976908 3648768
1790712724675 2765904 4976908 3648768
1790712724713 2765904 4976908 3648768
1790712724751 2765904 4976908 3648768
1790712724789 2765904 4976908 3648768
1790712724828 2765904 4976908 3648768
1790712724869 2765904 4976908 3648768
1790712724907 2778472 4976908 3648768
1790712724946 2796500 4976908 3648768
1790712724986 2802644 4976908 3648768
1790712725028 2827220 4976908 3648768
1790712725068 2827220 4976908 3648768
1790712725106 2827220 4976908 3648768
1790712725148 2845652 4976908 3648768
1790712725188 2845652 4976908 3648768
1790712725228 2845652 4976908 3648768
1790712725269 2857940 4976908 3648768
1790712725309 2857940 4976908 3648768
1790712725346 2857940 4976908 3648768
1790712725385 2857940 4976908 3648768
1790712725428 2857940 4976908 3648768
1790712725468 2857940 4976908 3648768
1790712725507 2857940 4976908 3648768
1790712725549 2870228 4976908 3648768
1790712725590 2870228 4976908 3648768
1790712725629 2870228 4976908 3648768
1790712725670 2870228 4976908 3648768
1790712725709 2870228 4976908 3648768
1790712725749 2870228 4976908 3648768
1790712725789 2870228 4976908 3648768
1790712725829 2870228 4976908 3648768
1790712725869 2870228 4976908 3648768
1790712725909 2870228 4976908 3648768
1790712725949 2870228 4976908 3648768
1790712725989 2870228 4976908 3648768
1790712726030 2870228 4976908 3648768
1790712726070 2870228 4976908 3648768
1790712726109 2870228 4976908 3648768
1790712726149 2870228 4976908 3648768
1790712726189 2870228 4976908 3648768
1790712726229 2870228 4976908 3648768
1790712726269 2870228 4976908 3648768
1790712726309 2870228 4976908 3648768
1790712726349 2870228 4976908 3648768
1790712726389 2870228 4976908 3648768
1790712726429 2870228 4976908 3648768
1790712726470 2870228 4976908 3648768
1790712726510 2870228 4976908 3648768
1790712726549 2870228 4976908 3648768
1790712726589 2870228 4976908 3648768
1790712726629 2870228 4976908 3648768
1790712726669 2870228 4976908 3648768
1790712726710 2870228 4976908 3648768
1790712726750 2870228 4976908 3648768
1790712726790 2870228 4976908 3648768
1790712726831 2870228 4976908 3648768
1790712726872 2870228 4976908 3648768
1790712726912 2870228 4976908 3648768
1790712726952 2870228 4976908 3648768
1790712726991 2870228 4976908 3648768
1790712727029 2870228 4976908 3648768
1790712727068 2870228 4976908 3648768
1790712727107 2870228 4976908 3648768
1790712727146 2870228 4976908 3648768
1790712727185 2870228 4976908 3648768
1790712727223 2870228 4976908 3648768
1790712727260 2870228 4976908 3648768
1790712727302 2870228 4976908 3648768
1790712727342 2870228 4976908 3648768
1790712727381 2870228 4976908 3648768
1790712727418 2870228 4976908 3648768
1790712727457 2870228 4976908 3648768
1790712727496 2870228 4976908 3648768
1790712727536 2870228 4976908 3648768
1790712727576 2870228 4976908 3648768
1790712727618 2870228 4976908 3648768
1790712727658 2870228 4976908 3648768
1790712727698 2870228 4976908 3648768
1790712727738 2870228 4976908 3648768
1790712727777 2870228 4976908 3648768
1790712727816 2870228 4976908 3648768
1790712727854 2870228 4976908 3648768
1790712727891 2882516 4976908 3648768
1790712727931 2882516 4976908 3648768
1790712727971 2882516 4976908 3648768
1790712728010 2882516 4976908 3648768
1790712728049 2882516 4976908 3648768
1790712728088 2882516 4976908 3648768
1790712728127 2882516 4976908 3648768
1790712728168 2882516 4976908 3648768
1790712728208 2882516 4976908 3648768
1790712728247 2882516 4976908 3648768
1790712728290 2882516 4976908 3648768
1790712728330 2882516 4976908 3648768
1790712728369 2882516 4976908 3648768
1790712728412 2882516 4976908 3648768
1790712728453 2882516 4976908 3648768
1790712728492 2882516 4976908 3648768
1790712728532 2882516 4976908 3648768
1790712728571 2882516 4976908 3648768
1790712728611 2882516 4976908 3648768
1790712728652 2882516 4976908 3648768
1790712728691 2882516 4976908 3648768
1790712728731 2882516 4976908 3648768
1790712728771 2882516 4976908 3648768
1790712728811 2882516 4976908 3648768
1790712728850 2882516 4976908 3648768
1790712728889 2882516 4976908 3648768
1790712728930 2882516 4976908 3648768
1790712728969 2882516 4976908 3648768
1790712729010 2882516 4976908 3648768
1790712729052 2882516 4976908 3648768
1790712729093 2882516 4976908 3648768
1790712729131 2882516 4976908 3648768
1790712729172 2882516 4976908 3648768
1790712729211 2882516 4976908 3648768
1790712729250 2882516 4976908 3648768
1790712729292 2882516 4976908 3648768
1790712729332 2882516 4976908 3648768
1790712729371 2882516 4976908 3648768
1790712729413 2888660 4976908 3648768
1790712729455 2888660 4976908 3648768
1790712729496 2888660 4976908 3648768
1790712729535 2888660 4976908 3648768
1790712729575 2913236 4976908 3648768
1790712729616 2914076 4976908 3648768
1790712729655 2933336 4976908 3648768
1790712729693 2962388 4976908 3648768
1790712729736 2913364 4976908 3648768
1790712729777 2913364 4976908 3648768
1790712729817 2854996 4976908 3648768
1790712729855 2854996 4976908 3648768
1790712729892 2854996 4976908 3648768
1790712729932 2854996 4976908 3648768
1790712729970 2854996 4976908 3648768
1790712730009 2854996 4976908 3648768
1790712730049 2854996 4976908 3648768
1790712730088 2854996 4976908 3648768
1790712730126 2854996 4976908 3648768
1790712730165 2854996 4976908 3648768
1790712730202 2854996 4976908 3648768
1790712730241 2854996 4976908 3648768
1790712730280 2854996 4976908 3648768
1790712730319 2854996 4976908 3648768
1790712730360 2854996 4976908 3648768
1790712730400 2854996 4976908 3648768
1790712730437 2854996 4976908 3648768
1790712730477 2854996 4976908 3648768
1790712730516 2854996 4976908 3648768
1790712730555 2854996 4976908 3648768
1790712730594 2854996 4976908 3648768
1790712730633 2854996 4976908 3648768
1790712730672 2854996 4976908 3648768
1790712730713 2854996 4976908 3648768
1790712730753 2854996 4976908 3648768
1790712730793 2854996 4976908 3648768
1790712730834 2854996 4976908 3648768
1790712730877 2867156 4976908 3648768
1790712730917 2867156 4976908 3648768
1790712730956 2867156 4976908 3648768
1790712730995 2897876 4976908 3648768
1790712731035 2897876 4976908 3648768
1790712731074 2897876 4976908 3648768
1790712731113 2897876 4976908 3648768
1790712731155 2897876 4976908 3648768
1790712731196 2897876 4976908 3648768
1790712731236 2897876 4976908 3648768
1790712731279 2916308 4976908 3648768
1790712731320 2916308 4976908 3648768
1790712731360 2916308 4976908 3648768
1790712731403 2916308 4976908 3648768
1790712731443 2916308 4976908 3648768
1790712731483 2916308 4976908 3648768
1790712731526 2916308 4976908 3648768
1790712731568 2916308 4976908 3648768
1790712731609 2916308 4976908 3648768
1790712731650 2916308 4976908 3648768
1790712731691 2916308 4976908 3648768
1790712731732 2916308 4976908 3648768
1790712731774 2916308 4976908 3648768
1790712731815 2916308 4976908 3648768
1790712731856 2916308 4976908 3648768
1790712731897 2916308 4976908 3648768
1790712731938 2916308 4976908 3648768
1790712731979 2916308 4976908 3648768
1790712732020 2916308 4976908 3648768
1790712732062 2916308 4976908 3648768
1790712732103 2916308 4976908 3648768
1790712732144 2916308 4976908 3648768
1790712732186 2916308 4976908 3648768
1790712732227 2916308 4976908 3648768
1790712732267 2916308 4976908 3648768
1790712732309 2916308 4976908 3648768
1790712732350 2916308 4976908 3648768
1790712732392 2916308 4976908 3648768
1790712732433 2916308 4976908 3648768
1790712732473 2916308 4976908 3648768
1790712732515 2916308 4976908 3648768
1790712732556 2916308 4976908 3648768
1790712732594 2916308 0 3648768
1790712732633 2916308 4976908 3648768
1790712732671 2916308 4976908 3648768
1790712732709 2916308 4976908 3648768
1790712732748 2916308 4976908 3648768
1790712732786 2916308 4976908 3648768
1790712732827 2916308 4976908 3648768
1790712732868 2916308 4976908 3648768
1790712732908 2916308 4976908 3648768
1790712732945 2916308 4976908 3648768
1790712732982 2916308 4976908 3648768
1790712733020 2916308 4976908 3648768
1790712733058 2916308 4976908 3648768
1790712733095 2916308 4976908 3648768
1790712733138 2916308 4976908 3648768
1790712733178 2916308 4976908 3648768
1790712733220 2916308 4976908 3648768
1790712733260 2916308 4976908 3648768
1790712733298 2916308 4976908 3648768
1790712733338 2916308 4976908 3648768
1790712733380 2916308 4976908 3648768
1790712733417 2916308 4976908 3648768
1790712733459 2916308 4976908 3648768
1790712733499 2916308 4976908 3648768
1790712733541 2916308 4976908 3648768
1790712733582 2916308 4976908 3648768
1790712733623 2916308 4976908 3648768
1790712733664 2924756 4976908 3648768
1790712733705 2924756 4976908 3648768
1790712733746 2924756 4976908 3648768
1790712733786 2930900 4976908 3648768
1790712733828 2930900 4976908 3648768
1790712733865 2930900 4976908 3648768
1790712733906 2930900 4976908 3648768
1790712733949 2937044 4976908 3648768
1790712733990 2937044 4976908 3648768
1790712734031 2937044 4976908 3648768
1790712734072 2937044 4976908 3648768
1790712734113 2937044 4976908 3648768
1790712734153 2937044 4976908 3648768
1790712734194 2937044 4976908 3648768
1790712734236 2937044 4976908 3648768
1790712734276 2937044 4976908 3648768
1790712734318 2937044 4976908 3648768
1790712734359 2937044 4976908 3648768
1790712734401 2937044 4976908 3648768
1790712734440 2937044 4976908 3648768
1790712734480 2937044 4976908 3648768
1790712734524 2937044 4976908 3648768
1790712734564 2937044 4976908 3648768
1790712734604 2937044 4976908 3648768
1790712734645 2937044 4976908 3648768
1790712734686 2937044 4976908 3648768
1790712734726 2937044 4976908 3648768
1790712734767 2937044 4976908 3648768
1790712734808 2937044 4976908 3648768
1790712734848 2937044 4976908 3648768
1790712734889 2949332 4976908 3648768
1790712734927 2949332 4976908 3648768
1790712734966 2949332 4976908 3648768
1790712735007 2949332 4976908 3648768
1790712735049 2949332 4976908 3648768
1790712735089 2949332 4976908 3648768
1790712735128 2949332 4976908 3648768
1790712735170 2949332 4976908 3648768
1790712735212 2949332 4976908 3648768
1790712735252 2949332 4976908 3648768
1790712735290 2949332 4976908 3648768
1790712735329 2949332 4976908 3648768
1790712735368 2957912 4976908 3648768
1790712735407 2997352 4976908 3648768
1790712735457 3023060 4976908 3648768
1790712735499 3023060 4976908 3648768
1790712735541 2881876 4976908 3648768
1790712735581 2881876 4976908 3648768
1790712735621 2881876 4976908 3648768
1790712735662 2881876 4976908 3648768
1790712735701 2881876 4976908 3648768
1790712735742 2900180 4976908 3648768
1790712735780 2900180 4976908 3648768
1790712735821 2900180 4976908 3648768
1790712735862 2900180 4976908 3648768
1790712735902 2900180 4976908 3648768
1790712735943 2900180 4976908 3648768
1790712735984 2900180 4976908 3648768
1790712736023 2900180 4976908 3648768
1790712736064 2900180 4976908 3648768
1790712736105 2900180 4976908 3648768
1790712736144 2900180 4976908 3648768
1790712736182 2900180 4976908 3648768
1790712736224 2900180 4976908 3648768
1790712736264 2900180 4976908 3648768
1790712736304 2900180 4976908 3648768
1790712736342 2900180 4976908 3648768
1790712736382 2900180 4976908 3648768
1790712736422 2900180 4976908 3648768
1790712736460 2900180 4976908 3648768
1790712736500 2900180 4976908 3648768
1790712736539 2900180 4976908 3648768
1790712736576 2900180 4976908 3648768
1790712736616 2930900 4976908 3648768
1790712736657 2930900 4976908 3648768
1790712736698 2930900 4976908 3648768
1790712736738 2943188 4976908 3648768
1790712736780 2943188 4976908 3648768
1790712736819 2943188 4976908 3648768
1790712736859 2943188 4976908 3648768
1790712736901 2943188 4976908 3648768
1790712736942 2943188 4976908 3648768
1790712736982 2943188 4976908 3648768
1790712737023 2955476 4976908 3648768
1790712737061 2955476 4976908 3648768
1790712737098 2955476 4976908 3648768
1790712737143 2955476 4976908 3648768
1790712737183 2955476 4976908 3648768
1790712737223 2955476 4976908 3648768
1790712737267 2955476 4976908 3648768
1790712737308 2955476 4976908 3648768
1790712737346 2955476 4976908 3648768
1790712737385 2955476 4976908 3648768
1790712737426 2955476 4976908 3648768
1790712737468 2955476 4976908 3648768
1790712737509 2955476 4976908 3648768
1790712737550 2955476 4976908 3648768
1790712737592 2955476 4976908 3648768
1790712737633 2955476 4976908 3648768
1790712737674 2955476 4976908 3648768
1790712737715 2955476 4976908 3648768
1790712737753 2955476 4976908 3648768
1790712737791 2955476 4976908 3648768
1790712737833 2955476 4976908 3648768
1790712737873 2955476 4976908 3648768
1790712737915 2955476 4976908 3648768
1790712737956 2955476 4976908 3648768
1790712737997 2955476 4976908 3648768
1790712738036 2955476 4976908 3648768
1790712738075 2955476 4976908 3648768
1790712738113 2955476 4976908 3648768
1790712738152 2955476 4976908 3648768
1790712738190 2955476 4976908 3648768
1790712738231 2955476 4976908 3648768
1790712738272 2955476 4976908 3648768
1790712738313 2955476 4976908 3648768
1790712738352 2955476 4976908 3648768
1790712738390 2955476 4976908 3648768
1790712738428 2955476 4976908 3648768
1790712738466 2955476 4976908 3648768
1790712738504 2955476 4976908 3648768
1790712738544 2955476 4976908 3648768
1790712738585 2955476 4976908 3648768
1790712738623 2955476 4976908 3648768
1790712738660 2955476 4976908 3648768
1790712738700 2955476 4976908 3648768
1790712738741 2955476 4976908 3648768
1790712738780 2955476 4976908 3648768
1790712738817 2955476 4976908 3648768
1790712738857 2955476 4976908 3648768
1790712738898 2955476 4976908 3648768
1790712738940 2955476 4976908 3648768
1790712738982 2955476 4976908 3648768
1790712739022 2955476 4976908 3648768
1790712739063 2955476 4976908 3648768
1790712739104 2955476 4976908 3648768
1790712739146 2955476 4976908 3648768
1790712739184 2955476 4976908 3648768
1790712739222 2955476 4976908 3648768
1790712739266 2955476 4976908 3648768
1790712739307 2955476 4976908 3648768
1790712739347 2955476 4976908 3648768
1790712739389 2966228 4976908 3648768
1790712739431 2966228 4976908 3648768
1790712739472 2966228 4976908 3648768
1790712739511 2966228 4976908 3648768
1790712739553 2966228 4976908 3648768
1790712739593 2966228 4976908 3648768
1790712739635 2966228 4976908 3648768
1790712739677 2966228 4976908 3648768
1790712739718 2966228 4976908 3648768
1790712739759 2978516 4976908 3648768
1790712739801 2978516 4976908 3648768
1790712739842 2978516 4976908 3648768
1790712739882 2978516 4976908 3648768
1790712739923 2917204 4976908 3648768
1790712739964 2917204 4976908 3648768
1790712740005 2917204 4976908 3648768
1790712740047 2917204 4976908 3648768
1790712740089 2917204 4976908 3648768
1790712740130 2917204 4976908 3648768
1790712740171 2931288 4976908 3648768
1790712740209 2940884 4976908 3648768
1790712740248 2977748 4976908 3648768
1790712740290 2977748 4976908 3648768
1790712740330 2977748 4976908 3648768
1790712740369 2977748 4976908 3648768
1790712740412 2983892 4976908 3648768
1790712740454 2983892 4976908 3648768
1790712740494 2983892 4976908 3648768
1790712740537 2990036 4976908 3648768
1790712740578 2990036 4976908 3648768
1790712740616 2990036 4976908 3648768
1790712740659 3014612 4976908 3648768
1790712740700 3014612 4976908 3648768
1790712740738 3014612 4976908 3648768
1790712740781 3014612 4976908 3648768
1790712740822 3014612 4976908 3648768
1790712740863 3014612 4976908 3648768
1790712740905 3014612 4976908 3648768
1790712740947 2928724 4976908 3648768
1790712740989 2928724 4976908 3648768
1790712741029 2928724 4976908 3648768
1790712741068 2953172 4976908 3648768
1790712741108 2953172 4976908 3648768
1790712741148 2962008 4976908 3648768
1790712741187 2992728 4976908 3648768
1790712741228 3002324 4976908 3648768
1790712741273 3002452 4976908 3648768
1790712741313 2928724 4976908 3648768
1790712741355 2928724 4976908 3648768
1790712741395 2928724 4976908 3648768
1790712741435 2928724 4976908 3648768
1790712741476 2928892 4976908 3648768
1790712741515 2946440 4976908 3648768
1790712741557 2965460 4976908 3648768
1790712741595 2965460 4976908 3648768
1790712741636 2965460 4976908 3648768
1790712741677 2965460 4976908 3648768
1790712741719 2965460 4976908 3648768
1790712741759 2965460 4976908 3648768
1790712741800 2965460 4976908 3648768
1790712741840 2965460 4976908 3648768
1790712741881 2965460 4976908 3648768
1790712741919 2965464 4976908 3648768
1790712741957 2773000 4976908 3648768
1790712741994 2580584 4976908 3648768
1790712742030 2580584 4976908 3648768
1790712742066 2580584 4976908 3648768
1790712742103 2580584 4976908 3648768
1790712742141 2580584 4976908 3648768
1790712742178 2580556 4976908 3648768
1790712742219 2580556 4976908 3648768
1790712742260 2580564 4976908 3648768
1790712742300 2580568 4976908 3648768
1790712742340 2580572 4976908 3648768
1790712742380 2576352 4976908 3648768
1790712742421 2576996 4976908 3648768
1790712742461 2576996 4976908 3648768
1790712742501 2577176 4976908 3648768
# peak_kb=3569880
# hwm_kb=3648768
# frozen_ms=9046
# polled_vs_hwm_pct=21promille
