# timestamp_ms Rss_kB Anonymous_kB Filemapped_kB Shmem_kB
1785389725287 69764 65792 3972 0
1785389725352 69764 65792 3972 0
1785389725375 69764 65792 3972 0
1785389725398 69764 65792 3972 0
1785389725421 69764 65792 3972 0
1785389725445 69764 65792 3972 0
1785389725469 69764 65792 3972 0
1785389725492 69764 65792 3972 0
1785389725516 69764 65792 3972 0
1785389725540 69764 65792 3972 0
1785389725563 69764 65792 3972 0
1785389725586 69764 65792 3972 0
1785389725609 69764 65792 3972 0
1785389725631 69764 65792 3972 0
1785389725652 69764 65792 3972 0
1785389725675 69764 65792 3972 0
1785389725697 69764 65792 3972 0
1785389725720 69764 65792 3972 0
1785389725742 69764 65792 3972 0
1785389725765 69764 65792 3972 0
1785389725788 69764 65792 3972 0
1785389725810 69764 65792 3972 0
1785389725832 69764 65792 3972 0
1785389725855 69764 65792 3972 0
1785389725877 69764 65792 3972 0
1785389725900 69764 65792 3972 0
1785389725923 69764 65792 3972 0
1785389725946 69764 65792 3972 0
1785389725968 69764 65792 3972 0
1785389725990 69764 65792 3972 0
1785389726012 69764 65792 3972 0
1785389726034 69764 65792 3972 0
1785389726057 69764 65792 3972 0
1785389726078 69764 65792 3972 0
1785389726101 69764 65792 3972 0
1785389726123 69764 65792 3972 0
1785389726145 69764 65792 3972 0
1785389726168 69764 65792 3972 0
1785389726190 69764 65792 3972 0
1785389726212 69764 65792 3972 0
1785389726235 69764 65792 3972 0
1785389726257 104368 100128 4240 0
1785389726323 128576 124336 4240 0
1785389726388 183912 179672 4240 0
1785389726449 238160 233920 4240 0
1785389726513 255564 251324 4240 0
1785389726575 294580 290340 4240 0
1785389726640 319624 315384 4240 0
1785389726707 349916 345676 4240 0
1785389726770 385888 381648 4240 0
1785389726832 405248 401008 4240 0
1785389726896 460584 456344 4240 0
1785389726959 515916 511676 4240 0
1785389727023 538980 534740 4240 0
1785389727088 569208 564968 4240 0
1785389727156 624540 620300 4240 0
1785389727223 664040 659800 4240 0
1785389727289 679876 675636 4240 0
1785389727361 735208 730968 4240 0
1785389727430 780452 776124 4328 0
1785389727499 848276 845484 2792 0
1785389727575 850312 845956 4356 0
1785389727636 816388 812020 4368 0
1785389727661 816388 812020 4368 0
1785389727688 854920 850548 4372 0
1785389727746 854920 850548 4372 0
1785389727772 854920 850548 4372 0
1785389727798 859528 855156 4372 0
1785389727865 859532 855156 4376 0
1785389727890 782784 778320 4464 0
1785389727916 784840 780368 4472 0
1785389727942 824204 821128 3076 0
1785389727968 844652 842072 2580 0
1785389727994 856636 852164 4472 0
1785389728020 894520 890948 3572 0
1785389728106 929428 926584 2844 0
1785389728200 980864 976396 4468 0
1785389728302 1045652 1042864 2788 0
1785389728409 1073408 1070580 2828 0
1785389728522 1123028 1118560 4468 0
1785389728647 1183364 1178892 4472 0
1785389728780 1244348 1239876 4472 0
1785389728921 1306660 1302184 4476 0
1785389729073 1338180 1333704 4476 0
1785389729227 1379728 1376884 2844 0
1785389729385 1419292 1414820 4472 0
1785389729553 1478392 1473880 4512 0
1785389729724 1514916 1507760 7156 0
1785389729900 1514916 1507760 7156 0
1785389729949 1514916 1507760 7156 0
1785389729993 1514916 1507760 7156 0
1785389730039 1514916 1507760 7156 0
1785389730085 1516964 1509808 7156 0
1785389730129 1516964 1509808 7156 0
1785389730238 1516964 1509808 7156 0
1785389730283 1519012 1511856 7156 0
1785389730330 1519012 1511856 7156 0
1785389730437 1519012 1511856 7156 0
1785389730483 1519012 1511856 7156 0
1785389730528 1519012 1511856 7156 0
1785389730575 1519012 1511856 7156 0
1785389730621 1519012 1511856 7156 0
1785389730667 1519012 1511856 7156 0
1785389730707 1521060 1513904 7156 0
1785389730753 1521060 1513904 7156 0
1785389730869 1521060 1513904 7156 0
1785389730911 1521060 1513904 7156 0
1785389730952 1521060 1513904 7156 0
1785389730992 1521064 1513908 7156 0
1785389731076 1521068 1513912 7156 0
1785389731121 1521068 1513912 7156 0
1785389731221 1521376 1514220 7156 0
1785389731330 1521888 1514732 7156 0
1785389731453 1522280 1515124 7156 0
1785389731557 1523060 1515904 7156 0
1785389731647 1523188 1516032 7156 0
1785389731746 1523232 1516076 7156 0
1785389731849 1523488 1516332 7156 0
1785389731954 1523588 1516432 7156 0
1785389732084 1523588 1516432 7156 0
1785389732129 1523588 1516432 7156 0
1785389732174 1523588 1516432 7156 0
1785389732221 1523588 1516432 7156 0
1785389732265 1523588 1516432 7156 0
1785389732310 1523588 1516432 7156 0
1785389732356 1523588 1516432 7156 0
1785389732401 1523588 1516432 7156 0
1785389732449 1523588 1516432 7156 0
1785389732495 1523588 1516432 7156 0
1785389732540 1523588 1516432 7156 0
1785389732586 1523588 1516432 7156 0
1785389732632 1523588 1516432 7156 0
1785389732677 1523588 1516432 7156 0
1785389732722 1523588 1516432 7156 0
1785389732765 1523588 1516432 7156 0
1785389732812 1523588 1516432 7156 0
1785389732859 1523588 1516432 7156 0
1785389732905 1523588 1516432 7156 0
1785389732950 1523588 1516432 7156 0
1785389732994 1523588 1516432 7156 0
1785389733039 1523588 1516432 7156 0
1785389733084 1523588 1516432 7156 0
1785389733130 1523588 1516432 7156 0
1785389733176 1523588 1516432 7156 0
1785389733222 1523588 1516432 7156 0
1785389733267 1523588 1516432 7156 0
1785389733312 1523588 1516432 7156 0
1785389733357 1523588 1516432 7156 0
1785389733404 1523588 1516432 7156 0
1785389733448 1523588 1516432 7156 0
1785389733493 1523588 1516432 7156 0
1785389733540 1523588 1516432 7156 0
1785389733585 1523588 1516432 7156 0
1785389733629 1523588 1516432 7156 0
1785389733676 1523588 1516432 7156 0
1785389733723 1523588 1516432 7156 0
1785389733770 1523588 1516432 7156 0
1785389733817 1523588 1516432 7156 0
1785389733864 1523588 1516432 7156 0
1785389733909 1523588 1516432 7156 0
1785389733953 1523588 1516432 7156 0
1785389733999 1523588 1516432 7156 0
1785389734044 1523588 1516432 7156 0
1785389734090 1523588 1516432 7156 0
1785389734135 1523588 1516432 7156 0
1785389734180 1523588 1516432 7156 0
1785389734228 1523588 1516432 7156 0
1785389734270 1523588 1516432 7156 0
1785389734315 1523588 1516432 7156 0
1785389734360 1523588 1516432 7156 0
1785389734405 1523588 1516432 7156 0
1785389734449 1523588 1516432 7156 0
1785389734495 1523588 1516432 7156 0
1785389734539 1523588 1516432 7156 0
1785389734585 1523588 1516432 7156 0
1785389734628 1523444 1516292 7152 0
1785389734673 1572696 1569856 2840 0
1785389734850 1599740 1597160 2580 0
1785389734985 1630336 1626764 3572 0
1785389735180 1660724 1658144 2580 0
1785389735318 1704156 1697000 7156 0
1785389735524 1764460 1757304 7156 0
1785389735733 1801332 1794176 7156 0
1785389735949 1761700 1754548 7152 0
1785389736003 1724976 1717820 7156 0
1785389736056 1724976 1717820 7156 0
1785389736107 1724976 1717820 7156 0
1785389736161 1724976 1717820 7156 0
1785389736212 1724976 1717820 7156 0
1785389736263 1724976 1717820 7156 0
1785389736314 1724976 1717820 7156 0
1785389736366 1724976 1717820 7156 0
1785389736415 1724976 1717820 7156 0
1785389736466 1724976 1717820 7156 0
1785389736517 1724976 1717820 7156 0
1785389736566 1724976 1717820 7156 0
1785389736617 1724976 1717820 7156 0
1785389736668 1724976 1717820 7156 0
1785389736719 1748916 1745192 3724 0
1785389736771 757068 752492 4576 0
1785389736797 1834424 1827268 7156 0
1785389736930 1834424 1827268 7156 0
1785389736985 1834424 1827268 7156 0
1785389737038 1834280 1827128 7152 0
1785389737092 1835048 1827896 7152 0
1785389737193 1863216 1856060 7156 0
1785389737373 1863216 1856060 7156 0
1785389737428 1863216 1856060 7156 0
1785389737483 1863216 1856060 7156 0
1785389737539 1863216 1856060 7156 0
1785389737594 1863216 1856060 7156 0
1785389737647 1863216 1856060 7156 0
1785389737700 1863216 1856060 7156 0
1785389737754 1863216 1856060 7156 0
1785389737810 1863216 1856060 7156 0
1785389737865 1863216 1856060 7156 0
1785389737920 1863216 1856060 7156 0
1785389737975 1863216 1856060 7156 0
1785389738029 1863216 1856060 7156 0
1785389738083 1863216 1856060 7156 0
1785389738135 1863216 1856060 7156 0
1785389738187 1865264 1858108 7156 0
1785389738326 1865264 1858108 7156 0
1785389738379 1865264 1858108 7156 0
1785389738432 1865264 1858108 7156 0
1785389738487 1865264 1858108 7156 0
1785389738541 1865264 1858108 7156 0
1785389738594 1865264 1858108 7156 0
1785389738649 1865264 1858108 7156 0
1785389738703 1865264 1858108 7156 0
1785389738755 1865264 1858108 7156 0
1785389738808 1865264 1858108 7156 0
1785389738860 1865264 1858108 7156 0
1785389738912 1865264 1858108 7156 0
1785389738965 1865264 1858108 7156 0
1785389739019 1865264 1858108 7156 0
1785389739070 1865264 1858108 7156 0
1785389739125 1865264 1858108 7156 0
1785389739179 1835240 1828084 7156 0
1785389739233 1835240 1828084 7156 0
1785389739284 1835240 1828084 7156 0
1785389739339 1835240 1828084 7156 0
1785389739394 1835240 1828084 7156 0
1785389739449 1738984 1731828 7156 0
1785389739503 1458540 1451384 7156 0
1785389739547 1458540 1451384 7156 0
1785389739594 1458540 1451384 7156 0
1785389739639 1458540 1451384 7156 0
1785389739684 1458540 1451384 7156 0
1785389739728 1458540 1451384 7156 0
1785389739773 1458540 1451384 7156 0
1785389739818 1458540 1451384 7156 0
1785389739864 1458540 1451384 7156 0
1785389739910 1458540 1451384 7156 0
1785389739955 1458540 1451384 7156 0
1785389740000 1458540 1451384 7156 0
1785389740046 1458540 1451384 7156 0
1785389740090 1458540 1451384 7156 0
1785389740137 1458540 1451384 7156 0
1785389740181 1458540 1451384 7156 0
1785389740225 1458540 1451384 7156 0
1785389740273 1458540 1451384 7156 0
1785389740318 1458540 1451384 7156 0
1785389740363 1458540 1451384 7156 0
1785389740409 1458540 1451384 7156 0
1785389740454 1458540 1451384 7156 0
1785389740499 1458540 1451384 7156 0
1785389740544 1458540 1451384 7156 0
1785389740588 1458540 1451384 7156 0
1785389740635 1458540 1451384 7156 0
1785389740679 1458540 1451384 7156 0
1785389740724 1458540 1451384 7156 0
1785389740771 1458540 1451384 7156 0
1785389740815 1458540 1451384 7156 0
1785389740859 1458540 1451384 7156 0
1785389740902 1458540 1451384 7156 0
1785389740946 1458540 1451384 7156 0
1785389740991 1458540 1451384 7156 0
1785389741036 1458540 1451384 7156 0
1785389741080 1458540 1451384 7156 0
1785389741124 1458540 1451384 7156 0
1785389741168 1458540 1451384 7156 0
1785389741215 1458540 1451384 7156 0
1785389741259 1458540 1451384 7156 0
1785389741305 1458540 1451384 7156 0
1785389741350 1458540 1451384 7156 0
1785389741395 1458540 1451384 7156 0
1785389741442 1458540 1451384 7156 0
1785389741486 1458540 1451384 7156 0
1785389741531 1458540 1451384 7156 0
1785389741577 1458540 1451384 7156 0
1785389741622 1458540 1451384 7156 0
1785389741666 1458540 1451384 7156 0
1785389741712 1458540 1451384 7156 0
1785389741757 1458540 1451384 7156 0
1785389741801 1458540 1451384 7156 0
1785389741846 1458540 1451384 7156 0
1785389741890 1458540 1451384 7156 0
1785389741937 1458540 1451384 7156 0
1785389741984 1458540 1451384 7156 0
1785389742029 1458540 1451384 7156 0
1785389742076 1458540 1451384 7156 0
1785389742122 1458540 1451384 7156 0
1785389742166 1458540 1451384 7156 0
1785389742212 1458540 1451384 7156 0
1785389742258 1458540 1451384 7156 0
1785389742306 1458540 1451384 7156 0
1785389742351 1458540 1451384 7156 0
1785389742397 1458540 1451384 7156 0
1785389742442 1458540 1451384 7156 0
1785389742489 1458540 1451384 7156 0
1785389742536 1458540 1451384 7156 0
1785389742581 1458540 1451384 7156 0
1785389742625 1458540 1451384 7156 0
1785389742668 1458540 1451384 7156 0
1785389742715 1458540 1451384 7156 0
1785389742760 1458540 1451384 7156 0
1785389742805 1458540 1451384 7156 0
1785389742849 1458540 1451384 7156 0
1785389742892 1458540 1451384 7156 0
1785389742935 1458540 1451384 7156 0
1785389742981 1458540 1451384 7156 0
1785389743026 1458540 1451384 7156 0
1785389743070 1460476 1457896 2580 0
1785389743116 5180 604 4576 0
1785389743139 1530040 1527460 2580 0
1785389743187 1584588 1577436 7152 0
1785389743235 1652592 1650012 2580 0
1785389743286 1690092 1682940 7152 0
1785389743337 952212 947576 4636 0
1785389743386 1746292 1743712 2580 0
1785389743439 1754612 1747456 7156 0
1785389743490 1754612 1747456 7156 0
1785389743545 1761636 1754484 7152 0
1785389743598 1790332 1783176 7156 0
1785389743652 1790332 1783176 7156 0
1785389743707 1790280 1783128 7152 0
1785389743762 1817320 1814484 2836 0
1785389743817 1833516 1829944 3572 0
1785389743871 1916020 1908864 7156 0
1785389744123 1915876 1908724 7152 0
1785389744181 1938668 1931512 7156 0
1785389744350 1938668 1931512 7156 0
1785389744407 1938524 1931372 7152 0
1785389744467 1901800 1894644 7156 0
1785389744526 1901800 1894644 7156 0
1785389744587 1901800 1894644 7156 0
1785389744645 1901800 1894644 7156 0
1785389744702 1901800 1894644 7156 0
1785389744759 1901800 1894644 7156 0
1785389744817 1901800 1894644 7156 0
1785389744873 1901800 1894644 7156 0
1785389744929 1901800 1894644 7156 0
1785389744985 1901800 1894644 7156 0
1785389745042 1901800 1894644 7156 0
1785389745097 1901800 1894644 7156 0
1785389745153 1901800 1894644 7156 0
1785389745209 1901656 1894504 7152 0
1785389745267 1901800 1894644 7156 0
1785389745322 1901800 1894644 7156 0
1785389745380 1944816 1937660 7156 0
1785389745561 733504 730724 2780 0
1785389745587 1966312 1959156 7156 0
1785389745800 1966312 1959156 7156 0
1785389745986 1966312 1959156 7156 0
1785389746045 1966312 1959156 7156 0
1785389746102 1966312 1959156 7156 0
1785389746157 1966312 1959156 7156 0
1785389746217 1966312 1959156 7156 0
1785389746276 1966312 1959156 7156 0
1785389746336 1966312 1959156 7156 0
1785389746394 1966312 1959156 7156 0
1785389746453 1966312 1959156 7156 0
1785389746513 1966312 1959156 7156 0
1785389746570 1966312 1959156 7156 0
1785389746625 1966312 1959156 7156 0
1785389746684 1966312 1959156 7156 0
1785389746742 1966312 1959156 7156 0
1785389746801 1966312 1959156 7156 0
1785389746857 1966312 1959156 7156 0
1785389746914 1966312 1959156 7156 0
1785389746973 1966312 1959156 7156 0
1785389747033 1966312 1959156 7156 0
1785389747093 1966312 1959156 7156 0
1785389747153 1966312 1959156 7156 0
1785389747211 1966312 1959156 7156 0
1785389747269 1966312 1959156 7156 0
1785389747325 1966312 1959156 7156 0
1785389747380 1966312 1959156 7156 0
1785389747435 1966312 1959156 7156 0
1785389747492 1966312 1959156 7156 0
1785389747547 1966312 1959156 7156 0
1785389747605 1966312 1959156 7156 0
1785389747666 1966312 1959156 7156 0
1785389747725 1966312 1959156 7156 0
1785389747785 1966312 1959156 7156 0
1785389747841 1966312 1959156 7156 0
1785389747900 1584068 1576912 7156 0
1785389747952 1584068 1576912 7156 0
1785389748003 1584068 1576912 7156 0
1785389748052 1584068 1576912 7156 0
1785389748102 1584068 1576912 7156 0
1785389748150 1584068 1576912 7156 0
1785389748198 1584068 1576912 7156 0
1785389748248 1584068 1576912 7156 0
1785389748297 1584068 1576912 7156 0
1785389748347 1584068 1576912 7156 0
1785389748395 1584068 1576912 7156 0
1785389748445 1584068 1576912 7156 0
1785389748496 1584068 1576912 7156 0
1785389748544 1584068 1576912 7156 0
1785389748596 1584068 1576912 7156 0
1785389748645 1584068 1576912 7156 0
1785389748694 1584068 1576912 7156 0
1785389748743 1584068 1576912 7156 0
1785389748793 1584068 1576912 7156 0
1785389748843 1584068 1576912 7156 0
1785389748890 1584068 1576912 7156 0
1785389748941 1584068 1576912 7156 0
1785389748990 1584068 1576912 7156 0
1785389749040 1584068 1576912 7156 0
1785389749088 1584068 1576912 7156 0
1785389749136 1584068 1576912 7156 0
1785389749185 1584068 1576912 7156 0
1785389749234 1584068 1576912 7156 0
1785389749286 1584068 1576912 7156 0
1785389749335 1584068 1576912 7156 0
1785389749385 1584068 1576912 7156 0
1785389749434 1584068 1576912 7156 0
1785389749483 1584068 1576912 7156 0
1785389749533 1584068 1576912 7156 0
1785389749581 1584068 1576912 7156 0
1785389749631 1584068 1576912 7156 0
1785389749681 1584068 1576912 7156 0
1785389749731 1584068 1576912 7156 0
1785389749779 1584068 1576912 7156 0
1785389749829 1584068 1576912 7156 0
1785389749877 1584068 1576912 7156 0
1785389749925 1584068 1576912 7156 0
1785389749976 1584068 1576912 7156 0
1785389750024 1584068 1576912 7156 0
1785389750074 1584068 1576912 7156 0
1785389750122 1584068 1576912 7156 0
1785389750170 1584068 1576912 7156 0
1785389750218 1584068 1576912 7156 0
1785389750268 1584068 1576912 7156 0
1785389750319 1584068 1576912 7156 0
1785389750369 1584068 1576912 7156 0
1785389750422 1584068 1576912 7156 0
1785389750472 1584068 1576912 7156 0
1785389750524 1584068 1576912 7156 0
1785389750572 1584068 1576912 7156 0
1785389750620 1584068 1576912 7156 0
1785389750669 1584068 1576912 7156 0
1785389750716 1584068 1576912 7156 0
1785389750767 1584068 1576912 7156 0
1785389750817 1584068 1576912 7156 0
1785389750865 1584068 1576912 7156 0
1785389750914 1584068 1576912 7156 0
1785389750963 1584068 1576912 7156 0
1785389751011 1584068 1576912 7156 0
1785389751061 1584068 1576912 7156 0
1785389751109 1584068 1576912 7156 0
1785389751159 1584068 1576912 7156 0
1785389751210 1584068 1576912 7156 0
1785389751260 1584068 1576912 7156 0
1785389751308 1584068 1576912 7156 0
1785389751357 1584068 1576912 7156 0
1785389751402 1583924 1576772 7152 0
1785389751452 1626264 1623684 2580 0
1785389751502 1653604 1650764 2840 0
1785389751554 1700084 1692932 7152 0
1785389751606 1745064 1742484 2580 0
1785389751659 1770684 1767848 2836 0
1785389751712 1827768 1824196 3572 0
1785389751767 1871952 1869372 2580 0
1785389751825 1903236 1900656 2580 0
1785389751882 1171452 1165204 6248 0
1785389751938 1939448 1932292 7156 0
1785389751997 1939448 1932292 7156 0
1785389752057 1946532 1943952 2580 0
1785389752114 1964084 1956928 7156 0
1785389752172 1964084 1956928 7156 0
1785389752232 1967652 1965072 2580 0
1785389752429 2009012 2001856 7156 0
1785389752699 2037128 2029972 7156 0
1785389752887 2112628 2105472 7156 0
1785389753170 2135276 2128120 7156 0
1785389753376 2135132 2127980 7152 0
1785389753438 2098408 2091252 7156 0
1785389753503 2098408 2091252 7156 0
1785389753564 2098408 2091252 7156 0
1785389753626 2098408 2091252 7156 0
1785389753690 2098408 2091252 7156 0
1785389753748 2098408 2091252 7156 0
1785389753809 2098408 2091252 7156 0
1785389753869 2098408 2091252 7156 0
1785389753930 2098408 2091252 7156 0
1785389753990 2098408 2091252 7156 0
1785389754049 2098408 2091252 7156 0
1785389754110 2141272 2134120 7152 0
1785389754261 2141424 2134268 7156 0
1785389754470 2163344 2156188 7156 0
1785389754756 2163344 2156188 7156 0
1785389754818 2163344 2156188 7156 0
1785389754880 2163344 2156188 7156 0
1785389754944 2163344 2156188 7156 0
1785389755008 2163344 2156188 7156 0
1785389755069 2163344 2156188 7156 0
1785389755128 2163344 2156188 7156 0
1785389755192 2163344 2156188 7156 0
1785389755255 2163344 2156188 7156 0
1785389755317 2163344 2156188 7156 0
1785389755381 2163344 2156188 7156 0
1785389755444 2163344 2156188 7156 0
1785389755507 2163344 2156188 7156 0
1785389755566 2163344 2156188 7156 0
1785389755628 2163344 2156188 7156 0
1785389755692 2163344 2156188 7156 0
1785389755757 1798244 1791088 7156 0
1785389755812 1798244 1791088 7156 0
1785389755867 1798244 1791088 7156 0
1785389755925 1798244 1791088 7156 0
1785389755983 1798244 1791088 7156 0
1785389756042 1798244 1791088 7156 0
1785389756100 1798244 1791088 7156 0
1785389756154 1798244 1791088 7156 0
1785389756210 1798244 1791088 7156 0
1785389756265 1798244 1791088 7156 0
1785389756321 1798244 1791088 7156 0
1785389756374 1798244 1791088 7156 0
1785389756431 1797948 1794336 3612 0
1785389756486 1833644 1831064 2580 0
1785389756542 1866096 1858940 7156 0
1785389756600 1866096 1858940 7156 0
1785389756659 1865200 1859292 5908 0
1785389756716 1883080 1875924 7156 0
1785389756774 1883080 1875924 7156 0
1785389756833 1883080 1875924 7156 0
1785389756892 1883080 1875924 7156 0
1785389756949 1883080 1875924 7156 0
1785389757008 1883080 1875924 7156 0
1785389757066 1883080 1875924 7156 0
1785389757122 1883080 1875924 7156 0
1785389757179 1883080 1875924 7156 0
1785389757234 1883080 1875924 7156 0
1785389757293 1883080 1875924 7156 0
1785389757349 1883080 1875924 7156 0
1785389757406 1883080 1875924 7156 0
1785389757461 1883080 1875924 7156 0
1785389757516 1883080 1875924 7156 0
1785389757571 1883080 1875924 7156 0
1785389757627 1883080 1875924 7156 0
1785389757683 1883080 1875924 7156 0
1785389757738 1883080 1875924 7156 0
1785389757795 1883080 1875924 7156 0
1785389757850 1883080 1875924 7156 0
1785389757907 1883080 1875924 7156 0
1785389757963 1883080 1875924 7156 0
1785389758020 1883080 1875924 7156 0
1785389758079 1883080 1875924 7156 0
1785389758133 1883080 1875924 7156 0
1785389758190 1883080 1875924 7156 0
1785389758245 1883080 1875924 7156 0
1785389758300 1883080 1875924 7156 0
1785389758360 1883080 1875924 7156 0
1785389758415 1883080 1875924 7156 0
1785389758472 1883080 1875924 7156 0
1785389758528 1883080 1875924 7156 0
1785389758584 1883080 1875924 7156 0
1785389758639 1883080 1875924 7156 0
1785389758697 1883080 1875924 7156 0
1785389758754 1883080 1875924 7156 0
1785389758810 1883080 1875924 7156 0
1785389758865 1883080 1875924 7156 0
1785389758921 1883080 1875924 7156 0
1785389758976 1883080 1875924 7156 0
1785389759034 1883080 1875924 7156 0
1785389759090 1883080 1875924 7156 0
1785389759148 1883080 1875924 7156 0
1785389759206 1883080 1875924 7156 0
1785389759262 1883080 1875924 7156 0
1785389759318 1883080 1875924 7156 0
1785389759374 1883080 1875924 7156 0
1785389759433 1883080 1875924 7156 0
1785389759489 1883080 1875924 7156 0
1785389759547 1458540 1451384 7156 0
1785389759592 1458540 1451384 7156 0
1785389759637 1458540 1451384 7156 0
1785389759682 1458540 1451384 7156 0
1785389759730 1458540 1451384 7156 0
1785389759777 1458540 1451384 7156 0
1785389759825 1458540 1451384 7156 0
1785389759872 1458540 1451384 7156 0
1785389759918 1458540 1451384 7156 0
1785389759965 1458540 1451384 7156 0
1785389760012 1458540 1451384 7156 0
1785389760056 1458540 1451384 7156 0
1785389760100 1458540 1451384 7156 0
1785389760144 1480276 1477696 2580 0
1785389760190 1526756 1523916 2840 0
1785389760237 734060 730732 3328 0
1785389760263 1599056 1595732 3324 0
1785389760312 1623116 1620276 2840 0
1785389760363 1675388 1672548 2840 0
1785389760416 1701876 1698552 3324 0
1785389760470 1753284 1746132 7152 0
1785389760523 1069620 1064800 4820 0
1785389760575 1842108 1838536 3572 0
1785389760633 771216 767568 3648 0
1785389760661 1919528 1916004 3524 0
1785389760716 1935840 1931948 3892 0
1785389760772 1965148 1962568 2580 0
1785389760830 2000160 1993008 7152 0
1785389760888 2026792 2024212 2580 0
1785389760950 2095816 2092976 2840 0
1785389761009 2112628 2105472 7156 0
1785389761067 2112628 2105472 7156 0
1785389761129 2112484 2105332 7152 0
1785389761191 2135276 2128120 7156 0
1785389761253 2135276 2128120 7156 0
1785389761318 2098408 2091252 7156 0
1785389761382 2098408 2091252 7156 0
1785389761444 2098408 2091252 7156 0
1785389761507 2098408 2091252 7156 0
1785389761570 2098408 2091252 7156 0
1785389761630 2098408 2091252 7156 0
1785389761690 2098408 2091252 7156 0
1785389761749 2098408 2091252 7156 0
1785389761808 2098408 2091252 7156 0
1785389761868 2098408 2091252 7156 0
1785389761928 2098264 2091112 7152 0
1785389761988 2141424 2134268 7156 0
1785389762047 2141424 2134268 7156 0
1785389762109 2141424 2134268 7156 0
1785389762171 2153560 2146408 7152 0
1785389762236 2162920 2155764 7156 0
1785389762299 2162920 2155764 7156 0
1785389762361 2162920 2155764 7156 0
1785389762422 2162920 2155764 7156 0
1785389762484 2162920 2155764 7156 0
1785389762547 2162920 2155764 7156 0
1785389762608 2162920 2155764 7156 0
1785389762668 2162920 2155764 7156 0
1785389762732 2162920 2155764 7156 0
1785389762795 2162920 2155764 7156 0
1785389762858 2162920 2155764 7156 0
1785389762923 2162920 2155764 7156 0
1785389762985 2162920 2155764 7156 0
1785389763044 2162920 2155764 7156 0
1785389763107 2162920 2155764 7156 0
1785389763171 2088004 2085172 2832 0
1785389763231 2092392 2085236 7156 0
1785389763292 2092392 2085236 7156 0
1785389763355 2092392 2085236 7156 0
1785389763420 2092392 2085236 7156 0
1785389763482 2092392 2085236 7156 0
1785389763541 2092392 2085236 7156 0
1785389763601 2092392 2085236 7156 0
1785389763661 2092392 2085236 7156 0
1785389763720 2092392 2085236 7156 0
1785389763779 2092392 2085236 7156 0
1785389763840 2092392 2085236 7156 0
1785389763899 2092392 2085236 7156 0
1785389763961 2092392 2085236 7156 0
1785389764021 2092392 2085236 7156 0
1785389764083 2092392 2085236 7156 0
1785389764144 2092248 2085096 7152 0
1785389764205 1935576 1928420 7156 0
1785389764265 1935432 1928280 7152 0
1785389764321 1609500 1602344 7156 0
1785389764373 1609500 1602344 7156 0
1785389764424 1609500 1602344 7156 0
1785389764473 1609500 1602344 7156 0
1785389764524 1609500 1602344 7156 0
1785389764572 1609500 1602344 7156 0
1785389764622 1609500 1602344 7156 0
1785389764670 1609500 1602344 7156 0
1785389764718 1609500 1602344 7156 0
1785389764768 1609500 1602344 7156 0
1785389764817 1609500 1602344 7156 0
1785389764869 1609500 1602344 7156 0
1785389764919 1609500 1602344 7156 0
1785389764968 1609500 1602344 7156 0
1785389765018 1609500 1602344 7156 0
1785389765067 1609500 1602344 7156 0
1785389765118 1609500 1602344 7156 0
1785389765167 1609500 1602344 7156 0
1785389765218 1609500 1602344 7156 0
1785389765266 1609500 1602344 7156 0
1785389765317 1609500 1602344 7156 0
1785389765366 1609500 1602344 7156 0
1785389765417 1609500 1602344 7156 0
1785389765466 1609500 1602344 7156 0
1785389765516 1609500 1602344 7156 0
1785389765565 1609500 1602344 7156 0
1785389765614 1609500 1602344 7156 0
1785389765665 1609500 1602344 7156 0
1785389765714 1609500 1602344 7156 0
1785389765764 1609500 1602344 7156 0
1785389765813 1609500 1602344 7156 0
1785389765862 1609500 1602344 7156 0
1785389765912 1609500 1602344 7156 0
1785389765961 1609500 1602344 7156 0
1785389766012 1609500 1602344 7156 0
1785389766062 1609500 1602344 7156 0
1785389766110 1609500 1602344 7156 0
1785389766161 1609500 1602344 7156 0
1785389766210 1609500 1602344 7156 0
1785389766260 1609500 1602344 7156 0
1785389766309 1609500 1602344 7156 0
1785389766359 1609500 1602344 7156 0
1785389766408 1609500 1602344 7156 0
1785389766456 1609500 1602344 7156 0
1785389766507 1609500 1602344 7156 0
1785389766557 1609500 1602344 7156 0
1785389766607 1609500 1602344 7156 0
1785389766657 1609500 1602344 7156 0
1785389766708 1609500 1602344 7156 0
1785389766756 1609500 1602344 7156 0
1785389766805 1628832 1621676 7156 0
1785389766856 1759904 1752748 7156 0
1785389766906 1874592 1867436 7156 0
1785389766956 1874592 1867436 7156 0
1785389767004 1874592 1867436 7156 0
1785389767053 1874592 1867436 7156 0
1785389767103 1874592 1867436 7156 0
1785389767154 1876640 1869484 7156 0
1785389767205 1876640 1869484 7156 0
1785389767255 1725680 1718524 7156 0
1785389767300 1725680 1718524 7156 0
1785389767345 1725680 1718524 7156 0
1785389767393 1725680 1718524 7156 0
1785389767440 1725680 1718524 7156 0
1785389767489 1725680 1718524 7156 0
1785389767534 1725680 1718524 7156 0
1785389767578 1725680 1718524 7156 0
1785389767623 1725680 1718524 7156 0
1785389767672 1731824 1724668 7156 0
1785389767716 1731824 1724668 7156 0
1785389767760 1731824 1724668 7156 0
1785389767805 1731824 1724668 7156 0
1785389767849 1747388 1740236 7152 0
1785389767895 1061492 1056672 4820 0
1785389767938 278464 273888 4576 0
1785389767962 278464 273888 4576 0
1785389767986 278464 273888 4576 0
1785389768010 1202868 1198048 4820 0
1785389768056 1226876 1222056 4820 0
1785389768104 2019720 2016108 3612 0
1785389768159 278464 273888 4576 0
1785389768184 1300544 1295724 4820 0
1785389768235 1332668 1326004 6664 0
1785389768288 2127328 2120172 7156 0
1785389768346 2127328 2120172 7156 0
1785389768401 1361648 1356828 4820 0
1785389768454 1392800 1387980 4820 0
1785389768509 2165612 2158456 7156 0
1785389768670 2254840 2247684 7156 0
1785389768868 2254840 2247684 7156 0
1785389768928 2283632 2276476 7156 0
1785389769046 2283632 2276476 7156 0
1785389769208 2246764 2239608 7156 0
1785389769268 2246764 2239608 7156 0
1785389769328 2246764 2239608 7156 0
1785389769389 2252908 2245752 7156 0
1785389769449 2252908 2245752 7156 0
1785389769508 2252908 2245752 7156 0
1785389769567 2252908 2245752 7156 0
1785389769624 2252908 2245752 7156 0
1785389769683 2252908 2245752 7156 0
1785389769740 2252908 2245752 7156 0
1785389769797 2266544 2263964 2580 0
1785389769855 2295924 2288768 7156 0
1785389769970 2295924 2288768 7156 0
1785389770030 2295924 2288768 7156 0
1785389770091 2295924 2288768 7156 0
1785389770152 2323988 2316832 7156 0
1785389770360 2323988 2316832 7156 0
1785389770421 2323988 2316832 7156 0
1785389770482 2323988 2316832 7156 0
1785389770544 2323988 2316832 7156 0
1785389770604 2323988 2316832 7156 0
1785389770663 2323988 2316832 7156 0
1785389770722 2323988 2316832 7156 0
1785389770784 2323988 2316832 7156 0
1785389770846 2323988 2316832 7156 0
1785389770907 2323988 2316832 7156 0
1785389770968 2323988 2316832 7156 0
1785389771029 2323988 2316832 7156 0
1785389771088 2323988 2316832 7156 0
1785389771146 2323988 2316832 7156 0
1785389771204 2326036 2318880 7156 0
1785389771372 2255084 2247928 7156 0
1785389771431 2255084 2247928 7156 0
1785389771491 2255084 2247928 7156 0
1785389771554 2255084 2247928 7156 0
1785389771613 2255084 2247928 7156 0
1785389771674 2259180 2252024 7156 0
1785389771735 2259180 2252024 7156 0
1785389771791 2259180 2252024 7156 0
1785389771851 2259180 2252024 7156 0
1785389771909 2259180 2252024 7156 0
1785389771969 2259180 2252024 7156 0
1785389772028 2259180 2252024 7156 0
1785389772086 2259180 2252024 7156 0
1785389772143 2259180 2252024 7156 0
1785389772204 2259180 2252024 7156 0
1785389772265 2265324 2258168 7156 0
1785389772324 2265324 2258168 7156 0
1785389772384 2265324 2258168 7156 0
1785389772439 2265324 2258168 7156 0
1785389772500 2265324 2258168 7156 0
1785389772562 2265180 2258028 7152 0
1785389772621 1997768 1990612 7156 0
1785389772675 1997768 1990612 7156 0
1785389772728 1997768 1990612 7156 0
1785389772780 1997768 1990612 7156 0
1785389772835 1997768 1990612 7156 0
1785389772887 1997768 1990612 7156 0
1785389772941 1997768 1990612 7156 0
1785389772992 1999816 1992660 7156 0
1785389773045 1999816 1992660 7156 0
1785389773097 1999816 1992660 7156 0
1785389773149 1999816 1992660 7156 0
1785389773203 2001864 1994708 7156 0
1785389773254 2001864 1994708 7156 0
1785389773307 2001864 1994708 7156 0
1785389773358 2001864 1994708 7156 0
1785389773411 2001864 1994708 7156 0
1785389773464 2003912 1996756 7156 0
1785389773518 2003912 1996756 7156 0
1785389773570 2003912 1996756 7156 0
1785389773623 2003912 1996756 7156 0
1785389773674 2003912 1996756 7156 0
1785389773727 2005960 1998804 7156 0
1785389773779 2005960 1998804 7156 0
1785389773830 2005960 1998804 7156 0
1785389773882 2005960 1998804 7156 0
1785389773933 2005960 1998804 7156 0
1785389773988 2008008 2000852 7156 0
1785389774039 2008008 2000852 7156 0
1785389774093 2008008 2000852 7156 0
1785389774144 2008008 2000852 7156 0
1785389774196 2008008 2000852 7156 0
1785389774249 2010056 2002900 7156 0
1785389774301 2010056 2002900 7156 0
1785389774356 2010056 2002900 7156 0
1785389774408 2010056 2002900 7156 0
1785389774459 2010056 2002900 7156 0
1785389774512 2012104 2004948 7156 0
1785389774563 2012104 2004948 7156 0
1785389774615 2012104 2004948 7156 0
1785389774667 2012104 2004948 7156 0
1785389774718 2012104 2004948 7156 0
1785389774772 2012104 2004948 7156 0
1785389774823 2014152 2006996 7156 0
1785389774876 2014152 2006996 7156 0
1785389774927 2014152 2006996 7156 0
1785389774981 2014152 2006996 7156 0
1785389775031 2016200 2009044 7156 0
1785389775082 2016200 2009044 7156 0
1785389775138 2016200 2009044 7156 0
1785389775191 2016200 2009044 7156 0
1785389775242 2016200 2009044 7156 0
1785389775295 2016200 2009044 7156 0
1785389775347 2016200 2009044 7156 0
1785389775401 2018248 2011092 7156 0
1785389775456 2018248 2011092 7156 0
1785389775510 2018248 2011092 7156 0
1785389775562 2018248 2011092 7156 0
1785389775613 2018248 2011092 7156 0
1785389775667 2018248 2011092 7156 0
1785389775720 2018248 2011092 7156 0
1785389775776 2018248 2011092 7156 0
1785389775829 2018248 2011092 7156 0
1785389775883 2018248 2011092 7156 0
1785389775938 2024392 2017236 7156 0
1785389775990 2024392 2017236 7156 0
1785389776042 2024392 2017236 7156 0
1785389776094 2024392 2017236 7156 0
1785389776147 2024392 2017236 7156 0
1785389776199 335808 331232 4576 0
1785389776222 2098600 2091448 7152 0
1785389776277 335808 331232 4576 0
1785389776300 337804 331248 6556 0
1785389776323 2169188 2166608 2580 0
1785389776382 337816 331260 6556 0
1785389776405 2231292 2227272 4020 0
1785389776462 2295092 2292512 2580 0
1785389776519 2312184 2305028 7156 0
1785389776580 2312184 2305028 7156 0
1785389776638 2312184 2305028 7156 0
1785389776697 2312040 2304888 7152 0
1785389776758 2312572 2305416 7156 0
1785389776819 2340976 2333820 7156 0
1785389776985 2340832 2333680 7152 0
1785389777102 2304108 2296952 7156 0
1785389777163 2304108 2296952 7156 0
1785389777222 2304108 2296952 7156 0
1785389777282 2310252 2303096 7156 0
1785389777341 2310252 2303096 7156 0
1785389777400 2310252 2303096 7156 0
1785389777458 2310252 2303096 7156 0
1785389777516 2310252 2303096 7156 0
1785389777574 2310252 2303096 7156 0
1785389777632 2310252 2303096 7156 0
1785389777689 2328540 2321388 7152 0
1785389777746 2353268 2346112 7156 0
1785389777861 2353268 2346112 7156 0
1785389777921 2353268 2346112 7156 0
1785389777982 2353268 2346112 7156 0
1785389778044 2353124 2345972 7152 0
1785389778103 2381332 2374176 7156 0
1785389778309 2381332 2374176 7156 0
1785389778370 2381332 2374176 7156 0
1785389778431 2381332 2374176 7156 0
1785389778491 2381332 2374176 7156 0
1785389778551 2381332 2374176 7156 0
1785389778609 2381332 2374176 7156 0
1785389778667 2381332 2374176 7156 0
1785389778728 2381332 2374176 7156 0
1785389778787 2381332 2374176 7156 0
1785389778847 2381332 2374176 7156 0
1785389778908 2381332 2374176 7156 0
1785389778971 2383380 2376224 7156 0
1785389779083 2383380 2376224 7156 0
1785389779144 2383380 2376224 7156 0
1785389779202 2383380 2376224 7156 0
1785389779259 2385428 2378272 7156 0
1785389779422 2385428 2378272 7156 0
1785389779480 2385428 2378272 7156 0
1785389779540 2385428 2378272 7156 0
1785389779599 2385428 2378272 7156 0
1785389779660 2385428 2378272 7156 0
1785389779720 2389524 2382368 7156 0
1785389779831 2389524 2382368 7156 0
1785389779888 2389524 2382368 7156 0
1785389779944 2389524 2382368 7156 0
1785389780001 2389524 2382368 7156 0
1785389780058 2389524 2382368 7156 0
1785389780116 2389524 2382368 7156 0
1785389780175 2389524 2382368 7156 0
1785389780235 2389524 2382368 7156 0
1785389780295 2393620 2386464 7156 0
1785389780461 2393620 2386464 7156 0
1785389780521 2393620 2386464 7156 0
1785389780583 2393620 2386464 7156 0
1785389780645 2010568 2003412 7156 0
1785389780697 2010568 2003412 7156 0
1785389780747 2010568 2003412 7156 0
1785389780796 2012616 2005460 7156 0
1785389780848 2012616 2005460 7156 0
1785389780900 2012616 2005460 7156 0
1785389780950 2012616 2005460 7156 0
1785389780999 2012616 2005460 7156 0
1785389781048 2012616 2005460 7156 0
1785389781098 2014664 2007508 7156 0
1785389781150 2014664 2007508 7156 0
1785389781199 2014664 2007508 7156 0
1785389781250 2014664 2007508 7156 0
1785389781300 2014664 2007508 7156 0
1785389781350 2016712 2009556 7156 0
1785389781400 2016712 2009556 7156 0
1785389781449 2016712 2009556 7156 0
1785389781501 2016712 2009556 7156 0
1785389781551 2018760 2011604 7156 0
1785389781601 2018760 2011604 7156 0
1785389781651 2018760 2011604 7156 0
1785389781702 2018760 2011604 7156 0
1785389781752 2018760 2011604 7156 0
1785389781801 2018760 2011604 7156 0
1785389781850 2020808 2013652 7156 0
1785389781899 2020808 2013652 7156 0
1785389781949 2020808 2013652 7156 0
1785389781997 2020808 2013652 7156 0
1785389782048 2020808 2013652 7156 0
1785389782097 2020808 2013652 7156 0
1785389782146 2022856 2015700 7156 0
1785389782196 2022856 2015700 7156 0
1785389782245 2022856 2015700 7156 0
1785389782297 2022856 2015700 7156 0
1785389782344 2024904 2017748 7156 0
1785389782395 2024904 2017748 7156 0
1785389782444 2024904 2017748 7156 0
1785389782492 2024904 2017748 7156 0
1785389782542 2024904 2017748 7156 0
1785389782591 2024904 2017748 7156 0
1785389782642 2026952 2019796 7156 0
1785389782692 2026952 2019796 7156 0
1785389782743 2026952 2019796 7156 0
1785389782792 2026952 2019796 7156 0
1785389782841 2026952 2019796 7156 0
1785389782892 2026952 2019796 7156 0
1785389782942 2026952 2019796 7156 0
1785389782994 2026952 2019796 7156 0
1785389783043 2029000 2021844 7156 0
1785389783094 2029000 2021844 7156 0
1785389783146 2029000 2021844 7156 0
1785389783198 2029000 2021844 7156 0
1785389783250 2031048 2023892 7156 0
1785389783299 2031048 2023892 7156 0
1785389783349 2031048 2023892 7156 0
1785389783401 2033096 2025940 7156 0
1785389783452 2033096 2025940 7156 0
1785389783504 2033096 2025940 7156 0
1785389783555 2033096 2025940 7156 0
1785389783604 2033096 2025940 7156 0
1785389783655 2033096 2025940 7156 0
1785389783705 2033096 2025940 7156 0
1785389783757 2033096 2025940 7156 0
1785389783807 2033096 2025940 7156 0
1785389783859 2033096 2025940 7156 0
1785389783910 2039240 2032084 7156 0
1785389783961 2039240 2032084 7156 0
1785389784012 2039240 2032084 7156 0
1785389784063 2039240 2032084 7156 0
1785389784114 2039240 2032084 7156 0
1785389784165 2039240 2032084 7156 0
1785389784216 2039096 2031944 7152 0
1785389784268 2095868 2093288 2580 0
1785389784319 2143148 2135996 7152 0
1785389784373 395200 390624 4576 0
1785389784396 2199612 2197032 2580 0
1785389784451 2214144 2211308 2836 0
1785389784505 1478660 1474024 4636 0
1785389784557 2274192 2271612 2580 0
1785389784615 1525332 1520512 4820 0
1785389784669 2361988 2358128 3860 0
1785389784726 2371580 2364424 7156 0
1785389784785 2371580 2364424 7156 0
1785389784845 2371580 2364424 7156 0
1785389784906 2384868 2377716 7152 0
1785389784964 2400372 2393216 7156 0
1785389785122 2400228 2393076 7152 0
1785389785180 2363504 2356348 7156 0
1785389785238 2363504 2356348 7156 0
1785389785290 2363504 2356348 7156 0
1785389785343 2363504 2356348 7156 0
1785389785396 2363504 2356348 7156 0
1785389785454 2369648 2362492 7156 0
1785389785511 2369648 2362492 7156 0
1785389785569 2369648 2362492 7156 0
1785389785627 2369648 2362492 7156 0
1785389785686 2369648 2362492 7156 0
1785389785743 2369648 2362492 7156 0
1785389785800 2369648 2362492 7156 0
1785389785859 2412664 2405508 7156 0
1785389785970 2412664 2405508 7156 0
1785389786129 2412664 2405508 7156 0
1785389786184 2412664 2405508 7156 0
1785389786242 2434580 2427424 7156 0
1785389786393 2440724 2433568 7156 0
1785389786561 2440724 2433568 7156 0
1785389786621 2440724 2433568 7156 0
1785389786681 2440724 2433568 7156 0
1785389786740 2440724 2433568 7156 0
1785389786797 2440724 2433568 7156 0
1785389786858 2440724 2433568 7156 0
1785389786915 2440724 2433568 7156 0
1785389786974 2440724 2433568 7156 0
1785389787035 2440724 2433568 7156 0
1785389787097 2440724 2433568 7156 0
1785389787158 2440724 2433568 7156 0
1785389787220 2440724 2433568 7156 0
1785389787279 2440724 2433568 7156 0
1785389787335 2440724 2433568 7156 0
1785389787396 2440724 2433568 7156 0
1785389787455 2440724 2433568 7156 0
1785389787512 2442772 2435616 7156 0
1785389787672 2371824 2364668 7156 0
1785389787729 2371824 2364668 7156 0
1785389787789 2371824 2364668 7156 0
1785389787848 2371824 2364668 7156 0
1785389787908 2375920 2368764 7156 0
1785389787967 2375920 2368764 7156 0
1785389788023 2375920 2368764 7156 0
1785389788079 2375920 2368764 7156 0
1785389788137 2375920 2368764 7156 0
1785389788195 2375920 2368764 7156 0
1785389788253 2375920 2368764 7156 0
1785389788310 2375920 2368764 7156 0
1785389788370 2375920 2368764 7156 0
1785389788428 2382064 2374908 7156 0
1785389788488 2382064 2374908 7156 0
1785389788548 2382064 2374908 7156 0
1785389788607 2382064 2374908 7156 0
1785389788666 2114504 2107348 7156 0
1785389788721 2114504 2107348 7156 0
1785389788775 2114504 2107348 7156 0
1785389788827 2116552 2109396 7156 0
1785389788879 2116552 2109396 7156 0
1785389788930 2116552 2109396 7156 0
1785389788983 2116552 2109396 7156 0
1785389789035 2116552 2109396 7156 0
1785389789089 2116552 2109396 7156 0
1785389789141 2118600 2111444 7156 0
1785389789194 2118600 2111444 7156 0
1785389789246 2118600 2111444 7156 0
1785389789298 2118600 2111444 7156 0
1785389789349 2120648 2113492 7156 0
1785389789402 2120648 2113492 7156 0
1785389789457 2120648 2113492 7156 0
1785389789509 2120648 2113492 7156 0
1785389789561 2120648 2113492 7156 0
1785389789612 2122696 2115540 7156 0
1785389789663 2122696 2115540 7156 0
1785389789714 2122696 2115540 7156 0
1785389789767 2124744 2117588 7156 0
1785389789820 2124744 2117588 7156 0
1785389789873 2124744 2117588 7156 0
1785389789924 2124744 2117588 7156 0
1785389789976 2126792 2119636 7156 0
1785389790027 2126792 2119636 7156 0
1785389790079 2126792 2119636 7156 0
1785389790129 2126792 2119636 7156 0
1785389790183 2126792 2119636 7156 0
1785389790234 2128840 2121684 7156 0
1785389790286 2128840 2121684 7156 0
1785389790338 2128840 2121684 7156 0
1785389790390 2128840 2121684 7156 0
1785389790442 2128840 2121684 7156 0
1785389790496 2130888 2123732 7156 0
1785389790550 2130888 2123732 7156 0
1785389790601 2130888 2123732 7156 0
1785389790654 2130888 2123732 7156 0
1785389790705 2130888 2123732 7156 0
1785389790757 2132936 2125780 7156 0
1785389790811 2132936 2125780 7156 0
1785389790866 2132936 2125780 7156 0
1785389790919 2132936 2125780 7156 0
1785389790971 2134984 2127828 7156 0
1785389791022 2134984 2127828 7156 0
1785389791075 2134984 2127828 7156 0
1785389791127 2134984 2127828 7156 0
1785389791179 2134984 2127828 7156 0
1785389791234 2134984 2127828 7156 0
1785389791285 2134984 2127828 7156 0
1785389791339 2134984 2127828 7156 0
1785389791394 2134984 2127828 7156 0
1785389791448 2134984 2127828 7156 0
1785389791502 2134984 2127828 7156 0
1785389791557 2134984 2127828 7156 0
1785389791612 2141128 2133972 7156 0
1785389791664 2141128 2133972 7156 0
1785389791716 2141128 2133972 7156 0
1785389791769 2141128 2133972 7156 0
1785389791822 2141128 2133972 7156 0
1785389791874 2141128 2133972 7156 0
1785389791925 2141128 2133972 7156 0
1785389791978 2137404 2133792 3612 0
1785389792029 454548 447992 6556 0
1785389792052 1452788 1448136 4652 0
1785389792102 1484000 1479180 4820 0
1785389792151 452544 447968 4576 0
1785389792175 1530608 1525044 5564 0
1785389792224 2328724 2321572 7152 0
1785389792281 2388324 2384712 3612 0
1785389792336 2428924 2421768 7156 0
1785389792393 2428924 2421768 7156 0
1785389792451 2428924 2421768 7156 0
1785389792509 2451572 2444416 7156 0
1785389792570 2457716 2450560 7156 0
1785389792731 2420848 2413692 7156 0
1785389792790 2420848 2413692 7156 0
1785389792847 2420848 2413692 7156 0
1785389792906 2420848 2413692 7156 0
1785389792966 2426992 2419836 7156 0
1785389793024 2426992 2419836 7156 0
1785389793080 2426992 2419836 7156 0
1785389793136 2426992 2419836 7156 0
1785389793193 2426992 2419836 7156 0
1785389793250 2426992 2419836 7156 0
1785389793306 2426992 2419836 7156 0
1785389793362 2426848 2419696 7152 0
1785389793420 2470008 2462852 7156 0
1785389793530 2470008 2462852 7156 0
1785389793587 2470008 2462852 7156 0
1785389793646 2482528 2475376 7152 0
1785389793706 2498068 2490912 7156 0
1785389793907 2498068 2490912 7156 0
1785389793965 2498068 2490912 7156 0
1785389794025 2498068 2490912 7156 0
1785389794083 2498068 2490912 7156 0
1785389794142 2498068 2490912 7156 0
1785389794201 2498068 2490912 7156 0
1785389794258 2498068 2490912 7156 0
1785389794316 2498068 2490912 7156 0
1785389794375 2498068 2490912 7156 0
1785389794436 2498068 2490912 7156 0
1785389794497 2498068 2490912 7156 0
1785389794556 2500116 2492960 7156 0
1785389794668 2500116 2492960 7156 0
1785389794726 2500116 2492960 7156 0
1785389794785 2500116 2492960 7156 0
1785389794845 2502164 2495008 7156 0
1785389795003 2502164 2495008 7156 0
1785389795060 2502164 2495008 7156 0
1785389795119 2502164 2495008 7156 0
1785389795178 2502164 2495008 7156 0
1785389795237 2502164 2495008 7156 0
1785389795296 2506260 2499104 7156 0
1785389795406 2506260 2499104 7156 0
1785389795461 2506260 2499104 7156 0
1785389795517 2506260 2499104 7156 0
1785389795573 2506260 2499104 7156 0
1785389795629 2506260 2499104 7156 0
1785389795685 2506260 2499104 7156 0
1785389795743 2506260 2499104 7156 0
1785389795801 2510356 2503200 7156 0
1785389795962 2510356 2503200 7156 0
1785389796021 2127304 2120148 7156 0
1785389796073 2127304 2120148 7156 0
1785389796122 2129352 2122196 7156 0
1785389796172 2129352 2122196 7156 0
1785389796223 2129352 2122196 7156 0
1785389796272 2129352 2122196 7156 0
1785389796321 2131400 2124244 7156 0
1785389796374 2131400 2124244 7156 0
1785389796424 2131400 2124244 7156 0
1785389796474 2131400 2124244 7156 0
1785389796527 2131400 2124244 7156 0
1785389796577 2133448 2126292 7156 0
1785389796628 2133448 2126292 7156 0
1785389796678 2133448 2126292 7156 0
1785389796728 2133448 2126292 7156 0
1785389796778 2133448 2126292 7156 0
1785389796827 2135496 2128340 7156 0
1785389796875 2135496 2128340 7156 0
1785389796926 2135496 2128340 7156 0
1785389796976 2135496 2128340 7156 0
1785389797027 2135496 2128340 7156 0
1785389797078 2137544 2130388 7156 0
1785389797128 2137544 2130388 7156 0
1785389797180 2137544 2130388 7156 0
1785389797229 2137544 2130388 7156 0
1785389797279 2137544 2130388 7156 0
1785389797329 2139592 2132436 7156 0
1785389797380 2139592 2132436 7156 0
1785389797429 2139592 2132436 7156 0
1785389797481 2139592 2132436 7156 0
1785389797531 2141640 2134484 7156 0
1785389797581 2141640 2134484 7156 0
1785389797631 2141640 2134484 7156 0
1785389797682 2141640 2134484 7156 0
1785389797732 2141640 2134484 7156 0
1785389797782 2143688 2136532 7156 0
1785389797834 2143688 2136532 7156 0
1785389797885 2143688 2136532 7156 0
1785389797935 2143688 2136532 7156 0
1785389797985 2143688 2136532 7156 0
1785389798035 2143688 2136532 7156 0
1785389798086 2145736 2138580 7156 0
1785389798136 2145736 2138580 7156 0
1785389798186 2145736 2138580 7156 0
1785389798236 2145736 2138580 7156 0
1785389798288 2145736 2138580 7156 0
1785389798340 2145736 2138580 7156 0
1785389798393 2145736 2138580 7156 0
1785389798445 2145736 2138580 7156 0
1785389798495 2147784 2140628 7156 0
1785389798546 2147784 2140628 7156 0
1785389798596 2147784 2140628 7156 0
1785389798650 2147784 2140628 7156 0
1785389798700 2147784 2140628 7156 0
1785389798751 2149832 2142676 7156 0
1785389798805 2149832 2142676 7156 0
1785389798857 2149832 2142676 7156 0
1785389798908 2149832 2142676 7156 0
1785389798961 2149832 2142676 7156 0
1785389799014 2149832 2142676 7156 0
1785389799068 2149832 2142676 7156 0
1785389799119 2149832 2142676 7156 0
1785389799173 2149832 2142676 7156 0
1785389799228 2155976 2148820 7156 0
1785389799278 2155976 2148820 7156 0
1785389799330 2155976 2148820 7156 0
1785389799381 2155976 2148820 7156 0
1785389799432 2155976 2148820 7156 0
1785389799483 2155976 2148820 7156 0
1785389799536 2155832 2148680 7152 0
1785389799585 2193716 2186564 7152 0
1785389799637 1492528 1486544 5984 0
1785389799688 1524996 1518196 6800 0
1785389799737 1542156 1535356 6800 0
1785389799790 1570312 1565364 4948 0
1785389799839 511936 507360 4576 0
1785389799863 513944 507388 6556 0
1785389799886 511936 507360 4576 0
1785389799908 2471228 2468648 2580 0
1785389799963 2488320 2481164 7156 0
1785389800020 2488320 2481164 7156 0
1785389800079 2488320 2481164 7156 0
1785389800136 2501608 2494456 7152 0
1785389800195 2517112 2509956 7156 0
1785389800339 2516968 2509816 7152 0
1785389800390 2480244 2473088 7156 0
1785389800444 2480244 2473088 7156 0
1785389800495 2480244 2473088 7156 0
1785389800548 2480244 2473088 7156 0
1785389800601 2480244 2473088 7156 0
1785389800657 2486388 2479232 7156 0
1785389800714 2486388 2479232 7156 0
1785389800770 2486388 2479232 7156 0
1785389800826 2486388 2479232 7156 0
1785389800882 2486388 2479232 7156 0
1785389800939 2486388 2479232 7156 0
1785389800994 2486388 2479232 7156 0
1785389801050 2529252 2522100 7152 0
1785389801105 2529256 2522104 7152 0
1785389801266 2529404 2522248 7156 0
1785389801379 2537272 2534692 2580 0
1785389801494 2556244 2549088 7156 0
1785389801696 2556244 2549088 7156 0
1785389801756 2556244 2549088 7156 0
1785389801815 2556244 2549088 7156 0
1785389801874 2556244 2549088 7156 0
1785389801932 2556244 2549088 7156 0
1785389801988 2556244 2549088 7156 0
1785389802044 2556244 2549088 7156 0
1785389802099 2556244 2549088 7156 0
1785389802158 2556244 2549088 7156 0
1785389802216 2556244 2549088 7156 0
1785389802276 2556244 2549088 7156 0
1785389802337 2556244 2549088 7156 0
1785389802396 2639388 2632232 7156 0
1785389802601 2559512 2552356 7156 0
1785389802657 2559512 2552356 7156 0
1785389802713 2559512 2552356 7156 0
1785389802767 2564508 2557352 7156 0
1785389802824 2720156 2713000 7156 0
1785389803020 2824604 2817448 7156 0
1785389803197 2824604 2817448 7156 0
1785389803250 2824604 2817448 7156 0
1785389803303 2824604 2817448 7156 0
1785389803355 2753660 2746504 7156 0
1785389803408 2753660 2746504 7156 0
1785389803463 2753660 2746504 7156 0
1785389803523 2753660 2746504 7156 0
1785389803581 2753660 2746504 7156 0
1785389803637 2753660 2746504 7156 0
1785389803695 2759804 2752648 7156 0
1785389803752 2759804 2752648 7156 0
1785389803808 2759804 2752648 7156 0
1785389803863 2759804 2752648 7156 0
1785389803919 2759804 2752648 7156 0
1785389803975 2759804 2752648 7156 0
1785389804031 2759804 2752648 7156 0
1785389804085 2759804 2752648 7156 0
1785389804142 2759804 2752648 7156 0
1785389804198 2767996 2760840 7156 0
1785389804250 2767996 2760840 7156 0
1785389804303 2767996 2760840 7156 0
1785389804356 2767996 2760840 7156 0
1785389804409 2532060 2524904 7156 0
1785389804461 2531916 2524764 7152 0
1785389804514 2265208 2258052 7156 0
1785389804560 2265208 2258052 7156 0
1785389804608 2265208 2258052 7156 0
1785389804652 2267256 2260100 7156 0
1785389804697 2267256 2260100 7156 0
1785389804742 2267256 2260100 7156 0
1785389804785 2267256 2260100 7156 0
1785389804831 2267256 2260100 7156 0
1785389804873 2271352 2264196 7156 0
1785389804917 2271352 2264196 7156 0
1785389804964 2271352 2264196 7156 0
1785389805006 2271352 2264196 7156 0
1785389805051 2271352 2264196 7156 0
1785389805098 2271352 2264196 7156 0
1785389805143 2273400 2266244 7156 0
1785389805188 2273400 2266244 7156 0
1785389805232 2273400 2266244 7156 0
1785389805277 2273400 2266244 7156 0
1785389805323 2273400 2266244 7156 0
1785389805367 2275448 2268292 7156 0
1785389805412 2277496 2270340 7156 0
1785389805459 2277496 2270340 7156 0
1785389805504 2277496 2270340 7156 0
1785389805548 2277496 2270340 7156 0
1785389805595 2277496 2270340 7156 0
1785389805640 2277496 2270340 7156 0
1785389805685 2279544 2272388 7156 0
1785389805729 2279544 2272388 7156 0
1785389805772 2279544 2272388 7156 0
1785389805817 2279544 2272388 7156 0
1785389805863 2281592 2274436 7156 0
1785389805908 2281592 2274436 7156 0
1785389805954 2283640 2276484 7156 0
1785389805999 2283640 2276484 7156 0
1785389806044 2283640 2276484 7156 0
1785389806088 2283640 2276484 7156 0
1785389806133 2285688 2278532 7156 0
1785389806181 2285688 2278532 7156 0
1785389806228 2285688 2278532 7156 0
1785389806272 2285688 2278532 7156 0
1785389806317 2285688 2278532 7156 0
1785389806360 2287736 2280580 7156 0
1785389806406 2287736 2280580 7156 0
1785389806451 2287736 2280580 7156 0
1785389806496 2289784 2282628 7156 0
1785389806541 2289784 2282628 7156 0
1785389806586 2289784 2282628 7156 0
1785389806631 2289784 2282628 7156 0
1785389806678 2289784 2282628 7156 0
1785389806724 2291832 2284676 7156 0
1785389806771 2291832 2284676 7156 0
1785389806817 2291832 2284676 7156 0
1785389806863 2291832 2284676 7156 0
1785389806907 2293880 2286724 7156 0
1785389806954 2293880 2286724 7156 0
1785389806999 2293880 2286724 7156 0
1785389807044 2293880 2286724 7156 0
1785389807089 2295928 2288772 7156 0
1785389807136 2295928 2288772 7156 0
1785389807182 2295928 2288772 7156 0
1785389807227 2295928 2288772 7156 0
1785389807272 2295928 2288772 7156 0
1785389807317 2295928 2288772 7156 0
1785389807363 2295928 2288772 7156 0
1785389807409 2295928 2288772 7156 0
1785389807454 2295928 2288772 7156 0
1785389807500 2295928 2288772 7156 0
1785389807544 2295928 2288772 7156 0
1785389807591 2295928 2288772 7156 0
1785389807637 2302072 2294916 7156 0
1785389807681 2302072 2294916 7156 0
1785389807726 2302072 2294916 7156 0
1785389807771 2302072 2294916 7156 0
1785389807816 2302072 2294916 7156 0
1785389807860 2302072 2294916 7156 0
1785389807904 2338092 2330940 7152 0
1785389807950 2361496 2354344 7152 0
1785389807994 1624352 1617552 6800 0
1785389808039 850708 844152 6556 0
1785389808063 1666444 1661624 4820 0
1785389808107 848712 844136 4576 0
1785389808131 2525936 2518784 7152 0
1785389808183 2562952 2555796 7156 0
1785389808232 2562952 2555796 7156 0
1785389808284 2562952 2555796 7156 0
1785389808335 2563340 2556184 7156 0
1785389808389 2569024 2566184 2840 0
1785389808437 2597888 2590732 7156 0
1785389808487 2597888 2590732 7156 0
1785389808536 2561020 2553864 7156 0
1785389808589 2561020 2553864 7156 0
1785389808640 2561020 2553864 7156 0
1785389808692 2561020 2553864 7156 0
1785389808745 2561020 2553864 7156 0
1785389808797 2567164 2560008 7156 0
1785389808848 2567164 2560008 7156 0
1785389808900 2567164 2560008 7156 0
1785389808950 2567164 2560008 7156 0
1785389809000 2567164 2560008 7156 0
1785389809050 2567164 2560008 7156 0
1785389809102 2567164 2560008 7156 0
1785389809154 2567020 2559868 7152 0
1785389809204 2610180 2603024 7156 0
1785389809254 2610180 2603024 7156 0
1785389809307 2610180 2603024 7156 0
1785389809359 2610180 2603024 7156 0
1785389809410 2624192 2621612 2580 0
1785389809462 2644380 2637224 7156 0
1785389809516 2644380 2637224 7156 0
1785389809569 2644380 2637224 7156 0
1785389809622 2644380 2637224 7156 0
1785389809675 2644380 2637224 7156 0
1785389809728 2644380 2637224 7156 0
1785389809780 2644380 2637224 7156 0
1785389809832 2644380 2637224 7156 0
1785389809882 2644380 2637224 7156 0
1785389809934 2644380 2637224 7156 0
1785389809987 2644380 2637224 7156 0
1785389810039 2644380 2637224 7156 0
1785389810092 2644380 2637224 7156 0
1785389810146 2644380 2637224 7156 0
1785389810199 2646428 2639272 7156 0
1785389810250 2646428 2639272 7156 0
1785389810303 2646428 2639272 7156 0
1785389810354 2650524 2643368 7156 0
1785389810404 2650524 2643368 7156 0
1785389810457 2338936 2331780 7156 0
1785389810502 2338936 2331780 7156 0
1785389810546 2338936 2331780 7156 0
1785389810593 2338936 2331780 7156 0
1785389810639 2338936 2331780 7156 0
1785389810686 2338936 2331780 7156 0
1785389810732 2338936 2331780 7156 0
1785389810776 2343032 2335876 7156 0
1785389810821 2343032 2335876 7156 0
1785389810866 2343032 2335876 7156 0
1785389810911 2343032 2335876 7156 0
1785389810957 2343032 2335876 7156 0
1785389811003 2343032 2335876 7156 0
1785389811048 2343032 2335876 7156 0
1785389811093 2343032 2335876 7156 0
1785389811137 2361344 2354188 7156 0
1785389811182 2361344 2354188 7156 0
1785389811227 2361344 2354188 7156 0
1785389811273 2383352 2376196 7156 0
1785389811319 2383352 2376196 7156 0
1785389811361 2383352 2376196 7156 0
1785389811407 2383352 2376196 7156 0
1785389811455 2383352 2376196 7156 0
1785389811500 2383352 2376196 7156 0
1785389811546 2385400 2378244 7156 0
1785389811588 2385400 2378244 7156 0
1785389811632 2385400 2378244 7156 0
1785389811678 2385400 2378244 7156 0
1785389811723 2387448 2380292 7156 0
1785389811771 2387448 2380292 7156 0
1785389811817 2389496 2382340 7156 0
1785389811863 2389496 2382340 7156 0
1785389811909 2389496 2382340 7156 0
1785389811953 2389496 2382340 7156 0
1785389812000 2389496 2382340 7156 0
1785389812045 2391544 2384388 7156 0
1785389812091 2391544 2384388 7156 0
1785389812138 2391544 2384388 7156 0
1785389812186 2391544 2384388 7156 0
1785389812231 2391544 2384388 7156 0
1785389812277 2393592 2386436 7156 0
1785389812323 2395640 2388484 7156 0
1785389812369 2395640 2388484 7156 0
1785389812414 2395640 2388484 7156 0
1785389812460 2395640 2388484 7156 0
1785389812503 2395640 2388484 7156 0
1785389812549 2395640 2388484 7156 0
1785389812593 2397688 2390532 7156 0
1785389812637 2397688 2390532 7156 0
1785389812683 2397688 2390532 7156 0
1785389812728 2397688 2390532 7156 0
1785389812775 2397688 2390532 7156 0
1785389812821 2399736 2392580 7156 0
1785389812865 2399736 2392580 7156 0
1785389812912 2399736 2392580 7156 0
1785389812956 2401784 2394628 7156 0
1785389813002 2401784 2394628 7156 0
1785389813045 2401784 2394628 7156 0
1785389813090 2403832 2396676 7156 0
1785389813133 2403832 2396676 7156 0
1785389813179 2403832 2396676 7156 0
1785389813225 2403832 2396676 7156 0
1785389813270 2403832 2396676 7156 0
1785389813315 2405880 2398724 7156 0
1785389813359 2405880 2398724 7156 0
1785389813403 2405880 2398724 7156 0
1785389813449 2407928 2400772 7156 0
1785389813493 2407928 2400772 7156 0
1785389813539 2407928 2400772 7156 0
1785389813584 2409976 2402820 7156 0
1785389813629 2409976 2402820 7156 0
1785389813674 2409976 2402820 7156 0
1785389813718 2409976 2402820 7156 0
1785389813764 2409976 2402820 7156 0
1785389813808 2409976 2402820 7156 0
1785389813853 2414072 2406916 7156 0
1785389813901 2414072 2406916 7156 0
1785389813948 2414072 2406916 7156 0
1785389813994 2414072 2406916 7156 0
1785389814040 2414072 2406916 7156 0
1785389814085 2414072 2406916 7156 0
1785389814130 2414072 2406916 7156 0
1785389814176 2416120 2408964 7156 0
1785389814222 2416120 2408964 7156 0
1785389814269 2416120 2408964 7156 0
1785389814314 2416120 2408964 7156 0
1785389814358 2416120 2408964 7156 0
1785389814406 2416120 2408964 7156 0
1785389814452 2416120 2408964 7156 0
1785389814499 2416120 2408964 7156 0
1785389814543 2416120 2408964 7156 0
1785389814588 2416120 2408964 7156 0
1785389814636 2416120 2408964 7156 0
1785389814683 2422264 2415108 7156 0
1785389814727 2422264 2415108 7156 0
1785389814773 2422264 2415108 7156 0
1785389814817 2422264 2415108 7156 0
1785389814862 2422264 2415108 7156 0
1785389814908 2422264 2415108 7156 0
1785389814953 2422264 2415108 7156 0
1785389814998 2422264 2415108 7156 0
1785389815043 2422120 2414968 7152 0
1785389815087 2459128 2451972 7156 0
1785389815133 939172 932304 6868 0
1785389815156 2501584 2498756 2828 0
1785389815202 1751020 1745456 5564 0
1785389815244 938780 932224 6556 0
1785389815268 2586736 2579584 7152 0
1785389815317 2651016 2643860 7156 0
1785389815367 2651016 2643860 7156 0
1785389815418 2651016 2643860 7156 0
1785389815469 2650872 2643720 7152 0
1785389815518 2685952 2678796 7156 0
1785389815568 2685952 2678796 7156 0
1785389815620 2649084 2641928 7156 0
1785389815672 2649084 2641928 7156 0
1785389815723 2649084 2641928 7156 0
1785389815773 2649084 2641928 7156 0
1785389815826 2649084 2641928 7156 0
1785389815877 2655228 2648072 7156 0
1785389815927 2655228 2648072 7156 0
1785389815977 2655228 2648072 7156 0
1785389816027 2655228 2648072 7156 0
1785389816078 2655228 2648072 7156 0
1785389816128 2655228 2648072 7156 0
1785389816178 2655228 2648072 7156 0
1785389816228 2655228 2648072 7156 0
1785389816278 2673516 2666364 7152 0
1785389816327 2698244 2691088 7156 0
1785389816377 2698244 2691088 7156 0
1785389816429 2698244 2691088 7156 0
1785389816481 2698244 2691088 7156 0
1785389816530 2698100 2690948 7152 0
1785389816581 2732444 2725288 7156 0
1785389816633 2732444 2725288 7156 0
1785389816684 2732444 2725288 7156 0
1785389816736 2732444 2725288 7156 0
1785389816789 2732444 2725288 7156 0
1785389816839 2732444 2725288 7156 0
1785389816892 2732444 2725288 7156 0
1785389816944 2732444 2725288 7156 0
1785389816995 2732444 2725288 7156 0
1785389817046 2732444 2725288 7156 0
1785389817098 2732444 2725288 7156 0
1785389817149 2732444 2725288 7156 0
1785389817201 2732444 2725288 7156 0
1785389817253 2732444 2725288 7156 0
1785389817306 2732444 2725288 7156 0
1785389817358 2734492 2727336 7156 0
1785389817410 2734492 2727336 7156 0
1785389817461 2734492 2727336 7156 0
1785389817511 2734492 2727336 7156 0
1785389817562 2738588 2731432 7156 0
1785389817612 2738444 2731292 7152 0
1785389817664 2667644 2660488 7156 0
1785389817714 2667644 2660488 7156 0
1785389817763 2667644 2660488 7156 0
1785389817815 2667644 2660488 7156 0
1785389817866 2667644 2660488 7156 0
1785389817918 2667644 2660488 7156 0
1785389817969 2671740 2664584 7156 0
1785389818019 2671740 2664584 7156 0
1785389818069 2671740 2664584 7156 0
1785389818120 2671740 2664584 7156 0
1785389818169 2671740 2664584 7156 0
1785389818219 2671740 2664584 7156 0
1785389818270 2671740 2664584 7156 0
1785389818321 2671740 2664584 7156 0
1785389818372 2671740 2664584 7156 0
1785389818421 2671740 2664584 7156 0
1785389818472 2671740 2664584 7156 0
1785389818524 2675836 2668680 7156 0
1785389818576 2679932 2672776 7156 0
1785389818626 2679932 2672776 7156 0
1785389818679 2679932 2672776 7156 0
1785389818731 2679788 2672636 7152 0
1785389818782 2439288 2432132 7156 0
1785389818827 2441336 2434180 7156 0
1785389818870 2441336 2434180 7156 0
1785389818914 2443384 2436228 7156 0
1785389818959 2443384 2436228 7156 0
1785389819005 2443384 2436228 7156 0
1785389819051 2443384 2436228 7156 0
1785389819099 2443384 2436228 7156 0
1785389819144 2445432 2438276 7156 0
1785389819189 2445432 2438276 7156 0
1785389819235 2445432 2438276 7156 0
1785389819278 2445432 2438276 7156 0
1785389819324 2445432 2438276 7156 0
1785389819370 2445432 2438276 7156 0
1785389819415 2449528 2442372 7156 0
1785389819458 2449528 2442372 7156 0
1785389819503 2449528 2442372 7156 0
1785389819549 2449528 2442372 7156 0
1785389819594 2449528 2442372 7156 0
1785389819638 2451576 2444420 7156 0
1785389819685 2451576 2444420 7156 0
1785389819730 2451576 2444420 7156 0
1785389819774 2451576 2444420 7156 0
1785389819818 2451576 2444420 7156 0
1785389819862 2451576 2444420 7156 0
1785389819909 2453624 2446468 7156 0
1785389819953 2453624 2446468 7156 0
1785389819999 2455672 2448516 7156 0
1785389820043 2455672 2448516 7156 0
1785389820088 2455672 2448516 7156 0
1785389820133 2455672 2448516 7156 0
1785389820177 2457720 2450564 7156 0
1785389820221 2457720 2450564 7156 0
1785389820265 2457720 2450564 7156 0
1785389820310 2457720 2450564 7156 0
1785389820355 2459768 2452612 7156 0
1785389820398 2459768 2452612 7156 0
1785389820442 2461816 2454660 7156 0
1785389820486 2461816 2454660 7156 0
1785389820530 2461816 2454660 7156 0
1785389820575 2463864 2456708 7156 0
1785389820621 2463864 2456708 7156 0
1785389820668 2463864 2456708 7156 0
1785389820713 2463864 2456708 7156 0
1785389820758 2463864 2456708 7156 0
1785389820802 2463864 2456708 7156 0
1785389820847 2463864 2456708 7156 0
1785389820892 2463864 2456708 7156 0
1785389820937 2463864 2456708 7156 0
1785389820983 2467960 2460804 7156 0
1785389821030 2467960 2460804 7156 0
1785389821077 2467960 2460804 7156 0
1785389821124 2467960 2460804 7156 0
1785389821170 2470008 2462852 7156 0
1785389821216 2470008 2462852 7156 0
1785389821260 2470008 2462852 7156 0
1785389821306 2474104 2466948 7156 0
1785389821351 2474104 2466948 7156 0
1785389821399 2474104 2466948 7156 0
1785389821444 2474104 2466948 7156 0
1785389821489 2474104 2466948 7156 0
1785389821536 2474104 2466948 7156 0
1785389821583 2474104 2466948 7156 0
1785389821630 2474104 2466948 7156 0
1785389821678 2474104 2466948 7156 0
1785389821725 2474104 2466948 7156 0
1785389821771 2480248 2473092 7156 0
1785389821817 2480248 2473092 7156 0
1785389821863 2480248 2473092 7156 0
1785389821907 2480248 2473092 7156 0
1785389821952 2480248 2473092 7156 0
1785389821997 2480248 2473092 7156 0
1785389822043 2475452 2472872 2580 0
1785389822088 2516968 2509816 7152 0
1785389822131 1026888 1022312 4576 0
1785389822155 1806692 1802040 4652 0
1785389822198 1823524 1817960 5564 0
1785389822243 1854500 1847868 6632 0
1785389822288 1026888 1022312 4576 0
1785389822310 2668740 2666160 2580 0
1785389822358 1792064 1789300 2764 0
1785389822385 2741128 2733972 7156 0
1785389822433 2741128 2733972 7156 0
1785389822484 2741128 2733972 7156 0
1785389822535 2740984 2733832 7152 0
1785389822587 2776064 2768908 7156 0
1785389822638 2775920 2768768 7152 0
1785389822689 2739196 2732040 7156 0
1785389822741 2739196 2732040 7156 0
1785389822792 2739196 2732040 7156 0
1785389822845 2739196 2732040 7156 0
1785389822896 2739196 2732040 7156 0
1785389822948 2745340 2738184 7156 0
1785389822999 2745340 2738184 7156 0
1785389823049 2745340 2738184 7156 0
1785389823099 2745340 2738184 7156 0
1785389823150 2745340 2738184 7156 0
1785389823200 2745340 2738184 7156 0
1785389823250 2745340 2738184 7156 0
1785389823300 2745340 2738184 7156 0
1785389823349 2745196 2738044 7152 0
1785389823399 2788356 2781200 7156 0
1785389823449 2788356 2781200 7156 0
1785389823500 2788356 2781200 7156 0
1785389823554 2788356 2781200 7156 0
1785389823606 2822556 2815400 7156 0
1785389823657 2822556 2815400 7156 0
1785389823709 2822556 2815400 7156 0
1785389823763 2822556 2815400 7156 0
1785389823816 2822556 2815400 7156 0
1785389823867 2822556 2815400 7156 0
1785389823919 2822556 2815400 7156 0
1785389823972 2822556 2815400 7156 0
1785389824022 2822556 2815400 7156 0
1785389824072 2822556 2815400 7156 0
1785389824123 2822556 2815400 7156 0
1785389824177 2822556 2815400 7156 0
1785389824231 2822556 2815400 7156 0
1785389824284 2822556 2815400 7156 0
1785389824337 2822556 2815400 7156 0
1785389824390 2822556 2815400 7156 0
1785389824440 2822556 2815400 7156 0
1785389824490 2822556 2815400 7156 0
1785389824542 2824604 2817448 7156 0
1785389824595 2824604 2817448 7156 0
1785389824648 2824604 2817448 7156 0
1785389824696 2824604 2817448 7156 0
1785389824746 2824604 2817448 7156 0
1785389824799 2824604 2817448 7156 0
1785389824851 2824604 2817448 7156 0
1785389824904 2824604 2817448 7156 0
1785389824958 2824604 2817448 7156 0
1785389825012 2824604 2817448 7156 0
1785389825065 2824604 2817448 7156 0
1785389825117 2824604 2817448 7156 0
1785389825169 2824604 2817448 7156 0
1785389825221 2241720 2234748 6972 0
