# timestamp_ms Rss_kB Anonymous_kB Filemapped_kB Shmem_kB
1785798851780 14770808 14766888 3920 0
1785798852547 16851576 16847656 3920 0
1785798853457 18948728 18944808 3920 0
1785798854378 21052024 21048104 3920 0
1785798855291 23153272 23149352 3920 0
1785798856200 25250424 25246504 3920 0
1785798857115 27351672 27347752 3920 0
1785798857970 29446776 29442856 3920 0
1785798858776 31545976 31542056 3920 0
1785798859588 33641080 33637160 3920 0
1785798860378 35742328 35738408 3920 0
1785798861185 37849720 37845800 3920 0
1785798861977 39942776 39938856 3920 0
1785798862804 42037880 42033960 3920 0
1785798863607 44139128 44135208 3920 0
1785798864417 46246520 46242600 3920 0
1785798865234 48341624 48337704 3920 0
1785798866058 50432632 50428712 3920 0
1785798866867 52527736 52523816 3920 0
1785798867668 54633080 54629160 3920 0
1785798868481 55098292 55094308 3984 0
1785798869094 55098292 55094308 3984 0
1785798869565 55098292 55094308 3984 0
1785798869589 55098292 55094308 3984 0
1785798869613 55098292 55094308 3984 0
1785798869638 55098292 55094308 3984 0
1785798869662 55098292 55094308 3984 0
1785798869685 55098292 55094308 3984 0
1785798869710 55098292 55094308 3984 0
1785798869734 55098292 55094308 3984 0
1785798869758 55098292 55094308 3984 0
1785798869781 55098292 55094308 3984 0
1785798869806 55098292 55094308 3984 0
1785798869830 55098292 55094308 3984 0
1785798869854 55098292 55094308 3984 0
1785798869878 55098292 55094308 3984 0
1785798869902 55098292 55094308 3984 0
1785798869927 55098292 55094308 3984 0
1785798869951 55098292 55094308 3984 0
1785798869975 55098292 55094308 3984 0
1785798870000 55098292 55094308 3984 0
1785798870024 55098292 55094308 3984 0
1785798870048 55098292 55094308 3984 0
1785798870072 55098292 55094308 3984 0
1785798870096 55098292 55094308 3984 0
1785798870120 55098292 55094308 3984 0
1785798870144 55098292 55094308 3984 0
1785798870168 55098292 55094308 3984 0
1785798870193 55098292 55094308 3984 0
1785798870217 55098292 55094308 3984 0
1785798870241 55098292 55094308 3984 0
1785798870265 55098292 55094308 3984 0
1785798870289 55098292 55094308 3984 0
1785798870313 55098292 55094308 3984 0
1785798870337 55098292 55094308 3984 0
1785798870361 55098292 55094308 3984 0
1785798870385 55098292 55094308 3984 0
1785798870409 55098292 55094308 3984 0
1785798870433 55098292 55094308 3984 0
1785798870457 55098292 55094308 3984 0
1785798870482 55098292 55094308 3984 0
1785798870506 55098292 55094308 3984 0
1785798870530 55098292 55094308 3984 0
1785798870554 55098292 55094308 3984 0
1785798870578 55098292 55094308 3984 0
1785798870602 55098292 55094308 3984 0
1785798870628 55098292 55094308 3984 0
1785798870652 55098292 55094308 3984 0
1785798870677 55098292 55094308 3984 0
1785798870701 55098292 55094308 3984 0
1785798870726 55098292 55094308 3984 0
1785798870750 55098292 55094308 3984 0
1785798870774 55098292 55094308 3984 0
1785798870798 55098292 55094308 3984 0
1785798870822 55098292 55094308 3984 0
1785798870847 55098292 55094308 3984 0
1785798870871 55098292 55094308 3984 0
1785798870895 55098292 55094308 3984 0
1785798870919 55098292 55094308 3984 0
1785798870944 55098292 55094308 3984 0
1785798870967 55098292 55094308 3984 0
1785798870992 55098292 55094308 3984 0
1785798871016 55098292 55094308 3984 0
1785798871040 55098292 55094308 3984 0
1785798871065 55098292 55094308 3984 0
1785798871088 55098292 55094308 3984 0
1785798871112 55098292 55094308 3984 0
1785798871136 55098292 55094308 3984 0
1785798871159 55098292 55094308 3984 0
1785798871183 55098292 55094308 3984 0
1785798871208 55098292 55094308 3984 0
1785798871232 55098292 55094308 3984 0
1785798871256 55098292 55094308 3984 0
1785798871280 55098292 55094308 3984 0
1785798871304 55098292 55094308 3984 0
1785798871328 55098292 55094308 3984 0
1785798871354 55098292 55094308 3984 0
1785798871379 55098292 55094308 3984 0
1785798871403 55098292 55094308 3984 0
1785798871428 55098292 55094308 3984 0
1785798871452 55098292 55094308 3984 0
1785798871477 55098292 55094308 3984 0
1785798871502 55098292 55094308 3984 0
1785798871526 55098292 55094308 3984 0
1785798871551 55098292 55094308 3984 0
1785798871575 55098292 55094308 3984 0
1785798871600 55098292 55094308 3984 0
1785798871626 55098292 55094308 3984 0
1785798871651 55098292 55094308 3984 0
1785798871675 55098292 55094308 3984 0
1785798871700 55098292 55094308 3984 0
1785798871724 55098292 55094308 3984 0
1785798871749 55098292 55094308 3984 0
1785798871773 55098292 55094308 3984 0
1785798871797 55098292 55094308 3984 0
1785798871822 55098292 55094308 3984 0
1785798871846 55098292 55094308 3984 0
1785798871871 55098292 55094308 3984 0
1785798871895 55098292 55094308 3984 0
1785798871920 55098292 55094308 3984 0
1785798871944 55098292 55094308 3984 0
1785798871968 55098292 55094308 3984 0
1785798871992 55098292 55094308 3984 0
1785798872017 55098292 55094308 3984 0
1785798872041 55098292 55094308 3984 0
1785798872066 55098292 55094308 3984 0
1785798872090 55098292 55094308 3984 0
1785798872115 55098292 55094308 3984 0
1785798872139 55098292 55094308 3984 0
1785798872163 55098292 55094308 3984 0
1785798872188 55098292 55094308 3984 0
1785798872212 55098292 55094308 3984 0
1785798872236 55098292 55094308 3984 0
1785798872261 55098292 55094308 3984 0
1785798872285 55098292 55094308 3984 0
1785798872310 55098292 55094308 3984 0
1785798872335 55131020 55126772 4248 0
1785798872526 55178108 55173848 4260 0
1785798872583 55208908 55204648 4260 0
1785798872645 55228832 55224572 4260 0
1785798872702 55284164 55279904 4260 0
1785798872759 55317560 55313300 4260 0
1785798872819 55339500 55335240 4260 0
1785798872878 55394832 55390572 4260 0
1785798872937 55403144 55398884 4260 0
1785798872994 55450168 55445908 4260 0
1785798873055 55502048 55497788 4260 0
1785798873113 55505500 55501240 4260 0
1785798873172 55560836 55556576 4260 0
1785798873231 55604556 55600296 4260 0
1785798873292 55616184 55611924 4260 0
1785798873349 55671504 55667244 4260 0
1785798873536 55715256 55710996 4260 0
1785798873594 55726852 55722592 4260 0
1785798873656 55782172 55777912 4260 0
1785798873714 55867164 55864360 2804 0
1785798873784 55859608 55855236 4372 0
1785798873856 55891864 55887488 4376 0
1785798873927 55836216 55832188 4028 0
1785798874002 55842820 55840276 2544 0
1785798874027 120068 115840 4228 0
1785798874047 172640 169156 3484 0
1785798874113 226352 223268 3084 0
1785798874182 280640 277492 3148 0
1785798874258 55764072 55760744 3328 0
1785798874343 394352 391364 2988 0
1785798874426 56205824 56202800 3024 0
1785798874525 502168 500004 2164 0
1785798874771 55764252 55760800 3452 0
1785798874859 4072 2148 1924 0
1785798874940 4072 2148 1924 0
1785798875023 56503184 56499168 4016 0
1785798875135 56510344 56505840 4504 0
1785798875260 56510788 56506272 4516 0
1785798875375 56545428 56538268 7160 0
1785798875492 56545428 56538268 7160 0
1785798875603 56545428 56538268 7160 0
1785798875644 56545428 56538268 7160 0
1785798875684 56545428 56538268 7160 0
1785798875723 56545428 56538268 7160 0
1785798875765 56545428 56538268 7160 0
1785798875804 56545428 56538268 7160 0
1785798875851 56545428 56538268 7160 0
1785798875892 56547476 56540316 7160 0
1785798875934 56547476 56540316 7160 0
1785798876040 56547476 56540316 7160 0
1785798876080 56549524 56542364 7160 0
1785798876122 56549524 56542364 7160 0
1785798876227 56549524 56542364 7160 0
1785798876269 56549524 56542364 7160 0
1785798876310 56549524 56542364 7160 0
1785798876350 56551572 56544412 7160 0
1785798876475 56551572 56544412 7160 0
1785798876515 56551572 56544412 7160 0
1785798876554 56551572 56544412 7160 0
1785798876593 56551608 56544448 7160 0
1785798876696 56551944 56544784 7160 0
1785798876737 56552072 56544912 7160 0
1785798876856 56553120 56545960 7160 0
1785798876984 56553292 56546132 7160 0
1785798877090 56553548 56546388 7160 0
1785798877189 56553644 56546484 7160 0
1785798877290 56553644 56546484 7160 0
1785798877330 56553644 56546484 7160 0
1785798877370 56553644 56546484 7160 0
1785798877411 56553644 56546484 7160 0
1785798877450 56553644 56546484 7160 0
1785798877490 56553644 56546484 7160 0
1785798877529 56553644 56546484 7160 0
1785798877567 56553644 56546484 7160 0
1785798877607 56553644 56546484 7160 0
1785798877647 56553644 56546484 7160 0
1785798877687 56553644 56546484 7160 0
1785798877728 56553644 56546484 7160 0
1785798877768 56553644 56546484 7160 0
1785798877807 56553644 56546484 7160 0
1785798877848 56553644 56546484 7160 0
1785798877889 56553644 56546484 7160 0
1785798877929 56553644 56546484 7160 0
1785798877969 56553644 56546484 7160 0
1785798878007 56553644 56546484 7160 0
1785798878047 56553644 56546484 7160 0
1785798878087 56553644 56546484 7160 0
1785798878127 56553644 56546484 7160 0
1785798878167 56553644 56546484 7160 0
1785798878207 56553644 56546484 7160 0
1785798878246 56553644 56546484 7160 0
1785798878285 56553644 56546484 7160 0
1785798878330 56553644 56546484 7160 0
1785798878378 56553644 56546484 7160 0
1785798878419 56553644 56546484 7160 0
1785798878460 56553644 56546484 7160 0
1785798878500 56553644 56546484 7160 0
1785798878541 56553644 56546484 7160 0
1785798878589 56553644 56546484 7160 0
1785798878629 56553644 56546484 7160 0
1785798878669 56553644 56546484 7160 0
1785798878712 56553644 56546484 7160 0
1785798878754 56553644 56546484 7160 0
1785798878796 56553644 56546484 7160 0
1785798878843 56553644 56546484 7160 0
1785798878884 56553644 56546484 7160 0
1785798878924 56553644 56546484 7160 0
1785798878965 56553644 56546484 7160 0
1785798879006 56553644 56546484 7160 0
1785798879045 56553644 56546484 7160 0
1785798879093 56553644 56546484 7160 0
1785798879142 56553644 56546484 7160 0
1785798879192 56553644 56546484 7160 0
1785798879239 56553644 56546484 7160 0
1785798879279 56553644 56546484 7160 0
1785798879328 56553644 56546484 7160 0
1785798879370 56553644 56546484 7160 0
1785798879418 56553644 56546484 7160 0
1785798879466 56553644 56546484 7160 0
1785798879514 56553644 56546484 7160 0
1785798879562 56608108 56605084 3024 0
1785798879826 863332 857164 6168 0
1785798879956 905996 900064 5932 0
1785798880083 952196 946264 5932 0
1785798880218 56831388 56824228 7160 0
1785798880361 56832012 56824856 7156 0
1785798880492 56792056 56784896 7160 0
1785798880544 56792056 56784896 7160 0
1785798880592 56755188 56748028 7160 0
1785798880646 56755188 56748028 7160 0
1785798880693 56755188 56748028 7160 0
1785798880741 56755188 56748028 7160 0
1785798880789 56755188 56748028 7160 0
1785798880834 56755188 56748028 7160 0
1785798880880 56755188 56748028 7160 0
1785798880924 56755188 56748028 7160 0
1785798880969 56755188 56748028 7160 0
1785798881015 56755188 56748028 7160 0
1785798881069 56755188 56748028 7160 0
1785798881122 56755188 56748028 7160 0
1785798881168 56755188 56748028 7160 0
1785798881221 56755188 56748028 7160 0
1785798881274 56738344 56735368 2976 0
1785798881320 56802500 56798476 4024 0
1785798881376 56864636 56857476 7160 0
1785798881488 56874308 56870716 3592 0
1785798881605 56893428 56886268 7160 0
1785798881724 56893428 56886268 7160 0
1785798881777 56893428 56886268 7160 0
1785798881832 56893428 56886268 7160 0
1785798881886 56893428 56886268 7160 0
1785798881940 56893428 56886268 7160 0
1785798881994 56893428 56886268 7160 0
1785798882049 56893428 56886268 7160 0
1785798882100 56893428 56886268 7160 0
1785798882156 56893428 56886268 7160 0
1785798882207 56893428 56886268 7160 0
1785798882262 56893428 56886268 7160 0
1785798882316 56893428 56886268 7160 0
1785798882370 56893428 56886268 7160 0
1785798882426 56895476 56888316 7160 0
1785798882699 56895476 56888316 7160 0
1785798882755 56895476 56888316 7160 0
1785798882810 56895476 56888316 7160 0
1785798882864 56895476 56888316 7160 0
1785798882912 56895476 56888316 7160 0
1785798882965 56895476 56888316 7160 0
1785798883020 56895476 56888316 7160 0
1785798883074 56895476 56888316 7160 0
1785798883127 56895476 56888316 7160 0
1785798883182 56865296 56858136 7160 0
1785798883229 56865296 56858136 7160 0
1785798883282 56865296 56858136 7160 0
1785798883337 56865296 56858136 7160 0
1785798883393 56865296 56858136 7160 0
1785798883448 56865296 56858136 7160 0
1785798883503 56865152 56857996 7156 0
1785798883561 56787152 56779996 7156 0
1785798883615 56720912 56713752 7160 0
1785798883666 56720912 56713752 7160 0
1785798883719 56720912 56713752 7160 0
1785798883770 56720912 56713752 7160 0
1785798883822 56720912 56713752 7160 0
1785798883873 56720912 56713752 7160 0
1785798883926 56720912 56713752 7160 0
1785798883977 56720912 56713752 7160 0
1785798884027 56720912 56713752 7160 0
1785798884079 56720912 56713752 7160 0
1785798884131 56720912 56713752 7160 0
1785798884175 56720912 56713752 7160 0
1785798884228 56720912 56713752 7160 0
1785798884279 56720912 56713752 7160 0
1785798884330 56720912 56713752 7160 0
1785798884381 56720912 56713752 7160 0
1785798884427 56720912 56713752 7160 0
1785798884479 56720912 56713752 7160 0
1785798884530 56720912 56713752 7160 0
1785798884584 56720912 56713752 7160 0
1785798884635 56720912 56713752 7160 0
1785798884679 56720912 56713752 7160 0
1785798884732 56720912 56713752 7160 0
1785798884784 56720912 56713752 7160 0
1785798884828 56720912 56713752 7160 0
1785798884880 56720912 56713752 7160 0
1785798884932 56720912 56713752 7160 0
1785798884983 56720912 56713752 7160 0
1785798885028 56720912 56713752 7160 0
1785798885080 56720912 56713752 7160 0
1785798885132 56720912 56713752 7160 0
1785798885184 56720912 56713752 7160 0
1785798885229 56720912 56713752 7160 0
1785798885279 56720912 56713752 7160 0
1785798885332 56720912 56713752 7160 0
1785798885385 56720912 56713752 7160 0
1785798885432 56720912 56713752 7160 0
1785798885483 56720912 56713752 7160 0
1785798885526 56720912 56713752 7160 0
1785798885577 56720912 56713752 7160 0
1785798885629 56720912 56713752 7160 0
1785798885681 56720912 56713752 7160 0
1785798885733 56720912 56713752 7160 0
1785798885784 56720912 56713752 7160 0
1785798885835 56720912 56713752 7160 0
1785798885887 56720912 56713752 7160 0
1785798885938 56720912 56713752 7160 0
1785798885989 56720912 56713752 7160 0
1785798886041 56720912 56713752 7160 0
1785798886093 56720912 56713752 7160 0
1785798886145 56720912 56713752 7160 0
1785798886197 56720912 56713752 7160 0
1785798886250 56720912 56713752 7160 0
1785798886302 56720912 56713752 7160 0
1785798886354 56720912 56713752 7160 0
1785798886405 56720912 56713752 7160 0
1785798886456 56720912 56713752 7160 0
1785798886507 56720912 56713752 7160 0
1785798886557 56720912 56713752 7160 0
1785798886609 56720912 56713752 7160 0
1785798886663 56720912 56713752 7160 0
1785798886716 56720912 56713752 7160 0
1785798886768 56720912 56713752 7160 0
1785798886821 56720912 56713752 7160 0
1785798886874 56720912 56713752 7160 0
1785798886924 56720912 56713752 7160 0
1785798886975 56720912 56713752 7160 0
1785798887027 56720912 56713752 7160 0
1785798887078 56720912 56713752 7160 0
1785798887130 56731388 56728364 3024 0
1785798887182 56764820 56760924 3896 0
1785798887236 8128 2180 5948 0
1785798887257 1072916 1068056 4860 0
1785798887304 56862572 56858548 4024 0
1785798887361 56946072 56938912 7160 0
1785798887679 56968724 56961564 7160 0
1785798887910 56968724 56961564 7160 0
1785798888080 56968724 56961564 7160 0
1785798888140 56968724 56961564 7160 0
1785798888198 56968724 56961564 7160 0
1785798888255 56968724 56961564 7160 0
1785798888313 56968724 56961564 7160 0
1785798888370 56968724 56961564 7160 0
1785798888427 56968724 56961564 7160 0
1785798888483 56968724 56961564 7160 0
1785798888539 56968724 56961564 7160 0
1785798888598 56968724 56961564 7160 0
1785798888655 56968724 56961564 7160 0
1785798888711 56968724 56961564 7160 0
1785798888770 56974876 56967716 7160 0
1785798888829 56996756 56989596 7160 0
1785798888993 56996756 56989596 7160 0
1785798889159 56996756 56989596 7160 0
1785798889216 56996756 56989596 7160 0
1785798889273 56996756 56989596 7160 0
1785798889332 56996756 56989596 7160 0
1785798889392 56996756 56989596 7160 0
1785798889452 56996756 56989596 7160 0
1785798889512 56996756 56989596 7160 0
1785798889572 56996756 56989596 7160 0
1785798889633 56996756 56989596 7160 0
1785798889692 56996756 56989596 7160 0
1785798889749 56996756 56989596 7160 0
1785798889808 56996756 56989596 7160 0
1785798889865 56996756 56989596 7160 0
1785798889925 56996756 56989596 7160 0
1785798889985 56996612 56989456 7156 0
1785798890044 56720912 56713752 7160 0
1785798890097 56720912 56713752 7160 0
1785798890147 56720912 56713752 7160 0
1785798890198 56720912 56713752 7160 0
1785798890249 56720912 56713752 7160 0
1785798890301 56720912 56713752 7160 0
1785798890354 56720912 56713752 7160 0
1785798890408 56720912 56713752 7160 0
1785798890461 56720912 56713752 7160 0
1785798890508 56720912 56713752 7160 0
1785798890560 56720912 56713752 7160 0
1785798890613 56720912 56713752 7160 0
1785798890666 56720912 56713752 7160 0
1785798890720 56720912 56713752 7160 0
1785798890773 56720912 56713752 7160 0
1785798890826 56720912 56713752 7160 0
1785798890878 56720912 56713752 7160 0
1785798890932 56720912 56713752 7160 0
1785798890982 56720912 56713752 7160 0
1785798891033 56720912 56713752 7160 0
1785798891085 56720912 56713752 7160 0
1785798891138 56720912 56713752 7160 0
1785798891189 56720912 56713752 7160 0
1785798891241 56720912 56713752 7160 0
1785798891293 56720912 56713752 7160 0
1785798891344 56720912 56713752 7160 0
1785798891396 56720912 56713752 7160 0
1785798891447 56720912 56713752 7160 0
1785798891499 56720912 56713752 7160 0
1785798891551 56720912 56713752 7160 0
1785798891602 56720912 56713752 7160 0
1785798891655 56720912 56713752 7160 0
1785798891703 56720912 56713752 7160 0
1785798891755 56720912 56713752 7160 0
1785798891807 56720912 56713752 7160 0
1785798891859 56720912 56713752 7160 0
1785798891911 56720912 56713752 7160 0
1785798891964 56720912 56713752 7160 0
1785798892017 56720912 56713752 7160 0
1785798892068 56720912 56713752 7160 0
1785798892119 56720912 56713752 7160 0
1785798892173 56720912 56713752 7160 0
1785798892226 56720912 56713752 7160 0
1785798892278 56720912 56713752 7160 0
1785798892330 56720912 56713752 7160 0
1785798892382 56720912 56713752 7160 0
1785798892434 56720912 56713752 7160 0
1785798892487 56720912 56713752 7160 0
1785798892539 56720912 56713752 7160 0
1785798892592 56720912 56713752 7160 0
1785798892646 56720912 56713752 7160 0
1785798892697 56720912 56713752 7160 0
1785798892749 56720912 56713752 7160 0
1785798892801 56720912 56713752 7160 0
1785798892854 56720912 56713752 7160 0
1785798892905 56720912 56713752 7160 0
1785798892961 56720912 56713752 7160 0
1785798893014 56720912 56713752 7160 0
1785798893065 56720912 56713752 7160 0
1785798893111 56720912 56713752 7160 0
1785798893163 56720912 56713752 7160 0
1785798893218 56720912 56713752 7160 0
1785798893271 56720912 56713752 7160 0
1785798893324 56720912 56713752 7160 0
1785798893376 56720912 56713752 7160 0
1785798893422 56720912 56713752 7160 0
1785798893474 56720912 56713752 7160 0
1785798893528 56720912 56713752 7160 0
1785798893581 56720912 56713752 7160 0
1785798893634 56720912 56713752 7160 0
1785798893687 56720912 56713752 7160 0
1785798893739 56720912 56713752 7160 0
1785798893793 56720912 56713752 7160 0
1785798893846 56720912 56713752 7160 0
1785798893900 56720912 56713752 7160 0
1785798893953 56720912 56713752 7160 0
1785798894006 56720912 56713752 7160 0
1785798894060 56720912 56713752 7160 0
1785798894114 56720912 56713752 7160 0
1785798894164 56720912 56713752 7160 0
1785798894216 56720912 56713752 7160 0
1785798894268 56720912 56713752 7160 0
1785798894320 6764 2148 4616 0
1785798894340 1012888 1007284 5604 0
1785798894384 55763780 55760748 3032 0
1785798894414 56857920 56854428 3492 0
1785798894474 56919132 56915696 3436 0
1785798894535 1158632 1151708 6924 0
1785798894585 8728 2172 6556 0
1785798894605 57028512 57024496 4016 0
1785798894946 57081080 57077384 3696 0
1785798895124 57142688 57135528 7160 0
1785798895280 57165336 57158176 7160 0
1785798895458 57165192 57158036 7156 0
1785798895523 57128468 57121308 7160 0
1785798895589 57128468 57121308 7160 0
1785798895655 57128468 57121308 7160 0
1785798895719 57128468 57121308 7160 0
1785798895782 57128468 57121308 7160 0
1785798895845 57128468 57121308 7160 0
1785798895907 57128468 57121308 7160 0
1785798895970 57128468 57121308 7160 0
1785798896035 57128468 57121308 7160 0
1785798896097 57128468 57121308 7160 0
1785798896159 57143140 57139548 3592 0
1785798896220 57171340 57164184 7156 0
1785798896371 57193364 57186204 7160 0
1785798896560 57193364 57186204 7160 0
1785798896741 57193364 57186204 7160 0
1785798896808 57193364 57186204 7160 0
1785798896874 57193364 57186204 7160 0
1785798896940 57193364 57186204 7160 0
1785798897005 57193364 57186204 7160 0
1785798897071 57193364 57186204 7160 0
1785798897136 57193364 57186204 7160 0
1785798897197 57193364 57186204 7160 0
1785798897258 57193364 57186204 7160 0
1785798897321 57193364 57186204 7160 0
1785798897384 57193364 57186204 7160 0
1785798897449 57193364 57186204 7160 0
1785798897514 57193364 57186204 7160 0
1785798897580 57193364 57186204 7160 0
1785798897646 57193364 57186204 7160 0
1785798897707 57193364 57186204 7160 0
1785798897769 57193364 57186204 7160 0
1785798897831 57193364 57186204 7160 0
1785798897894 57193364 57186204 7160 0
1785798897949 57193364 57186204 7160 0
1785798898013 57193364 57186204 7160 0
1785798898077 57193364 57186204 7160 0
1785798898143 57193364 57186204 7160 0
1785798898211 57193364 57186204 7160 0
1785798898279 57188520 57185976 2544 0
1785798898346 56908648 56901488 7160 0
1785798898407 56908648 56901488 7160 0
1785798898465 56908648 56901488 7160 0
1785798898523 56908648 56901488 7160 0
1785798898580 56908648 56901488 7160 0
1785798898638 56908648 56901488 7160 0
1785798898696 56908648 56901488 7160 0
1785798898754 56908648 56901488 7160 0
1785798898812 56908648 56901488 7160 0
1785798898870 56908648 56901488 7160 0
1785798898927 56908648 56901488 7160 0
1785798898985 56908648 56901488 7160 0
1785798899043 56908648 56901488 7160 0
1785798899100 56908648 56901488 7160 0
1785798899159 56908648 56901488 7160 0
1785798899218 56908648 56901488 7160 0
1785798899276 56908648 56901488 7160 0
1785798899334 56908648 56901488 7160 0
1785798899391 56908648 56901488 7160 0
1785798899449 56908648 56901488 7160 0
1785798899507 56908648 56901488 7160 0
1785798899565 56908648 56901488 7160 0
1785798899622 56908648 56901488 7160 0
1785798899680 56908648 56901488 7160 0
1785798899730 56908648 56901488 7160 0
1785798899787 56908648 56901488 7160 0
1785798899838 56908648 56901488 7160 0
1785798899896 56908648 56901488 7160 0
1785798899953 56908648 56901488 7160 0
1785798900011 56908648 56901488 7160 0
1785798900068 56908648 56901488 7160 0
1785798900126 56908648 56901488 7160 0
1785798900174 56908648 56901488 7160 0
1785798900232 56908648 56901488 7160 0
1785798900289 56908648 56901488 7160 0
1785798900340 56908648 56901488 7160 0
1785798900398 56908648 56901488 7160 0
1785798900450 56908648 56901488 7160 0
1785798900508 56908648 56901488 7160 0
1785798900566 56908648 56901488 7160 0
1785798900616 56908648 56901488 7160 0
1785798900673 56908648 56901488 7160 0
1785798900733 56908648 56901488 7160 0
1785798900783 56908648 56901488 7160 0
1785798900841 56908648 56901488 7160 0
1785798900900 56908648 56901488 7160 0
1785798900951 56908648 56901488 7160 0
1785798901008 56908648 56901488 7160 0
1785798901069 56908648 56901488 7160 0
1785798901129 56908648 56901488 7160 0
1785798901187 56908648 56901488 7160 0
1785798901246 56908648 56901488 7160 0
1785798901306 56908648 56901488 7160 0
1785798901365 56908648 56901488 7160 0
1785798901425 56908648 56901488 7160 0
1785798901487 56720912 56713752 7160 0
1785798901542 56720912 56713752 7160 0
1785798901598 56720912 56713752 7160 0
1785798901651 56720912 56713752 7160 0
1785798901701 56720912 56713752 7160 0
1785798901755 56720912 56713752 7160 0
1785798901807 56720912 56713752 7160 0
1785798901862 56720912 56713752 7160 0
1785798901917 56745624 56742648 2976 0
1785798901973 8100 2160 5940 0
1785798901993 6764 2148 4616 0
1785798902013 1099844 1094984 4860 0
1785798902064 56926240 56923224 3016 0
1785798902123 8740 2180 6560 0
1785798902144 56991260 56987404 3856 0
1785798902208 1228880 1224204 4676 0
1785798902260 1264140 1257960 6180 0
1785798902314 57133244 57129228 4016 0
1785798902378 57142544 57135388 7156 0
1785798902434 57155976 57148820 7156 0
1785798902499 57165336 57158176 7160 0
1785798902564 57165192 57158036 7156 0
1785798902631 57128468 57121308 7160 0
1785798902697 57128468 57121308 7160 0
1785798902764 57128468 57121308 7160 0
1785798902829 57128468 57121308 7160 0
1785798902893 57128468 57121308 7160 0
1785798902956 57128468 57121308 7160 0
1785798903021 57128468 57121308 7160 0
1785798903084 57128468 57121308 7160 0
1785798903149 57128468 57121308 7160 0
1785798903212 57128468 57121308 7160 0
1785798903275 57143608 57139592 4016 0
1785798903338 57171484 57164324 7160 0
1785798903393 57193364 57186204 7160 0
1785798903456 57193364 57186204 7160 0
1785798903522 57193364 57186204 7160 0
1785798903590 57193364 57186204 7160 0
1785798903656 57193364 57186204 7160 0
1785798903720 57193364 57186204 7160 0
1785798903787 57193364 57186204 7160 0
1785798903851 57193364 57186204 7160 0
1785798903914 57193364 57186204 7160 0
1785798903972 57193364 57186204 7160 0
1785798904027 57193364 57186204 7160 0
1785798904088 57193364 57186204 7160 0
1785798904153 57193364 57186204 7160 0
1785798904208 57193364 57186204 7160 0
1785798904274 57193364 57186204 7160 0
1785798904341 57193364 57186204 7160 0
1785798904405 57193364 57186204 7160 0
1785798904467 57193364 57186204 7160 0
1785798904521 57193364 57186204 7160 0
1785798904584 57193364 57186204 7160 0
1785798904648 57193364 57186204 7160 0
1785798904711 57193364 57186204 7160 0
1785798904774 57193364 57186204 7160 0
1785798904838 57193364 57186204 7160 0
1785798904897 57193364 57186204 7160 0
1785798904964 57193364 57186204 7160 0
1785798905030 57193364 57186204 7160 0
1785798905094 57193364 57186204 7160 0
1785798905161 57193364 57186204 7160 0
1785798905226 57006480 56999320 7160 0
1785798905289 56760368 56753208 7160 0
1785798905342 56760368 56753208 7160 0
1785798905399 56760368 56753208 7160 0
1785798905454 56760368 56753208 7160 0
1785798905510 56760368 56753208 7160 0
1785798905563 56760368 56753208 7160 0
1785798905610 56760368 56753208 7160 0
1785798905662 56760368 56753208 7160 0
1785798905706 56760368 56753208 7160 0
1785798905761 56760368 56753208 7160 0
1785798905807 56760368 56753208 7160 0
1785798905859 56760368 56753208 7160 0
1785798905915 56760368 56753208 7160 0
1785798905969 56760368 56753208 7160 0
1785798906026 56760368 56753208 7160 0
1785798906078 56760368 56753208 7160 0
1785798906133 56760368 56753208 7160 0
1785798906186 56760368 56753208 7160 0
1785798906238 56760368 56753208 7160 0
1785798906295 56760368 56753208 7160 0
1785798906349 56760368 56753208 7160 0
1785798906398 56760368 56753208 7160 0
1785798906450 56760368 56753208 7160 0
1785798906497 56760368 56753208 7160 0
1785798906554 56760368 56753208 7160 0
1785798906600 56760368 56753208 7160 0
1785798906654 56760368 56753208 7160 0
1785798906701 56760368 56753208 7160 0
1785798906754 56760368 56753208 7160 0
1785798906809 56760368 56753208 7160 0
1785798906857 56760368 56753208 7160 0
1785798906904 56760368 56753208 7160 0
1785798906958 56760368 56753208 7160 0
1785798907012 56760368 56753208 7160 0
1785798907060 56760368 56753208 7160 0
1785798907115 56760368 56753208 7160 0
1785798907168 56760368 56753208 7160 0
1785798907214 56760368 56753208 7160 0
1785798907269 56760368 56753208 7160 0
1785798907321 56760368 56753208 7160 0
1785798907374 56760368 56753208 7160 0
1785798907430 56760368 56753208 7160 0
1785798907485 56760368 56753208 7160 0
1785798907541 56760368 56753208 7160 0
1785798907595 56760368 56753208 7160 0
1785798907645 56760368 56753208 7160 0
1785798907700 56760368 56753208 7160 0
1785798907745 56760368 56753208 7160 0
1785798907796 56760368 56753208 7160 0
1785798907852 56760368 56753208 7160 0
1785798907906 56760368 56753208 7160 0
1785798907962 56760224 56753068 7156 0
1785798908016 56816216 56809056 7160 0
1785798908071 56959576 56952416 7160 0
1785798908126 57025112 57017952 7160 0
1785798908180 57025112 57017952 7160 0
1785798908236 57025112 57017952 7160 0
1785798908290 57025112 57017952 7160 0
1785798908344 57025112 57017952 7160 0
1785798908399 57027160 57020000 7160 0
1785798908456 57027160 57020000 7160 0
1785798908512 57027160 57020000 7160 0
1785798908568 57027160 57020000 7160 0
1785798908619 57027160 57020000 7160 0
1785798908674 57027160 57020000 7160 0
1785798908728 57033304 57026144 7160 0
1785798908782 57033304 57026144 7160 0
1785798908835 57033304 57026144 7160 0
1785798908887 57033304 57026144 7160 0
1785798908940 57066780 57063048 3732 0
1785798908997 57098332 57095308 3024 0
1785798909052 1341304 1335124 6180 0
1785798909099 57167356 57164336 3020 0
1785798909155 57244388 57240372 4016 0
1785798909420 57284408 57277252 7156 0
1785798909540 57311296 57304136 7160 0
1785798909668 57313200 57306044 7156 0
1785798909796 57276476 57269316 7160 0
1785798909856 57276476 57269316 7160 0
1785798909917 57276476 57269316 7160 0
1785798909976 57276476 57269316 7160 0
1785798910037 57276476 57269316 7160 0
1785798910098 57282620 57275460 7160 0
1785798910156 57282620 57275460 7160 0
1785798910216 57282620 57275460 7160 0
1785798910276 57282620 57275460 7160 0
1785798910336 57325636 57318476 7160 0
1785798910449 57353660 57346500 7160 0
1785798910576 57353660 57346500 7160 0
1785798910707 57353660 57346500 7160 0
1785798910768 57353660 57346500 7160 0
1785798910827 57353660 57346500 7160 0
1785798910888 57353660 57346500 7160 0
1785798910948 57353660 57346500 7160 0
1785798911010 57353660 57346500 7160 0
1785798911070 57353660 57346500 7160 0
1785798911131 57353660 57346500 7160 0
1785798911188 57353660 57346500 7160 0
1785798911247 57355708 57348548 7160 0
1785798911374 57355708 57348548 7160 0
1785798911436 57355708 57348548 7160 0
1785798911491 57355708 57348548 7160 0
1785798911546 57355708 57348548 7160 0
1785798911606 57359804 57352644 7160 0
1785798911734 57359804 57352644 7160 0
1785798911794 57359804 57352644 7160 0
1785798911854 57365948 57358788 7160 0
1785798911984 57365948 57358788 7160 0
1785798912047 57365948 57358788 7160 0
1785798912106 57365948 57358788 7160 0
1785798912166 57365948 57358788 7160 0
1785798912226 57217692 57210532 7160 0
1785798912286 57217548 57210392 7156 0
1785798912337 57024568 57017408 7160 0
1785798912388 57024568 57017408 7160 0
1785798912442 57024568 57017408 7160 0
1785798912494 57026616 57019456 7160 0
1785798912550 57026616 57019456 7160 0
1785798912600 57026616 57019456 7160 0
1785798912652 57026616 57019456 7160 0
1785798912705 57026616 57019456 7160 0
1785798912758 57028664 57021504 7160 0
1785798912805 57028664 57021504 7160 0
1785798912859 57028664 57021504 7160 0
1785798912907 57028664 57021504 7160 0
1785798912959 57028664 57021504 7160 0
1785798913011 57028664 57021504 7160 0
1785798913065 57030712 57023552 7160 0
1785798913118 57030712 57023552 7160 0
1785798913172 57030712 57023552 7160 0
1785798913225 57030712 57023552 7160 0
1785798913280 57030712 57023552 7160 0
1785798913334 57032760 57025600 7160 0
1785798913387 57032760 57025600 7160 0
1785798913440 57032760 57025600 7160 0
1785798913496 57032760 57025600 7160 0
1785798913549 57034808 57027648 7160 0
1785798913603 57034808 57027648 7160 0
1785798913655 57034808 57027648 7160 0
1785798913708 57034808 57027648 7160 0
1785798913761 57034808 57027648 7160 0
1785798913812 57036856 57029696 7160 0
1785798913866 57036856 57029696 7160 0
1785798913919 57036856 57029696 7160 0
1785798913974 57036856 57029696 7160 0
1785798914026 57036856 57029696 7160 0
1785798914077 57038904 57031744 7160 0
1785798914130 57038904 57031744 7160 0
1785798914183 57038904 57031744 7160 0
1785798914237 57038904 57031744 7160 0
1785798914290 57038904 57031744 7160 0
1785798914345 57040952 57033792 7160 0
1785798914397 57040952 57033792 7160 0
1785798914450 57040952 57033792 7160 0
1785798914503 57040952 57033792 7160 0
1785798914554 57040952 57033792 7160 0
1785798914603 57043000 57035840 7160 0
1785798914656 57043000 57035840 7160 0
1785798914711 57043000 57035840 7160 0
1785798914763 57043000 57035840 7160 0
1785798914815 57045048 57037888 7160 0
1785798914869 57045048 57037888 7160 0
1785798914919 57045048 57037888 7160 0
1785798914971 57045048 57037888 7160 0
1785798915028 57045048 57037888 7160 0
1785798915081 57045048 57037888 7160 0
1785798915135 57045048 57037888 7160 0
1785798915189 57051192 57044032 7160 0
1785798915238 57051192 57044032 7160 0
1785798915292 57051192 57044032 7160 0
1785798915346 57051048 57043892 7156 0
1785798915401 1322016 1317156 4860 0
1785798915446 1362024 1357164 4860 0
1785798915490 1401964 1396032 5932 0
1785798915537 337044 332428 4616 0
1785798915557 57301728 57297712 4016 0
1785798915620 57341896 57334736 7160 0
1785798915673 57352032 57348016 4016 0
1785798915733 57370688 57363528 7160 0
1785798916033 57366264 57363460 2804 0
1785798916094 57333820 57326660 7160 0
1785798916155 57333820 57326660 7160 0
1785798916214 57333820 57326660 7160 0
1785798916274 57333820 57326660 7160 0
1785798916336 57333820 57326660 7160 0
1785798916396 57339964 57332804 7160 0
1785798916457 57339964 57332804 7160 0
1785798916518 57339964 57332804 7160 0
1785798916579 57382980 57375820 7160 0
1785798916699 57382836 57375680 7156 0
1785798916759 57411004 57403844 7160 0
1785798916876 57411004 57403844 7160 0
1785798917011 57411004 57403844 7160 0
1785798917072 57411004 57403844 7160 0
1785798917136 57411004 57403844 7160 0
1785798917196 57411004 57403844 7160 0
1785798917255 57411004 57403844 7160 0
1785798917320 57411004 57403844 7160 0
1785798917378 57411004 57403844 7160 0
1785798917429 57413052 57405892 7160 0
1785798917559 57413052 57405892 7160 0
1785798917609 57415100 57407940 7160 0
1785798917667 57415100 57407940 7160 0
1785798917789 57415100 57407940 7160 0
1785798917845 57415100 57407940 7160 0
1785798917908 57415100 57407940 7160 0
1785798917966 57419196 57412036 7160 0
1785798918078 57419196 57412036 7160 0
1785798918140 57419196 57412036 7160 0
1785798918199 57419196 57412036 7160 0
1785798918260 57423292 57416132 7160 0
1785798918377 57423292 57416132 7160 0
1785798918437 57423292 57416132 7160 0
1785798918499 57423292 57416132 7160 0
1785798918559 57423292 57416132 7160 0
1785798918613 57423148 57415992 7156 0
1785798918675 57139512 57132352 7160 0
1785798918725 57141560 57134400 7160 0
1785798918772 57141560 57134400 7160 0
1785798918821 57141560 57134400 7160 0
1785798918874 57141560 57134400 7160 0
1785798918922 57141560 57134400 7160 0
1785798918974 57141560 57134400 7160 0
1785798919027 57143608 57136448 7160 0
1785798919078 57143608 57136448 7160 0
1785798919129 57143608 57136448 7160 0
1785798919182 57143608 57136448 7160 0
1785798919231 57145656 57138496 7160 0
1785798919284 57145656 57138496 7160 0
1785798919334 57145656 57138496 7160 0
1785798919388 57145656 57138496 7160 0
1785798919441 57145656 57138496 7160 0
1785798919491 57145656 57138496 7160 0
1785798919539 57145656 57138496 7160 0
1785798919589 57147704 57140544 7160 0
1785798919643 57147704 57140544 7160 0
1785798919691 57147704 57140544 7160 0
1785798919742 57147704 57140544 7160 0
1785798919797 57147704 57140544 7160 0
1785798919845 57149752 57142592 7160 0
1785798919894 57149752 57142592 7160 0
1785798919948 57149752 57142592 7160 0
1785798919997 57149752 57142592 7160 0
1785798920051 57149752 57142592 7160 0
1785798920102 57149752 57142592 7160 0
1785798920147 57151800 57144640 7160 0
1785798920201 57151800 57144640 7160 0
1785798920251 57151800 57144640 7160 0
1785798920300 57151800 57144640 7160 0
1785798920350 57151800 57144640 7160 0
1785798920400 57153848 57146688 7160 0
1785798920449 57153848 57146688 7160 0
1785798920499 57153848 57146688 7160 0
1785798920553 57153848 57146688 7160 0
1785798920610 57153848 57146688 7160 0
1785798920658 57153848 57146688 7160 0
1785798920712 57155896 57148736 7160 0
1785798920766 57155896 57148736 7160 0
1785798920813 57155896 57148736 7160 0
1785798920870 57155896 57148736 7160 0
1785798920925 57157944 57150784 7160 0
1785798920981 57157944 57150784 7160 0
1785798921036 57157944 57150784 7160 0
1785798921089 57157944 57150784 7160 0
1785798921142 57157944 57150784 7160 0
1785798921194 57157944 57150784 7160 0
1785798921245 57157944 57150784 7160 0
1785798921299 57159992 57152832 7160 0
1785798921347 57159992 57152832 7160 0
1785798921396 57162040 57154880 7160 0
1785798921454 57162040 57154880 7160 0
1785798921510 57162040 57154880 7160 0
1785798921566 57162040 57154880 7160 0
1785798921622 57162040 57154880 7160 0
1785798921679 57162040 57154880 7160 0
1785798921732 57168184 57161024 7160 0
1785798921779 57168184 57161024 7160 0
1785798921828 57168184 57161024 7160 0
1785798921878 57168184 57161024 7160 0
1785798921926 57204904 57197748 7156 0
1785798921973 1447156 1442464 4692 0
1785798922013 1487864 1483004 4860 0
1785798922054 1529868 1523984 5884 0
1785798922098 57401288 57394128 7160 0
1785798922149 57401676 57394516 7160 0
1785798922197 57401676 57394516 7160 0
1785798922255 57401912 57394756 7156 0
1785798922314 57423936 57416776 7160 0
1785798922367 57430080 57422920 7160 0
1785798922661 57393212 57386052 7160 0
1785798922721 57393212 57386052 7160 0
1785798922784 57393212 57386052 7160 0
1785798922846 57393212 57386052 7160 0
1785798922907 57393212 57386052 7160 0
1785798922968 57399356 57392196 7160 0
1785798923026 57399356 57392196 7160 0
1785798923084 57399356 57392196 7160 0
1785798923144 57399212 57392056 7156 0
1785798923204 57442372 57435212 7160 0
1785798923331 57454508 57447352 7156 0
1785798923390 57470012 57462852 7160 0
1785798923520 57470012 57462852 7160 0
1785798923581 57470012 57462852 7160 0
1785798923643 57470012 57462852 7160 0
1785798923705 57470012 57462852 7160 0
1785798923766 57470012 57462852 7160 0
1785798923826 57470012 57462852 7160 0
1785798923891 57470012 57462852 7160 0
1785798923952 57470012 57462852 7160 0
1785798924003 57472060 57464900 7160 0
1785798924129 57472060 57464900 7160 0
1785798924189 57472060 57464900 7160 0
1785798924252 57472060 57464900 7160 0
1785798924316 57412744 57408716 4028 0
1785798924378 57415876 57408716 7160 0
1785798924437 57415876 57408716 7160 0
1785798924497 57422020 57414860 7160 0
1785798924557 57422020 57414860 7160 0
1785798924618 57422020 57414860 7160 0
1785798924677 57422020 57414860 7160 0
1785798924731 57426116 57418956 7160 0
1785798924791 57426116 57418956 7160 0
1785798924849 57426116 57418956 7160 0
1785798924910 57426116 57418956 7160 0
1785798924973 57426116 57418956 7160 0
1785798925034 57198904 57191744 7160 0
1785798925091 57198904 57191744 7160 0
1785798925145 57198904 57191744 7160 0
1785798925201 57200952 57193792 7160 0
1785798925256 57200952 57193792 7160 0
1785798925311 57200952 57193792 7160 0
1785798925366 57200952 57193792 7160 0
1785798925415 57200952 57193792 7160 0
1785798925470 57200952 57193792 7160 0
1785798925517 57203000 57195840 7160 0
1785798925573 57203000 57195840 7160 0
1785798925628 57203000 57195840 7160 0
1785798925680 57203000 57195840 7160 0
1785798925736 57203000 57195840 7160 0
1785798925791 57205048 57197888 7160 0
1785798925842 57205048 57197888 7160 0
1785798925898 57205048 57197888 7160 0
1785798925953 57205048 57197888 7160 0
1785798926009 57205048 57197888 7160 0
1785798926065 57207096 57199936 7160 0
1785798926122 57207096 57199936 7160 0
1785798926176 57207096 57199936 7160 0
1785798926233 57207096 57199936 7160 0
1785798926281 57207096 57199936 7160 0
1785798926335 57209144 57201984 7160 0
1785798926389 57209144 57201984 7160 0
1785798926443 57209144 57201984 7160 0
1785798926499 57209144 57201984 7160 0
1785798926553 57209144 57201984 7160 0
1785798926604 57211192 57204032 7160 0
1785798926658 57211192 57204032 7160 0
1785798926713 57211192 57204032 7160 0
1785798926766 57211192 57204032 7160 0
1785798926814 57211192 57204032 7160 0
1785798926865 57211192 57204032 7160 0
1785798926920 57213240 57206080 7160 0
1785798926977 57213240 57206080 7160 0
1785798927024 57213240 57206080 7160 0
1785798927080 57213240 57206080 7160 0
1785798927128 57213240 57206080 7160 0
1785798927177 57215288 57208128 7160 0
1785798927234 57215288 57208128 7160 0
1785798927289 57215288 57208128 7160 0
1785798927337 57215288 57208128 7160 0
1785798927391 57215288 57208128 7160 0
1785798927445 57215288 57208128 7160 0
1785798927497 57217336 57210176 7160 0
1785798927548 57217336 57210176 7160 0
1785798927601 57217336 57210176 7160 0
1785798927657 57217336 57210176 7160 0
1785798927710 57219384 57212224 7160 0
1785798927755 57219384 57212224 7160 0
1785798927808 57219384 57212224 7160 0
1785798927864 57219384 57212224 7160 0
1785798927922 57219384 57212224 7160 0
1785798927971 57219384 57212224 7160 0
1785798928029 57219384 57212224 7160 0
1785798928081 57219384 57212224 7160 0
1785798928130 57219384 57212224 7160 0
1785798928183 57225528 57218368 7160 0
1785798928234 57225528 57218368 7160 0
1785798928278 57225528 57218368 7160 0
1785798928332 57225384 57218228 7156 0
1785798928382 1471008 1466148 4860 0
1785798928426 1513464 1507284 6180 0
1785798928474 1553992 1548060 5932 0
1785798928522 1602668 1597808 4860 0
1785798928567 57458632 57451472 7160 0
1785798928618 57487424 57480264 7160 0
1785798928903 57487280 57480124 7156 0
1785798929032 57450556 57443396 7160 0
1785798929091 57450556 57443396 7160 0
1785798929154 57450556 57443396 7160 0
1785798929214 57450556 57443396 7160 0
1785798929275 57450556 57443396 7160 0
1785798929333 57456700 57449540 7160 0
1785798929391 57456700 57449540 7160 0
1785798929450 57456700 57449540 7160 0
1785798929508 57456700 57449540 7160 0
1785798929567 57496092 57492396 3696 0
1785798929627 57499572 57492416 7156 0
1785798929751 57527740 57520580 7160 0
1785798929878 57527740 57520580 7160 0
1785798930011 57527740 57520580 7160 0
1785798930072 57527740 57520580 7160 0
1785798930135 57527740 57520580 7160 0
1785798930196 57527740 57520580 7160 0
1785798930258 57527740 57520580 7160 0
1785798930318 57527740 57520580 7160 0
1785798930379 57527740 57520580 7160 0
1785798930436 57527740 57520580 7160 0
1785798930494 57529788 57522628 7160 0
1785798930621 57529788 57522628 7160 0
1785798930679 57531836 57524676 7160 0
1785798930812 57531836 57524676 7160 0
1785798930874 57531692 57524536 7156 0
1785798930935 57476036 57468876 7160 0
1785798930996 57476036 57468876 7160 0
1785798931051 57480132 57472972 7160 0
1785798931109 57480132 57472972 7160 0
1785798931168 57480132 57472972 7160 0
1785798931226 57480132 57472972 7160 0
1785798931286 57484228 57477068 7160 0
1785798931342 57484228 57477068 7160 0
1785798931402 57484228 57477068 7160 0
1785798931460 57484228 57477068 7160 0
1785798931522 57484228 57477068 7160 0
1785798931584 57484084 57476928 7156 0
1785798931646 57256248 57249088 7160 0
1785798931704 57256248 57249088 7160 0
1785798931760 57258296 57251136 7160 0
1785798931815 57258296 57251136 7160 0
1785798931864 57258296 57251136 7160 0
1785798931918 57258296 57251136 7160 0
1785798931970 57258296 57251136 7160 0
1785798932024 57260344 57253184 7160 0
1785798932077 57260344 57253184 7160 0
1785798932125 57260344 57253184 7160 0
1785798932178 57260344 57253184 7160 0
1785798932235 57262392 57255232 7160 0
1785798932283 57262392 57255232 7160 0
1785798932337 57262392 57255232 7160 0
1785798932391 57262392 57255232 7160 0
1785798932440 57262392 57255232 7160 0
1785798932493 57262392 57255232 7160 0
1785798932548 57264440 57257280 7160 0
1785798932602 57264440 57257280 7160 0
1785798932657 57264440 57257280 7160 0
1785798932705 57264440 57257280 7160 0
1785798932758 57264440 57257280 7160 0
1785798932813 57266488 57259328 7160 0
1785798932862 57266488 57259328 7160 0
1785798932915 57266488 57259328 7160 0
1785798932970 57266488 57259328 7160 0
1785798933018 57266488 57259328 7160 0
1785798933068 57266488 57259328 7160 0
1785798933120 57268536 57261376 7160 0
1785798933175 57268536 57261376 7160 0
1785798933229 57268536 57261376 7160 0
1785798933277 57268536 57261376 7160 0
1785798933331 57268536 57261376 7160 0
1785798933388 57270584 57263424 7160 0
1785798933437 57270584 57263424 7160 0
1785798933492 57270584 57263424 7160 0
1785798933545 57270584 57263424 7160 0
1785798933595 57270584 57263424 7160 0
1785798933648 57272632 57265472 7160 0
1785798933698 57272632 57265472 7160 0
1785798933752 57272632 57265472 7160 0
1785798933805 57272632 57265472 7160 0
1785798933854 57272632 57265472 7160 0
1785798933901 57272632 57265472 7160 0
1785798933958 57274680 57267520 7160 0
1785798934011 57274680 57267520 7160 0
1785798934065 57274680 57267520 7160 0
1785798934119 57276728 57269568 7160 0
1785798934171 57276728 57269568 7160 0
1785798934228 57276728 57269568 7160 0
1785798934284 57276728 57269568 7160 0
1785798934341 57276728 57269568 7160 0
1785798934396 57276728 57269568 7160 0
1785798934450 57276728 57269568 7160 0
1785798934507 57278776 57271616 7160 0
1785798934561 57278776 57271616 7160 0
1785798934618 57278776 57271616 7160 0
1785798934675 57278776 57271616 7160 0
1785798934729 57278776 57271616 7160 0
1785798934779 57278776 57271616 7160 0
1785798934833 57284920 57277760 7160 0
1785798934889 57284920 57277760 7160 0
1785798934944 57284920 57277760 7160 0
1785798934999 57284776 57277620 7156 0
1785798935056 1530360 1524428 5932 0
1785798935104 1569548 1563624 5924 0
1785798935152 1611212 1605856 5356 0
1785798935203 56307856 56304084 3772 0
1785798935234 57518024 57510864 7160 0
1785798935287 57518412 57511252 7160 0
1785798935347 57546816 57539656 7160 0
1785798935622 57546816 57539656 7160 0
1785798935742 57509948 57502788 7160 0
1785798935798 57509948 57502788 7160 0
1785798935854 57509948 57502788 7160 0
1785798935910 57509948 57502788 7160 0
1785798935960 57509948 57502788 7160 0
1785798936014 57509948 57502788 7160 0
1785798936065 57509948 57502788 7160 0
1785798936117 57516092 57508932 7160 0
1785798936177 57516092 57508932 7160 0
1785798936227 57516092 57508932 7160 0
1785798936278 57516092 57508932 7160 0
1785798936328 57515948 57508792 7156 0
1785798936380 57559108 57551948 7160 0
1785798936495 57580988 57573828 7160 0
1785798936604 57586264 57579104 7160 0
1785798936721 57586264 57579104 7160 0
1785798936775 57586264 57579104 7160 0
1785798936831 57586264 57579104 7160 0
1785798936890 57586264 57579104 7160 0
1785798936940 57586264 57579104 7160 0
1785798936991 57586264 57579104 7160 0
1785798937044 57586264 57579104 7160 0
1785798937102 57586264 57579104 7160 0
1785798937166 57586264 57579104 7160 0
1785798937223 57586120 57578964 7156 0
1785798937278 57804228 57797068 7160 0
1785798937389 57589184 57582024 7160 0
1785798937440 57589184 57582024 7160 0
1785798937489 57589040 57581884 7156 0
1785798937542 57649128 57641968 7160 0
1785798937600 57833448 57826288 7160 0
1785798937719 57855976 57848816 7160 0
1785798937834 57855976 57848816 7160 0
1785798937889 57855832 57848676 7156 0
1785798937941 57800080 57792920 7160 0
1785798938003 57800080 57792920 7160 0
1785798938065 57804176 57797016 7160 0
1785798938116 57804176 57797016 7160 0
1785798938165 57804176 57797016 7160 0
1785798938216 57804176 57797016 7160 0
1785798938271 57804176 57797016 7160 0
1785798938326 57812368 57805208 7160 0
1785798938377 57812368 57805208 7160 0
1785798938431 57812368 57805208 7160 0
1785798938487 57812368 57805208 7160 0
1785798938537 57812368 57805208 7160 0
1785798938586 57812368 57805208 7160 0
1785798938638 57812224 57805068 7156 0
1785798938689 57679932 57672772 7160 0
1785798938740 57679932 57672772 7160 0
1785798938789 57679932 57672772 7160 0
1785798938842 57681980 57674820 7160 0
1785798938895 57681980 57674820 7160 0
1785798938948 57681980 57674820 7160 0
1785798938996 57681980 57674820 7160 0
1785798939046 57681980 57674820 7160 0
1785798939098 57684028 57676868 7160 0
1785798939150 57686076 57678916 7160 0
1785798939205 57686076 57678916 7160 0
1785798939258 57686076 57678916 7160 0
1785798939311 57686076 57678916 7160 0
1785798939364 57686076 57678916 7160 0
1785798939416 57688124 57680964 7160 0
1785798939465 57688124 57680964 7160 0
1785798939515 57688124 57680964 7160 0
1785798939562 57688124 57680964 7160 0
1785798939613 57688124 57680964 7160 0
1785798939665 57690172 57683012 7160 0
1785798939713 57692220 57685060 7160 0
1785798939762 57692220 57685060 7160 0
1785798939813 57692220 57685060 7160 0
1785798939861 57692220 57685060 7160 0
1785798939914 57692220 57685060 7160 0
1785798939965 57692220 57685060 7160 0
1785798940014 57694268 57687108 7160 0
1785798940064 57694268 57687108 7160 0
1785798940115 57694268 57687108 7160 0
1785798940162 57694268 57687108 7160 0
1785798940209 57694268 57687108 7160 0
1785798940256 57698364 57691204 7160 0
1785798940306 57698364 57691204 7160 0
1785798940354 57698364 57691204 7160 0
1785798940404 57698364 57691204 7160 0
1785798940456 57698364 57691204 7160 0
1785798940503 57700412 57693252 7160 0
1785798940557 57700412 57693252 7160 0
1785798940609 57700412 57693252 7160 0
1785798940657 57700412 57693252 7160 0
1785798940710 57700412 57693252 7160 0
1785798940762 57700412 57693252 7160 0
1785798940809 57702460 57695300 7160 0
1785798940859 57702460 57695300 7160 0
1785798940906 57704508 57697348 7160 0
1785798940958 57704508 57697348 7160 0
1785798941008 57704508 57697348 7160 0
1785798941055 57704508 57697348 7160 0
1785798941103 57704508 57697348 7160 0
1785798941152 57704508 57697348 7160 0
1785798941211 57708604 57701444 7160 0
1785798941271 57708604 57701444 7160 0
1785798941325 57708604 57701444 7160 0
1785798941378 57708604 57701444 7160 0
1785798941431 57710652 57703492 7160 0
1785798941491 57710652 57703492 7160 0
1785798941546 57712700 57705540 7160 0
1785798941602 57712700 57705540 7160 0
1785798941660 57712700 57705540 7160 0
1785798941714 57580148 57576120 4028 0
1785798941770 57583280 57576120 7160 0
1785798941829 57583280 57576120 7160 0
1785798941885 57583280 57576120 7160 0
1785798941939 57589424 57582264 7160 0
1785798941987 57589424 57582264 7160 0
1785798942037 57589424 57582264 7160 0
1785798942092 57589424 57582264 7160 0
1785798942145 57589424 57582264 7160 0
1785798942191 57589424 57582264 7160 0
1785798942237 57592164 57588140 4024 0
1785798942294 57595448 57588288 7160 0
1785798942349 57608932 57604908 4024 0
1785798942402 57629616 57622456 7160 0
1785798942449 57629616 57622456 7160 0
1785798942497 57629616 57622456 7160 0
1785798942542 57629616 57622456 7160 0
1785798942587 57629616 57622456 7160 0
1785798942634 57629616 57622456 7160 0
1785798942680 57629616 57622456 7160 0
1785798942727 57629616 57622456 7160 0
1785798942774 57629616 57622456 7160 0
1785798942832 57629616 57622456 7160 0
1785798942889 57635760 57628600 7160 0
1785798942939 57635760 57628600 7160 0
1785798942987 57635760 57628600 7160 0
1785798943036 57635760 57628600 7160 0
1785798943084 57635760 57628600 7160 0
1785798943129 57635760 57628600 7160 0
1785798943183 57635616 57628460 7156 0
1785798943236 57641912 57634752 7160 0
1785798943290 57675696 57668536 7160 0
1785798943338 57675696 57668536 7160 0
1785798943383 57675696 57668536 7160 0
1785798943430 57675696 57668536 7160 0
1785798943477 57675696 57668536 7160 0
1785798943525 57675696 57668536 7160 0
1785798943574 57675696 57668536 7160 0
1785798943623 57675696 57668536 7160 0
1785798943673 57675696 57668536 7160 0
1785798943719 57675696 57668536 7160 0
1785798943765 57675696 57668536 7160 0
1785798943819 57675696 57668536 7160 0
1785798943868 57675696 57668536 7160 0
1785798943921 57675696 57668536 7160 0
1785798943972 57675696 57668536 7160 0
1785798944024 57675696 57668536 7160 0
1785798944073 57675696 57668536 7160 0
1785798944128 57679792 57672632 7160 0
1785798944181 57679792 57672632 7160 0
1785798944233 57679792 57672632 7160 0
1785798944280 57679648 57672492 7156 0
1785798944328 57624240 57617080 7160 0
1785798944384 57624240 57617080 7160 0
1785798944437 57628336 57621176 7160 0
1785798944488 57628336 57621176 7160 0
1785798944538 57628336 57621176 7160 0
1785798944587 57628336 57621176 7160 0
1785798944643 57628336 57621176 7160 0
1785798944698 57628336 57621176 7160 0
1785798944752 57638576 57631416 7160 0
1785798944803 57638576 57631416 7160 0
1785798944854 57638576 57631416 7160 0
1785798944906 57638576 57631416 7160 0
1785798944964 57638576 57631416 7160 0
1785798945020 57638576 57631416 7160 0
1785798945067 57638576 57631416 7160 0
1785798945114 57638576 57631416 7160 0
1785798945169 57638576 57631416 7160 0
1785798945223 57638576 57631416 7160 0
1785798945277 57638576 57631416 7160 0
1785798945329 57640624 57633464 7160 0
1785798945383 57642672 57635512 7160 0
1785798945434 57642672 57635512 7160 0
1785798945490 57642672 57635512 7160 0
1785798945538 57642672 57635512 7160 0
1785798945587 57642672 57635512 7160 0
1785798945635 57644720 57637560 7160 0
1785798945688 57644720 57637560 7160 0
1785798945738 57644720 57637560 7160 0
1785798945792 57644720 57637560 7160 0
1785798945847 57644720 57637560 7160 0
1785798945895 57648816 57641656 7160 0
1785798945942 57648816 57641656 7160 0
1785798945991 57648816 57641656 7160 0
1785798946039 57648816 57641656 7160 0
1785798946088 57648816 57641656 7160 0
1785798946133 57648816 57641656 7160 0
1785798946180 57648816 57641656 7160 0
1785798946236 57650864 57643704 7160 0
1785798946289 57650864 57643704 7160 0
1785798946336 57650864 57643704 7160 0
1785798946382 57650864 57643704 7160 0
1785798946431 57650864 57643704 7160 0
1785798946480 57652912 57645752 7160 0
1785798946535 57654960 57647800 7160 0
1785798946583 57654960 57647800 7160 0
1785798946632 57654960 57647800 7160 0
1785798946680 57654960 57647800 7160 0
1785798946729 57654960 57647800 7160 0
1785798946779 57654960 57647800 7160 0
1785798946828 57657008 57649848 7160 0
1785798946874 57657008 57649848 7160 0
1785798946929 57657008 57649848 7160 0
1785798946978 57657008 57649848 7160 0
1785798947024 57659056 57651896 7160 0
1785798947071 57659056 57651896 7160 0
1785798947117 57661104 57653944 7160 0
1785798947164 57661104 57653944 7160 0
1785798947212 57661104 57653944 7160 0
1785798947259 57661104 57653944 7160 0
1785798947314 57663152 57655992 7160 0
1785798947368 57663152 57655992 7160 0
1785798947417 57663152 57655992 7160 0
1785798947465 57663152 57655992 7160 0
1785798947509 57663152 57655992 7160 0
1785798947554 57667248 57660088 7160 0
1785798947603 57667248 57660088 7160 0
1785798947650 57667248 57660088 7160 0
1785798947700 57667248 57660088 7160 0
1785798947755 57667248 57660088 7160 0
1785798947811 57669296 57662136 7160 0
1785798947864 57669296 57662136 7160 0
1785798947911 57669296 57662136 7160 0
1785798947961 57671344 57664184 7160 0
1785798948012 57671344 57664184 7160 0
1785798948066 57671344 57664184 7160 0
1785798948122 57671344 57664184 7160 0
1785798948174 57671344 57664184 7160 0
1785798948224 57671344 57664184 7160 0
1785798948276 57677488 57670328 7160 0
1785798948327 57677488 57670328 7160 0
1785798948381 57677488 57670328 7160 0
1785798948435 57677488 57670328 7160 0
1785798948479 57677488 57670328 7160 0
1785798948524 57677488 57670328 7160 0
1785798948571 57684460 57677300 7160 0
1785798948625 57684460 57677300 7160 0
1785798948679 57695404 57689400 6004 0
1785798948732 57718244 57711084 7160 0
1785798948778 57718244 57711084 7160 0
1785798948826 57718244 57711084 7160 0
1785798948873 57718244 57711084 7160 0
1785798948921 57718244 57711084 7160 0
1785798948972 57718244 57711084 7160 0
1785798949018 57718244 57711084 7160 0
1785798949064 57718244 57711084 7160 0
1785798949111 57718244 57711084 7160 0
1785798949156 57718244 57711084 7160 0
1785798949212 57718244 57711084 7160 0
1785798949268 57724388 57717228 7160 0
1785798949314 57724388 57717228 7160 0
1785798949360 57724388 57717228 7160 0
1785798949405 57724388 57717228 7160 0
1785798949450 57724388 57717228 7160 0
1785798949495 57724244 57717088 7156 0
1785798949551 57730540 57723380 7160 0
1785798949603 57758180 57751020 7160 0
1785798949659 57764324 57757164 7160 0
1785798949712 57764324 57757164 7160 0
1785798949759 57764324 57757164 7160 0
1785798949806 57764324 57757164 7160 0
1785798949852 57764324 57757164 7160 0
1785798949898 57764324 57757164 7160 0
1785798949955 57764324 57757164 7160 0
1785798950011 57764324 57757164 7160 0
1785798950066 57764324 57757164 7160 0
1785798950112 57764324 57757164 7160 0
1785798950159 57764324 57757164 7160 0
1785798950208 57764324 57757164 7160 0
1785798950259 57764324 57757164 7160 0
1785798950312 57766372 57759212 7160 0
1785798950359 57766372 57759212 7160 0
1785798950407 57768420 57761260 7160 0
1785798950463 57768420 57761260 7160 0
1785798950513 57768420 57761260 7160 0
1785798950568 57688676 57681516 7160 0
1785798950619 57688676 57681516 7160 0
1785798950666 57688676 57681516 7160 0
1785798950720 57692772 57685612 7160 0
1785798950766 57692772 57685612 7160 0
1785798950819 57692772 57685612 7160 0
1785798950866 57692772 57685612 7160 0
1785798950912 57692772 57685612 7160 0
1785798950967 57703012 57695852 7160 0
1785798951014 57703012 57695852 7160 0
1785798951066 57703012 57695852 7160 0
1785798951120 57703012 57695852 7160 0
1785798951176 57703012 57695852 7160 0
1785798951221 57703012 57695852 7160 0
1785798951276 57703012 57695852 7160 0
1785798951322 57703012 57695852 7160 0
1785798951376 57703012 57695852 7160 0
1785798951430 57705060 57697900 7160 0
1785798951477 57705060 57697900 7160 0
1785798951526 57705060 57697900 7160 0
1785798951573 57705060 57697900 7160 0
1785798951626 57705060 57697900 7160 0
1785798951679 57705060 57697900 7160 0
1785798951733 57707108 57699948 7160 0
1785798951784 57707108 57699948 7160 0
1785798951839 57707108 57699948 7160 0
1785798951890 57707108 57699948 7160 0
1785798951942 57707108 57699948 7160 0
1785798951993 57711204 57704044 7160 0
1785798952044 57711204 57704044 7160 0
1785798952099 57711204 57704044 7160 0
1785798952153 57711204 57704044 7160 0
1785798952206 57711204 57704044 7160 0
1785798952254 57711204 57704044 7160 0
1785798952307 57713252 57706092 7160 0
1785798952356 57713252 57706092 7160 0
1785798952400 57713252 57706092 7160 0
1785798952445 57713252 57706092 7160 0
1785798952498 57713252 57706092 7160 0
1785798952545 57715300 57708140 7160 0
1785798952598 57717348 57710188 7160 0
1785798952645 57717348 57710188 7160 0
1785798952698 57717348 57710188 7160 0
1785798952751 57717348 57710188 7160 0
1785798952803 57717348 57710188 7160 0
1785798952850 57719396 57712236 7160 0
1785798952896 57719396 57712236 7160 0
1785798952948 57719396 57712236 7160 0
1785798952998 57719396 57712236 7160 0
1785798953051 57719396 57712236 7160 0
1785798953097 57719396 57712236 7160 0
1785798953145 57721444 57714284 7160 0
1785798953192 57723492 57716332 7160 0
1785798953239 57723492 57716332 7160 0
1785798953286 57723492 57716332 7160 0
1785798953340 57723492 57716332 7160 0
1785798953395 57723492 57716332 7160 0
1785798953448 57725540 57718380 7160 0
1785798953494 57725540 57718380 7160 0
1785798953549 57725540 57718380 7160 0
1785798953601 57725540 57718380 7160 0
1785798953653 57725540 57718380 7160 0
1785798953702 57727588 57720428 7160 0
1785798953746 57727588 57720428 7160 0
1785798953789 57727588 57720428 7160 0
1785798953835 57729636 57722476 7160 0
1785798953887 57729636 57722476 7160 0
1785798953931 57729636 57722476 7160 0
1785798953975 57729636 57722476 7160 0
1785798954024 57729636 57722476 7160 0
1785798954073 57731684 57724524 7160 0
1785798954126 57731684 57724524 7160 0
1785798954178 57735780 57728620 7160 0
1785798954233 57735780 57728620 7160 0
1785798954289 57735780 57728620 7160 0
1785798954344 57735780 57728620 7160 0
1785798954400 57735780 57728620 7160 0
1785798954456 57735780 57728620 7160 0
1785798954511 57741924 57734764 7160 0
1785798954563 57741924 57734764 7160 0
1785798954616 57741924 57734764 7160 0
1785798954667 57741924 57734764 7160 0
1785798954720 2007428 2000496 6932 0
1785798954764 57772524 57765364 7160 0
1785798954817 57772524 57765364 7160 0
1785798954869 57772524 57765364 7160 0
1785798954925 57784660 57777504 7156 0
1785798954978 57806308 57799148 7160 0
1785798955031 57806308 57799148 7160 0
1785798955084 57806308 57799148 7160 0
1785798955140 57806308 57799148 7160 0
1785798955196 57806308 57799148 7160 0
1785798955251 57806308 57799148 7160 0
1785798955309 57806308 57799148 7160 0
1785798955364 57806308 57799148 7160 0
1785798955410 57806308 57799148 7160 0
1785798955457 57812452 57805292 7160 0
1785798955505 57812452 57805292 7160 0
1785798955557 57812452 57805292 7160 0
1785798955610 57812452 57805292 7160 0
1785798955662 57812452 57805292 7160 0
1785798955715 57818604 57811444 7160 0
1785798955770 57830740 57823584 7156 0
1785798955824 57852388 57845228 7160 0
1785798955875 57852388 57845228 7160 0
1785798955928 57852388 57845228 7160 0
1785798955983 57852388 57845228 7160 0
1785798956038 57852388 57845228 7160 0
1785798956093 57852388 57845228 7160 0
1785798956148 57852388 57845228 7160 0
1785798956202 57852388 57845228 7160 0
1785798956255 57852388 57845228 7160 0
1785798956309 57852388 57845228 7160 0
1785798956363 57852388 57845228 7160 0
1785798956417 57852388 57845228 7160 0
1785798956471 57854436 57847276 7160 0
1785798956524 57854436 57847276 7160 0
1785798956578 57856484 57849324 7160 0
1785798956851 57856484 57849324 7160 0
1785798956906 57793568 57786404 7164 0
1785798956959 57793568 57786404 7164 0
1785798957012 57793568 57786404 7164 0
1785798957066 57793568 57786404 7164 0
1785798957120 57793568 57786404 7164 0
1785798957174 57793568 57786404 7164 0
1785798957227 57793568 57786404 7164 0
1785798957281 57793568 57786404 7164 0
1785798957329 57793568 57786404 7164 0
1785798957383 57793568 57786404 7164 0
1785798957437 57793424 57786264 7160 0
