# timestamp_ms VmRSS_kB VmPeak_kB VmHWM_kB
1785798851780 13503096 55103900 13503096
1785798852547 14844536 55103900 14844536
1785798853457 16925304 55103900 16925304
1785798854378 19022456 55103900 19020408
1785798855291 21125752 55103900 21125752
1785798856200 23224952 55103900 23224952
1785798857115 25326200 55103900 25326200
1785798857970 27429496 55103900 27429496
1785798858776 29524600 55103900 29524600
1785798859588 31621752 55103900 31621752
1785798860378 33716856 55103900 33716856
1785798861185 35820152 55103900 35820152
1785798861977 37923448 55103900 37923448
1785798862804 40020600 55103900 40020600
1785798863607 42113656 55103900 42113656
1785798864417 44214904 55103900 44214904
1785798865234 46324344 55103900 46324344
1785798866058 48419448 55103900 48419448
1785798866867 50506360 55103900 50506360
1785798867668 52603512 55103900 52603512
1785798868481 54710904 55103900 54710904
1785798869094 55098292 55103900 55098292
1785798869565 55098292 55103900 55098292
1785798869589 55098292 55103900 55098292
1785798869613 55098292 55103900 55098292
1785798869638 55098292 55103900 55098292
1785798869662 55098292 55103900 55098292
1785798869685 55098292 55103900 55098292
1785798869710 55098292 55103900 55098292
1785798869734 55098292 55103900 55098292
1785798869758 55098292 55103900 55098292
1785798869781 55098292 55103900 55098292
1785798869806 55098292 55103900 55098292
1785798869830 55098292 55103900 55098292
1785798869854 55098292 55103900 55098292
1785798869878 55098292 55103900 55098292
1785798869902 55098292 55103900 55098292
1785798869927 55098292 55103900 55098292
1785798869951 55098292 55103900 55098292
1785798869975 55098292 55103900 55098292
1785798870000 55098292 55103900 55098292
1785798870024 55098292 55103900 55098292
1785798870048 55098292 55103900 55098292
1785798870072 55098292 55103900 55098292
1785798870096 55098292 55103900 55098292
1785798870120 55098292 55103900 55098292
1785798870144 55098292 55103900 55098292
1785798870168 55098292 55103900 55098292
1785798870193 55098292 55103900 55098292
1785798870217 55098292 55103900 55098292
1785798870241 55098292 55103900 55098292
1785798870265 55098292 55103900 55098292
1785798870289 55098292 55103900 55098292
1785798870313 55098292 55103900 55098292
1785798870337 55098292 55103900 55098292
1785798870361 55098292 55103900 55098292
1785798870385 55098292 55103900 55098292
1785798870409 55098292 55103900 55098292
1785798870433 55098292 55103900 55098292
1785798870457 55098292 55103900 55098292
1785798870482 55098292 55103900 55098292
1785798870506 55098292 55103900 55098292
1785798870530 55098292 55103900 55098292
1785798870554 55098292 55103900 55098292
1785798870578 55098292 55103900 55098292
1785798870602 55098292 55103900 55098292
1785798870628 55098292 55103900 55098292
1785798870652 55098292 55103900 55098292
1785798870677 55098292 55103900 55098292
1785798870701 55098292 55103900 55098292
1785798870726 55098292 55103900 55098292
1785798870750 55098292 55103900 55098292
1785798870774 55098292 55103900 55098292
1785798870798 55098292 55103900 55098292
1785798870822 55098292 55103900 55098292
1785798870847 55098292 55103900 55098292
1785798870871 55098292 55103900 55098292
1785798870895 55098292 55103900 55098292
1785798870919 55098292 55103900 55098292
1785798870944 55098292 55103900 55098292
1785798870967 55098292 55103900 55098292
1785798870992 55098292 55103900 55098292
1785798871016 55098292 55103900 55098292
1785798871040 55098292 55103900 55098292
1785798871065 55098292 55103900 55098292
1785798871088 55098292 55103900 55098292
1785798871112 55098292 55103900 55098292
1785798871136 55098292 55103900 55098292
1785798871159 55098292 55103900 55098292
1785798871183 55098292 55103900 55098292
1785798871208 55098292 55103900 55098292
1785798871232 55098292 55103900 55098292
1785798871256 55098292 55103900 55098292
1785798871280 55098292 55103900 55098292
1785798871304 55098292 55103900 55098292
1785798871328 55098292 55103900 55098292
1785798871354 55098292 55103900 55098292
1785798871379 55098292 55103900 55098292
1785798871403 55098292 55103900 55098292
1785798871428 55098292 55103900 55098292
1785798871452 55098292 55103900 55098292
1785798871477 55098292 55103900 55098292
1785798871502 55098292 55103900 55098292
1785798871526 55098292 55103900 55098292
1785798871551 55098292 55103900 55098292
1785798871575 55098292 55103900 55098292
1785798871600 55098292 55103900 55098292
1785798871626 55098292 55103900 55098292
1785798871651 55098292 55103900 55098292
1785798871675 55098292 55103900 55098292
1785798871700 55098292 55103900 55098292
1785798871724 55098292 55103900 55098292
1785798871749 55098292 55103900 55098292
1785798871773 55098292 55103900 55098292
1785798871797 55098292 55103900 55098292
1785798871822 55098292 55103900 55098292
1785798871846 55098292 55103900 55098292
1785798871871 55098292 55103900 55098292
1785798871895 55098292 55103900 55098292
1785798871920 55098292 55103900 55098292
1785798871944 55098292 55103900 55098292
1785798871968 55098292 55103900 55098292
1785798871992 55098292 55103900 55098292
1785798872017 55098292 55103900 55098292
1785798872041 55098292 55103900 55098292
1785798872066 55098292 55103900 55098292
1785798872090 55098292 55103900 55098292
1785798872115 55098292 55103900 55098292
1785798872139 55098292 55103900 55098292
1785798872163 55098292 55103900 55098292
1785798872188 55098292 55103900 55098292
1785798872212 55098292 55103900 55098292
1785798872236 55098292 55103900 55098292
1785798872261 55098292 55103900 55098292
1785798872285 55098292 55103900 55098292
1785798872310 55098292 55103900 55098292
1785798872335 55101792 55769084 55099744
1785798872526 55159668 55782912 55167156
1785798872583 55177632 55792188 55177632
1785798872645 55228832 55792188 55228832
1785798872702 55278600 55792188 55278600
1785798872759 55290380 55792188 55290380
1785798872819 55339500 55792188 55339500
1785798872878 55391348 55792188 55391348
1785798872937 55394832 55792188 55394832
1785798872994 55450168 55792188 55450168
1785798873055 55473352 55792188 55473352
1785798873113 55505500 55792188 55505500
1785798873172 55560836 55792188 55560836
1785798873231 55577500 55792188 55577472
1785798873292 55616168 55792188 55616168
1785798873349 55671504 55792188 55671504
1785798873536 55688140 55792188 55688116
1785798873594 55726836 55792188 55726836
1785798873656 55782172 55792188 55782172
1785798873714 55807308 55815228 55807308
1785798873784 55883680 55925888 55883680
1785798873856 55887260 55925904 55887260
1785798873927 55891940 55925904 55891940
1785798874002 55844840 55925904 55888164
1785798874027 55874460 55925904 55888164
1785798874047 55912672 55946376 55912632
1785798874113 55966576 56000232 55966536
1785798874182 56020088 56053956 56020088
1785798874258 56075252 56108868 56075200
1785798874343 56131604 56165364 56131560
1785798874426 56187536 56221200 56187496
1785798874525 56240636 56274396 56240616
1785798874771 56318492 56353416 56318492
1785798874859 56363320 56397108 56363292
1785798874940 56407508 56441196 56407480
1785798875023 56453100 56491656 56453100
1785798875135 56510488 56551560 56510488
1785798875260 56510788 56552136 56510788
1785798875375 56531624 56568516 56531624
1785798875492 56545428 56584900 56545428
1785798875603 56545428 56584900 56545428
1785798875644 56545428 56584900 56545428
1785798875684 56545428 56584900 56545428
1785798875723 56545428 56584900 56545428
1785798875765 56545428 56584900 56545428
1785798875804 56545428 56584900 56545428
1785798875851 56545428 56584900 56545428
1785798875892 56545428 56584900 56545428
1785798875934 56547476 56584900 56547476
1785798876040 56547476 56584900 56547476
1785798876080 56547476 56584900 56547476
1785798876122 56549524 56584900 56549524
1785798876227 56549524 56584900 56549524
1785798876269 56549524 56584900 56549524
1785798876310 56549524 56584900 56549524
1785798876350 56551572 56584900 56551572
1785798876475 56551572 56584900 56551572
1785798876515 56551572 56584900 56551572
1785798876554 56551572 56584900 56551572
1785798876593 56551608 56584900 56551608
1785798876696 56551608 56584900 56551608
1785798876737 56551944 56584900 56551944
1785798876856 56552608 56584900 56552608
1785798876984 56553292 56584900 56553292
1785798877090 56553548 56584900 56553548
1785798877189 56553644 56584900 56553644
1785798877290 56553644 56584900 56553644
1785798877330 56553644 56584900 56553644
1785798877370 56553644 56584900 56553644
1785798877411 56553644 56584900 56553644
1785798877450 56553644 56584900 56553644
1785798877490 56553644 56584900 56553644
1785798877529 56553644 56584900 56553644
1785798877567 56553644 56584900 56553644
1785798877607 56553644 56584900 56553644
1785798877647 56553644 56584900 56553644
1785798877687 56553644 56584900 56553644
1785798877728 56553644 56584900 56553644
1785798877768 56553644 56584900 56553644
1785798877807 56553644 56584900 56553644
1785798877848 56553644 56584900 56553644
1785798877889 56553644 56584900 56553644
1785798877929 56553644 56584900 56553644
1785798877969 56553644 56584900 56553644
1785798878007 56553644 56584900 56553644
1785798878047 56553644 56584900 56553644
1785798878087 56553644 56584900 56553644
1785798878127 56553644 56584900 56553644
1785798878167 56553644 56584900 56553644
1785798878207 56553644 56584900 56553644
1785798878246 56553644 56584900 56553644
1785798878285 56553644 56584900 56553644
1785798878330 56553644 56584900 56553644
1785798878378 56553644 56584900 56553644
1785798878419 56553644 56584900 56553644
1785798878460 56553644 56584900 56553644
1785798878500 56553644 56584900 56553644
1785798878541 56553644 56584900 56553644
1785798878589 56553644 56584900 56553644
1785798878629 56553644 56584900 56553644
1785798878669 56553644 56584900 56553644
1785798878712 56553644 56584900 56553644
1785798878754 56553644 56584900 56553644
1785798878796 56553644 56584900 56553644
1785798878843 56553644 56584900 56553644
1785798878884 56553644 56584900 56553644
1785798878924 56553644 56584900 56553644
1785798878965 56553644 56584900 56553644
1785798879006 56553644 56584900 56553644
1785798879045 56553644 56584900 56553644
1785798879093 56553644 56584900 56553644
1785798879142 56553644 56584900 56553644
1785798879192 56553644 56584900 56553644
1785798879239 56553644 56584900 56553644
1785798879279 56553644 56584900 56553644
1785798879328 56553644 56584900 56553644
1785798879370 56553644 56584900 56553644
1785798879418 56553644 56584900 56553644
1785798879466 56553644 56584900 56553644
1785798879514 56553644 56584900 56553644
1785798879562 56591196 56622296 56591192
1785798879826 56640024 56671136 56639996
1785798879956 56687284 56718392 56687256
1785798880083 56730164 56761292 56730140
1785798880218 56794276 56825772 56794276
1785798880361 56831548 56875692 56831540
1785798880492 56792056 56908464 56858184
1785798880544 56792056 56908464 56858184
1785798880592 56755188 56908464 56858184
1785798880646 56755188 56908464 56858184
1785798880693 56755188 56908464 56858184
1785798880741 56755188 56908464 56858184
1785798880789 56755188 56908464 56858184
1785798880834 56755188 56908464 56858184
1785798880880 56755188 56908464 56858184
1785798880924 56755188 56908464 56858184
1785798880969 56755188 56908464 56858184
1785798881015 56755188 56908464 56858184
1785798881069 56755188 56908464 56858184
1785798881122 56755188 56908464 56858184
1785798881168 56755188 56908464 56858184
1785798881221 56755188 56908464 56858184
1785798881274 56758440 56908464 56858184
1785798881320 56799876 56908464 56858184
1785798881376 56864636 56918956 56864636
1785798881488 56865024 56919724 56865024
1785798881605 56893428 56929324 56893428
1785798881724 56893428 56929324 56893428
1785798881777 56893428 56929324 56893428
1785798881832 56893428 56929324 56893428
1785798881886 56893428 56929324 56893428
1785798881940 56893428 56929324 56893428
1785798881994 56893428 56929324 56893428
1785798882049 56893428 56929324 56893428
1785798882100 56893428 56929324 56893428
1785798882156 56893428 56929324 56893428
1785798882207 56893428 56929324 56893428
1785798882262 56893428 56929324 56893428
1785798882316 56893428 56929324 56893428
1785798882370 56893428 56929324 56893428
1785798882426 56895476 56929324 56895476
1785798882699 56895476 56929324 56895476
1785798882755 56895476 56929324 56895476
1785798882810 56895476 56929324 56895476
1785798882864 56895476 56929324 56895476
1785798882912 56895476 56929324 56895476
1785798882965 56895476 56929324 56895476
1785798883020 56895476 56929324 56895476
1785798883074 56895476 56929324 56895476
1785798883127 56895476 56929324 56895476
1785798883182 56865296 56929324 56889368
1785798883229 56865296 56929324 56889368
1785798883282 56865296 56929324 56889368
1785798883337 56865296 56929324 56889368
1785798883393 56865296 56929324 56889368
1785798883448 56865296 56929324 56889368
1785798883503 56865296 56929324 56889368
1785798883561 56787296 56929324 56889368
1785798883615 56720912 56929324 56889368
1785798883666 56720912 56929324 56889368
1785798883719 56720912 56929324 56889368
1785798883770 56720912 56929324 56889368
1785798883822 56720912 56929324 56889368
1785798883873 56720912 56929324 56889368
1785798883926 56720912 56929324 56889368
1785798883977 56720912 56929324 56889368
1785798884027 56720912 56929324 56889368
1785798884079 56720912 56929324 56889368
1785798884131 56720912 56929324 56889368
1785798884175 56720912 56929324 56889368
1785798884228 56720912 56929324 56889368
1785798884279 56720912 56929324 56889368
1785798884330 56720912 56929324 56889368
1785798884381 56720912 56929324 56889368
1785798884427 56720912 56929324 56889368
1785798884479 56720912 56929324 56889368
1785798884530 56720912 56929324 56889368
1785798884584 56720912 56929324 56889368
1785798884635 56720912 56929324 56889368
1785798884679 56720912 56929324 56889368
1785798884732 56720912 56929324 56889368
1785798884784 56720912 56929324 56889368
1785798884828 56720912 56929324 56889368
1785798884880 56720912 56929324 56889368
1785798884932 56720912 56929324 56889368
1785798884983 56720912 56929324 56889368
1785798885028 56720912 56929324 56889368
1785798885080 56720912 56929324 56889368
1785798885132 56720912 56929324 56889368
1785798885184 56720912 56929324 56889368
1785798885229 56720912 56929324 56889368
1785798885279 56720912 56929324 56889368
1785798885332 56720912 56929324 56889368
1785798885385 56720912 56929324 56889368
1785798885432 56720912 56929324 56889368
1785798885483 56720912 56929324 56889368
1785798885526 56720912 56929324 56889368
1785798885577 56720912 56929324 56889368
1785798885629 56720912 56929324 56889368
1785798885681 56720912 56929324 56889368
1785798885733 56720912 56929324 56889368
1785798885784 56720912 56929324 56889368
1785798885835 56720912 56929324 56889368
1785798885887 56720912 56929324 56889368
1785798885938 56720912 56929324 56889368
1785798885989 56720912 56929324 56889368
1785798886041 56720912 56929324 56889368
1785798886093 56720912 56929324 56889368
1785798886145 56720912 56929324 56889368
1785798886197 56720912 56929324 56889368
1785798886250 56720912 56929324 56889368
1785798886302 56720912 56929324 56889368
1785798886354 56720912 56929324 56889368
1785798886405 56720912 56929324 56889368
1785798886456 56720912 56929324 56889368
1785798886507 56720912 56929324 56889368
1785798886557 56720912 56929324 56889368
1785798886609 56720912 56929324 56889368
1785798886663 56720912 56929324 56889368
1785798886716 56720912 56929324 56889368
1785798886768 56720912 56929324 56889368
1785798886821 56720912 56929324 56889368
1785798886874 56720912 56929324 56889368
1785798886924 56720912 56929324 56889368
1785798886975 56720912 56929324 56889368
1785798887027 56720912 56929324 56889368
1785798887078 56720912 56929324 56889368
1785798887130 56730792 56929324 56889368
1785798887182 56763468 56929324 56889368
1785798887236 56797008 56929324 56889368
1785798887257 56830004 56929324 56889368
1785798887304 56861848 56929324 56889368
1785798887361 56913056 56965032 56913056
1785798887679 56946460 56990380 56946460
1785798887910 56968724 56999980 56968724
1785798888080 56968724 56999980 56968724
1785798888140 56968724 56999980 56968724
1785798888198 56968724 56999980 56968724
1785798888255 56968724 56999980 56968724
1785798888313 56968724 56999980 56968724
1785798888370 56968724 56999980 56968724
1785798888427 56968724 56999980 56968724
1785798888483 56968724 56999980 56968724
1785798888539 56968724 56999980 56968724
1785798888598 56968724 56999980 56968724
1785798888655 56968724 56999980 56968724
1785798888711 56968724 56999980 56968724
1785798888770 56968724 56999980 56968724
1785798888829 56974876 57018412 56974876
1785798888993 56996756 57028012 56996756
1785798889159 56996756 57028012 56996756
1785798889216 56996756 57028012 56996756
1785798889273 56996756 57028012 56996756
1785798889332 56996756 57028012 56996756
1785798889392 56996756 57028012 56996756
1785798889452 56996756 57028012 56996756
1785798889512 56996756 57028012 56996756
1785798889572 56996756 57028012 56996756
1785798889633 56996756 57028012 56996756
1785798889692 56996756 57028012 56996756
1785798889749 56996756 57028012 56996756
1785798889808 56996756 57028012 56996756
1785798889865 56996756 57028012 56996756
1785798889925 56996756 57028012 56996756
1785798889985 56996756 57028012 56996756
1785798890044 56837500 57028012 56985448
1785798890097 56720912 57028012 56985448
1785798890147 56720912 57028012 56985448
1785798890198 56720912 57028012 56985448
1785798890249 56720912 57028012 56985448
1785798890301 56720912 57028012 56985448
1785798890354 56720912 57028012 56985448
1785798890408 56720912 57028012 56985448
1785798890461 56720912 57028012 56985448
1785798890508 56720912 57028012 56985448
1785798890560 56720912 57028012 56985448
1785798890613 56720912 57028012 56985448
1785798890666 56720912 57028012 56985448
1785798890720 56720912 57028012 56985448
1785798890773 56720912 57028012 56985448
1785798890826 56720912 57028012 56985448
1785798890878 56720912 57028012 56985448
1785798890932 56720912 57028012 56985448
1785798890982 56720912 57028012 56985448
1785798891033 56720912 57028012 56985448
1785798891085 56720912 57028012 56985448
1785798891138 56720912 57028012 56985448
1785798891189 56720912 57028012 56985448
1785798891241 56720912 57028012 56985448
1785798891293 56720912 57028012 56985448
1785798891344 56720912 57028012 56985448
1785798891396 56720912 57028012 56985448
1785798891447 56720912 57028012 56985448
1785798891499 56720912 57028012 56985448
1785798891551 56720912 57028012 56985448
1785798891602 56720912 57028012 56985448
1785798891655 56720912 57028012 56985448
1785798891703 56720912 57028012 56985448
1785798891755 56720912 57028012 56985448
1785798891807 56720912 57028012 56985448
1785798891859 56720912 57028012 56985448
1785798891911 56720912 57028012 56985448
1785798891964 56720912 57028012 56985448
1785798892017 56720912 57028012 56985448
1785798892068 56720912 57028012 56985448
1785798892119 56720912 57028012 56985448
1785798892173 56720912 57028012 56985448
1785798892226 56720912 57028012 56985448
1785798892278 56720912 57028012 56985448
1785798892330 56720912 57028012 56985448
1785798892382 56720912 57028012 56985448
1785798892434 56720912 57028012 56985448
1785798892487 56720912 57028012 56985448
1785798892539 56720912 57028012 56985448
1785798892592 56720912 57028012 56985448
1785798892646 56720912 57028012 56985448
1785798892697 56720912 57028012 56985448
1785798892749 56720912 57028012 56985448
1785798892801 56720912 57028012 56985448
1785798892854 56720912 57028012 56985448
1785798892905 56720912 57028012 56985448
1785798892961 56720912 57028012 56985448
1785798893014 56720912 57028012 56985448
1785798893065 56720912 57028012 56985448
1785798893111 56720912 57028012 56985448
1785798893163 56720912 57028012 56985448
1785798893218 56720912 57028012 56985448
1785798893271 56720912 57028012 56985448
1785798893324 56720912 57028012 56985448
1785798893376 56720912 57028012 56985448
1785798893422 56720912 57028012 56985448
1785798893474 56720912 57028012 56985448
1785798893528 56720912 57028012 56985448
1785798893581 56720912 57028012 56985448
1785798893634 56720912 57028012 56985448
1785798893687 56720912 57028012 56985448
1785798893739 56720912 57028012 56985448
1785798893793 56720912 57028012 56985448
1785798893846 56720912 57028012 56985448
1785798893900 56720912 57028012 56985448
1785798893953 56720912 57028012 56985448
1785798894006 56720912 57028012 56985448
1785798894060 56720912 57028012 56985448
1785798894114 56720912 57028012 56985448
1785798894164 56720912 57028012 56985448
1785798894216 56720912 57028012 56985448
1785798894268 56720912 57028012 56985448
1785798894320 56728340 57028012 56985448
1785798894340 56767908 57028012 56985448
1785798894384 56808540 57028012 56985448
1785798894414 56850024 57028012 56985448
1785798894474 56918168 57028012 56985448
1785798894535 56950476 57028012 56985448
1785798894585 56982196 57028012 56985448
1785798894605 57014136 57045252 57014108
1785798894946 57058896 57090000 57058868
1785798895124 57142688 57186224 57142688
1785798895280 57165336 57196592 57165336
1785798895458 57165336 57196592 57165336
1785798895523 57128468 57196592 57152388
1785798895589 57128468 57196592 57152388
1785798895655 57128468 57196592 57152388
1785798895719 57128468 57196592 57152388
1785798895782 57128468 57196592 57152388
1785798895845 57128468 57196592 57152388
1785798895907 57128468 57196592 57152388
1785798895970 57128468 57196592 57152388
1785798896035 57128468 57196592 57152388
1785798896097 57128468 57196592 57152388
1785798896159 57128468 57196592 57152388
1785798896220 57171484 57215020 57171484
1785798896371 57184156 57224620 57184156
1785798896560 57193364 57224620 57193364
1785798896741 57193364 57224620 57193364
1785798896808 57193364 57224620 57193364
1785798896874 57193364 57224620 57193364
1785798896940 57193364 57224620 57193364
1785798897005 57193364 57224620 57193364
1785798897071 57193364 57224620 57193364
1785798897136 57193364 57224620 57193364
1785798897197 57193364 57224620 57193364
1785798897258 57193364 57224620 57193364
1785798897321 57193364 57224620 57193364
1785798897384 57193364 57224620 57193364
1785798897449 57193364 57224620 57193364
1785798897514 57193364 57224620 57193364
1785798897580 57193364 57224620 57193364
1785798897646 57193364 57224620 57193364
1785798897707 57193364 57224620 57193364
1785798897769 57193364 57224620 57193364
1785798897831 57193364 57224620 57193364
1785798897894 57193364 57224620 57193364
1785798897949 57193364 57224620 57193364
1785798898013 57193364 57224620 57193364
1785798898077 57193364 57224620 57193364
1785798898143 57193364 57224620 57193364
1785798898211 57193364 57224620 57193364
1785798898279 57193364 57224620 57193364
1785798898346 56996448 57224620 57179480
1785798898407 56908648 57224620 57179480
1785798898465 56908648 57224620 57179480
1785798898523 56908648 57224620 57179480
1785798898580 56908648 57224620 57179480
1785798898638 56908648 57224620 57179480
1785798898696 56908648 57224620 57179480
1785798898754 56908648 57224620 57179480
1785798898812 56908648 57224620 57179480
1785798898870 56908648 57224620 57179480
1785798898927 56908648 57224620 57179480
1785798898985 56908648 57224620 57179480
1785798899043 56908648 57224620 57179480
1785798899100 56908648 57224620 57179480
1785798899159 56908648 57224620 57179480
1785798899218 56908648 57224620 57179480
1785798899276 56908648 57224620 57179480
1785798899334 56908648 57224620 57179480
1785798899391 56908648 57224620 57179480
1785798899449 56908648 57224620 57179480
1785798899507 56908648 57224620 57179480
1785798899565 56908648 57224620 57179480
1785798899622 56908648 57224620 57179480
1785798899680 56908648 57224620 57179480
1785798899730 56908648 57224620 57179480
1785798899787 56908648 57224620 57179480
1785798899838 56908648 57224620 57179480
1785798899896 56908648 57224620 57179480
1785798899953 56908648 57224620 57179480
1785798900011 56908648 57224620 57179480
1785798900068 56908648 57224620 57179480
1785798900126 56908648 57224620 57179480
1785798900174 56908648 57224620 57179480
1785798900232 56908648 57224620 57179480
1785798900289 56908648 57224620 57179480
1785798900340 56908648 57224620 57179480
1785798900398 56908648 57224620 57179480
1785798900450 56908648 57224620 57179480
1785798900508 56908648 57224620 57179480
1785798900566 56908648 57224620 57179480
1785798900616 56908648 57224620 57179480
1785798900673 56908648 57224620 57179480
1785798900733 56908648 57224620 57179480
1785798900783 56908648 57224620 57179480
1785798900841 56908648 57224620 57179480
1785798900900 56908648 57224620 57179480
1785798900951 56908648 57224620 57179480
1785798901008 56908648 57224620 57179480
1785798901069 56908648 57224620 57179480
1785798901129 56908648 57224620 57179480
1785798901187 56908648 57224620 57179480
1785798901246 56908648 57224620 57179480
1785798901306 56908648 57224620 57179480
1785798901365 56908648 57224620 57179480
1785798901425 56908648 57224620 57179480
1785798901487 56902876 57224620 57179480
1785798901542 56720912 57224620 57179480
1785798901598 56720912 57224620 57179480
1785798901651 56720912 57224620 57179480
1785798901701 56720912 57224620 57179480
1785798901755 56720912 57224620 57179480
1785798901807 56720912 57224620 57179480
1785798901862 56720912 57224620 57179480
1785798901917 56744576 57224620 57179480
1785798901973 56786824 57224620 57179480
1785798901993 56828024 57224620 57179480
1785798902013 56893376 57224620 57179480
1785798902064 56925952 57224620 57179480
1785798902123 56958660 57224620 57179480
1785798902144 56990796 57224620 57179480
1785798902208 57022796 57224620 57179480
1785798902260 57055636 57224620 57179480
1785798902314 57105572 57224620 57179480
1785798902378 57142688 57224620 57179480
1785798902434 57143840 57224620 57179480
1785798902499 57165336 57224620 57179480
1785798902564 57165336 57224620 57179480
1785798902631 57128468 57224620 57179480
1785798902697 57128468 57224620 57179480
1785798902764 57128468 57224620 57179480
1785798902829 57128468 57224620 57179480
1785798902893 57128468 57224620 57179480
1785798902956 57128468 57224620 57179480
1785798903021 57128468 57224620 57179480
1785798903084 57128468 57224620 57179480
1785798903149 57128468 57224620 57179480
1785798903212 57128468 57224620 57179480
1785798903275 57128468 57224620 57179480
1785798903338 57171484 57224620 57179480
1785798903393 57191524 57224620 57191512
1785798903456 57193364 57224620 57193364
1785798903522 57193364 57224620 57193364
1785798903590 57193364 57224620 57193364
1785798903656 57193364 57224620 57193364
1785798903720 57193364 57224620 57193364
1785798903787 57193364 57224620 57193364
1785798903851 57193364 57224620 57193364
1785798903914 57193364 57224620 57193364
1785798903972 57193364 57224620 57193364
1785798904027 57193364 57224620 57193364
1785798904088 57193364 57224620 57193364
1785798904153 57193364 57224620 57193364
1785798904208 57193364 57224620 57193364
1785798904274 57193364 57224620 57193364
1785798904341 57193364 57224620 57193364
1785798904405 57193364 57224620 57193364
1785798904467 57193364 57224620 57193364
1785798904521 57193364 57224620 57193364
1785798904584 57193364 57224620 57193364
1785798904648 57193364 57224620 57193364
1785798904711 57193364 57224620 57193364
1785798904774 57193364 57224620 57193364
1785798904838 57193364 57224620 57193364
1785798904897 57193364 57224620 57193364
1785798904964 57193364 57224620 57193364
1785798905030 57193364 57224620 57193364
1785798905094 57193364 57224620 57193364
1785798905161 57193364 57224620 57193364
1785798905226 57053320 57224620 57179676
1785798905289 56851312 57224620 57179676
1785798905342 56760368 57224620 57179676
1785798905399 56760368 57224620 57179676
1785798905454 56760368 57224620 57179676
1785798905510 56760368 57224620 57179676
1785798905563 56760368 57224620 57179676
1785798905610 56760368 57224620 57179676
1785798905662 56760368 57224620 57179676
1785798905706 56760368 57224620 57179676
1785798905761 56760368 57224620 57179676
1785798905807 56760368 57224620 57179676
1785798905859 56760368 57224620 57179676
1785798905915 56760368 57224620 57179676
1785798905969 56760368 57224620 57179676
1785798906026 56760368 57224620 57179676
1785798906078 56760368 57224620 57179676
1785798906133 56760368 57224620 57179676
1785798906186 56760368 57224620 57179676
1785798906238 56760368 57224620 57179676
1785798906295 56760368 57224620 57179676
1785798906349 56760368 57224620 57179676
1785798906398 56760368 57224620 57179676
1785798906450 56760368 57224620 57179676
1785798906497 56760368 57224620 57179676
1785798906554 56760368 57224620 57179676
1785798906600 56760368 57224620 57179676
1785798906654 56760368 57224620 57179676
1785798906701 56760368 57224620 57179676
1785798906754 56760368 57224620 57179676
1785798906809 56760368 57224620 57179676
1785798906857 56760368 57224620 57179676
1785798906904 56760368 57224620 57179676
1785798906958 56760368 57224620 57179676
1785798907012 56760368 57224620 57179676
1785798907060 56760368 57224620 57179676
1785798907115 56760368 57224620 57179676
1785798907168 56760368 57224620 57179676
1785798907214 56760368 57224620 57179676
1785798907269 56760368 57224620 57179676
1785798907321 56760368 57224620 57179676
1785798907374 56760368 57224620 57179676
1785798907430 56760368 57224620 57179676
1785798907485 56760368 57224620 57179676
1785798907541 56760368 57224620 57179676
1785798907595 56760368 57224620 57179676
1785798907645 56760368 57224620 57179676
1785798907700 56760368 57224620 57179676
1785798907745 56760368 57224620 57179676
1785798907796 56760368 57224620 57179676
1785798907852 56760368 57224620 57179676
1785798907906 56760368 57224620 57179676
1785798907962 56760368 57224620 57179676
1785798908016 56808024 57315788 57179676
1785798908071 56951384 57315788 57179676
1785798908126 57025112 57315788 57179676
1785798908180 57025112 57315788 57179676
1785798908236 57025112 57315788 57179676
1785798908290 57025112 57315788 57179676
1785798908344 57025112 57315788 57179676
1785798908399 57027160 57315788 57179676
1785798908456 57027160 57315788 57179676
1785798908512 57027160 57315788 57179676
1785798908568 57027160 57315788 57179676
1785798908619 57027160 57315788 57179676
1785798908674 57027160 57315788 57179676
1785798908728 57033304 57315788 57179676
1785798908782 57033304 57315788 57179676
1785798908835 57033304 57315788 57179676
1785798908887 57033304 57315788 57179676
1785798908940 57070168 57352656 57179676
1785798908997 57097712 57380244 57179676
1785798909052 57131416 57413772 57179676
1785798909099 57166648 57449016 57179676
1785798909155 57200500 57482940 57200468
1785798909420 57284552 57579444 57284552
1785798909540 57284940 57580212 57284940
1785798909668 57313344 57589812 57313344
1785798909796 57276476 57589812 57298368
1785798909856 57276476 57589812 57298368
1785798909917 57276476 57589812 57298368
1785798909976 57276476 57589812 57298368
1785798910037 57276476 57589812 57298368
1785798910098 57282620 57589812 57298368
1785798910156 57282620 57589812 57298368
1785798910216 57282620 57589812 57298368
1785798910276 57282620 57589812 57298368
1785798910336 57325628 57595952 57325628
1785798910449 57340620 57617840 57340620
1785798910576 57353660 57617840 57353660
1785798910707 57353660 57617840 57353660
1785798910768 57353660 57617840 57353660
1785798910827 57353660 57617840 57353660
1785798910888 57353660 57617840 57353660
1785798910948 57353660 57617840 57353660
1785798911010 57353660 57617840 57353660
1785798911070 57353660 57617840 57353660
1785798911131 57353660 57617840 57353660
1785798911188 57353660 57617840 57353660
1785798911247 57355708 57617840 57355708
1785798911374 57355708 57617840 57355708
1785798911436 57355708 57617840 57355708
1785798911491 57355708 57617840 57355708
1785798911546 57355708 57617840 57355708
1785798911606 57359804 57617840 57359804
1785798911734 57359804 57617840 57359804
1785798911794 57359804 57617840 57359804
1785798911854 57365948 57617840 57365948
1785798911984 57365948 57617840 57365948
1785798912047 57365948 57617840 57365948
1785798912106 57365948 57617840 57365948
1785798912166 57365948 57617840 57365948
1785798912226 57217692 57617840 57352132
1785798912286 57217692 57617840 57352132
1785798912337 57062524 57617840 57352132
1785798912388 57024568 57617840 57352132
1785798912442 57024568 57617840 57352132
1785798912494 57026616 57617840 57352132
1785798912550 57026616 57617840 57352132
1785798912600 57026616 57617840 57352132
1785798912652 57026616 57617840 57352132
1785798912705 57026616 57617840 57352132
1785798912758 57026616 57617840 57352132
1785798912805 57028664 57617840 57352132
1785798912859 57028664 57617840 57352132
1785798912907 57028664 57617840 57352132
1785798912959 57028664 57617840 57352132
1785798913011 57028664 57617840 57352132
1785798913065 57030712 57617840 57352132
1785798913118 57030712 57617840 57352132
1785798913172 57030712 57617840 57352132
1785798913225 57030712 57617840 57352132
1785798913280 57030712 57617840 57352132
1785798913334 57032760 57617840 57352132
1785798913387 57032760 57617840 57352132
1785798913440 57032760 57617840 57352132
1785798913496 57032760 57617840 57352132
1785798913549 57034808 57617840 57352132
1785798913603 57034808 57617840 57352132
1785798913655 57034808 57617840 57352132
1785798913708 57034808 57617840 57352132
1785798913761 57034808 57617840 57352132
1785798913812 57036856 57617840 57352132
1785798913866 57036856 57617840 57352132
1785798913919 57036856 57617840 57352132
1785798913974 57036856 57617840 57352132
1785798914026 57036856 57617840 57352132
1785798914077 57036856 57617840 57352132
1785798914130 57038904 57617840 57352132
1785798914183 57038904 57617840 57352132
1785798914237 57038904 57617840 57352132
1785798914290 57038904 57617840 57352132
1785798914345 57040952 57617840 57352132
1785798914397 57040952 57617840 57352132
1785798914450 57040952 57617840 57352132
1785798914503 57040952 57617840 57352132
1785798914554 57040952 57617840 57352132
1785798914603 57043000 57617840 57352132
1785798914656 57043000 57617840 57352132
1785798914711 57043000 57617840 57352132
1785798914763 57043000 57617840 57352132
1785798914815 57045048 57617840 57352132
1785798914869 57045048 57617840 57352132
1785798914919 57045048 57617840 57352132
1785798914971 57045048 57617840 57352132
1785798915028 57045048 57617840 57352132
1785798915081 57045048 57617840 57352132
1785798915135 57045048 57617840 57352132
1785798915189 57051192 57617840 57352132
1785798915238 57051192 57617840 57352132
1785798915292 57051192 57617840 57352132
1785798915346 57051192 57617840 57352132
1785798915401 57113508 57617840 57352132
1785798915446 57154476 57617840 57352132
1785798915490 57193604 57617840 57352132
1785798915537 57232180 57617840 57352132
1785798915557 57277760 57617840 57352132
1785798915620 57341896 57617840 57352132
1785798915673 57342284 57617840 57352132
1785798915733 57370688 57617840 57370688
1785798916033 57370688 57617840 57370688
1785798916094 57333820 57617840 57354468
1785798916155 57333820 57617840 57354468
1785798916214 57333820 57617840 57354468
1785798916274 57333820 57617840 57354468
1785798916336 57333820 57617840 57354468
1785798916396 57339964 57617840 57354468
1785798916457 57339964 57617840 57354468
1785798916518 57339964 57617840 57354468
1785798916579 57382980 57617840 57382980
1785798916699 57382980 57617840 57382980
1785798916759 57395652 57617840 57395652
1785798916876 57411004 57617840 57411004
1785798917011 57411004 57617840 57411004
1785798917072 57411004 57617840 57411004
1785798917136 57411004 57617840 57411004
1785798917196 57411004 57617840 57411004
1785798917255 57411004 57617840 57411004
1785798917320 57411004 57617840 57411004
1785798917378 57411004 57617840 57411004
1785798917429 57413052 57617840 57413052
1785798917559 57413052 57617840 57413052
1785798917609 57413052 57617840 57413052
1785798917667 57415100 57617840 57415100
1785798917789 57415100 57617840 57415100
1785798917845 57415100 57617840 57415100
1785798917908 57415100 57617840 57415100
1785798917966 57419196 57617840 57419196
1785798918078 57419196 57617840 57419196
1785798918140 57419196 57617840 57419196
1785798918199 57419196 57617840 57419196
1785798918260 57423292 57617840 57423292
1785798918377 57423292 57617840 57423292
1785798918437 57423292 57617840 57423292
1785798918499 57423292 57617840 57423292
1785798918559 57423292 57617840 57423292
1785798918613 57423292 57617840 57423292
1785798918675 57286704 57617840 57407060
1785798918725 57141560 57617840 57407060
1785798918772 57141560 57617840 57407060
1785798918821 57141560 57617840 57407060
1785798918874 57141560 57617840 57407060
1785798918922 57141560 57617840 57407060
1785798918974 57141560 57617840 57407060
1785798919027 57143608 57617840 57407060
1785798919078 57143608 57617840 57407060
1785798919129 57143608 57617840 57407060
1785798919182 57143608 57617840 57407060
1785798919231 57143608 57617840 57407060
1785798919284 57145656 57617840 57407060
1785798919334 57145656 57617840 57407060
1785798919388 57145656 57617840 57407060
1785798919441 57145656 57617840 57407060
1785798919491 57145656 57617840 57407060
1785798919539 57145656 57617840 57407060
1785798919589 57147704 57617840 57407060
1785798919643 57147704 57617840 57407060
1785798919691 57147704 57617840 57407060
1785798919742 57147704 57617840 57407060
1785798919797 57147704 57617840 57407060
1785798919845 57149752 57617840 57407060
1785798919894 57149752 57617840 57407060
1785798919948 57149752 57617840 57407060
1785798919997 57149752 57617840 57407060
1785798920051 57149752 57617840 57407060
1785798920102 57149752 57617840 57407060
1785798920147 57151800 57617840 57407060
1785798920201 57151800 57617840 57407060
1785798920251 57151800 57617840 57407060
1785798920300 57151800 57617840 57407060
1785798920350 57151800 57617840 57407060
1785798920400 57153848 57617840 57407060
1785798920449 57153848 57617840 57407060
1785798920499 57153848 57617840 57407060
1785798920553 57153848 57617840 57407060
1785798920610 57153848 57617840 57407060
1785798920658 57153848 57617840 57407060
1785798920712 57155896 57617840 57407060
1785798920766 57155896 57617840 57407060
1785798920813 57155896 57617840 57407060
1785798920870 57155896 57617840 57407060
1785798920925 57157944 57617840 57407060
1785798920981 57157944 57617840 57407060
1785798921036 57157944 57617840 57407060
1785798921089 57157944 57617840 57407060
1785798921142 57157944 57617840 57407060
1785798921194 57157944 57617840 57407060
1785798921245 57157944 57617840 57407060
1785798921299 57159992 57617840 57407060
1785798921347 57159992 57617840 57407060
1785798921396 57159992 57617840 57407060
1785798921454 57162040 57617840 57407060
1785798921510 57162040 57617840 57407060
1785798921566 57162040 57617840 57407060
1785798921622 57162040 57617840 57407060
1785798921679 57162040 57617840 57407060
1785798921732 57168184 57617840 57407060
1785798921779 57168184 57617840 57407060
1785798921828 57168184 57617840 57407060
1785798921878 57168184 57617840 57407060
1785798921926 57196312 57617840 57407060
1785798921973 57239332 57617840 57407060
1785798922013 57279824 57617840 57407060
1785798922054 57319916 57617840 57407060
1785798922098 57401288 57617840 57407060
1785798922149 57401676 57617840 57407060
1785798922197 57401676 57617840 57407060
1785798922255 57401676 57617840 57407060
1785798922314 57414728 57617840 57414728
1785798922367 57430080 57617840 57430080
1785798922661 57393212 57617840 57412900
1785798922721 57393212 57617840 57412900
1785798922784 57393212 57617840 57412900
1785798922846 57393212 57617840 57412900
1785798922907 57393212 57617840 57412900
1785798922968 57399356 57617840 57412900
1785798923026 57399356 57617840 57412900
1785798923084 57399356 57617840 57412900
1785798923144 57399356 57617840 57412900
1785798923204 57442372 57617840 57442372
1785798923331 57442372 57617840 57442372
1785798923390 57470012 57617840 57470012
1785798923520 57470012 57617840 57470012
1785798923581 57470012 57617840 57470012
1785798923643 57470012 57617840 57470012
1785798923705 57470012 57617840 57470012
1785798923766 57470012 57617840 57470012
1785798923826 57470012 57617840 57470012
1785798923891 57470012 57617840 57470012
1785798923952 57470012 57617840 57470012
1785798924003 57472060 57617840 57472060
1785798924129 57472060 57617840 57472060
1785798924189 57472060 57617840 57472060
1785798924252 57472060 57617840 57472060
1785798924316 57472060 57617840 57472060
1785798924378 57415876 57617840 57453064
1785798924437 57415876 57617840 57453064
1785798924497 57422020 57617840 57453064
1785798924557 57422020 57617840 57453064
1785798924618 57422020 57617840 57453064
1785798924677 57422020 57617840 57453064
1785798924731 57426116 57617840 57453064
1785798924791 57426116 57617840 57453064
1785798924849 57426116 57617840 57453064
1785798924910 57426116 57617840 57453064
1785798924973 57426116 57617840 57453064
1785798925034 57217848 57617840 57453064
1785798925091 57198904 57617840 57453064
1785798925145 57198904 57617840 57453064
1785798925201 57198904 57617840 57453064
1785798925256 57200952 57617840 57453064
1785798925311 57200952 57617840 57453064
1785798925366 57200952 57617840 57453064
1785798925415 57200952 57617840 57453064
1785798925470 57200952 57617840 57453064
1785798925517 57203000 57617840 57453064
1785798925573 57203000 57617840 57453064
1785798925628 57203000 57617840 57453064
1785798925680 57203000 57617840 57453064
1785798925736 57203000 57617840 57453064
1785798925791 57205048 57617840 57453064
1785798925842 57205048 57617840 57453064
1785798925898 57205048 57617840 57453064
1785798925953 57205048 57617840 57453064
1785798926009 57205048 57617840 57453064
1785798926065 57207096 57617840 57453064
1785798926122 57207096 57617840 57453064
1785798926176 57207096 57617840 57453064
1785798926233 57207096 57617840 57453064
1785798926281 57207096 57617840 57453064
1785798926335 57209144 57617840 57453064
1785798926389 57209144 57617840 57453064
1785798926443 57209144 57617840 57453064
1785798926499 57209144 57617840 57453064
1785798926553 57209144 57617840 57453064
1785798926604 57211192 57617840 57453064
1785798926658 57211192 57617840 57453064
1785798926713 57211192 57617840 57453064
1785798926766 57211192 57617840 57453064
1785798926814 57211192 57617840 57453064
1785798926865 57211192 57617840 57453064
1785798926920 57213240 57617840 57453064
1785798926977 57213240 57617840 57453064
1785798927024 57213240 57617840 57453064
1785798927080 57213240 57617840 57453064
1785798927128 57213240 57617840 57453064
1785798927177 57215288 57617840 57453064
1785798927234 57215288 57617840 57453064
1785798927289 57215288 57617840 57453064
1785798927337 57215288 57617840 57453064
1785798927391 57215288 57617840 57453064
1785798927445 57215288 57617840 57453064
1785798927497 57217336 57617840 57453064
1785798927548 57217336 57617840 57453064
1785798927601 57217336 57617840 57453064
1785798927657 57217336 57617840 57453064
1785798927710 57219384 57617840 57453064
1785798927755 57219384 57617840 57453064
1785798927808 57219384 57617840 57453064
1785798927864 57219384 57617840 57453064
1785798927922 57219384 57617840 57453064
1785798927971 57219384 57617840 57453064
1785798928029 57219384 57617840 57453064
1785798928081 57219384 57617840 57453064
1785798928130 57219384 57617840 57453064
1785798928183 57225528 57617840 57453064
1785798928234 57225528 57617840 57453064
1785798928278 57225528 57617840 57453064
1785798928332 57225528 57617840 57453064
1785798928382 57263420 57617840 57453064
1785798928426 57303764 57617840 57453064
1785798928474 57345076 57617840 57453064
1785798928522 57386452 57617840 57453064
1785798928567 57458632 57617840 57458632
1785798928618 57472440 57617840 57472412
1785798928903 57487424 57617840 57487424
1785798929032 57450556 57617840 57470432
1785798929091 57450556 57617840 57470432
1785798929154 57450556 57617840 57470432
1785798929214 57450556 57617840 57470432
1785798929275 57450556 57617840 57470432
1785798929333 57456700 57617840 57470432
1785798929391 57456700 57617840 57470432
1785798929450 57456700 57617840 57470432
1785798929508 57456700 57617840 57470432
1785798929567 57456704 57617840 57470432
1785798929627 57499716 57617840 57499716
1785798929751 57512388 57617840 57512388
1785798929878 57527740 57617840 57527740
1785798930011 57527740 57617840 57527740
1785798930072 57527740 57617840 57527740
1785798930135 57527740 57617840 57527740
1785798930196 57527740 57617840 57527740
1785798930258 57527740 57617840 57527740
1785798930318 57527740 57617840 57527740
1785798930379 57527740 57617840 57527740
1785798930436 57527740 57617840 57527740
1785798930494 57529788 57617840 57529788
1785798930621 57529788 57617840 57529788
1785798930679 57531836 57617840 57531836
1785798930812 57531836 57617840 57531836
1785798930874 57531836 57617840 57531836
1785798930935 57476036 57617840 57514936
1785798930996 57476036 57617840 57514936
1785798931051 57480132 57617840 57514936
1785798931109 57480132 57617840 57514936
1785798931168 57480132 57617840 57514936
1785798931226 57480132 57617840 57514936
1785798931286 57480132 57617840 57514936
1785798931342 57484228 57617840 57514936
1785798931402 57484228 57617840 57514936
1785798931460 57484228 57617840 57514936
1785798931522 57484228 57617840 57514936
1785798931584 57484228 57617840 57514936
1785798931646 57256248 57617840 57514936
1785798931704 57256248 57617840 57514936
1785798931760 57258296 57617840 57514936
1785798931815 57258296 57617840 57514936
1785798931864 57258296 57617840 57514936
1785798931918 57258296 57617840 57514936
1785798931970 57258296 57617840 57514936
1785798932024 57260344 57617840 57514936
1785798932077 57260344 57617840 57514936
1785798932125 57260344 57617840 57514936
1785798932178 57260344 57617840 57514936
1785798932235 57262392 57617840 57514936
1785798932283 57262392 57617840 57514936
1785798932337 57262392 57617840 57514936
1785798932391 57262392 57617840 57514936
1785798932440 57262392 57617840 57514936
1785798932493 57262392 57617840 57514936
1785798932548 57264440 57617840 57514936
1785798932602 57264440 57617840 57514936
1785798932657 57264440 57617840 57514936
1785798932705 57264440 57617840 57514936
1785798932758 57264440 57617840 57514936
1785798932813 57266488 57617840 57514936
1785798932862 57266488 57617840 57514936
1785798932915 57266488 57617840 57514936
1785798932970 57266488 57617840 57514936
1785798933018 57266488 57617840 57514936
1785798933068 57266488 57617840 57514936
1785798933120 57268536 57617840 57514936
1785798933175 57268536 57617840 57514936
1785798933229 57268536 57617840 57514936
1785798933277 57268536 57617840 57514936
1785798933331 57268536 57617840 57514936
1785798933388 57270584 57617840 57514936
1785798933437 57270584 57617840 57514936
1785798933492 57270584 57617840 57514936
1785798933545 57270584 57617840 57514936
1785798933595 57270584 57617840 57514936
1785798933648 57272632 57617840 57514936
1785798933698 57272632 57617840 57514936
1785798933752 57272632 57617840 57514936
1785798933805 57272632 57617840 57514936
1785798933854 57272632 57617840 57514936
1785798933901 57272632 57617840 57514936
1785798933958 57274680 57617840 57514936
1785798934011 57274680 57617840 57514936
1785798934065 57274680 57617840 57514936
1785798934119 57276728 57617840 57514936
1785798934171 57276728 57617840 57514936
1785798934228 57276728 57617840 57514936
1785798934284 57276728 57617840 57514936
1785798934341 57276728 57617840 57514936
1785798934396 57276728 57617840 57514936
1785798934450 57276728 57617840 57514936
1785798934507 57278776 57617840 57514936
1785798934561 57278776 57617840 57514936
1785798934618 57278776 57617840 57514936
1785798934675 57278776 57617840 57514936
1785798934729 57278776 57617840 57514936
1785798934779 57278776 57617840 57514936
1785798934833 57284920 57617840 57514936
1785798934889 57284920 57617840 57514936
1785798934944 57284920 57617840 57514936
1785798934999 57284920 57617840 57514936
1785798935056 57321784 57617840 57514936
1785798935104 57360336 57617840 57514936
1785798935152 57401944 57617840 57514936
1785798935203 57443112 57617840 57514936
1785798935234 57518024 57617840 57518024
1785798935287 57518412 57617840 57518412
1785798935347 57538040 57617840 57538040
1785798935622 57546816 57617840 57546816
1785798935742 57509948 57617840 57526860
1785798935798 57509948 57617840 57526860
1785798935854 57509948 57617840 57526860
1785798935910 57509948 57617840 57526860
1785798935960 57509948 57617840 57526860
1785798936014 57509948 57617840 57526860
1785798936065 57509948 57617840 57526860
1785798936117 57516092 57617840 57526860
1785798936177 57516092 57617840 57526860
1785798936227 57516092 57617840 57526860
1785798936278 57516092 57617840 57526860
1785798936328 57516092 57617840 57526860
1785798936380 57559108 57617840 57559108
1785798936495 57559492 57617840 57559492
1785798936604 57586264 57617840 57586264
1785798936721 57586264 57617840 57586264
1785798936775 57586264 57617840 57586264
1785798936831 57586264 57617840 57586264
1785798936890 57586264 57617840 57586264
1785798936940 57586264 57617840 57586264
1785798936991 57586264 57617840 57586264
1785798937044 57586264 57617840 57586264
1785798937102 57586264 57617840 57586264
1785798937166 57586264 57617840 57586264
1785798937223 57586264 57617840 57586264
1785798937278 57722308 58666420 57720260
1785798937389 57589184 58666420 58092620
1785798937440 57589184 58666420 58092620
1785798937489 57589184 58666420 58092620
1785798937542 57640936 58666420 58092620
1785798937600 57802728 58666420 58092620
1785798937719 57855976 58666420 58092620
1785798937834 57855976 58666420 58092620
1785798937889 57855976 58666420 58092620
1785798937941 57800080 58666420 58092620
1785798938003 57800080 58666420 58092620
1785798938065 57804176 58666420 58092620
1785798938116 57804176 58666420 58092620
1785798938165 57804176 58666420 58092620
1785798938216 57804176 58666420 58092620
1785798938271 57804176 58666420 58092620
1785798938326 57812368 58666420 58092620
1785798938377 57812368 58666420 58092620
1785798938431 57812368 58666420 58092620
1785798938487 57812368 58666420 58092620
1785798938537 57812368 58666420 58092620
1785798938586 57812368 58666420 58092620
1785798938638 57812368 58666420 58092620
1785798938689 57679932 58666420 58092620
1785798938740 57679932 58666420 58092620
1785798938789 57679932 58666420 58092620
1785798938842 57679932 58666420 58092620
1785798938895 57681980 58666420 58092620
1785798938948 57681980 58666420 58092620
1785798938996 57681980 58666420 58092620
1785798939046 57681980 58666420 58092620
1785798939098 57684028 58666420 58092620
1785798939150 57686076 58666420 58092620
1785798939205 57686076 58666420 58092620
1785798939258 57686076 58666420 58092620
1785798939311 57686076 58666420 58092620
1785798939364 57686076 58666420 58092620
1785798939416 57688124 58666420 58092620
1785798939465 57688124 58666420 58092620
1785798939515 57688124 58666420 58092620
1785798939562 57688124 58666420 58092620
1785798939613 57688124 58666420 58092620
1785798939665 57690172 58666420 58092620
1785798939713 57692220 58666420 58092620
1785798939762 57692220 58666420 58092620
1785798939813 57692220 58666420 58092620
1785798939861 57692220 58666420 58092620
1785798939914 57692220 58666420 58092620
1785798939965 57692220 58666420 58092620
1785798940014 57694268 58666420 58092620
1785798940064 57694268 58666420 58092620
1785798940115 57694268 58666420 58092620
1785798940162 57694268 58666420 58092620
1785798940209 57694268 58666420 58092620
1785798940256 57698364 58666420 58092620
1785798940306 57698364 58666420 58092620
1785798940354 57698364 58666420 58092620
1785798940404 57698364 58666420 58092620
1785798940456 57698364 58666420 58092620
1785798940503 57700412 58666420 58092620
1785798940557 57700412 58666420 58092620
1785798940609 57700412 58666420 58092620
1785798940657 57700412 58666420 58092620
1785798940710 57700412 58666420 58092620
1785798940762 57700412 58666420 58092620
1785798940809 57702460 58666420 58092620
1785798940859 57702460 58666420 58092620
1785798940906 57704508 58666420 58092620
1785798940958 57704508 58666420 58092620
1785798941008 57704508 58666420 58092620
1785798941055 57704508 58666420 58092620
1785798941103 57704508 58666420 58092620
1785798941152 57704508 58666420 58092620
1785798941211 57708604 58666420 58092620
1785798941271 57708604 58666420 58092620
1785798941325 57708604 58666420 58092620
1785798941378 57708604 58666420 58092620
1785798941431 57710652 58666420 58092620
1785798941491 57710652 58666420 58092620
1785798941546 57712700 58666420 58092620
1785798941602 57712700 58666420 58092620
1785798941660 57712700 58666420 58092620
1785798941714 57712700 58666420 58092620
1785798941770 57583280 58666420 58092620
1785798941829 57583280 58666420 58092620
1785798941885 57583280 58666420 58092620
1785798941939 57589424 58666420 58092620
1785798941987 57589424 58666420 58092620
1785798942037 57589424 58666420 58092620
1785798942092 57589424 58666420 58092620
1785798942145 57589424 58666420 58092620
1785798942191 57589424 58666420 58092620
1785798942237 57589424 58666420 58092620
1785798942294 57595448 58666420 58092620
1785798942349 57595448 58666420 58092620
1785798942402 57629616 58666420 58092620
1785798942449 57629616 58666420 58092620
1785798942497 57629616 58666420 58092620
1785798942542 57629616 58666420 58092620
1785798942587 57629616 58666420 58092620
1785798942634 57629616 58666420 58092620
1785798942680 57629616 58666420 58092620
1785798942727 57629616 58666420 58092620
1785798942774 57629616 58666420 58092620
1785798942832 57629616 58666420 58092620
1785798942889 57635760 58666420 58092620
1785798942939 57635760 58666420 58092620
1785798942987 57635760 58666420 58092620
1785798943036 57635760 58666420 58092620
1785798943084 57635760 58666420 58092620
1785798943129 57635760 58666420 58092620
1785798943183 57635760 58666420 58092620
1785798943236 57641912 58666420 58092620
1785798943290 57675696 58666420 58092620
1785798943338 57675696 58666420 58092620
1785798943383 57675696 58666420 58092620
1785798943430 57675696 58666420 58092620
1785798943477 57675696 58666420 58092620
1785798943525 57675696 58666420 58092620
1785798943574 57675696 58666420 58092620
1785798943623 57675696 58666420 58092620
1785798943673 57675696 58666420 58092620
1785798943719 57675696 58666420 58092620
1785798943765 57675696 58666420 58092620
1785798943819 57675696 58666420 58092620
1785798943868 57675696 58666420 58092620
1785798943921 57675696 58666420 58092620
1785798943972 57675696 58666420 58092620
1785798944024 57675696 58666420 58092620
1785798944073 57675696 58666420 58092620
1785798944128 57679792 58666420 58092620
1785798944181 57679792 58666420 58092620
1785798944233 57679792 58666420 58092620
1785798944280 57679792 58666420 58092620
1785798944328 57624240 58666420 58092620
1785798944384 57624240 58666420 58092620
1785798944437 57628336 58666420 58092620
1785798944488 57628336 58666420 58092620
1785798944538 57628336 58666420 58092620
1785798944587 57628336 58666420 58092620
1785798944643 57628336 58666420 58092620
1785798944698 57628336 58666420 58092620
1785798944752 57638576 58666420 58092620
1785798944803 57638576 58666420 58092620
1785798944854 57638576 58666420 58092620
1785798944906 57638576 58666420 58092620
1785798944964 57638576 58666420 58092620
1785798945020 57638576 58666420 58092620
1785798945067 57638576 58666420 58092620
1785798945114 57638576 58666420 58092620
1785798945169 57638576 58666420 58092620
1785798945223 57638576 58666420 58092620
1785798945277 57638576 58666420 58092620
1785798945329 57640624 58666420 58092620
1785798945383 57642672 58666420 58092620
1785798945434 57642672 58666420 58092620
1785798945490 57642672 58666420 58092620
1785798945538 57642672 58666420 58092620
1785798945587 57642672 58666420 58092620
1785798945635 57642672 58666420 58092620
1785798945688 57644720 58666420 58092620
1785798945738 57644720 58666420 58092620
1785798945792 57644720 58666420 58092620
1785798945847 57644720 58666420 58092620
1785798945895 57646768 58666420 58092620
1785798945942 57648816 58666420 58092620
1785798945991 57648816 58666420 58092620
1785798946039 57648816 58666420 58092620
1785798946088 57648816 58666420 58092620
1785798946133 57648816 58666420 58092620
1785798946180 57648816 58666420 58092620
1785798946236 57650864 58666420 58092620
1785798946289 57650864 58666420 58092620
1785798946336 57650864 58666420 58092620
1785798946382 57650864 58666420 58092620
1785798946431 57650864 58666420 58092620
1785798946480 57650864 58666420 58092620
1785798946535 57654960 58666420 58092620
1785798946583 57654960 58666420 58092620
1785798946632 57654960 58666420 58092620
1785798946680 57654960 58666420 58092620
1785798946729 57654960 58666420 58092620
1785798946779 57654960 58666420 58092620
1785798946828 57657008 58666420 58092620
1785798946874 57657008 58666420 58092620
1785798946929 57657008 58666420 58092620
1785798946978 57657008 58666420 58092620
1785798947024 57657008 58666420 58092620
1785798947071 57659056 58666420 58092620
1785798947117 57661104 58666420 58092620
1785798947164 57661104 58666420 58092620
1785798947212 57661104 58666420 58092620
1785798947259 57661104 58666420 58092620
1785798947314 57663152 58666420 58092620
1785798947368 57663152 58666420 58092620
1785798947417 57663152 58666420 58092620
1785798947465 57663152 58666420 58092620
1785798947509 57663152 58666420 58092620
1785798947554 57667248 58666420 58092620
1785798947603 57667248 58666420 58092620
1785798947650 57667248 58666420 58092620
1785798947700 57667248 58666420 58092620
1785798947755 57667248 58666420 58092620
1785798947811 57669296 58666420 58092620
1785798947864 57669296 58666420 58092620
1785798947911 57669296 58666420 58092620
1785798947961 57671344 58666420 58092620
1785798948012 57671344 58666420 58092620
1785798948066 57671344 58666420 58092620
1785798948122 57671344 58666420 58092620
1785798948174 57671344 58666420 58092620
1785798948224 57671344 58666420 58092620
1785798948276 57677488 58666420 58092620
1785798948327 57677488 58666420 58092620
1785798948381 57677488 58666420 58092620
1785798948435 57677488 58666420 58092620
1785798948479 57677488 58666420 58092620
1785798948524 57677488 58666420 58092620
1785798948571 57684460 58666420 58092620
1785798948625 57684460 58666420 58092620
1785798948679 57684460 58666420 58092620
1785798948732 57718244 58666420 58092620
1785798948778 57718244 58666420 58092620
1785798948826 57718244 58666420 58092620
1785798948873 57718244 58666420 58092620
1785798948921 57718244 58666420 58092620
1785798948972 57718244 58666420 58092620
1785798949018 57718244 58666420 58092620
1785798949064 57718244 58666420 58092620
1785798949111 57718244 58666420 58092620
1785798949156 57718244 58666420 58092620
1785798949212 57718244 58666420 58092620
1785798949268 57724388 58666420 58092620
1785798949314 57724388 58666420 58092620
1785798949360 57724388 58666420 58092620
1785798949405 57724388 58666420 58092620
1785798949450 57724388 58666420 58092620
1785798949495 57724388 58666420 58092620
1785798949551 57730540 58666420 58092620
1785798949603 57748972 58666420 58092620
1785798949659 57764324 58666420 58092620
1785798949712 57764324 58666420 58092620
1785798949759 57764324 58666420 58092620
1785798949806 57764324 58666420 58092620
1785798949852 57764324 58666420 58092620
1785798949898 57764324 58666420 58092620
1785798949955 57764324 58666420 58092620
1785798950011 57764324 58666420 58092620
1785798950066 57764324 58666420 58092620
1785798950112 57764324 58666420 58092620
1785798950159 57764324 58666420 58092620
1785798950208 57764324 58666420 58092620
1785798950259 57764324 58666420 58092620
1785798950312 57766372 58666420 58092620
1785798950359 57766372 58666420 58092620
1785798950407 57768420 58666420 58092620
1785798950463 57768420 58666420 58092620
1785798950513 57768420 58666420 58092620
1785798950568 57768420 58666420 58092620
1785798950619 57688676 58666420 58092620
1785798950666 57688676 58666420 58092620
1785798950720 57692772 58666420 58092620
1785798950766 57692772 58666420 58092620
1785798950819 57692772 58666420 58092620
1785798950866 57692772 58666420 58092620
1785798950912 57692772 58666420 58092620
1785798950967 57703012 58666420 58092620
1785798951014 57703012 58666420 58092620
1785798951066 57703012 58666420 58092620
1785798951120 57703012 58666420 58092620
1785798951176 57703012 58666420 58092620
1785798951221 57703012 58666420 58092620
1785798951276 57703012 58666420 58092620
1785798951322 57703012 58666420 58092620
1785798951376 57703012 58666420 58092620
1785798951430 57705060 58666420 58092620
1785798951477 57705060 58666420 58092620
1785798951526 57705060 58666420 58092620
1785798951573 57705060 58666420 58092620
1785798951626 57705060 58666420 58092620
1785798951679 57705060 58666420 58092620
1785798951733 57707108 58666420 58092620
1785798951784 57707108 58666420 58092620
1785798951839 57707108 58666420 58092620
1785798951890 57707108 58666420 58092620
1785798951942 57707108 58666420 58092620
1785798951993 57711204 58666420 58092620
1785798952044 57711204 58666420 58092620
1785798952099 57711204 58666420 58092620
1785798952153 57711204 58666420 58092620
1785798952206 57711204 58666420 58092620
1785798952254 57711204 58666420 58092620
1785798952307 57713252 58666420 58092620
1785798952356 57713252 58666420 58092620
1785798952400 57713252 58666420 58092620
1785798952445 57713252 58666420 58092620
1785798952498 57713252 58666420 58092620
1785798952545 57715300 58666420 58092620
1785798952598 57717348 58666420 58092620
1785798952645 57717348 58666420 58092620
1785798952698 57717348 58666420 58092620
1785798952751 57717348 58666420 58092620
1785798952803 57717348 58666420 58092620
1785798952850 57717348 58666420 58092620
1785798952896 57719396 58666420 58092620
1785798952948 57719396 58666420 58092620
1785798952998 57719396 58666420 58092620
1785798953051 57719396 58666420 58092620
1785798953097 57719396 58666420 58092620
1785798953145 57721444 58666420 58092620
1785798953192 57723492 58666420 58092620
1785798953239 57723492 58666420 58092620
1785798953286 57723492 58666420 58092620
1785798953340 57723492 58666420 58092620
1785798953395 57723492 58666420 58092620
1785798953448 57725540 58666420 58092620
1785798953494 57725540 58666420 58092620
1785798953549 57725540 58666420 58092620
1785798953601 57725540 58666420 58092620
1785798953653 57725540 58666420 58092620
1785798953702 57727588 58666420 58092620
1785798953746 57727588 58666420 58092620
1785798953789 57727588 58666420 58092620
1785798953835 57729636 58666420 58092620
1785798953887 57729636 58666420 58092620
1785798953931 57729636 58666420 58092620
1785798953975 57729636 58666420 58092620
1785798954024 57729636 58666420 58092620
1785798954073 57731684 58666420 58092620
1785798954126 57731684 58666420 58092620
1785798954178 57735780 58666420 58092620
1785798954233 57735780 58666420 58092620
1785798954289 57735780 58666420 58092620
1785798954344 57735780 58666420 58092620
1785798954400 57735780 58666420 58092620
1785798954456 57735780 58666420 58092620
1785798954511 57741924 58666420 58092620
1785798954563 57741924 58666420 58092620
1785798954616 57741924 58666420 58092620
1785798954667 57741924 58666420 58092620
1785798954720 57741924 58666420 58092620
1785798954764 57772524 58666420 58092620
1785798954817 57772524 58666420 58092620
1785798954869 57772524 58666420 58092620
1785798954925 57772524 58666420 58092620
1785798954978 57806308 58666420 58092620
1785798955031 57806308 58666420 58092620
1785798955084 57806308 58666420 58092620
1785798955140 57806308 58666420 58092620
1785798955196 57806308 58666420 58092620
1785798955251 57806308 58666420 58092620
1785798955309 57806308 58666420 58092620
1785798955364 57806308 58666420 58092620
1785798955410 57806308 58666420 58092620
1785798955457 57812452 58666420 58092620
1785798955505 57812452 58666420 58092620
1785798955557 57812452 58666420 58092620
1785798955610 57812452 58666420 58092620
1785798955662 57812452 58666420 58092620
1785798955715 57812668 58666420 58092620
1785798955770 57818604 58666420 58092620
1785798955824 57852388 58666420 58092620
1785798955875 57852388 58666420 58092620
1785798955928 57852388 58666420 58092620
1785798955983 57852388 58666420 58092620
1785798956038 57852388 58666420 58092620
1785798956093 57852388 58666420 58092620
1785798956148 57852388 58666420 58092620
1785798956202 57852388 58666420 58092620
1785798956255 57852388 58666420 58092620
1785798956309 57852388 58666420 58092620
1785798956363 57852388 58666420 58092620
1785798956417 57852388 58666420 58092620
1785798956471 57854436 58666420 58092620
1785798956524 57854436 58666420 58092620
1785798956578 57856484 58666420 58092620
1785798956851 57856484 58666420 58092620
1785798956906 57793564 58666420 58092620
1785798956959 57793568 58666420 58092620
1785798957012 57793568 58666420 58092620
1785798957066 57793568 58666420 58092620
1785798957120 57793568 58666420 58092620
1785798957174 57793568 58666420 58092620
1785798957227 57793568 58666420 58092620
1785798957281 57793568 58666420 58092620
1785798957329 57793568 58666420 58092620
1785798957383 57793568 58666420 58092620
1785798957437 57793568 58666420 58092620
1785798957490 56776244 58666420 58092620
# peak_kb=57856484
# hwm_kb=58092620
# frozen_ms=25175
# polled_vs_hwm_pct=4promille
