# timestamp_ms Rss_kB Anonymous_kB Filemapped_kB Shmem_kB
1785409209108 12608 8468 4140 0
1785409209188 12608 8468 4140 0
1785409209211 12608 8468 4140 0
1785409209234 12608 8468 4140 0
1785409209259 12608 8468 4140 0
1785409209283 12608 8468 4140 0
1785409209306 12608 8468 4140 0
1785409209329 12608 8468 4140 0
1785409209353 12608 8468 4140 0
1785409209376 12608 8468 4140 0
1785409209399 12608 8468 4140 0
1785409209423 12608 8468 4140 0
1785409209446 12608 8468 4140 0
1785409209469 12608 8468 4140 0
1785409209492 12608 8468 4140 0
1785409209515 12608 8468 4140 0
1785409209538 12608 8468 4140 0
1785409209561 12608 8468 4140 0
1785409209584 12608 8468 4140 0
1785409209608 12608 8468 4140 0
1785409209630 12608 8468 4140 0
1785409209653 12608 8468 4140 0
1785409209675 12608 8468 4140 0
1785409209699 12608 8468 4140 0
1785409209722 12608 8468 4140 0
1785409209746 12608 8468 4140 0
1785409209768 12608 8468 4140 0
1785409209791 12608 8468 4140 0
1785409209813 12608 8468 4140 0
1785409209836 12608 8468 4140 0
1785409209859 12608 8468 4140 0
1785409209883 12608 8468 4140 0
1785409209905 12608 8468 4140 0
1785409209929 12608 8468 4140 0
1785409209952 12608 8468 4140 0
1785409209974 12608 8468 4140 0
1785409209997 12608 8468 4140 0
1785409210020 12608 8468 4140 0
1785409210043 31808 27628 4180 0
1785409210114 69568 65388 4180 0
1785409210185 137024 132748 4276 0
1785409210256 183900 179604 4296 0
1785409210331 143824 139528 4296 0
1785409210356 149984 145672 4312 0
1785409210380 149984 145672 4312 0
1785409210403 181852 178940 2912 0
1785409210428 188516 184200 4316 0
1785409210500 188516 184200 4316 0
1785409210523 193124 188808 4316 0
1785409210595 193124 188808 4316 0
1785409210618 116376 111972 4404 0
1785409210641 133424 130504 2920 0
1785409210665 166140 163484 2656 0
1785409210689 135440 133616 1824 0
1785409210772 255080 251724 3356 0
1785409210861 301100 298444 2656 0
1785409210958 329676 325228 4448 0
1785409211054 340868 333604 7264 0
1785409211148 340868 333604 7264 0
1785409211179 340868 333604 7264 0
1785409211208 340868 333604 7264 0
1785409211238 340868 333604 7264 0
1785409211267 340868 333604 7264 0
1785409211298 340868 333604 7264 0
1785409211328 340868 333604 7264 0
1785409211358 342916 335652 7264 0
1785409211422 342916 335652 7264 0
1785409211452 342916 335652 7264 0
1785409211483 342916 335652 7264 0
1785409211513 342916 335652 7264 0
1785409211539 342916 335652 7264 0
1785409211565 342916 335652 7264 0
1785409211592 342916 335652 7264 0
1785409211620 342916 335652 7264 0
1785409211650 342916 335652 7264 0
1785409211676 360992 353728 7264 0
1785409211768 360992 353728 7264 0
1785409211799 360992 353728 7264 0
1785409211829 360992 353728 7264 0
1785409211855 360992 353728 7264 0
1785409211884 360992 353728 7264 0
1785409211914 360992 353728 7264 0
1785409211941 360992 353728 7264 0
1785409211971 360992 353728 7264 0
1785409212002 363040 355776 7264 0
1785409212031 363040 355776 7264 0
1785409212090 363040 355776 7264 0
1785409212114 363040 355776 7264 0
1785409212147 363040 355776 7264 0
1785409212176 363040 355776 7264 0
1785409212202 363040 355776 7264 0
1785409212232 363040 355776 7264 0
1785409212262 363040 355776 7264 0
1785409212292 363040 355776 7264 0
1785409212319 363040 355776 7264 0
1785409212348 365088 357824 7264 0
1785409212379 365088 357824 7264 0
1785409212461 365156 357892 7264 0
1785409212530 365156 357892 7264 0
1785409212559 365412 358148 7264 0
1785409212587 365412 358148 7264 0
1785409212654 365540 358276 7264 0
1785409212685 365544 358280 7264 0
1785409212750 365544 358280 7264 0
1785409212776 365916 358652 7264 0
1785409212863 366300 359036 7264 0
1785409212925 366812 359548 7264 0
1785409212954 366812 359548 7264 0
1785409213017 366940 359676 7264 0
1785409213085 367476 360212 7264 0
1785409213362 367988 360724 7264 0
1785409213447 368160 360896 7264 0
1785409213513 368416 361152 7264 0
1785409213593 368416 361152 7264 0
1785409213618 368512 361248 7264 0
1785409213684 368512 361248 7264 0
1785409213718 368512 361248 7264 0
1785409213746 368512 361248 7264 0
1785409213776 368512 361248 7264 0
1785409213804 368512 361248 7264 0
1785409213831 368512 361248 7264 0
1785409213861 368512 361248 7264 0
1785409213887 368512 361248 7264 0
1785409213917 368512 361248 7264 0
1785409213947 368512 361248 7264 0
1785409213977 368512 361248 7264 0
1785409214007 368512 361248 7264 0
1785409214034 368512 361248 7264 0
1785409214063 368512 361248 7264 0
1785409214092 368512 361248 7264 0
1785409214121 368512 361248 7264 0
1785409214149 368512 361248 7264 0
1785409214179 368512 361248 7264 0
1785409214206 368512 361248 7264 0
1785409214234 368512 361248 7264 0
1785409214264 368512 361248 7264 0
1785409214291 368512 361248 7264 0
1785409214318 368512 361248 7264 0
1785409214348 368512 361248 7264 0
1785409214376 368512 361248 7264 0
1785409214405 368512 361248 7264 0
1785409214434 368512 361248 7264 0
1785409214464 368512 361248 7264 0
1785409214493 368512 361248 7264 0
1785409214522 368512 361248 7264 0
1785409214552 368512 361248 7264 0
1785409214578 368512 361248 7264 0
1785409214608 368512 361248 7264 0
1785409214636 368512 361248 7264 0
1785409214665 368512 361248 7264 0
1785409214695 368512 361248 7264 0
1785409214724 368512 361248 7264 0
1785409214755 368512 361248 7264 0
1785409214785 368512 361248 7264 0
1785409214811 368512 361248 7264 0
1785409214841 368512 361248 7264 0
1785409214869 368512 361248 7264 0
1785409214898 368512 361248 7264 0
1785409214928 368512 361248 7264 0
1785409214958 368512 361248 7264 0
1785409214988 371180 363916 7264 0
1785409215071 371180 363916 7264 0
1785409215102 376836 369572 7264 0
1785409215196 376836 369572 7264 0
1785409215227 376836 369572 7264 0
1785409215258 376836 369572 7264 0
1785409215286 376836 369572 7264 0
1785409215316 376836 369572 7264 0
1785409215344 376836 369572 7264 0
1785409215376 376836 369572 7264 0
1785409215401 376836 369572 7264 0
1785409215425 376836 369572 7264 0
1785409215454 376836 369572 7264 0
1785409215485 376836 369572 7264 0
1785409215509 376836 369572 7264 0
1785409215539 379140 371876 7264 0
1785409215616 379140 371876 7264 0
1785409215647 379140 371876 7264 0
1785409215672 379140 371876 7264 0
1785409215702 379140 371876 7264 0
1785409215731 379140 371876 7264 0
1785409215761 379140 371876 7264 0
1785409215790 379140 371876 7264 0
1785409215821 379140 371876 7264 0
1785409215853 379140 371876 7264 0
1785409215882 379140 371876 7264 0
1785409215912 379140 371876 7264 0
1785409215942 379140 371876 7264 0
1785409215973 379140 371876 7264 0
1785409216001 379140 371876 7264 0
1785409216029 379140 371876 7264 0
1785409216060 379140 371876 7264 0
1785409216091 379140 371876 7264 0
1785409216122 379140 371876 7264 0
1785409216152 379140 371876 7264 0
1785409216181 408404 401144 7260 0
1785409216290 411728 404464 7264 0
1785409216394 432248 424984 7264 0
1785409216493 432248 424984 7264 0
1785409216525 432248 424984 7264 0
1785409216550 432248 424984 7264 0
1785409216580 432248 424984 7264 0
1785409216611 432248 424984 7264 0
1785409216643 432248 424984 7264 0
1785409216676 432248 424984 7264 0
1785409216706 434296 427032 7264 0
1785409216777 434296 427032 7264 0
1785409216809 434152 426892 7260 0
1785409216843 363380 356116 7264 0
1785409216873 363380 356116 7264 0
1785409216903 363236 355976 7260 0
1785409216933 382576 379920 2656 0
1785409216963 414560 407296 7264 0
1785409216994 414560 407296 7264 0
1785409217023 422264 415000 7264 0
1785409217054 422264 415000 7264 0
1785409217085 422264 415000 7264 0
1785409217113 422264 415000 7264 0
1785409217144 422264 415000 7264 0
1785409217176 422264 415000 7264 0
1785409217206 422264 415000 7264 0
1785409217238 422264 415000 7264 0
1785409217268 424316 417052 7264 0
1785409217300 424316 417052 7264 0
1785409217333 424316 417052 7264 0
1785409217364 424316 417052 7264 0
1785409217396 424316 417052 7264 0
1785409217425 424316 417052 7264 0
1785409217456 424172 416912 7260 0
1785409217486 427872 420608 7264 0
1785409217517 433528 426264 7264 0
1785409217549 433528 426264 7264 0
1785409217578 433528 426264 7264 0
1785409217604 433528 426264 7264 0
1785409217636 433528 426264 7264 0
1785409217666 433528 426264 7264 0
1785409217697 433528 426264 7264 0
1785409217728 433528 426264 7264 0
1785409217754 433528 426264 7264 0
1785409217786 435580 428316 7264 0
1785409217878 435580 428316 7264 0
1785409217909 435580 428316 7264 0
1785409217941 435580 428316 7264 0
1785409217972 435580 428316 7264 0
1785409218003 435580 428316 7264 0
1785409218034 435580 428316 7264 0
1785409218066 435580 428316 7264 0
1785409218095 437628 430364 7264 0
1785409218167 437628 430364 7264 0
1785409218193 437628 430364 7264 0
1785409218225 437628 430364 7264 0
1785409218257 437628 430364 7264 0
1785409218289 437628 430364 7264 0
1785409218321 437628 430364 7264 0
1785409218353 437628 430364 7264 0
1785409218385 439676 432412 7264 0
1785409218476 439676 432412 7264 0
1785409218507 439676 432412 7264 0
1785409218540 476128 468868 7260 0
1785409218644 513412 506148 7264 0
1785409218739 513412 506148 7264 0
1785409218769 476544 469280 7264 0
1785409218801 476544 469280 7264 0
1785409218834 476544 469280 7264 0
1785409218866 513412 506148 7264 0
1785409218898 513412 506148 7264 0
1785409218931 513412 506148 7264 0
1785409218962 476544 469280 7264 0
1785409218993 476544 469280 7264 0
1785409219017 476544 469280 7264 0
1785409219050 439676 432412 7264 0
1785409219082 439676 432412 7264 0
1785409219113 439676 432412 7264 0
1785409219144 439676 432412 7264 0
1785409219176 439676 432412 7264 0
1785409219208 439676 432412 7264 0
1785409219241 439676 432412 7264 0
1785409219275 439676 432412 7264 0
1785409219303 439532 432272 7260 0
1785409219335 373620 366356 7264 0
1785409219365 373620 366356 7264 0
1785409219393 318308 311044 7264 0
1785409219424 318308 311044 7264 0
1785409219450 345828 338564 7264 0
1785409219479 345828 338564 7264 0
1785409219507 345828 338564 7264 0
1785409219536 345828 338564 7264 0
1785409219567 345828 338564 7264 0
1785409219597 345828 338564 7264 0
1785409219624 345828 338564 7264 0
1785409219653 345828 338564 7264 0
1785409219683 345828 338564 7264 0
1785409219710 345828 338564 7264 0
1785409219738 345828 338564 7264 0
1785409219768 345828 338564 7264 0
1785409219798 324844 321920 2924 0
1785409219826 380108 376428 3680 0
1785409219858 385012 382356 2656 0
1785409219890 419408 412144 7264 0
1785409219921 425068 417804 7264 0
1785409219953 425068 417804 7264 0
1785409219984 425068 417804 7264 0
1785409220012 425068 417804 7264 0
1785409220045 425068 417804 7264 0
1785409220076 425068 417804 7264 0
1785409220108 425068 417804 7264 0
1785409220136 425068 417804 7264 0
1785409220164 425068 417804 7264 0
1785409220196 425068 417804 7264 0
1785409220228 425068 417804 7264 0
1785409220256 425068 417804 7264 0
1785409220285 425068 417804 7264 0
1785409220315 425068 417804 7264 0
1785409220347 425068 417804 7264 0
1785409220378 425068 417804 7264 0
1785409220408 425068 417804 7264 0
1785409220441 425068 417804 7264 0
1785409220473 425068 417804 7264 0
1785409220504 425068 417804 7264 0
1785409220535 425068 417804 7264 0
1785409220568 425068 417804 7264 0
1785409220599 425068 417804 7264 0
1785409220630 425068 417804 7264 0
1785409220659 425068 417804 7264 0
1785409220691 424924 417664 7260 0
1785409220724 318308 311044 7264 0
1785409220755 318308 311044 7264 0
1785409220782 318308 311044 7264 0
1785409220812 318308 311044 7264 0
1785409220842 318308 311044 7264 0
1785409220872 318308 311044 7264 0
1785409220896 318308 311044 7264 0
1785409220926 318308 311044 7264 0
1785409220955 318308 311044 7264 0
1785409220984 318308 311044 7264 0
1785409221011 318308 311044 7264 0
1785409221036 318308 311044 7264 0
1785409221066 318308 311044 7264 0
1785409221093 318308 311044 7264 0
1785409221123 318308 311044 7264 0
1785409221152 318308 311044 7264 0
1785409221179 318308 311044 7264 0
1785409221209 318308 311044 7264 0
1785409221234 318308 311044 7264 0
1785409221264 318308 311044 7264 0
1785409221294 318308 311044 7264 0
1785409221324 318308 311044 7264 0
1785409221352 318308 311044 7264 0
1785409221382 318308 311044 7264 0
1785409221412 318308 311044 7264 0
1785409221442 318308 311044 7264 0
1785409221470 318308 311044 7264 0
1785409221499 318308 311044 7264 0
1785409221530 318308 311044 7264 0
1785409221560 318308 311044 7264 0
1785409221590 318308 311044 7264 0
1785409221618 318308 311044 7264 0
1785409221643 318308 311044 7264 0
1785409221669 318308 311044 7264 0
1785409221699 318308 311044 7264 0
1785409221728 318308 311044 7264 0
1785409221757 318308 311044 7264 0
1785409221787 318308 311044 7264 0
1785409221811 318308 311044 7264 0
1785409221841 318308 311044 7264 0
1785409221871 318308 311044 7264 0
1785409221901 318308 311044 7264 0
1785409221931 318308 311044 7264 0
1785409221960 318308 311044 7264 0
1785409221989 318308 311044 7264 0
1785409222020 318308 311044 7264 0
1785409222047 318308 311044 7264 0
1785409222076 318308 311044 7264 0
1785409222104 318308 311044 7264 0
1785409222134 318308 311044 7264 0
1785409222161 318308 311044 7264 0
1785409222190 318308 311044 7264 0
1785409222220 318308 311044 7264 0
1785409222250 318308 311044 7264 0
1785409222277 318308 311044 7264 0
1785409222306 318308 311044 7264 0
1785409222331 318308 311044 7264 0
1785409222359 318308 311044 7264 0
1785409222384 318308 311044 7264 0
1785409222414 318308 311044 7264 0
1785409222443 318308 311044 7264 0
1785409222473 318308 311044 7264 0
1785409222503 318308 311044 7264 0
1785409222534 318308 311044 7264 0
1785409222563 318308 311044 7264 0
1785409222591 318308 311044 7264 0
1785409222620 318308 311044 7264 0
1785409222650 318308 311044 7264 0
1785409222680 318308 311044 7264 0
1785409222711 318308 311044 7264 0
1785409222740 318308 311044 7264 0
1785409222770 318308 311044 7264 0
1785409222801 318164 310904 7260 0
1785409222831 355892 352212 3680 0
1785409222861 379780 377124 2656 0
1785409222893 417108 409844 7264 0
1785409222925 416968 409708 7260 0
1785409222958 422764 415500 7264 0
1785409222986 422764 415500 7264 0
1785409223018 422764 415500 7264 0
1785409223048 422764 415500 7264 0
1785409223081 422764 415500 7264 0
1785409223112 422764 415500 7264 0
1785409223146 422764 415500 7264 0
1785409223179 422764 415500 7264 0
1785409223211 422764 415500 7264 0
1785409223243 422764 415500 7264 0
1785409223274 422764 415500 7264 0
1785409223300 425068 417804 7264 0
1785409223334 425068 417804 7264 0
1785409223367 425068 417804 7264 0
1785409223400 425068 417804 7264 0
1785409223433 425068 417804 7264 0
1785409223465 425068 417804 7264 0
1785409223497 425068 417804 7264 0
1785409223529 425068 417804 7264 0
1785409223557 425068 417804 7264 0
1785409223589 425068 417804 7264 0
1785409223623 425068 417804 7264 0
1785409223656 425068 417804 7264 0
1785409223690 425068 417804 7264 0
1785409223722 425068 417804 7264 0
1785409223750 425068 417804 7264 0
1785409223783 425068 417804 7264 0
1785409223816 425068 417804 7264 0
1785409223848 425068 417804 7264 0
1785409223880 425068 417804 7264 0
1785409223912 425076 417812 7264 0
1785409223945 424936 417676 7260 0
1785409223977 430444 423180 7264 0
1785409224011 430444 423180 7264 0
1785409224042 430444 423180 7264 0
1785409224076 430444 423180 7264 0
1785409224108 430444 423180 7264 0
1785409224141 430444 423180 7264 0
1785409224171 430444 423180 7264 0
1785409224204 430444 423180 7264 0
1785409224235 430444 423180 7264 0
1785409224269 430444 423180 7264 0
1785409224302 430444 423180 7264 0
1785409224335 430444 423180 7264 0
1785409224368 430444 423180 7264 0
1785409224400 430444 423180 7264 0
1785409224433 430444 423180 7264 0
1785409224465 430444 423180 7264 0
1785409224496 430444 423180 7264 0
1785409224530 430444 423180 7264 0
1785409224562 430444 423180 7264 0
1785409224596 430444 423180 7264 0
1785409224629 430444 423180 7264 0
1785409224661 430444 423180 7264 0
1785409224693 430444 423180 7264 0
1785409224720 430444 423180 7264 0
1785409224753 430444 423180 7264 0
1785409224786 430444 423180 7264 0
1785409224818 430444 423180 7264 0
1785409224851 430444 423180 7264 0
1785409224884 430444 423180 7264 0
1785409224917 430444 423180 7264 0
1785409224949 430444 423180 7264 0
1785409224982 430300 423040 7260 0
1785409225014 434004 426740 7264 0
1785409225046 434212 426948 7264 0
1785409225078 439660 432396 7264 0
1785409225112 439660 432396 7264 0
1785409225146 439660 432396 7264 0
1785409225180 439660 432396 7264 0
1785409225212 439660 432396 7264 0
1785409225244 439660 432396 7264 0
1785409225277 439660 432396 7264 0
1785409225307 439660 432396 7264 0
1785409225337 439660 432396 7264 0
1785409225371 439660 432396 7264 0
1785409225404 439660 432396 7264 0
1785409225435 439660 432396 7264 0
1785409225468 439660 432396 7264 0
1785409225499 439660 432396 7264 0
1785409225532 439660 432396 7264 0
1785409225560 439660 432396 7264 0
1785409225586 439660 432396 7264 0
1785409225620 439660 432396 7264 0
1785409225654 439660 432396 7264 0
1785409225687 439660 432396 7264 0
1785409225720 439660 432396 7264 0
1785409225752 439660 432396 7264 0
1785409225781 439660 432396 7264 0
1785409225813 439660 432396 7264 0
1785409225846 439660 432396 7264 0
1785409225879 439660 432396 7264 0
1785409225911 439660 432396 7264 0
1785409225943 439660 432396 7264 0
1785409225975 439660 432396 7264 0
1785409226008 439660 432396 7264 0
1785409226039 439660 432396 7264 0
1785409226072 439660 432396 7264 0
1785409226099 439660 432396 7264 0
1785409226133 439660 432396 7264 0
1785409226167 439660 432396 7264 0
1785409226200 439660 432396 7264 0
1785409226229 439660 432396 7264 0
1785409226263 439660 432396 7264 0
1785409226296 439660 432396 7264 0
1785409226329 439660 432396 7264 0
1785409226358 439660 432396 7264 0
1785409226391 439660 432396 7264 0
1785409226419 439660 432396 7264 0
1785409226451 439660 432396 7264 0
1785409226485 439660 432396 7264 0
1785409226518 439660 432396 7264 0
1785409226551 439660 432396 7264 0
1785409226583 439660 432396 7264 0
1785409226618 439660 432396 7264 0
1785409226652 439660 432396 7264 0
1785409226684 439660 432396 7264 0
1785409226717 439660 432396 7264 0
1785409226744 439660 432396 7264 0
1785409226776 439660 432396 7264 0
1785409226809 439660 432396 7264 0
1785409226842 439660 432396 7264 0
1785409226876 439660 432396 7264 0
1785409226904 439660 432396 7264 0
1785409226937 439660 432396 7264 0
1785409226966 439660 432396 7264 0
1785409227000 439660 432396 7264 0
1785409227032 439660 432396 7264 0
1785409227064 439660 432396 7264 0
1785409227096 439660 432396 7264 0
1785409227128 439660 432396 7264 0
1785409227161 439660 432396 7264 0
1785409227195 439660 432396 7264 0
1785409227227 439660 432396 7264 0
1785409227260 439660 432396 7264 0
1785409227293 439660 432396 7264 0
1785409227325 439660 432396 7264 0
1785409227358 439660 432396 7264 0
1785409227390 439660 432396 7264 0
1785409227420 439660 432396 7264 0
1785409227453 439660 432396 7264 0
1785409227483 439660 432396 7264 0
1785409227515 439660 432396 7264 0
1785409227548 439660 432396 7264 0
1785409227581 439660 432396 7264 0
1785409227615 439660 432396 7264 0
1785409227645 439660 432396 7264 0
1785409227672 439660 432396 7264 0
1785409227706 439660 432396 7264 0
1785409227738 439660 432396 7264 0
1785409227765 439660 432396 7264 0
1785409227798 439660 432396 7264 0
1785409227831 439660 432396 7264 0
1785409227865 439660 432396 7264 0
1785409227898 439660 432396 7264 0
1785409227930 439660 432396 7264 0
1785409227962 439660 432396 7264 0
1785409227995 439660 432396 7264 0
1785409228026 439660 432396 7264 0
1785409228056 439660 432396 7264 0
1785409228086 439660 432396 7264 0
1785409228120 439660 432396 7264 0
1785409228151 439660 432396 7264 0
1785409228185 439660 432396 7264 0
1785409228218 439660 432396 7264 0
1785409228251 439660 432396 7264 0
1785409228284 439660 432396 7264 0
1785409228312 439660 432396 7264 0
1785409228344 439660 432396 7264 0
1785409228373 439660 432396 7264 0
1785409228399 439660 432396 7264 0
1785409228433 439660 432396 7264 0
1785409228466 439660 432396 7264 0
1785409228499 439660 432396 7264 0
1785409228532 439660 432396 7264 0
1785409228560 439660 432396 7264 0
1785409228592 439660 432396 7264 0
1785409228625 439660 432396 7264 0
1785409228658 439660 432396 7264 0
1785409228690 439660 432396 7264 0
1785409228722 439660 432396 7264 0
1785409228749 439660 432396 7264 0
1785409228781 439660 432396 7264 0
1785409228813 439660 432396 7264 0
1785409228847 439660 432396 7264 0
1785409228878 439660 432396 7264 0
1785409228906 439660 432396 7264 0
1785409228937 439660 432396 7264 0
1785409228970 439660 432396 7264 0
1785409228998 439660 432396 7264 0
1785409229029 439660 432396 7264 0
1785409229062 439660 432396 7264 0
1785409229094 439660 432396 7264 0
1785409229127 439660 432396 7264 0
1785409229160 439660 432396 7264 0
1785409229193 439660 432396 7264 0
1785409229225 439660 432396 7264 0
1785409229257 439660 432396 7264 0
1785409229288 439660 432396 7264 0
1785409229321 439660 432396 7264 0
1785409229350 439660 432396 7264 0
1785409229382 439660 432396 7264 0
1785409229413 439660 432396 7264 0
1785409229447 439660 432396 7264 0
1785409229480 439660 432396 7264 0
1785409229512 439660 432396 7264 0
1785409229544 439660 432396 7264 0
1785409229575 439660 432396 7264 0
1785409229607 439660 432396 7264 0
1785409229640 439660 432396 7264 0
1785409229671 439660 432396 7264 0
1785409229700 439660 432396 7264 0
1785409229734 439660 432396 7264 0
1785409229764 439660 432396 7264 0
1785409229790 439660 432396 7264 0
1785409229820 439660 432396 7264 0
1785409229853 439660 432396 7264 0
1785409229886 439660 432396 7264 0
1785409229918 439660 432396 7264 0
1785409229950 439660 432396 7264 0
1785409229980 439660 432396 7264 0
1785409230013 439660 432396 7264 0
1785409230045 439660 432396 7264 0
1785409230078 439660 432396 7264 0
1785409230106 439660 432396 7264 0
1785409230140 439660 432396 7264 0
1785409230172 439660 432396 7264 0
1785409230205 439660 432396 7264 0
1785409230237 439660 432396 7264 0
1785409230271 439660 432396 7264 0
1785409230303 439660 432396 7264 0
1785409230335 439660 432396 7264 0
1785409230369 439660 432396 7264 0
1785409230401 439660 432396 7264 0
1785409230431 439660 432396 7264 0
1785409230464 439660 432396 7264 0
1785409230496 439660 432396 7264 0
1785409230530 439660 432396 7264 0
1785409230564 439660 432396 7264 0
1785409230597 439660 432396 7264 0
1785409230630 439660 432396 7264 0
1785409230662 439660 432396 7264 0
1785409230695 439660 432396 7264 0
1785409230728 439660 432396 7264 0
1785409230762 439660 432396 7264 0
1785409230791 439660 432396 7264 0
1785409230823 439660 432396 7264 0
1785409230856 439660 432396 7264 0
1785409230888 439660 432396 7264 0
1785409230921 439660 432396 7264 0
1785409230954 439660 432396 7264 0
1785409230987 439660 432396 7264 0
1785409231020 439660 432396 7264 0
1785409231052 439660 432396 7264 0
1785409231085 439660 432396 7264 0
1785409231117 439660 432396 7264 0
1785409231151 439660 432396 7264 0
1785409231182 439660 432396 7264 0
1785409231214 439660 432396 7264 0
1785409231248 439660 432396 7264 0
1785409231281 439660 432396 7264 0
1785409231315 439660 432396 7264 0
1785409231348 439660 432396 7264 0
1785409231380 439660 432396 7264 0
1785409231408 439660 432396 7264 0
1785409231439 439660 432396 7264 0
1785409231471 439660 432396 7264 0
1785409231502 439660 432396 7264 0
1785409231536 439660 432396 7264 0
1785409231566 439660 432396 7264 0
1785409231600 439660 432396 7264 0
1785409231629 439660 432396 7264 0
1785409231661 439660 432396 7264 0
1785409231692 439660 432396 7264 0
1785409231722 439660 432396 7264 0
1785409231751 439660 432396 7264 0
1785409231784 439660 432396 7264 0
1785409231818 439660 432396 7264 0
1785409231850 439660 432396 7264 0
1785409231883 439660 432396 7264 0
1785409231914 439660 432396 7264 0
1785409231943 439660 432396 7264 0
1785409231975 439660 432396 7264 0
1785409232007 439660 432396 7264 0
1785409232039 439660 432396 7264 0
1785409232071 439660 432396 7264 0
1785409232100 439660 432396 7264 0
1785409232132 439660 432396 7264 0
1785409232165 439660 432396 7264 0
1785409232199 439660 432396 7264 0
1785409232228 439660 432396 7264 0
1785409232261 439660 432396 7264 0
1785409232289 439660 432396 7264 0
1785409232322 439660 432396 7264 0
1785409232356 439660 432396 7264 0
1785409232389 439660 432396 7264 0
1785409232422 439660 432396 7264 0
1785409232453 439660 432396 7264 0
1785409232487 439660 432396 7264 0
1785409232520 439660 432396 7264 0
1785409232552 439660 432396 7264 0
1785409232581 439660 432396 7264 0
1785409232615 439660 432396 7264 0
1785409232650 439660 432396 7264 0
1785409232681 439660 432396 7264 0
1785409232709 439660 432396 7264 0
1785409232741 439660 432396 7264 0
1785409232773 439660 432396 7264 0
1785409232801 439660 432396 7264 0
1785409232835 439660 432396 7264 0
1785409232868 439660 432396 7264 0
1785409232902 439660 432396 7264 0
1785409232934 439660 432396 7264 0
1785409232967 439660 432396 7264 0
1785409232998 439660 432396 7264 0
1785409233029 439660 432396 7264 0
1785409233062 439660 432396 7264 0
1785409233095 439660 432396 7264 0
1785409233127 439660 432396 7264 0
1785409233160 439660 432396 7264 0
1785409233193 439660 432396 7264 0
1785409233225 439660 432396 7264 0
1785409233257 439660 432396 7264 0
1785409233289 439660 432396 7264 0
1785409233323 439660 432396 7264 0
1785409233356 439660 432396 7264 0
1785409233390 439660 432396 7264 0
1785409233423 439660 432396 7264 0
1785409233456 439660 432396 7264 0
1785409233488 439660 432396 7264 0
1785409233519 439660 432396 7264 0
1785409233552 439660 432396 7264 0
1785409233583 439660 432396 7264 0
1785409233612 439660 432396 7264 0
1785409233644 439660 432396 7264 0
1785409233676 439660 432396 7264 0
1785409233708 439660 432396 7264 0
1785409233737 439660 432396 7264 0
1785409233770 439660 432396 7264 0
1785409233804 439660 432396 7264 0
1785409233838 439660 432396 7264 0
1785409233871 439660 432396 7264 0
1785409233902 439660 432396 7264 0
1785409233936 439660 432396 7264 0
1785409233969 439660 432396 7264 0
1785409234002 439660 432396 7264 0
1785409234034 439660 432396 7264 0
1785409234069 439660 432396 7264 0
1785409234103 439660 432396 7264 0
1785409234133 439660 432396 7264 0
1785409234167 439660 432396 7264 0
1785409234197 439660 432396 7264 0
1785409234231 439660 432396 7264 0
1785409234265 439660 432396 7264 0
1785409234297 439660 432396 7264 0
1785409234328 439660 432396 7264 0
1785409234361 439660 432396 7264 0
1785409234393 439660 432396 7264 0
1785409234424 439660 432396 7264 0
1785409234457 439660 432396 7264 0
1785409234490 439660 432396 7264 0
1785409234523 439660 432396 7264 0
1785409234554 439660 432396 7264 0
1785409234585 439660 432396 7264 0
1785409234614 439660 432396 7264 0
1785409234639 439660 432396 7264 0
1785409234672 439660 432396 7264 0
1785409234705 439660 432396 7264 0
1785409234737 439660 432396 7264 0
1785409234771 439660 432396 7264 0
1785409234805 439660 432396 7264 0
1785409234837 439660 432396 7264 0
1785409234870 439660 432396 7264 0
1785409234903 439660 432396 7264 0
1785409234936 439660 432396 7264 0
1785409234969 439660 432396 7264 0
1785409235002 439660 432396 7264 0
1785409235036 439660 432396 7264 0
1785409235068 439660 432396 7264 0
1785409235101 439660 432396 7264 0
1785409235133 439660 432396 7264 0
1785409235167 318308 311044 7264 0
1785409235196 318308 311044 7264 0
1785409235225 318308 311044 7264 0
1785409235255 318308 311044 7264 0
1785409235285 318308 311044 7264 0
1785409235310 318308 311044 7264 0
1785409235339 318308 311044 7264 0
1785409235368 318308 311044 7264 0
1785409235395 318308 311044 7264 0
1785409235425 318308 311044 7264 0
1785409235455 318308 311044 7264 0
1785409235485 318308 311044 7264 0
1785409235514 318308 311044 7264 0
1785409235542 318308 311044 7264 0
1785409235571 318308 311044 7264 0
1785409235601 318308 311044 7264 0
1785409235629 318308 311044 7264 0
1785409235657 318308 311044 7264 0
1785409235687 318308 311044 7264 0
1785409235716 318308 311044 7264 0
1785409235746 318308 311044 7264 0
1785409235775 318308 311044 7264 0
1785409235805 318308 311044 7264 0
1785409235835 318308 311044 7264 0
1785409235863 318308 311044 7264 0
1785409235890 318308 311044 7264 0
1785409235920 318308 311044 7264 0
1785409235949 318308 311044 7264 0
1785409235979 318308 311044 7264 0
1785409236005 318308 311044 7264 0
1785409236035 318308 311044 7264 0
1785409236063 318308 311044 7264 0
1785409236092 318308 311044 7264 0
1785409236121 318308 311044 7264 0
1785409236148 318308 311044 7264 0
1785409236178 318308 311044 7264 0
1785409236208 318308 311044 7264 0
1785409236238 318308 311044 7264 0
1785409236267 318308 311044 7264 0
1785409236295 318308 311044 7264 0
1785409236325 318308 311044 7264 0
1785409236356 318308 311044 7264 0
1785409236386 318308 311044 7264 0
1785409236416 318308 311044 7264 0
1785409236441 318308 311044 7264 0
1785409236471 318308 311044 7264 0
1785409236501 318308 311044 7264 0
1785409236530 318308 311044 7264 0
1785409236559 318308 311044 7264 0
1785409236588 318308 311044 7264 0
1785409236618 318308 311044 7264 0
1785409236648 318308 311044 7264 0
1785409236675 318308 311044 7264 0
1785409236705 318308 311044 7264 0
1785409236735 318308 311044 7264 0
1785409236765 318308 311044 7264 0
1785409236791 318308 311044 7264 0
1785409236820 318308 311044 7264 0
1785409236848 318308 311044 7264 0
1785409236878 318308 311044 7264 0
1785409236907 318308 311044 7264 0
1785409236936 318308 311044 7264 0
1785409236966 318308 311044 7264 0
1785409236996 318308 311044 7264 0
1785409237026 318308 311044 7264 0
1785409237056 318308 311044 7264 0
1785409237085 318308 311044 7264 0
1785409237114 299132 296208 2924 0
1785409237142 42928 39180 3748 0
1785409237166 384980 377972 7008 0
1785409237195 417108 409844 7264 0
1785409237227 416968 409708 7260 0
1785409237257 422764 415500 7264 0
1785409237291 422764 415500 7264 0
1785409237323 422764 415500 7264 0
1785409237357 422764 415500 7264 0
1785409237386 422764 415500 7264 0
1785409237420 422764 415500 7264 0
1785409237453 422764 415500 7264 0
1785409237487 422764 415500 7264 0
1785409237516 422764 415500 7264 0
1785409237547 422764 415500 7264 0
1785409237579 422620 415360 7260 0
1785409237611 425068 417804 7264 0
1785409237644 425068 417804 7264 0
1785409237679 425068 417804 7264 0
1785409237712 425068 417804 7264 0
1785409237745 425068 417804 7264 0
1785409237775 425068 417804 7264 0
1785409237806 425068 417804 7264 0
1785409237839 425068 417804 7264 0
1785409237873 425068 417804 7264 0
1785409237903 425068 417804 7264 0
1785409237937 425068 417804 7264 0
1785409237969 425068 417804 7264 0
1785409237999 425068 417804 7264 0
1785409238032 425068 417804 7264 0
1785409238066 425068 417804 7264 0
1785409238099 425068 417804 7264 0
1785409238132 425068 417804 7264 0
1785409238164 425068 417804 7264 0
1785409238197 424924 417664 7260 0
1785409238226 425076 417812 7264 0
1785409238259 430444 423180 7264 0
1785409238294 430444 423180 7264 0
1785409238326 430444 423180 7264 0
1785409238357 430444 423180 7264 0
1785409238391 430444 423180 7264 0
1785409238423 430444 423180 7264 0
1785409238455 430444 423180 7264 0
1785409238481 430444 423180 7264 0
1785409238514 430444 423180 7264 0
1785409238540 430444 423180 7264 0
1785409238573 430444 423180 7264 0
1785409238605 430444 423180 7264 0
1785409238636 430444 423180 7264 0
1785409238669 430444 423180 7264 0
1785409238696 430444 423180 7264 0
1785409238728 430444 423180 7264 0
1785409238760 430444 423180 7264 0
1785409238792 430444 423180 7264 0
1785409238820 430444 423180 7264 0
1785409238855 430444 423180 7264 0
1785409238888 430444 423180 7264 0
1785409238920 430444 423180 7264 0
1785409238948 430444 423180 7264 0
1785409238980 430444 423180 7264 0
1785409239013 430444 423180 7264 0
1785409239046 430444 423180 7264 0
1785409239075 430444 423180 7264 0
1785409239109 430444 423180 7264 0
1785409239143 430444 423180 7264 0
1785409239175 430444 423180 7264 0
1785409239207 430444 423180 7264 0
1785409239241 430300 423040 7260 0
1785409239274 434004 426740 7264 0
1785409239303 437212 429952 7260 0
1785409239332 439660 432396 7264 0
1785409239365 439660 432396 7264 0
1785409239399 439660 432396 7264 0
1785409239432 439660 432396 7264 0
1785409239465 439660 432396 7264 0
1785409239498 439660 432396 7264 0
1785409239529 439660 432396 7264 0
1785409239558 439660 432396 7264 0
1785409239590 439660 432396 7264 0
1785409239623 439660 432396 7264 0
1785409239656 439660 432396 7264 0
1785409239687 439660 432396 7264 0
1785409239721 439660 432396 7264 0
1785409239753 439660 432396 7264 0
1785409239786 439660 432396 7264 0
1785409239819 439660 432396 7264 0
1785409239853 439660 432396 7264 0
1785409239886 439660 432396 7264 0
1785409239919 439660 432396 7264 0
1785409239946 439660 432396 7264 0
1785409239979 439660 432396 7264 0
1785409240009 439660 432396 7264 0
1785409240040 439660 432396 7264 0
1785409240073 439660 432396 7264 0
1785409240107 439660 432396 7264 0
1785409240140 439660 432396 7264 0
1785409240174 439660 432396 7264 0
1785409240208 439660 432396 7264 0
1785409240239 439660 432396 7264 0
1785409240270 439660 432396 7264 0
1785409240303 439660 432396 7264 0
1785409240334 439660 432396 7264 0
1785409240368 439660 432396 7264 0
1785409240402 439660 432396 7264 0
1785409240434 439660 432396 7264 0
1785409240466 439660 432396 7264 0
1785409240498 439660 432396 7264 0
1785409240529 439660 432396 7264 0
1785409240563 439660 432396 7264 0
1785409240596 439660 432396 7264 0
1785409240630 439660 432396 7264 0
1785409240663 439660 432396 7264 0
1785409240694 439660 432396 7264 0
1785409240728 439660 432396 7264 0
1785409240754 439660 432396 7264 0
1785409240787 439660 432396 7264 0
1785409240819 439660 432396 7264 0
1785409240853 439660 432396 7264 0
1785409240887 439660 432396 7264 0
1785409240916 439660 432396 7264 0
1785409240951 439660 432396 7264 0
1785409240985 439660 432396 7264 0
1785409241017 439660 432396 7264 0
1785409241050 439660 432396 7264 0
1785409241084 439660 432396 7264 0
1785409241114 439660 432396 7264 0
1785409241145 439660 432396 7264 0
1785409241176 439660 432396 7264 0
1785409241205 439660 432396 7264 0
1785409241235 439660 432396 7264 0
1785409241268 439660 432396 7264 0
1785409241301 439660 432396 7264 0
1785409241335 439660 432396 7264 0
1785409241365 439660 432396 7264 0
1785409241397 439660 432396 7264 0
1785409241431 439660 432396 7264 0
1785409241463 439660 432396 7264 0
1785409241496 439660 432396 7264 0
1785409241530 439660 432396 7264 0
1785409241558 439516 432256 7260 0
1785409241591 318308 311044 7264 0
1785409241621 318308 311044 7264 0
1785409241647 318308 311044 7264 0
1785409241676 336840 333932 2908 0
1785409241705 375160 367900 7260 0
1785409241735 402460 395200 7260 0
1785409241765 419412 412148 7264 0
1785409241794 419272 412012 7260 0
1785409241826 425068 417804 7264 0
1785409241852 425068 417804 7264 0
1785409241885 425068 417804 7264 0
1785409241911 425068 417804 7264 0
1785409241942 425068 417804 7264 0
1785409241973 425068 417804 7264 0
1785409242006 425068 417804 7264 0
1785409242039 425068 417804 7264 0
1785409242072 425068 417804 7264 0
1785409242105 425068 417804 7264 0
1785409242134 425068 417804 7264 0
1785409242165 425068 417804 7264 0
1785409242199 425068 417804 7264 0
1785409242231 425068 417804 7264 0
1785409242263 425068 417804 7264 0
1785409242293 425068 417804 7264 0
1785409242325 425068 417804 7264 0
1785409242356 318308 311044 7264 0
1785409242386 318308 311044 7264 0
1785409242414 318308 311044 7264 0
1785409242442 318308 311044 7264 0
1785409242474 318308 311044 7264 0
1785409242500 318308 311044 7264 0
1785409242529 318308 311044 7264 0
1785409242556 318308 311044 7264 0
1785409242586 318308 311044 7264 0
1785409242616 318308 311044 7264 0
1785409242646 318308 311044 7264 0
1785409242676 318308 311044 7264 0
1785409242706 318308 311044 7264 0
1785409242733 318308 311044 7264 0
1785409242762 318308 311044 7264 0
1785409242791 318308 311044 7264 0
1785409242821 318308 311044 7264 0
1785409242848 318308 311044 7264 0
1785409242874 318308 311044 7264 0
1785409242900 318308 311044 7264 0
1785409242931 318308 311044 7264 0
1785409242961 318308 311044 7264 0
1785409242990 318308 311044 7264 0
1785409243016 318308 311044 7264 0
1785409243041 318308 311044 7264 0
1785409243070 318308 311044 7264 0
1785409243098 318308 311044 7264 0
1785409243126 318308 311044 7264 0
1785409243156 318308 311044 7264 0
1785409243187 318308 311044 7264 0
1785409243214 318308 311044 7264 0
1785409243245 318308 311044 7264 0
1785409243275 318308 311044 7264 0
1785409243304 318308 311044 7264 0
1785409243333 318308 311044 7264 0
1785409243360 318308 311044 7264 0
1785409243387 318308 311044 7264 0
1785409243414 318308 311044 7264 0
1785409243443 318308 311044 7264 0
1785409243472 318308 311044 7264 0
1785409243501 318308 311044 7264 0
1785409243532 318308 311044 7264 0
1785409243561 318308 311044 7264 0
1785409243588 318308 311044 7264 0
1785409243617 318308 311044 7264 0
1785409243645 318308 311044 7264 0
1785409243674 318308 311044 7264 0
1785409243703 318308 311044 7264 0
1785409243730 318308 311044 7264 0
1785409243759 318308 311044 7264 0
1785409243790 318308 311044 7264 0
1785409243820 318308 311044 7264 0
1785409243849 318308 311044 7264 0
1785409243880 318308 311044 7264 0
1785409243908 318308 311044 7264 0
1785409243936 318308 311044 7264 0
1785409243967 318308 311044 7264 0
1785409243996 318308 311044 7264 0
1785409244024 318308 311044 7264 0
1785409244053 318308 311044 7264 0
1785409244083 318308 311044 7264 0
1785409244112 318308 311044 7264 0
1785409244137 318308 311044 7264 0
1785409244168 318308 311044 7264 0
1785409244198 318308 311044 7264 0
1785409244228 318308 311044 7264 0
1785409244258 318308 311044 7264 0
1785409244284 318308 311044 7264 0
1785409244313 318308 311044 7264 0
1785409244341 318308 311044 7264 0
1785409244370 318308 311044 7264 0
1785409244395 318308 311044 7264 0
1785409244425 318308 311044 7264 0
1785409244450 318308 311044 7264 0
1785409244479 318308 311044 7264 0
1785409244507 318308 311044 7264 0
1785409244533 318308 311044 7264 0
1785409244563 318308 311044 7264 0
1785409244593 339312 335188 4124 0
1785409244622 43324 39264 4060 0
1785409244645 407740 400480 7260 0
1785409244676 417108 409844 7264 0
1785409244707 422764 415500 7264 0
1785409244735 422764 415500 7264 0
1785409244767 422764 415500 7264 0
1785409244798 422764 415500 7264 0
1785409244828 422764 415500 7264 0
1785409244853 422764 415500 7264 0
1785409244882 422764 415500 7264 0
1785409244907 422764 415500 7264 0
1785409244940 422764 415500 7264 0
1785409244973 422764 415500 7264 0
1785409245005 422764 415500 7264 0
1785409245035 422764 415500 7264 0
1785409245067 425068 417804 7264 0
1785409245099 425068 417804 7264 0
1785409245131 425068 417804 7264 0
1785409245164 425068 417804 7264 0
1785409245192 425068 417804 7264 0
1785409245223 425068 417804 7264 0
1785409245256 425068 417804 7264 0
1785409245287 425068 417804 7264 0
1785409245321 425068 417804 7264 0
1785409245354 425068 417804 7264 0
1785409245387 425068 417804 7264 0
1785409245418 425068 417804 7264 0
1785409245451 425068 417804 7264 0
1785409245483 425068 417804 7264 0
1785409245511 425068 417804 7264 0
1785409245542 425068 417804 7264 0
1785409245574 425068 417804 7264 0
1785409245607 425068 417804 7264 0
1785409245639 425068 417804 7264 0
1785409245670 421624 417772 3852 0
1785409245703 425076 417812 7264 0
1785409245733 430444 423180 7264 0
1785409245765 430444 423180 7264 0
1785409245795 430444 423180 7264 0
1785409245828 430444 423180 7264 0
1785409245861 430444 423180 7264 0
1785409245893 430444 423180 7264 0
1785409245921 430444 423180 7264 0
1785409245955 430444 423180 7264 0
1785409245987 430444 423180 7264 0
1785409246020 430444 423180 7264 0
1785409246054 430444 423180 7264 0
1785409246086 430444 423180 7264 0
1785409246119 430444 423180 7264 0
1785409246145 430444 423180 7264 0
1785409246174 430444 423180 7264 0
1785409246208 430444 423180 7264 0
1785409246242 430444 423180 7264 0
1785409246274 430444 423180 7264 0
1785409246309 430444 423180 7264 0
1785409246342 430444 423180 7264 0
1785409246374 430444 423180 7264 0
1785409246407 430444 423180 7264 0
1785409246440 430444 423180 7264 0
1785409246472 430444 423180 7264 0
1785409246505 430444 423180 7264 0
1785409246536 430444 423180 7264 0
1785409246570 430444 423180 7264 0
1785409246603 430444 423180 7264 0
1785409246635 318308 311044 7264 0
1785409246663 318308 311044 7264 0
1785409246693 318308 311044 7264 0
1785409246719 329084 326160 2924 0
1785409246748 373576 366316 7260 0
1785409246778 367844 364164 3680 0
1785409246811 434004 426740 7264 0
1785409246841 434004 426740 7264 0
1785409246870 439660 432396 7264 0
1785409246904 439660 432396 7264 0
1785409246938 439660 432396 7264 0
1785409246969 439660 432396 7264 0
1785409247002 439660 432396 7264 0
1785409247035 439660 432396 7264 0
1785409247067 439660 432396 7264 0
1785409247100 439660 432396 7264 0
1785409247134 439660 432396 7264 0
1785409247165 439660 432396 7264 0
1785409247197 439660 432396 7264 0
1785409247231 439660 432396 7264 0
1785409247264 439660 432396 7264 0
1785409247298 439660 432396 7264 0
1785409247329 439660 432396 7264 0
1785409247360 439660 432396 7264 0
1785409247394 439660 432396 7264 0
1785409247428 439660 432396 7264 0
1785409247457 439660 432396 7264 0
1785409247488 439660 432396 7264 0
1785409247522 439660 432396 7264 0
1785409247555 439660 432396 7264 0
1785409247587 439660 432396 7264 0
1785409247621 439660 432396 7264 0
1785409247654 439660 432396 7264 0
1785409247687 439660 432396 7264 0
1785409247720 439660 432396 7264 0
1785409247755 318308 311044 7264 0
1785409247783 351944 344680 7264 0
1785409247813 355176 347912 7264 0
1785409247843 355176 347912 7264 0
1785409247872 318308 311044 7264 0
1785409247902 318308 311044 7264 0
1785409247932 318308 311044 7264 0
1785409247962 341704 334440 7264 0
1785409247994 355176 347912 7264 0
1785409248022 355176 347912 7264 0
1785409248047 355032 347772 7260 0
1785409248077 318308 311044 7264 0
1785409248103 318308 311044 7264 0
1785409248133 318308 311044 7264 0
1785409248161 318308 311044 7264 0
1785409248190 318308 311044 7264 0
1785409248220 299492 296836 2656 0
1785409248248 369136 365176 3960 0
1785409248274 394424 390744 3680 0
1785409248308 421716 414452 7264 0
1785409248335 421716 414452 7264 0
1785409248369 427372 420108 7264 0
1785409248400 427372 420108 7264 0
1785409248434 427372 420108 7264 0
1785409248469 427372 420108 7264 0
1785409248501 427372 420108 7264 0
1785409248534 427372 420108 7264 0
1785409248566 427372 420108 7264 0
1785409248598 427372 420108 7264 0
1785409248629 427372 420108 7264 0
1785409248659 427372 420108 7264 0
1785409248688 427372 420108 7264 0
1785409248722 427372 420108 7264 0
1785409248755 427372 420108 7264 0
1785409248789 427372 420108 7264 0
1785409248822 427372 420108 7264 0
1785409248856 427372 420108 7264 0
1785409248888 427372 420108 7264 0
1785409248921 427372 420108 7264 0
1785409248953 427372 420108 7264 0
1785409248986 427372 420108 7264 0
1785409249015 427372 420108 7264 0
1785409249048 427372 420108 7264 0
1785409249082 427372 420108 7264 0
1785409249116 336740 329476 7264 0
1785409249145 336740 329476 7264 0
1785409249174 336740 329476 7264 0
1785409249203 360320 357404 2916 0
1785409249232 34776 30168 4608 0
1785409249255 419412 412148 7264 0
1785409249288 419272 412012 7260 0
1785409249321 425068 417804 7264 0
1785409249353 425068 417804 7264 0
1785409249387 425068 417804 7264 0
1785409249419 425068 417804 7264 0
1785409249451 425068 417804 7264 0
1785409249482 425068 417804 7264 0
1785409249514 425068 417804 7264 0
1785409249544 425068 417804 7264 0
1785409249577 425068 417804 7264 0
1785409249610 425068 417804 7264 0
1785409249643 425068 417804 7264 0
1785409249676 425068 417804 7264 0
1785409249708 425068 417804 7264 0
1785409249739 425068 417804 7264 0
1785409249773 425068 417804 7264 0
1785409249805 336740 329476 7264 0
1785409249835 336740 329476 7264 0
1785409249865 336740 329476 7264 0
1785409249895 336740 329476 7264 0
1785409249922 336740 329476 7264 0
1785409249953 336740 329476 7264 0
1785409249981 336740 329476 7264 0
1785409250010 336740 329476 7264 0
1785409250040 336740 329476 7264 0
1785409250069 336740 329476 7264 0
1785409250099 336740 329476 7264 0
1785409250126 336740 329476 7264 0
1785409250154 336740 329476 7264 0
1785409250180 336740 329476 7264 0
1785409250211 336740 329476 7264 0
1785409250240 336740 329476 7264 0
1785409250271 336740 329476 7264 0
1785409250301 336740 329476 7264 0
1785409250332 336740 329476 7264 0
1785409250362 336740 329476 7264 0
1785409250393 336740 329476 7264 0
1785409250424 336740 329476 7264 0
1785409250454 336740 329476 7264 0
1785409250484 336740 329476 7264 0
1785409250511 336740 329476 7264 0
1785409250541 336740 329476 7264 0
1785409250569 336740 329476 7264 0
1785409250599 336740 329476 7264 0
1785409250627 336740 329476 7264 0
1785409250657 336740 329476 7264 0
1785409250683 336740 329476 7264 0
1785409250712 336740 329476 7264 0
1785409250740 336740 329476 7264 0
1785409250766 336740 329476 7264 0
1785409250797 336740 329476 7264 0
1785409250823 336740 329476 7264 0
1785409250855 336740 329476 7264 0
1785409250885 336740 329476 7264 0
1785409250916 336740 329476 7264 0
1785409250947 336740 329476 7264 0
1785409250977 336740 329476 7264 0
1785409251007 336740 329476 7264 0
1785409251034 336740 329476 7264 0
1785409251064 336740 329476 7264 0
1785409251094 336740 329476 7264 0
1785409251122 336740 329476 7264 0
1785409251152 336740 329476 7264 0
1785409251183 336740 329476 7264 0
1785409251212 336740 329476 7264 0
1785409251238 336740 329476 7264 0
1785409251269 336740 329476 7264 0
1785409251299 336740 329476 7264 0
1785409251326 336740 329476 7264 0
1785409251355 336740 329476 7264 0
1785409251385 336740 329476 7264 0
1785409251414 336740 329476 7264 0
1785409251445 336740 329476 7264 0
1785409251476 336740 329476 7264 0
1785409251507 336740 329476 7264 0
1785409251537 336740 329476 7264 0
1785409251569 336740 329476 7264 0
1785409251598 336740 329476 7264 0
1785409251629 336740 329476 7264 0
1785409251659 336740 329476 7264 0
1785409251686 336740 329476 7264 0
1785409251715 336740 329476 7264 0
1785409251745 336740 329476 7264 0
1785409251770 336740 329476 7264 0
1785409251802 336740 329476 7264 0
1785409251832 336740 329476 7264 0
1785409251859 336740 329476 7264 0
1785409251889 336740 329476 7264 0
1785409251916 336740 329476 7264 0
1785409251947 336740 329476 7264 0
1785409251974 336596 329336 7260 0
1785409252004 369016 365056 3960 0
1785409252035 34776 30168 4608 0
1785409252058 417108 409844 7264 0
1785409252089 416968 409708 7260 0
1785409252122 422764 415500 7264 0
1785409252155 422764 415500 7264 0
1785409252187 422764 415500 7264 0
1785409252220 422764 415500 7264 0
1785409252249 422764 415500 7264 0
1785409252281 422764 415500 7264 0
1785409252313 422764 415500 7264 0
1785409252345 422764 415500 7264 0
1785409252377 422764 415500 7264 0
1785409252409 422764 415500 7264 0
1785409252444 422620 415360 7260 0
1785409252477 425068 417804 7264 0
1785409252511 425068 417804 7264 0
1785409252544 425068 417804 7264 0
1785409252577 425068 417804 7264 0
1785409252606 425068 417804 7264 0
1785409252638 425068 417804 7264 0
1785409252671 425068 417804 7264 0
1785409252705 425068 417804 7264 0
1785409252738 425068 417804 7264 0
1785409252771 425068 417804 7264 0
1785409252803 425068 417804 7264 0
1785409252834 425068 417804 7264 0
1785409252866 425068 417804 7264 0
1785409252898 425068 417804 7264 0
1785409252932 425068 417804 7264 0
1785409252965 425068 417804 7264 0
1785409252997 425068 417804 7264 0
1785409253029 425068 417804 7264 0
1785409253060 425076 417812 7264 0
1785409253093 424936 417676 7260 0
1785409253127 430444 423180 7264 0
1785409253160 430444 423180 7264 0
1785409253193 430444 423180 7264 0
1785409253226 430444 423180 7264 0
1785409253254 430444 423180 7264 0
1785409253287 430444 423180 7264 0
1785409253316 430444 423180 7264 0
1785409253350 430444 423180 7264 0
1785409253381 430444 423180 7264 0
1785409253412 430444 423180 7264 0
1785409253445 430444 423180 7264 0
1785409253479 430444 423180 7264 0
1785409253511 430444 423180 7264 0
1785409253544 430444 423180 7264 0
1785409253575 430444 423180 7264 0
1785409253608 430444 423180 7264 0
1785409253641 430444 423180 7264 0
1785409253669 430444 423180 7264 0
1785409253702 430444 423180 7264 0
1785409253729 430444 423180 7264 0
1785409253762 430444 423180 7264 0
1785409253791 430444 423180 7264 0
1785409253824 430444 423180 7264 0
1785409253857 430444 423180 7264 0
1785409253890 430444 423180 7264 0
1785409253922 430444 423180 7264 0
1785409253956 430444 423180 7264 0
1785409253985 430444 423180 7264 0
1785409254015 430444 423180 7264 0
1785409254047 430444 423180 7264 0
1785409254081 434004 426740 7264 0
1785409254107 434004 426740 7264 0
1785409254140 439660 432396 7264 0
1785409254172 439660 432396 7264 0
1785409254204 439660 432396 7264 0
1785409254238 439660 432396 7264 0
1785409254270 439660 432396 7264 0
1785409254302 439660 432396 7264 0
1785409254336 439660 432396 7264 0
1785409254369 439660 432396 7264 0
1785409254404 439660 432396 7264 0
1785409254438 439660 432396 7264 0
1785409254465 439660 432396 7264 0
1785409254498 439660 432396 7264 0
1785409254531 439660 432396 7264 0
1785409254562 439660 432396 7264 0
1785409254594 439660 432396 7264 0
1785409254626 439660 432396 7264 0
1785409254659 439660 432396 7264 0
1785409254692 439660 432396 7264 0
1785409254722 439660 432396 7264 0
1785409254754 439660 432396 7264 0
1785409254786 439660 432396 7264 0
1785409254819 439660 432396 7264 0
1785409254848 439660 432396 7264 0
1785409254879 439660 432396 7264 0
1785409254911 439660 432396 7264 0
1785409254944 439660 432396 7264 0
1785409254977 439660 432396 7264 0
1785409255005 439660 432396 7264 0
1785409255037 439660 432396 7264 0
1785409255070 439660 432396 7264 0
1785409255102 439660 432396 7264 0
1785409255131 439660 432396 7264 0
1785409255165 439660 432396 7264 0
1785409255193 439660 432396 7264 0
1785409255219 439660 432396 7264 0
1785409255252 439660 432396 7264 0
1785409255284 439660 432396 7264 0
1785409255317 439660 432396 7264 0
1785409255351 439660 432396 7264 0
1785409255383 439660 432396 7264 0
1785409255417 439660 432396 7264 0
1785409255451 439660 432396 7264 0
1785409255482 439660 432396 7264 0
1785409255514 439660 432396 7264 0
1785409255546 439660 432396 7264 0
1785409255580 439660 432396 7264 0
1785409255611 439660 432396 7264 0
1785409255640 439660 432396 7264 0
1785409255672 439660 432396 7264 0
1785409255707 439660 432396 7264 0
1785409255737 439660 432396 7264 0
1785409255771 439660 432396 7264 0
1785409255804 439660 432396 7264 0
1785409255838 439660 432396 7264 0
1785409255871 439660 432396 7264 0
1785409255904 439660 432396 7264 0
1785409255936 439660 432396 7264 0
1785409255967 439660 432396 7264 0
1785409256001 439660 432396 7264 0
1785409256032 439660 432396 7264 0
1785409256066 439660 432396 7264 0
1785409256100 439660 432396 7264 0
1785409256134 439660 432396 7264 0
1785409256168 439660 432396 7264 0
1785409256199 439660 432396 7264 0
1785409256231 439660 432396 7264 0
1785409256260 439660 432396 7264 0
1785409256293 439660 432396 7264 0
1785409256326 439660 432396 7264 0
1785409256360 439660 432396 7264 0
1785409256391 439660 432396 7264 0
1785409256424 439660 432396 7264 0
1785409256456 439660 432396 7264 0
1785409256488 439660 432396 7264 0
1785409256520 439660 432396 7264 0
1785409256553 439660 432396 7264 0
1785409256583 439660 432396 7264 0
1785409256611 439660 432396 7264 0
1785409256644 439660 432396 7264 0
1785409256678 439660 432396 7264 0
1785409256710 439660 432396 7264 0
1785409256743 439660 432396 7264 0
1785409256778 439660 432396 7264 0
1785409256811 439660 432396 7264 0
1785409256844 439660 432396 7264 0
1785409256878 439660 432396 7264 0
1785409256911 439660 432396 7264 0
1785409256944 439660 432396 7264 0
1785409256977 439660 432396 7264 0
1785409257010 439660 432396 7264 0
1785409257043 439660 432396 7264 0
1785409257077 439660 432396 7264 0
1785409257106 439660 432396 7264 0
1785409257139 439660 432396 7264 0
1785409257173 439660 432396 7264 0
1785409257206 439660 432396 7264 0
1785409257239 439660 432396 7264 0
1785409257272 439660 432396 7264 0
1785409257303 439660 432396 7264 0
1785409257337 439660 432396 7264 0
1785409257370 439660 432396 7264 0
1785409257404 439660 432396 7264 0
1785409257437 439660 432396 7264 0
1785409257470 439660 432396 7264 0
1785409257503 439660 432396 7264 0
1785409257537 439660 432396 7264 0
1785409257570 439660 432396 7264 0
1785409257602 439660 432396 7264 0
1785409257637 439660 432396 7264 0
1785409257671 439660 432396 7264 0
1785409257704 439660 432396 7264 0
1785409257736 439660 432396 7264 0
1785409257767 439660 432396 7264 0
1785409257799 439660 432396 7264 0
1785409257832 439660 432396 7264 0
1785409257863 439660 432396 7264 0
1785409257896 439660 432396 7264 0
1785409257929 439660 432396 7264 0
1785409257963 439660 432396 7264 0
1785409257996 439660 432396 7264 0
1785409258030 439660 432396 7264 0
1785409258062 439660 432396 7264 0
1785409258095 439660 432396 7264 0
1785409258127 439660 432396 7264 0
1785409258160 439660 432396 7264 0
1785409258191 439660 432396 7264 0
1785409258220 439660 432396 7264 0
1785409258251 439660 432396 7264 0
1785409258285 439660 432396 7264 0
1785409258318 439660 432396 7264 0
1785409258353 439660 432396 7264 0
1785409258387 439660 432396 7264 0
1785409258421 439660 432396 7264 0
1785409258453 439660 432396 7264 0
1785409258486 439660 432396 7264 0
1785409258520 439660 432396 7264 0
1785409258551 439660 432396 7264 0
1785409258584 439660 432396 7264 0
1785409258613 439660 432396 7264 0
1785409258645 439660 432396 7264 0
1785409258680 439660 432396 7264 0
1785409258712 439660 432396 7264 0
1785409258742 439660 432396 7264 0
1785409258772 439660 432396 7264 0
1785409258803 439660 432396 7264 0
1785409258833 439660 432396 7264 0
1785409258865 439660 432396 7264 0
1785409258899 439660 432396 7264 0
1785409258932 439660 432396 7264 0
1785409258966 439660 432396 7264 0
1785409259000 439660 432396 7264 0
1785409259030 439660 432396 7264 0
1785409259062 439660 432396 7264 0
1785409259094 439660 432396 7264 0
1785409259127 439660 432396 7264 0
1785409259157 439660 432396 7264 0
1785409259192 439660 432396 7264 0
1785409259224 439660 432396 7264 0
1785409259254 439660 432396 7264 0
1785409259283 439660 432396 7264 0
1785409259318 439660 432396 7264 0
1785409259351 439660 432396 7264 0
1785409259382 439660 432396 7264 0
1785409259415 439660 432396 7264 0
1785409259448 439660 432396 7264 0
1785409259479 439660 432396 7264 0
1785409259513 439660 432396 7264 0
1785409259545 439660 432396 7264 0
1785409259578 439660 432396 7264 0
1785409259610 439660 432396 7264 0
1785409259641 439660 432396 7264 0
1785409259675 439660 432396 7264 0
1785409259708 439660 432396 7264 0
1785409259741 439660 432396 7264 0
1785409259772 439660 432396 7264 0
1785409259807 439660 432396 7264 0
1785409259840 439660 432396 7264 0
1785409259873 439660 432396 7264 0
1785409259907 439660 432396 7264 0
1785409259942 439660 432396 7264 0
1785409259974 439660 432396 7264 0
1785409260006 439660 432396 7264 0
1785409260036 439660 432396 7264 0
1785409260070 439660 432396 7264 0
1785409260103 439660 432396 7264 0
1785409260134 439660 432396 7264 0
1785409260167 439660 432396 7264 0
1785409260202 439660 432396 7264 0
1785409260231 439660 432396 7264 0
1785409260264 439660 432396 7264 0
1785409260298 439660 432396 7264 0
1785409260331 439660 432396 7264 0
1785409260360 439660 432396 7264 0
1785409260392 439660 432396 7264 0
1785409260425 439660 432396 7264 0
1785409260454 439660 432396 7264 0
1785409260488 439660 432396 7264 0
1785409260520 439660 432396 7264 0
1785409260552 439660 432396 7264 0
1785409260586 439660 432396 7264 0
1785409260618 439660 432396 7264 0
1785409260653 439660 432396 7264 0
1785409260682 439660 432396 7264 0
1785409260715 439660 432396 7264 0
1785409260748 439660 432396 7264 0
1785409260780 439660 432396 7264 0
1785409260811 439660 432396 7264 0
1785409260844 439660 432396 7264 0
1785409260875 439660 432396 7264 0
1785409260907 439660 432396 7264 0
1785409260940 439660 432396 7264 0
1785409260972 439660 432396 7264 0
1785409261004 439660 432396 7264 0
1785409261037 439660 432396 7264 0
1785409261069 439660 432396 7264 0
1785409261102 439660 432396 7264 0
1785409261134 439660 432396 7264 0
1785409261164 439660 432396 7264 0
1785409261197 439660 432396 7264 0
1785409261231 439660 432396 7264 0
1785409261265 439660 432396 7264 0
1785409261298 439660 432396 7264 0
1785409261331 439660 432396 7264 0
1785409261364 439660 432396 7264 0
1785409261390 439660 432396 7264 0
1785409261423 439660 432396 7264 0
1785409261456 439660 432396 7264 0
1785409261488 439660 432396 7264 0
1785409261522 439660 432396 7264 0
1785409261556 439660 432396 7264 0
1785409261588 439660 432396 7264 0
1785409261619 439660 432396 7264 0
1785409261652 439660 432396 7264 0
1785409261685 439664 432400 7264 0
1785409261719 439664 432400 7264 0
1785409261751 439664 432400 7264 0
1785409261784 439664 432400 7264 0
1785409261817 439664 432400 7264 0
1785409261849 439664 432400 7264 0
1785409261878 439664 432400 7264 0
1785409261912 439664 432400 7264 0
1785409261945 439664 432400 7264 0
1785409261978 439664 432400 7264 0
1785409262011 439664 432400 7264 0
1785409262042 439664 432400 7264 0
1785409262075 439664 432400 7264 0
1785409262107 439664 432400 7264 0
1785409262140 439664 432400 7264 0
1785409262172 439664 432400 7264 0
1785409262204 439664 432400 7264 0
1785409262238 439664 432400 7264 0
1785409262271 439664 432400 7264 0
1785409262300 439664 432400 7264 0
1785409262334 439664 432400 7264 0
1785409262366 439664 432400 7264 0
1785409262399 439664 432400 7264 0
1785409262431 439664 432400 7264 0
1785409262464 439664 432400 7264 0
1785409262496 439664 432400 7264 0
1785409262528 439664 432400 7264 0
1785409262560 439664 432400 7264 0
1785409262594 439664 432400 7264 0
1785409262627 439664 432400 7264 0
1785409262656 439664 432400 7264 0
1785409262688 439664 432400 7264 0
1785409262718 439664 432400 7264 0
1785409262751 439664 432400 7264 0
1785409262783 439664 432400 7264 0
1785409262817 439664 432400 7264 0
1785409262846 439664 432400 7264 0
1785409262878 439664 432400 7264 0
1785409262910 439664 432400 7264 0
1785409262943 439664 432400 7264 0
1785409262977 439664 432400 7264 0
1785409263008 439664 432400 7264 0
1785409263042 439664 432400 7264 0
1785409263077 439664 432400 7264 0
1785409263110 439664 432400 7264 0
1785409263143 439664 432400 7264 0
1785409263176 439664 432400 7264 0
1785409263208 439664 432400 7264 0
1785409263241 439664 432400 7264 0
1785409263274 439664 432400 7264 0
1785409263307 439664 432400 7264 0
1785409263337 439664 432400 7264 0
1785409263371 439664 432400 7264 0
1785409263404 439664 432400 7264 0
1785409263437 439664 432400 7264 0
1785409263467 439664 432400 7264 0
1785409263497 439664 432400 7264 0
1785409263529 439664 432400 7264 0
1785409263563 439664 432400 7264 0
1785409263594 439664 432400 7264 0
1785409263627 439664 432400 7264 0
1785409263656 439664 432400 7264 0
1785409263689 439664 432400 7264 0
1785409263722 439664 432400 7264 0
1785409263751 439664 432400 7264 0
1785409263784 439664 432400 7264 0
1785409263817 439664 432400 7264 0
1785409263845 439664 432400 7264 0
1785409263878 439664 432400 7264 0
1785409263908 439664 432400 7264 0
1785409263940 439664 432400 7264 0
1785409263972 439664 432400 7264 0
1785409264003 439664 432400 7264 0
1785409264032 439664 432400 7264 0
1785409264065 439664 432400 7264 0
1785409264098 318308 311044 7264 0
1785409264128 318308 311044 7264 0
1785409264158 318308 311044 7264 0
1785409264188 318308 311044 7264 0
1785409264217 318308 311044 7264 0
1785409264245 318308 311044 7264 0
1785409264274 318308 311044 7264 0
1785409264303 318308 311044 7264 0
1785409264330 318308 311044 7264 0
1785409264360 318308 311044 7264 0
1785409264384 318308 311044 7264 0
1785409264413 318308 311044 7264 0
1785409264437 318308 311044 7264 0
1785409264466 318308 311044 7264 0
1785409264495 318308 311044 7264 0
1785409264523 318308 311044 7264 0
1785409264552 318308 311044 7264 0
1785409264579 318308 311044 7264 0
1785409264609 318308 311044 7264 0
1785409264638 318308 311044 7264 0
1785409264668 318308 311044 7264 0
1785409264691 318308 311044 7264 0
1785409264721 318308 311044 7264 0
1785409264750 318308 311044 7264 0
1785409264776 318308 311044 7264 0
1785409264803 318308 311044 7264 0
1785409264833 318308 311044 7264 0
1785409264858 318308 311044 7264 0
1785409264887 318308 311044 7264 0
1785409264912 318308 311044 7264 0
1785409264942 318308 311044 7264 0
1785409264971 318308 311044 7264 0
1785409264998 318308 311044 7264 0
1785409265028 318308 311044 7264 0
1785409265051 318308 311044 7264 0
1785409265080 318308 311044 7264 0
1785409265108 318308 311044 7264 0
1785409265138 318308 311044 7264 0
1785409265165 318308 311044 7264 0
1785409265190 318308 311044 7264 0
1785409265216 318308 311044 7264 0
1785409265245 318308 311044 7264 0
1785409265276 318308 311044 7264 0
1785409265306 318308 311044 7264 0
1785409265336 318308 311044 7264 0
1785409265366 318308 311044 7264 0
1785409265394 318308 311044 7264 0
1785409265419 318308 311044 7264 0
1785409265449 318308 311044 7264 0
1785409265478 318308 311044 7264 0
1785409265507 318308 311044 7264 0
1785409265536 318308 311044 7264 0
1785409265565 318308 311044 7264 0
1785409265590 318308 311044 7264 0
1785409265616 318308 311044 7264 0
1785409265646 318308 311044 7264 0
1785409265671 318308 311044 7264 0
1785409265700 318308 311044 7264 0
1785409265728 318308 311044 7264 0
1785409265758 318308 311044 7264 0
1785409265787 318308 311044 7264 0
1785409265817 318308 311044 7264 0
1785409265845 318308 311044 7264 0
1785409265875 318308 311044 7264 0
1785409265904 318308 311044 7264 0
1785409265932 318308 311044 7264 0
1785409265962 318308 311044 7264 0
1785409265991 318308 311044 7264 0
1785409266018 318308 311044 7264 0
1785409266045 318308 311044 7264 0
1785409266075 318308 311044 7264 0
1785409266104 318308 311044 7264 0
1785409266134 318308 311044 7264 0
1785409266163 318308 311044 7264 0
1785409266193 318308 311044 7264 0
1785409266220 318308 311044 7264 0
1785409266250 318308 311044 7264 0
1785409266279 324168 321260 2908 0
1785409266309 354616 348800 5816 0
1785409266335 384532 381876 2656 0
1785409266367 417108 409844 7264 0
1785409266394 417108 409844 7264 0
1785409266427 422764 415500 7264 0
1785409266460 422764 415500 7264 0
1785409266493 422764 415500 7264 0
1785409266526 422764 415500 7264 0
1785409266558 422764 415500 7264 0
1785409266591 422764 415500 7264 0
1785409266624 422764 415500 7264 0
1785409266654 422764 415500 7264 0
1785409266686 422764 415500 7264 0
1785409266716 422764 415500 7264 0
1785409266748 422764 415500 7264 0
1785409266780 422764 415500 7264 0
1785409266812 425068 417804 7264 0
1785409266845 425068 417804 7264 0
1785409266878 425068 417804 7264 0
1785409266912 425068 417804 7264 0
1785409266943 425068 417804 7264 0
1785409266974 425068 417804 7264 0
1785409267005 425068 417804 7264 0
1785409267037 425068 417804 7264 0
1785409267070 425068 417804 7264 0
1785409267096 425068 417804 7264 0
1785409267129 425068 417804 7264 0
1785409267162 425068 417804 7264 0
1785409267196 425068 417804 7264 0
1785409267228 425068 417804 7264 0
1785409267261 425068 417804 7264 0
1785409267293 425068 417804 7264 0
1785409267326 425068 417804 7264 0
1785409267357 425068 417804 7264 0
1785409267386 425068 417804 7264 0
1785409267419 425068 417804 7264 0
1785409267452 425076 417812 7264 0
1785409267480 427996 420736 7260 0
1785409267513 430444 423180 7264 0
1785409267539 430444 423180 7264 0
1785409267572 430444 423180 7264 0
1785409267597 430444 423180 7264 0
1785409267627 430444 423180 7264 0
1785409267659 430444 423180 7264 0
1785409267689 430444 423180 7264 0
1785409267720 430444 423180 7264 0
1785409267753 430448 423184 7264 0
1785409267786 430448 423184 7264 0
1785409267817 430448 423184 7264 0
1785409267851 430448 423184 7264 0
1785409267883 430448 423184 7264 0
1785409267914 430448 423184 7264 0
1785409267946 430448 423184 7264 0
1785409267977 430448 423184 7264 0
1785409268009 430448 423184 7264 0
1785409268041 430448 423184 7264 0
1785409268074 430448 423184 7264 0
1785409268107 430448 423184 7264 0
1785409268138 430448 423184 7264 0
1785409268164 430448 423184 7264 0
1785409268196 430448 423184 7264 0
1785409268226 430448 423184 7264 0
1785409268260 430448 423184 7264 0
1785409268292 430448 423184 7264 0
1785409268324 430448 423184 7264 0
1785409268352 430448 423184 7264 0
1785409268380 430448 423184 7264 0
1785409268413 430448 423184 7264 0
1785409268444 430448 423184 7264 0
1785409268475 430448 423184 7264 0
1785409268505 430448 423184 7264 0
1785409268534 430304 423044 7260 0
1785409268561 434004 426740 7264 0
1785409268587 433864 426604 7260 0
1785409268620 439660 432396 7264 0
1785409268654 439660 432396 7264 0
1785409268688 439660 432396 7264 0
1785409268720 439660 432396 7264 0
1785409268753 439660 432396 7264 0
1785409268785 439660 432396 7264 0
1785409268815 439660 432396 7264 0
1785409268842 439660 432396 7264 0
1785409268873 439660 432396 7264 0
1785409268906 439660 432396 7264 0
1785409268939 439660 432396 7264 0
1785409268973 439660 432396 7264 0
1785409269002 439660 432396 7264 0
1785409269026 439660 432396 7264 0
1785409269057 439660 432396 7264 0
1785409269090 439660 432396 7264 0
1785409269123 439660 432396 7264 0
1785409269156 439660 432396 7264 0
1785409269187 439660 432396 7264 0
1785409269220 439660 432396 7264 0
1785409269255 439660 432396 7264 0
1785409269288 439660 432396 7264 0
1785409269319 439660 432396 7264 0
1785409269352 439660 432396 7264 0
1785409269384 439660 432396 7264 0
1785409269414 439660 432396 7264 0
1785409269446 439660 432396 7264 0
1785409269479 439660 432396 7264 0
1785409269505 439660 432396 7264 0
1785409269539 439660 432396 7264 0
1785409269571 439660 432396 7264 0
1785409269604 439660 432396 7264 0
1785409269636 439660 432396 7264 0
1785409269663 439660 432396 7264 0
1785409269696 439660 432396 7264 0
1785409269729 439660 432396 7264 0
1785409269763 439660 432396 7264 0
1785409269791 439660 432396 7264 0
1785409269819 439660 432396 7264 0
1785409269852 439660 432396 7264 0
1785409269882 439660 432396 7264 0
1785409269915 439660 432396 7264 0
1785409269945 439660 432396 7264 0
1785409269978 439660 432396 7264 0
1785409270007 439660 432396 7264 0
1785409270040 439660 432396 7264 0
1785409270073 439660 432396 7264 0
1785409270106 439660 432396 7264 0
1785409270135 439660 432396 7264 0
1785409270167 439660 432396 7264 0
1785409270201 439660 432396 7264 0
1785409270235 439660 432396 7264 0
1785409270269 439660 432396 7264 0
1785409270302 439660 432396 7264 0
1785409270335 439660 432396 7264 0
1785409270366 439660 432396 7264 0
1785409270398 439660 432396 7264 0
1785409270427 439660 432396 7264 0
1785409270460 439660 432396 7264 0
1785409270492 439660 432396 7264 0
1785409270525 439660 432396 7264 0
1785409270555 439660 432396 7264 0
1785409270586 439660 432396 7264 0
1785409270618 439660 432396 7264 0
1785409270652 439660 432396 7264 0
1785409270685 439660 432396 7264 0
1785409270717 439660 432396 7264 0
1785409270750 439660 432396 7264 0
1785409270782 439660 432396 7264 0
1785409270815 439660 432396 7264 0
1785409270847 439660 432396 7264 0
1785409270876 439660 432396 7264 0
1785409270910 439660 432396 7264 0
1785409270941 348260 340996 7264 0
1785409270972 348260 340996 7264 0
1785409271002 348260 340996 7264 0
1785409271028 369536 366880 2656 0
1785409271058 392240 389584 2656 0
1785409271089 419412 412148 7264 0
1785409271120 419272 412012 7260 0
1785409271153 425068 417804 7264 0
1785409271184 425068 417804 7264 0
1785409271216 425068 417804 7264 0
1785409271248 425068 417804 7264 0
1785409271281 425068 417804 7264 0
1785409271307 425068 417804 7264 0
1785409271337 425068 417804 7264 0
1785409271370 425068 417804 7264 0
1785409271401 425072 417808 7264 0
1785409271434 425072 417808 7264 0
1785409271466 425072 417808 7264 0
1785409271500 425072 417808 7264 0
1785409271531 425072 417808 7264 0
1785409271563 425072 417808 7264 0
1785409271595 425072 417808 7264 0
1785409271626 336740 329476 7264 0
1785409271656 336740 329476 7264 0
1785409271686 336740 329476 7264 0
1785409271716 336740 329476 7264 0
1785409271745 336740 329476 7264 0
1785409271774 336740 329476 7264 0
1785409271805 336740 329476 7264 0
1785409271835 336740 329476 7264 0
1785409271865 336740 329476 7264 0
1785409271894 336740 329476 7264 0
1785409271922 336740 329476 7264 0
1785409271950 336740 329476 7264 0
1785409271981 336740 329476 7264 0
1785409272007 336740 329476 7264 0
1785409272038 336740 329476 7264 0
1785409272067 336740 329476 7264 0
1785409272098 336740 329476 7264 0
1785409272128 336740 329476 7264 0
1785409272158 336740 329476 7264 0
1785409272188 336740 329476 7264 0
1785409272215 336740 329476 7264 0
1785409272246 336740 329476 7264 0
1785409272276 336740 329476 7264 0
1785409272305 336740 329476 7264 0
1785409272334 336740 329476 7264 0
1785409272360 336740 329476 7264 0
1785409272391 336740 329476 7264 0
1785409272421 336740 329476 7264 0
1785409272446 336740 329476 7264 0
1785409272476 336740 329476 7264 0
1785409272505 336740 329476 7264 0
1785409272532 336740 329476 7264 0
1785409272558 336740 329476 7264 0
1785409272586 336740 329476 7264 0
1785409272616 336740 329476 7264 0
1785409272646 336740 329476 7264 0
1785409272676 336740 329476 7264 0
1785409272703 336740 329476 7264 0
1785409272727 336740 329476 7264 0
1785409272757 336740 329476 7264 0
1785409272788 336740 329476 7264 0
1785409272818 336740 329476 7264 0
1785409272848 336740 329476 7264 0
1785409272878 336740 329476 7264 0
1785409272904 336740 329476 7264 0
1785409272933 336740 329476 7264 0
1785409272957 336740 329476 7264 0
1785409272986 336740 329476 7264 0
1785409273016 336740 329476 7264 0
1785409273046 336740 329476 7264 0
1785409273077 336740 329476 7264 0
1785409273106 336740 329476 7264 0
1785409273136 336740 329476 7264 0
1785409273166 336740 329476 7264 0
1785409273198 336740 329476 7264 0
1785409273224 336740 329476 7264 0
1785409273255 336740 329476 7264 0
1785409273286 336740 329476 7264 0
1785409273312 336740 329476 7264 0
1785409273341 336740 329476 7264 0
1785409273372 336740 329476 7264 0
1785409273401 336740 329476 7264 0
1785409273431 336740 329476 7264 0
1785409273462 336740 329476 7264 0
1785409273489 336740 329476 7264 0
1785409273516 336740 329476 7264 0
1785409273545 336740 329476 7264 0
1785409273575 336740 329476 7264 0
1785409273603 336740 329476 7264 0
1785409273633 336740 329476 7264 0
1785409273662 328976 326320 2656 0
1785409273691 382556 379900 2656 0
1785409273722 417108 409844 7264 0
1785409273754 416968 409708 7260 0
1785409273788 422768 415504 7264 0
1785409273820 422768 415504 7264 0
1785409273852 422768 415504 7264 0
1785409273884 422768 415504 7264 0
1785409273916 422768 415504 7264 0
1785409273950 422768 415504 7264 0
1785409273981 422768 415504 7264 0
1785409274014 422768 415504 7264 0
1785409274041 422768 415504 7264 0
1785409274073 422768 415504 7264 0
1785409274105 422624 415364 7260 0
1785409274137 425072 417808 7264 0
1785409274170 425072 417808 7264 0
1785409274204 425072 417808 7264 0
1785409274236 425072 417808 7264 0
1785409274263 425072 417808 7264 0
1785409274295 425072 417808 7264 0
1785409274327 425072 417808 7264 0
1785409274357 425072 417808 7264 0
1785409274390 425072 417808 7264 0
1785409274418 425072 417808 7264 0
1785409274447 425072 417808 7264 0
1785409274478 425072 417808 7264 0
1785409274507 425072 417808 7264 0
1785409274540 425072 417808 7264 0
1785409274570 425072 417808 7264 0
1785409274604 425072 417808 7264 0
1785409274637 425072 417808 7264 0
1785409274669 425072 417808 7264 0
1785409274701 425080 417816 7264 0
1785409274734 425180 417916 7264 0
1785409274763 430444 423180 7264 0
1785409274796 430444 423180 7264 0
1785409274827 430444 423180 7264 0
1785409274859 430444 423180 7264 0
1785409274890 430444 423180 7264 0
1785409274922 430444 423180 7264 0
1785409274953 430444 423180 7264 0
1785409274985 430448 423184 7264 0
1785409275019 430448 423184 7264 0
1785409275053 430448 423184 7264 0
1785409275087 430448 423184 7264 0
1785409275120 430448 423184 7264 0
1785409275152 430448 423184 7264 0
1785409275184 430448 423184 7264 0
1785409275213 430448 423184 7264 0
1785409275244 430448 423184 7264 0
1785409275277 430448 423184 7264 0
1785409275310 430448 423184 7264 0
1785409275345 430448 423184 7264 0
1785409275376 430448 423184 7264 0
1785409275408 430448 423184 7264 0
1785409275440 430448 423184 7264 0
1785409275472 430448 423184 7264 0
1785409275505 430448 423184 7264 0
1785409275531 430448 423184 7264 0
1785409275565 430448 423184 7264 0
1785409275598 430448 423184 7264 0
1785409275630 430448 423184 7264 0
1785409275663 430448 423184 7264 0
1785409275696 434004 426740 7264 0
1785409275727 434004 426740 7264 0
1785409275756 439660 432396 7264 0
1785409275789 439660 432396 7264 0
1785409275823 439660 432396 7264 0
1785409275856 439660 432396 7264 0
1785409275887 439660 432396 7264 0
1785409275918 439660 432396 7264 0
1785409275950 439660 432396 7264 0
1785409275984 439660 432396 7264 0
1785409276014 439664 432400 7264 0
1785409276047 439664 432400 7264 0
1785409276080 439664 432400 7264 0
1785409276108 439664 432400 7264 0
1785409276142 439664 432400 7264 0
1785409276169 439664 432400 7264 0
1785409276200 439664 432400 7264 0
1785409276229 439664 432400 7264 0
1785409276261 439664 432400 7264 0
1785409276291 439664 432400 7264 0
1785409276322 439664 432400 7264 0
1785409276355 439664 432400 7264 0
1785409276389 439664 432400 7264 0
1785409276423 439664 432400 7264 0
1785409276451 439664 432400 7264 0
1785409276482 439664 432400 7264 0
1785409276513 439664 432400 7264 0
1785409276546 439664 432400 7264 0
1785409276577 439664 432400 7264 0
1785409276608 439664 432400 7264 0
1785409276641 439664 432400 7264 0
1785409276676 439664 432400 7264 0
1785409276708 439664 432400 7264 0
1785409276740 439664 432400 7264 0
1785409276769 439664 432400 7264 0
1785409276797 439664 432400 7264 0
1785409276830 439664 432400 7264 0
1785409276865 439664 432400 7264 0
1785409276899 439664 432400 7264 0
1785409276932 439664 432400 7264 0
1785409276965 439664 432400 7264 0
1785409276999 439664 432400 7264 0
1785409277031 439664 432400 7264 0
1785409277065 439664 432400 7264 0
1785409277097 439664 432400 7264 0
1785409277130 439664 432400 7264 0
1785409277163 439664 432400 7264 0
1785409277195 439664 432400 7264 0
1785409277229 439664 432400 7264 0
1785409277261 439664 432400 7264 0
1785409277293 439664 432400 7264 0
1785409277325 439664 432400 7264 0
1785409277355 439664 432400 7264 0
1785409277388 439664 432400 7264 0
1785409277420 439664 432400 7264 0
1785409277453 439664 432400 7264 0
1785409277485 439664 432400 7264 0
1785409277519 439664 432400 7264 0
1785409277546 439664 432400 7264 0
1785409277577 439664 432400 7264 0
1785409277611 439664 432400 7264 0
1785409277643 439664 432400 7264 0
1785409277673 439664 432400 7264 0
1785409277705 439664 432400 7264 0
1785409277739 439664 432400 7264 0
1785409277769 439664 432400 7264 0
1785409277801 439664 432400 7264 0
1785409277834 439664 432400 7264 0
1785409277861 439664 432400 7264 0
1785409277894 439664 432400 7264 0
1785409277926 439664 432400 7264 0
1785409277959 439520 432260 7260 0
1785409277994 318308 311044 7264 0
1785409278024 318308 311044 7264 0
1785409278051 318308 311044 7264 0
1785409278080 355008 350028 4980 0
1785409278110 34776 30168 4608 0
1785409278133 408484 402696 5788 0
1785409278166 419412 412148 7264 0
1785409278200 425068 417804 7264 0
1785409278234 425068 417804 7264 0
1785409278264 425068 417804 7264 0
1785409278296 425068 417804 7264 0
1785409278329 425068 417804 7264 0
1785409278361 425068 417804 7264 0
1785409278390 425068 417804 7264 0
1785409278417 425068 417804 7264 0
1785409278450 425068 417804 7264 0
1785409278482 425072 417808 7264 0
1785409278513 425072 417808 7264 0
1785409278545 425072 417808 7264 0
1785409278579 425072 417808 7264 0
1785409278612 425072 417808 7264 0
1785409278645 425072 417808 7264 0
1785409278678 425072 417808 7264 0
1785409278710 424928 417668 7260 0
1785409278742 318308 311044 7264 0
1785409278771 318308 311044 7264 0
1785409278798 318308 311044 7264 0
1785409278824 318308 311044 7264 0
1785409278854 318308 311044 7264 0
1785409278883 318308 311044 7264 0
1785409278914 318308 311044 7264 0
1785409278944 318308 311044 7264 0
1785409278973 318308 311044 7264 0
1785409279004 318308 311044 7264 0
1785409279031 318308 311044 7264 0
1785409279059 318308 311044 7264 0
1785409279089 318308 311044 7264 0
1785409279121 318308 311044 7264 0
1785409279150 318308 311044 7264 0
1785409279180 318308 311044 7264 0
1785409279209 318308 311044 7264 0
1785409279236 318308 311044 7264 0
1785409279264 318308 311044 7264 0
1785409279293 318308 311044 7264 0
1785409279319 318308 311044 7264 0
1785409279347 318308 311044 7264 0
1785409279377 318308 311044 7264 0
1785409279404 318308 311044 7264 0
1785409279434 318308 311044 7264 0
1785409279463 318308 311044 7264 0
1785409279493 318308 311044 7264 0
1785409279520 318308 311044 7264 0
1785409279548 318308 311044 7264 0
1785409279577 318308 311044 7264 0
1785409279605 318308 311044 7264 0
1785409279634 318308 311044 7264 0
1785409279664 318308 311044 7264 0
1785409279688 318308 311044 7264 0
1785409279718 318308 311044 7264 0
1785409279748 318308 311044 7264 0
1785409279778 318308 311044 7264 0
1785409279807 318308 311044 7264 0
1785409279835 318308 311044 7264 0
1785409279862 318308 311044 7264 0
1785409279892 318308 311044 7264 0
1785409279922 318308 311044 7264 0
1785409279952 318308 311044 7264 0
1785409279976 318308 311044 7264 0
1785409280006 318308 311044 7264 0
1785409280032 318308 311044 7264 0
1785409280057 318308 311044 7264 0
1785409280088 318308 311044 7264 0
1785409280119 318308 311044 7264 0
1785409280144 318308 311044 7264 0
1785409280173 318308 311044 7264 0
1785409280202 318308 311044 7264 0
1785409280230 318308 311044 7264 0
1785409280259 318308 311044 7264 0
1785409280289 318308 311044 7264 0
1785409280314 318308 311044 7264 0
1785409280344 318308 311044 7264 0
1785409280373 318308 311044 7264 0
1785409280403 318308 311044 7264 0
1785409280429 318308 311044 7264 0
1785409280459 318308 311044 7264 0
1785409280490 318308 311044 7264 0
1785409280516 318308 311044 7264 0
1785409280546 318308 311044 7264 0
1785409280573 318308 311044 7264 0
1785409280600 318308 311044 7264 0
1785409280627 318308 311044 7264 0
1785409280657 318308 311044 7264 0
1785409280686 318308 311044 7264 0
1785409280714 318308 311044 7264 0
1785409280742 318308 311044 7264 0
1785409280773 318308 311044 7264 0
1785409280803 318308 311044 7264 0
1785409280834 318308 311044 7264 0
1785409280862 318308 311044 7264 0
1785409280891 318308 311044 7264 0
1785409280919 318308 311044 7264 0
1785409280948 318308 311044 7264 0
1785409280978 330308 323048 7260 0
1785409281007 333200 330544 2656 0
1785409281037 381884 376904 4980 0
1785409281067 417112 409848 7264 0
1785409281100 417112 409848 7264 0
1785409281130 422768 415504 7264 0
1785409281161 422768 415504 7264 0
1785409281193 422768 415504 7264 0
1785409281226 422768 415504 7264 0
1785409281258 422768 415504 7264 0
1785409281290 422768 415504 7264 0
1785409281319 422768 415504 7264 0
1785409281352 422768 415504 7264 0
1785409281385 422768 415504 7264 0
1785409281411 422768 415504 7264 0
1785409281443 422768 415504 7264 0
1785409281477 425072 417808 7264 0
1785409281509 425072 417808 7264 0
1785409281541 425072 417808 7264 0
1785409281569 425072 417808 7264 0
1785409281603 425072 417808 7264 0
1785409281634 425072 417808 7264 0
1785409281667 425072 417808 7264 0
1785409281699 425072 417808 7264 0
1785409281731 425072 417808 7264 0
1785409281760 425072 417808 7264 0
1785409281794 425072 417808 7264 0
1785409281828 425072 417808 7264 0
1785409281855 425072 417808 7264 0
1785409281886 425072 417808 7264 0
1785409281914 425072 417808 7264 0
1785409281944 425072 417808 7264 0
1785409281973 425072 417808 7264 0
1785409282002 425072 417808 7264 0
1785409282033 425072 417808 7264 0
1785409282066 425080 417816 7264 0
1785409282096 425080 417816 7264 0
1785409282129 430448 423184 7264 0
1785409282162 430448 423184 7264 0
1785409282195 430448 423184 7264 0
1785409282227 430448 423184 7264 0
1785409282258 430448 423184 7264 0
1785409282291 430448 423184 7264 0
1785409282323 430448 423184 7264 0
1785409282356 430448 423184 7264 0
1785409282390 430448 423184 7264 0
1785409282422 430448 423184 7264 0
1785409282454 430448 423184 7264 0
1785409282488 430448 423184 7264 0
1785409282517 430448 423184 7264 0
1785409282549 430448 423184 7264 0
1785409282581 430448 423184 7264 0
1785409282613 430448 423184 7264 0
1785409282646 430448 423184 7264 0
1785409282678 430448 423184 7264 0
1785409282708 430448 423184 7264 0
1785409282742 430448 423184 7264 0
1785409282775 430448 423184 7264 0
1785409282808 430448 423184 7264 0
1785409282841 430448 423184 7264 0
1785409282874 430448 423184 7264 0
1785409282906 430448 423184 7264 0
1785409282932 430448 423184 7264 0
1785409282965 430448 423184 7264 0
1785409282992 430448 423184 7264 0
1785409283025 430448 423184 7264 0
1785409283057 430448 423184 7264 0
1785409283088 430448 423184 7264 0
1785409283121 430448 423184 7264 0
1785409283154 434008 426744 7264 0
1785409283183 434008 426744 7264 0
1785409283215 439664 432400 7264 0
1785409283249 439664 432400 7264 0
1785409283278 439664 432400 7264 0
1785409283313 439664 432400 7264 0
1785409283342 439664 432400 7264 0
1785409283374 439664 432400 7264 0
1785409283406 439664 432400 7264 0
1785409283439 439664 432400 7264 0
1785409283471 439664 432400 7264 0
1785409283503 439664 432400 7264 0
1785409283535 439664 432400 7264 0
1785409283569 439664 432400 7264 0
1785409283602 439664 432400 7264 0
1785409283633 439664 432400 7264 0
1785409283666 439664 432400 7264 0
1785409283698 439664 432400 7264 0
1785409283729 439664 432400 7264 0
1785409283762 439664 432400 7264 0
1785409283793 439664 432400 7264 0
1785409283827 439664 432400 7264 0
1785409283859 439664 432400 7264 0
1785409283893 439664 432400 7264 0
1785409283923 439664 432400 7264 0
1785409283956 439664 432400 7264 0
1785409283990 439664 432400 7264 0
1785409284020 439664 432400 7264 0
1785409284053 439664 432400 7264 0
1785409284085 439664 432400 7264 0
1785409284119 439664 432400 7264 0
1785409284153 439664 432400 7264 0
1785409284186 439664 432400 7264 0
1785409284218 439664 432400 7264 0
1785409284251 439664 432400 7264 0
1785409284283 439664 432400 7264 0
1785409284316 439664 432400 7264 0
1785409284350 439664 432400 7264 0
1785409284383 439664 432400 7264 0
1785409284415 439664 432400 7264 0
1785409284449 439664 432400 7264 0
1785409284481 439664 432400 7264 0
1785409284514 439664 432400 7264 0
1785409284549 439664 432400 7264 0
1785409284582 439664 432400 7264 0
1785409284612 439664 432400 7264 0
1785409284645 439664 432400 7264 0
1785409284677 439664 432400 7264 0
1785409284709 439664 432400 7264 0
1785409284739 439664 432400 7264 0
1785409284773 439664 432400 7264 0
1785409284806 439664 432400 7264 0
1785409284838 439664 432400 7264 0
1785409284871 439664 432400 7264 0
1785409284903 439664 432400 7264 0
1785409284936 439664 432400 7264 0
1785409284968 439664 432400 7264 0
1785409284997 439664 432400 7264 0
1785409285024 439664 432400 7264 0
1785409285057 439664 432400 7264 0
1785409285090 439664 432400 7264 0
1785409285124 439664 432400 7264 0
1785409285157 439664 432400 7264 0
1785409285191 439664 432400 7264 0
1785409285224 439664 432400 7264 0
1785409285256 439664 432400 7264 0
1785409285288 439664 432400 7264 0
1785409285320 439664 432400 7264 0
1785409285353 439664 432400 7264 0
1785409285387 439664 432400 7264 0
1785409285420 439664 432400 7264 0
1785409285453 439664 432400 7264 0
1785409285486 439664 432400 7264 0
1785409285518 439664 432400 7264 0
1785409285551 439664 432400 7264 0
1785409285584 439664 432400 7264 0
1785409285617 439664 432400 7264 0
1785409285650 439664 432400 7264 0
1785409285681 439664 432400 7264 0
1785409285714 439664 432400 7264 0
1785409285749 439664 432400 7264 0
1785409285779 439664 432400 7264 0
1785409285812 439664 432400 7264 0
1785409285844 439664 432400 7264 0
1785409285876 439664 432400 7264 0
1785409285909 439664 432400 7264 0
1785409285943 439664 432400 7264 0
1785409285974 439664 432400 7264 0
1785409286006 439664 432400 7264 0
1785409286031 439664 432400 7264 0
1785409286064 439664 432400 7264 0
1785409286096 439664 432400 7264 0
1785409286128 439664 432400 7264 0
1785409286160 439664 432400 7264 0
1785409286193 439664 432400 7264 0
1785409286227 439664 432400 7264 0
1785409286260 439664 432400 7264 0
1785409286289 439664 432400 7264 0
1785409286322 439664 432400 7264 0
1785409286356 439664 432400 7264 0
1785409286386 439664 432400 7264 0
1785409286419 439664 432400 7264 0
1785409286448 439664 432400 7264 0
1785409286481 439664 432400 7264 0
1785409286505 439664 432400 7264 0
1785409286538 439664 432400 7264 0
1785409286572 439664 432400 7264 0
1785409286604 439664 432400 7264 0
1785409286636 439664 432400 7264 0
1785409286667 439664 432400 7264 0
1785409286700 439664 432400 7264 0
1785409286734 439664 432400 7264 0
1785409286762 439664 432400 7264 0
1785409286795 439664 432400 7264 0
1785409286827 439664 432400 7264 0
1785409286860 439664 432400 7264 0
1785409286892 439664 432400 7264 0
1785409286925 439664 432400 7264 0
1785409286955 439664 432400 7264 0
1785409286986 439664 432400 7264 0
1785409287020 439664 432400 7264 0
1785409287052 439664 432400 7264 0
1785409287080 439664 432400 7264 0
1785409287112 439664 432400 7264 0
1785409287144 439664 432400 7264 0
1785409287177 439664 432400 7264 0
1785409287210 439664 432400 7264 0
1785409287242 439664 432400 7264 0
1785409287273 439664 432400 7264 0
1785409287306 439664 432400 7264 0
1785409287338 439664 432400 7264 0
1785409287368 439664 432400 7264 0
1785409287399 439664 432400 7264 0
1785409287432 439664 432400 7264 0
1785409287460 439664 432400 7264 0
1785409287493 439664 432400 7264 0
1785409287527 439664 432400 7264 0
1785409287559 439664 432400 7264 0
1785409287592 439664 432400 7264 0
1785409287625 439664 432400 7264 0
1785409287659 439664 432400 7264 0
1785409287688 439664 432400 7264 0
1785409287721 439664 432400 7264 0
1785409287754 439664 432400 7264 0
1785409287787 439664 432400 7264 0
1785409287821 439664 432400 7264 0
1785409287852 439664 432400 7264 0
1785409287884 439664 432400 7264 0
1785409287917 439664 432400 7264 0
1785409287949 439664 432400 7264 0
1785409287980 439664 432400 7264 0
1785409288013 439664 432400 7264 0
1785409288046 439664 432400 7264 0
1785409288078 439664 432400 7264 0
1785409288111 439664 432400 7264 0
1785409288144 439664 432400 7264 0
1785409288176 439664 432400 7264 0
1785409288209 439664 432400 7264 0
1785409288241 439664 432400 7264 0
1785409288272 439664 432400 7264 0
1785409288306 439664 432400 7264 0
1785409288338 439664 432400 7264 0
1785409288367 439664 432400 7264 0
1785409288399 439664 432400 7264 0
1785409288432 439664 432400 7264 0
1785409288463 439664 432400 7264 0
1785409288493 439664 432400 7264 0
1785409288523 439664 432400 7264 0
1785409288555 439664 432400 7264 0
1785409288589 439664 432400 7264 0
1785409288622 439664 432400 7264 0
1785409288654 439664 432400 7264 0
1785409288686 439664 432400 7264 0
1785409288719 439664 432400 7264 0
1785409288751 439664 432400 7264 0
1785409288780 439664 432400 7264 0
1785409288807 439664 432400 7264 0
1785409288833 439664 432400 7264 0
1785409288866 439664 432400 7264 0
1785409288896 439664 432400 7264 0
1785409288929 439664 432400 7264 0
1785409288960 439664 432400 7264 0
1785409288992 439664 432400 7264 0
1785409289022 439664 432400 7264 0
1785409289056 439664 432400 7264 0
1785409289088 439664 432400 7264 0
1785409289118 439664 432400 7264 0
1785409289151 439664 432400 7264 0
1785409289183 439664 432400 7264 0
1785409289216 439664 432400 7264 0
1785409289249 439664 432400 7264 0
1785409289281 439664 432400 7264 0
1785409289310 439664 432400 7264 0
1785409289344 439664 432400 7264 0
1785409289373 439664 432400 7264 0
1785409289408 439664 432400 7264 0
1785409289442 439664 432400 7264 0
1785409289475 439664 432400 7264 0
1785409289507 439664 432400 7264 0
1785409289539 439664 432400 7264 0
1785409289572 439664 432400 7264 0
1785409289605 439664 432400 7264 0
1785409289638 439664 432400 7264 0
1785409289671 439664 432400 7264 0
1785409289701 439664 432400 7264 0
1785409289734 439664 432400 7264 0
1785409289767 439664 432400 7264 0
1785409289800 439664 432400 7264 0
1785409289832 439664 432400 7264 0
1785409289860 439664 432400 7264 0
1785409289893 439664 432400 7264 0
1785409289927 439664 432400 7264 0
1785409289960 439664 432400 7264 0
1785409289995 439664 432400 7264 0
1785409290027 439664 432400 7264 0
1785409290058 439664 432400 7264 0
1785409290089 439664 432400 7264 0
1785409290123 439664 432400 7264 0
1785409290156 439664 432400 7264 0
1785409290190 439664 432400 7264 0
1785409290224 439664 432400 7264 0
1785409290256 439664 432400 7264 0
1785409290289 439664 432400 7264 0
1785409290323 439664 432400 7264 0
1785409290355 439664 432400 7264 0
1785409290388 439664 432400 7264 0
1785409290422 439664 432400 7264 0
1785409290456 439664 432400 7264 0
1785409290488 439664 432400 7264 0
1785409290522 439664 432400 7264 0
1785409290555 439664 432400 7264 0
1785409290587 439664 432400 7264 0
1785409290620 439664 432400 7264 0
1785409290653 439664 432400 7264 0
1785409290680 439664 432400 7264 0
1785409290712 439664 432400 7264 0
1785409290745 439664 432400 7264 0
1785409290777 439664 432400 7264 0
1785409290811 439664 432400 7264 0
1785409290843 439664 432400 7264 0
1785409290875 439664 432400 7264 0
1785409290903 439664 432400 7264 0
1785409290933 439664 432400 7264 0
1785409290966 439664 432400 7264 0
1785409291000 439664 432400 7264 0
1785409291034 439664 432400 7264 0
1785409291062 439664 432400 7264 0
1785409291095 439664 432400 7264 0
1785409291127 439664 432400 7264 0
1785409291160 439664 432400 7264 0
1785409291188 439664 432400 7264 0
1785409291216 439664 432400 7264 0
1785409291247 439664 432400 7264 0
1785409291278 439664 432400 7264 0
1785409291313 439664 432400 7264 0
1785409291345 439664 432400 7264 0
1785409291377 439664 432400 7264 0
1785409291409 439664 432400 7264 0
1785409291441 439664 432400 7264 0
1785409291473 439664 432400 7264 0
1785409291506 439664 432400 7264 0
1785409291539 439664 432400 7264 0
1785409291574 439664 432400 7264 0
1785409291607 439664 432400 7264 0
1785409291639 439664 432400 7264 0
1785409291671 439664 432400 7264 0
1785409291703 439664 432400 7264 0
1785409291736 439664 432400 7264 0
1785409291768 439664 432400 7264 0
1785409291802 439664 432400 7264 0
1785409291836 439664 432400 7264 0
1785409291866 439664 432400 7264 0
1785409291899 439664 432400 7264 0
1785409291933 439664 432400 7264 0
1785409291965 439664 432400 7264 0
1785409291998 439664 432400 7264 0
1785409292032 439664 432400 7264 0
1785409292064 439664 432400 7264 0
1785409292097 439664 432400 7264 0
1785409292126 439664 432400 7264 0
1785409292157 439664 432400 7264 0
1785409292189 439664 432400 7264 0
1785409292218 439664 432400 7264 0
1785409292252 439664 432400 7264 0
1785409292285 439664 432400 7264 0
1785409292320 439664 432400 7264 0
1785409292354 439664 432400 7264 0
1785409292388 439664 432400 7264 0
1785409292418 439664 432400 7264 0
1785409292447 439664 432400 7264 0
1785409292481 439664 432400 7264 0
1785409292515 439664 432400 7264 0
1785409292546 439664 432400 7264 0
1785409292580 439664 432400 7264 0
1785409292610 439664 432400 7264 0
1785409292641 439664 432400 7264 0
1785409292671 439664 432400 7264 0
1785409292704 439664 432400 7264 0
1785409292730 439664 432400 7264 0
1785409292760 439664 432400 7264 0
1785409292792 439664 432400 7264 0
1785409292825 439664 432400 7264 0
1785409292857 439664 432400 7264 0
1785409292888 439664 432400 7264 0
1785409292922 439664 432400 7264 0
1785409292956 439664 432400 7264 0
1785409292989 439664 432400 7264 0
1785409293021 439664 432400 7264 0
1785409293054 439664 432400 7264 0
1785409293085 439664 432400 7264 0
1785409293118 439664 432400 7264 0
1785409293152 439664 432400 7264 0
1785409293186 439664 432400 7264 0
1785409293220 439664 432400 7264 0
1785409293252 439664 432400 7264 0
1785409293285 439664 432400 7264 0
1785409293316 439664 432400 7264 0
1785409293346 439664 432400 7264 0
1785409293380 439664 432400 7264 0
1785409293414 439664 432400 7264 0
1785409293448 439664 432400 7264 0
1785409293481 439664 432400 7264 0
1785409293514 439664 432400 7264 0
1785409293546 439664 432400 7264 0
1785409293574 439664 432400 7264 0
1785409293603 439664 432400 7264 0
1785409293636 439664 432400 7264 0
1785409293668 439664 432400 7264 0
1785409293700 439664 432400 7264 0
1785409293733 439664 432400 7264 0
1785409293765 439664 432400 7264 0
1785409293796 439664 432400 7264 0
1785409293828 439664 432400 7264 0
1785409293861 439664 432400 7264 0
1785409293894 439664 432400 7264 0
1785409293927 439664 432400 7264 0
1785409293959 439664 432400 7264 0
1785409293992 439664 432400 7264 0
1785409294025 439664 432400 7264 0
1785409294054 439664 432400 7264 0
1785409294088 439664 432400 7264 0
1785409294122 439664 432400 7264 0
1785409294155 439664 432400 7264 0
1785409294188 439664 432400 7264 0
1785409294220 439664 432400 7264 0
1785409294253 439664 432400 7264 0
1785409294284 439664 432400 7264 0
1785409294317 439664 432400 7264 0
1785409294351 439664 432400 7264 0
1785409294382 439664 432400 7264 0
1785409294414 439664 432400 7264 0
1785409294447 439664 432400 7264 0
1785409294481 439664 432400 7264 0
1785409294514 439664 432400 7264 0
1785409294545 439664 432400 7264 0
1785409294577 439664 432400 7264 0
1785409294605 439664 432400 7264 0
1785409294635 439664 432400 7264 0
1785409294665 439664 432400 7264 0
1785409294699 439664 432400 7264 0
1785409294732 439664 432400 7264 0
1785409294765 439664 432400 7264 0
1785409294798 439664 432400 7264 0
1785409294831 439664 432400 7264 0
1785409294865 439664 432400 7264 0
1785409294898 439664 432400 7264 0
1785409294932 439664 432400 7264 0
1785409294965 439664 432400 7264 0
1785409294995 439664 432400 7264 0
1785409295029 439664 432400 7264 0
1785409295063 439664 432400 7264 0
1785409295096 439664 432400 7264 0
1785409295127 439664 432400 7264 0
1785409295160 439664 432400 7264 0
1785409295191 439664 432400 7264 0
1785409295222 439664 432400 7264 0
1785409295256 439664 432400 7264 0
1785409295289 439664 432400 7264 0
1785409295321 439664 432400 7264 0
1785409295355 439664 432400 7264 0
1785409295386 439664 432400 7264 0
1785409295419 439664 432400 7264 0
1785409295454 439664 432400 7264 0
1785409295486 439664 432400 7264 0
1785409295520 439664 432400 7264 0
1785409295554 439664 432400 7264 0
1785409295584 439664 432400 7264 0
1785409295618 439664 432400 7264 0
1785409295651 439664 432400 7264 0
1785409295683 439664 432400 7264 0
1785409295714 439664 432400 7264 0
1785409295742 439664 432400 7264 0
1785409295775 439664 432400 7264 0
1785409295808 439664 432400 7264 0
1785409295838 439664 432400 7264 0
1785409295865 439664 432400 7264 0
1785409295899 439664 432400 7264 0
1785409295932 439664 432400 7264 0
1785409295965 439664 432400 7264 0
1785409295994 439664 432400 7264 0
1785409296027 439664 432400 7264 0
1785409296060 439664 432400 7264 0
1785409296092 439664 432400 7264 0
1785409296125 439664 432400 7264 0
1785409296153 439664 432400 7264 0
1785409296178 439664 432400 7264 0
1785409296210 439664 432400 7264 0
1785409296241 439664 432400 7264 0
1785409296274 439664 432400 7264 0
1785409296306 439664 432400 7264 0
1785409296340 439664 432400 7264 0
1785409296373 439664 432400 7264 0
1785409296402 439664 432400 7264 0
1785409296435 439664 432400 7264 0
1785409296468 439664 432400 7264 0
1785409296502 439664 432400 7264 0
1785409296534 439664 432400 7264 0
1785409296567 439664 432400 7264 0
1785409296599 439664 432400 7264 0
1785409296633 439664 432400 7264 0
1785409296667 439664 432400 7264 0
1785409296699 439664 432400 7264 0
1785409296732 439664 432400 7264 0
1785409296765 439664 432400 7264 0
1785409296798 439664 432400 7264 0
1785409296832 439664 432400 7264 0
1785409296863 439664 432400 7264 0
1785409296897 439664 432400 7264 0
1785409296931 439664 432400 7264 0
1785409296963 439664 432400 7264 0
1785409296992 439664 432400 7264 0
1785409297024 439664 432400 7264 0
1785409297056 439664 432400 7264 0
1785409297085 439664 432400 7264 0
1785409297118 439664 432400 7264 0
1785409297149 439664 432400 7264 0
1785409297182 439664 432400 7264 0
1785409297214 439664 432400 7264 0
1785409297247 439664 432400 7264 0
1785409297280 439664 432400 7264 0
1785409297312 439664 432400 7264 0
1785409297346 439664 432400 7264 0
1785409297375 439664 432400 7264 0
1785409297408 439664 432400 7264 0
1785409297439 439664 432400 7264 0
1785409297469 439664 432400 7264 0
1785409297498 439664 432400 7264 0
1785409297532 439664 432400 7264 0
1785409297566 439664 432400 7264 0
1785409297599 439664 432400 7264 0
1785409297632 439664 432400 7264 0
1785409297666 439664 432400 7264 0
1785409297697 439664 432400 7264 0
1785409297727 439664 432400 7264 0
1785409297760 439664 432400 7264 0
1785409297793 439664 432400 7264 0
1785409297827 439664 432400 7264 0
1785409297858 439664 432400 7264 0
1785409297891 439664 432400 7264 0
1785409297921 439664 432400 7264 0
1785409297953 439664 432400 7264 0
1785409297987 439664 432400 7264 0
1785409298019 439664 432400 7264 0
1785409298052 439664 432400 7264 0
1785409298083 439664 432400 7264 0
1785409298116 439664 432400 7264 0
1785409298149 439664 432400 7264 0
1785409298182 439664 432400 7264 0
1785409298214 439664 432400 7264 0
1785409298248 439664 432400 7264 0
1785409298280 439664 432400 7264 0
1785409298312 439664 432400 7264 0
1785409298343 439664 432400 7264 0
1785409298376 439664 432400 7264 0
1785409298409 439664 432400 7264 0
1785409298442 439664 432400 7264 0
1785409298475 439664 432400 7264 0
1785409298510 439664 432400 7264 0
1785409298541 439664 432400 7264 0
1785409298573 439664 432400 7264 0
1785409298606 439664 432400 7264 0
1785409298637 439664 432400 7264 0
1785409298669 439664 432400 7264 0
1785409298702 439664 432400 7264 0
1785409298735 439664 432400 7264 0
1785409298768 439664 432400 7264 0
1785409298797 439664 432400 7264 0
1785409298830 439664 432400 7264 0
1785409298863 439664 432400 7264 0
1785409298895 439664 432400 7264 0
1785409298929 439664 432400 7264 0
1785409298963 439664 432400 7264 0
1785409298994 439664 432400 7264 0
1785409299020 439664 432400 7264 0
1785409299053 439664 432400 7264 0
1785409299087 439664 432400 7264 0
1785409299120 439664 432400 7264 0
1785409299149 439664 432400 7264 0
1785409299182 439664 432400 7264 0
1785409299214 439664 432400 7264 0
1785409299247 439664 432400 7264 0
1785409299279 439664 432400 7264 0
1785409299313 439664 432400 7264 0
1785409299342 439664 432400 7264 0
1785409299377 439664 432400 7264 0
1785409299410 439664 432400 7264 0
1785409299443 439664 432400 7264 0
1785409299477 439664 432400 7264 0
