# timestamp_ms Rss_kB Anonymous_kB Filemapped_kB Shmem_kB
1785416737699 256640 161440 95200 0
1785416737771 256696 161496 95200 0
1785416737823 256740 161540 95200 0
1785416737873 256808 161608 95200 0
1785416737922 257680 161924 95756 0
1785416737974 260176 162624 97552 0
1785416738023 260200 162648 97552 0
1785416738075 260200 162648 97552 0
1785416738102 260204 162652 97552 0
1785416738150 260216 162664 97552 0
1785416738202 261012 163460 97552 0
1785416738250 261128 163576 97552 0
1785416738303 261248 163696 97552 0
1785416738353 261348 163796 97552 0
1785416738405 262568 165016 97552 0
1785416738468 263788 165516 98272 0
1785416738518 263828 165556 98272 0
1785416738567 263836 165564 98272 0
1785416738616 263868 165596 98272 0
1785416738666 263916 165648 98268 0
1785416738714 266220 167948 98272 0
1785416738764 267528 169256 98272 0
1785416738814 267528 169256 98272 0
1785416738841 267528 169256 98272 0
1785416738868 267528 169256 98272 0
1785416738896 258476 168204 90272 0
1785416738959 267756 169484 98272 0
1785416739011 267756 169484 98272 0
1785416739038 267856 169584 98272 0
1785416739066 261752 172320 89432 0
1785416739129 280200 179720 100480 0
1785416739191 280252 179772 100480 0
1785416739240 280264 179784 100480 0
1785416739291 280268 179788 100480 0
1785416739341 280564 180084 100480 0
1785416739391 272340 179704 92636 0
1785416739440 282316 181324 100992 0
1785416739492 284436 181364 103072 0
1785416739541 285232 181372 103860 0
1785416739590 285284 181424 103860 0
1785416739640 285348 181424 103924 0
1785416739688 285412 181424 103988 0
1785416739740 286640 181436 105204 0
1785416739805 288504 181456 107048 0
1785416739856 289648 181520 108128 0
1785416739905 289816 181528 108288 0
1785416739954 290964 181556 109408 0
1785416740006 295080 185672 109408 0
1785416740069 308564 199096 109468 0
1785416740135 435672 270316 165356 0
1785416740215 482884 286756 196128 0
1785416740295 492612 292188 200424 0
1785416740356 518932 302628 216304 0
1785416740436 560428 325452 234976 0
1785416740516 590168 337420 252748 0
1785416740596 608340 346620 261720 0
1785416740676 637324 363892 273432 0
1785416740760 649624 367352 282272 0
1785416740839 658884 372008 286876 0
1785416740904 673652 379896 293756 0
1785416740988 693944 390440 303504 0
1785416741069 702500 392940 309560 0
1785416741129 707704 395784 311920 0
1785416741192 711588 397540 314048 0
1785416741276 731068 409052 322016 0
1785416741360 743448 416288 327160 0
1785416741423 749400 417564 331836 0
1785416741507 759780 421696 338084 0
1785416741573 763340 423108 340232 0
1785416741638 768992 425428 343564 0
1785416741725 777932 432576 345356 0
1785416741790 784016 433980 350036 0
1785416741880 814832 448460 366372 0
1785416741968 860656 471492 389164 0
1785416742058 903432 496248 407184 0
1785416742153 918120 499380 418740 0
1785416742249 940956 515492 425464 0
1785416742325 968492 524712 443780 0
1785416742422 998572 540152 458420 0
1785416742523 1021904 550576 471328 0
1785416742619 1054436 568508 485928 0
1785416742719 1070592 576864 493728 0
1785416742790 1077888 579540 498348 0
1785416742887 1087532 582836 504696 0
1785416742961 1098944 592016 506928 0
1785416743039 1123916 603052 520864 0
1785416743142 1133784 605844 527940 0
1785416743213 1133860 605920 527940 0
1785416743276 710492 605568 104924 0
1785416743309 875604 778584 97020 0
1785416743342 955572 863864 91708 0
1785416743376 1064536 970520 94016 0
1785416743410 1135200 1028836 106364 0
1785416743471 1137232 1028836 108396 0
1785416743532 1138544 1029608 108936 0
1785416743592 1139448 1030388 109060 0
1785416743649 1139432 1030264 109168 0
1785416743710 1146348 1033928 112420 0
1785416743772 1151548 1037164 114384 0
1785416743853 1175000 1059812 115188 0
1785416743927 1176152 1060964 115188 0
1785416743990 1171180 1066012 105168 0
1785416744051 1001140 907460 93680 0
1785416744113 1194236 1079016 115220 0
1785416744174 1194236 1079016 115220 0
1785416744206 1194236 1079016 115220 0
1785416744238 1195772 1080552 115220 0
1785416744298 1201380 1086164 115216 0
1785416744381 1214976 1099756 115220 0
1785416744444 1214976 1099756 115220 0
1785416744477 1214976 1099756 115220 0
1785416744510 1214824 1099608 115216 0
1785416744543 1219708 1112696 107012 0
1785416744631 1238016 1122796 115220 0
1785416744694 1238400 1123180 115220 0
1785416744757 1243880 1130516 113364 0
1785416744822 1250192 1142964 107228 0
1785416744905 1261060 1145840 115220 0
1785416744970 1262444 1147228 115216 0
1785416745034 1263364 1148144 115220 0
1785416745095 1272944 1157364 115580 0
1785416745162 1273528 1157364 116164 0
1785416745229 1273528 1157364 116164 0
1785416745264 1273660 1157372 116288 0
1785416745326 1273724 1157376 116348 0
1785416745390 1274588 1157384 117204 0
1785416745450 1276136 1157252 118884 0
1785416745511 1189324 1070436 118888 0
1785416745544 1189336 1070448 118888 0
1785416745577 1189340 1070452 118888 0
1785416745610 1189340 1070452 118888 0
1785416745643 1189340 1070452 118888 0
1785416745676 1189344 1070456 118888 0
1785416745708 1189352 1070464 118888 0
1785416745739 1189356 1070468 118888 0
1785416745773 1189356 1070468 118888 0
1785416745805 1189356 1070468 118888 0
1785416745838 1189360 1070472 118888 0
1785416745871 1189360 1070472 118888 0
1785416745904 1189360 1070472 118888 0
1785416745936 1189360 1070472 118888 0
1785416745970 1189364 1070476 118888 0
1785416746004 1189364 1070476 118888 0
1785416746038 1189364 1070476 118888 0
1785416746074 1189364 1070476 118888 0
1785416746109 1189364 1070476 118888 0
1785416746145 1189364 1070476 118888 0
1785416746181 1189364 1070476 118888 0
1785416746218 1189364 1070476 118888 0
1785416746254 1189364 1070476 118888 0
1785416746290 1189364 1070476 118888 0
1785416746326 1189364 1070476 118888 0
1785416746363 1189364 1070476 118888 0
1785416746398 1189364 1070476 118888 0
1785416746435 1189364 1070476 118888 0
1785416746471 1189364 1070476 118888 0
1785416746507 1189364 1070476 118888 0
1785416746543 1189364 1070476 118888 0
1785416746579 1189364 1070476 118888 0
1785416746614 1189364 1070476 118888 0
1785416746650 1189364 1070476 118888 0
1785416746687 1189364 1070476 118888 0
1785416746723 1189364 1070476 118888 0
1785416746759 1189364 1070476 118888 0
1785416746794 1189364 1070476 118888 0
1785416746830 1189364 1070476 118888 0
1785416746866 1189364 1070476 118888 0
1785416746901 1189364 1070476 118888 0
1785416746938 1189364 1070476 118888 0
1785416746973 1189364 1070476 118888 0
1785416747007 1189364 1070476 118888 0
1785416747043 1189364 1070476 118888 0
1785416747080 1189364 1070476 118888 0
1785416747115 1189364 1070476 118888 0
1785416747153 1189364 1070476 118888 0
1785416747189 1189364 1070476 118888 0
1785416747226 1189364 1070476 118888 0
1785416747261 1189364 1070476 118888 0
1785416747297 1189364 1070476 118888 0
1785416747334 1198688 1079800 118888 0
1785416747368 1198688 1079800 118888 0
1785416747403 1198688 1079800 118888 0
1785416747439 1198688 1079800 118888 0
1785416747475 1198688 1079800 118888 0
1785416747508 1198688 1079800 118888 0
1785416747543 1214428 1108008 106420 0
1785416747577 1282756 1164848 117908 0
1785416747613 1283896 1165008 118888 0
1785416747700 1553904 1435016 118888 0
1785416747788 1709552 1590664 118888 0
1785416747878 1709552 1590664 118888 0
1785416747911 1719204 1600316 118888 0
1785416747976 1790884 1671996 118888 0
1785416748061 1928100 1809212 118888 0
1785416748150 2071460 1952572 118888 0
1785416748238 1612888 1494000 118888 0
1785416748273 1663524 1552468 111056 0
1785416748309 1636364 1517476 118888 0
1785416748345 1744908 1626020 118888 0
1785416748382 1853452 1734564 118888 0
1785416748418 1964044 1845156 118888 0
1785416748455 2065268 1946380 118888 0
1785416748492 2110324 1991436 118888 0
1785416748578 2225012 2106124 118888 0
1785416748664 2394996 2276108 118888 0
1785416748747 2473408 2354520 118888 0
1785416748827 2505092 2386404 118688 0
1785416748892 2556144 2437260 118884 0
1785416748977 2036084 1917200 118884 0
1785416749010 1190188 1070660 119528 0
1785416749043 1190188 1070660 119528 0
1785416749077 1190196 1070668 119528 0
1785416749111 1190196 1070668 119528 0
1785416749149 1182140 1074188 107952 0
1785416749186 304068 195680 108388 0
1785416749215 1219300 1113336 105964 0
1785416749251 1307516 1191316 116200 0
1785416749288 1316620 1206536 110084 0
1785416749325 1343016 1224728 118288 0
1785416749363 1351116 1241188 109928 0
1785416749401 1378624 1259096 119528 0
1785416749439 1378624 1259096 119528 0
1785416749476 1378624 1259096 119528 0
1785416749513 1378624 1259096 119528 0
1785416749548 1378636 1259108 119528 0
1785416749584 1378696 1259168 119528 0
1785416749619 1378756 1259228 119528 0
1785416749655 1378668 1259144 119524 0
1785416749690 1379204 1259552 119652 0
1785416749726 1379212 1259560 119652 0
1785416749761 1379220 1259568 119652 0
1785416749797 1379228 1259576 119652 0
1785416749832 1379232 1259580 119652 0
1785416749867 1379244 1259592 119652 0
1785416749902 1379260 1259608 119652 0
1785416749937 1379272 1259620 119652 0
1785416749974 1379276 1259624 119652 0
1785416750009 1379288 1259636 119652 0
1785416750045 1379296 1259644 119652 0
1785416750079 1379300 1259648 119652 0
1785416750115 1379304 1259652 119652 0
1785416750151 1379312 1259660 119652 0
1785416750186 1379320 1259668 119652 0
1785416750221 1379328 1259676 119652 0
1785416750255 1379332 1259680 119652 0
1785416750290 1379332 1259680 119652 0
1785416750326 1379332 1259680 119652 0
1785416750364 1379332 1259680 119652 0
1785416750400 1379332 1259680 119652 0
1785416750435 1379332 1259680 119652 0
1785416750473 1379332 1259680 119652 0
1785416750510 1379332 1259680 119652 0
1785416750549 1379332 1259680 119652 0
1785416750586 1379332 1259680 119652 0
1785416750624 1379332 1259680 119652 0
1785416750661 1379332 1259680 119652 0
1785416750699 1379332 1259680 119652 0
1785416750737 1379332 1259680 119652 0
1785416750774 1379332 1259680 119652 0
1785416750812 1379352 1259700 119652 0
1785416750849 1379352 1259700 119652 0
1785416750886 1379352 1259700 119652 0
1785416750924 1379352 1259700 119652 0
1785416750961 1379352 1259700 119652 0
1785416750999 1379352 1259700 119652 0
1785416751037 1379352 1259700 119652 0
1785416751075 1379352 1259700 119652 0
1785416751112 1379352 1259700 119652 0
1785416751148 1379352 1259700 119652 0
1785416751185 1379352 1259700 119652 0
1785416751222 1379352 1259700 119652 0
1785416751260 1379352 1259700 119652 0
1785416751297 1379352 1259700 119652 0
1785416751335 1379352 1259700 119652 0
1785416751372 1379352 1259700 119652 0
1785416751407 1379352 1259700 119652 0
1785416751443 1379352 1259700 119652 0
1785416751480 1379352 1259700 119652 0
1785416751517 1379352 1259700 119652 0
1785416751552 1379352 1259700 119652 0
1785416751585 1387144 1268732 118412 0
1785416751622 1498588 1378936 119652 0
1785416751659 1674716 1555064 119652 0
1785416751697 1811932 1692280 119652 0
1785416751734 1811932 1692280 119652 0
1785416751772 1819548 1699896 119652 0
1785416751811 1934236 1814584 119652 0
1785416751849 2048924 1929272 119652 0
1785416751887 2161564 2041912 119652 0
1785416751924 1812020 1692368 119652 0
1785416751963 1812020 1692368 119652 0
1785416752000 1801720 1690132 111588 0
1785416752035 1903608 1783956 119652 0
1785416752073 2010104 1890452 119652 0
1785416752110 2120696 2001044 119652 0
1785416752146 2224992 2105344 119648 0
1785416752182 2303864 2184212 119652 0
1785416752220 2416504 2296852 119652 0
1785416752258 2529144 2409492 119652 0
1785416752296 2641784 2522132 119652 0
1785416752399 2658744 2539092 119652 0
1785416752473 2659948 2539092 120856 0
1785416752546 2237024 2115732 121292 0
1785416752580 2237024 2115732 121292 0
1785416752617 2237024 2115732 121292 0
1785416752652 1835616 1714324 121292 0
1785416752687 1940064 1818772 121292 0
1785416752723 2046560 1925268 121292 0
1785416752761 2159200 2037908 121292 0
1785416752800 2237024 2115732 121292 0
1785416752837 2237024 2115732 121292 0
1785416752871 2236872 2115584 121288 0
1785416752909 1879604 1758312 121292 0
1785416752945 1828976 1709604 119372 0
1785416752983 1950076 1829884 120192 0
1785416753020 1966980 1858320 108660 0
1785416753055 2031732 1912324 119408 0
1785416753093 2078024 1964688 113336 0
1785416753131 2124008 2002720 121288 0
1785416753171 2150672 2030360 120312 0
1785416753210 2177012 2055724 121288 0
1785416753249 2224940 2103780 121160 0
1785416753289 2228068 2106780 121288 0
1785416753328 2228876 2107588 121288 0
1785416753367 1718828 1597512 121316 0
1785416753409 1729128 1607664 121464 0
1785416753449 1747560 1626096 121464 0
1785416753490 1765992 1644528 121464 0
1785416753530 1782376 1660912 121464 0
1785416753570 1800808 1679344 121464 0
1785416753610 1817192 1695728 121464 0
1785416753650 1835624 1714160 121464 0
1785416753690 1854056 1732592 121464 0
1785416753726 1870440 1748976 121464 0
1785416753762 1886824 1765360 121464 0
1785416753802 1903008 1781544 121464 0
1785416753841 1921440 1799976 121464 0
1785416753881 1937824 1816360 121464 0
1785416753921 1956256 1834792 121464 0
1785416753960 1974688 1853224 121464 0
1785416753996 1991072 1869608 121464 0
1785416754033 2007456 1885992 121464 0
1785416754073 2023840 1902376 121464 0
1785416754113 2042272 1920808 121464 0
1785416754150 2058656 1937192 121464 0
1785416754190 1805996 1684516 121480 0
1785416754231 1806004 1684524 121480 0
1785416754271 1806004 1684524 121480 0
1785416754311 1806008 1684528 121480 0
1785416754351 1806008 1684528 121480 0
1785416754390 1806012 1684532 121480 0
1785416754430 1806012 1684532 121480 0
1785416754469 1806016 1684536 121480 0
1785416754504 1806020 1684540 121480 0
1785416754542 1806020 1684540 121480 0
1785416754582 1806028 1684548 121480 0
1785416754621 1806028 1684548 121480 0
1785416754659 1806028 1684548 121480 0
1785416754698 1806028 1684548 121480 0
1785416754733 1806028 1684548 121480 0
1785416754769 1806036 1684556 121480 0
1785416754809 1806036 1684556 121480 0
1785416754849 1806040 1684560 121480 0
1785416754888 1806040 1684560 121480 0
1785416754928 1806044 1684564 121480 0
1785416754967 1806044 1684564 121480 0
1785416755003 1806052 1684572 121480 0
1785416755040 1806056 1684576 121480 0
1785416755077 1806068 1684588 121480 0
1785416755114 1806068 1684588 121480 0
1785416755150 1806068 1684588 121480 0
1785416755187 1806068 1684588 121480 0
1785416755223 1806068 1684588 121480 0
1785416755259 1806076 1684596 121480 0
1785416755296 1806076 1684596 121480 0
1785416755332 1806084 1684604 121480 0
1785416755371 1806088 1684608 121480 0
1785416755410 1806088 1684608 121480 0
1785416755450 1806088 1684608 121480 0
1785416755488 1806088 1684608 121480 0
1785416755527 1806092 1684612 121480 0
1785416755564 1806092 1684612 121480 0
1785416755603 1806096 1684616 121480 0
1785416755642 1806100 1684620 121480 0
1785416755682 1806100 1684620 121480 0
1785416755721 1806104 1684624 121480 0
1785416755760 1806104 1684624 121480 0
1785416755796 1806104 1684624 121480 0
1785416755834 1806112 1684632 121480 0
1785416755874 1806116 1684636 121480 0
1785416755913 1806116 1684636 121480 0
1785416755951 1806116 1684636 121480 0
1785416755990 1806120 1684640 121480 0
1785416756029 1806120 1684640 121480 0
1785416756068 1806128 1684648 121480 0
1785416756105 1806132 1684652 121480 0
1785416756141 1806132 1684652 121480 0
1785416756177 1806132 1684652 121480 0
1785416756212 1806132 1684652 121480 0
1785416756252 1806132 1684652 121480 0
1785416756291 1806136 1684656 121480 0
1785416756328 1806140 1684660 121480 0
1785416756367 1806144 1684664 121480 0
1785416756406 1806144 1684664 121480 0
1785416756445 1806144 1684664 121480 0
1785416756485 1805996 1684520 121476 0
1785416756524 1816040 1694560 121480 0
1785416756560 1824592 1703112 121480 0
1785416756597 1824596 1703116 121480 0
1785416756636 1824600 1703120 121480 0
1785416756677 1833272 1711792 121480 0
1785416756716 1852324 1738800 113524 0
1785416756753 1861464 1739984 121480 0
1785416756788 1861464 1739984 121480 0
1785416756824 1879900 1758420 121480 0
1785416756864 1879908 1758428 121480 0
1785416756903 1879912 1758432 121480 0
1785416756943 1879916 1758436 121480 0
1785416756978 1879764 1758288 121476 0
1785416757013 1898348 1776868 121480 0
1785416757051 1898352 1776872 121480 0
1785416757087 1916784 1795304 121480 0
1785416757127 1916784 1795304 121480 0
1785416757166 1916800 1795320 121480 0
1785416757205 1916800 1795320 121480 0
1785416757244 1909452 1791960 117492 0
1785416757282 1935232 1813752 121480 0
1785416757320 1935232 1813752 121480 0
1785416757359 1953668 1832188 121480 0
1785416757399 1953788 1832308 121480 0
1785416757439 1964948 1842904 122044 0
1785416757479 1981052 1860708 120344 0
1785416757519 2000420 1878376 122044 0
1785416757556 2003720 1888988 114732 0
1785416757600 2060412 1937604 122808 0
1785416757641 1978044 1942384 35660 0
1785416757680 2087428 1964620 122808 0
1785416757720 2105860 1983052 122808 0
1785416757760 2122244 1999436 122808 0
1785416757800 2140676 2017868 122808 0
1785416757838 2159108 2036300 122808 0
1785416757876 2175492 2052684 122808 0
1785416757916 2193924 2071116 122808 0
1785416757956 2210308 2087500 122808 0
1785416757996 2228740 2105932 122808 0
1785416758036 2245460 2122320 123140 0
1785416758076 2245460 2122320 123140 0
1785416758115 2245460 2122320 123140 0
1785416758151 2245460 2122320 123140 0
1785416758190 2245460 2122320 123140 0
1785416758229 2245460 2122320 123140 0
1785416758269 2245460 2122320 123140 0
1785416758308 2245460 2122320 123140 0
1785416758347 2245460 2122320 123140 0
1785416758387 2245460 2122320 123140 0
1785416758426 2245460 2122320 123140 0
1785416758465 2245460 2122320 123140 0
1785416758501 2245308 2122172 123136 0
1785416758539 2290024 2166884 123140 0
1785416758580 2303412 2180276 123136 0
1785416758620 2323008 2199868 123140 0
1785416758660 2332536 2209400 123136 0
1785416758701 2541520 2418380 123140 0
1785416758743 2557904 2434764 123140 0
1785416758783 2576340 2453200 123140 0
1785416758823 2594792 2471652 123140 0
1785416758863 2613224 2490084 123140 0
1785416758904 2631656 2508516 123140 0
1785416758945 2650088 2526948 123140 0
1785416758984 2666472 2543332 123140 0
1785416759059 2676712 2553572 123140 0
1785416759134 2693096 2569956 123140 0
1785416759233 2709528 2586392 123136 0
1785416759306 2723816 2600676 123140 0
1785416759373 2744296 2621156 123140 0
1785416759447 2754536 2631396 123140 0
1785416759547 2777064 2653924 123140 0
1785416759620 2789352 2666212 123140 0
1785416759696 2820072 2696932 123140 0
1785416759793 2840552 2717412 123140 0
1785416759864 2850792 2727652 123140 0
1785416759941 2863080 2739940 123140 0
1785416760015 3057640 2934500 123140 0
1785416760115 2883664 2760524 123140 0
1785416760156 2932320 2817172 115148 0
1785416760204 2768072 2644932 123140 0
1785416760246 2771660 2648520 123140 0
1785416760288 2771660 2648520 123140 0
1785416760330 2771508 2648372 123136 0
1785416760371 2597680 2474540 123140 0
1785416760409 2597680 2474540 123140 0
1785416760448 2597680 2474540 123140 0
1785416760486 2597680 2474540 123140 0
1785416760524 2597680 2474540 123140 0
1785416760563 2597680 2474540 123140 0
1785416760598 2597680 2474540 123140 0
1785416760637 2597680 2474540 123140 0
1785416760676 2597680 2474540 123140 0
1785416760715 2597680 2474540 123140 0
1785416760753 2597680 2474540 123140 0
1785416760792 2597680 2474540 123140 0
1785416760831 2597680 2474540 123140 0
1785416760868 2597680 2474540 123140 0
1785416760904 2597680 2474540 123140 0
1785416760942 2597680 2474540 123140 0
1785416760981 2597680 2474540 123140 0
1785416761017 2597680 2474540 123140 0
1785416761053 2597680 2474540 123140 0
1785416761089 2597680 2474540 123140 0
1785416761125 2597680 2474540 123140 0
1785416761163 2597680 2474540 123140 0
1785416761202 2597680 2474540 123140 0
1785416761241 2597680 2474540 123140 0
1785416761280 2597680 2474540 123140 0
1785416761319 2597680 2474540 123140 0
1785416761358 2597680 2474540 123140 0
1785416761396 2597680 2474540 123140 0
1785416761433 2597680 2474540 123140 0
1785416761472 2597680 2474540 123140 0
1785416761512 2597680 2474540 123140 0
1785416761551 2597680 2474540 123140 0
1785416761587 2597680 2474540 123140 0
1785416761626 2597680 2474540 123140 0
1785416761664 2597680 2474540 123140 0
1785416761703 2597680 2474540 123140 0
1785416761742 2597680 2474540 123140 0
1785416761777 2597680 2474540 123140 0
1785416761813 2597680 2474540 123140 0
1785416761852 2220860 2097580 123280 0
1785416761891 2221380 2097584 123796 0
1785416761931 2221560 2097592 123968 0
1785416761970 2221560 2097592 123968 0
1785416762007 2221560 2097592 123968 0
1785416762049 2221560 2097592 123968 0
1785416762089 2221560 2097592 123968 0
1785416762130 2221560 2097592 123968 0
1785416762171 2221560 2097592 123968 0
1785416762210 2221596 2097596 124000 0
1785416762248 2221596 2097596 124000 0
1785416762289 2221596 2097596 124000 0
1785416762330 2221596 2097596 124000 0
1785416762372 2221868 2097616 124252 0
1785416762414 2221932 2097616 124316 0
1785416762455 2221936 2097616 124320 0
1785416762497 2221936 2097616 124320 0
1785416762539 2221936 2097616 124320 0
1785416762579 2223984 2099664 124320 0
1785416762622 2223984 2099664 124320 0
1785416762662 2223984 2099664 124320 0
1785416762699 2223984 2099664 124320 0
1785416762742 2223984 2099664 124320 0
1785416762783 2223988 2099668 124320 0
1785416762824 2223988 2099668 124320 0
1785416762867 2223988 2099668 124320 0
1785416762908 2223988 2099668 124320 0
1785416762945 2223988 2099668 124320 0
1785416762984 2223988 2099668 124320 0
1785416763022 2223988 2099668 124320 0
1785416763063 2223988 2099668 124320 0
1785416763104 2223988 2099668 124320 0
1785416763145 2223988 2099668 124320 0
1785416763186 2223988 2099668 124320 0
1785416763228 2224180 2099668 124512 0
1785416763270 2224180 2099668 124512 0
1785416763311 2224180 2099668 124512 0
1785416763353 2224248 2099672 124576 0
1785416763395 2224248 2099672 124576 0
1785416763437 2224248 2099672 124576 0
1785416763478 2224248 2099672 124576 0
1785416763520 2224248 2099672 124576 0
1785416763562 2224248 2099672 124576 0
1785416763604 2224248 2099672 124576 0
1785416763646 2224248 2099672 124576 0
1785416763687 2224248 2099672 124576 0
1785416763729 2224248 2099672 124576 0
1785416763772 2224248 2099672 124576 0
1785416763813 2224248 2099672 124576 0
1785416763851 2224248 2099672 124576 0
1785416763889 2224248 2099672 124576 0
1785416763926 2224248 2099672 124576 0
1785416763968 2224248 2099672 124576 0
1785416764009 2224248 2099672 124576 0
1785416764047 2224248 2099672 124576 0
1785416764086 2224248 2099672 124576 0
1785416764128 2224248 2099672 124576 0
1785416764170 2224248 2099672 124576 0
1785416764212 2224248 2099672 124576 0
1785416764253 2224248 2099672 124576 0
1785416764295 2224248 2099672 124576 0
1785416764334 2224248 2099672 124576 0
1785416764376 2224248 2099672 124576 0
1785416764417 2224248 2099672 124576 0
1785416764456 2224248 2099672 124576 0
1785416764497 2224248 2099672 124576 0
1785416764538 2224248 2099672 124576 0
1785416764579 2224252 2099676 124576 0
1785416764621 2224252 2099676 124576 0
1785416764661 2224252 2099676 124576 0
1785416764702 2224252 2099676 124576 0
1785416764742 2224252 2099676 124576 0
1785416764780 2224252 2099676 124576 0
1785416764820 2224252 2099676 124576 0
1785416764861 2224252 2099676 124576 0
1785416764902 2224252 2099676 124576 0
1785416764943 2224252 2099676 124576 0
1785416764985 2224252 2099676 124576 0
1785416765027 2224252 2099676 124576 0
1785416765069 2224252 2099676 124576 0
1785416765109 2224252 2099676 124576 0
1785416765148 2224252 2099676 124576 0
1785416765189 2224252 2099676 124576 0
1785416765227 2224252 2099676 124576 0
1785416765266 2224252 2099676 124576 0
1785416765310 2224252 2099676 124576 0
1785416765350 2224252 2099676 124576 0
1785416765391 2224252 2099676 124576 0
1785416765435 2224252 2099676 124576 0
1785416765476 2224252 2099676 124576 0
1785416765517 2224252 2099676 124576 0
1785416765558 2224256 2099680 124576 0
1785416765600 2224256 2099680 124576 0
1785416765640 2224256 2099680 124576 0
1785416765681 2224256 2099680 124576 0
1785416765722 2224256 2099680 124576 0
1785416765763 2224256 2099680 124576 0
1785416765804 2224256 2099680 124576 0
1785416765843 2224256 2099680 124576 0
1785416765885 2224256 2099680 124576 0
1785416765929 2224256 2099680 124576 0
1785416765971 2224256 2099680 124576 0
1785416766013 2224256 2099680 124576 0
1785416766055 2224256 2099680 124576 0
1785416766096 2224256 2099680 124576 0
1785416766139 2224256 2099680 124576 0
1785416766180 2224256 2099680 124576 0
1785416766219 2224256 2099680 124576 0
1785416766262 2224256 2099680 124576 0
1785416766302 2224256 2099680 124576 0
1785416766343 2224256 2099680 124576 0
1785416766386 2224256 2099680 124576 0
1785416766427 2224256 2099680 124576 0
1785416766468 2224256 2099680 124576 0
1785416766511 2224256 2099680 124576 0
1785416766552 2224256 2099680 124576 0
1785416766593 2224256 2099680 124576 0
1785416766636 2224256 2099680 124576 0
1785416766676 2224256 2099680 124576 0
1785416766717 2224256 2099680 124576 0
1785416766760 2224256 2099680 124576 0
1785416766802 2224256 2099680 124576 0
1785416766844 2224256 2099680 124576 0
1785416766888 2224396 2099680 124716 0
1785416766931 2224624 2099680 124944 0
1785416766971 2224624 2099680 124944 0
1785416767010 2224624 2099680 124944 0
1785416767048 2224624 2099680 124944 0
1785416767084 2224624 2099680 124944 0
1785416767120 2224624 2099680 124944 0
1785416767157 2224672 2099680 124992 0
1785416767198 2224672 2099680 124992 0
1785416767240 2224672 2099680 124992 0
1785416767281 2224672 2099680 124992 0
1785416767321 2224672 2099680 124992 0
1785416767363 2224672 2099680 124992 0
1785416767403 2224672 2099680 124992 0
1785416767443 2224672 2099680 124992 0
1785416767482 2224672 2099680 124992 0
1785416767521 2224672 2099680 124992 0
1785416767563 2224672 2099680 124992 0
1785416767605 2224672 2099680 124992 0
1785416767646 2224672 2099680 124992 0
1785416767685 2224672 2099680 124992 0
1785416767727 2224672 2099680 124992 0
1785416767768 2224672 2099680 124992 0
1785416767810 2224672 2099680 124992 0
1785416767851 2224672 2099680 124992 0
1785416767893 2224672 2099680 124992 0
1785416767934 2224672 2099680 124992 0
1785416767975 2224676 2099684 124992 0
1785416768016 2224676 2099684 124992 0
1785416768058 2224680 2099688 124992 0
1785416768099 2224680 2099688 124992 0
1785416768141 2224680 2099688 124992 0
1785416768182 2224684 2099692 124992 0
1785416768223 2224684 2099692 124992 0
1785416768261 2224684 2099692 124992 0
1785416768302 2224684 2099692 124992 0
1785416768343 2224684 2099692 124992 0
1785416768384 2224684 2099692 124992 0
1785416768425 2224684 2099692 124992 0
1785416768467 2224684 2099692 124992 0
1785416768507 2224684 2099692 124992 0
1785416768549 2224688 2099696 124992 0
1785416768590 2224688 2099696 124992 0
1785416768631 2224688 2099696 124992 0
1785416768672 2224688 2099696 124992 0
1785416768714 2224688 2099696 124992 0
1785416768754 2224688 2099696 124992 0
1785416768793 2224688 2099696 124992 0
1785416768832 2224688 2099696 124992 0
1785416768873 2224688 2099696 124992 0
1785416768915 2224688 2099696 124992 0
1785416768958 2224688 2099696 124992 0
1785416769000 2224688 2099696 124992 0
1785416769043 2224688 2099696 124992 0
1785416769085 2224688 2099696 124992 0
1785416769127 2224688 2099696 124992 0
1785416769166 2224688 2099696 124992 0
1785416769208 2224688 2099696 124992 0
1785416769250 2224688 2099696 124992 0
1785416769289 2224688 2099696 124992 0
1785416769331 2224688 2099696 124992 0
1785416769373 2224688 2099696 124992 0
1785416769414 2224688 2099696 124992 0
1785416769455 2224688 2099696 124992 0
1785416769497 2224688 2099696 124992 0
1785416769539 2224688 2099696 124992 0
1785416769580 2224688 2099696 124992 0
1785416769622 2224688 2099696 124992 0
1785416769663 2224688 2099696 124992 0
1785416769705 2224688 2099696 124992 0
1785416769746 2224688 2099696 124992 0
1785416769788 2224688 2099696 124992 0
1785416769829 2224688 2099696 124992 0
1785416769871 2224688 2099696 124992 0
1785416769912 2224688 2099696 124992 0
1785416769953 2224688 2099696 124992 0
1785416769995 2224688 2099696 124992 0
1785416770037 2224688 2099696 124992 0
1785416770079 2224688 2099696 124992 0
1785416770121 2224688 2099696 124992 0
1785416770163 2224688 2099696 124992 0
1785416770205 2224688 2099696 124992 0
1785416770247 2224688 2099696 124992 0
1785416770289 2224696 2099704 124992 0
1785416770329 2224696 2099704 124992 0
1785416770367 2224696 2099704 124992 0
1785416770407 2224696 2099704 124992 0
1785416770447 2224696 2099704 124992 0
1785416770488 2224696 2099704 124992 0
1785416770527 2224696 2099704 124992 0
1785416770570 2224696 2099704 124992 0
1785416770611 2224696 2099704 124992 0
1785416770653 2224696 2099704 124992 0
1785416770694 2224696 2099704 124992 0
1785416770735 2224696 2099704 124992 0
1785416770777 2224696 2099704 124992 0
1785416770819 2224696 2099704 124992 0
1785416770862 2224696 2099704 124992 0
1785416770900 2224696 2099704 124992 0
1785416770939 2224544 2099556 124988 0
1785416770981 2224700 2099708 124992 0
1785416771023 2224700 2099708 124992 0
1785416771064 2224700 2099708 124992 0
1785416771107 2224700 2099708 124992 0
1785416771149 2224700 2099708 124992 0
1785416771190 2224700 2099708 124992 0
1785416771232 2224700 2099708 124992 0
1785416771273 2224700 2099708 124992 0
1785416771314 2224700 2099708 124992 0
1785416771354 2224700 2099708 124992 0
1785416771396 2224700 2099708 124992 0
1785416771436 2224700 2099708 124992 0
1785416771474 2224700 2099708 124992 0
1785416771516 2224700 2099708 124992 0
1785416771556 2224700 2099708 124992 0
1785416771597 2224700 2099708 124992 0
1785416771640 2224700 2099708 124992 0
1785416771682 2224700 2099708 124992 0
1785416771724 2224700 2099708 124992 0
1785416771766 2224700 2099708 124992 0
1785416771808 2224700 2099708 124992 0
1785416771850 2224700 2099708 124992 0
1785416771890 2224700 2099708 124992 0
1785416771933 2224704 2099712 124992 0
1785416771975 2224704 2099712 124992 0
1785416772013 2224704 2099712 124992 0
1785416772052 2224704 2099712 124992 0
1785416772094 2224704 2099712 124992 0
1785416772135 2224704 2099712 124992 0
1785416772177 2224704 2099712 124992 0
1785416772219 2224704 2099712 124992 0
1785416772256 2224704 2099712 124992 0
1785416772298 2224704 2099712 124992 0
1785416772340 2224704 2099712 124992 0
1785416772380 2224704 2099712 124992 0
1785416772421 2224704 2099712 124992 0
1785416772463 2224704 2099712 124992 0
1785416772503 2224704 2099712 124992 0
1785416772544 2224704 2099712 124992 0
1785416772587 2224704 2099712 124992 0
1785416772627 2224704 2099712 124992 0
1785416772664 2224704 2099712 124992 0
1785416772699 2224704 2099712 124992 0
1785416772740 2224704 2099712 124992 0
1785416772779 2224704 2099712 124992 0
1785416772818 2224552 2099564 124988 0
1785416772864 2195836 2070844 124992 0
1785416772906 2195836 2070844 124992 0
1785416772948 2195836 2070844 124992 0
1785416772989 2195836 2070844 124992 0
1785416773029 2195836 2070844 124992 0
1785416773071 2195836 2070844 124992 0
1785416773111 2195836 2070844 124992 0
1785416773150 2195836 2070844 124992 0
1785416773192 2195836 2070844 124992 0
1785416773234 2195836 2070844 124992 0
1785416773276 2195836 2070844 124992 0
1785416773317 2195836 2070844 124992 0
1785416773358 2195836 2070844 124992 0
1785416773398 2195836 2070844 124992 0
1785416773439 2195836 2070844 124992 0
1785416773477 2195836 2070844 124992 0
1785416773519 2195836 2070844 124992 0
1785416773560 2195836 2070844 124992 0
1785416773601 2195836 2070844 124992 0
1785416773643 2195836 2070844 124992 0
1785416773682 2195836 2070844 124992 0
1785416773723 2195836 2070844 124992 0
1785416773764 2195844 2070852 124992 0
1785416773803 2195848 2070856 124992 0
1785416773841 2195848 2070856 124992 0
1785416773883 2195848 2070856 124992 0
1785416773923 2195848 2070856 124992 0
1785416773961 2195848 2070856 124992 0
1785416774004 2195848 2070856 124992 0
1785416774045 2195848 2070856 124992 0
1785416774082 2195848 2070856 124992 0
1785416774124 2195852 2070860 124992 0
1785416774165 2195852 2070860 124992 0
1785416774205 2195852 2070860 124992 0
1785416774246 2195852 2070860 124992 0
1785416774287 2195852 2070860 124992 0
1785416774328 2195852 2070860 124992 0
1785416774370 2195852 2070860 124992 0
1785416774411 2195852 2070860 124992 0
1785416774452 2195852 2070860 124992 0
1785416774494 2195852 2070860 124992 0
1785416774535 2195852 2070860 124992 0
1785416774575 2195852 2070860 124992 0
1785416774617 2195852 2070860 124992 0
1785416774660 2195852 2070860 124992 0
1785416774700 2195852 2070860 124992 0
1785416774742 2195852 2070860 124992 0
1785416774784 2195852 2070860 124992 0
1785416774825 2195852 2070860 124992 0
1785416774867 2195852 2070860 124992 0
1785416774909 2195852 2070860 124992 0
1785416774951 2195852 2070860 124992 0
1785416774992 2195852 2070860 124992 0
1785416775033 2195852 2070860 124992 0
1785416775075 2195852 2070860 124992 0
1785416775116 2195852 2070860 124992 0
1785416775157 2195852 2070860 124992 0
1785416775199 2195852 2070860 124992 0
1785416775240 2195852 2070860 124992 0
1785416775282 2195852 2070860 124992 0
1785416775323 2195852 2070860 124992 0
1785416775364 2195852 2070860 124992 0
1785416775405 2195852 2070860 124992 0
1785416775447 2195852 2070860 124992 0
1785416775486 2195852 2070860 124992 0
1785416775527 2195852 2070860 124992 0
1785416775569 2195852 2070860 124992 0
1785416775611 2195852 2070860 124992 0
1785416775650 2195852 2070860 124992 0
1785416775689 2195852 2070860 124992 0
1785416775728 2195852 2070860 124992 0
1785416775770 2195852 2070860 124992 0
1785416775812 2195852 2070860 124992 0
1785416775853 2195852 2070860 124992 0
1785416775895 2195852 2070860 124992 0
1785416775936 2195852 2070860 124992 0
1785416775979 2195852 2070860 124992 0
1785416776020 2195860 2070868 124992 0
1785416776061 2195860 2070868 124992 0
1785416776101 2195860 2070868 124992 0
1785416776142 2195860 2070868 124992 0
1785416776184 2195860 2070868 124992 0
1785416776221 2195860 2070868 124992 0
1785416776263 2195860 2070868 124992 0
1785416776304 2195860 2070868 124992 0
1785416776346 2195860 2070868 124992 0
1785416776387 2195860 2070868 124992 0
1785416776425 2195860 2070868 124992 0
1785416776463 2195860 2070868 124992 0
1785416776505 2195860 2070868 124992 0
1785416776547 2195860 2070868 124992 0
1785416776588 2195860 2070868 124992 0
1785416776628 2195860 2070868 124992 0
1785416776671 2195860 2070868 124992 0
1785416776711 2195860 2070868 124992 0
1785416776752 2195860 2070868 124992 0
1785416776791 2195860 2070868 124992 0
1785416776832 2195860 2070868 124992 0
1785416776872 2195860 2070868 124992 0
1785416776915 2195860 2070868 124992 0
1785416776956 2195860 2070868 124992 0
1785416776995 2195860 2070868 124992 0
1785416777037 2195860 2070868 124992 0
1785416777079 2195860 2070868 124992 0
1785416777120 2195860 2070868 124992 0
1785416777159 2195860 2070868 124992 0
1785416777198 2195860 2070868 124992 0
1785416777239 2195860 2070868 124992 0
1785416777281 2195860 2070868 124992 0
1785416777324 2195860 2070868 124992 0
1785416777366 2195860 2070868 124992 0
1785416777409 2195860 2070868 124992 0
1785416777452 2195860 2070868 124992 0
1785416777493 2195860 2070868 124992 0
1785416777533 2195860 2070868 124992 0
1785416777571 2195860 2070868 124992 0
1785416777609 2195864 2070872 124992 0
1785416777647 2195864 2070872 124992 0
1785416777688 2195864 2070872 124992 0
1785416777729 2195864 2070872 124992 0
1785416777771 2195864 2070872 124992 0
1785416777811 2195864 2070872 124992 0
1785416777851 2195864 2070872 124992 0
1785416777890 2195864 2070872 124992 0
1785416777930 2195864 2070872 124992 0
1785416777971 2195864 2070872 124992 0
1785416778014 2195864 2070872 124992 0
1785416778054 2195864 2070872 124992 0
1785416778096 2195864 2070872 124992 0
1785416778138 2195864 2070872 124992 0
1785416778176 2195864 2070872 124992 0
1785416778215 2195864 2070872 124992 0
1785416778258 2195864 2070872 124992 0
1785416778302 2195864 2070872 124992 0
1785416778341 2195864 2070872 124992 0
1785416778381 2195864 2070872 124992 0
1785416778419 2195864 2070872 124992 0
1785416778455 2195864 2070872 124992 0
1785416778491 2195864 2070872 124992 0
1785416778539 2195864 2070872 124992 0
1785416778581 2195864 2070872 124992 0
1785416778623 2195864 2070872 124992 0
1785416778664 2195864 2070872 124992 0
1785416778705 2195864 2070872 124992 0
1785416778747 2195864 2070872 124992 0
1785416778785 2195864 2070872 124992 0
1785416778827 2195864 2070872 124992 0
1785416778867 2195864 2070872 124992 0
1785416778905 2195864 2070872 124992 0
1785416778942 2195864 2070872 124992 0
1785416778980 2195864 2070872 124992 0
1785416779017 2195864 2070872 124992 0
1785416779057 2195864 2070872 124992 0
1785416779096 2195864 2070872 124992 0
1785416779135 2195864 2070872 124992 0
1785416779176 2195864 2070872 124992 0
1785416779217 2195864 2070872 124992 0
1785416779256 2195864 2070872 124992 0
1785416779295 2195864 2070872 124992 0
1785416779333 2195864 2070872 124992 0
1785416779373 2195864 2070872 124992 0
1785416779412 2195868 2070876 124992 0
1785416779451 2195872 2070880 124992 0
1785416779493 2195872 2070880 124992 0
1785416779535 2195872 2070880 124992 0
1785416779575 2195876 2070884 124992 0
1785416779614 2195876 2070884 124992 0
1785416779655 2195876 2070884 124992 0
1785416779700 2195876 2070884 124992 0
1785416779741 2195876 2070884 124992 0
1785416779779 2195876 2070884 124992 0
1785416779824 2195876 2070884 124992 0
1785416779866 2195876 2070884 124992 0
1785416779906 2195876 2070884 124992 0
1785416779951 2195876 2070884 124992 0
1785416779992 2195876 2070884 124992 0
1785416780033 2195876 2070884 124992 0
1785416780076 2195876 2070884 124992 0
1785416780116 2195876 2070884 124992 0
1785416780157 2195876 2070884 124992 0
1785416780200 2195876 2070884 124992 0
1785416780241 2195876 2070884 124992 0
1785416780282 2195876 2070884 124992 0
1785416780326 2195876 2070884 124992 0
1785416780368 2195876 2070884 124992 0
1785416780409 2195876 2070884 124992 0
1785416780449 2195876 2070884 124992 0
1785416780490 2195876 2070884 124992 0
1785416780532 2195876 2070884 124992 0
1785416780574 2195876 2070884 124992 0
1785416780616 2195876 2070884 124992 0
1785416780658 2195876 2070884 124992 0
1785416780700 2195876 2070884 124992 0
1785416780741 2195876 2070884 124992 0
1785416780783 2195876 2070884 124992 0
1785416780825 2195876 2070884 124992 0
1785416780868 2195876 2070884 124992 0
1785416780910 2195876 2070884 124992 0
1785416780952 2195876 2070884 124992 0
1785416780993 2195876 2070884 124992 0
1785416781034 2195876 2070884 124992 0
1785416781076 2195876 2070884 124992 0
1785416781118 2195876 2070884 124992 0
1785416781159 2195876 2070884 124992 0
1785416781201 2195876 2070884 124992 0
1785416781239 2195876 2070884 124992 0
1785416781281 2195876 2070884 124992 0
1785416781322 2195876 2070884 124992 0
1785416781364 2195876 2070884 124992 0
1785416781403 2195876 2070884 124992 0
1785416781442 2195876 2070884 124992 0
1785416781483 2195876 2070884 124992 0
1785416781524 2195876 2070884 124992 0
1785416781565 2195876 2070884 124992 0
1785416781605 2195880 2070888 124992 0
1785416781646 2195880 2070888 124992 0
1785416781686 2195884 2070892 124992 0
1785416781726 2195884 2070892 124992 0
1785416781766 2195884 2070892 124992 0
1785416781805 2195884 2070892 124992 0
1785416781843 2195884 2070892 124992 0
1785416781882 2195884 2070892 124992 0
1785416781921 2195884 2070892 124992 0
1785416781962 2195884 2070892 124992 0
1785416782002 2195884 2070892 124992 0
1785416782042 2195884 2070892 124992 0
1785416782081 2195884 2070892 124992 0
1785416782123 2195884 2070892 124992 0
1785416782162 2195884 2070892 124992 0
1785416782202 2195884 2070892 124992 0
1785416782243 2195888 2070896 124992 0
1785416782284 2195888 2070896 124992 0
1785416782324 2195888 2070896 124992 0
1785416782365 2195888 2070896 124992 0
1785416782408 2195888 2070896 124992 0
1785416782448 2195888 2070896 124992 0
1785416782489 2195888 2070896 124992 0
1785416782533 2195892 2070900 124992 0
1785416782573 2195892 2070900 124992 0
1785416782614 2195892 2070900 124992 0
1785416782657 2195892 2070900 124992 0
1785416782697 2195892 2070900 124992 0
1785416782737 2195892 2070900 124992 0
1785416782778 2195892 2070900 124992 0
1785416782818 2195892 2070900 124992 0
1785416782859 2195892 2070900 124992 0
1785416782901 2195892 2070900 124992 0
1785416782942 2195892 2070900 124992 0
1785416782981 2195892 2070900 124992 0
1785416783023 2195892 2070900 124992 0
1785416783064 2195892 2070900 124992 0
1785416783105 2195892 2070900 124992 0
1785416783147 2195892 2070900 124992 0
1785416783189 2195892 2070900 124992 0
1785416783231 2195892 2070900 124992 0
1785416783273 2195892 2070900 124992 0
1785416783313 2195892 2070900 124992 0
1785416783355 2195892 2070900 124992 0
1785416783396 2195892 2070900 124992 0
1785416783436 2195892 2070900 124992 0
1785416783477 2195892 2070900 124992 0
1785416783518 2195892 2070900 124992 0
1785416783558 2195892 2070900 124992 0
1785416783599 2195892 2070900 124992 0
1785416783641 2195892 2070900 124992 0
1785416783682 2195892 2070900 124992 0
1785416783723 2195892 2070900 124992 0
1785416783765 2195892 2070900 124992 0
1785416783804 2195892 2070900 124992 0
1785416783843 2195892 2070900 124992 0
1785416783885 2195892 2070900 124992 0
1785416783925 2195892 2070900 124992 0
1785416783966 2195892 2070900 124992 0
1785416784009 2195892 2070900 124992 0
1785416784052 2195892 2070900 124992 0
1785416784091 2195892 2070900 124992 0
1785416784130 2195892 2070900 124992 0
1785416784171 2195892 2070900 124992 0
1785416784210 2195892 2070900 124992 0
1785416784248 2195892 2070900 124992 0
1785416784294 2195892 2070900 124992 0
1785416784336 2195892 2070900 124992 0
1785416784377 2195892 2070900 124992 0
1785416784417 2195892 2070900 124992 0
1785416784456 2195892 2070900 124992 0
1785416784497 2195892 2070900 124992 0
1785416784536 2195892 2070900 124992 0
1785416784576 2195892 2070900 124992 0
1785416784615 2195892 2070900 124992 0
1785416784655 2195892 2070900 124992 0
1785416784693 2195892 2070900 124992 0
1785416784733 2195892 2070900 124992 0
1785416784770 2195892 2070900 124992 0
1785416784809 2195896 2070904 124992 0
1785416784848 2195896 2070904 124992 0
1785416784888 2195896 2070904 124992 0
1785416784927 2195896 2070904 124992 0
1785416784968 2195896 2070904 124992 0
1785416785008 2195896 2070904 124992 0
1785416785050 2195896 2070904 124992 0
1785416785091 2195900 2070908 124992 0
1785416785130 2195900 2070908 124992 0
1785416785171 2195900 2070908 124992 0
1785416785210 2195904 2070912 124992 0
1785416785250 2195912 2070920 124992 0
1785416785291 2195912 2070920 124992 0
1785416785332 2195912 2070920 124992 0
1785416785374 2195912 2070920 124992 0
1785416785414 2195916 2070924 124992 0
1785416785456 2195916 2070924 124992 0
1785416785498 2195916 2070924 124992 0
1785416785538 2195916 2070924 124992 0
1785416785578 2195916 2070924 124992 0
1785416785621 2195916 2070924 124992 0
1785416785662 2195916 2070924 124992 0
1785416785703 2195920 2070928 124992 0
1785416785746 2195920 2070928 124992 0
1785416785787 2195920 2070928 124992 0
1785416785828 2195920 2070928 124992 0
1785416785870 2195920 2070928 124992 0
1785416785910 2195920 2070928 124992 0
1785416785952 2195920 2070928 124992 0
1785416785994 2195920 2070928 124992 0
1785416786035 2195920 2070928 124992 0
1785416786076 2195920 2070928 124992 0
1785416786118 2195920 2070928 124992 0
1785416786160 2195920 2070928 124992 0
1785416786202 2195920 2070928 124992 0
1785416786242 2195920 2070928 124992 0
1785416786282 2195920 2070928 124992 0
1785416786323 2195920 2070928 124992 0
1785416786364 2195920 2070928 124992 0
1785416786405 2195920 2070928 124992 0
1785416786446 2195920 2070928 124992 0
1785416786487 2195920 2070928 124992 0
1785416786528 2195920 2070928 124992 0
1785416786569 2195920 2070928 124992 0
1785416786609 2195920 2070928 124992 0
1785416786649 2195920 2070928 124992 0
1785416786690 2195920 2070928 124992 0
1785416786730 2195920 2070928 124992 0
1785416786771 2195920 2070928 124992 0
1785416786812 2195920 2070928 124992 0
1785416786853 2195920 2070928 124992 0
1785416786894 2195920 2070928 124992 0
1785416786935 2195920 2070928 124992 0
1785416786975 2195920 2070928 124992 0
1785416787014 2195920 2070928 124992 0
1785416787055 2195920 2070928 124992 0
1785416787096 2195920 2070928 124992 0
1785416787137 2195920 2070928 124992 0
1785416787178 2195920 2070928 124992 0
1785416787219 2195920 2070928 124992 0
1785416787259 2195920 2070928 124992 0
1785416787300 2195920 2070928 124992 0
1785416787341 2195920 2070928 124992 0
1785416787383 2195920 2070928 124992 0
1785416787424 2195924 2070932 124992 0
1785416787464 2195924 2070932 124992 0
1785416787503 2195924 2070932 124992 0
1785416787543 2195924 2070932 124992 0
1785416787582 2195924 2070932 124992 0
1785416787622 2195924 2070932 124992 0
1785416787661 2195924 2070932 124992 0
1785416787702 2195924 2070932 124992 0
1785416787741 2195924 2070932 124992 0
1785416787780 2195924 2070932 124992 0
1785416787818 2195924 2070932 124992 0
1785416787857 2195924 2070932 124992 0
1785416787897 2195924 2070932 124992 0
1785416787938 2195924 2070932 124992 0
1785416787980 2195924 2070932 124992 0
1785416788021 2195924 2070932 124992 0
1785416788063 2195924 2070932 124992 0
1785416788103 2195924 2070932 124992 0
1785416788145 2195928 2070936 124992 0
1785416788187 2195928 2070936 124992 0
1785416788228 2195928 2070936 124992 0
1785416788267 2195932 2070940 124992 0
1785416788310 2195932 2070940 124992 0
1785416788352 2195932 2070940 124992 0
1785416788391 2195932 2070940 124992 0
1785416788433 2195932 2070940 124992 0
1785416788474 2195932 2070940 124992 0
1785416788514 2195932 2070940 124992 0
1785416788556 2195932 2070940 124992 0
1785416788593 2195932 2070940 124992 0
1785416788635 2195932 2070940 124992 0
1785416788677 2195932 2070940 124992 0
1785416788718 2195932 2070940 124992 0
1785416788759 2195932 2070940 124992 0
1785416788802 2195936 2070944 124992 0
1785416788844 2195936 2070944 124992 0
1785416788885 2195936 2070944 124992 0
1785416788927 2195936 2070944 124992 0
1785416788969 2195936 2070944 124992 0
1785416789011 2195936 2070944 124992 0
1785416789051 2195936 2070944 124992 0
1785416789095 2195936 2070944 124992 0
1785416789137 2195936 2070944 124992 0
1785416789178 2195936 2070944 124992 0
1785416789219 2195936 2070944 124992 0
1785416789261 2195936 2070944 124992 0
1785416789301 2195936 2070944 124992 0
1785416789342 2195936 2070944 124992 0
1785416789382 2195936 2070944 124992 0
1785416789421 2195936 2070944 124992 0
1785416789459 2195936 2070944 124992 0
1785416789502 2195936 2070944 124992 0
1785416789544 2195936 2070944 124992 0
1785416789585 2195940 2070948 124992 0
1785416789629 2195940 2070948 124992 0
1785416789669 2195940 2070948 124992 0
1785416789709 2195940 2070948 124992 0
1785416789749 2195940 2070948 124992 0
1785416789792 2195940 2070948 124992 0
1785416789832 2195940 2070948 124992 0
1785416789871 2195940 2070948 124992 0
1785416789911 2195788 2070800 124988 0
1785416789950 2214180 2089188 124992 0
1785416789990 2244812 2119824 124988 0
1785416790035 2294116 2169124 124992 0
1785416790077 2294116 2169124 124992 0
1785416790119 2294116 2169124 124992 0
1785416790157 2294116 2169124 124992 0
1785416790197 2294116 2169124 124992 0
1785416790240 2294116 2169124 124992 0
1785416790278 2294116 2169124 124992 0
1785416790318 2294116 2169124 124992 0
1785416790360 2294116 2169124 124992 0
1785416790402 2294116 2169124 124992 0
1785416790440 2294116 2169124 124992 0
1785416790479 2294116 2169124 124992 0
1785416790520 2294120 2169128 124992 0
1785416790562 2294120 2169128 124992 0
1785416790603 2294120 2169128 124992 0
1785416790643 2294120 2169128 124992 0
1785416790685 2294120 2169128 124992 0
1785416790723 2294120 2169128 124992 0
1785416790764 2294120 2169128 124992 0
1785416790806 2294120 2169128 124992 0
1785416790847 2294120 2169128 124992 0
1785416790889 2294120 2169128 124992 0
1785416790930 2294128 2169136 124992 0
1785416790969 2294132 2169140 124992 0
1785416791008 2294132 2169140 124992 0
1785416791050 2294136 2169144 124992 0
1785416791092 2294136 2169144 124992 0
1785416791132 2294136 2169144 124992 0
1785416791174 2294136 2169144 124992 0
1785416791215 2294136 2169144 124992 0
1785416791256 2294136 2169144 124992 0
1785416791297 2294136 2169144 124992 0
1785416791339 2294136 2169144 124992 0
1785416791380 2294136 2169144 124992 0
1785416791421 2294136 2169144 124992 0
1785416791464 2294136 2169144 124992 0
1785416791503 2294136 2169144 124992 0
1785416791543 2294136 2169144 124992 0
1785416791586 2294136 2169144 124992 0
1785416791627 2294136 2169144 124992 0
1785416791669 2294140 2169148 124992 0
1785416791712 2294140 2169148 124992 0
1785416791753 2294140 2169148 124992 0
1785416791795 2294140 2169148 124992 0
1785416791838 2294140 2169148 124992 0
1785416791880 2294140 2169148 124992 0
1785416791921 2294140 2169148 124992 0
1785416791960 2294140 2169148 124992 0
1785416791998 2294140 2169148 124992 0
1785416792036 2294140 2169148 124992 0
1785416792078 2294140 2169148 124992 0
1785416792120 2294140 2169148 124992 0
1785416792160 2294140 2169148 124992 0
1785416792201 2294140 2169148 124992 0
1785416792242 2294140 2169148 124992 0
1785416792284 2294140 2169148 124992 0
1785416792326 2294140 2169148 124992 0
1785416792368 2294140 2169148 124992 0
1785416792409 2294140 2169148 124992 0
1785416792451 2294140 2169148 124992 0
1785416792493 2294140 2169148 124992 0
1785416792534 2294140 2169148 124992 0
1785416792576 2294140 2169148 124992 0
1785416792617 2294140 2169148 124992 0
1785416792659 2294140 2169148 124992 0
1785416792700 2294140 2169148 124992 0
1785416792739 2294140 2169148 124992 0
1785416792781 2294140 2169148 124992 0
1785416792823 2294140 2169148 124992 0
1785416792865 2294140 2169148 124992 0
1785416792908 2294140 2169148 124992 0
1785416792949 2294140 2169148 124992 0
1785416792988 2294140 2169148 124992 0
1785416793027 2294140 2169148 124992 0
1785416793070 2294140 2169148 124992 0
1785416793111 2294140 2169148 124992 0
1785416793152 2294140 2169148 124992 0
1785416793189 2294148 2169156 124992 0
1785416793228 2294148 2169156 124992 0
1785416793266 2294148 2169156 124992 0
1785416793303 2294148 2169156 124992 0
1785416793344 2294148 2169156 124992 0
1785416793385 2294148 2169156 124992 0
1785416793424 2294148 2169156 124992 0
1785416793466 2294148 2169156 124992 0
1785416793508 2294148 2169156 124992 0
1785416793549 2294148 2169156 124992 0
1785416793591 2294148 2169156 124992 0
1785416793633 2294148 2169156 124992 0
1785416793676 2294148 2169156 124992 0
1785416793718 2294148 2169156 124992 0
1785416793760 2294148 2169156 124992 0
1785416793799 2294148 2169156 124992 0
1785416793841 2294148 2169156 124992 0
1785416793882 2294148 2169156 124992 0
1785416793924 2294148 2169156 124992 0
1785416793965 2294148 2169156 124992 0
1785416794007 2294148 2169156 124992 0
1785416794048 2294148 2169156 124992 0
1785416794088 2294148 2169156 124992 0
1785416794131 2294148 2169156 124992 0
1785416794171 2294148 2169156 124992 0
1785416794212 2294148 2169156 124992 0
1785416794254 2294148 2169156 124992 0
1785416794295 2294148 2169156 124992 0
1785416794335 2294148 2169156 124992 0
1785416794376 2294148 2169156 124992 0
1785416794413 2294148 2169156 124992 0
1785416794454 2294148 2169156 124992 0
1785416794497 2294148 2169156 124992 0
1785416794539 2294148 2169156 124992 0
1785416794580 2294148 2169156 124992 0
1785416794622 2294148 2169156 124992 0
1785416794664 2294148 2169156 124992 0
1785416794706 2294148 2169156 124992 0
1785416794745 2294148 2169156 124992 0
1785416794784 2294148 2169156 124992 0
1785416794825 2294148 2169156 124992 0
1785416794866 2294148 2169156 124992 0
1785416794908 2294148 2169156 124992 0
1785416794952 2294148 2169156 124992 0
1785416794993 2294148 2169156 124992 0
1785416795034 2294148 2169156 124992 0
1785416795076 2294148 2169156 124992 0
1785416795117 2294148 2169156 124992 0
1785416795158 2294148 2169156 124992 0
1785416795202 2294148 2169156 124992 0
1785416795242 2294148 2169156 124992 0
1785416795283 2294148 2169156 124992 0
1785416795326 2294148 2169156 124992 0
1785416795367 2294148 2169156 124992 0
1785416795407 2294148 2169156 124992 0
1785416795451 2294148 2169156 124992 0
1785416795494 2294148 2169156 124992 0
1785416795534 2294148 2169156 124992 0
1785416795573 2294148 2169156 124992 0
1785416795613 2294148 2169156 124992 0
1785416795653 2294148 2169156 124992 0
1785416795692 2293996 2169008 124988 0
1785416795737 2318852 2193860 124992 0
1785416795780 2318852 2193860 124992 0
1785416795822 2318852 2193860 124992 0
1785416795861 2318852 2193860 124992 0
1785416795899 2318852 2193860 124992 0
1785416795940 2318852 2193860 124992 0
1785416795981 2318852 2193860 124992 0
1785416796021 2318852 2193860 124992 0
1785416796063 2318852 2193860 124992 0
1785416796105 2318852 2193860 124992 0
1785416796147 2318852 2193860 124992 0
1785416796190 2318852 2193860 124992 0
1785416796231 2318860 2193868 124992 0
1785416796272 2318860 2193868 124992 0
1785416796313 2318860 2193868 124992 0
1785416796354 2318860 2193868 124992 0
1785416796395 2318860 2193868 124992 0
1785416796437 2318860 2193868 124992 0
1785416796479 2318860 2193868 124992 0
1785416796519 2318860 2193868 124992 0
1785416796561 2318860 2193868 124992 0
1785416796603 2318860 2193868 124992 0
1785416796644 2318868 2193876 124992 0
1785416796685 2318868 2193876 124992 0
1785416796728 2318872 2193880 124992 0
1785416796769 2318876 2193884 124992 0
1785416796811 2318876 2193884 124992 0
1785416796852 2318880 2193888 124992 0
1785416796892 2318880 2193888 124992 0
1785416796934 2318880 2193888 124992 0
1785416796974 2318880 2193888 124992 0
1785416797015 2318880 2193888 124992 0
1785416797058 2318880 2193888 124992 0
1785416797098 2318880 2193888 124992 0
1785416797138 2318880 2193888 124992 0
1785416797181 2318880 2193888 124992 0
1785416797222 2318880 2193888 124992 0
1785416797263 2318880 2193888 124992 0
1785416797308 2318880 2193888 124992 0
1785416797349 2318880 2193888 124992 0
1785416797387 2318880 2193888 124992 0
1785416797432 2318880 2193888 124992 0
1785416797474 2318880 2193888 124992 0
1785416797515 2318884 2193892 124992 0
1785416797559 2318884 2193892 124992 0
1785416797602 2318884 2193892 124992 0
1785416797644 2318884 2193892 124992 0
1785416797685 2318884 2193892 124992 0
1785416797727 2318884 2193892 124992 0
1785416797768 2318884 2193892 124992 0
1785416797809 2318884 2193892 124992 0
1785416797850 2318884 2193892 124992 0
1785416797892 2318884 2193892 124992 0
1785416797932 2318884 2193892 124992 0
1785416797973 2318884 2193892 124992 0
1785416798015 2318884 2193892 124992 0
1785416798056 2318884 2193892 124992 0
1785416798098 2318884 2193892 124992 0
1785416798139 2318884 2193892 124992 0
1785416798181 2318884 2193892 124992 0
1785416798222 2318884 2193892 124992 0
1785416798264 2318884 2193892 124992 0
1785416798305 2318884 2193892 124992 0
1785416798346 2318884 2193892 124992 0
1785416798388 2318884 2193892 124992 0
1785416798429 2318884 2193892 124992 0
1785416798471 2318884 2193892 124992 0
1785416798513 2318884 2193892 124992 0
1785416798555 2318884 2193892 124992 0
1785416798597 2318884 2193892 124992 0
1785416798639 2318884 2193892 124992 0
1785416798680 2318884 2193892 124992 0
1785416798722 2318884 2193892 124992 0
1785416798764 2318884 2193892 124992 0
1785416798805 2318884 2193892 124992 0
1785416798842 2318884 2193892 124992 0
1785416798881 2318884 2193892 124992 0
1785416798919 2318888 2193896 124992 0
1785416798956 2318888 2193896 124992 0
1785416798994 2318888 2193896 124992 0
1785416799033 2318888 2193896 124992 0
1785416799072 2318888 2193896 124992 0
1785416799110 2318888 2193896 124992 0
1785416799147 2318888 2193896 124992 0
1785416799189 2318888 2193896 124992 0
1785416799228 2318888 2193896 124992 0
1785416799267 2318888 2193896 124992 0
1785416799304 2318888 2193896 124992 0
1785416799344 2318888 2193896 124992 0
1785416799385 2318888 2193896 124992 0
1785416799427 2318888 2193896 124992 0
1785416799468 2318888 2193896 124992 0
1785416799510 2318888 2193896 124992 0
1785416799550 2318888 2193896 124992 0
1785416799593 2318888 2193896 124992 0
1785416799634 2318888 2193896 124992 0
1785416799672 2318888 2193896 124992 0
1785416799710 2318892 2193900 124992 0
1785416799752 2318892 2193900 124992 0
1785416799792 2318892 2193900 124992 0
1785416799834 2318892 2193900 124992 0
1785416799876 2318892 2193900 124992 0
1785416799918 2318892 2193900 124992 0
1785416799960 2318892 2193900 124992 0
1785416800000 2318892 2193900 124992 0
1785416800038 2318892 2193900 124992 0
1785416800075 2318892 2193900 124992 0
1785416800117 2318892 2193900 124992 0
1785416800158 2318892 2193900 124992 0
1785416800198 2318892 2193900 124992 0
1785416800236 2318892 2193900 124992 0
1785416800274 2318892 2193900 124992 0
1785416800313 2318892 2193900 124992 0
1785416800351 2318892 2193900 124992 0
1785416800390 2318892 2193900 124992 0
1785416800432 2318892 2193900 124992 0
1785416800472 2318892 2193900 124992 0
1785416800514 2318892 2193900 124992 0
1785416800555 2318892 2193900 124992 0
1785416800593 2318892 2193900 124992 0
1785416800631 2318892 2193900 124992 0
1785416800672 2318892 2193900 124992 0
1785416800712 2318892 2193900 124992 0
1785416800753 2318892 2193900 124992 0
1785416800796 2318892 2193900 124992 0
1785416800837 2318892 2193900 124992 0
1785416800877 2318892 2193900 124992 0
1785416800918 2318892 2193900 124992 0
1785416800959 2318892 2193900 124992 0
1785416801001 2318892 2193900 124992 0
1785416801043 2318892 2193900 124992 0
1785416801085 2318892 2193900 124992 0
1785416801126 2318892 2193900 124992 0
1785416801170 2318892 2193900 124992 0
1785416801213 2318892 2193900 124992 0
1785416801252 2318892 2193900 124992 0
1785416801289 2318892 2193900 124992 0
1785416801327 2318892 2193900 124992 0
1785416801364 2318892 2193900 124992 0
1785416801405 2341048 2217832 123216 0
1785416801445 2432356 2315324 117032 0
1785416801487 2368044 2243052 124992 0
1785416801526 2368044 2243052 124992 0
1785416801568 2368044 2243052 124992 0
1785416801608 2368044 2243052 124992 0
1785416801649 2368044 2243052 124992 0
1785416801687 2368044 2243052 124992 0
1785416801726 2294316 2169324 124992 0
1785416801769 2294316 2169324 124992 0
1785416801810 2294316 2169324 124992 0
1785416801850 2294316 2169324 124992 0
1785416801892 2294316 2169324 124992 0
1785416801933 2294316 2169324 124992 0
1785416801971 2294320 2169328 124992 0
1785416802010 2294320 2169328 124992 0
1785416802051 2294320 2169328 124992 0
1785416802093 2294320 2169328 124992 0
1785416802132 2294320 2169328 124992 0
1785416802173 2294324 2169332 124992 0
1785416802214 2294328 2169336 124992 0
1785416802253 2294328 2169336 124992 0
1785416802292 2294328 2169336 124992 0
1785416802333 2294332 2169340 124992 0
1785416802374 2294336 2169344 124992 0
1785416802416 2294336 2169344 124992 0
1785416802458 2294336 2169344 124992 0
1785416802501 2294336 2169344 124992 0
1785416802542 2294336 2169344 124992 0
1785416802583 2294340 2169348 124992 0
1785416802626 2294340 2169348 124992 0
1785416802665 2294340 2169348 124992 0
1785416802704 2294344 2169352 124992 0
1785416802747 2294344 2169352 124992 0
1785416802788 2294344 2169352 124992 0
1785416802826 2294344 2169352 124992 0
1785416802865 2306504 2181512 124992 0
1785416802907 2306504 2181512 124992 0
1785416802948 2306504 2181512 124992 0
1785416802989 2306504 2181512 124992 0
1785416803029 2306504 2181512 124992 0
1785416803070 2306504 2181512 124992 0
1785416803110 2324936 2199944 124992 0
1785416803149 2324936 2199944 124992 0
1785416803191 2324936 2199944 124992 0
1785416803231 2324936 2199944 124992 0
1785416803275 2324936 2199944 124992 0
1785416803317 2324936 2199944 124992 0
1785416803359 2324936 2199944 124992 0
1785416803402 2324936 2199944 124992 0
1785416803443 2324936 2199944 124992 0
1785416803485 2324936 2199944 124992 0
1785416803526 2324936 2199944 124992 0
1785416803564 2324936 2199944 124992 0
1785416803602 2324936 2199944 124992 0
1785416803640 2324936 2199944 124992 0
1785416803679 2324936 2199944 124992 0
1785416803717 2324936 2199944 124992 0
1785416803759 2324936 2199944 124992 0
1785416803801 2324936 2199944 124992 0
1785416803842 2324936 2199944 124992 0
1785416803883 2324936 2199944 124992 0
1785416803924 2324936 2199944 124992 0
1785416803966 2324936 2199944 124992 0
1785416804007 2324936 2199944 124992 0
1785416804049 2324936 2199944 124992 0
1785416804090 2324936 2199944 124992 0
1785416804133 2324936 2199944 124992 0
1785416804174 2324936 2199944 124992 0
1785416804216 2324936 2199944 124992 0
1785416804258 2324936 2199944 124992 0
1785416804299 2324936 2199944 124992 0
1785416804341 2324936 2199944 124992 0
1785416804383 2324936 2199944 124992 0
1785416804425 2324936 2199944 124992 0
1785416804467 2324936 2199944 124992 0
1785416804509 2324936 2199944 124992 0
1785416804550 2324936 2199944 124992 0
1785416804592 2324936 2199944 124992 0
1785416804634 2324948 2199956 124992 0
1785416804675 2324948 2199956 124992 0
1785416804715 2324948 2199956 124992 0
1785416804756 2324948 2199956 124992 0
1785416804798 2324948 2199956 124992 0
1785416804838 2324948 2199956 124992 0
1785416804878 2324948 2199956 124992 0
1785416804921 2324948 2199956 124992 0
1785416804964 2324948 2199956 124992 0
1785416805005 2324948 2199956 124992 0
1785416805047 2324948 2199956 124992 0
1785416805087 2324948 2199956 124992 0
1785416805129 2324948 2199956 124992 0
1785416805172 2324948 2199956 124992 0
1785416805213 2324948 2199956 124992 0
1785416805255 2324948 2199956 124992 0
1785416805296 2324948 2199956 124992 0
1785416805339 2324948 2199956 124992 0
1785416805378 2324948 2199956 124992 0
1785416805416 2324948 2199956 124992 0
1785416805460 2324948 2199956 124992 0
1785416805501 2324948 2199956 124992 0
1785416805541 2324796 2199808 124988 0
1785416805584 2337236 2212244 124992 0
1785416805624 2337236 2212244 124992 0
1785416805665 2337236 2212244 124992 0
1785416805708 2337240 2212248 124992 0
1785416805749 2337240 2212248 124992 0
1785416805790 2337240 2212248 124992 0
1785416805833 2337240 2212248 124992 0
1785416805874 2337240 2212248 124992 0
1785416805915 2337240 2212248 124992 0
1785416805957 2337240 2212248 124992 0
1785416806000 2337240 2212248 124992 0
1785416806042 2337240 2212248 124992 0
1785416806085 2337240 2212248 124992 0
1785416806124 2337240 2212248 124992 0
1785416806167 2337240 2212248 124992 0
1785416806208 2337240 2212248 124992 0
1785416806250 2319680 2198492 121188 0
1785416806293 2338772 2213780 124992 0
1785416806331 2338772 2213780 124992 0
1785416806372 2338772 2213780 124992 0
1785416806414 2338772 2213780 124992 0
1785416806457 2338772 2213780 124992 0
1785416806497 2338772 2213780 124992 0
1785416806534 2338772 2213780 124992 0
1785416806574 2338772 2213780 124992 0
1785416806616 2338772 2213780 124992 0
1785416806657 2338772 2213780 124992 0
1785416806700 2338772 2213780 124992 0
1785416806738 2338772 2213780 124992 0
1785416806779 2338772 2213780 124992 0
1785416806824 2338772 2213780 124992 0
1785416806865 2338772 2213780 124992 0
1785416806905 2338772 2213780 124992 0
1785416806949 2338772 2213780 124992 0
1785416806990 2338772 2213780 124992 0
1785416807027 2338772 2213780 124992 0
1785416807067 2338620 2213632 124988 0
1785416807106 2344916 2219924 124992 0
1785416807147 2357140 2232148 124992 0
1785416807189 2369340 2244352 124988 0
1785416807229 2443220 2318228 124992 0
1785416807274 2443220 2318228 124992 0
1785416807316 2443220 2318228 124992 0
1785416807357 2443220 2318228 124992 0
1785416807397 2443220 2318228 124992 0
1785416807438 2443220 2318228 124992 0
1785416807478 2443220 2318228 124992 0
1785416807519 2443220 2318228 124992 0
1785416807561 2443220 2318228 124992 0
1785416807599 2443220 2318228 124992 0
1785416807641 2443220 2318228 124992 0
1785416807684 2443220 2318228 124992 0
1785416807725 2443220 2318228 124992 0
1785416807764 2443224 2318232 124992 0
1785416807806 2443224 2318232 124992 0
1785416807847 2443224 2318232 124992 0
1785416807890 2443224 2318232 124992 0
1785416807932 2443224 2318232 124992 0
1785416807974 2443224 2318232 124992 0
1785416808014 2443224 2318232 124992 0
1785416808056 2443228 2318236 124992 0
1785416808097 2443228 2318236 124992 0
1785416808137 2443232 2318240 124992 0
1785416808176 2443236 2318244 124992 0
1785416808219 2443236 2318244 124992 0
1785416808262 2443236 2318244 124992 0
1785416808302 2443240 2318248 124992 0
1785416808343 2443240 2318248 124992 0
1785416808385 2443240 2318248 124992 0
1785416808428 2443240 2318248 124992 0
1785416808470 2443240 2318248 124992 0
1785416808511 2443240 2318248 124992 0
1785416808554 2443240 2318248 124992 0
1785416808595 2443240 2318248 124992 0
1785416808636 2443240 2318248 124992 0
1785416808680 2443240 2318248 124992 0
1785416808721 2443240 2318248 124992 0
1785416808763 2443240 2318248 124992 0
1785416808807 2443244 2318252 124992 0
1785416808847 2443244 2318252 124992 0
1785416808887 2443244 2318252 124992 0
1785416808929 2443244 2318252 124992 0
1785416808971 2443244 2318252 124992 0
1785416809011 2443244 2318252 124992 0
1785416809054 2443244 2318252 124992 0
1785416809097 2443244 2318252 124992 0
1785416809138 2443244 2318252 124992 0
1785416809181 2443244 2318252 124992 0
1785416809223 2443244 2318252 124992 0
1785416809264 2443244 2318252 124992 0
1785416809305 2443244 2318252 124992 0
1785416809347 2443244 2318252 124992 0
1785416809389 2443244 2318252 124992 0
1785416809431 2443244 2318252 124992 0
1785416809472 2443244 2318252 124992 0
1785416809514 2443244 2318252 124992 0
1785416809555 2443244 2318252 124992 0
1785416809597 2443244 2318252 124992 0
1785416809640 2443244 2318252 124992 0
1785416809681 2443244 2318252 124992 0
1785416809722 2443244 2318252 124992 0
1785416809763 2443244 2318252 124992 0
1785416809805 2443244 2318252 124992 0
1785416809846 2443248 2318256 124992 0
1785416809888 2443248 2318256 124992 0
1785416809930 2443248 2318256 124992 0
1785416809972 2443248 2318256 124992 0
1785416810013 2443248 2318256 124992 0
1785416810054 2443248 2318256 124992 0
1785416810095 2443248 2318256 124992 0
1785416810136 2443248 2318256 124992 0
1785416810178 2443248 2318256 124992 0
1785416810219 2443248 2318256 124992 0
1785416810260 2443248 2318256 124992 0
1785416810302 2443248 2318256 124992 0
1785416810344 2443260 2318268 124992 0
1785416810384 2443260 2318268 124992 0
1785416810425 2443260 2318268 124992 0
1785416810465 2443260 2318268 124992 0
1785416810504 2443260 2318268 124992 0
1785416810545 2443260 2318268 124992 0
1785416810584 2443260 2318268 124992 0
1785416810626 2443260 2318268 124992 0
1785416810666 2443260 2318268 124992 0
1785416810707 2443260 2318268 124992 0
1785416810747 2443260 2318268 124992 0
1785416810787 2443260 2318268 124992 0
1785416810827 2443260 2318268 124992 0
1785416810869 2443260 2318268 124992 0
1785416810909 2443260 2318268 124992 0
1785416810953 2443260 2318268 124992 0
1785416810992 2443260 2318268 124992 0
1785416811033 2443260 2318268 124992 0
1785416811078 2443260 2318268 124992 0
1785416811119 2443260 2318268 124992 0
1785416811161 2443260 2318268 124992 0
1785416811204 2443260 2318268 124992 0
1785416811246 2443260 2318268 124992 0
1785416811287 2443260 2318268 124992 0
1785416811330 2443260 2318268 124992 0
1785416811370 2443260 2318268 124992 0
1785416811412 2443260 2318268 124992 0
1785416811455 2443260 2318268 124992 0
1785416811496 2443260 2318268 124992 0
1785416811537 2443260 2318268 124992 0
1785416811581 2443260 2318268 124992 0
1785416811622 2443260 2318268 124992 0
1785416811663 2443260 2318268 124992 0
1785416811707 2443260 2318268 124992 0
1785416811750 2443260 2318268 124992 0
1785416811791 2443260 2318268 124992 0
1785416811833 2443260 2318268 124992 0
1785416811875 2443260 2318268 124992 0
1785416811917 2443260 2318268 124992 0
1785416811958 2443260 2318268 124992 0
1785416812000 2443260 2318268 124992 0
1785416812044 2443260 2318268 124992 0
1785416812086 2443260 2318268 124992 0
1785416812127 2443264 2318272 124992 0
1785416812170 2443264 2318272 124992 0
1785416812211 2443264 2318272 124992 0
1785416812252 2443264 2318272 124992 0
1785416812294 2443264 2318272 124992 0
1785416812336 2443264 2318272 124992 0
1785416812376 2443264 2318272 124992 0
1785416812420 2443264 2318272 124992 0
1785416812461 2443264 2318272 124992 0
1785416812502 2443264 2318272 124992 0
1785416812546 2443264 2318272 124992 0
1785416812587 2443264 2318272 124992 0
1785416812629 2443264 2318272 124992 0
1785416812672 2443264 2318272 124992 0
1785416812716 2443264 2318272 124992 0
1785416812756 2443264 2318272 124992 0
1785416812796 2443264 2318272 124992 0
1785416812837 2443264 2318272 124992 0
1785416812877 2443264 2318272 124992 0
1785416812916 2466716 2342200 124516 0
1785416812963 2492416 2367424 124992 0
1785416813005 2492264 2367276 124988 0
1785416813048 2394240 2269248 124992 0
1785416813087 2394240 2269248 124992 0
1785416813127 2394240 2269248 124992 0
1785416813168 2394240 2269248 124992 0
1785416813207 2394240 2269248 124992 0
1785416813249 2394240 2269248 124992 0
1785416813291 2394240 2269248 124992 0
1785416813332 2394240 2269248 124992 0
1785416813372 2394240 2269248 124992 0
1785416813412 2394240 2269248 124992 0
1785416813452 2394240 2269248 124992 0
1785416813492 2394240 2269248 124992 0
1785416813533 2394240 2269248 124992 0
1785416813573 2394240 2269248 124992 0
1785416813614 2394240 2269248 124992 0
1785416813654 2394240 2269248 124992 0
1785416813696 2394240 2269248 124992 0
1785416813737 2394240 2269248 124992 0
1785416813777 2394244 2269252 124992 0
1785416813819 2394244 2269252 124992 0
1785416813860 2394252 2269260 124992 0
1785416813900 2394260 2269268 124992 0
1785416813941 2394260 2269268 124992 0
1785416813983 2394260 2269268 124992 0
1785416814025 2394264 2269272 124992 0
1785416814066 2394264 2269272 124992 0
1785416814112 2394264 2269272 124992 0
1785416814154 2394264 2269272 124992 0
1785416814196 2394264 2269272 124992 0
1785416814238 2394264 2269272 124992 0
1785416814279 2394264 2269272 124992 0
1785416814320 2394264 2269272 124992 0
1785416814363 2394264 2269272 124992 0
1785416814404 2394264 2269272 124992 0
1785416814445 2394264 2269272 124992 0
1785416814489 2394264 2269272 124992 0
1785416814530 2394264 2269272 124992 0
1785416814571 2394264 2269272 124992 0
1785416814615 2394264 2269272 124992 0
1785416814656 2394264 2269272 124992 0
1785416814695 2394264 2269272 124992 0
1785416814736 2394264 2269272 124992 0
1785416814779 2394264 2269272 124992 0
1785416814820 2394264 2269272 124992 0
1785416814862 2394264 2269272 124992 0
1785416814904 2394264 2269272 124992 0
1785416814947 2394264 2269272 124992 0
1785416814987 2394264 2269272 124992 0
1785416815030 2394264 2269272 124992 0
1785416815071 2394264 2269272 124992 0
1785416815109 2394264 2269272 124992 0
1785416815147 2394264 2269272 124992 0
1785416815186 2394264 2269272 124992 0
1785416815228 2394264 2269272 124992 0
1785416815270 2394264 2269272 124992 0
1785416815312 2394264 2269272 124992 0
1785416815353 2394264 2269272 124992 0
1785416815396 2394264 2269272 124992 0
1785416815437 2394264 2269272 124992 0
1785416815477 2394264 2269272 124992 0
1785416815519 2394264 2269272 124992 0
1785416815561 2394264 2269272 124992 0
1785416815603 2394264 2269272 124992 0
1785416815644 2394264 2269272 124992 0
1785416815684 2394264 2269272 124992 0
1785416815724 2394264 2269272 124992 0
1785416815767 2394264 2269272 124992 0
1785416815809 2394264 2269272 124992 0
1785416815849 2394264 2269272 124992 0
1785416815889 2394264 2269272 124992 0
1785416815931 2394264 2269272 124992 0
1785416815973 2394264 2269272 124992 0
1785416816014 2394264 2269272 124992 0
1785416816052 2394264 2269272 124992 0
1785416816095 2394272 2269280 124992 0
1785416816135 2394272 2269280 124992 0
1785416816176 2394272 2269280 124992 0
1785416816212 2394272 2269280 124992 0
1785416816254 2394272 2269280 124992 0
1785416816294 2394272 2269280 124992 0
1785416816330 2394272 2269280 124992 0
1785416816374 2394272 2269280 124992 0
1785416816415 2394272 2269280 124992 0
1785416816457 2394272 2269280 124992 0
1785416816497 2394272 2269280 124992 0
1785416816539 2394272 2269280 124992 0
1785416816582 2394272 2269280 124992 0
1785416816624 2394272 2269280 124992 0
1785416816667 2394272 2269280 124992 0
1785416816710 2394272 2269280 124992 0
1785416816751 2394272 2269280 124992 0
1785416816792 2394276 2269284 124992 0
1785416816830 2394276 2269284 124992 0
1785416816871 2394276 2269284 124992 0
1785416816915 2394276 2269284 124992 0
1785416816958 2394276 2269284 124992 0
1785416816999 2394276 2269284 124992 0
1785416817041 2394276 2269284 124992 0
1785416817082 2394276 2269284 124992 0
1785416817122 2394276 2269284 124992 0
1785416817163 2394280 2269288 124992 0
1785416817202 2394280 2269288 124992 0
1785416817243 2394280 2269288 124992 0
1785416817287 2394280 2269288 124992 0
1785416817330 2394280 2269288 124992 0
1785416817370 2394280 2269288 124992 0
1785416817411 2394280 2269288 124992 0
1785416817450 2394280 2269288 124992 0
1785416817493 2394280 2269288 124992 0
1785416817536 2394280 2269288 124992 0
1785416817579 2394280 2269288 124992 0
1785416817622 2394280 2269288 124992 0
1785416817664 2394280 2269288 124992 0
1785416817702 2394280 2269288 124992 0
1785416817745 2394280 2269288 124992 0
1785416817786 2394280 2269288 124992 0
1785416817828 2394280 2269288 124992 0
1785416817872 2394280 2269288 124992 0
1785416817914 2394280 2269288 124992 0
1785416817953 2400296 2275304 124992 0
1785416817994 2400296 2275304 124992 0
1785416818036 2400296 2275304 124992 0
1785416818078 2400296 2275304 124992 0
1785416818120 2400296 2275304 124992 0
1785416818161 2400296 2275304 124992 0
1785416818203 2400296 2275304 124992 0
1785416818246 2400296 2275304 124992 0
1785416818287 2400296 2275304 124992 0
1785416818327 2400296 2275304 124992 0
1785416818369 2400296 2275304 124992 0
1785416818411 2400296 2275304 124992 0
1785416818453 2400144 2275156 124988 0
1785416818493 2412520 2287528 124992 0
1785416818534 2443304 2318312 124992 0
1785416818576 2439088 2322156 116932 0
1785416818615 2467816 2342824 124992 0
1785416818656 2492304 2367316 124988 0
1785416818701 2394280 2269288 124992 0
1785416818744 2394280 2269288 124992 0
1785416818786 2394280 2269288 124992 0
1785416818825 2394280 2269288 124992 0
1785416818865 2394280 2269288 124992 0
1785416818908 2394280 2269288 124992 0
1785416818948 2394280 2269288 124992 0
1785416818990 2394280 2269288 124992 0
1785416819028 2394280 2269288 124992 0
1785416819068 2394280 2269288 124992 0
1785416819110 2394280 2269288 124992 0
1785416819151 2394280 2269288 124992 0
1785416819194 2394284 2269292 124992 0
1785416819234 2394284 2269292 124992 0
1785416819272 2394284 2269292 124992 0
1785416819310 2394284 2269292 124992 0
1785416819348 2394284 2269292 124992 0
1785416819386 2394284 2269292 124992 0
1785416819428 2394284 2269292 124992 0
1785416819470 2394284 2269292 124992 0
1785416819512 2394284 2269292 124992 0
1785416819553 2394284 2269292 124992 0
1785416819594 2394296 2269304 124992 0
1785416819636 2394296 2269304 124992 0
1785416819679 2394296 2269304 124992 0
1785416819720 2394300 2269308 124992 0
1785416819758 2394300 2269308 124992 0
1785416819795 2394300 2269308 124992 0
1785416819833 2394300 2269308 124992 0
1785416819873 2394304 2269312 124992 0
1785416819915 2394304 2269312 124992 0
1785416819957 2418752 2293760 124992 0
1785416820000 2418752 2293760 124992 0
1785416820041 2418752 2293760 124992 0
1785416820082 2437188 2312196 124992 0
1785416820126 2437188 2312196 124992 0
1785416820168 2437188 2312196 124992 0
1785416820209 2437188 2312196 124992 0
1785416820254 2437188 2312196 124992 0
1785416820295 2437188 2312196 124992 0
1785416820337 2437188 2312196 124992 0
1785416820380 2437188 2312196 124992 0
1785416820422 2437188 2312196 124992 0
1785416820464 2437188 2312196 124992 0
1785416820508 2437188 2312196 124992 0
1785416820550 2437188 2312196 124992 0
1785416820594 2437188 2312196 124992 0
1785416820637 2437188 2312196 124992 0
1785416820679 2437188 2312196 124992 0
1785416820718 2437188 2312196 124992 0
1785416820757 2437188 2312196 124992 0
1785416820795 2437188 2312196 124992 0
1785416820838 2437188 2312196 124992 0
1785416820880 2437188 2312196 124992 0
1785416820923 2437188 2312196 124992 0
1785416820964 2437188 2312196 124992 0
1785416821007 2437188 2312196 124992 0
1785416821048 2437188 2312196 124992 0
1785416821087 2437188 2312196 124992 0
1785416821126 2437188 2312196 124992 0
1785416821166 2437188 2312196 124992 0
1785416821208 2437188 2312196 124992 0
1785416821251 2437188 2312196 124992 0
1785416821293 2437188 2312196 124992 0
1785416821332 2437188 2312196 124992 0
1785416821375 2437188 2312196 124992 0
1785416821417 2437188 2312196 124992 0
1785416821460 2437188 2312196 124992 0
1785416821503 2437188 2312196 124992 0
1785416821546 2437188 2312196 124992 0
1785416821588 2437188 2312196 124992 0
1785416821630 2437188 2312196 124992 0
1785416821672 2437188 2312196 124992 0
1785416821713 2437188 2312196 124992 0
1785416821751 2437188 2312196 124992 0
1785416821794 2437188 2312196 124992 0
1785416821834 2437196 2312204 124992 0
1785416821876 2437196 2312204 124992 0
1785416821917 2437196 2312204 124992 0
1785416821957 2437196 2312204 124992 0
1785416821999 2437196 2312204 124992 0
1785416822040 2437196 2312204 124992 0
1785416822080 2437196 2312204 124992 0
1785416822123 2437196 2312204 124992 0
1785416822165 2437196 2312204 124992 0
1785416822208 2437196 2312204 124992 0
1785416822250 2437196 2312204 124992 0
1785416822292 2437196 2312204 124992 0
1785416822334 2437196 2312204 124992 0
1785416822374 2437200 2312208 124992 0
1785416822416 2437200 2312208 124992 0
1785416822458 2437200 2312208 124992 0
1785416822498 2437200 2312208 124992 0
1785416822542 2437200 2312208 124992 0
1785416822583 2437200 2312208 124992 0
1785416822620 2437200 2312208 124992 0
1785416822661 2437200 2312208 124992 0
1785416822703 2437200 2312208 124992 0
1785416822744 2437200 2312208 124992 0
1785416822785 2437204 2312212 124992 0
1785416822827 2437204 2312212 124992 0
1785416822867 2437204 2312212 124992 0
1785416822911 2437204 2312212 124992 0
1785416822954 2437204 2312212 124992 0
1785416822996 2437204 2312212 124992 0
1785416823040 2437204 2312212 124992 0
1785416823081 2437204 2312212 124992 0
1785416823122 2437204 2312212 124992 0
1785416823166 2437204 2312212 124992 0
1785416823206 2437204 2312212 124992 0
1785416823245 2437204 2312212 124992 0
1785416823289 2437204 2312212 124992 0
1785416823331 2437204 2312212 124992 0
1785416823371 2437204 2312212 124992 0
1785416823410 2437204 2312212 124992 0
1785416823453 2437204 2312212 124992 0
1785416823495 2437204 2312212 124992 0
1785416823536 2437204 2312212 124992 0
1785416823574 2437204 2312212 124992 0
1785416823612 2437204 2312212 124992 0
1785416823656 2437204 2312212 124992 0
1785416823696 2437204 2312212 124992 0
1785416823738 2437204 2312212 124992 0
1785416823780 2437204 2312212 124992 0
1785416823822 2437204 2312212 124992 0
1785416823862 2437204 2312212 124992 0
1785416823906 2437204 2312212 124992 0
1785416823947 2437204 2312212 124992 0
1785416823985 2437204 2312212 124992 0
1785416824023 2449492 2324500 124992 0
1785416824066 2449492 2324500 124992 0
1785416824107 2449492 2324500 124992 0
1785416824149 2449492 2324500 124992 0
1785416824192 2449492 2324500 124992 0
1785416824236 2449492 2324500 124992 0
1785416824275 2449492 2324500 124992 0
1785416824313 2455568 2330576 124992 0
1785416824355 420088 311388 108700 0
1785416824384 2486288 2361296 124992 0
1785416824424 2517072 2392080 124992 0
1785416824473 2443472 2318480 124992 0
1785416824513 2443472 2318480 124992 0
1785416824556 2443472 2318480 124992 0
1785416824597 2443472 2318480 124992 0
1785416824639 2443472 2318480 124992 0
1785416824682 2443472 2318480 124992 0
1785416824723 2443472 2318480 124992 0
1785416824766 2443472 2318480 124992 0
1785416824809 2443472 2318480 124992 0
1785416824851 2443472 2318480 124992 0
1785416824893 2443472 2318480 124992 0
1785416824933 2443472 2318480 124992 0
1785416824971 2443476 2318484 124992 0
1785416825008 2443476 2318484 124992 0
1785416825046 2443476 2318484 124992 0
1785416825088 2443476 2318484 124992 0
1785416825129 2443476 2318484 124992 0
1785416825171 2443476 2318484 124992 0
1785416825214 2443476 2318484 124992 0
1785416825256 2443476 2318484 124992 0
1785416825296 2443476 2318484 124992 0
1785416825339 2443480 2318488 124992 0
1785416825380 2443488 2318496 124992 0
1785416825423 2443488 2318496 124992 0
1785416825464 2443488 2318496 124992 0
1785416825504 2443488 2318496 124992 0
1785416825546 2443496 2318504 124992 0
1785416825586 2443496 2318504 124992 0
1785416825631 2443496 2318504 124992 0
1785416825671 2443496 2318504 124992 0
1785416825713 2449484 2324508 124976 0
1785416825757 2449512 2324520 124992 0
1785416825795 2449512 2324520 124992 0
1785416825833 2449360 2324372 124988 0
1785416825878 2455660 2330668 124992 0
1785416825920 2455660 2330668 124992 0
1785416825962 433804 312988 120816 0
1785416825991 2498672 2373680 124992 0
1785416826034 2498672 2373680 124992 0
1785416826075 2498672 2373680 124992 0
1785416826113 2498672 2373680 124992 0
1785416826155 2498672 2373680 124992 0
1785416826197 2498672 2373680 124992 0
1785416826238 2498672 2373680 124992 0
1785416826281 2498672 2373680 124992 0
1785416826323 2498672 2373680 124992 0
1785416826362 2498672 2373680 124992 0
1785416826405 2498672 2373680 124992 0
1785416826447 2498672 2373680 124992 0
1785416826490 2498672 2373680 124992 0
1785416826533 2498672 2373680 124992 0
1785416826575 2498672 2373680 124992 0
1785416826614 2498672 2373680 124992 0
1785416826657 2498672 2373680 124992 0
1785416826699 2498672 2373680 124992 0
1785416826740 2498672 2373680 124992 0
1785416826784 2498672 2373680 124992 0
1785416826825 2498672 2373680 124992 0
1785416826864 2498672 2373680 124992 0
1785416826903 2498672 2373680 124992 0
1785416826946 2498672 2373680 124992 0
1785416826988 2498672 2373680 124992 0
1785416827030 2498672 2373680 124992 0
1785416827072 2498672 2373680 124992 0
1785416827112 2498672 2373680 124992 0
1785416827155 2498672 2373680 124992 0
1785416827196 2498672 2373680 124992 0
1785416827239 2498672 2373680 124992 0
1785416827281 2498672 2373680 124992 0
1785416827324 2498672 2373680 124992 0
1785416827366 2498672 2373680 124992 0
1785416827406 2498672 2373680 124992 0
1785416827449 2498672 2373680 124992 0
1785416827491 2498672 2373680 124992 0
1785416827530 2498672 2373680 124992 0
1785416827573 2498672 2373680 124992 0
1785416827616 2498676 2373684 124992 0
1785416827657 2498676 2373684 124992 0
1785416827699 2498676 2373684 124992 0
1785416827739 2498676 2373684 124992 0
1785416827783 2498676 2373684 124992 0
1785416827823 2498676 2373684 124992 0
1785416827867 2498676 2373684 124992 0
1785416827909 2498676 2373684 124992 0
1785416827949 2498676 2373684 124992 0
1785416827988 2498676 2373684 124992 0
1785416828030 2498676 2373684 124992 0
1785416828072 2498676 2373684 124992 0
1785416828115 2498676 2373684 124992 0
1785416828157 2498676 2373684 124992 0
1785416828200 2498676 2373684 124992 0
1785416828242 2498680 2373688 124992 0
1785416828285 2498680 2373688 124992 0
1785416828328 2498680 2373688 124992 0
1785416828369 2498680 2373688 124992 0
1785416828414 2498680 2373688 124992 0
1785416828455 2498680 2373688 124992 0
1785416828497 2498680 2373688 124992 0
1785416828540 2498680 2373688 124992 0
1785416828582 2498680 2373688 124992 0
1785416828623 2498680 2373688 124992 0
1785416828665 2498680 2373688 124992 0
1785416828707 2498680 2373688 124992 0
1785416828748 2498680 2373688 124992 0
1785416828793 2498680 2373688 124992 0
1785416828835 2498680 2373688 124992 0
1785416828877 2498680 2373688 124992 0
1785416828921 2498680 2373688 124992 0
1785416828964 2498680 2373688 124992 0
1785416829008 2498680 2373688 124992 0
1785416829051 2498680 2373688 124992 0
1785416829096 2498680 2373688 124992 0
1785416829138 2498680 2373688 124992 0
1785416829177 2498680 2373688 124992 0
1785416829216 2498680 2373688 124992 0
1785416829260 2498680 2373688 124992 0
1785416829302 2498528 2373540 124988 0
1785416829344 2504824 2379832 124992 0
1785416829382 2504824 2379832 124992 0
1785416829421 2504824 2379832 124992 0
1785416829464 2523256 2398264 124992 0
1785416829506 2523256 2398264 124992 0
1785416829546 2523256 2398264 124992 0
1785416829586 2523256 2398264 124992 0
1785416829628 2523256 2398264 124992 0
1785416829669 2523256 2398264 124992 0
1785416829713 2523256 2398264 124992 0
1785416829754 2523256 2398264 124992 0
1785416829797 2523256 2398264 124992 0
1785416829839 2523256 2398264 124992 0
1785416829882 2523256 2398264 124992 0
1785416829924 2523256 2398264 124992 0
1785416829965 2523256 2398264 124992 0
1785416830006 2545716 2420724 124992 0
1785416830048 2564148 2439156 124992 0
1785416830090 2578400 2453412 124988 0
1785416830130 2602976 2477988 124988 0
1785416830175 2603256 2478264 124992 0
1785416830215 2603256 2478264 124992 0
1785416830259 2465016 2340024 124992 0
1785416830300 2465016 2340024 124992 0
1785416830341 2465016 2340024 124992 0
1785416830384 2465016 2340024 124992 0
1785416830425 2465016 2340024 124992 0
1785416830468 2465016 2340024 124992 0
1785416830509 2465016 2340024 124992 0
1785416830549 2465016 2340024 124992 0
1785416830592 2465016 2340024 124992 0
1785416830634 2465016 2340024 124992 0
1785416830674 2465020 2340028 124992 0
1785416830715 2465020 2340028 124992 0
1785416830758 2465020 2340028 124992 0
1785416830800 2465128 2340136 124992 0
1785416830841 2270600 2145604 124996 0
1785416830878 2270672 2145604 125068 0
1785416830915 2270672 2145604 125068 0
1785416830952 2270672 2145604 125068 0
1785416830994 2270672 2145604 125068 0
1785416831035 2270672 2145604 125068 0
1785416831077 2270672 2145604 125068 0
1785416831119 2270680 2145612 125068 0
1785416831157 2270680 2145612 125068 0
1785416831198 2270528 2145464 125064 0
1785416831241 2269148 2143040 126108 0
1785416831281 2269328 2143040 126288 0
