# timestamp_ms Rss_kB Anonymous_kB Filemapped_kB Shmem_kB
1785493197868 396276 225692 170584 0
1785493197973 475408 296096 179312 0
1785493198078 375676 254712 120964 0
1785493198197 607672 419024 188648 0
1785493198352 610412 419616 190796 0
1785493198439 617308 421360 195948 0
1785493198602 623584 421984 201600 0
1785493198787 627672 423092 204580 0
1785493198877 518504 386024 132480 0
1785493199029 655032 430604 224428 0
1785493199164 660696 433540 227156 0
1785493199248 665380 433736 231644 0
1785493199429 666168 434524 231644 0
1785493199575 678388 435324 243064 0
1785493199699 687604 435704 251900 0
1785493199800 688308 436088 252220 0
1785493199913 693204 436824 256380 0
1785493200025 698288 439336 258952 0
1785493200208 698732 439780 258952 0
1785493200378 710704 440356 270348 0
1785493200580 728740 442516 286224 0
1785493200745 730612 444388 286224 0
1785493200878 739160 446384 292776 0
1785493201014 750736 446412 304324 0
1785493201192 760092 448816 311276 0
1785493201371 762532 449012 313520 0
1785493201548 775608 450688 324920 0
1785493201741 787356 451192 336164 0
1785493201932 793288 452492 340796 0
1785493202106 797452 454416 343036 0
1785493202256 818072 456716 361356 0
1785493202571 827516 457548 369968 0
1785493202721 837096 457612 379484 0
1785493202914 848260 459624 388636 0
1785493203017 850552 459672 390880 0
1785493203169 856260 460888 395372 0
1785493203365 858592 460980 397612 0
1785493203503 877928 462004 415924 0
1785493203640 883888 462264 421624 0
1785493203859 885060 462416 422644 0
1785493203972 887676 462768 424908 0
1785493204080 898468 464408 434060 0
1785493204187 907632 464408 443224 0
1785493204381 914004 464408 449596 0
1785493204478 914368 464408 449960 0
1785493204672 927688 466328 461360 0
1785493204846 939768 467096 472672 0
1785493204956 942480 467488 474992 0
1785493205137 945488 468256 477232 0
1785493205258 947728 468256 479472 0
1785493205398 965628 469792 495836 0
1785493205509 967964 470132 497832 0
1785493205625 973264 470944 502320 0
1785493205722 975896 471332 504564 0
1785493205938 978904 472096 506808 0
1785493206112 1002144 474088 528056 0
1785493206238 1003580 474124 529456 0
1785493206313 1004968 474152 530816 0
1785493206384 1005024 474160 530864 0
1785493206463 1005024 474160 530864 0
1785493206541 1005028 474164 530864 0
1785493206578 1005044 474180 530864 0
1785493206655 1005056 474192 530864 0
1785493206729 1005072 474208 530864 0
1785493206839 1005088 474224 530864 0
1785493206920 1005104 474240 530864 0
1785493207000 1006452 474940 531512 0
1785493207037 1010440 477264 533176 0
1785493207114 1035656 489552 546104 0
1785493207244 1072392 507984 564408 0
1785493207369 1101340 522320 579020 0
1785493207497 1128844 536656 592188 0
1785493207631 1157912 550992 606920 0
1785493207765 1094036 475168 618868 0
1785493207800 1106628 497680 608948 0
1785493207835 1102440 487032 615408 0
1785493207870 1155156 536288 618868 0
1785493207946 1139192 523892 615300 0
1785493208053 1192876 574008 618868 0
1785493208186 1250716 631848 618868 0
1785493208328 1296796 677928 618868 0
1785493208471 1324456 705588 618868 0
1785493208615 1324456 705588 618868 0
1785493208654 1324456 705588 618868 0
1785493208692 1324456 705588 618868 0
1785493208730 1324456 705588 618868 0
1785493208772 1324456 705588 618868 0
1785493208813 1324468 705600 618868 0
1785493208896 1324552 705684 618868 0
1785493208971 1324696 705828 618868 0
1785493209058 1324812 705916 618896 0
1785493209190 1324812 705916 618896 0
1785493209256 1324812 705916 618896 0
1785493209402 1324812 705916 618896 0
1785493209495 1324812 705916 618896 0
1785493209547 1324812 705916 618896 0
1785493209595 1324812 705916 618896 0
1785493209650 1324812 705916 618896 0
1785493209731 1324812 705916 618896 0
1785493209803 1324812 705916 618896 0
1785493209861 1324812 705916 618896 0
1785493209966 1324812 705916 618896 0
1785493210053 1324812 705916 618896 0
1785493210189 1324812 705916 618896 0
1785493210269 1324812 705916 618896 0
1785493210335 1324812 705916 618896 0
1785493210391 1324812 705916 618896 0
1785493210505 1324812 705916 618896 0
1785493210578 1324812 705916 618896 0
1785493210700 1324812 705916 618896 0
1785493210803 1324812 705916 618896 0
1785493210856 1324812 705916 618896 0
1785493210919 1324812 705916 618896 0
1785493210988 1324812 705916 618896 0
1785493211052 1324812 705916 618896 0
1785493211149 1324812 705916 618896 0
1785493211254 1324812 705916 618896 0
1785493211327 1324812 705916 618896 0
1785493211394 1324812 705916 618896 0
1785493211453 1324812 705916 618896 0
1785493211572 189888 103680 86208 0
1785493211977 1136032 1049824 86208 0
1785493212508 1105012 485740 619272 0
1785493212625 1105012 485740 619272 0
1785493212714 1105012 485740 619272 0
1785493212784 1105012 485740 619272 0
1785493212857 1105012 485740 619272 0
1785493213032 1105072 485740 619332 0
1785493213145 1105072 485740 619332 0
1785493213273 1105072 485740 619332 0
1785493213338 1105072 485740 619332 0
1785493213433 1105072 485740 619332 0
1785493213533 1105072 485740 619332 0
1785493213634 1105072 485740 619332 0
1785493213698 1105072 485740 619332 0
1785493213761 1105072 485740 619332 0
1785493213869 1105072 485740 619332 0
1785493213937 1105072 485740 619332 0
1785493214038 1105072 485740 619332 0
1785493214124 1105072 485740 619332 0
1785493214218 1105072 485740 619332 0
1785493214363 1105072 485740 619332 0
1785493214487 1106000 486668 619332 0
1785493214661 1106000 486668 619332 0
1785493214768 1106000 486668 619332 0
1785493214846 1106000 486668 619332 0
1785493214999 1106000 486668 619332 0
1785493215106 1106000 486668 619332 0
1785493215205 1106000 486668 619332 0
1785493215314 1106000 486668 619332 0
1785493215388 1106000 486668 619332 0
1785493215482 1106000 486668 619332 0
1785493215641 1106000 486668 619332 0
1785493215758 1106000 486668 619332 0
1785493215854 1106000 486668 619332 0
1785493215999 1106000 486668 619332 0
1785493216083 1106000 486668 619332 0
1785493216185 1106000 486668 619332 0
1785493216247 1106000 486668 619332 0
1785493216327 1106000 486668 619332 0
1785493216399 1106000 486668 619332 0
1785493216448 1106000 486668 619332 0
1785493216508 1106000 486668 619332 0
1785493216596 1106000 486668 619332 0
1785493216673 1106088 486756 619332 0
1785493216741 1106704 486940 619764 0
1785493216814 1106704 486940 619764 0
1785493216849 1106704 486940 619764 0
1785493216885 1106708 486944 619764 0
1785493216922 1106716 486952 619764 0
1785493216960 1106716 486952 619764 0
1785493216996 1106724 486960 619764 0
1785493217035 1106744 486980 619764 0
1785493217074 1106752 486988 619764 0
1785493217114 1106752 486988 619764 0
1785493217151 1106760 486996 619764 0
1785493217188 1106768 487004 619764 0
1785493217222 1106784 487020 619764 0
1785493217257 1106788 487024 619764 0
1785493217291 1106796 487032 619764 0
1785493217325 1106804 487040 619764 0
1785493217360 1106808 487044 619764 0
1785493217394 1106808 487044 619764 0
1785493217433 1106812 487048 619764 0
1785493217471 1106820 487056 619764 0
1785493217512 1125128 505364 619764 0
1785493217551 1125128 505364 619764 0
1785493217588 1134344 514580 619764 0
1785493217627 1058092 444852 613240 0
1785493217704 1106128 547444 558684 0
1785493217753 1224812 605048 619764 0
1785493217802 1272588 652824 619764 0
1785493217883 1213652 600548 613104 0
1785493217942 1326164 708124 618040 0
1785493218015 1355552 735788 619764 0
1785493218090 1383200 763436 619764 0
1785493218198 1401632 781868 619764 0
1785493218285 1401632 781868 619764 0
1785493218379 1401632 781868 619764 0
1785493218475 1401632 781868 619764 0
1785493218575 1401632 781868 619764 0
1785493218662 1401632 781868 619764 0
1785493218724 1401632 781868 619764 0
1785493218800 1401632 781868 619764 0
1785493218888 1401632 781868 619764 0
1785493218960 1401632 781868 619764 0
1785493219060 1401632 781868 619764 0
1785493219114 1401632 781868 619764 0
1785493219185 1401632 781868 619764 0
1785493219258 1401632 781868 619764 0
1785493219337 1401632 781868 619764 0
1785493219385 1401632 781868 619764 0
1785493219501 1401632 781868 619764 0
1785493219599 1401632 781868 619764 0
1785493219695 1401632 781868 619764 0
1785493219776 1401632 781868 619764 0
1785493219840 1401632 781868 619764 0
1785493219983 1401632 781868 619764 0
1785493220077 1401632 781868 619764 0
1785493220140 1401632 781868 619764 0
1785493220261 1401632 781868 619764 0
1785493220354 1401632 781868 619764 0
1785493220422 1401632 781868 619764 0
1785493220518 1401632 781868 619764 0
1785493220576 1401632 781868 619764 0
1785493220678 1401632 781868 619764 0
1785493220809 1401632 781868 619764 0
1785493220928 1401632 781868 619764 0
1785493220998 1401632 781868 619764 0
1785493221087 1401632 781868 619764 0
1785493221189 1401632 781868 619764 0
1785493221318 1401632 781868 619764 0
1785493221390 1401632 781868 619764 0
1785493221475 1401632 781868 619764 0
1785493221592 1401632 781868 619764 0
1785493221675 1401632 781868 619764 0
1785493221845 1401632 781868 619764 0
1785493221932 674696 126892 547804 0
1785493221967 1179172 1002716 176456 0
1785493222000 1835240 1215476 619764 0
1785493222043 2079012 1461068 617944 0
1785493222083 2372748 1752984 619764 0
1785493222128 1743468 1176892 566576 0
1785493222166 1917616 1305880 611736 0
1785493222207 1880544 1260780 619764 0
1785493222254 2378988 1759224 619764 0
1785493222298 2647320 2067384 579936 0
1785493222337 2296604 1730060 566544 0
1785493222496 2081936 1465904 616032 0
1785493222535 1686828 1544192 142636 0
1785493222565 1883536 1691304 192232 0
1785493222598 1459472 892136 567336 0
1785493222637 1607916 1007760 600156 0
1785493222677 1584208 1065668 518540 0
1785493222717 2312404 1691976 620428 0
1785493222758 1383940 1186084 197856 0
1785493222800 1412728 1214664 198064 0
1785493222834 1459832 1261768 198064 0
1785493222868 1508984 1310920 198064 0
1785493222904 1298500 1108420 190080 0
1785493222938 1602992 1404928 198064 0
1785493222973 1652144 1454080 198064 0
1785493223007 1699248 1501184 198064 0
1785493223052 1471144 1273080 198064 0
1785493223105 1475240 1277176 198064 0
1785493223150 1475248 1277184 198064 0
1785493223232 1475248 1277184 198064 0
1785493223324 1475248 1277184 198064 0
1785493223405 1475252 1277188 198064 0
1785493223466 1475256 1277192 198064 0
1785493223587 1475256 1277192 198064 0
1785493223662 1475256 1277192 198064 0
1785493223723 1475260 1277196 198064 0
1785493223834 1475264 1277200 198064 0
1785493223953 1475272 1277208 198064 0
1785493224039 1475272 1277208 198064 0
1785493224088 1475272 1277208 198064 0
1785493224167 1475276 1277212 198064 0
1785493224247 1475280 1277216 198064 0
1785493224404 1475284 1277220 198064 0
1785493224472 1477372 1279308 198064 0
1785493224545 1493688 1295664 198024 0
1785493224651 1567464 1369400 198064 0
1785493224759 1567464 1369400 198064 0
1785493224823 1567464 1369400 198064 0
1785493224910 1567472 1369408 198064 0
1785493225031 1585912 1387848 198064 0
1785493225164 1585916 1387852 198064 0
1785493225284 1594652 1396588 198064 0
1785493225357 1622784 1424720 198064 0
1785493225421 1622784 1424720 198064 0
1785493225512 1622792 1424728 198064 0
1785493225644 1622792 1424728 198064 0
1785493225759 1512492 1377468 135024 0
1785493225830 1453236 1339672 113564 0
1785493225949 1678104 1480040 198064 0
1785493226040 1678108 1480044 198064 0
1785493226138 1696540 1498476 198064 0
1785493226255 1714984 1516920 198064 0
1785493226372 1714984 1516920 198064 0
1785493226448 1714984 1516920 198064 0
1785493226537 1691644 1508472 183172 0
1785493226608 1751852 1553788 198064 0
1785493226668 1770292 1572228 198064 0
1785493226760 1770292 1572228 198064 0
1785493226839 1788732 1590668 198064 0
1785493226927 1825596 1627532 198064 0
1785493227020 1844032 1645968 198064 0
1785493227103 1844036 1645972 198064 0
1785493227217 1844036 1645972 198064 0
1785493227317 1862476 1664412 198064 0
1785493227400 1862476 1664412 198064 0
1785493227452 1880912 1682848 198064 0
1785493227546 1880916 1682852 198064 0
1785493227632 1880920 1682856 198064 0
1785493227790 1899352 1701288 198064 0
1785493227861 1899360 1701296 198064 0
1785493227980 1899528 1701336 198192 0
1785493228017 1899528 1701336 198192 0
1785493228052 1899528 1701336 198192 0
1785493228086 1899528 1701336 198192 0
1785493228123 1899616 1701336 198280 0
1785493228157 1899616 1701336 198280 0
1785493228191 1899652 1701336 198316 0
1785493228226 1899652 1701336 198316 0
1785493228261 1899652 1701336 198316 0
1785493228299 1899692 1701368 198324 0
1785493228336 1899712 1701368 198344 0
1785493228370 1899712 1701368 198344 0
1785493228407 1899712 1701368 198344 0
1785493228441 1899712 1701368 198344 0
1785493228473 1899724 1701368 198356 0
1785493228508 1899724 1701368 198356 0
1785493228542 1899724 1701368 198356 0
1785493228578 1899724 1701368 198356 0
1785493228613 1899724 1701368 198356 0
1785493228646 1899724 1701368 198356 0
1785493228678 1899724 1701368 198356 0
1785493228711 1789236 1654108 135128 0
1785493228745 1948876 1701368 247508 0
1785493228778 1948876 1701368 247508 0
1785493228814 1938096 1698580 239516 0
1785493228848 1948884 1701368 247516 0
1785493228893 1950976 1701368 249608 0
1785493228928 1951036 1701424 249612 0
1785493228962 1951036 1701424 249612 0
1785493228994 1951040 1701424 249616 0
1785493229027 1723920 1477516 246404 0
1785493229060 1901896 1701424 200472 0
1785493229092 1951048 1701424 249624 0
1785493229144 1951056 1701424 249632 0
1785493229209 1951056 1701424 249632 0
1785493229246 1951060 1701424 249636 0
1785493229288 1951060 1701424 249636 0
1785493229336 1951060 1701424 249636 0
1785493229389 1951060 1701424 249636 0
1785493229442 1951060 1701424 249636 0
1785493229486 1951076 1701424 249652 0
1785493229531 1892912 1694632 198280 0
1785493229571 1951088 1701424 249664 0
1785493229622 1951092 1701424 249668 0
1785493229665 1951092 1701424 249668 0
1785493229713 1901992 1701468 200524 0
1785493229755 1897380 1698920 198460 0
1785493229797 1896364 1695272 201092 0
1785493229845 1946164 1689156 257008 0
1785493229881 1884436 1675764 208672 0
1785493229925 1977292 1701528 275764 0
1785493229976 1977556 1701528 276028 0
1785493230019 1881568 1672496 209072 0
1785493230077 1981020 1702044 278976 0
1785493230135 1807148 1528064 279084 0
1785493230173 1807148 1528064 279084 0
1785493230209 1807148 1528064 279084 0
1785493230244 1807152 1528068 279084 0
1785493230290 1807152 1528068 279084 0
1785493230338 1807152 1528068 279084 0
1785493230399 1807152 1528068 279084 0
1785493230435 1807152 1528068 279084 0
1785493230487 1586140 1440488 145652 0
1785493230535 1788720 1509636 279084 0
1785493230576 1788720 1509636 279084 0
1785493230623 1788720 1509636 279084 0
1785493230669 1788720 1509636 279084 0
1785493230722 1788720 1509636 279084 0
1785493230758 1684144 1472344 211800 0
1785493230817 1788724 1509640 279084 0
1785493230878 1788724 1509640 279084 0
1785493230922 1788724 1509640 279084 0
1785493230964 1788728 1509644 279084 0
1785493231000 1788164 1509608 278556 0
1785493231069 1788728 1509644 279084 0
1785493231119 1675504 1466080 209424 0
1785493231165 1790140 1510212 279928 0
1785493231221 1795260 1510300 284960 0
1785493231256 1797940 1510304 287636 0
1785493231294 1800660 1510320 290340 0
1785493231328 1705564 1487756 217808 0
1785493231363 1709712 1491820 217892 0
1785493231397 1801296 1510332 290964 0
1785493231433 1801296 1510332 290964 0
1785493231468 1801296 1510332 290964 0
1785493231503 1801296 1510332 290964 0
1785493231538 1801296 1510332 290964 0
1785493231571 1801296 1510332 290964 0
1785493231604 1801296 1510332 290964 0
1785493231640 1801296 1510332 290964 0
1785493231674 1801296 1510332 290964 0
1785493231708 1801296 1510332 290964 0
1785493231743 1801296 1510332 290964 0
1785493231777 1803400 1510348 293052 0
1785493231811 1803400 1510348 293052 0
1785493231845 1803400 1510348 293052 0
1785493231880 1803400 1510348 293052 0
1785493231914 1803400 1510348 293052 0
1785493231948 1803400 1510348 293052 0
1785493231984 1803400 1510348 293052 0
1785493232019 1803400 1510348 293052 0
1785493232053 1803400 1510348 293052 0
1785493232088 1803400 1510348 293052 0
1785493232124 1803400 1510348 293052 0
1785493232159 1803400 1510348 293052 0
1785493232196 1803400 1510348 293052 0
1785493232231 1803400 1510348 293052 0
1785493232267 1803400 1510348 293052 0
1785493232302 1803400 1510348 293052 0
1785493232336 1803400 1510348 293052 0
1785493232372 1803400 1510348 293052 0
1785493232405 1803400 1510348 293052 0
1785493232441 1803400 1510348 293052 0
1785493232477 1803400 1510348 293052 0
1785493232510 1803400 1510348 293052 0
1785493232547 1803400 1510348 293052 0
1785493232582 1803400 1510348 293052 0
1785493232617 1803400 1510348 293052 0
1785493232652 1803400 1510348 293052 0
1785493232686 1803400 1510348 293052 0
1785493232720 1803400 1510348 293052 0
1785493232754 1803400 1510348 293052 0
1785493232787 1803400 1510348 293052 0
1785493232820 1803400 1510348 293052 0
1785493232853 1803400 1510348 293052 0
1785493232886 1803400 1510348 293052 0
1785493232919 1803400 1510348 293052 0
1785493232954 1803400 1510348 293052 0
1785493232989 1803400 1510348 293052 0
1785493233024 1803400 1510348 293052 0
1785493233057 1803400 1510348 293052 0
1785493233091 1803400 1510348 293052 0
1785493233125 1803400 1510348 293052 0
1785493233159 1803400 1510348 293052 0
1785493233193 1803400 1510348 293052 0
1785493233228 1803400 1510348 293052 0
1785493233263 1803400 1510348 293052 0
1785493233297 1803400 1510348 293052 0
1785493233331 1803400 1510348 293052 0
1785493233365 1803400 1510348 293052 0
1785493233398 1803400 1510348 293052 0
1785493233431 1803400 1510348 293052 0
1785493233464 1803400 1510348 293052 0
1785493233496 1803932 1510372 293560 0
1785493233530 1806472 1510372 296100 0
1785493233563 1785016 1512356 272660 0
1785493233597 1634276 1483336 150940 0
1785493233628 1823960 1522000 301960 0
1785493233661 1824480 1522000 302480 0
1785493233696 1824480 1522000 302480 0
1785493233730 1824480 1522000 302480 0
1785493233764 1824480 1522000 302480 0
1785493233797 1828800 1522000 306800 0
1785493233831 1836660 1522164 314496 0
1785493233865 1836800 1522180 314620 0
1785493233899 1836800 1522180 314620 0
1785493233932 1836800 1522180 314620 0
1785493233965 1856236 1522180 334056 0
1785493233999 2133660 1524128 609532 0
1785493234147 2133660 1524128 609532 0
1785493234186 2135712 1526180 609532 0
1785493234225 2135776 1526180 609596 0
1785493234263 2136920 1526192 610728 0
1785493234301 2136920 1526192 610728 0
1785493234339 2137004 1526192 610812 0
1785493234377 2137004 1526192 610812 0
1785493234415 2140380 1526304 614076 0
1785493234453 2142496 1526400 616096 0
1785493234494 2143092 1526764 616328 0
1785493234532 2143628 1526992 616636 0
1785493234570 2143628 1526992 616636 0
1785493234608 2143628 1526992 616636 0
1785493234647 2143704 1527068 616636 0
1785493234684 2143720 1527084 616636 0
1785493234722 2145196 1527128 618068 0
1785493234760 2097476 1528432 569044 0
1785493234797 2147404 1529208 618196 0
1785493234837 2147452 1529220 618232 0
1785493234877 2147452 1529220 618232 0
1785493234917 2147452 1529220 618232 0
1785493234958 2147472 1529240 618232 0
1785493234999 2147476 1529244 618232 0
1785493235040 2147508 1529276 618232 0
1785493235081 2147512 1529280 618232 0
1785493235123 2147512 1529280 618232 0
1785493235165 2147512 1529280 618232 0
1785493235205 2149468 1529280 620188 0
1785493235244 2149468 1529280 620188 0
1785493235284 2149472 1529284 620188 0
1785493235324 2149500 1529312 620188 0
1785493235365 2149500 1529312 620188 0
1785493235404 2149500 1529312 620188 0
1785493235442 2149504 1529316 620188 0
1785493235482 2149504 1529316 620188 0
1785493235522 2149504 1529316 620188 0
1785493235563 2149504 1529316 620188 0
1785493235605 2149504 1529316 620188 0
1785493235645 2149504 1529316 620188 0
1785493235686 2149504 1529316 620188 0
1785493235726 2149504 1529316 620188 0
1785493235766 2149504 1529316 620188 0
1785493235807 2149504 1529316 620188 0
1785493235849 2149504 1529316 620188 0
1785493235890 2149504 1529316 620188 0
1785493235931 2149504 1529316 620188 0
1785493235973 2149504 1529316 620188 0
1785493236011 2149504 1529316 620188 0
1785493236051 2149504 1529316 620188 0
1785493236090 2149504 1529316 620188 0
1785493236129 2149504 1529316 620188 0
1785493236168 2149512 1529324 620188 0
1785493236209 2149520 1529332 620188 0
1785493236249 2149520 1529332 620188 0
1785493236289 2149540 1529352 620188 0
1785493236328 2149584 1529396 620188 0
1785493236368 2151124 1530936 620188 0
1785493236407 2151124 1530936 620188 0
1785493236445 2151124 1530936 620188 0
1785493236485 2151124 1530936 620188 0
1785493236527 2151124 1530936 620188 0
1785493236567 2151124 1530936 620188 0
1785493236607 2151124 1530936 620188 0
1785493236648 2151124 1530936 620188 0
1785493236689 2151124 1530936 620188 0
1785493236730 2151128 1530940 620188 0
1785493236771 2151128 1530940 620188 0
1785493236812 2151128 1530940 620188 0
1785493236853 2151128 1530940 620188 0
1785493236894 2151128 1530940 620188 0
1785493236934 2151128 1530940 620188 0
1785493236974 2151128 1530940 620188 0
1785493237015 2151128 1530940 620188 0
1785493237054 2151128 1530940 620188 0
1785493237094 2151128 1530940 620188 0
1785493237135 2151128 1530940 620188 0
1785493237176 2151128 1530940 620188 0
1785493237215 2151140 1530952 620188 0
1785493237255 2151144 1530956 620188 0
1785493237295 2151144 1530956 620188 0
1785493237336 2151144 1530956 620188 0
1785493237376 2151144 1530956 620188 0
1785493237416 2151144 1530956 620188 0
1785493237456 2151156 1530968 620188 0
1785493237495 2151156 1530968 620188 0
1785493237533 2151156 1530968 620188 0
1785493237572 2151156 1530968 620188 0
1785493237612 2151180 1530992 620188 0
1785493237653 2151180 1530992 620188 0
1785493237695 2151184 1530996 620188 0
1785493237736 2151184 1530996 620188 0
1785493237776 2151184 1530996 620188 0
1785493237815 2120544 1530240 590304 0
1785493237853 2151220 1531032 620188 0
1785493237891 2151220 1531032 620188 0
1785493237929 2151220 1531032 620188 0
1785493237968 2151220 1531032 620188 0
1785493238010 2151220 1531032 620188 0
1785493238051 2151220 1531032 620188 0
1785493238090 2151220 1531032 620188 0
1785493238129 2151220 1531032 620188 0
1785493238169 2151220 1531032 620188 0
1785493238210 2151220 1531032 620188 0
1785493238250 2151220 1531032 620188 0
1785493238291 2151220 1531032 620188 0
1785493238334 2151220 1531032 620188 0
1785493238375 2151220 1531032 620188 0
1785493238416 2151220 1531032 620188 0
1785493238454 2151220 1531032 620188 0
1785493238493 2151220 1531032 620188 0
1785493238531 2151220 1531032 620188 0
1785493238570 2151244 1531056 620188 0
1785493238608 2151244 1531056 620188 0
1785493238646 2151284 1531096 620188 0
1785493238684 2151288 1531100 620188 0
1785493238723 2151288 1531100 620188 0
1785493238762 2151288 1531100 620188 0
1785493238802 2151288 1531100 620188 0
1785493238844 2151288 1531100 620188 0
1785493238885 2151312 1531124 620188 0
1785493238926 2151312 1531124 620188 0
1785493238966 2151312 1531124 620188 0
1785493239005 2151312 1531124 620188 0
1785493239043 2151312 1531124 620188 0
1785493239082 2151316 1531128 620188 0
1785493239121 2151316 1531128 620188 0
1785493239160 2151316 1531128 620188 0
1785493239201 2151316 1531128 620188 0
1785493239241 2151316 1531128 620188 0
1785493239280 2151316 1531128 620188 0
1785493239322 2151316 1531128 620188 0
1785493239365 2151316 1531128 620188 0
1785493239407 2151316 1531128 620188 0
1785493239447 2151316 1531128 620188 0
1785493239487 2151316 1531128 620188 0
1785493239526 2151316 1531128 620188 0
1785493239566 2151316 1531128 620188 0
1785493239607 2151316 1531128 620188 0
1785493239647 2151316 1531128 620188 0
1785493239688 2151320 1531132 620188 0
1785493239729 2151320 1531132 620188 0
1785493239769 2151328 1531140 620188 0
1785493239811 2155424 1531140 624284 0
1785493239851 2155424 1531140 624284 0
1785493239892 2155424 1531140 624284 0
1785493239931 2155424 1531140 624284 0
1785493239972 2155424 1531140 624284 0
1785493240012 2155424 1531140 624284 0
1785493240050 2155424 1531140 624284 0
1785493240091 2155424 1531140 624284 0
1785493240130 2155432 1531148 624284 0
1785493240169 2155432 1531148 624284 0
1785493240212 2155432 1531148 624284 0
1785493240254 2155432 1531148 624284 0
1785493240295 2155432 1531148 624284 0
1785493240336 2155432 1531148 624284 0
1785493240377 2155432 1531148 624284 0
1785493240417 2155432 1531148 624284 0
1785493240457 2155472 1531188 624284 0
1785493240497 2155472 1531188 624284 0
1785493240538 2155480 1531196 624284 0
1785493240578 2155492 1531208 624284 0
1785493240618 2155492 1531208 624284 0
1785493240659 2155492 1531208 624284 0
1785493240701 2155492 1531208 624284 0
1785493240743 2155492 1531208 624284 0
1785493240783 2155492 1531208 624284 0
1785493240825 2155492 1531208 624284 0
1785493240864 2155492 1531208 624284 0
1785493240904 2155492 1531208 624284 0
1785493240943 2155492 1531208 624284 0
1785493240982 2155492 1531208 624284 0
1785493241021 2155500 1531216 624284 0
1785493241063 2155500 1531216 624284 0
1785493241105 2155500 1531216 624284 0
1785493241148 2155500 1531216 624284 0
1785493241189 2155500 1531216 624284 0
1785493241230 2155500 1531216 624284 0
1785493241271 2155512 1531228 624284 0
1785493241312 2155536 1531252 624284 0
1785493241351 2155536 1531252 624284 0
1785493241392 2155544 1531260 624284 0
1785493241432 2155544 1531260 624284 0
1785493241472 2155544 1531260 624284 0
1785493241513 2155544 1531260 624284 0
1785493241552 2155544 1531260 624284 0
1785493241593 2155568 1531284 624284 0
1785493241632 2155572 1531288 624284 0
1785493241671 2155572 1531288 624284 0
1785493241710 2155588 1531304 624284 0
1785493241751 2155588 1531304 624284 0
1785493241793 2155588 1531304 624284 0
1785493241833 2155588 1531304 624284 0
1785493241873 2155592 1531308 624284 0
1785493241912 2155592 1531308 624284 0
1785493241950 2155592 1531308 624284 0
1785493241989 2155592 1531308 624284 0
1785493242027 2155592 1531308 624284 0
1785493242066 2155592 1531308 624284 0
1785493242104 2155592 1531308 624284 0
1785493242143 2155592 1531308 624284 0
1785493242184 2155592 1531308 624284 0
1785493242224 2155592 1531308 624284 0
1785493242264 2155592 1531308 624284 0
1785493242304 2155592 1531308 624284 0
1785493242345 2155592 1531308 624284 0
1785493242385 2155596 1531312 624284 0
1785493242424 2155596 1531312 624284 0
1785493242464 2155600 1531316 624284 0
1785493242505 2155600 1531316 624284 0
1785493242547 2155600 1531316 624284 0
1785493242588 2155600 1531316 624284 0
1785493242629 2155600 1531316 624284 0
1785493242669 2155600 1531316 624284 0
1785493242707 2155600 1531316 624284 0
1785493242747 2155600 1531316 624284 0
1785493242787 2155600 1531316 624284 0
1785493242828 2155604 1531320 624284 0
1785493242868 2155604 1531320 624284 0
1785493242909 2155604 1531320 624284 0
1785493242951 2111124 1500124 611000 0
1785493242992 2163800 1531324 632476 0
1785493243033 2163800 1531324 632476 0
1785493243073 2163800 1531324 632476 0
1785493243114 2163800 1531324 632476 0
1785493243154 2163800 1531324 632476 0
1785493243194 2163832 1531356 632476 0
1785493243235 2163840 1531364 632476 0
1785493243275 2163880 1531404 632476 0
1785493243314 2163880 1531404 632476 0
1785493243355 2163880 1531404 632476 0
1785493243396 2163880 1531404 632476 0
1785493243434 2163880 1531404 632476 0
1785493243474 2163880 1531404 632476 0
1785493243515 2163880 1531404 632476 0
1785493243554 2163880 1531404 632476 0
1785493243593 2163880 1531404 632476 0
1785493243631 2163880 1531404 632476 0
1785493243672 2163884 1531408 632476 0
1785493243713 2163884 1531408 632476 0
1785493243752 2163884 1531408 632476 0
1785493243793 2163888 1531412 632476 0
1785493243834 2163888 1531412 632476 0
1785493243874 2163888 1531412 632476 0
1785493243914 2163888 1531412 632476 0
1785493243954 2163888 1531412 632476 0
1785493243993 2163888 1531412 632476 0
1785493244031 2163888 1531412 632476 0
1785493244071 2163888 1531412 632476 0
1785493244110 2163888 1531412 632476 0
1785493244150 2163892 1531416 632476 0
1785493244191 2163892 1531416 632476 0
1785493244230 2163892 1531416 632476 0
1785493244269 2163892 1531416 632476 0
1785493244308 2163892 1531416 632476 0
1785493244347 2163892 1531416 632476 0
1785493244386 2163896 1531420 632476 0
1785493244425 2163900 1531424 632476 0
1785493244468 2163900 1531424 632476 0
1785493244507 2163900 1531424 632476 0
1785493244546 2163900 1531424 632476 0
1785493244588 2163908 1531432 632476 0
1785493244629 2163908 1531432 632476 0
1785493244669 2163908 1531432 632476 0
1785493244709 2163908 1531432 632476 0
1785493244750 2163908 1531432 632476 0
1785493244792 2163908 1531432 632476 0
1785493244834 2163908 1531432 632476 0
1785493244874 2163928 1531452 632476 0
1785493244914 2163928 1531452 632476 0
1785493244955 2163928 1531452 632476 0
1785493244995 2163928 1531452 632476 0
1785493245035 2164232 1531452 632780 0
1785493245075 2164620 1531456 633164 0
1785493245116 2141304 1530856 610448 0
1785493245155 2162728 1529396 633332 0
1785493245194 2162728 1529396 633332 0
1785493245233 2162728 1529396 633332 0
1785493245271 2162728 1529396 633332 0
1785493245309 2162728 1529396 633332 0
1785493245348 2162728 1529396 633332 0
1785493245386 2162740 1529408 633332 0
1785493245425 2162740 1529408 633332 0
1785493245464 2162740 1529408 633332 0
1785493245505 2033280 1513512 519768 0
1785493245544 2170836 1526844 643992 0
1785493245585 2170900 1526844 644056 0
1785493245625 2193248 1526948 666300 0
