# timestamp_ms Rss_kB Anonymous_kB Filemapped_kB Shmem_kB
1785799934897 262424 162920 99504 0
1785799935008 262496 162992 99504 0
1785799935080 262600 163096 99504 0
1785799935151 262660 163156 99504 0
1785799935220 262660 163156 99504 0
1785799935245 262660 163156 99504 0
1785799935269 266304 164428 101876 0
1785799935339 266512 164636 101876 0
1785799935429 266540 164664 101876 0
1785799935500 266540 164664 101876 0
1785799935524 266540 164664 101876 0
1785799935548 267472 165596 101876 0
1785799935618 269796 167264 102532 0
1785799935703 270268 167736 102532 0
1785799935794 270280 167748 102532 0
1785799935861 270776 168248 102528 0
1785799935931 272224 169692 102532 0
1785799936000 272224 169692 102532 0
1785799936069 168792 78692 90100 0
1785799936137 284636 179956 104680 0
1785799936239 284636 179956 104680 0
1785799936308 284636 179956 104680 0
1785799936349 285232 180552 104680 0
1785799936439 285680 181000 104680 0
1785799936509 287384 181748 105636 0
1785799936579 290752 183816 106936 0
1785799936682 290916 183860 107056 0
1785799936753 291160 183864 107296 0
1785799936823 293504 183884 109620 0
1785799936915 294692 183916 110776 0
1785799936987 294916 183948 110968 0
1785799937071 295400 183952 111448 0
1785799937142 324812 210300 114512 0
1785799937251 444008 274520 169488 0
1785799937371 501220 292060 209160 0
1785799937496 534960 310420 224540 0
1785799937617 555504 319032 236472 0
1785799937740 601484 342056 259428 0
1785799937864 627420 355492 271928 0
1785799937989 650320 365968 284352 0
1785799938116 661952 370720 291232 0
1785799938243 678388 380316 298072 0
1785799938351 693016 389768 303248 0
1785799938479 702260 390660 311600 0
1785799938590 716780 398448 318332 0
1785799938716 738480 409072 329408 0
1785799938846 756304 418276 338028 0
1785799938975 767232 422984 344248 0
1785799939085 773288 425440 347848 0
1785799939215 787472 433980 353492 0
1785799939325 828208 453064 375144 0
1785799939469 876528 476344 400184 0
1785799939605 946152 514992 431160 0
1785799939745 982052 529548 452504 0
1785799939891 1031380 554648 476732 0
1785799940037 1082780 580196 502584 0
1785799940189 1111276 593732 517544 0
1785799940334 1137888 605776 532112 0
1785799940480 1138036 605860 532176 0
1785799940578 791924 692412 99512 0
1785799940608 367724 263512 104212 0
1785799940635 884584 791532 93052 0
1785799940664 962964 865060 97904 0
1785799940693 1046684 1010156 36528 0
1785799940722 1145032 1031240 113792 0
1785799940831 1145320 1031304 114016 0
1785799940910 1136456 1029408 107048 0
1785799940990 1156388 1039000 117388 0
1785799941092 1183960 1064544 119416 0
1785799941220 1184344 1064928 119416 0
1785799941303 1179872 1070472 109400 0
1785799941387 1200856 1081440 119416 0
1785799941500 1201624 1082208 119416 0
1785799941584 1201624 1082208 119416 0
1785799941615 1216220 1096804 119416 0
1785799941716 1216220 1096804 119416 0
1785799941823 1216220 1096804 119416 0
1785799941853 1211176 1101144 110032 0
1785799941938 1233500 1114084 119416 0
1785799942066 1233348 1113936 119412 0
1785799942145 1235604 1125880 109724 0
1785799942229 1250016 1130600 119416 0
1785799942341 1250632 1131220 119412 0
1785799942423 1239332 1129936 109396 0
1785799942509 1263688 1144276 119412 0
1785799942612 1267296 1147880 119416 0
1785799942726 1254636 1147252 107384 0
1785799942810 1277776 1157484 120292 0
1785799942894 1277776 1157484 120292 0
1785799942978 1277904 1157488 120416 0
1785799943059 1277904 1157488 120416 0
1785799943142 1277904 1157488 120416 0
1785799943173 1278704 1157488 121216 0
1785799943285 1278808 1157492 121316 0
1785799943371 1280504 1157500 123004 0
1785799943456 1280536 1157532 123004 0
1785799943539 1280556 1157552 123004 0
1785799943624 1280572 1157568 123004 0
1785799943707 1280584 1157580 123004 0
1785799943794 1280600 1157596 123004 0
1785799943904 1280612 1157608 123004 0
1785799943989 1280620 1157616 123004 0
1785799944072 1193632 1070628 123004 0
1785799944101 1193640 1070636 123004 0
1785799944131 1193644 1070640 123004 0
1785799944160 1193648 1070644 123004 0
1785799944189 1193656 1070652 123004 0
1785799944218 1193660 1070656 123004 0
1785799944247 1193668 1070664 123004 0
1785799944276 1193668 1070664 123004 0
1785799944305 1193672 1070668 123004 0
1785799944334 1193680 1070676 123004 0
1785799944364 1193680 1070676 123004 0
1785799944393 1193680 1070676 123004 0
1785799944423 1193684 1070680 123004 0
1785799944452 1193684 1070680 123004 0
1785799944481 1193684 1070680 123004 0
1785799944510 1193684 1070680 123004 0
1785799944539 1193684 1070680 123004 0
1785799944570 1193684 1070680 123004 0
1785799944602 1193684 1070680 123004 0
1785799944633 1193684 1070680 123004 0
1785799944664 1193684 1070680 123004 0
1785799944695 1193684 1070680 123004 0
1785799944727 1193684 1070680 123004 0
1785799944757 1193684 1070680 123004 0
1785799944788 1193684 1070680 123004 0
1785799944819 1193684 1070680 123004 0
1785799944851 1193684 1070680 123004 0
1785799944883 1193684 1070680 123004 0
1785799944914 1193684 1070680 123004 0
1785799944947 1193684 1070680 123004 0
1785799944979 1193684 1070680 123004 0
1785799945011 1193684 1070680 123004 0
1785799945043 1193684 1070680 123004 0
1785799945075 1193684 1070680 123004 0
1785799945106 1193684 1070680 123004 0
1785799945139 1193684 1070680 123004 0
1785799945171 1193684 1070680 123004 0
1785799945201 1193684 1070680 123004 0
1785799945233 1193684 1070680 123004 0
1785799945265 1193684 1070680 123004 0
1785799945297 1193684 1070680 123004 0
1785799945330 1193684 1070680 123004 0
1785799945362 1193684 1070680 123004 0
1785799945394 1193684 1070680 123004 0
1785799945425 1202460 1079564 122896 0
1785799945457 1193684 1070680 123004 0
1785799945489 1193684 1070680 123004 0
1785799945522 1193684 1070680 123004 0
1785799945554 1193684 1070680 123004 0
1785799945587 1193684 1070680 123004 0
1785799945619 1193684 1070680 123004 0
1785799945652 1193684 1070680 123004 0
1785799945684 1193684 1070680 123004 0
1785799945716 1193684 1070680 123004 0
1785799945749 1193684 1070680 123004 0
1785799945782 1193684 1070680 123004 0
1785799945814 1193684 1070680 123004 0
1785799945847 1193684 1070680 123004 0
1785799945878 1193684 1070680 123004 0
1785799945912 1193684 1070680 123004 0
1785799945944 1193684 1070680 123004 0
1785799945976 1193684 1070680 123004 0
1785799946008 1193684 1070680 123004 0
1785799946040 1193684 1070680 123004 0
1785799946073 1193684 1070680 123004 0
1785799946105 1193532 1070532 123000 0
1785799946137 1190504 1069396 121108 0
1785799946170 1193812 1070808 123004 0
1785799946202 1193812 1070808 123004 0
1785799946235 1193812 1070808 123004 0
1785799946265 1193812 1070808 123004 0
1785799946295 1193812 1070808 123004 0
1785799946326 1193812 1070808 123004 0
1785799946357 1220384 1105232 115152 0
1785799946387 1275212 1153456 121756 0
1785799946417 1512920 1389916 123004 0
1785799946557 1711576 1588572 123004 0
1785799946703 1731468 1608464 123004 0
1785799946840 1934220 1811216 123004 0
1785799946977 2040356 1917356 123000 0
1785799947113 1617164 1494160 123004 0
1785799947145 1617164 1494160 123004 0
1785799947176 1640924 1527444 113480 0
1785799947207 1695516 1580288 115228 0
1785799947238 1669312 1546308 123004 0
1785799947269 1759424 1636420 123004 0
1785799947299 1851584 1728580 123004 0
1785799947331 1947840 1824836 123004 0
1785799947362 2054336 1931332 123004 0
1785799947447 2100264 1977260 123004 0
1785799947562 2300968 2177964 123004 0
1785799947698 2477684 2354680 123004 0
1785799947836 2499012 2376428 122584 0
1785799947966 2040512 1917508 123004 0
1785799948105 1193820 1070816 123004 0
1785799948136 1193820 1070816 123004 0
1785799948166 1194516 1070816 123700 0
1785799948197 1194516 1070816 123700 0
1785799948227 1194516 1070816 123700 0
1785799948262 1281908 1158240 123668 0
1785799948296 1285152 1161900 123252 0
1785799948330 297328 188656 108672 0
1785799948355 226720 121648 105072 0
1785799948379 1285512 1173672 111840 0
1785799948411 1219424 1186448 32976 0
1785799948441 1319496 1207072 112424 0
1785799948474 1315392 1205148 110244 0
1785799948506 1251320 1216312 35008 0
1785799948537 1258296 1226544 31752 0
1785799948568 288536 181388 107148 0
1785799948594 1381408 1257708 123700 0
1785799948627 1381408 1257708 123700 0
1785799948660 1381408 1257708 123700 0
1785799948694 1381408 1257708 123700 0
1785799948726 1381408 1257708 123700 0
1785799948758 1381408 1257708 123700 0
1785799948789 1381416 1257716 123700 0
1785799948820 1381468 1257768 123700 0
1785799948850 1381520 1257820 123700 0
1785799948878 1381572 1257872 123700 0
1785799948907 1381928 1258104 123824 0
1785799948937 1381980 1258156 123824 0
1785799948967 1381984 1258160 123824 0
1785799948998 1381988 1258164 123824 0
1785799949028 1381992 1258168 123824 0
1785799949058 1381992 1258168 123824 0
1785799949088 1382000 1258176 123824 0
1785799949118 1382000 1258176 123824 0
1785799949149 1382004 1258180 123824 0
1785799949179 1382004 1258180 123824 0
1785799949209 1382012 1258188 123824 0
1785799949240 1382012 1258188 123824 0
1785799949270 1382020 1258196 123824 0
1785799949301 1382024 1258200 123824 0
1785799949331 1382036 1258212 123824 0
1785799949361 1382040 1258216 123824 0
1785799949391 1382040 1258216 123824 0
1785799949422 1382048 1258224 123824 0
1785799949452 1382056 1258232 123824 0
1785799949482 1382060 1258236 123824 0
1785799949513 1382064 1258240 123824 0
1785799949546 1382064 1258240 123824 0
1785799949578 1382068 1258244 123824 0
1785799949610 1382076 1258252 123824 0
1785799949642 1382076 1258252 123824 0
1785799949674 1382080 1258256 123824 0
1785799949705 1382084 1258260 123824 0
1785799949736 1382084 1258260 123824 0
1785799949768 1382084 1258260 123824 0
1785799949800 1382084 1258260 123824 0
1785799949832 1382084 1258260 123824 0
1785799949865 1382084 1258260 123824 0
1785799949899 1382084 1258260 123824 0
1785799949942 1382084 1258260 123824 0
1785799949975 1382084 1258260 123824 0
1785799950008 1382084 1258260 123824 0
1785799950042 1382084 1258260 123824 0
1785799950075 1382084 1258260 123824 0
1785799950109 1382084 1258260 123824 0
1785799950143 1382084 1258260 123824 0
1785799950176 1382084 1258260 123824 0
1785799950210 1382084 1258260 123824 0
1785799950243 1382084 1258260 123824 0
1785799950277 1382084 1258260 123824 0
1785799950310 1382084 1258260 123824 0
1785799950343 1382084 1258260 123824 0
1785799950377 1382084 1258260 123824 0
1785799950410 1382084 1258260 123824 0
1785799950444 1382084 1258260 123824 0
1785799950478 1382104 1258280 123824 0
1785799950511 1382104 1258280 123824 0
1785799950544 1382104 1258280 123824 0
1785799950577 1382104 1258280 123824 0
1785799950611 1382104 1258280 123824 0
1785799950644 1382104 1258280 123824 0
1785799950678 1382104 1258280 123824 0
1785799950711 1382104 1258280 123824 0
1785799950745 1382104 1258280 123824 0
1785799950779 1382104 1258280 123824 0
1785799950812 1382104 1258280 123824 0
1785799950846 1382104 1258280 123824 0
1785799950880 1382104 1258280 123824 0
1785799950913 1382104 1258280 123824 0
1785799950947 1382104 1258280 123824 0
1785799950980 1382104 1258280 123824 0
1785799951014 1382104 1258280 123824 0
1785799951047 1382104 1258280 123824 0
1785799951080 1382104 1258280 123824 0
1785799951114 1382104 1258280 123824 0
1785799951148 1382104 1258280 123824 0
1785799951181 1382104 1258280 123824 0
1785799951215 1382104 1258280 123824 0
1785799951249 1382104 1258280 123824 0
1785799951282 1382104 1258280 123824 0
1785799951315 1382104 1258280 123824 0
1785799951347 1382104 1258280 123824 0
1785799951380 1382104 1258280 123824 0
1785799951412 1381952 1258132 123820 0
1785799951445 1427612 1303788 123824 0
1785799951477 1581212 1457388 123824 0
1785799951511 1740956 1617132 123824 0
1785799951545 1814684 1690860 123824 0
1785799951580 1814684 1690860 123824 0
1785799951614 1820252 1696428 123824 0
1785799951648 1918556 1794732 123824 0
1785799951679 2010716 1886892 123824 0
1785799951711 2104924 1981100 123824 0
1785799951745 2203228 2079404 123824 0
1785799951779 1814772 1690948 123824 0
1785799951813 1814772 1690948 123824 0
1785799951847 727008 614928 112080 0
1785799951871 1873592 1749768 123824 0
1785799951904 1969848 1846024 123824 0
1785799951936 2064056 1940232 123824 0
1785799951969 2160312 2036488 123824 0
1785799952002 2247224 2123400 123824 0
1785799952036 2347576 2223752 123824 0
1785799952071 2445880 2322056 123824 0
1785799952105 2595384 2471560 123824 0
1785799952232 2661496 2537672 123824 0
1785799952380 2661496 2537672 123824 0
1785799952414 2661776 2537672 124104 0
1785799952447 2239776 2114312 125464 0
1785799952535 2239776 2114312 125464 0
1785799952568 2229736 2112120 117616 0
1785799952602 1875232 1749768 125464 0
1785799952636 1975584 1850120 125464 0
1785799952671 2077984 1952520 125464 0
1785799952705 2178336 2052872 125464 0
1785799952740 2239776 2114312 125464 0
1785799952774 2239776 2114312 125464 0
1785799952805 2239776 2114312 125464 0
1785799952837 1857780 1732316 125464 0
1785799952870 1914776 1789316 125460 0
1785799952902 1853180 1812280 40900 0
1785799952932 1960868 1835408 125460 0
1785799952964 1978252 1860872 117380 0
1785799952998 1944200 1818872 125328 0
1785799953033 2078948 1955164 123784 0
1785799953067 2032684 1991852 40832 0
1785799953098 2142924 2025684 117240 0
1785799953130 2178968 2056616 122352 0
1785799953165 2136432 2023652 112780 0
1785799953199 2230656 2105192 125464 0
1785799953233 2231428 2105964 125464 0
1785799953265 1808192 1683052 125140 0
1785799953299 1725744 1600096 125648 0
1785799953337 1742128 1616480 125648 0
1785799953373 1758512 1632864 125648 0
1785799953408 1774896 1649248 125648 0
1785799953444 1791280 1665632 125648 0
1785799953480 1807664 1682016 125648 0
1785799953516 1822000 1696352 125648 0
1785799953552 1838384 1712736 125648 0
1785799953587 1854768 1729120 125648 0
1785799953623 1871152 1745504 125648 0
1785799953659 1887536 1761888 125648 0
1785799953695 1903720 1778072 125648 0
1785799953731 1920104 1794456 125648 0
1785799953767 1934440 1808792 125648 0
1785799953800 1950824 1825176 125648 0
1785799953837 1967208 1841560 125648 0
1785799953873 1983592 1857944 125648 0
1785799953908 1999976 1874328 125648 0
1785799953944 2014312 1888664 125648 0
1785799953980 2030696 1905048 125648 0
1785799954017 2047080 1921432 125648 0
1785799954052 2063464 1937816 125648 0
1785799954086 1884624 1766856 117768 0
1785799954125 1808772 1683100 125672 0
1785799954161 1808772 1683100 125672 0
1785799954197 1808780 1683108 125672 0
1785799954234 1808780 1683108 125672 0
1785799954267 1808780 1683108 125672 0
1785799954298 1808780 1683108 125672 0
1785799954331 1808780 1683108 125672 0
1785799954366 1808784 1683112 125672 0
1785799954402 1808784 1683112 125672 0
1785799954438 1808792 1683120 125672 0
1785799954472 1808792 1683120 125672 0
1785799954505 1808792 1683120 125672 0
1785799954538 1808800 1683128 125672 0
1785799954574 1808800 1683128 125672 0
1785799954609 1808800 1683128 125672 0
1785799954641 1808804 1683132 125672 0
1785799954677 1808808 1683136 125672 0
1785799954712 1808812 1683140 125672 0
1785799954746 1808812 1683140 125672 0
1785799954778 1808812 1683140 125672 0
1785799954814 1808816 1683144 125672 0
1785799954848 1808816 1683144 125672 0
1785799954880 1808820 1683148 125672 0
1785799954913 1808828 1683156 125672 0
1785799954949 1808840 1683168 125672 0
1785799954985 1808840 1683168 125672 0
1785799955017 1808840 1683168 125672 0
1785799955049 1808840 1683168 125672 0
1785799955082 1808840 1683168 125672 0
1785799955117 1808844 1683172 125672 0
1785799955152 1808848 1683176 125672 0
1785799955188 1808852 1683180 125672 0
1785799955222 1808856 1683184 125672 0
1785799955255 1808856 1683184 125672 0
1785799955286 1808856 1683184 125672 0
1785799955320 1808856 1683184 125672 0
1785799955351 1808856 1683184 125672 0
1785799955384 1808860 1683188 125672 0
1785799955417 1808864 1683192 125672 0
1785799955451 1808868 1683196 125672 0
1785799955485 1808868 1683196 125672 0
1785799955520 1808868 1683196 125672 0
1785799955556 1808872 1683200 125672 0
1785799955591 1808872 1683200 125672 0
1785799955623 1808872 1683200 125672 0
1785799955656 1808880 1683208 125672 0
1785799955689 1808884 1683212 125672 0
1785799955723 1808884 1683212 125672 0
1785799955756 1808884 1683212 125672 0
1785799955787 1808884 1683212 125672 0
1785799955824 1808884 1683212 125672 0
1785799955859 1808884 1683212 125672 0
1785799955890 1808896 1683224 125672 0
1785799955923 1808896 1683224 125672 0
1785799955956 1808896 1683224 125672 0
1785799955993 1808900 1683228 125672 0
1785799956028 1808900 1683228 125672 0
1785799956059 1808900 1683228 125672 0
1785799956092 1808900 1683228 125672 0
1785799956127 1808908 1683236 125672 0
1785799956163 1808908 1683236 125672 0
1785799956197 1808908 1683236 125672 0
1785799956231 1808916 1683244 125672 0
1785799956266 1808916 1683244 125672 0
1785799956298 1827356 1701684 125672 0
1785799956333 1827360 1701688 125672 0
1785799956365 1827360 1701688 125672 0
1785799956396 1845796 1720124 125672 0
1785799956433 1845800 1720128 125672 0
1785799956469 1845800 1720128 125672 0
1785799956504 1845808 1720136 125672 0
1785799956536 1845808 1720136 125672 0
1785799956573 1845808 1720136 125672 0
1785799956608 1845808 1720136 125672 0
1785799956642 1864248 1738576 125672 0
1785799956679 1864252 1738580 125672 0
1785799956715 1864252 1738580 125672 0
1785799956749 1864260 1738588 125672 0
1785799956785 1864260 1738588 125672 0
1785799956819 1864260 1738588 125672 0
1785799956855 1872468 1746796 125672 0
1785799956890 1882700 1757028 125672 0
1785799956928 1882704 1757032 125672 0
1785799956961 1882716 1757044 125672 0
1785799956995 1882716 1757044 125672 0
1785799957029 1882716 1757044 125672 0
1785799957064 1901148 1775476 125672 0
1785799957101 1901148 1775476 125672 0
1785799957137 1901152 1775480 125672 0
1785799957172 1901276 1775604 125672 0
1785799957208 1919572 1801256 118316 0
1785799957246 1970748 1844524 126224 0
1785799957283 1986980 1860760 126220 0
1785799957319 1999420 1873196 126224 0
1785799957356 2015652 1889432 126220 0
1785799957391 2025744 1918796 106948 0
1785799957427 2092156 1965144 127012 0
1785799957462 2105480 1978472 127008 0
1785799957495 2116428 1989416 127012 0
1785799957530 2130764 2003752 127012 0
1785799957564 2147148 2020136 127012 0
1785799957598 2161484 2034472 127012 0
1785799957634 2177868 2050856 127012 0
1785799957671 2194252 2067240 127012 0
1785799957707 2210636 2083624 127012 0
1785799957743 2227020 2100008 127012 0
1785799957779 2243404 2116392 127012 0
1785799957815 2259788 2132776 127012 0
1785799957852 2276020 2149012 127008 0
1785799957888 2279948 2152604 127344 0
1785799957924 2279948 2152604 127344 0
1785799957958 2279948 2152604 127344 0
1785799957993 2279948 2152604 127344 0
1785799958027 2279948 2152604 127344 0
1785799958061 2279948 2152604 127344 0
1785799958094 2279948 2152604 127344 0
1785799958129 2279948 2152604 127344 0
1785799958161 2279948 2152604 127344 0
1785799958196 2279948 2152604 127344 0
1785799958230 2279948 2152604 127344 0
1785799958262 2279948 2152604 127344 0
1785799958293 2286952 2159608 127344 0
1785799958324 2303336 2175992 127344 0
1785799958361 2319720 2192376 127344 0
1785799958397 2336104 2208760 127344 0
1785799958434 2344596 2217196 127400 0
1785799958468 2358932 2231532 127400 0
1785799958502 2375316 2247916 127400 0
1785799958536 2389652 2262252 127400 0
1785799958569 2406036 2278636 127400 0
1785799958603 2420372 2292972 127400 0
1785799958637 2436756 2309356 127400 0
1785799958671 2451092 2323692 127400 0
1785799958705 2467476 2340076 127400 0
1785799958739 2481812 2354412 127400 0
1785799958773 2498196 2370796 127400 0
1785799958807 2496712 2371160 125552 0
1785799958841 2528160 2400760 127400 0
1785799958875 2542496 2415096 127400 0
1785799958909 2558880 2431480 127400 0
1785799958945 2575264 2447864 127400 0
1785799958982 2591648 2464248 127400 0
1785799959018 2608032 2480632 127400 0
1785799959055 2624416 2497016 127400 0
1785799959091 2640800 2513400 127400 0
1785799959128 2657184 2529784 127400 0
1785799959165 2681760 2554360 127400 0
1785799959305 2394300 2268396 125904 0
1785799959348 2741808 2616440 125368 0
1785799959388 2776028 2648628 127400 0
1785799959573 2777156 2649756 127400 0
1785799959677 2777184 2649784 127400 0
1785799959777 2603204 2475804 127400 0
1785799959815 2603204 2475804 127400 0
1785799959850 2603204 2475804 127400 0
1785799959883 2603204 2475804 127400 0
1785799959918 2603204 2475804 127400 0
1785799959952 2603204 2475804 127400 0
1785799959986 2603204 2475804 127400 0
1785799960021 2603204 2475804 127400 0
1785799960054 2603204 2475804 127400 0
1785799960088 2603204 2475804 127400 0
1785799960121 2603204 2475804 127400 0
1785799960154 2603204 2475804 127400 0
1785799960188 2603204 2475804 127400 0
1785799960221 2603204 2475804 127400 0
1785799960255 2603204 2475804 127400 0
1785799960290 2603204 2475804 127400 0
1785799960324 2603204 2475804 127400 0
1785799960358 2603204 2475804 127400 0
1785799960391 2603204 2475804 127400 0
1785799960424 2603204 2475804 127400 0
1785799960459 2603204 2475804 127400 0
1785799960491 2603204 2475804 127400 0
1785799960522 2603204 2475804 127400 0
1785799960554 2603204 2475804 127400 0
1785799960585 2603204 2475804 127400 0
1785799960616 2603204 2475804 127400 0
1785799960647 2603204 2475804 127400 0
1785799960679 2603204 2475804 127400 0
1785799960713 2603204 2475804 127400 0
1785799960746 2603204 2475804 127400 0
1785799960777 2603204 2475804 127400 0
1785799960811 2603204 2475804 127400 0
1785799960844 2603204 2475804 127400 0
1785799960878 2603204 2475804 127400 0
1785799960912 2603204 2475804 127400 0
1785799960945 2603204 2475804 127400 0
1785799960979 2603204 2475804 127400 0
1785799961012 2603204 2475804 127400 0
1785799961045 2603204 2475804 127400 0
1785799961079 2603204 2475804 127400 0
1785799961113 2533512 2415564 117948 0
1785799961148 2168756 2040984 127772 0
1785799961184 2169160 2040992 128168 0
1785799961220 2169160 2040992 128168 0
1785799961256 2169168 2040992 128176 0
1785799961292 2169168 2040992 128176 0
1785799961328 2169168 2040992 128176 0
1785799961362 2169172 2040996 128176 0
1785799961396 2169172 2040996 128176 0
1785799961432 2169172 2040996 128176 0
1785799961469 2169240 2041000 128240 0
1785799961505 2169240 2041000 128240 0
1785799961541 2169240 2041000 128240 0
1785799961578 2169240 2041000 128240 0
1785799961614 2169416 2041012 128404 0
1785799961651 2169552 2041016 128536 0
1785799961688 2169612 2041016 128596 0
1785799961725 2169616 2041016 128600 0
1785799961762 2169616 2041016 128600 0
1785799961799 2169616 2041016 128600 0
1785799961835 2152252 2025500 126752 0
1785799961875 2171676 2043076 128600 0
1785799961911 2171676 2043076 128600 0
1785799961947 2171676 2043076 128600 0
1785799961983 2171676 2043076 128600 0
1785799962019 2171676 2043076 128600 0
1785799962055 2171676 2043076 128600 0
1785799962091 2171676 2043076 128600 0
1785799962129 2171676 2043076 128600 0
1785799962166 2171676 2043076 128600 0
1785799962202 2171676 2043076 128600 0
1785799962240 2171676 2043076 128600 0
1785799962275 2171676 2043076 128600 0
1785799962311 2171676 2043076 128600 0
1785799962348 2171676 2043076 128600 0
1785799962386 2171676 2043076 128600 0
1785799962423 2171676 2043076 128600 0
1785799962460 2171676 2043076 128600 0
1785799962499 2171884 2043076 128808 0
1785799962537 2171884 2043076 128808 0
1785799962574 2171884 2043076 128808 0
1785799962612 2171952 2043080 128872 0
1785799962650 2171952 2043080 128872 0
1785799962687 2171952 2043080 128872 0
1785799962723 2171952 2043080 128872 0
1785799962758 2171952 2043080 128872 0
1785799962793 2171952 2043080 128872 0
1785799962827 2171952 2043080 128872 0
1785799962862 2171952 2043080 128872 0
1785799962897 2171952 2043080 128872 0
1785799962931 2171956 2043084 128872 0
1785799962966 2171956 2043084 128872 0
1785799963001 2171956 2043084 128872 0
1785799963036 2171956 2043084 128872 0
1785799963071 2171956 2043084 128872 0
1785799963107 2171956 2043084 128872 0
1785799963144 2171956 2043084 128872 0
1785799963182 2171956 2043084 128872 0
1785799963219 2171956 2043084 128872 0
1785799963256 2171956 2043084 128872 0
1785799963293 2171956 2043084 128872 0
1785799963330 2171956 2043084 128872 0
1785799963367 2171956 2043084 128872 0
1785799963404 2171956 2043084 128872 0
1785799963441 2171956 2043084 128872 0
1785799963478 2171956 2043084 128872 0
1785799963514 2171956 2043084 128872 0
1785799963552 2171956 2043084 128872 0
1785799963589 2171956 2043084 128872 0
1785799963626 2171956 2043084 128872 0
1785799963662 2171956 2043084 128872 0
1785799963697 2171956 2043084 128872 0
1785799963731 2171956 2043084 128872 0
1785799963764 2171956 2043084 128872 0
1785799963801 2171956 2043084 128872 0
1785799963838 2171960 2043088 128872 0
1785799963874 2171960 2043088 128872 0
1785799963910 2171960 2043088 128872 0
1785799963943 2171960 2043088 128872 0
1785799963980 2171960 2043088 128872 0
1785799964016 2171960 2043088 128872 0
1785799964050 2171960 2043088 128872 0
1785799964085 2171960 2043088 128872 0
1785799964122 2171960 2043088 128872 0
1785799964160 2171960 2043088 128872 0
1785799964197 2171960 2043088 128872 0
1785799964234 2171960 2043088 128872 0
1785799964271 2171960 2043088 128872 0
1785799964309 2171960 2043088 128872 0
1785799964346 2171960 2043088 128872 0
1785799964384 2171960 2043088 128872 0
1785799964421 2171960 2043088 128872 0
1785799964457 2171960 2043088 128872 0
1785799964493 2171960 2043088 128872 0
1785799964527 2171960 2043088 128872 0
1785799964562 2171960 2043088 128872 0
1785799964598 2171960 2043088 128872 0
1785799964638 2171960 2043088 128872 0
1785799964675 2171960 2043088 128872 0
1785799964710 2171960 2043088 128872 0
1785799964748 2171960 2043088 128872 0
1785799964786 2171960 2043088 128872 0
1785799964823 2171960 2043088 128872 0
1785799964859 2171960 2043088 128872 0
1785799964897 2171960 2043088 128872 0
1785799964934 2171960 2043088 128872 0
1785799964970 2171960 2043088 128872 0
1785799965009 2171960 2043088 128872 0
1785799965046 2171960 2043088 128872 0
1785799965082 2171960 2043088 128872 0
1785799965120 2171960 2043088 128872 0
1785799965159 2171960 2043088 128872 0
1785799965196 2171960 2043088 128872 0
1785799965233 2171960 2043088 128872 0
1785799965269 2171960 2043088 128872 0
1785799965304 2171960 2043088 128872 0
1785799965341 2171960 2043088 128872 0
1785799965377 2171960 2043088 128872 0
1785799965411 2171960 2043088 128872 0
1785799965447 2171960 2043088 128872 0
1785799965482 2171960 2043088 128872 0
1785799965516 2171960 2043088 128872 0
1785799965551 2171960 2043088 128872 0
1785799965589 2171960 2043088 128872 0
1785799965625 2171960 2043088 128872 0
1785799965662 2171960 2043088 128872 0
1785799965700 2171960 2043088 128872 0
1785799965737 2171960 2043088 128872 0
1785799965773 2171960 2043088 128872 0
1785799965812 2171960 2043088 128872 0
1785799965849 2171960 2043088 128872 0
1785799965885 2171960 2043088 128872 0
1785799965922 2171960 2043088 128872 0
1785799965958 2171960 2043088 128872 0
1785799965991 2171960 2043088 128872 0
1785799966024 2171960 2043088 128872 0
1785799966063 2171960 2043088 128872 0
1785799966100 2172316 2043088 129228 0
1785799966136 2172316 2043088 129228 0
1785799966169 2172316 2043088 129228 0
1785799966201 2172316 2043088 129228 0
1785799966235 2172316 2043088 129228 0
1785799966268 2172316 2043088 129228 0
1785799966300 2172316 2043088 129228 0
1785799966333 2172316 2043088 129228 0
1785799966374 2172364 2043088 129276 0
1785799966411 2172364 2043088 129276 0
1785799966446 2172364 2043088 129276 0
1785799966480 2172364 2043088 129276 0
1785799966514 2172364 2043088 129276 0
1785799966549 2172364 2043088 129276 0
1785799966582 2172364 2043088 129276 0
1785799966615 2172364 2043088 129276 0
1785799966653 2172364 2043088 129276 0
1785799966691 2172364 2043088 129276 0
1785799966727 2172364 2043088 129276 0
1785799966761 2172364 2043088 129276 0
1785799966795 2172364 2043088 129276 0
1785799966832 2172364 2043088 129276 0
1785799966868 2172364 2043088 129276 0
1785799966903 2172364 2043088 129276 0
1785799966939 2172364 2043088 129276 0
1785799966975 2172364 2043088 129276 0
1785799967011 2172368 2043092 129276 0
1785799967047 2172372 2043096 129276 0
1785799967084 2172372 2043096 129276 0
1785799967120 2172372 2043096 129276 0
1785799967156 2172372 2043096 129276 0
1785799967193 2172372 2043096 129276 0
1785799967229 2172372 2043096 129276 0
1785799967267 2172372 2043096 129276 0
1785799967304 2172372 2043096 129276 0
1785799967342 2172372 2043096 129276 0
1785799967379 2172372 2043096 129276 0
1785799967415 2172372 2043096 129276 0
1785799967449 2172372 2043096 129276 0
1785799967483 2172372 2043096 129276 0
1785799967516 2172372 2043096 129276 0
1785799967549 2172372 2043096 129276 0
1785799967586 2172372 2043096 129276 0
1785799967620 2172372 2043096 129276 0
1785799967654 2172372 2043096 129276 0
1785799967687 2172372 2043096 129276 0
1785799967726 2172372 2043096 129276 0
1785799967762 2172372 2043096 129276 0
1785799967795 2172372 2043096 129276 0
1785799967831 2172372 2043096 129276 0
1785799967866 2172372 2043096 129276 0
1785799967903 2172372 2043096 129276 0
1785799967939 2172372 2043096 129276 0
1785799967977 2172372 2043096 129276 0
1785799968014 2172372 2043096 129276 0
1785799968049 2172372 2043096 129276 0
1785799968088 2172372 2043096 129276 0
1785799968126 2172372 2043096 129276 0
1785799968163 2172372 2043096 129276 0
1785799968200 2172372 2043096 129276 0
1785799968236 2172372 2043096 129276 0
1785799968272 2172372 2043096 129276 0
1785799968308 2172372 2043096 129276 0
1785799968344 2172372 2043096 129276 0
1785799968379 2172372 2043096 129276 0
1785799968413 2172372 2043096 129276 0
1785799968448 2172372 2043096 129276 0
1785799968482 2172372 2043096 129276 0
1785799968517 2172372 2043096 129276 0
1785799968551 2172372 2043096 129276 0
1785799968588 2172372 2043096 129276 0
1785799968624 2172372 2043096 129276 0
1785799968662 2172372 2043096 129276 0
1785799968699 2172372 2043096 129276 0
1785799968737 2172372 2043096 129276 0
1785799968774 2172372 2043096 129276 0
1785799968811 2172372 2043096 129276 0
1785799968848 2172372 2043096 129276 0
1785799968885 2172372 2043096 129276 0
1785799968922 2172372 2043096 129276 0
1785799968959 2172372 2043096 129276 0
1785799968996 2172372 2043096 129276 0
1785799969033 2172372 2043096 129276 0
1785799969070 2172372 2043096 129276 0
1785799969107 2172372 2043096 129276 0
1785799969144 2172372 2043096 129276 0
1785799969177 2172372 2043096 129276 0
1785799969211 2172372 2043096 129276 0
1785799969245 2172372 2043096 129276 0
1785799969280 2172372 2043096 129276 0
1785799969313 2172372 2043096 129276 0
1785799969347 2172372 2043096 129276 0
1785799969381 2172372 2043096 129276 0
1785799969416 2172372 2043096 129276 0
1785799969450 2172372 2043096 129276 0
1785799969484 2172372 2043096 129276 0
1785799969517 2172372 2043096 129276 0
1785799969551 2172372 2043096 129276 0
1785799969586 2172372 2043096 129276 0
1785799969620 2172372 2043096 129276 0
1785799969654 2172372 2043096 129276 0
1785799969692 2172372 2043096 129276 0
1785799969729 2172372 2043096 129276 0
1785799969767 2172372 2043096 129276 0
1785799969804 2172372 2043096 129276 0
1785799969840 2172372 2043096 129276 0
1785799969878 2172372 2043096 129276 0
1785799969916 2172372 2043096 129276 0
1785799969953 2172372 2043096 129276 0
1785799969991 2172372 2043096 129276 0
1785799970027 2172372 2043096 129276 0
1785799970064 2172372 2043096 129276 0
1785799970099 2172372 2043096 129276 0
1785799970133 2172372 2043096 129276 0
1785799970166 2172372 2043096 129276 0
1785799970202 2172372 2043096 129276 0
1785799970236 2172372 2043096 129276 0
1785799970270 2172372 2043096 129276 0
1785799970307 2172372 2043096 129276 0
1785799970344 2172372 2043096 129276 0
1785799970381 2172372 2043096 129276 0
1785799970416 2172372 2043096 129276 0
1785799970454 2172372 2043096 129276 0
1785799970490 2172372 2043096 129276 0
1785799970526 2172372 2043096 129276 0
1785799970563 2172372 2043096 129276 0
1785799970600 2172372 2043096 129276 0
1785799970637 2172372 2043096 129276 0
1785799970690 2172372 2043096 129276 0
1785799970724 2172372 2043096 129276 0
1785799970759 2172372 2043096 129276 0
1785799970793 2172372 2043096 129276 0
1785799970828 2172372 2043096 129276 0
1785799970863 2172372 2043096 129276 0
1785799970901 2172372 2043096 129276 0
1785799970938 2172372 2043096 129276 0
1785799970974 2172372 2043096 129276 0
1785799971014 2172372 2043096 129276 0
1785799971051 2172372 2043096 129276 0
1785799971087 2172372 2043096 129276 0
1785799971124 2172372 2043096 129276 0
1785799971161 2172372 2043096 129276 0
1785799971199 2172372 2043096 129276 0
1785799971236 2172372 2043096 129276 0
1785799971275 2172372 2043096 129276 0
1785799971312 2172372 2043096 129276 0
1785799971348 2172372 2043096 129276 0
1785799971384 2172372 2043096 129276 0
1785799971421 2172372 2043096 129276 0
1785799971457 2172372 2043096 129276 0
1785799971493 2172372 2043096 129276 0
1785799971532 2172372 2043096 129276 0
1785799971568 2172372 2043096 129276 0
1785799971603 2172372 2043096 129276 0
1785799971641 2172372 2043096 129276 0
1785799971677 2172372 2043096 129276 0
1785799971715 2172372 2043096 129276 0
1785799971751 2172372 2043096 129276 0
1785799971786 2172372 2043096 129276 0
1785799971823 2172372 2043096 129276 0
1785799971859 2172372 2043096 129276 0
1785799971896 2172220 2042948 129272 0
1785799971936 2196820 2067544 129276 0
1785799971973 2196820 2067544 129276 0
1785799972009 2196820 2067544 129276 0
1785799972046 2196820 2067544 129276 0
1785799972084 2196820 2067544 129276 0
1785799972120 2196820 2067544 129276 0
1785799972155 2196820 2067544 129276 0
1785799972188 2196820 2067544 129276 0
1785799972225 2196820 2067544 129276 0
1785799972261 2196820 2067544 129276 0
1785799972297 2196820 2067544 129276 0
1785799972332 2196820 2067544 129276 0
1785799972368 2196820 2067544 129276 0
1785799972403 2196824 2067548 129276 0
1785799972438 2196824 2067548 129276 0
1785799972474 2196824 2067548 129276 0
1785799972510 2196824 2067548 129276 0
1785799972544 2196824 2067548 129276 0
1785799972581 2196824 2067548 129276 0
1785799972616 2196824 2067548 129276 0
1785799972651 2196824 2067548 129276 0
1785799972687 2196824 2067548 129276 0
1785799972723 2196824 2067548 129276 0
1785799972759 2196824 2067548 129276 0
1785799972795 2196824 2067548 129276 0
1785799972830 2196832 2067556 129276 0
1785799972865 2196836 2067560 129276 0
1785799972901 2196836 2067560 129276 0
1785799972937 2196836 2067560 129276 0
1785799972974 2196836 2067560 129276 0
1785799973012 2196836 2067560 129276 0
1785799973048 2196836 2067560 129276 0
1785799973084 2196840 2067564 129276 0
1785799973122 2196840 2067564 129276 0
1785799973158 2196840 2067564 129276 0
1785799973194 2196840 2067564 129276 0
1785799973232 2196840 2067564 129276 0
1785799973270 2196840 2067564 129276 0
1785799973306 2196840 2067564 129276 0
1785799973342 2196840 2067564 129276 0
1785799973378 2196840 2067564 129276 0
1785799973414 2196840 2067564 129276 0
1785799973450 2196840 2067564 129276 0
1785799973489 2196840 2067564 129276 0
1785799973526 2196840 2067564 129276 0
1785799973562 2196840 2067564 129276 0
1785799973599 2196840 2067564 129276 0
1785799973635 2196840 2067564 129276 0
1785799973670 2196840 2067564 129276 0
1785799973705 2196840 2067564 129276 0
1785799973744 2196840 2067564 129276 0
1785799973781 2196840 2067564 129276 0
1785799973817 2196840 2067564 129276 0
1785799973854 2196840 2067564 129276 0
1785799973890 2196840 2067564 129276 0
1785799973927 2196840 2067564 129276 0
1785799973962 2196840 2067564 129276 0
1785799973998 2196840 2067564 129276 0
1785799974034 2196840 2067564 129276 0
1785799974071 2196840 2067564 129276 0
1785799974107 2196840 2067564 129276 0
1785799974144 2196840 2067564 129276 0
1785799974181 2196840 2067564 129276 0
1785799974218 2196840 2067564 129276 0
1785799974255 2196840 2067564 129276 0
1785799974290 2196840 2067564 129276 0
1785799974326 2196840 2067564 129276 0
1785799974363 2196840 2067564 129276 0
1785799974400 2196840 2067564 129276 0
1785799974436 2196840 2067564 129276 0
1785799974473 2196840 2067564 129276 0
1785799974509 2196840 2067564 129276 0
1785799974546 2196840 2067564 129276 0
1785799974582 2196840 2067564 129276 0
1785799974618 2196840 2067564 129276 0
1785799974654 2196840 2067564 129276 0
1785799974690 2196840 2067564 129276 0
1785799974726 2196840 2067564 129276 0
1785799974762 2196840 2067564 129276 0
1785799974799 2196840 2067564 129276 0
1785799974836 2196840 2067564 129276 0
1785799974873 2196840 2067564 129276 0
1785799974910 2196840 2067564 129276 0
1785799974947 2196840 2067564 129276 0
1785799974984 2196840 2067564 129276 0
1785799975019 2196840 2067564 129276 0
1785799975057 2196844 2067568 129276 0
1785799975093 2196844 2067568 129276 0
1785799975129 2196844 2067568 129276 0
1785799975164 2196844 2067568 129276 0
1785799975197 2196844 2067568 129276 0
1785799975231 2196844 2067568 129276 0
1785799975267 2196844 2067568 129276 0
1785799975302 2196844 2067568 129276 0
1785799975339 2196844 2067568 129276 0
1785799975376 2196844 2067568 129276 0
1785799975412 2196844 2067568 129276 0
1785799975447 2196844 2067568 129276 0
1785799975484 2196844 2067568 129276 0
1785799975522 2196844 2067568 129276 0
1785799975560 2196844 2067568 129276 0
1785799975597 2196844 2067568 129276 0
1785799975635 2196848 2067572 129276 0
1785799975672 2196848 2067572 129276 0
1785799975707 2196848 2067572 129276 0
1785799975744 2196848 2067572 129276 0
1785799975781 2196848 2067572 129276 0
1785799975818 2196852 2067576 129276 0
1785799975856 2196852 2067576 129276 0
1785799975890 2196852 2067576 129276 0
1785799975923 2196852 2067576 129276 0
1785799975960 2196852 2067576 129276 0
1785799975999 2196852 2067576 129276 0
1785799976035 2196852 2067576 129276 0
1785799976069 2196852 2067576 129276 0
1785799976106 2196852 2067576 129276 0
1785799976143 2196852 2067576 129276 0
1785799976180 2196852 2067576 129276 0
1785799976217 2196852 2067576 129276 0
1785799976255 2196852 2067576 129276 0
1785799976291 2196852 2067576 129276 0
1785799976326 2196852 2067576 129276 0
1785799976362 2196852 2067576 129276 0
1785799976400 2196852 2067576 129276 0
1785799976436 2196852 2067576 129276 0
1785799976475 2196852 2067576 129276 0
1785799976512 2196852 2067576 129276 0
1785799976550 2196852 2067576 129276 0
1785799976587 2196852 2067576 129276 0
1785799976624 2196852 2067576 129276 0
1785799976663 2196852 2067576 129276 0
1785799976701 2196852 2067576 129276 0
1785799976735 2196852 2067576 129276 0
1785799976770 2196852 2067576 129276 0
1785799976809 2196852 2067576 129276 0
1785799976844 2196852 2067576 129276 0
1785799976877 2196852 2067576 129276 0
1785799976913 2196852 2067576 129276 0
1785799976947 2196852 2067576 129276 0
1785799976982 2196852 2067576 129276 0
1785799977019 2196852 2067576 129276 0
1785799977057 2196852 2067576 129276 0
1785799977093 2196852 2067576 129276 0
1785799977126 2196852 2067576 129276 0
1785799977163 2196852 2067576 129276 0
1785799977197 2196852 2067576 129276 0
1785799977231 2196852 2067576 129276 0
1785799977265 2196852 2067576 129276 0
1785799977301 2196852 2067576 129276 0
1785799977340 2196852 2067576 129276 0
1785799977377 2196852 2067576 129276 0
1785799977412 2196852 2067576 129276 0
1785799977446 2196852 2067576 129276 0
1785799977483 2196852 2067576 129276 0
1785799977517 2196852 2067576 129276 0
1785799977550 2169816 2058020 111796 0
1785799977590 2221556 2092280 129276 0
1785799977628 2221556 2092280 129276 0
1785799977665 2221556 2092280 129276 0
1785799977701 2221556 2092280 129276 0
1785799977738 2221556 2092280 129276 0
1785799977775 2221556 2092280 129276 0
1785799977811 2221556 2092280 129276 0
1785799977845 2221556 2092280 129276 0
1785799977883 2221556 2092280 129276 0
1785799977920 2221556 2092280 129276 0
1785799977959 2221556 2092280 129276 0
1785799977997 2221556 2092280 129276 0
1785799978034 2221556 2092280 129276 0
1785799978072 2221556 2092280 129276 0
1785799978108 2221556 2092280 129276 0
1785799978142 2221556 2092280 129276 0
1785799978178 2221556 2092280 129276 0
1785799978215 2221556 2092280 129276 0
1785799978249 2221556 2092280 129276 0
1785799978284 2221556 2092280 129276 0
1785799978321 2221556 2092280 129276 0
1785799978358 2221560 2092284 129276 0
1785799978394 2221560 2092284 129276 0
1785799978429 2221564 2092288 129276 0
1785799978465 2221572 2092296 129276 0
1785799978502 2221572 2092296 129276 0
1785799978540 2221572 2092296 129276 0
1785799978578 2221572 2092296 129276 0
1785799978615 2221572 2092296 129276 0
1785799978651 2221576 2092300 129276 0
1785799978688 2221576 2092300 129276 0
1785799978724 2221576 2092300 129276 0
1785799978757 2221576 2092300 129276 0
1785799978791 2221576 2092300 129276 0
1785799978830 2221576 2092300 129276 0
1785799978867 2221576 2092300 129276 0
1785799978904 2221576 2092300 129276 0
1785799978940 2221576 2092300 129276 0
1785799978978 2221576 2092300 129276 0
1785799979014 2221576 2092300 129276 0
1785799979050 2221576 2092300 129276 0
1785799979089 2221576 2092300 129276 0
1785799979126 2221576 2092300 129276 0
1785799979162 2221576 2092300 129276 0
1785799979202 2221576 2092300 129276 0
1785799979238 2221576 2092300 129276 0
1785799979275 2221576 2092300 129276 0
1785799979313 2221576 2092300 129276 0
1785799979351 2221576 2092300 129276 0
1785799979387 2221576 2092300 129276 0
1785799979422 2221576 2092300 129276 0
1785799979457 2221576 2092300 129276 0
1785799979491 2221576 2092300 129276 0
1785799979526 2221576 2092300 129276 0
1785799979560 2221576 2092300 129276 0
1785799979595 2221576 2092300 129276 0
1785799979632 2221576 2092300 129276 0
1785799979669 2221576 2092300 129276 0
1785799979705 2221576 2092300 129276 0
1785799979742 2221576 2092300 129276 0
1785799979779 2221576 2092300 129276 0
1785799979816 2221580 2092304 129276 0
1785799979853 2221580 2092304 129276 0
1785799979890 2221580 2092304 129276 0
1785799979927 2221580 2092304 129276 0
1785799979964 2221580 2092304 129276 0
1785799980000 2221580 2092304 129276 0
1785799980038 2221580 2092304 129276 0
1785799980075 2221580 2092304 129276 0
1785799980112 2221580 2092304 129276 0
1785799980165 2221580 2092304 129276 0
1785799980201 2221580 2092304 129276 0
1785799980238 2221580 2092304 129276 0
1785799980275 2221580 2092304 129276 0
1785799980312 2221580 2092304 129276 0
1785799980349 2221580 2092304 129276 0
1785799980385 2221580 2092304 129276 0
1785799980421 2221580 2092304 129276 0
1785799980457 2221580 2092304 129276 0
1785799980493 2221580 2092304 129276 0
1785799980530 2221580 2092304 129276 0
1785799980566 2221580 2092304 129276 0
1785799980603 2221580 2092304 129276 0
1785799980640 2221580 2092304 129276 0
1785799980677 2221588 2092312 129276 0
1785799980714 2221588 2092312 129276 0
1785799980750 2221588 2092312 129276 0
1785799980787 2221588 2092312 129276 0
1785799980824 2221588 2092312 129276 0
1785799980860 2221588 2092312 129276 0
1785799980892 2221588 2092312 129276 0
1785799980928 2221588 2092312 129276 0
1785799980964 2221588 2092312 129276 0
1785799981001 2221588 2092312 129276 0
1785799981038 2221588 2092312 129276 0
1785799981072 2221588 2092312 129276 0
1785799981107 2221588 2092312 129276 0
1785799981144 2221588 2092312 129276 0
1785799981180 2221588 2092312 129276 0
1785799981218 2221592 2092316 129276 0
1785799981255 2221592 2092316 129276 0
1785799981291 2221596 2092320 129276 0
1785799981330 2221596 2092320 129276 0
1785799981367 2221596 2092320 129276 0
1785799981403 2221596 2092320 129276 0
1785799981443 2221596 2092320 129276 0
1785799981479 2221596 2092320 129276 0
1785799981513 2221596 2092320 129276 0
1785799981549 2221596 2092320 129276 0
1785799981585 2221596 2092320 129276 0
1785799981619 2221596 2092320 129276 0
1785799981652 2221596 2092320 129276 0
1785799981691 2221596 2092320 129276 0
1785799981728 2221596 2092320 129276 0
1785799981764 2221596 2092320 129276 0
1785799981803 2221596 2092320 129276 0
1785799981841 2221596 2092320 129276 0
1785799981877 2221596 2092320 129276 0
1785799981914 2221596 2092320 129276 0
1785799981952 2221596 2092320 129276 0
1785799981990 2221596 2092320 129276 0
1785799982027 2221596 2092320 129276 0
1785799982066 2221596 2092320 129276 0
1785799982104 2221596 2092320 129276 0
1785799982140 2221596 2092320 129276 0
1785799982177 2221596 2092320 129276 0
1785799982213 2221596 2092320 129276 0
1785799982253 2221596 2092320 129276 0
1785799982288 2221596 2092320 129276 0
1785799982322 2221596 2092320 129276 0
1785799982359 2221596 2092320 129276 0
1785799982395 2221596 2092320 129276 0
1785799982429 2221596 2092320 129276 0
1785799982463 2221596 2092320 129276 0
1785799982502 2221596 2092320 129276 0
1785799982539 2221596 2092320 129276 0
1785799982576 2221596 2092320 129276 0
1785799982615 2221596 2092320 129276 0
1785799982652 2221596 2092320 129276 0
1785799982688 2221596 2092320 129276 0
1785799982726 2221596 2092320 129276 0
1785799982764 2221596 2092320 129276 0
1785799982799 2221596 2092320 129276 0
1785799982833 2221596 2092320 129276 0
1785799982871 2221596 2092320 129276 0
1785799982908 2221596 2092320 129276 0
1785799982942 2221596 2092320 129276 0
1785799982974 2221596 2092320 129276 0
1785799983006 2221596 2092320 129276 0
1785799983042 2221596 2092320 129276 0
1785799983077 2221596 2092320 129276 0
1785799983108 2221444 2092172 129272 0
1785799983147 2246044 2116768 129276 0
1785799983183 2246044 2116768 129276 0
1785799983220 2246044 2116768 129276 0
1785799983257 2246044 2116768 129276 0
1785799983293 2246044 2116768 129276 0
1785799983331 2246044 2116768 129276 0
1785799983367 2246044 2116768 129276 0
1785799983400 2245892 2116620 129272 0
1785799983438 2172444 2043168 129276 0
1785799983475 2172444 2043168 129276 0
1785799983513 2172444 2043168 129276 0
1785799983550 2172444 2043168 129276 0
1785799983588 2172444 2043168 129276 0
1785799983625 2172448 2043172 129276 0
1785799983661 2172448 2043172 129276 0
1785799983698 2172448 2043172 129276 0
1785799983733 2172448 2043172 129276 0
1785799983770 2172448 2043172 129276 0
1785799983805 2172448 2043172 129276 0
1785799983839 2172448 2043172 129276 0
1785799983875 2172448 2043172 129276 0
1785799983910 2172448 2043172 129276 0
1785799983944 2172448 2043172 129276 0
1785799983981 2172448 2043172 129276 0
1785799984018 2172460 2043184 129276 0
1785799984054 2172460 2043184 129276 0
1785799984091 2172460 2043184 129276 0
1785799984128 2172464 2043188 129276 0
1785799984166 2172464 2043188 129276 0
1785799984203 2172464 2043188 129276 0
1785799984240 2172464 2043188 129276 0
1785799984279 2172468 2043192 129276 0
1785799984317 2172468 2043192 129276 0
1785799984353 2172468 2043192 129276 0
1785799984391 2172468 2043192 129276 0
1785799984429 2172468 2043192 129276 0
1785799984466 2172468 2043192 129276 0
1785799984501 2172468 2043192 129276 0
1785799984539 2172468 2043192 129276 0
1785799984574 2172468 2043192 129276 0
1785799984610 2172468 2043192 129276 0
1785799984648 2172468 2043192 129276 0
1785799984682 2172468 2043192 129276 0
1785799984716 2172468 2043192 129276 0
1785799984753 2172468 2043192 129276 0
1785799984790 2172468 2043192 129276 0
1785799984827 2172468 2043192 129276 0
1785799984863 2172468 2043192 129276 0
1785799984902 2172468 2043192 129276 0
1785799984941 2172468 2043192 129276 0
1785799984978 2172468 2043192 129276 0
1785799985016 2172468 2043192 129276 0
1785799985053 2172468 2043192 129276 0
1785799985090 2172468 2043192 129276 0
1785799985127 2172468 2043192 129276 0
1785799985164 2172468 2043192 129276 0
1785799985199 2172468 2043192 129276 0
1785799985233 2172468 2043192 129276 0
1785799985267 2172468 2043192 129276 0
1785799985301 2172468 2043192 129276 0
1785799985335 2172468 2043192 129276 0
1785799985370 2172468 2043192 129276 0
1785799985404 2172468 2043192 129276 0
1785799985439 2172468 2043192 129276 0
1785799985474 2172468 2043192 129276 0
1785799985509 2172468 2043192 129276 0
1785799985545 2172468 2043192 129276 0
1785799985582 2172468 2043192 129276 0
1785799985619 2172468 2043192 129276 0
1785799985656 2172468 2043192 129276 0
1785799985692 2172468 2043192 129276 0
1785799985728 2172468 2043192 129276 0
1785799985765 2172468 2043192 129276 0
1785799985802 2172468 2043192 129276 0
1785799985839 2172468 2043192 129276 0
1785799985875 2172468 2043192 129276 0
1785799985912 2172468 2043192 129276 0
1785799985949 2172468 2043192 129276 0
1785799985986 2172468 2043192 129276 0
1785799986022 2172468 2043192 129276 0
1785799986059 2172468 2043192 129276 0
1785799986096 2172468 2043192 129276 0
1785799986133 2172472 2043196 129276 0
1785799986170 2172472 2043196 129276 0
1785799986207 2172472 2043196 129276 0
1785799986244 2172476 2043200 129276 0
1785799986280 2172476 2043200 129276 0
1785799986316 2172476 2043200 129276 0
1785799986353 2172476 2043200 129276 0
1785799986388 2172476 2043200 129276 0
1785799986422 2172476 2043200 129276 0
1785799986459 2172476 2043200 129276 0
1785799986495 2172476 2043200 129276 0
1785799986532 2172476 2043200 129276 0
1785799986566 2172476 2043200 129276 0
1785799986601 2172476 2043200 129276 0
1785799986635 2172476 2043200 129276 0
1785799986673 2172476 2043200 129276 0
1785799986710 2172480 2043204 129276 0
1785799986747 2172480 2043204 129276 0
1785799986784 2172480 2043204 129276 0
1785799986820 2172480 2043204 129276 0
1785799986856 2172480 2043204 129276 0
1785799986894 2172480 2043204 129276 0
1785799986930 2172480 2043204 129276 0
1785799986967 2172480 2043204 129276 0
1785799987005 2172480 2043204 129276 0
1785799987042 2172480 2043204 129276 0
1785799987078 2172480 2043204 129276 0
1785799987115 2178496 2049220 129276 0
1785799987153 2178496 2049220 129276 0
1785799987190 2178496 2049220 129276 0
1785799987226 2178500 2049224 129276 0
1785799987264 2178500 2049224 129276 0
1785799987301 2178500 2049224 129276 0
1785799987337 2178500 2049224 129276 0
1785799987377 2178500 2049224 129276 0
1785799987412 2178500 2049224 129276 0
1785799987446 2178500 2049224 129276 0
1785799987481 2178500 2049224 129276 0
1785799987516 2178504 2049228 129276 0
1785799987551 2178504 2049228 129276 0
1785799987585 2178504 2049228 129276 0
1785799987623 2178504 2049228 129276 0
1785799987660 2178504 2049228 129276 0
1785799987699 2178504 2049228 129276 0
1785799987734 2178504 2049228 129276 0
1785799987771 2178504 2049228 129276 0
1785799987811 2178504 2049228 129276 0
1785799987848 2178504 2049228 129276 0
1785799987884 2178504 2049228 129276 0
1785799987920 2178504 2049228 129276 0
1785799987956 2178504 2049228 129276 0
1785799987991 2178504 2049228 129276 0
1785799988027 2178504 2049228 129276 0
1785799988065 2178504 2049228 129276 0
1785799988103 2178504 2049228 129276 0
1785799988138 2178504 2049228 129276 0
1785799988175 2178504 2049228 129276 0
1785799988212 2178504 2049228 129276 0
1785799988247 2178504 2049228 129276 0
1785799988282 2178504 2049228 129276 0
1785799988321 2178504 2049228 129276 0
1785799988357 2178504 2049228 129276 0
1785799988393 2178504 2049228 129276 0
1785799988431 2184648 2055372 129276 0
1785799988468 2184648 2055372 129276 0
1785799988507 2184648 2055372 129276 0
1785799988543 2184648 2055372 129276 0
1785799988579 2183440 2055344 128096 0
1785799988616 2194776 2065500 129276 0
1785799988651 2211160 2081884 129276 0
1785799988686 2221360 2092088 129272 0
1785799988723 2260184 2135244 124940 0
1785799988764 2246216 2116940 129276 0
1785799988801 2246064 2116792 129272 0
1785799988839 2172488 2043212 129276 0
1785799988877 2172488 2043212 129276 0
1785799988913 2172488 2043212 129276 0
1785799988947 2172488 2043212 129276 0
1785799988982 2172488 2043212 129276 0
1785799989017 2172488 2043212 129276 0
1785799989054 2172488 2043212 129276 0
1785799989090 2172488 2043212 129276 0
1785799989125 2172488 2043212 129276 0
1785799989161 2172488 2043212 129276 0
1785799989196 2172488 2043212 129276 0
1785799989232 2172496 2043220 129276 0
1785799989267 2172496 2043220 129276 0
1785799989302 2172496 2043220 129276 0
1785799989337 2172496 2043220 129276 0
1785799989373 2172496 2043220 129276 0
1785799989409 2172496 2043220 129276 0
1785799989445 2172496 2043220 129276 0
1785799989480 2172496 2043220 129276 0
1785799989517 2172496 2043220 129276 0
1785799989552 2172496 2043220 129276 0
1785799989587 2172496 2043220 129276 0
1785799989623 2172496 2043220 129276 0
1785799989658 2172504 2043228 129276 0
1785799989694 2172508 2043232 129276 0
1785799989730 2172512 2043236 129276 0
1785799989767 2172512 2043236 129276 0
1785799989805 2172512 2043236 129276 0
1785799989842 2172512 2043236 129276 0
1785799989878 2172512 2043236 129276 0
1785799989914 2172512 2043236 129276 0
1785799989951 2172512 2043236 129276 0
1785799989988 2172512 2043236 129276 0
1785799990023 2172512 2043236 129276 0
1785799990063 2172512 2043236 129276 0
1785799990100 2172512 2043236 129276 0
1785799990136 2172512 2043236 129276 0
1785799990172 2184672 2055396 129276 0
1785799990209 2184672 2055396 129276 0
1785799990245 2184672 2055396 129276 0
1785799990281 2196816 2067544 129272 0
1785799990320 2221544 2092268 129276 0
1785799990359 2221544 2092268 129276 0
1785799990395 2221544 2092268 129276 0
1785799990431 2221544 2092268 129276 0
1785799990468 2221544 2092268 129276 0
1785799990504 2221544 2092268 129276 0
1785799990540 2221544 2092268 129276 0
1785799990577 2221544 2092268 129276 0
1785799990614 2221544 2092268 129276 0
1785799990653 2221544 2092268 129276 0
1785799990688 2221544 2092268 129276 0
1785799990726 2221544 2092268 129276 0
1785799990763 2221544 2092268 129276 0
1785799990800 2221544 2092268 129276 0
1785799990837 2221544 2092268 129276 0
1785799990873 2221544 2092268 129276 0
1785799990907 2221544 2092268 129276 0
1785799990941 2221544 2092268 129276 0
1785799990975 2221544 2092268 129276 0
1785799991010 2221544 2092268 129276 0
1785799991045 2221544 2092268 129276 0
1785799991079 2221544 2092268 129276 0
1785799991114 2221544 2092268 129276 0
1785799991150 2221544 2092268 129276 0
1785799991188 2221544 2092268 129276 0
1785799991224 2221544 2092268 129276 0
1785799991262 2221544 2092268 129276 0
1785799991299 2221544 2092268 129276 0
1785799991337 2221544 2092268 129276 0
1785799991374 2221544 2092268 129276 0
1785799991411 2221544 2092268 129276 0
1785799991448 2221544 2092268 129276 0
1785799991485 2221544 2092268 129276 0
1785799991522 2221544 2092268 129276 0
1785799991560 2221544 2092268 129276 0
1785799991598 2221544 2092268 129276 0
1785799991634 2221544 2092268 129276 0
1785799991669 2221544 2092268 129276 0
1785799991704 2221544 2092268 129276 0
1785799991738 2221544 2092268 129276 0
1785799991774 2221544 2092268 129276 0
1785799991809 2221544 2092268 129276 0
1785799991843 2221548 2092272 129276 0
1785799991880 2221548 2092272 129276 0
1785799991918 2221548 2092272 129276 0
1785799991955 2221552 2092276 129276 0
1785799991991 2221552 2092276 129276 0
1785799992027 2221552 2092276 129276 0
1785799992064 2221552 2092276 129276 0
1785799992101 2221552 2092276 129276 0
1785799992137 2221552 2092276 129276 0
1785799992171 2221552 2092276 129276 0
1785799992208 2221552 2092276 129276 0
1785799992244 2221552 2092276 129276 0
1785799992281 2221552 2092276 129276 0
1785799992318 2221552 2092276 129276 0
1785799992353 2221552 2092276 129276 0
1785799992388 2221552 2092276 129276 0
1785799992423 2221552 2092276 129276 0
1785799992458 2221552 2092276 129276 0
1785799992493 2221552 2092276 129276 0
1785799992530 2221552 2092276 129276 0
1785799992566 2221556 2092280 129276 0
1785799992606 2221556 2092280 129276 0
1785799992643 2221556 2092280 129276 0
1785799992680 2221556 2092280 129276 0
1785799992720 2221556 2092280 129276 0
1785799992758 2221556 2092280 129276 0
1785799992794 2221556 2092280 129276 0
1785799992832 2221556 2092280 129276 0
1785799992868 2221556 2092280 129276 0
1785799992902 2221556 2092280 129276 0
1785799992936 2221556 2092280 129276 0
1785799992975 2221556 2092280 129276 0
1785799993011 2221556 2092280 129276 0
1785799993049 2221556 2092280 129276 0
1785799993088 2221556 2092280 129276 0
1785799993122 2221556 2092280 129276 0
1785799993157 2221556 2092280 129276 0
1785799993192 2221556 2092280 129276 0
1785799993231 2221556 2092280 129276 0
1785799993268 2221556 2092280 129276 0
1785799993306 2221556 2092280 129276 0
1785799993344 2221556 2092280 129276 0
1785799993381 2221556 2092280 129276 0
1785799993420 2221556 2092280 129276 0
1785799993458 2221556 2092280 129276 0
1785799993494 2221556 2092280 129276 0
1785799993534 2221556 2092280 129276 0
1785799993572 2221556 2092280 129276 0
1785799993609 2221556 2092280 129276 0
1785799993646 2221556 2092280 129276 0
1785799993683 2221556 2092280 129276 0
1785799993716 2221556 2092280 129276 0
1785799993750 2221556 2092280 129276 0
1785799993790 2221556 2092280 129276 0
1785799993827 2221556 2092280 129276 0
1785799993864 2221556 2092280 129276 0
1785799993903 2224628 2095352 129276 0
1785799993938 2224628 2095352 129276 0
1785799993975 2224628 2095352 129276 0
1785799994012 2255348 2126072 129276 0
1785799994050 2255348 2126072 129276 0
1785799994087 2255348 2126072 129276 0
1785799994124 2255348 2126072 129276 0
1785799994163 2255348 2126072 129276 0
1785799994202 2255348 2126072 129276 0
1785799994240 2255348 2126072 129276 0
1785799994276 2255348 2126072 129276 0
1785799994310 2261492 2132216 129276 0
1785799994344 2261492 2132216 129276 0
1785799994377 2276736 2147460 129276 0
1785799994410 2309096 2180004 129092 0
1785799994450 2335220 2205944 129276 0
1785799994486 2335220 2205944 129276 0
1785799994521 2335220 2205944 129276 0
1785799994556 2335220 2205944 129276 0
1785799994590 2335220 2205944 129276 0
1785799994628 2335220 2205944 129276 0
1785799994664 2335220 2205944 129276 0
1785799994699 2335220 2205944 129276 0
1785799994738 2335220 2205944 129276 0
1785799994776 2335220 2205944 129276 0
1785799994815 2335220 2205944 129276 0
1785799994853 2335220 2205944 129276 0
1785799994891 2335220 2205944 129276 0
1785799994929 2335224 2205948 129276 0
1785799994963 2335224 2205948 129276 0
1785799994997 2335224 2205948 129276 0
1785799995031 2335224 2205948 129276 0
1785799995066 2335224 2205948 129276 0
1785799995101 2335224 2205948 129276 0
1785799995136 2335224 2205948 129276 0
1785799995173 2335224 2205948 129276 0
1785799995211 2335228 2205952 129276 0
1785799995248 2335228 2205952 129276 0
1785799995286 2335228 2205952 129276 0
1785799995323 2335236 2205960 129276 0
1785799995359 2335244 2205968 129276 0
1785799995394 2335244 2205968 129276 0
1785799995430 2335248 2205972 129276 0
1785799995466 2335248 2205972 129276 0
1785799995500 2335248 2205972 129276 0
1785799995534 2335248 2205972 129276 0
1785799995574 2335248 2205972 129276 0
1785799995612 2335248 2205972 129276 0
1785799995649 2335248 2205972 129276 0
1785799995689 2335248 2205972 129276 0
1785799995724 2335248 2205972 129276 0
1785799995758 2335248 2205972 129276 0
1785799995793 2335248 2205972 129276 0
1785799995829 2335248 2205972 129276 0
1785799995864 2335248 2205972 129276 0
1785799995898 2335248 2205972 129276 0
1785799995937 2335248 2205972 129276 0
1785799995974 2335248 2205972 129276 0
1785799996010 2335248 2205972 129276 0
1785799996047 2335248 2205972 129276 0
1785799996084 2335248 2205972 129276 0
1785799996118 2335248 2205972 129276 0
1785799996153 2335248 2205972 129276 0
1785799996192 2335248 2205972 129276 0
1785799996231 2335248 2205972 129276 0
1785799996269 2335248 2205972 129276 0
1785799996307 2335248 2205972 129276 0
1785799996345 2335248 2205972 129276 0
1785799996383 2335248 2205972 129276 0
1785799996420 2335248 2205972 129276 0
1785799996458 2335248 2205972 129276 0
1785799996496 2335248 2205972 129276 0
1785799996533 2335248 2205972 129276 0
1785799996571 2335248 2205972 129276 0
1785799996609 2335248 2205972 129276 0
1785799996645 2335248 2205972 129276 0
1785799996681 2335248 2205972 129276 0
1785799996718 2335248 2205972 129276 0
1785799996754 2335248 2205972 129276 0
1785799996791 2335248 2205972 129276 0
1785799996830 2335248 2205972 129276 0
1785799996867 2335248 2205972 129276 0
1785799996905 2335248 2205972 129276 0
1785799996942 2335248 2205972 129276 0
1785799996980 2335248 2205972 129276 0
1785799997018 2335248 2205972 129276 0
1785799997055 2335248 2205972 129276 0
1785799997093 2335248 2205972 129276 0
1785799997131 2335248 2205972 129276 0
1785799997167 2335248 2205972 129276 0
1785799997204 2335248 2205972 129276 0
1785799997241 2335248 2205972 129276 0
1785799997279 2335248 2205972 129276 0
1785799997316 2335248 2205972 129276 0
1785799997351 2335248 2205972 129276 0
1785799997386 2335248 2205972 129276 0
1785799997421 2335248 2205972 129276 0
1785799997458 2335248 2205972 129276 0
1785799997496 2335248 2205972 129276 0
1785799997534 2335252 2205976 129276 0
1785799997569 2335252 2205976 129276 0
1785799997605 2335252 2205976 129276 0
1785799997642 2335252 2205976 129276 0
1785799997680 2335252 2205976 129276 0
1785799997716 2335252 2205976 129276 0
1785799997751 2335252 2205976 129276 0
1785799997788 2335252 2205976 129276 0
1785799997824 2335252 2205976 129276 0
1785799997859 2335252 2205976 129276 0
1785799997895 2335252 2205976 129276 0
1785799997930 2335252 2205976 129276 0
1785799997966 2335252 2205976 129276 0
1785799998001 2335252 2205976 129276 0
1785799998041 2335256 2205980 129276 0
1785799998079 2335256 2205980 129276 0
1785799998116 2335256 2205980 129276 0
1785799998157 2335260 2205984 129276 0
1785799998195 2335260 2205984 129276 0
1785799998232 2335260 2205984 129276 0
1785799998270 2335260 2205984 129276 0
1785799998306 2335260 2205984 129276 0
1785799998340 2335260 2205984 129276 0
1785799998374 2335260 2205984 129276 0
1785799998414 2335260 2205984 129276 0
1785799998451 2335260 2205984 129276 0
1785799998485 2335260 2205984 129276 0
1785799998521 2335260 2205984 129276 0
1785799998559 2335260 2205984 129276 0
1785799998596 2335260 2205984 129276 0
1785799998634 2335260 2205984 129276 0
1785799998672 2335260 2205984 129276 0
1785799998709 2335260 2205984 129276 0
1785799998746 2335260 2205984 129276 0
1785799998785 2335260 2205984 129276 0
1785799998823 2335260 2205984 129276 0
1785799998861 2335260 2205984 129276 0
1785799998900 2335260 2205984 129276 0
1785799998936 2335260 2205984 129276 0
1785799998972 2335260 2205984 129276 0
1785799999006 2335260 2205984 129276 0
1785799999040 2335260 2205984 129276 0
1785799999075 2335260 2205984 129276 0
1785799999110 2335260 2205984 129276 0
1785799999148 2335260 2205984 129276 0
1785799999184 2335260 2205984 129276 0
1785799999222 2335260 2205984 129276 0
1785799999259 2335260 2205984 129276 0
1785799999296 2335260 2205984 129276 0
1785799999334 2335260 2205984 129276 0
1785799999373 2335260 2205984 129276 0
1785799999409 2335260 2205984 129276 0
1785799999446 2335260 2205984 129276 0
1785799999485 2335260 2205984 129276 0
1785799999522 2335260 2205984 129276 0
1785799999558 2335260 2205984 129276 0
1785799999598 2335260 2205984 129276 0
1785799999634 2335260 2205984 129276 0
1785799999668 2335260 2205984 129276 0
1785799999704 2335260 2205984 129276 0
1785799999739 2335260 2205984 129276 0
1785799999778 2335260 2205984 129276 0
1785799999815 2335260 2205984 129276 0
1785799999849 2335260 2205984 129276 0
1785799999887 2335260 2205984 129276 0
1785799999922 2335260 2205984 129276 0
1785799999957 2335260 2205984 129276 0
1785799999997 2359836 2230560 129276 0
1785800000035 2359836 2230560 129276 0
1785800000071 2359836 2230560 129276 0
1785800000106 2359836 2230560 129276 0
1785800000139 2359836 2230560 129276 0
1785800000173 2359836 2230560 129276 0
1785800000211 2359836 2230560 129276 0
1785800000246 2359836 2230560 129276 0
1785800000285 2359836 2230560 129276 0
1785800000321 2359836 2230560 129276 0
1785800000357 2359836 2230560 129276 0
1785800000394 2359836 2230560 129276 0
1785800000431 2359836 2230560 129276 0
1785800000468 2359844 2230568 129276 0
1785800000506 2359844 2230568 129276 0
1785800000542 2359844 2230568 129276 0
1785800000578 2359844 2230568 129276 0
1785800000616 2359844 2230568 129276 0
1785800000653 2359844 2230568 129276 0
1785800000691 2359844 2230568 129276 0
1785800000729 2359844 2230568 129276 0
1785800000766 2359844 2230568 129276 0
1785800000803 2359844 2230568 129276 0
1785800000842 2359848 2230572 129276 0
1785800000878 2359852 2230576 129276 0
1785800000916 2359856 2230580 129276 0
1785800000953 2359856 2230580 129276 0
1785800000988 2359860 2230584 129276 0
1785800001024 2359860 2230584 129276 0
1785800001061 2359860 2230584 129276 0
1785800001097 2359864 2230588 129276 0
1785800001137 2359864 2230588 129276 0
1785800001175 2359864 2230588 129276 0
1785800001212 2359864 2230588 129276 0
1785800001252 2359864 2230588 129276 0
1785800001287 2359864 2230588 129276 0
1785800001324 2359864 2230588 129276 0
1785800001361 2359864 2230588 129276 0
1785800001397 2359864 2230588 129276 0
1785800001431 2359864 2230588 129276 0
1785800001468 2359864 2230588 129276 0
1785800001508 2359864 2230588 129276 0
1785800001546 2359864 2230588 129276 0
1785800001583 2359864 2230588 129276 0
1785800001622 2359864 2230588 129276 0
1785800001660 2359864 2230588 129276 0
1785800001697 2359864 2230588 129276 0
1785800001735 2359864 2230588 129276 0
1785800001770 2359864 2230588 129276 0
1785800001805 2359864 2230588 129276 0
1785800001843 2359864 2230588 129276 0
1785800001879 2359864 2230588 129276 0
1785800001915 2359864 2230588 129276 0
1785800001953 2359864 2230588 129276 0
1785800001990 2359864 2230588 129276 0
1785800002025 2359864 2230588 129276 0
1785800002061 2359864 2230588 129276 0
1785800002098 2359864 2230588 129276 0
1785800002136 2359864 2230588 129276 0
1785800002174 2359864 2230588 129276 0
1785800002211 2359864 2230588 129276 0
1785800002248 2359864 2230588 129276 0
1785800002286 2359864 2230588 129276 0
1785800002323 2359864 2230588 129276 0
1785800002361 2359864 2230588 129276 0
1785800002399 2359864 2230588 129276 0
1785800002437 2359864 2230588 129276 0
1785800002475 2359864 2230588 129276 0
1785800002512 2359864 2230588 129276 0
1785800002548 2359864 2230588 129276 0
1785800002584 2359864 2230588 129276 0
1785800002621 2359864 2230588 129276 0
1785800002658 2359864 2230588 129276 0
1785800002695 2359864 2230588 129276 0
1785800002733 2359864 2230588 129276 0
1785800002771 2359864 2230588 129276 0
1785800002808 2359864 2230588 129276 0
1785800002845 2359864 2230588 129276 0
1785800002882 2359864 2230588 129276 0
1785800002919 2359864 2230588 129276 0
1785800002957 2359864 2230588 129276 0
1785800002993 2359864 2230588 129276 0
1785800003029 2359864 2230588 129276 0
1785800003066 2359868 2230592 129276 0
1785800003102 2359872 2230596 129276 0
1785800003138 2359872 2230596 129276 0
1785800003174 2359872 2230596 129276 0
1785800003210 2359872 2230596 129276 0
1785800003246 2359872 2230596 129276 0
1785800003282 2359872 2230596 129276 0
1785800003317 2359872 2230596 129276 0
1785800003354 2359872 2230596 129276 0
1785800003391 2359872 2230596 129276 0
1785800003427 2359872 2230596 129276 0
1785800003463 2359872 2230596 129276 0
1785800003499 2359872 2230596 129276 0
1785800003534 2359872 2230596 129276 0
1785800003571 2359872 2230596 129276 0
1785800003608 2359872 2230596 129276 0
1785800003645 2359872 2230596 129276 0
1785800003683 2359872 2230596 129276 0
1785800003720 2359872 2230596 129276 0
1785800003756 2359872 2230596 129276 0
1785800003795 2359872 2230596 129276 0
1785800003832 2359872 2230596 129276 0
1785800003869 2359872 2230596 129276 0
1785800003905 2359872 2230596 129276 0
1785800003943 2359872 2230596 129276 0
1785800003980 2359872 2230596 129276 0
1785800004015 2359876 2230600 129276 0
1785800004054 2359876 2230600 129276 0
1785800004090 2359876 2230600 129276 0
1785800004126 2359876 2230600 129276 0
1785800004163 2359876 2230600 129276 0
1785800004201 2359876 2230600 129276 0
1785800004237 2359876 2230600 129276 0
1785800004274 2359876 2230600 129276 0
1785800004314 2359876 2230600 129276 0
1785800004350 2359876 2230600 129276 0
1785800004385 2359876 2230600 129276 0
1785800004424 2359876 2230600 129276 0
1785800004462 2359876 2230600 129276 0
1785800004499 2359876 2230600 129276 0
1785800004537 2359876 2230600 129276 0
1785800004574 2359876 2230600 129276 0
1785800004610 2359876 2230600 129276 0
1785800004647 2359876 2230600 129276 0
1785800004683 2359876 2230600 129276 0
1785800004720 2359880 2230604 129276 0
1785800004759 2359880 2230604 129276 0
1785800004796 2359880 2230604 129276 0
1785800004833 2359880 2230604 129276 0
1785800004872 2359880 2230604 129276 0
1785800004909 2359880 2230604 129276 0
1785800004945 2359880 2230604 129276 0
1785800004982 2359880 2230604 129276 0
1785800005020 2359880 2230604 129276 0
1785800005056 2359880 2230604 129276 0
1785800005092 2359880 2230604 129276 0
1785800005132 2359880 2230604 129276 0
1785800005169 2359880 2230604 129276 0
1785800005205 2359880 2230604 129276 0
1785800005242 2359880 2230604 129276 0
1785800005280 2359880 2230604 129276 0
1785800005317 2359880 2230604 129276 0
1785800005353 2359880 2230604 129276 0
1785800005392 2359880 2230604 129276 0
1785800005431 2359880 2230604 129276 0
1785800005467 2359880 2230604 129276 0
1785800005503 2359880 2230604 129276 0
1785800005540 2359880 2230604 129276 0
1785800005576 2359880 2230604 129276 0
1785800005612 2359880 2230604 129276 0
1785800005652 2384456 2255180 129276 0
1785800005692 2384456 2255180 129276 0
1785800005729 2384456 2255180 129276 0
1785800005766 2384456 2255180 129276 0
1785800005802 2384456 2255180 129276 0
1785800005839 2384456 2255180 129276 0
1785800005875 2384456 2255180 129276 0
1785800005911 2384456 2255180 129276 0
1785800005949 2384456 2255180 129276 0
1785800005984 2384456 2255180 129276 0
1785800006021 2384456 2255180 129276 0
1785800006057 2384456 2255180 129276 0
1785800006092 2384456 2255180 129276 0
1785800006128 2384456 2255180 129276 0
1785800006163 2384304 2255032 129272 0
1785800006198 2310860 2181584 129276 0
1785800006232 2310860 2181584 129276 0
1785800006268 2310860 2181584 129276 0
1785800006304 2310860 2181584 129276 0
1785800006341 2310860 2181584 129276 0
1785800006377 2310860 2181584 129276 0
1785800006414 2310860 2181584 129276 0
1785800006450 2310860 2181584 129276 0
1785800006486 2310864 2181588 129276 0
1785800006522 2310864 2181588 129276 0
1785800006558 2310864 2181588 129276 0
1785800006593 2310868 2181592 129276 0
1785800006629 2310872 2181596 129276 0
1785800006666 2310872 2181596 129276 0
1785800006703 2310872 2181596 129276 0
1785800006741 2310876 2181600 129276 0
1785800006779 2310876 2181600 129276 0
1785800006816 2310876 2181600 129276 0
1785800006852 2310876 2181600 129276 0
1785800006890 2310876 2181600 129276 0
1785800006926 2310876 2181600 129276 0
1785800006963 2316896 2187620 129276 0
1785800007003 2316896 2187620 129276 0
1785800007041 2316896 2187620 129276 0
1785800007078 2316748 2187476 129272 0
1785800007116 2329188 2199912 129276 0
1785800007154 2329188 2199912 129276 0
1785800007191 2329188 2199912 129276 0
1785800007228 2359908 2230632 129276 0
1785800007265 2359908 2230632 129276 0
1785800007300 2359908 2230632 129276 0
1785800007334 2359908 2230632 129276 0
1785800007371 2359908 2230632 129276 0
1785800007406 2359908 2230632 129276 0
1785800007441 2359908 2230632 129276 0
1785800007478 2359908 2230632 129276 0
1785800007517 2359908 2230632 129276 0
1785800007554 2359908 2230632 129276 0
1785800007591 2359908 2230632 129276 0
1785800007630 2359908 2230632 129276 0
1785800007667 2359908 2230632 129276 0
1785800007705 2359908 2230632 129276 0
1785800007743 2359908 2230632 129276 0
1785800007782 2359908 2230632 129276 0
1785800007821 2359908 2230632 129276 0
1785800007858 2359908 2230632 129276 0
1785800007895 2359908 2230632 129276 0
1785800007933 2359908 2230632 129276 0
1785800007971 2359908 2230632 129276 0
1785800008009 2359908 2230632 129276 0
1785800008047 2359908 2230632 129276 0
1785800008083 2359908 2230632 129276 0
1785800008121 2359908 2230632 129276 0
1785800008159 2359908 2230632 129276 0
1785800008196 2359908 2230632 129276 0
1785800008233 2359908 2230632 129276 0
1785800008270 2359908 2230632 129276 0
1785800008307 2359908 2230632 129276 0
1785800008345 2359908 2230632 129276 0
1785800008382 2359908 2230632 129276 0
1785800008420 2359908 2230632 129276 0
1785800008457 2359908 2230632 129276 0
1785800008494 2359908 2230632 129276 0
1785800008532 2359908 2230632 129276 0
1785800008569 2359908 2230632 129276 0
1785800008606 2359908 2230632 129276 0
1785800008643 2359908 2230632 129276 0
1785800008681 2359908 2230632 129276 0
1785800008719 2359908 2230632 129276 0
1785800008755 2359908 2230632 129276 0
1785800008792 2359912 2230636 129276 0
1785800008829 2359912 2230636 129276 0
1785800008866 2359912 2230636 129276 0
1785800008903 2359912 2230636 129276 0
1785800008940 2359912 2230636 129276 0
1785800008975 2359912 2230636 129276 0
1785800009011 2359912 2230636 129276 0
1785800009047 2359912 2230636 129276 0
1785800009084 2359912 2230636 129276 0
1785800009122 2359912 2230636 129276 0
1785800009159 2359912 2230636 129276 0
1785800009195 2359912 2230636 129276 0
1785800009232 2359912 2230636 129276 0
1785800009269 2359912 2230636 129276 0
1785800009305 2359912 2230636 129276 0
1785800009342 2359912 2230636 129276 0
1785800009381 2359916 2230640 129276 0
1785800009419 2359916 2230640 129276 0
1785800009456 2359916 2230640 129276 0
1785800009493 2359916 2230640 129276 0
1785800009530 2359916 2230640 129276 0
1785800009567 2359916 2230640 129276 0
1785800009604 2359916 2230640 129276 0
1785800009641 2359916 2230640 129276 0
1785800009681 2359916 2230640 129276 0
1785800009719 2359916 2230640 129276 0
1785800009755 2359916 2230640 129276 0
1785800009795 2359920 2230644 129276 0
1785800009833 2359920 2230644 129276 0
1785800009870 2359920 2230644 129276 0
1785800009909 2359920 2230644 129276 0
1785800009946 2359920 2230644 129276 0
1785800009981 2359920 2230644 129276 0
1785800010018 2359920 2230644 129276 0
1785800010057 2359920 2230644 129276 0
1785800010093 2359920 2230644 129276 0
1785800010129 2359920 2230644 129276 0
1785800010166 2359920 2230644 129276 0
1785800010204 2359920 2230644 129276 0
1785800010242 2359920 2230644 129276 0
1785800010280 2359920 2230644 129276 0
1785800010318 2359920 2230644 129276 0
1785800010355 2359920 2230644 129276 0
1785800010395 2359920 2230644 129276 0
1785800010432 2359920 2230644 129276 0
1785800010470 2359920 2230644 129276 0
1785800010510 2359920 2230644 129276 0
1785800010548 2359920 2230644 129276 0
1785800010584 2359920 2230644 129276 0
1785800010623 2359920 2230644 129276 0
1785800010662 2359920 2230644 129276 0
1785800010699 2359920 2230644 129276 0
1785800010736 2359920 2230644 129276 0
1785800010775 2359920 2230644 129276 0
1785800010812 2359920 2230644 129276 0
1785800010847 2359920 2230644 129276 0
1785800010887 2359920 2230644 129276 0
1785800010924 2359920 2230644 129276 0
1785800010961 2359920 2230644 129276 0
1785800011001 2359924 2230648 129276 0
1785800011040 2359924 2230648 129276 0
1785800011077 2359924 2230648 129276 0
1785800011114 2359924 2230648 129276 0
1785800011152 2359924 2230648 129276 0
1785800011192 2359924 2230648 129276 0
1785800011230 2359924 2230648 129276 0
1785800011267 2384500 2255224 129276 0
1785800011306 2384500 2255224 129276 0
1785800011342 2384500 2255224 129276 0
1785800011378 2409076 2279800 129276 0
1785800011415 2408924 2279652 129272 0
1785800011457 2458228 2328952 129276 0
1785800011496 2458228 2328952 129276 0
1785800011533 2458228 2328952 129276 0
1785800011571 2458228 2328952 129276 0
1785800011607 2458228 2328952 129276 0
1785800011644 2458228 2328952 129276 0
1785800011680 2458228 2328952 129276 0
1785800011714 2458228 2328952 129276 0
1785800011752 2458228 2328952 129276 0
1785800011790 2458228 2328952 129276 0
1785800011826 2458228 2328952 129276 0
1785800011862 2458228 2328952 129276 0
1785800011900 2458228 2328952 129276 0
1785800011936 2458228 2328952 129276 0
1785800011973 2458228 2328952 129276 0
1785800012009 2458228 2328952 129276 0
1785800012045 2458228 2328952 129276 0
1785800012082 2458228 2328952 129276 0
1785800012119 2458228 2328952 129276 0
1785800012155 2458228 2328952 129276 0
1785800012191 2458228 2328952 129276 0
1785800012228 2458240 2328964 129276 0
1785800012265 2458240 2328964 129276 0
1785800012302 2458240 2328964 129276 0
1785800012339 2458240 2328964 129276 0
1785800012375 2458244 2328968 129276 0
1785800012412 2458244 2328968 129276 0
1785800012450 2458248 2328972 129276 0
1785800012488 2458248 2328972 129276 0
1785800012527 2458248 2328972 129276 0
1785800012565 2458248 2328972 129276 0
1785800012601 2458248 2328972 129276 0
1785800012642 2458248 2328972 129276 0
1785800012680 2458248 2328972 129276 0
1785800012716 2458248 2328972 129276 0
1785800012753 2458248 2328972 129276 0
1785800012791 2458248 2328972 129276 0
1785800012829 2458248 2328972 129276 0
1785800012867 2458248 2328972 129276 0
1785800012905 2458248 2328972 129276 0
1785800012942 2458248 2328972 129276 0
1785800012979 2458248 2328972 129276 0
1785800013014 2458248 2328972 129276 0
1785800013053 2458248 2328972 129276 0
1785800013091 2458248 2328972 129276 0
1785800013127 2458248 2328972 129276 0
1785800013167 2458252 2328976 129276 0
1785800013206 2458252 2328976 129276 0
1785800013244 2458252 2328976 129276 0
1785800013282 2458252 2328976 129276 0
1785800013319 2458252 2328976 129276 0
1785800013357 2458252 2328976 129276 0
1785800013394 2458252 2328976 129276 0
1785800013432 2458252 2328976 129276 0
1785800013469 2458252 2328976 129276 0
1785800013508 2458252 2328976 129276 0
1785800013546 2458252 2328976 129276 0
1785800013583 2458252 2328976 129276 0
1785800013620 2458252 2328976 129276 0
1785800013658 2458256 2328980 129276 0
1785800013696 2458256 2328980 129276 0
1785800013733 2458256 2328980 129276 0
1785800013770 2458256 2328980 129276 0
1785800013808 2458256 2328980 129276 0
1785800013846 2458256 2328980 129276 0
1785800013883 2458256 2328980 129276 0
1785800013921 2458256 2328980 129276 0
1785800013958 2458256 2328980 129276 0
1785800013996 2458256 2328980 129276 0
1785800014033 2458256 2328980 129276 0
1785800014070 2458256 2328980 129276 0
1785800014108 2458256 2328980 129276 0
1785800014146 2458256 2328980 129276 0
1785800014183 2458256 2328980 129276 0
1785800014220 2458256 2328980 129276 0
1785800014259 2458256 2328980 129276 0
1785800014296 2458256 2328980 129276 0
1785800014334 2458256 2328980 129276 0
1785800014372 2458256 2328980 129276 0
1785800014410 2458256 2328980 129276 0
1785800014448 2458256 2328980 129276 0
1785800014485 2458256 2328980 129276 0
1785800014523 2458256 2328980 129276 0
1785800014560 2458256 2328980 129276 0
1785800014598 2458256 2328980 129276 0
1785800014635 2458260 2328984 129276 0
1785800014672 2458264 2328988 129276 0
1785800014709 2458264 2328988 129276 0
1785800014745 2458264 2328988 129276 0
1785800014781 2458264 2328988 129276 0
1785800014818 2458264 2328988 129276 0
1785800014854 2458264 2328988 129276 0
1785800014890 2458264 2328988 129276 0
1785800014929 2458264 2328988 129276 0
1785800014967 2458264 2328988 129276 0
1785800015003 2458264 2328988 129276 0
1785800015039 2458264 2328988 129276 0
1785800015076 2458264 2328988 129276 0
1785800015112 2458264 2328988 129276 0
1785800015150 2458264 2328988 129276 0
1785800015187 2458264 2328988 129276 0
1785800015225 2458264 2328988 129276 0
1785800015262 2458268 2328992 129276 0
1785800015299 2458268 2328992 129276 0
1785800015338 2458268 2328992 129276 0
1785800015375 2458268 2328992 129276 0
1785800015412 2458268 2328992 129276 0
1785800015451 2458268 2328992 129276 0
1785800015490 2458268 2328992 129276 0
1785800015528 2458268 2328992 129276 0
1785800015565 2458268 2328992 129276 0
1785800015603 2458268 2328992 129276 0
1785800015642 2458268 2328992 129276 0
1785800015679 2458268 2328992 129276 0
1785800015716 2458268 2328992 129276 0
1785800015755 2458268 2328992 129276 0
1785800015793 2458268 2328992 129276 0
1785800015830 2458268 2328992 129276 0
1785800015870 2458268 2328992 129276 0
1785800015910 2458268 2328992 129276 0
1785800015947 2458268 2328992 129276 0
1785800015984 2458268 2328992 129276 0
1785800016023 2458268 2328992 129276 0
1785800016061 2458268 2328992 129276 0
1785800016099 2458268 2328992 129276 0
1785800016137 2458268 2328992 129276 0
1785800016176 2458268 2328992 129276 0
1785800016215 2458268 2328992 129276 0
1785800016252 2458268 2328992 129276 0
1785800016289 2458268 2328992 129276 0
1785800016329 2458268 2328992 129276 0
1785800016367 2458268 2328992 129276 0
1785800016404 2458268 2328992 129276 0
1785800016442 2458268 2328992 129276 0
1785800016479 2458268 2328992 129276 0
1785800016516 2458268 2328992 129276 0
1785800016553 2458268 2328992 129276 0
1785800016593 2458268 2328992 129276 0
1785800016631 2458268 2328992 129276 0
1785800016668 2458268 2328992 129276 0
1785800016708 2458268 2328992 129276 0
1785800016746 2458268 2328992 129276 0
1785800016783 2458268 2328992 129276 0
1785800016820 2458268 2328992 129276 0
1785800016858 2458268 2328992 129276 0
1785800016895 2458268 2328992 129276 0
1785800016931 2458268 2328992 129276 0
1785800016971 2458268 2328992 129276 0
1785800017011 2458268 2328992 129276 0
1785800017049 2458268 2328992 129276 0
1785800017085 2458268 2328992 129276 0
1785800017122 2458268 2328992 129276 0
1785800017160 2458268 2328992 129276 0
1785800017197 2458116 2328844 129272 0
1785800017234 2482844 2353568 129276 0
1785800017272 2518744 2401352 117392 0
1785800017317 2531996 2402720 129276 0
1785800017355 2432224 2303156 129068 0
1785800017393 2433820 2304544 129276 0
1785800017429 2433820 2304544 129276 0
1785800017466 2433820 2304544 129276 0
1785800017503 2433820 2304544 129276 0
1785800017539 2433820 2304544 129276 0
1785800017577 2433820 2304544 129276 0
1785800017614 2433820 2304544 129276 0
1785800017651 2433820 2304544 129276 0
1785800017688 2433820 2304544 129276 0
1785800017724 2433820 2304544 129276 0
1785800017761 2433820 2304544 129276 0
1785800017798 2433820 2304544 129276 0
1785800017834 2433824 2304548 129276 0
1785800017870 2433824 2304548 129276 0
1785800017906 2433824 2304548 129276 0
1785800017944 2433824 2304548 129276 0
1785800017981 2433824 2304548 129276 0
1785800018018 2433824 2304548 129276 0
1785800018057 2433824 2304548 129276 0
1785800018093 2433824 2304548 129276 0
1785800018129 2433824 2304548 129276 0
1785800018167 2433824 2304548 129276 0
1785800018204 2433832 2304556 129276 0
1785800018240 2433836 2304560 129276 0
1785800018277 2433836 2304560 129276 0
1785800018315 2433836 2304560 129276 0
1785800018353 2433840 2304564 129276 0
1785800018391 2433840 2304564 129276 0
1785800018428 2433840 2304564 129276 0
1785800018466 2433840 2304564 129276 0
1785800018504 2433840 2304564 129276 0
1785800018541 2433840 2304564 129276 0
1785800018578 2433840 2304564 129276 0
1785800018618 2433840 2304564 129276 0
1785800018656 2433840 2304564 129276 0
1785800018694 2433840 2304564 129276 0
1785800018735 2433840 2304564 129276 0
1785800018773 2433840 2304564 129276 0
1785800018809 2433840 2304564 129276 0
1785800018848 2439856 2310580 129276 0
1785800018887 2439856 2310580 129276 0
1785800018924 2439856 2310580 129276 0
1785800018960 2439856 2310580 129276 0
1785800019000 2439856 2310580 129276 0
1785800019037 2439856 2310580 129276 0
1785800019073 2439856 2310580 129276 0
1785800019114 2439856 2310580 129276 0
1785800019152 2439856 2310580 129276 0
1785800019191 2439856 2310580 129276 0
1785800019230 2439856 2310580 129276 0
1785800019268 2439856 2310580 129276 0
1785800019306 2439856 2310580 129276 0
1785800019343 2439856 2310580 129276 0
1785800019381 2439856 2310580 129276 0
1785800019418 2439856 2310580 129276 0
1785800019456 2439856 2310580 129276 0
1785800019494 2439856 2310580 129276 0
1785800019532 2439856 2310580 129276 0
1785800019570 2439856 2310580 129276 0
1785800019607 2439856 2310580 129276 0
1785800019644 2439856 2310580 129276 0
1785800019683 2439856 2310580 129276 0
1785800019720 2439856 2310580 129276 0
1785800019758 2439856 2310580 129276 0
1785800019795 2439856 2310580 129276 0
1785800019833 2439856 2310580 129276 0
1785800019870 2439856 2310580 129276 0
1785800019907 2439856 2310580 129276 0
1785800019945 2439856 2310580 129276 0
1785800019982 2439856 2310580 129276 0
1785800020020 2439856 2310580 129276 0
1785800020058 2439856 2310580 129276 0
1785800020097 2439856 2310580 129276 0
1785800020134 2439856 2310580 129276 0
1785800020172 2439856 2310580 129276 0
1785800020210 2439856 2310580 129276 0
1785800020248 2439856 2310580 129276 0
1785800020286 2439856 2310580 129276 0
1785800020325 2439856 2310580 129276 0
1785800020362 2439856 2310580 129276 0
1785800020399 2439856 2310580 129276 0
1785800020437 2439868 2310592 129276 0
1785800020475 2439868 2310592 129276 0
1785800020512 2439868 2310592 129276 0
1785800020550 2439868 2310592 129276 0
1785800020586 2439868 2310592 129276 0
1785800020623 2439868 2310592 129276 0
1785800020659 2439868 2310592 129276 0
1785800020696 2439868 2310592 129276 0
1785800020734 2439868 2310592 129276 0
1785800020771 2439868 2310592 129276 0
1785800020807 2439868 2310592 129276 0
1785800020844 2439868 2310592 129276 0
1785800020881 2439868 2310592 129276 0
1785800020919 2439868 2310592 129276 0
1785800020956 2439868 2310592 129276 0
1785800020994 2439872 2310596 129276 0
1785800021031 2439872 2310596 129276 0
1785800021070 2439872 2310596 129276 0
1785800021107 2439872 2310596 129276 0
1785800021145 2439872 2310596 129276 0
1785800021184 2439872 2310596 129276 0
1785800021221 2439872 2310596 129276 0
1785800021257 2439876 2310600 129276 0
1785800021298 2439876 2310600 129276 0
1785800021335 2439876 2310600 129276 0
1785800021373 2439876 2310600 129276 0
1785800021414 2439876 2310600 129276 0
1785800021453 2439876 2310600 129276 0
1785800021490 2439724 2310452 129272 0
1785800021529 2446020 2316744 129276 0
1785800021567 2446020 2316744 129276 0
1785800021604 2446020 2316744 129276 0
1785800021642 2464452 2335176 129276 0
1785800021681 2464452 2335176 129276 0
1785800021719 2464452 2335176 129276 0
1785800021755 2464452 2335176 129276 0
1785800021795 2464452 2335176 129276 0
1785800021834 2464452 2335176 129276 0
1785800021872 2464452 2335176 129276 0
1785800021910 2464452 2335176 129276 0
1785800021949 2464452 2335176 129276 0
1785800021988 2464452 2335176 129276 0
1785800022026 2464452 2335176 129276 0
1785800022064 2464452 2335176 129276 0
1785800022103 2464452 2335176 129276 0
1785800022142 2464452 2335176 129276 0
1785800022180 2464452 2335176 129276 0
1785800022217 2464452 2335176 129276 0
1785800022255 2464452 2335176 129276 0
1785800022292 2464452 2335176 129276 0
1785800022329 2464452 2335176 129276 0
1785800022369 2464452 2335176 129276 0
1785800022407 2464452 2335176 129276 0
1785800022445 2464452 2335176 129276 0
1785800022486 2464452 2335176 129276 0
1785800022523 2464452 2335176 129276 0
1785800022560 2464452 2335176 129276 0
1785800022597 2464452 2335176 129276 0
1785800022636 2464452 2335176 129276 0
1785800022674 2464452 2335176 129276 0
1785800022711 2464452 2335176 129276 0
1785800022750 2464452 2335176 129276 0
1785800022789 2464452 2335176 129276 0
1785800022826 2464452 2335176 129276 0
1785800022863 2464452 2335176 129276 0
1785800022899 2464452 2335176 129276 0
1785800022937 2467408 2338132 129276 0
1785800022974 2482732 2353460 129272 0
1785800023012 2545104 2424988 120116 0
1785800023054 2433860 2304584 129276 0
1785800023092 2433860 2304584 129276 0
1785800023130 2433860 2304584 129276 0
1785800023168 2433860 2304584 129276 0
1785800023205 2433860 2304584 129276 0
1785800023242 2433860 2304584 129276 0
1785800023278 2433860 2304584 129276 0
1785800023314 2433860 2304584 129276 0
1785800023353 2433860 2304584 129276 0
1785800023390 2433860 2304584 129276 0
1785800023426 2433860 2304584 129276 0
1785800023463 2433860 2304584 129276 0
1785800023500 2433860 2304584 129276 0
1785800023537 2433860 2304584 129276 0
1785800023574 2433860 2304584 129276 0
1785800023609 2433860 2304584 129276 0
1785800023645 2433860 2304584 129276 0
1785800023682 2433860 2304584 129276 0
1785800023719 2433860 2304584 129276 0
1785800023755 2433860 2304584 129276 0
1785800023792 2433860 2304584 129276 0
1785800023829 2433864 2304588 129276 0
1785800023866 2433864 2304588 129276 0
1785800023902 2433868 2304592 129276 0
1785800023939 2433868 2304592 129276 0
1785800023975 2433872 2304596 129276 0
1785800024013 2433876 2304600 129276 0
1785800024050 2433876 2304600 129276 0
1785800024089 2433876 2304600 129276 0
1785800024126 2433880 2304604 129276 0
1785800024163 2433880 2304604 129276 0
1785800024200 2433880 2304604 129276 0
1785800024241 2433880 2304604 129276 0
1785800024279 2433880 2304604 129276 0
1785800024316 2433880 2304604 129276 0
1785800024357 2433884 2304608 129276 0
1785800024395 2433884 2304608 129276 0
1785800024432 2433884 2304608 129276 0
1785800024470 2452188 2322912 129276 0
1785800024509 2452188 2322912 129276 0
1785800024547 2452188 2322912 129276 0
1785800024584 2452188 2322912 129276 0
1785800024625 2452188 2322912 129276 0
1785800024664 2452188 2322912 129276 0
1785800024702 2452036 2322764 129272 0
1785800024741 2458332 2329056 129276 0
1785800024779 2458332 2329056 129276 0
1785800024816 2458332 2329056 129276 0
1785800024855 2464476 2335200 129276 0
1785800024894 2464476 2335200 129276 0
1785800024933 2464476 2335200 129276 0
1785800024972 2464476 2335200 129276 0
1785800025011 2464476 2335200 129276 0
1785800025049 2464476 2335200 129276 0
1785800025087 2464476 2335200 129276 0
1785800025124 2464476 2335200 129276 0
1785800025162 2464476 2335200 129276 0
1785800025200 2464476 2335200 129276 0
1785800025237 2464476 2335200 129276 0
1785800025275 2464476 2335200 129276 0
1785800025314 2464476 2335200 129276 0
1785800025351 2464476 2335200 129276 0
1785800025388 2464476 2335200 129276 0
1785800025425 2464476 2335200 129276 0
1785800025463 2464476 2335200 129276 0
1785800025501 2464476 2335200 129276 0
1785800025539 2464476 2335200 129276 0
1785800025577 2464476 2335200 129276 0
1785800025615 2464476 2335200 129276 0
1785800025652 2464476 2335200 129276 0
1785800025690 2464476 2335200 129276 0
1785800025728 2464476 2335200 129276 0
1785800025765 2464476 2335200 129276 0
1785800025803 2464476 2335200 129276 0
1785800025841 2464476 2335200 129276 0
1785800025879 2464476 2335200 129276 0
1785800025917 2464476 2335200 129276 0
1785800025954 2464476 2335200 129276 0
1785800025991 2464476 2335200 129276 0
1785800026029 2464476 2335200 129276 0
1785800026068 2464476 2335200 129276 0
1785800026105 2464476 2335200 129276 0
1785800026143 2464476 2335200 129276 0
1785800026179 2464476 2335200 129276 0
1785800026216 2464476 2335200 129276 0
1785800026253 2464480 2335204 129276 0
1785800026289 2464488 2335212 129276 0
1785800026326 2464488 2335212 129276 0
1785800026364 2464488 2335212 129276 0
1785800026401 2464488 2335212 129276 0
1785800026437 2464488 2335212 129276 0
1785800026473 2464488 2335212 129276 0
1785800026511 2464488 2335212 129276 0
1785800026548 2464488 2335212 129276 0
1785800026586 2464488 2335212 129276 0
1785800026624 2464488 2335212 129276 0
1785800026661 2464488 2335212 129276 0
1785800026698 2464488 2335212 129276 0
1785800026735 2464488 2335212 129276 0
1785800026773 2464488 2335212 129276 0
1785800026811 2464488 2335212 129276 0
1785800026851 2464488 2335212 129276 0
1785800026889 2464488 2335212 129276 0
1785800026927 2464488 2335212 129276 0
1785800026966 2464488 2335212 129276 0
1785800027004 2464488 2335212 129276 0
1785800027041 2464488 2335212 129276 0
1785800027082 2464492 2335216 129276 0
1785800027122 2464492 2335216 129276 0
1785800027159 2464492 2335216 129276 0
1785800027197 2476780 2347504 129276 0
1785800027236 2476780 2347504 129276 0
1785800027274 2476780 2347504 129276 0
1785800027312 2472904 2351472 121432 0
1785800027352 2482924 2353648 129276 0
1785800027389 2482924 2353648 129276 0
1785800027427 2482924 2353648 129276 0
1785800027468 2482924 2353648 129276 0
1785800027506 2482924 2353648 129276 0
1785800027542 2482924 2353648 129276 0
1785800027581 2482924 2353648 129276 0
1785800027620 2482924 2353648 129276 0
1785800027657 2482924 2353648 129276 0
1785800027697 2482924 2353648 129276 0
1785800027736 2482924 2353648 129276 0
1785800027774 2482924 2353648 129276 0
1785800027814 2482924 2353648 129276 0
1785800027853 2482924 2353648 129276 0
1785800027891 2482924 2353648 129276 0
1785800027932 2482924 2353648 129276 0
1785800027970 2482924 2353648 129276 0
1785800028007 2482924 2353648 129276 0
1785800028048 2482924 2353648 129276 0
1785800028086 2482924 2353648 129276 0
1785800028122 2482924 2353648 129276 0
1785800028161 2482924 2353648 129276 0
1785800028200 2482924 2353648 129276 0
1785800028237 2482924 2353648 129276 0
1785800028274 2482928 2353652 129276 0
1785800028315 2482928 2353652 129276 0
1785800028353 2482928 2353652 129276 0
1785800028391 2482928 2353652 129276 0
1785800028434 2482928 2353652 129276 0
1785800028472 2482928 2353652 129276 0
1785800028510 2482928 2353652 129276 0
1785800028550 2482928 2353652 129276 0
1785800028591 2482928 2353652 129276 0
1785800028631 2482928 2353652 129276 0
1785800028668 2482928 2353652 129276 0
1785800028705 2482928 2353652 129276 0
1785800028743 2482776 2353504 129272 0
1785800028779 2500220 2370944 129276 0
1785800028816 2531928 2402656 129272 0
1785800028860 2523132 2401632 121500 0
1785800028901 2433904 2304628 129276 0
1785800028939 2433904 2304628 129276 0
1785800028978 2433904 2304628 129276 0
1785800029017 2433904 2304628 129276 0
1785800029054 2433904 2304628 129276 0
1785800029092 2433904 2304628 129276 0
1785800029128 2433904 2304628 129276 0
1785800029169 2433904 2304628 129276 0
1785800029207 2433904 2304628 129276 0
1785800029244 2433904 2304628 129276 0
1785800029281 2433904 2304628 129276 0
1785800029318 2433904 2304628 129276 0
1785800029354 2433904 2304628 129276 0
1785800029392 2433908 2304632 129276 0
1785800029428 2433908 2304632 129276 0
1785800029465 2433908 2304632 129276 0
1785800029503 2434000 2304724 129276 0
1785800029540 2323408 2194132 129276 0
1785800029576 2323432 2193984 129448 0
1785800029612 2073764 1944292 129472 0
1785800029647 2073764 1944292 129472 0
1785800029685 2073764 1944292 129472 0
1785800029721 2073764 1944292 129472 0
1785800029758 2073764 1944292 129472 0
1785800029795 2073764 1944292 129472 0
1785800029832 2073764 1944292 129472 0
1785800029869 2073764 1944292 129472 0
1785800029905 2073768 1944296 129472 0
1785800029941 2073768 1944296 129472 0
1785800029977 2073768 1944296 129472 0
1785800030013 2052896 1935096 117800 0
1785800030049 2072184 1941724 130460 0
1785800030085 2072292 1941724 130568 0
1785800030120 2072472 1941724 130748 0
1785800030156 2072440 1941576 130864 0
