# timestamp_ms Rss_kB Anonymous_kB Filemapped_kB Shmem_kB
1785493590610 432816 259584 173232 0
1785493590675 435216 261984 173232 0
1785493590727 437356 263852 173504 0
1785493590781 436360 267032 169328 0
1785493590848 449184 274028 175156 0
1785493590900 449760 274604 175156 0
1785493590950 245612 164292 81320 0
1785493591001 456220 290684 165536 0
1785493591068 428112 297800 130312 0
1785493591135 495432 358852 136580 0
1785493591205 603428 418400 185028 0
1785493591311 604584 418440 186144 0
1785493591408 613596 420228 193368 0
1785493591472 616532 420788 195744 0
1785493591575 620128 421564 198564 0
1785493591679 621596 422508 199088 0
1785493591766 623860 422524 201336 0
1785493591847 627568 423476 204092 0
1785493591913 639920 427368 212552 0
1785493592009 649832 428128 221704 0
1785493592097 651004 428176 222828 0
1785493592164 653676 428436 225240 0
1785493592328 658824 430388 228436 0
1785493592403 661112 430428 230684 0
1785493592481 662256 431572 230684 0
1785493592569 672484 431996 240488 0
1785493592647 681040 432044 248996 0
1785493592751 683768 432524 251244 0
1785493592848 688580 432852 255728 0
1785493593010 691848 433880 257968 0
1785493593144 702084 434960 267124 0
1785493593218 709712 435352 274360 0
1785493593302 712048 435768 276280 0
1785493593397 719348 438972 280376 0
1785493593470 722056 439056 283000 0
1785493593542 722160 439160 283000 0
1785493593691 727392 442148 285244 0
1785493593788 736560 442164 294396 0
1785493593850 737336 442940 294396 0
1785493593909 745268 442948 302320 0
1785493593991 746560 442996 303564 0
1785493594065 749644 443836 305808 0
1785493594146 752360 444308 308052 0
1785493594279 754708 444412 310296 0
1785493594435 766252 444556 321696 0
1785493594519 775848 444996 330852 0
1785493594624 783356 446764 336592 0
1785493594827 789632 449820 339812 0
1785493594930 799460 450484 348976 0
1785493595111 812948 450688 362260 0
1785493595197 815188 450796 364392 0
1785493595288 815760 450896 364864 0
1785493595437 818840 451732 367108 0
1785493595527 829572 453312 376260 0
1785493595608 838752 453340 385412 0
1785493595763 846076 453928 392148 0
1785493595855 846076 453928 392148 0
1785493595899 846076 453928 392148 0
1785493595945 848172 456024 392148 0
1785493596033 850476 456088 394388 0
1785493596121 863256 459712 403544 0
1785493596245 874308 460036 414272 0
1785493596331 877704 460524 417180 0
1785493596420 880468 461048 419420 0
1785493596511 881304 461884 419420 0
1785493596687 886960 462944 424016 0
1785493596765 893768 462952 430816 0
1785493596861 902832 462952 439880 0
1785493596980 905188 462952 442236 0
1785493597057 907432 462952 444480 0
1785493597163 909744 463020 446724 0
1785493597302 912388 463420 448968 0
1785493597428 929776 466580 463196 0
1785493597540 933856 466580 467276 0
1785493597616 938396 466596 471800 0
1785493597722 940844 466804 474040 0
1785493597799 940844 466804 474040 0
1785493597865 940888 466848 474040 0
1785493597975 944936 466920 478016 0
1785493598049 954028 468580 485448 0
1785493598175 965988 469500 496488 0
1785493598268 969544 470268 499276 0
1785493598382 971816 470480 501336 0
1785493598550 974072 470492 503580 0
1785493598648 983260 470524 512736 0
1785493598738 992536 470584 521952 0
1785493598820 995664 470788 524876 0
1785493598904 997276 470820 526456 0
1785493598966 998520 470868 527652 0
1785493599029 998544 470880 527664 0
1785493599090 998560 470896 527664 0
1785493599151 998572 470908 527664 0
1785493599210 998588 470924 527664 0
1785493599271 998608 470944 527664 0
1785493599335 998624 470960 527664 0
1785493599398 998632 470968 527664 0
1785493599458 998648 470984 527664 0
1785493599519 998652 470988 527664 0
1785493599578 1006264 475088 531176 0
1785493599646 1021256 483280 537976 0
1785493599730 1042240 493520 548720 0
1785493599818 1062952 503760 559192 0
1785493599881 1085568 470988 614580 0
1785493599968 1115464 502828 612636 0
1785493600007 1143264 527540 615724 0
1785493600077 1183424 567700 615724 0
1785493600172 1227632 613192 614440 0
1785493600271 1280484 664760 615724 0
1785493600369 1324212 708488 615724 0
1785493600458 1342644 726920 615724 0
1785493600520 1335816 723984 611832 0
1785493600600 1370292 754568 615724 0
1785493600709 1370300 754572 615728 0
1785493600958 1370300 754572 615728 0
1785493601062 1370300 754572 615728 0
1785493601178 1370300 754572 615728 0
1785493601230 1370300 754572 615728 0
1785493601292 1370300 754572 615728 0
1785493601373 1370300 754572 615728 0
1785493601505 1370300 754572 615728 0
1785493601640 1370300 754572 615728 0
1785493601756 1513976 917132 596844 0
1785493602128 1640712 1520824 119888 0
1785493602344 1099988 483876 616112 0
1785493602427 1099988 483876 616112 0
1785493602496 1099992 483880 616112 0
1785493602585 1100000 483888 616112 0
1785493602691 1100000 483888 616112 0
1785493602760 1100000 483888 616112 0
1785493602853 1100000 483888 616112 0
1785493602942 1100000 483888 616112 0
1785493603066 1100000 483888 616112 0
1785493603158 1100000 483888 616112 0
1785493603255 1100000 483888 616112 0
1785493603395 1100000 483888 616112 0
1785493603537 1100008 483896 616112 0
1785493603598 1100012 483900 616112 0
1785493603696 1100016 483904 616112 0
1785493603760 1100016 483904 616112 0
1785493603847 1100020 483908 616112 0
1785493603962 1100020 483908 616112 0
1785493604095 1100020 483908 616112 0
1785493604179 1100020 483908 616112 0
1785493604263 1100020 483908 616112 0
1785493604345 1100020 483908 616112 0
1785493604408 1100020 483908 616112 0
1785493604466 1100020 483908 616112 0
1785493604541 1100020 483908 616112 0
1785493604602 1100020 483908 616112 0
1785493604647 1100024 483912 616112 0
1785493604738 1100748 484636 616112 0
1785493604816 1100752 484640 616112 0
1785493604942 1102804 486692 616112 0
1785493605047 1102804 486692 616112 0
1785493605130 1102804 486692 616112 0
1785493605218 1103012 486900 616112 0
1785493605312 1103012 486900 616112 0
1785493605407 1103012 486900 616112 0
1785493605476 1103012 486900 616112 0
1785493605604 1103012 486900 616112 0
1785493605665 1103012 486900 616112 0
1785493605706 1103012 486900 616112 0
1785493605788 1103012 486900 616112 0
1785493605853 1103012 486900 616112 0
1785493605952 1103012 486900 616112 0
1785493606033 1103012 486900 616112 0
1785493606112 1103012 486900 616112 0
1785493606183 1103012 486900 616112 0
1785493606267 1103012 486900 616112 0
1785493606335 1103012 486900 616112 0
1785493606425 1103012 486900 616112 0
1785493606515 1103012 486900 616112 0
1785493606643 1103012 486900 616112 0
1785493606733 1103012 486900 616112 0
1785493606812 1103012 486900 616112 0
1785493606863 1103388 487016 616372 0
1785493606914 1103572 487076 616496 0
1785493607003 1103580 487084 616496 0
1785493607110 1103592 487096 616496 0
1785493607153 1103604 487108 616496 0
1785493607197 1068812 478032 590780 0
1785493607243 1117312 526532 590780 0
1785493607342 1238328 621832 616496 0
1785493607422 1260152 643656 616496 0
1785493607459 1266824 650328 616496 0
1785493607496 1287800 671304 616496 0
1785493607532 1203604 632476 571128 0
1785493607567 1312708 696388 616320 0
1785493607604 1333892 717396 616496 0
1785493607642 1341412 724916 616496 0
1785493607677 1361540 745044 616496 0
1785493607718 1361540 745044 616496 0
1785493607757 1370756 754260 616496 0
1785493607799 1379972 763476 616496 0
1785493607839 1377428 760932 616496 0
1785493607880 1389188 772692 616496 0
1785493607937 1389188 772692 616496 0
1785493607975 1389188 772692 616496 0
1785493608110 1389188 772692 616496 0
1785493608166 1389188 772692 616496 0
1785493608243 1389188 772692 616496 0
1785493608329 1389188 772692 616496 0
1785493608413 1389188 772692 616496 0
1785493608509 1389188 772692 616496 0
1785493608609 1389188 772692 616496 0
1785493608664 1389188 772692 616496 0
1785493608778 1389188 772692 616496 0
1785493608866 1389188 772692 616496 0
1785493608932 1389188 772692 616496 0
1785493608993 1389188 772692 616496 0
1785493609064 1389188 772692 616496 0
1785493609139 1389188 772692 616496 0
1785493609221 1389188 772692 616496 0
1785493609295 1389188 772692 616496 0
1785493609390 1389188 772692 616496 0
1785493609452 1389188 772692 616496 0
1785493609534 1389188 772692 616496 0
1785493609595 1389188 772692 616496 0
1785493609668 1389188 772692 616496 0
1785493609751 1389188 772692 616496 0
1785493609895 1389188 772692 616496 0
1785493609975 1389188 772692 616496 0
1785493610038 1389188 772692 616496 0
1785493610147 1389188 772692 616496 0
1785493610228 1389188 772692 616496 0
1785493610325 1389188 772692 616496 0
1785493610422 1389188 772692 616496 0
1785493610533 1389188 772692 616496 0
1785493610591 1389188 772692 616496 0
1785493610644 1389188 772692 616496 0
1785493610725 1335124 744028 591096 0
1785493610779 1997948 1381452 616496 0
1785493610855 2215060 1704488 510572 0
1785493611152 2224856 1607008 617848 0
1785493611343 1443508 1322752 120756 0
1785493611404 1706348 1579852 126496 0
1785493611460 1747668 1626912 120756 0
1785493611525 1413816 1218740 195076 0
1785493611610 1485512 1290436 195076 0
1785493611696 1591828 1396752 195076 0
1785493611762 1651232 1456156 195076 0
1785493611823 1733160 1538084 195076 0
1785493611867 1480488 1285412 195076 0
1785493611962 1480500 1285424 195076 0
1785493612033 1480500 1285424 195076 0
1785493612095 1480508 1285432 195076 0
1785493612136 1480508 1285432 195076 0
1785493612171 1480508 1285432 195076 0
1785493612206 1480508 1285432 195076 0
1785493612268 1480512 1285436 195076 0
1785493612326 1480520 1285444 195076 0
1785493612376 1480524 1285448 195076 0
1785493612434 1480532 1285456 195076 0
1785493612478 1480536 1285460 195076 0
1785493612536 1480552 1285476 195076 0
1785493612590 1480576 1285500 195076 0
1785493612647 1480584 1285508 195076 0
1785493612727 1480600 1285524 195076 0
1785493612765 1480604 1285528 195076 0
1785493612817 1476028 1281364 194664 0
1785493612857 1413780 1260116 153664 0
1785493612905 1517484 1322408 195076 0
1785493612978 1517488 1322412 195076 0
1785493613072 1517488 1322412 195076 0
1785493613176 1572788 1377712 195076 0
1785493613259 1609660 1414584 195076 0
1785493613317 1609660 1414584 195076 0
1785493613399 1609664 1414588 195076 0
1785493613476 1618080 1423004 195076 0
1785493613556 1664984 1469908 195076 0
1785493613622 1701864 1506788 195076 0
1785493613689 1701872 1506796 195076 0
1785493613795 1701872 1506796 195076 0
1785493613883 1701876 1506800 195076 0
1785493613959 1720308 1525232 195076 0
1785493614079 1738744 1543668 195076 0
1785493614165 1738744 1543668 195076 0
1785493614279 1734104 1544816 189288 0
1785493614413 1849344 1654268 195076 0
1785493614498 1849352 1654276 195076 0
1785493614537 1849368 1654292 195076 0
1785493614574 1854976 1662700 192276 0
1785493614635 1923104 1728028 195076 0
1785493614694 1923108 1728032 195076 0
1785493614765 1948492 1757240 191252 0
1785493614823 1978404 1783328 195076 0
1785493614856 1986596 1795172 191424 0
1785493614902 2015268 1820192 195076 0
1785493614974 2015268 1820192 195076 0
1785493615035 1984008 1791732 192276 0
1785493615074 2056296 1865384 190912 0
1785493615131 2125864 1930788 195076 0
1785493615187 2125864 1930788 195076 0
1785493615231 2125864 1930788 195076 0
1785493615288 2113036 1920760 192276 0
1785493615322 2049960 1943740 106220 0
1785493615369 2236460 2041384 195076 0
1785493615411 2148356 1961688 186668 0
1785493615443 2236856 2041572 195284 0
1785493615475 2286008 2041572 244436 0
1785493615508 2191984 1998256 193728 0
1785493615547 2288120 2041572 246548 0
1785493615607 2206548 2014008 192540 0
1785493615642 2288180 2041628 246552 0
1785493615677 2110804 1864252 246552 0
1785493615727 2288192 2041628 246564 0
1785493615774 2288192 2041628 246564 0
1785493615820 2288192 2041628 246564 0
1785493615856 2288192 2041628 246564 0
1785493615892 2288200 2041628 246572 0
1785493615933 2288200 2041628 246572 0
1785493615974 2235188 2037804 197384 0
1785493616011 2288360 2041776 246584 0
1785493616055 2288364 2041776 246588 0
1785493616102 2261024 2040424 220600 0
1785493616138 2288372 2041776 246596 0
1785493616191 2288532 2041936 246596 0
1785493616225 2288548 2041952 246596 0
1785493616260 2239412 2041964 197448 0
1785493616314 2288584 2041984 246600 0
1785493616357 2288604 2042004 246600 0
1785493616392 2288604 2042004 246600 0
1785493616439 2288616 2042012 246604 0
1785493616481 2288620 2042012 246608 0
1785493616523 2288624 2042012 246612 0
1785493616564 2288624 2042012 246612 0
1785493616599 2288624 2042012 246612 0
1785493616635 2288624 2042012 246612 0
1785493616672 2288624 2042012 246612 0
1785493616719 2290672 2042012 248660 0
1785493616756 2290740 2042012 248728 0
1785493616804 2228956 1984168 244788 0
1785493616839 2296900 2042012 254888 0
1785493616877 2296980 2042060 254920 0
1785493616913 2299092 2042108 256984 0
1785493616970 2301428 2042108 259320 0
1785493617021 2305636 2042108 263528 0
1785493617068 2308732 2042164 266568 0
1785493617122 2224556 2020340 204216 0
1785493617157 2315320 2042360 272960 0
1785493617193 2318528 2042372 276156 0
1785493617252 2144500 1868408 276092 0
1785493617312 1889808 1752724 137084 0
1785493617360 2040372 1840064 200308 0
1785493617395 2029044 1818912 210132 0
1785493617429 2107784 1831620 276164 0
1785493617464 2012604 1785672 226932 0
1785493617498 2103208 1827600 275608 0
1785493617533 2093776 1819432 274344 0
1785493617566 2107860 1831696 276164 0
1785493617599 2012808 1802308 210500 0
1785493617633 2093988 1821404 272584 0
1785493617667 2107908 1831744 276164 0
1785493617701 2107908 1831744 276164 0
1785493617734 2009536 1823060 186476 0
1785493617768 2053600 1777404 276196 0
1785493617804 2054492 1777428 277064 0
1785493617839 2054504 1777432 277072 0
1785493617873 2028608 1754268 274340 0
1785493617908 2056552 1777432 279120 0
1785493617943 2056552 1777432 279120 0
1785493617976 2058684 1777436 281248 0
1785493618011 2061668 1777516 284152 0
1785493618047 2062544 1777516 285028 0
1785493618083 2066208 1777756 288452 0
1785493618118 2066208 1777756 288452 0
1785493618154 2066208 1777756 288452 0
1785493618188 2066212 1777760 288452 0
1785493618223 2066212 1777760 288452 0
1785493618256 2066212 1777760 288452 0
1785493618290 1962400 1744096 218304 0
1785493618323 2066244 1777792 288452 0
1785493618357 2066244 1777792 288452 0
1785493618390 1991840 1770336 221504 0
1785493618423 2066432 1777832 288600 0
1785493618457 2066432 1777832 288600 0
1785493618491 2066432 1777832 288600 0
1785493618524 2066432 1777832 288600 0
1785493618558 2066432 1777832 288600 0
1785493618592 2066432 1777832 288600 0
1785493618626 2066432 1777832 288600 0
1785493618660 2066432 1777832 288600 0
1785493618694 2068572 1777848 290724 0
1785493618729 2068572 1777848 290724 0
1785493618763 2068572 1777848 290724 0
1785493618801 2068572 1777848 290724 0
1785493618837 2068572 1777848 290724 0
1785493618872 2068572 1777848 290724 0
1785493618906 2068572 1777848 290724 0
1785493618939 2068572 1777848 290724 0
1785493618972 2068576 1777852 290724 0
1785493619005 2068576 1777852 290724 0
1785493619041 2068576 1777852 290724 0
1785493619075 2068576 1777852 290724 0
1785493619110 2068576 1777852 290724 0
1785493619144 2068576 1777852 290724 0
1785493619179 2068576 1777852 290724 0
1785493619214 2068576 1777852 290724 0
1785493619249 2068580 1777856 290724 0
1785493619284 2068580 1777856 290724 0
1785493619319 2068588 1777864 290724 0
1785493619354 2068596 1777872 290724 0
1785493619389 2068596 1777872 290724 0
1785493619424 2068600 1777876 290724 0
1785493619457 2068600 1777876 290724 0
1785493619492 2068600 1777876 290724 0
1785493619525 2068600 1777876 290724 0
1785493619559 2068600 1777876 290724 0
1785493619593 2068600 1777876 290724 0
1785493619627 2069536 1777900 291636 0
1785493619663 2072652 1777900 294752 0
1785493619699 2042488 1749760 292728 0
1785493619733 2074704 1777900 296804 0
1785493619768 2074764 1777960 296804 0
1785493619802 2074828 1777960 296868 0
1785493619836 2075836 1777976 297860 0
1785493619870 1975268 1747276 227992 0
1785493619903 2077172 1777988 299184 0
1785493619938 2077172 1777988 299184 0
1785493619973 2077172 1777988 299184 0
1785493620008 2078060 1778220 299840 0
1785493620043 2079872 1775432 304440 0
1785493620077 2090852 1778648 312204 0
1785493620110 2091620 1779292 312328 0
1785493620144 1994408 1752696 241712 0
1785493620180 1995224 1760868 234356 0
1785493620213 2091640 1779312 312328 0
1785493620247 2124408 1779312 345096 0
1785493620282 2044124 1766624 277500 0
1785493620315 2200780 1779332 421448 0
1785493620350 2285840 1781260 504580 0
1785493620389 2375596 1781260 594336 0
1785493620428 2388500 1781260 607240 0
1785493620467 2388500 1781260 607240 0
1785493620506 2388500 1781260 607240 0
1785493620546 2390552 1783312 607240 0
1785493620587 2390552 1783312 607240 0
1785493620628 2391692 1783316 608376 0
1785493620669 2391692 1783316 608376 0
1785493620708 2391692 1783316 608376 0
1785493620746 2391748 1783316 608432 0
1785493620783 2391748 1783316 608432 0
1785493620824 2394384 1783316 611068 0
1785493620863 2395824 1783316 612508 0
1785493620902 2395824 1783316 612508 0
1785493620941 2395956 1783316 612640 0
1785493620980 2397056 1783320 613736 0
1785493621020 2397324 1783368 613956 0
1785493621060 2397324 1783368 613956 0
1785493621100 2397348 1783392 613956 0
1785493621140 2397632 1783432 614200 0
1785493621181 2398944 1783444 615500 0
1785493621221 2315604 1750628 564976 0
1785493621262 2401264 1785512 615752 0
1785493621305 2401268 1785512 615756 0
1785493621346 2401268 1785512 615756 0
1785493621388 2401268 1785512 615756 0
1785493621429 2401288 1785532 615756 0
1785493621469 2401288 1785532 615756 0
1785493621510 2401300 1785544 615756 0
1785493621550 2401300 1785544 615756 0
1785493621592 2401304 1785548 615756 0
1785493621633 2401304 1785548 615756 0
1785493621674 2401304 1785548 615756 0
1785493621714 2402616 1785548 617068 0
1785493621755 2403112 1785548 617564 0
1785493621796 2403144 1785580 617564 0
1785493621836 2403144 1785580 617564 0
1785493621876 2403152 1785588 617564 0
1785493621917 2403156 1785592 617564 0
1785493621957 2403156 1785592 617564 0
1785493621998 2403156 1785592 617564 0
1785493622038 2403156 1785592 617564 0
1785493622077 2403156 1785592 617564 0
1785493622117 2403156 1785592 617564 0
1785493622158 2403156 1785592 617564 0
1785493622199 2403156 1785592 617564 0
1785493622238 2403156 1785592 617564 0
1785493622278 2403156 1785592 617564 0
1785493622318 2403156 1785592 617564 0
1785493622359 2403160 1785596 617564 0
1785493622399 2403160 1785596 617564 0
1785493622441 2403160 1785596 617564 0
1785493622481 2403160 1785596 617564 0
1785493622522 2403160 1785596 617564 0
1785493622562 2403160 1785596 617564 0
1785493622602 2403160 1785596 617564 0
1785493622643 2403160 1785596 617564 0
1785493622682 2403160 1785596 617564 0
1785493622721 2403160 1785596 617564 0
1785493622760 2403184 1785620 617564 0
1785493622802 2403196 1785632 617564 0
1785493622843 2403240 1785676 617564 0
1785493622883 2403240 1785676 617564 0
1785493622924 2403240 1785676 617564 0
1785493622963 2403240 1785676 617564 0
1785493623002 2403240 1785676 617564 0
1785493623041 2403240 1785676 617564 0
1785493623080 2403240 1785676 617564 0
1785493623118 2403240 1785676 617564 0
1785493623156 2403240 1785676 617564 0
1785493623195 2403244 1785680 617564 0
1785493623233 2403244 1785680 617564 0
1785493623273 2403244 1785680 617564 0
1785493623314 2403244 1785680 617564 0
1785493623354 2403244 1785680 617564 0
1785493623394 2403244 1785680 617564 0
1785493623433 2403244 1785680 617564 0
1785493623472 2403244 1785680 617564 0
1785493623511 2403244 1785680 617564 0
1785493623550 2403244 1785680 617564 0
1785493623589 2403244 1785680 617564 0
1785493623629 2403260 1785696 617564 0
1785493623670 2403260 1785696 617564 0
1785493623709 2403260 1785696 617564 0
1785493623748 2403260 1785696 617564 0
1785493623788 2403260 1785696 617564 0
1785493623828 2403284 1785720 617564 0
1785493623869 2403284 1785720 617564 0
1785493623909 2403284 1785720 617564 0
1785493623948 2403288 1785724 617564 0
1785493623989 2403312 1785748 617564 0
1785493624033 2403312 1785748 617564 0
1785493624075 2403312 1785748 617564 0
1785493624115 2403312 1785748 617564 0
1785493624155 2403312 1785748 617564 0
1785493624196 2403312 1785748 617564 0
1785493624235 2403316 1785752 617564 0
1785493624274 2403316 1785752 617564 0
1785493624315 2403320 1785756 617564 0
1785493624354 2403324 1785760 617564 0
1785493624394 2403324 1785760 617564 0
1785493624434 2403324 1785760 617564 0
1785493624472 2403324 1785760 617564 0
1785493624510 2403324 1785760 617564 0
1785493624550 2403324 1785760 617564 0
1785493624588 2403324 1785760 617564 0
1785493624626 2403324 1785760 617564 0
1785493624665 2403324 1785760 617564 0
1785493624704 2403328 1785764 617564 0
1785493624742 2403328 1785764 617564 0
1785493624782 2403328 1785764 617564 0
1785493624824 2403328 1785764 617564 0
1785493624864 2403328 1785764 617564 0
1785493624902 2403328 1785764 617564 0
1785493624941 2403328 1785764 617564 0
1785493624981 2403328 1785764 617564 0
1785493625021 2403328 1785764 617564 0
1785493625061 2403368 1785804 617564 0
1785493625101 2403368 1785804 617564 0
1785493625142 2403368 1785804 617564 0
1785493625182 2403368 1785804 617564 0
1785493625222 2403380 1785816 617564 0
1785493625261 2403380 1785816 617564 0
1785493625301 2403380 1785816 617564 0
1785493625343 2403380 1785816 617564 0
1785493625384 2403380 1785816 617564 0
1785493625426 2403380 1785816 617564 0
1785493625467 2403380 1785816 617564 0
1785493625508 2403380 1785816 617564 0
1785493625550 2403380 1785816 617564 0
1785493625590 2403380 1785816 617564 0
1785493625631 2403380 1785816 617564 0
1785493625671 2403380 1785816 617564 0
1785493625710 2403380 1785816 617564 0
1785493625752 2403380 1785816 617564 0
1785493625794 2403380 1785816 617564 0
1785493625836 2403380 1785816 617564 0
1785493625878 2403380 1785816 617564 0
1785493625919 2403380 1785816 617564 0
1785493625959 2403380 1785816 617564 0
1785493625997 2403380 1785816 617564 0
1785493626037 2403380 1785816 617564 0
1785493626078 2403380 1785816 617564 0
1785493626117 2403380 1785816 617564 0
1785493626158 2403380 1785816 617564 0
1785493626197 2403380 1785816 617564 0
1785493626238 2403380 1785816 617564 0
1785493626277 2403380 1785816 617564 0
1785493626317 2403380 1785816 617564 0
1785493626359 2403380 1785816 617564 0
1785493626400 2403380 1785816 617564 0
1785493626442 2403380 1785816 617564 0
1785493626484 2403380 1785816 617564 0
1785493626525 2403380 1785816 617564 0
1785493626566 2403380 1785816 617564 0
1785493626605 2403380 1785816 617564 0
1785493626643 2403380 1785816 617564 0
1785493626682 2403380 1785816 617564 0
1785493626723 2403380 1785816 617564 0
1785493626765 2403380 1785816 617564 0
1785493626806 2403380 1785816 617564 0
1785493626847 2403380 1785816 617564 0
1785493626887 2403380 1785816 617564 0
1785493626927 2403380 1785816 617564 0
1785493626965 2403380 1785816 617564 0
1785493627006 2403380 1785816 617564 0
1785493627046 2403380 1785816 617564 0
1785493627085 2403380 1785816 617564 0
1785493627125 2403380 1785816 617564 0
1785493627167 2403380 1785816 617564 0
1785493627209 2403380 1785816 617564 0
1785493627251 2403380 1785816 617564 0
1785493627291 2403380 1785816 617564 0
1785493627332 2403380 1785816 617564 0
1785493627374 2403380 1785816 617564 0
1785493627415 2403380 1785816 617564 0
1785493627456 2403380 1785816 617564 0
1785493627498 2403380 1785816 617564 0
1785493627539 2403380 1785816 617564 0
1785493627578 2404916 1787352 617564 0
1785493627618 2404916 1787352 617564 0
1785493627657 2404916 1787352 617564 0
1785493627697 2404928 1787364 617564 0
1785493627737 2404932 1787368 617564 0
1785493627777 2404932 1787368 617564 0
1785493627815 2404932 1787368 617564 0
1785493627856 2404932 1787368 617564 0
1785493627894 2404932 1787368 617564 0
1785493627933 2404932 1787368 617564 0
1785493627973 2404932 1787368 617564 0
1785493628013 2404932 1787368 617564 0
1785493628054 2404932 1787368 617564 0
1785493628095 2404932 1787368 617564 0
1785493628134 2404932 1787368 617564 0
1785493628176 2404932 1787368 617564 0
1785493628215 2404932 1787368 617564 0
1785493628254 2404932 1787368 617564 0
1785493628293 2404932 1787368 617564 0
1785493628332 2404932 1787368 617564 0
1785493628372 2404932 1787368 617564 0
1785493628412 2404932 1787368 617564 0
1785493628454 2404932 1787368 617564 0
1785493628494 2404932 1787368 617564 0
1785493628532 2404932 1787368 617564 0
1785493628572 2404932 1787368 617564 0
1785493628610 2404932 1787368 617564 0
1785493628649 2404932 1787368 617564 0
1785493628688 2404952 1787388 617564 0
1785493628727 2404952 1787388 617564 0
1785493628767 2404952 1787388 617564 0
1785493628805 2404960 1787396 617564 0
1785493628846 2405008 1787444 617564 0
1785493628885 2405020 1787456 617564 0
1785493628924 2405020 1787456 617564 0
1785493628966 2405024 1787460 617564 0
1785493629007 2405024 1787460 617564 0
1785493629048 2405024 1787460 617564 0
1785493629088 2405024 1787460 617564 0
1785493629130 2405024 1787460 617564 0
1785493629170 2405028 1787464 617564 0
1785493629212 2405028 1787464 617564 0
1785493629253 2405032 1787468 617564 0
1785493629293 2405032 1787468 617564 0
1785493629333 2405032 1787468 617564 0
1785493629372 2405032 1787468 617564 0
1785493629412 2405032 1787468 617564 0
1785493629453 2405032 1787468 617564 0
1785493629495 2405032 1787468 617564 0
1785493629535 2405032 1787468 617564 0
1785493629574 2405032 1787468 617564 0
1785493629613 2405032 1787468 617564 0
1785493629653 2405032 1787468 617564 0
1785493629692 2405032 1787468 617564 0
1785493629730 2405032 1787468 617564 0
1785493629769 2405032 1787468 617564 0
1785493629811 2405032 1787468 617564 0
1785493629852 2405032 1787468 617564 0
1785493629893 2405032 1787468 617564 0
1785493629933 2405032 1787468 617564 0
1785493629974 2405032 1787468 617564 0
1785493630014 2405032 1787468 617564 0
1785493630053 2405032 1787468 617564 0
1785493630093 2405032 1787468 617564 0
1785493630132 2405032 1787468 617564 0
1785493630170 2405056 1787492 617564 0
1785493630209 2405060 1787496 617564 0
1785493630248 2405064 1787500 617564 0
1785493630288 2405068 1787504 617564 0
1785493630329 2405068 1787504 617564 0
1785493630371 2405068 1787504 617564 0
1785493630413 2405068 1787504 617564 0
1785493630454 2405068 1787504 617564 0
1785493630494 2405068 1787504 617564 0
1785493630532 2405068 1787504 617564 0
1785493630572 2405104 1787540 617564 0
1785493630613 2405104 1787540 617564 0
1785493630653 2405116 1787552 617564 0
1785493630694 2405116 1787552 617564 0
1785493630735 2405116 1787552 617564 0
1785493630775 2405116 1787552 617564 0
1785493630815 2405116 1787552 617564 0
1785493630855 2405116 1787552 617564 0
1785493630894 2405116 1787552 617564 0
1785493630933 2405120 1787556 617564 0
1785493630972 2405120 1787556 617564 0
1785493631013 2405128 1787564 617564 0
1785493631055 2405128 1787564 617564 0
1785493631096 2405132 1787568 617564 0
1785493631139 2405132 1787568 617564 0
1785493631180 2405132 1787568 617564 0
1785493631220 2405132 1787568 617564 0
1785493631258 2405132 1787568 617564 0
1785493631296 2405132 1787568 617564 0
1785493631335 2405136 1787572 617564 0
1785493631374 2405828 1787576 618252 0
1785493631414 2406072 1787640 618432 0
1785493631453 2403956 1785524 618432 0
1785493631491 2404084 1785524 618560 0
1785493631530 2404084 1785524 618560 0
1785493631569 2404084 1785524 618560 0
1785493631607 2404084 1785524 618560 0
1785493631645 2369136 1778992 590144 0
1785493631682 2404088 1785528 618560 0
1785493631721 2404088 1785528 618560 0
1785493631760 2404088 1785528 618560 0
1785493631798 2315164 1695412 619752 0
1785493631839 2324344 1695412 628932 0
1785493631878 2345916 1695516 650400 0
