# timestamp_ms VmRSS_kB VmPeak_kB VmHWM_kB
1785520034319 437408 16274268 437408
1785520034461 437836 16275292 437836
1785520034531 439556 16276316 439556
1785520034609 442268 16277912 442268
1785520034714 452952 16287448 452952
1785520034839 456076 0 456076
1785520034915 458000 17137844 458000
1785520035015 495308 17137844 495308
1785520035146 559636 17137844 559636
1785520035274 614316 17301984 614316
1785520035473 619028 17477156 619028
1785520035595 625872 17477156 625872
1785520035782 631192 17477156 631192
1785520035954 650684 17477156 650684
1785520036102 660612 17477156 660612
1785520036293 668180 17477156 668180
1785520036578 682144 17477156 682144
1785520036778 693396 17477156 693396
1785520036942 698472 17477156 698472
1785520037184 704948 17477156 704948
1785520037319 714520 17477156 714520
1785520037463 723704 17477156 723704
1785520037595 726796 17477156 726788
1785520037739 732204 17477156 732204
1785520037961 745800 17477156 745800
1785520038145 756400 17477156 0
1785520038361 764508 17477156 764508
1785520038551 768400 17477156 768400
1785520038710 786804 17477156 786804
1785520039002 796600 17477156 796600
1785520039140 799624 17477156 799624
1785520039289 819632 17477156 819632
1785520039457 826776 17477156 826776
1785520039608 829072 17477156 829072
1785520039742 829136 17477156 829136
1785520039862 844664 17477156 844664
1785520040144 855716 17477156 855716
1785520040290 858760 17477156 858760
1785520040474 861128 17477156 861128
1785520040614 873192 17477156 873192
1785520040797 882372 17477156 882372
1785520040927 886660 17477156 886660
1785520041058 888900 17477156 888900
1785520041180 888900 17477156 888900
1785520041216 888900 17477156 888900
1785520041256 891144 17477156 891144
1785520041401 901840 17477156 901840
1785520041545 911008 17477156 911008
1785520041762 917740 17477156 917740
1785520041934 918976 17477156 918976
1785520042103 930696 17477156 930696
1785520042293 940248 17477156 940248
1785520042452 945756 17477156 945756
1785520042597 948124 17477156 948124
1785520042682 948124 17477156 948124
1785520042723 948124 17477156 948124
1785520042767 950364 17477156 950364
1785520042935 961068 17477156 961068
1785520043069 965656 17477156 965656
1785520043155 970224 17477156 0
1785520043366 978856 17477156 978856
1785520043594 981132 17477156 981132
1785520043715 993872 17477156 993872
1785520043870 1003024 17477156 1003024
1785520043983 1006140 17477156 1006140
1785520044108 1006964 17477156 1006964
1785520044205 1008912 17477156 1008912
1785520044291 1009264 17477156 1009264
1785520044380 1009284 17477156 1009284
1785520044484 1009316 17477156 1009316
1785520044590 1009324 17477156 1009324
1785520044677 1009344 17477156 1009344
1785520044796 1009356 17477156 1009356
1785520044882 1009368 17477156 1009368
1785520044972 1009376 17477156 1009376
1785520045068 1018564 17498868 1018564
1785520045167 1048012 17498868 1048012
1785520045321 1087572 0 1087572
1785520045482 1120780 17498868 1120780
1785520045645 1150288 17498868 1150288
1785520045799 1182020 17498868 1182020
1785520045976 1111352 17498868 1178660
1785520046015 1111352 17498868 1178660
1785520046053 1111352 17498868 1178660
1785520046094 1111352 17498868 1178660
1785520046136 1111352 17498868 1178660
1785520046178 1111352 17498868 1178660
1785520046217 1111352 17498868 1178660
1785520046256 1111352 17498868 1178660
1785520046301 1111352 17498868 1178660
1785520046339 1111352 17498868 1178660
1785520046378 1111352 17498868 1178660
1785520046417 1118912 17508084 1193644
1785520046458 1122748 17508084 1193644
1785520046500 1141700 17508084 1193644
1785520046544 1169348 17508084 1193644
1785520046584 1196996 17508084 1196996
1785520046727 1233860 17543208 1233860
1785520046926 1289160 17598508 1289160
1785520047172 1326044 17635372 1326044
1785520047411 1326044 17635372 1326044
1785520047447 1326044 17635372 1326044
1785520047496 1326044 17635372 1326044
1785520047569 1326044 17635372 1326044
1785520047632 1326044 17635372 1326044
1785520047737 1326044 17635372 1326044
1785520047790 1326044 17635372 1326044
1785520047832 1326044 17635372 1326044
1785520047876 1326044 17635372 1326044
1785520047922 1326044 17635372 1326044
1785520047966 1326044 17635372 1326044
1785520048017 1326044 17635372 1326044
1785520048068 1326044 17635372 1326044
1785520048107 1326044 17635372 1326044
1785520048150 1326044 17635372 1326044
1785520048187 1326044 17635372 1326044
1785520048226 1326044 17635372 1326044
1785520048269 1326044 17635372 1326044
1785520048305 1326044 17635372 1326044
1785520048342 1326044 17635372 1326044
1785520048380 1326044 17635372 1326044
1785520048417 1326044 17635372 1326044
1785520048458 1326044 17635372 1326044
1785520048499 1326044 17635372 1326044
1785520048533 1326044 17635372 1326044
1785520048574 1326044 17635372 1326044
1785520048615 1326044 17635372 1326044
1785520048652 1326044 17635372 1326044
1785520048688 1326044 17635372 1326044
1785520048730 1326044 17635372 1326044
1785520048770 1326044 17635372 1326044
1785520048811 1326044 17635372 1326044
1785520048848 1326044 17635372 1326044
1785520048883 1326044 17635372 1326044
1785520048925 1326044 17635372 1326044
1785520048968 1326044 17635372 1326044
1785520049008 1326044 17635372 1326044
1785520049047 1326044 17635372 1326044
1785520049086 1326044 17635372 1326044
1785520049127 1326044 17635372 1326044
1785520049209 1326044 17635372 1326044
1785520049265 1326044 17635372 1326044
1785520049305 1326044 17635372 1326044
1785520049352 1326044 17635372 1326044
1785520049394 1326044 17635372 1326044
1785520049460 1326044 17635372 1326044
1785520049531 1326044 17635372 1326044
1785520049577 1326044 17635372 1326044
1785520049614 1326044 17635372 1326044
1785520049652 1326044 17635372 1326044
1785520049691 1326044 17635372 1326044
1785520049730 1326044 17635372 1326044
1785520049767 1326044 17635372 1326044
1785520049812 1326044 17635372 1326044
1785520049851 1326044 17635372 1326044
1785520049900 1326044 17635372 1326044
1785520049937 1326044 17635372 1326044
1785520049977 1326044 17635372 1326044
1785520050013 1326044 17635372 1326044
1785520050051 1326044 17635372 1326044
1785520050094 1326044 17635372 1326044
1785520050132 1326044 17635372 1326044
1785520050167 1326044 17635372 1326044
1785520050202 1326044 17635372 1326044
1785520050236 1326044 17635372 1326044
1785520050273 1326044 17635372 1326044
1785520050308 1326044 17635372 1326044
1785520050343 1326044 17635372 1326044
1785520050378 1326044 17635372 1326044
1785520050413 1326044 17635372 1326044
1785520050447 1326044 17635372 1326044
1785520050482 1326044 17635372 1326044
1785520050516 1326044 17635372 1326044
1785520050551 1326044 17635372 1326044
1785520050589 1326044 17635372 1326044
1785520050624 1326044 17635372 1326044
1785520050669 1326044 17635372 1326044
1785520050744 1326044 17635372 1326044
1785520050795 1326044 17635372 1326044
1785520050870 1326044 17635372 1326044
1785520050956 1326044 17635372 1326044
1785520051013 1326044 17635372 1326044
1785520051075 1326044 17635372 1326044
1785520051147 1326044 17635372 1326044
1785520051236 1326044 17635372 1326044
1785520051277 1326044 17635372 1326044
1785520051316 1326044 17635372 1326044
1785520051361 1326044 17635372 1326044
1785520051406 1326044 17635372 1326044
1785520051468 1326044 17635372 1326044
1785520051537 1326044 17635372 1326044
1785520051628 1326044 17635372 1326044
1785520051728 1326044 17635372 1326044
1785520051815 1326044 17635372 1326044
1785520051903 1326044 17635372 1326044
1785520051996 1326044 17635372 1326044
1785520052075 1326044 17635372 1326044
1785520052169 1326044 17635372 1326044
1785520052292 1326044 17635372 1326044
1785520052425 1326044 17635372 1326044
1785520052534 1326044 17635372 1326044
1785520052619 1326044 17635372 1326044
1785520052699 1326044 17635372 1326044
1785520052808 1326044 17635372 1326044
1785520052888 1326044 17635372 1326044
1785520052976 1326044 17635372 1326044
1785520053047 1326044 17635372 1326044
1785520053085 1326044 17635372 1326044
1785520053133 1326044 17635372 1326044
1785520053185 1326044 17635372 1326044
1785520053234 1326044 17635372 1326044
1785520053275 1326044 17635372 1326044
1785520053317 1326044 17635372 1326044
1785520053359 1326044 17635372 1326044
1785520053405 1326044 17635372 1326044
1785520053444 1326044 17635372 1326044
1785520053477 1326044 17635372 1326044
1785520053516 1326044 17635372 1326044
1785520053557 1326044 17635372 1326044
1785520053643 1326044 17635372 1326044
1785520053730 1326044 17635372 1326044
1785520053782 1326044 17635372 1326044
1785520053826 1326044 17635372 1326044
1785520053876 1326044 17635372 1326044
1785520053918 1326044 17635372 1326044
1785520053964 1326044 17635372 1326044
1785520054077 1326044 17635372 1326044
1785520054133 1326044 17635372 1326044
1785520054230 1326044 17635372 1326044
1785520054317 1326044 17635372 1326044
1785520054420 1326044 17635372 1326044
1785520054473 1326044 17635372 1326044
1785520054586 1326044 17635372 1326044
1785520054702 1326044 17635372 1326044
1785520054810 1326044 17635372 1326044
1785520054901 1326044 17635372 1326044
1785520055012 1326044 17635372 1326044
1785520055110 1326044 17635372 1326044
1785520055238 1326044 17635372 1326044
1785520055314 1326044 17635372 1326044
1785520055414 1326044 17635372 1326044
1785520055480 1326044 17635372 1326044
1785520055538 1326044 17635372 1326044
1785520055595 1326044 17635372 1326044
1785520055639 1326044 17635372 1326044
1785520055688 1326044 17635372 1326044
1785520055756 1326044 17635372 1326044
1785520055842 1326044 17635372 1326044
1785520055903 1326044 17635372 1326044
1785520055974 1326044 17635372 1326044
1785520056031 1326044 17635372 1326044
1785520056124 1326044 17635372 1326044
1785520056210 1326044 17635372 1326044
1785520056261 1326044 17635372 1326044
1785520056316 1326044 17635372 1326044
1785520056354 1326044 17635372 1326044
1785520056392 1326044 17635372 1326044
1785520056431 1326044 17635372 1326044
1785520056482 1326044 17635372 1326044
1785520056531 1326044 17635372 1326044
1785520056585 1326044 17635372 1326044
1785520056706 1326044 17635372 1326044
1785520056782 1326044 17635372 1326044
1785520056849 1326044 17635372 1326044
1785520056899 1326044 17635372 1326044
1785520056984 1326044 17635372 1326044
1785520057114 1326044 17635372 1326044
1785520057192 1326044 17635372 1326044
1785520057273 1326044 17635372 1326044
1785520057356 1326044 17635372 1326044
1785520057424 1326044 17635372 1326044
1785520057476 1326044 17635372 1326044
1785520057562 1326044 17635372 1326044
1785520057617 1326044 17635372 1326044
1785520057709 1326044 17635372 1326044
1785520057750 1496016 17805344 1496016
1785520057905 1863360 18360104 1861312
1785520058080 2332780 18783476 2484896
1785520058239 2018196 18783476 2484896
1785520058281 1837048 18783476 2484896
1785520058329 2327284 18896268 2484896
1785520058374 2645444 18983260 2645444
1785520058567 2914368 19206848 2914368
1785520058775 1119948 19206848 2909556
1785520058872 1119948 19206848 2909556
1785520058958 1119956 19206848 2909556
1785520059039 1119956 19206848 2909556
1785520059087 1119960 19206848 2909556
1785520059146 1119960 19206848 2909556
1785520059205 1119960 19206848 2909556
1785520059251 1119964 19206848 2909556
1785520059324 1119968 19206848 2909556
1785520059382 1119968 19206848 2909556
1785520059431 1119968 19206848 2909556
1785520059472 1119968 19206848 2909556
1785520059527 1119968 19206848 2909556
1785520059619 1119968 19206848 2909556
1785520059689 1119968 19206848 2909556
1785520059745 1119968 19206848 2909556
1785520059810 1119968 19206848 2909556
1785520059869 1119968 19206848 2909556
1785520059946 1119968 19206848 2909556
1785520060001 1119968 19206848 2909556
1785520060095 1119968 19206848 2909556
1785520060147 1119972 19206848 2909556
1785520060243 1119972 19206848 2909556
1785520060285 1119972 19206848 2909556
1785520060336 1119980 19206848 2909556
1785520060386 1119980 19206848 2909556
1785520060434 1119984 19206848 2909556
1785520060475 1119984 19206848 2909556
1785520060524 1119984 19206848 2909556
1785520060562 1119984 19206848 2909556
1785520060615 1119984 19206848 2909556
1785520060656 1119984 19206848 2909556
1785520060715 1119984 19206848 2909556
1785520060780 1119984 19206848 2909556
1785520060879 1119984 19206848 2909556
1785520060968 1119984 19206848 2909556
1785520061066 1119984 19206848 2909556
1785520061122 1119984 19206848 2909556
1785520061260 1119984 19206848 2909556
1785520061321 1119984 19206848 2909556
1785520061426 1119984 19206848 2909556
1785520061485 1119988 19206848 2909556
1785520061526 1119988 19206848 2909556
1785520061572 1119988 19206848 2909556
1785520061612 1119988 19206848 2909556
1785520061657 1119988 19206848 2909556
1785520061707 1119988 19206848 2909556
1785520061747 1119988 19206848 2909556
1785520061799 1119988 19206848 2909556
1785520061884 1119988 19206848 2909556
1785520061939 1119988 19206848 2909556
1785520061990 1119988 19206848 2909556
1785520062040 1120468 19206848 2909556
1785520062111 1120504 19206848 2909556
1785520062193 1120504 19206848 2909556
1785520062245 1120504 19206848 2909556
1785520062286 1120504 19206848 2909556
1785520062338 1120504 19206848 2909556
1785520062399 1120504 19206848 2909556
1785520062442 1120504 19206848 2909556
1785520062487 1120504 19206848 2909556
1785520062537 1120504 19206848 2909556
1785520062578 1120504 19206848 2909556
1785520062618 1120504 19206848 2909556
1785520062660 1120504 19206848 2909556
1785520062724 1120504 19206848 2909556
1785520062772 1120504 19206848 2909556
1785520062811 1120504 19206848 2909556
1785520062901 1120504 19206848 2909556
1785520062981 1120504 19206848 2909556
1785520063065 1120504 19206848 2909556
1785520063163 1120504 19206848 2909556
1785520063266 1120504 19206848 2909556
1785520063355 1120504 19206848 2909556
1785520063461 1120504 19206848 2909556
1785520063541 1120504 19206848 2909556
1785520063651 1120504 19206848 2909556
1785520063752 1120504 19206848 2909556
1785520063885 1120504 19206848 2909556
1785520063952 1120504 19206848 2909556
1785520064031 1120504 19206848 2909556
1785520064137 1120504 19206848 2909556
1785520064252 1120504 19206848 2909556
1785520064335 1120504 19206848 2909556
1785520064396 1120504 19206848 2909556
1785520064466 1120504 19206848 2909556
1785520064519 1120504 19206848 2909556
1785520064626 1120504 19206848 2909556
1785520064668 1120548 19206848 2909556
1785520064709 1121060 19206848 2909556
1785520064751 1121068 19206848 2909556
1785520064791 1121072 19206848 2909556
1785520064832 1121080 19206848 2909556
1785520064872 1121084 19206848 2909556
1785520064913 1121092 19206848 2909556
1785520064954 1121100 19206848 2909556
1785520064994 1121104 19206848 2909556
1785520065034 1121104 19206848 2909556
1785520065074 1121116 19206848 2909556
1785520065114 1121116 19206848 2909556
1785520065156 1148640 19206848 2909556
1785520065198 1167072 19206848 2909556
1785520065240 1185504 19206848 2909556
1785520065281 1203936 19206848 2909556
1785520065323 1222368 19206848 2909556
1785520065365 1240800 19206848 2909556
1785520065407 1259232 19206848 2909556
1785520065448 1277668 19206848 2909556
1785520065490 1296100 19206848 2909556
1785520065533 1314532 19206848 2909556
1785520065576 1332964 19206848 2909556
1785520065617 1351420 19206848 2909556
1785520065660 1360636 19206848 2909556
1785520065703 1369852 19206848 2909556
1785520065745 1388284 19206848 2909556
1785520065789 1388284 19206848 2909556
1785520065831 1397500 19206848 2909556
1785520065874 1397500 19206848 2909556
1785520065917 1406716 19206848 2909556
1785520065960 1406716 19206848 2909556
1785520066015 1406716 19206848 2909556
1785520066106 1406716 19206848 2909556
1785520066191 1406716 19206848 2909556
1785520066284 1406716 19206848 2909556
1785520066379 1406716 19206848 2909556
1785520066494 1406716 19206848 2909556
1785520066583 1406716 19206848 2909556
1785520066705 1406716 19206848 2909556
1785520066766 1406716 19206848 2909556
1785520066824 1406716 19206848 2909556
1785520066904 1406716 19206848 2909556
1785520067044 1406716 19206848 2909556
1785520067118 1406716 19206848 2909556
1785520067207 1406716 19206848 2909556
1785520067297 1406716 19206848 2909556
1785520067424 1406716 19206848 2909556
1785520067568 1406716 19206848 2909556
1785520067676 1406716 19206848 2909556
1785520067770 1406716 19206848 2909556
1785520067872 1406716 19206848 2909556
1785520067928 1406716 19206848 2909556
1785520067975 1406716 19206848 2909556
1785520068029 1406716 19206848 2909556
1785520068102 1406716 19206848 2909556
1785520068180 1406716 19206848 2909556
1785520068285 1406716 19206848 2909556
1785520068381 1406716 19206848 2909556
1785520068446 1406716 19206848 2909556
1785520068496 1406716 19206848 2909556
1785520068541 1406716 19206848 2909556
1785520068585 1406716 19206848 2909556
1785520068627 1406716 19206848 2909556
1785520068673 1406716 19206848 2909556
1785520068719 1406716 19206848 2909556
1785520068767 1406716 19206848 2909556
1785520068815 1406716 19206848 2909556
1785520068862 1406716 19206848 2909556
1785520068915 1406716 19206848 2909556
1785520068962 1406716 19206848 2909556
1785520069011 1406716 19206848 2909556
1785520069060 1406716 19206848 2909556
1785520069118 1406716 19206848 2909556
1785520069225 1406716 19206848 2909556
1785520069325 1406716 19206848 2909556
1785520069431 1406716 19206848 2909556
1785520069511 1406716 19206848 2909556
1785520069658 1406716 19206848 2909556
1785520069757 1406716 19206848 2909556
1785520069845 1406716 19206848 2909556
1785520069931 1406716 19206848 2909556
1785520070049 1406716 19206848 2909556
1785520070124 1406716 19206848 2909556
1785520070213 1406716 19206848 2909556
1785520070298 1406716 19206848 2909556
1785520070396 1406716 19206848 2909556
1785520070501 1406716 19206848 2909556
1785520070578 1406716 19206848 2909556
1785520070663 1406716 19206848 2909556
1785520070768 1406716 19206848 2909556
1785520070879 1406716 19206848 2909556
1785520070990 1406716 19206848 2909556
1785520071073 1406716 19206848 2909556
1785520071187 1406716 19206848 2909556
1785520071296 1406716 19206848 2909556
1785520071388 1406716 19206848 2909556
1785520071497 1406716 19206848 2909556
1785520071572 1406716 19206848 2909556
1785520071697 1406716 19206848 2909556
1785520071814 1406716 19206848 2909556
1785520071915 1406716 19206848 2909556
1785520072030 1406716 19206848 2909556
1785520072103 1406716 19206848 2909556
1785520072202 1406716 19206848 2909556
1785520072325 1406716 19206848 2909556
1785520072427 1406716 19206848 2909556
1785520072525 1406716 19206848 2909556
1785520072580 1406716 19206848 2909556
1785520072688 1406716 19206848 2909556
1785520072780 1406716 19206848 2909556
1785520072889 1406716 19206848 2909556
1785520072981 1406716 19206848 2909556
1785520073048 1406716 19206848 2909556
1785520073124 1406716 19206848 2909556
1785520073168 1406716 19206848 2909556
1785520073211 1406716 19206848 2909556
1785520073251 1406716 19206848 2909556
1785520073294 1406716 19206848 2909556
1785520073336 1406716 19206848 2909556
1785520073379 1406716 19206848 2909556
1785520073420 1406716 19206848 2909556
1785520073463 1406716 19206848 2909556
1785520073505 1406716 19206848 2909556
1785520073546 1406716 19206848 2909556
1785520073589 1406716 19206848 2909556
1785520073632 1406716 19206848 2909556
1785520073680 1406716 19206848 2909556
1785520073729 1406716 19206848 2909556
1785520073777 1406716 19206848 2909556
1785520073825 1406716 19206848 2909556
1785520073872 1406716 19206848 2909556
1785520073917 1406716 19206848 2909556
1785520073961 1406716 19206848 2909556
1785520074006 1406716 19206848 2909556
1785520074049 1406716 19206848 2909556
1785520074093 1406716 19206848 2909556
1785520074136 1406716 19206848 2909556
1785520074197 1406716 19206848 2909556
1785520074242 1406716 19206848 2909556
1785520074286 1406716 19206848 2909556
1785520074331 1406716 19206848 2909556
1785520074376 1406716 19206848 2909556
1785520074420 1406716 19206848 2909556
1785520074475 1406716 19206848 2909556
1785520074563 1406716 19206848 2909556
1785520074688 1406716 19206848 2909556
1785520074799 1406716 19206848 2909556
1785520074920 1406716 19206848 2909556
1785520075017 1406716 19206848 2909556
1785520075074 1406716 19206848 2909556
1785520075186 1406716 19206848 2909556
1785520075284 1406716 19206848 2909556
1785520075335 1406716 19206848 2909556
1785520075451 1406716 19206848 2909556
1785520075534 1406716 19206848 2909556
1785520075627 1406716 19206848 2909556
1785520075749 1406716 19206848 2909556
1785520075845 1406716 19206848 2909556
1785520075925 1406716 19206848 2909556
1785520076038 1406716 19206848 2909556
1785520076138 1406716 19206848 2909556
1785520076258 1406716 19206848 2909556
1785520076366 1406716 19206848 2909556
1785520076455 1406716 19206848 2909556
1785520076582 1406716 19206848 2909556
1785520076680 1406716 19206848 2909556
1785520076735 1406716 19206848 2909556
1785520076814 1406716 19206848 2909556
1785520076922 1406716 19206848 2909556
1785520077018 1406716 19206848 2909556
1785520077154 1406716 19206848 2909556
1785520077229 1406716 19206848 2909556
1785520077310 1406716 19206848 2909556
1785520077425 1406716 19206848 2909556
1785520077551 1406716 19206848 2909556
1785520077642 1406716 19206848 2909556
1785520077743 1406716 19206848 2909556
1785520077830 1406716 19206848 2909556
1785520077947 1406716 19206848 2909556
1785520078036 1406716 19206848 2909556
1785520078141 1406716 19206848 2909556
1785520078231 1406716 19206848 2909556
1785520078343 1406716 19206848 2909556
1785520078476 1406716 19206848 2909556
1785520078607 1406716 19206848 2909556
1785520078736 1406716 19206848 2909556
1785520078813 1406716 19206848 2909556
1785520078932 1406716 19206848 2909556
1785520079035 1406716 19206848 2909556
1785520079143 1406716 19206848 2909556
1785520079263 1406716 19206848 2909556
1785520079348 1406716 19206848 2909556
1785520079487 1406716 19206848 2909556
1785520079553 1406716 19206848 2909556
1785520079647 1406716 19206848 2909556
1785520079728 1406716 19206848 2909556
1785520079841 1406716 19206848 2909556
1785520079914 1406716 19206848 2909556
1785520080046 1406716 19206848 2909556
1785520080118 1406716 19206848 2909556
1785520080191 1406716 19206848 2909556
1785520080325 1406716 19206848 2909556
1785520080435 1406716 19206848 2909556
1785520080548 1406716 19206848 2909556
1785520080634 1406716 19206848 2909556
1785520080735 1406716 19206848 2909556
1785520080835 1406716 19206848 2909556
1785520080909 1406716 19206848 2909556
1785520081050 1406716 19206848 2909556
1785520081135 1406716 19206848 2909556
1785520081238 1406716 19206848 2909556
1785520081339 1406716 19206848 2909556
1785520081414 1406716 19206848 2909556
1785520081495 1406716 19206848 2909556
1785520081598 1406716 19206848 2909556
1785520081694 1406716 19206848 2909556
1785520081768 1406716 19206848 2909556
1785520081838 1406716 19206848 2909556
1785520081920 1406716 19206848 2909556
1785520082009 1406716 19206848 2909556
1785520082119 1406716 19206848 2909556
1785520082202 1406716 19206848 2909556
1785520082318 1406716 19206848 2909556
1785520082430 1406716 19206848 2909556
1785520082510 1406716 19206848 2909556
1785520082598 1406716 19206848 2909556
1785520082711 1406716 19206848 2909556
1785520082798 1406716 19206848 2909556
1785520082913 1406716 19206848 2909556
1785520083007 1406716 19206848 2909556
1785520083122 1406716 19206848 2909556
1785520083233 1406716 19206848 2909556
1785520083336 1406716 19206848 2909556
1785520083413 1406716 19206848 2909556
1785520083511 1406716 19206848 2909556
1785520083608 1406716 19206848 2909556
1785520083717 1406716 19206848 2909556
1785520083780 1406716 19206848 2909556
1785520083862 1494476 19206848 2909556
1785520083891 1586460 19206848 2909556
1785520083918 1668892 19206848 2909556
1785520083948 1908932 19206848 2909556
1785520083992 2111240 19206848 2909556
1785520084039 2497640 19206848 2909556
1785520084070 1926604 19206848 2909556
1785520084113 2037196 19206848 2909556
1785520084156 1854084 19206848 2909556
1785520084205 2387344 19206848 2909556
1785520084251 2765688 19206848 2909556
1785520084293 2868088 19206848 2909556
1785520084336 2957836 19249344 2957836
1785520084479 1600216 19249344 2951388
1785520084520 1946328 19249344 2951388
1785520084550 2107996 19249344 2951388
1785520084580 2199688 19249344 2951388
1785520084609 2286116 19249344 2951388
1785520084638 1997328 19249344 2951388
1785520084680 2097740 19249344 2951388
1785520084721 2189924 19249344 2951388
1785520084762 2265128 19249344 2951388
1785520084803 2330500 19249344 2951388
1785520084851 1821412 19249344 2951388
1785520084947 1821480 19249344 2951388
1785520085058 1821628 19249344 2951388
1785520085186 1821760 19249344 2951388
1785520085268 1821848 19249344 2951388
1785520085345 1821900 19249344 2951388
1785520085451 1821964 19249344 2951388
1785520085542 1822048 19249344 2951388
1785520085670 1831392 19249344 2951388
1785520085764 1855680 19249344 2951388
1785520085904 1898392 19249344 2951388
1785520086010 2100924 19249344 2951388
1785520086050 2156220 19249344 2951388
1785520086092 2213572 19249344 2951388
1785520086133 2270724 19249344 2951388
1785520086178 2332180 19249344 2951388
1785520086221 2393628 19249344 2951388
1785520086290 2258256 19249344 2951388
1785520086371 2009592 19249344 2951388
1785520086454 2023428 19249344 2951388
1785520086568 2032660 19249344 2951388
1785520086678 2063416 19249344 2951388
1785520086725 2124888 19249344 2951388
1785520086813 2108748 19249344 2951388
1785520086874 2134092 19249344 2951388
1785520086958 2134092 19249344 2951388
1785520087060 2134092 19249344 2951388
1785520087190 2134096 19249344 2951388
1785520087284 2152528 19249344 2951388
1785520087357 2170960 19249344 2951388
1785520087436 2170964 19249344 2951388
1785520087534 2170972 19249344 2951388
1785520087640 2170976 19249344 2951388
1785520087753 2189408 19249344 2951388
1785520087844 2207840 19249344 2951388
1785520087961 2207840 19249344 2951388
1785520088094 2207844 19249344 2951388
1785520088171 2226276 19249344 2951388
1785520088280 2244708 19249344 2951388
1785520088405 2244708 19249344 2951388
1785520088545 2244708 19249344 2951388
1785520088620 2263140 19249344 2951388
1785520088698 2281580 19249344 2951388
1785520088774 2281580 19249344 2951388
1785520088830 2281580 19249344 2951388
1785520088894 2281580 19249344 2951388
1785520088968 2281580 19249344 2951388
1785520089023 2281580 19249344 2951388
1785520089074 2281580 19249344 2951388
1785520089134 2281580 19249344 2951388
1785520089183 2281580 19249344 2951388
1785520089250 2300016 19249344 2951388
1785520089299 2300016 19249344 2951388
1785520089342 2300016 19249344 2951388
1785520089391 2318448 19249344 2951388
1785520089436 2318448 19249344 2951388
1785520089489 2318448 19249344 2951388
1785520089542 2318448 19249344 2951388
1785520089592 2318448 19249344 2951388
1785520089640 2318452 19249344 2951388
1785520089689 2318464 19249344 2951388
1785520089746 2318464 19249344 2951388
1785520089849 2318464 19249344 2951388
1785520089925 2336896 19249344 2951388
1785520090000 2343816 19249344 2951388
1785520090052 2355328 19249344 2951388
1785520090099 2355328 19249344 2951388
1785520090147 2355328 19249344 2951388
1785520090192 2355328 19249344 2951388
1785520090251 2355328 19249344 2951388
1785520090304 2355328 19249344 2951388
1785520090356 2355328 19249344 2951388
1785520090403 2355328 19249344 2951388
1785520090452 2355328 19249344 2951388
1785520090497 2355328 19249344 2951388
1785520090542 2355328 19249344 2951388
1785520090598 2355332 19249344 2951388
1785520090646 2355348 19249344 2951388
1785520090697 2370496 19249344 2951388
1785520090743 2373788 19249344 2951388
1785520090788 2373788 19249344 2951388
1785520090831 2373788 19249344 2951388
1785520090876 2390172 19249344 2951388
1785520090919 2392220 19249344 2951388
1785520090973 2392220 19249344 2951388
1785520091090 2392220 19249344 2951388
1785520091168 2392220 19249344 2951388
1785520091249 2392220 19249344 2951388
1785520091347 2398372 19249344 2951388
1785520091435 2410656 19249344 2951388
1785520091509 2429088 19249344 2951388
1785520091572 2429088 19249344 2951388
1785520091639 2429104 19249344 2951388
1785520091687 2429112 19249344 2951388
1785520091759 2429112 19249344 2951388
1785520091839 2429112 19249344 2951388
1785520091940 2429116 19249344 2951388
1785520092006 2429116 19249344 2951388
1785520092073 2447548 19249344 2951388
1785520092135 2447548 19249344 2951388
1785520092214 2465980 19249344 2951388
1785520092258 2465984 19249344 2951388
1785520092302 2465984 19249344 2951388
1785520092348 2465984 19249344 2951388
1785520092394 2465984 19249344 2951388
1785520092442 2465984 19249344 2951388
1785520092491 2465984 19249344 2951388
1785520092538 2465984 19249344 2951388
1785520092584 2465988 19249344 2951388
1785520092630 2465992 19249344 2951388
1785520092679 2466004 19249344 2951388
1785520092731 2466016 19249344 2951388
1785520092782 2484448 19249344 2951388
1785520092838 2498012 19249344 2951388
1785520092891 2502880 19249344 2951388
1785520092943 2502880 19249344 2951388
1785520092989 2502888 19249344 2951388
1785520093048 2502888 19249344 2951388
1785520093107 2516452 19249344 2951388
1785520093165 2521320 19249344 2951388
1785520093220 2539752 19249344 2951388
1785520093279 2539912 19249344 2951388
1785520093336 2540000 19249344 2951388
1785520093394 2540036 19249344 2951388
1785520093449 2540036 19249344 2951388
1785520093505 2540176 19249344 2951388
1785520093561 2540356 19249344 2951388
1785520093607 2540356 19249344 2951388
1785520093680 2540356 19249344 2951388
1785520093747 2540356 19249344 2951388
1785520093817 2540356 19249344 2951388
1785520093894 2589516 19249344 2951388
1785520093946 2589528 19249344 2951388
1785520094027 2591612 19249344 2951388
1785520094088 2591616 19249344 2951388
1785520094155 2591680 19249344 2951388
1785520094202 2591684 19249344 2951388
1785520094261 2591692 19249344 2951388
1785520094311 2591692 19249344 2951388
1785520094357 2591692 19249344 2951388
1785520094403 2591692 19249344 2951388
1785520094452 2591692 19249344 2951388
1785520094504 2591704 19249344 2951388
1785520094558 2591720 19249344 2951388
1785520094602 2591732 19249344 2951388
1785520094651 2591748 19249344 2951388
1785520094704 2591756 19249344 2951388
1785520094744 2591760 19249344 2951388
1785520094784 2591764 19249344 2951388
1785520094825 2591768 19249344 2951388
1785520094868 2591776 19249344 2951388
1785520094911 2591780 19249344 2951388
1785520094953 2591780 19249344 2951388
1785520094996 2591780 19249344 2951388
1785520095039 2591784 19249344 2951388
1785520095079 2591788 19249344 2951388
1785520095121 2591788 19249344 2951388
1785520095161 2591792 19249344 2951388
1785520095203 2591796 19249344 2951388
1785520095258 2598012 19249344 2951388
1785520095300 2600072 19249344 2951388
1785520095345 2602168 19249344 2951388
1785520095387 2604436 19249344 2951388
1785520095428 2608804 19249344 2951388
1785520095470 2611864 19249344 2951388
1785520095507 2611872 19249344 2951388
1785520095550 2617936 19249344 2951388
1785520095592 2617944 19249344 2951388
1785520095634 2618000 19249344 2951388
1785520095676 2618000 19249344 2951388
1785520095717 2618008 19249344 2951388
1785520095760 2618284 19249344 2951388
1785520095802 2620536 19312732 2951388
1785520095855 2621768 19476568 2951388
1785520095898 2621768 19476568 2951388
1785520095944 2621768 19476568 2951388
1785520095988 2621768 19476568 2951388
1785520096052 2429584 19476568 2951388
1785520096098 2429588 19476568 2951388
1785520096141 2429612 19579064 2951388
1785520096176 2429616 19677368 2951388
1785520096220 2429656 19808440 2951388
1785520096255 2429688 20006072 0
1785520096289 2429744 20202680 2951388
1785520096330 2429748 20333752 2951388
1785520096373 2429804 20432056 2951388
1785520096405 2430564 20432056 2951388
1785520096450 2435520 20563128 2951388
1785520096494 2435520 20563128 2951388
1785520096537 2435520 20563128 2951388
1785520096579 2435520 20563128 2951388
1785520096622 2437612 20563128 2951388
1785520096665 2437616 20563128 2951388
1785520096708 2438292 20563128 2951388
1785520096756 2440528 20563128 2951388
1785520096799 2441884 20563128 2951388
1785520096848 2444828 20563128 2951388
1785520096891 2444940 20661432 2951388
1785520096934 2444940 20661432 2951388
1785520096975 2444940 20661432 2951388
1785520097018 2444940 20661432 2951388
1785520097061 2444940 20661432 2951388
1785520097104 2444940 20661432 2951388
1785520097147 2444940 20661432 2951388
1785520097190 2444940 20661432 2951388
1785520097233 2444940 20661432 2951388
1785520097276 2444940 20661432 2951388
1785520097319 2444940 20661432 2951388
1785520097361 2444940 20661432 2951388
1785520097403 2444940 20661432 2951388
1785520097445 2444940 20661432 2951388
1785520097486 2444940 20661432 2951388
1785520097526 2444940 20661432 2951388
1785520097565 2444940 20661432 2951388
1785520097610 2447004 20661432 2951388
1785520097655 2447020 20661432 2951388
1785520097700 2447020 20661432 2951388
1785520097746 2447020 20661432 2951388
1785520097791 2447020 20661432 2951388
1785520097835 2447020 20661432 2951388
1785520097874 2447020 20661432 2951388
1785520097913 2447020 20661432 2951388
1785520097958 2447020 20661432 2951388
1785520098005 2447020 20661432 2951388
1785520098049 2447020 20661432 2951388
1785520098093 2447020 20661432 2951388
1785520098135 2447020 20661432 2951388
1785520098198 2447020 20661432 2951388
1785520098245 2447020 20661432 2951388
1785520098294 2447020 20661432 2951388
1785520098334 2447020 20661432 2951388
1785520098379 2447020 20661432 2951388
1785520098423 2447020 20661432 2951388
1785520098466 2447020 20661432 2951388
1785520098505 2447020 20661432 2951388
1785520098544 2447020 20661432 2951388
1785520098589 2447020 20661432 2951388
1785520098633 2447020 20661432 2951388
1785520098680 2447020 20661432 2951388
1785520098720 2447020 20661432 2951388
1785520098766 2447020 20661432 2951388
1785520098811 2447020 20661432 2951388
1785520098856 2447020 20661432 2951388
1785520098901 2447020 20661432 2951388
1785520098945 2447020 20661432 2951388
1785520099005 2447020 20661432 2951388
1785520099054 2447020 20661432 2951388
1785520099101 2447020 20661432 2951388
1785520099152 2447020 20661432 2951388
1785520099209 2447020 20661432 2951388
1785520099263 2447020 20661432 2951388
1785520099307 2447020 20661432 2951388
1785520099353 2447020 20661432 2951388
1785520099397 2447020 20661432 2951388
1785520099443 2447020 20661432 2951388
1785520099501 2447020 20661432 2951388
1785520099554 2447020 20661432 2951388
1785520099606 2447020 20661432 2951388
1785520099658 2447020 20661432 2951388
1785520099710 2447020 20661432 2951388
1785520099762 2447020 20661432 2951388
1785520099813 2447020 20661432 2951388
1785520099862 2447020 20661432 2951388
1785520099913 2447020 20661432 2951388
1785520099963 2447020 20661432 2951388
1785520100014 2447020 20661432 2951388
1785520100064 2447020 20661432 2951388
1785520100116 2447020 20661432 2951388
1785520100168 2447020 20661432 2951388
1785520100219 2447020 20661432 2951388
1785520100273 2447020 20661432 2951388
1785520100328 2447020 20661432 2951388
1785520100382 2447020 20661432 2951388
1785520100432 2447020 20661432 2951388
1785520100478 2447020 20661432 2951388
1785520100520 2447020 20661432 2951388
1785520100562 2447020 20661432 2951388
1785520100610 2447020 20661432 2951388
1785520100652 2447020 20661432 2951388
1785520100695 2447020 20661432 2951388
1785520100737 2447020 20661432 2951388
1785520100791 2447020 20661432 2951388
1785520100835 2447020 20661432 2951388
1785520100877 2447020 20661432 2951388
1785520100918 2447020 20661432 2951388
1785520100974 2447020 20661432 2951388
1785520101021 2447020 20661432 2951388
1785520101061 2447020 20661432 2951388
1785520101109 2447020 20661432 2951388
1785520101159 2447020 20661432 2951388
1785520101210 2447020 20661432 2951388
1785520101262 2447020 20661432 2951388
1785520101314 2447020 20661432 2951388
1785520101361 2447020 20661432 2951388
1785520101409 2447020 20661432 2951388
1785520101464 2447020 20661432 2951388
1785520101516 2447020 20661432 2951388
1785520101569 2447020 20661432 2951388
1785520101625 2447020 20661432 2951388
1785520101679 2447020 20661432 2951388
1785520101729 2447020 20661432 2951388
1785520101778 2447020 20661432 2951388
1785520101827 2447020 20661432 2951388
1785520101877 2447020 20661432 2951388
1785520101927 2447020 20661432 2951388
1785520101978 2447020 20661432 2951388
1785520102029 2447020 20661432 2951388
1785520102077 2447020 20661432 2951388
1785520102138 2447020 20661432 2951388
1785520102209 2453016 20661432 2951388
1785520102268 2455156 20923576 0
1785520102305 2457048 20956344 2951388
1785520102342 2457136 21185720 2951388
1785520102389 2457136 21185720 2951388
1785520102432 2458188 21513400 2951388
1785520102467 2458188 21906616 2951388
1785520102494 2458200 22299832 2951388
1785520102555 2458228 23020728 2951388
1785520102611 2458252 23741624 2951388
1785520102648 2458800 26526904 2951388
1785520102696 2458800 26526904 2951388
1785520102742 2459384 26526904 2951388
1785520102787 2459384 26526904 2951388
1785520102850 2459384 26526904 2951388
1785520102910 2463728 26526904 2951388
1785520102956 2464228 26789048 2951388
1785520103017 2473824 26789048 2951388
1785520103064 2475940 26789048 2951388
1785520103119 2482992 26821816 2951388
1785520103173 2508708 26821816 2951388
1785520103220 2530936 27083960 2951388
1785520103377 2772800 27083960 2951388
1785520103426 2774852 27083960 2951388
1785520103471 2774852 27083960 2951388
1785520103520 2774852 27083960 2951388
1785520103570 2774852 27083960 2951388
1785520103619 2774880 27083960 2951388
1785520103667 2774880 27083960 2951388
1785520103717 2774880 27083960 2951388
1785520103770 2775980 27083960 2951388
1785520103821 2777256 27083960 2951388
1785520103872 2778460 27083960 2951388
1785520103924 2778664 27083960 2951388
1785520103975 2778872 27083960 2951388
1785520104026 2778872 27083960 2951388
1785520104076 2778872 27083960 2951388
1785520104125 2778876 27083960 2951388
1785520104172 2778884 27083960 2951388
1785520104219 2778888 27083960 2951388
1785520104265 2778888 27083960 2951388
1785520104311 2778888 27083960 2951388
1785520104356 2778976 27083960 2951388
1785520104404 2779004 27083960 2951388
1785520104453 2779004 27083960 2951388
1785520104500 2779364 27083960 2951388
1785520104550 2782088 27083960 2951388
1785520104598 2782356 27083960 2951388
1785520104644 2784476 27083960 2951388
1785520104691 2784540 27083960 2951388
1785520104740 2784540 27083960 2951388
1785520104789 2784540 27083960 2951388
1785520104837 2784540 27083960 2951388
1785520104886 2784540 27083960 2951388
1785520104935 2784540 27083960 2951388
1785520104981 2784544 27083960 2951388
1785520105029 2784544 27083960 2951388
1785520105074 2784544 27083960 2951388
1785520105122 2784952 27083960 2951388
1785520105169 2784952 27083960 2951388
1785520105218 2784952 27083960 2951388
1785520105267 2785868 27083960 2951388
1785520105321 2786912 27083960 2951388
1785520105370 2786912 27083960 2951388
1785520105417 2786916 27083960 2951388
1785520105479 2786916 27083960 2951388
1785520105529 2786972 27083960 2951388
1785520105578 2786972 27083960 2951388
1785520105625 2786972 27083960 2951388
1785520105673 2786972 27083960 2951388
1785520105721 2786972 27083960 2951388
1785520105770 2786972 27083960 2951388
1785520105819 2786972 27083960 2951388
1785520105865 2786972 27083960 2951388
1785520105912 2786972 27083960 2951388
1785520105958 2786972 27083960 2951388
1785520106022 2786972 27083960 2951388
1785520106070 2786972 27083960 2951388
1785520106132 2786972 27083960 2951388
1785520106196 2786972 27083960 2951388
1785520106244 2786972 27083960 2951388
1785520106290 2786972 27083960 2951388
1785520106335 2786972 27083960 2951388
1785520106381 2786972 27083960 2951388
1785520106426 2786980 27083960 2951388
1785520106471 2786980 27083960 2951388
1785520106518 2786988 27083960 2951388
1785520106565 2786988 27083960 2951388
1785520106612 2787044 27083960 2951388
1785520106659 2787044 27083960 2951388
1785520106705 2787044 27083960 2951388
1785520106751 2787044 27083960 2951388
1785520106800 2787048 27083960 2951388
1785520106846 2787048 27083960 2951388
1785520106892 2787048 27083960 2951388
1785520106939 2787048 27083960 2951388
1785520106985 2787048 27083960 2951388
1785520107031 2787048 27083960 2951388
1785520107078 2787048 27083960 2951388
1785520107126 2787048 27083960 2951388
1785520107170 2787048 27083960 2951388
1785520107217 2787048 27083960 2951388
1785520107264 2787048 27083960 2951388
1785520107310 2787048 27083960 2951388
1785520107356 2787048 27083960 2951388
1785520107404 2787048 27083960 2951388
1785520107452 2787048 27083960 2951388
1785520107497 2787048 27083960 2951388
1785520107545 2787048 27083960 2951388
1785520107606 2787048 27083960 2951388
1785520107662 2787048 27083960 2951388
1785520107711 2787052 27083960 2951388
1785520107779 2787056 27083960 2951388
1785520107833 2787056 27083960 2951388
1785520107895 2787056 27083960 2951388
1785520107955 2787056 27083960 2951388
1785520108009 2787056 27083960 2951388
1785520108058 2787056 27083960 2951388
1785520108105 2787072 27083960 2951388
1785520108164 2787072 27083960 2951388
1785520108227 2787076 27083960 2951388
1785520108290 2787080 27083960 2951388
1785520108345 2787080 27083960 2951388
1785520108390 2787084 27083960 2951388
1785520108438 2787084 27083960 2951388
1785520108500 2787084 27083960 2951388
1785520108554 2787084 27083960 2951388
1785520108605 2787084 27083960 2951388
1785520108674 2787084 27083960 2951388
1785520108735 2787084 27083960 2951388
1785520108800 2787092 27083960 2951388
1785520108865 2787092 27083960 2951388
1785520108913 2787092 27083960 2951388
1785520108978 2787092 27083960 2951388
1785520109041 2787092 27083960 2951388
1785520109102 2787092 27083960 2951388
1785520109161 2787092 27083960 2951388
1785520109219 2787104 27083960 2951388
1785520109278 2787108 27083960 2951388
1785520109330 2787108 27083960 2951388
1785520109378 2788260 27083960 2951388
1785520109424 2788260 27083960 2951388
1785520109471 2788260 27083960 2951388
1785520109535 2788264 27083960 2951388
1785520109597 2788268 27083960 2951388
1785520109657 2788320 27083960 2951388
1785520109709 2788328 27083960 2951388
1785520109772 2788332 27083960 2951388
1785520109837 2788336 27083960 2951388
1785520109901 2788336 27083960 2951388
1785520109963 2788336 27083960 2951388
1785520110027 2788336 27083960 2951388
1785520110076 2788336 27083960 2951388
1785520110129 2788336 27083960 2951388
1785520110197 2788336 27083960 2951388
1785520110244 2788336 27083960 2951388
1785520110293 2788340 27083960 2951388
1785520110357 2788340 27083960 2951388
1785520110408 2788344 27083960 2951388
1785520110459 2788344 27083960 2951388
1785520110524 2788344 27083960 2951388
1785520110572 2788344 27083960 2951388
1785520110621 2788344 27083960 2951388
1785520110668 2788344 27083960 2951388
1785520110717 2788348 27083960 2951388
1785520110766 2788352 27083960 2951388
1785520110815 2788384 27083960 2951388
1785520110863 2788420 27083960 2951388
1785520110911 2788424 27083960 2951388
1785520110960 2788424 27083960 2951388
1785520111008 2788424 27083960 2951388
1785520111055 2788424 27083960 2951388
1785520111103 2788424 27083960 2951388
1785520111152 2788452 27083960 2951388
1785520111200 2788452 27083960 2951388
1785520111247 2788452 27083960 2951388
1785520111294 2788452 27083960 2951388
1785520111346 2788452 27083960 2951388
1785520111395 2788456 27083960 2951388
1785520111443 2788456 27083960 2951388
1785520111493 2788460 27083960 2951388
1785520111542 2788460 27083960 2951388
1785520111590 2788460 27083960 2951388
1785520111637 2788460 27083960 2951388
1785520111683 2788460 27083960 2951388
1785520111731 2788464 27083960 2951388
1785520111779 2788464 27083960 2951388
1785520111827 2788464 27083960 2951388
1785520111875 2788464 27083960 2951388
1785520111923 2788468 27083960 2951388
1785520111971 2788472 27083960 2951388
1785520112017 2788472 27083960 2951388
1785520112064 2788472 27083960 2951388
1785520112128 2788472 27083960 2951388
1785520112180 2788472 27083960 2951388
1785520112229 2788472 27083960 2951388
1785520112292 2788476 27083960 2951388
1785520112344 2788480 27083960 2951388
1785520112408 2788480 27083960 2951388
1785520112470 2788480 27083960 2951388
1785520112533 2788480 27083960 2951388
1785520112583 2788480 27083960 2951388
1785520112634 2788532 27083960 2951388
1785520112679 2788536 27083960 2951388
1785520112730 2788536 27083960 2951388
1785520112780 2788536 27083960 2951388
1785520112830 2788536 27083960 2951388
1785520112893 2788536 27083960 0
1785520112946 2788536 27083960 2951388
1785520113008 2788536 27083960 2951388
1785520113071 2788536 27083960 2951388
1785520113132 2788536 27083960 2951388
1785520113184 2788536 27083960 2951388
1785520113232 2788536 27083960 2951388
1785520113280 2788536 27083960 2951388
1785520113329 2788536 27083960 2951388
1785520113376 2788536 27083960 2951388
1785520113429 2788536 27083960 2951388
1785520113479 2796728 27083960 2951388
1785520113528 2796732 27083960 2951388
1785520113578 2796732 27083960 2951388
1785520113640 2796732 27083960 2951388
1785520113692 2796732 27083960 2951388
1785520113742 2796732 27083960 2951388
1785520113791 2796732 27083960 2951388
1785520113854 2796732 27083960 2951388
1785520113916 2796756 27083960 2951388
1785520113978 2796784 27083960 2951388
1785520114030 2796784 27083960 2951388
1785520114081 2796784 27083960 2951388
1785520114132 2796784 27083960 2951388
1785520114179 2796784 27083960 2951388
1785520114231 2796784 27083960 2951388
1785520114278 2796784 27083960 2951388
1785520114327 2796784 27083960 2951388
1785520114376 2796788 27083960 2951388
1785520114425 2796788 27083960 2951388
1785520114484 2796792 27083960 2951388
1785520114544 2796792 27083960 2951388
1785520114595 2796796 27083960 2951388
1785520114658 2796796 27083960 2951388
1785520114719 2796796 27083960 0
1785520114778 2796796 27083960 2951388
1785520114839 2796796 27083960 2951388
1785520114899 2796800 27083960 2951388
1785520114953 2796804 27083960 2951388
1785520115004 2796804 27083960 2951388
1785520115066 2796804 27083960 2951388
1785520115128 2796804 27083960 2951388
1785520115189 2796828 27083960 2951388
1785520115245 2796828 27083960 2951388
1785520115303 2796828 27083960 2951388
1785520115360 2796828 27083960 2951388
1785520115419 2796828 27083960 2951388
1785520115475 2796832 27083960 2951388
1785520115522 2796832 27083960 2951388
1785520115577 2796836 27083960 2951388
1785520115641 2796836 27083960 2951388
1785520115694 2796836 27083960 2951388
1785520115746 2796848 27083960 2951388
1785520115811 2796848 27083960 2951388
1785520115871 2796848 27083960 2951388
1785520115932 2796852 27083960 2951388
1785520115992 2796852 27083960 2951388
1785520116053 2796856 27083960 2951388
1785520116117 2796856 27083960 2951388
1785520116179 2796856 27083960 2951388
1785520116239 2796856 27083960 2951388
1785520116297 2796856 27083960 2951388
1785520116350 2796864 27083960 2951388
1785520116399 2796864 27083960 2951388
1785520116448 2796864 27083960 2951388
1785520116497 2796868 27083960 2951388
1785520116546 2796868 27083960 2951388
1785520116594 2796868 27083960 2951388
1785520116643 2796888 27083960 2951388
1785520116693 2796888 27083960 2951388
1785520116742 2797644 27083960 2951388
1785520116791 2798688 27083960 2951388
1785520116835 2373720 27083960 2951388
1785520116888 2373908 27083960 2951388
1785520116931 2373908 27083960 2951388
1785520116973 2373908 27083960 2951388
1785520117013 2373908 27083960 2951388
1785520117054 2373908 27083960 2951388
1785520117093 2373912 27083960 2951388
1785520117134 2373912 27083960 2951388
1785520117174 2373912 27083960 2951388
1785520117214 2373912 27083960 2951388
1785520117254 2372160 27083960 2951388
1785520117306 2381544 27083960 2951388
1785520117350 2390428 27083960 2951388
# peak_kb=2957836
# hwm_kb=2957836
# frozen_ms=5747
# polled_vs_hwm_pct=0promille
