# timestamp_ms Rss_kB Anonymous_kB Filemapped_kB Shmem_kB
1785802296802 782208 778444 3764 0
1785802296967 1224576 1220812 3764 0
1785802297127 1777536 1773772 3764 0
1785802297287 2103168 2099404 3764 0
1785802297451 2541440 2537676 3764 0
1785802297609 2994048 2990284 3764 0
1785802297771 3430272 3426508 3764 0
1785802297933 3837824 3834060 3764 0
1785802298096 4200320 4196556 3764 0
1785802298259 4351872 4348108 3764 0
1785802298417 4892544 4888780 3764 0
1785802298580 5330816 5327052 3764 0
1785802298742 5760896 5757132 3764 0
1785802298903 6178688 6174924 3764 0
1785802299064 6297472 6293708 3764 0
1785802299232 6666112 6662348 3764 0
1785802299387 7147392 7143628 3764 0
1785802299549 7585664 7581900 3764 0
1785802299712 8007552 8003788 3764 0
1785802299875 8394624 8390860 3764 0
1785802300039 8521600 8517836 3764 0
1785802300200 9115520 9111756 3764 0
1785802300366 9559936 9556172 3764 0
1785802300531 10002304 9998540 3764 0
1785802300696 10426240 10422476 3764 0
1785802300860 10491776 10488012 3764 0
1785802301025 10641280 10637516 3764 0
1785802301065 11212672 11208908 3764 0
1785802301229 11667328 11663564 3764 0
1785802301396 12113792 12110028 3764 0
1785802301565 12545920 12542156 3764 0
1785802301730 12629888 12626124 3764 0
1785802301900 12814208 12810444 3764 0
1785802301942 13369216 13365452 3764 0
1785802302108 13832064 13828300 3764 0
1785802302274 14251904 14248140 3764 0
1785802302441 14686080 14682316 3764 0
1785802302609 14759808 14756044 3764 0
1785802302776 15658880 15655116 3764 0
1785802302975 16113536 16109772 3764 0
1785802303141 16598912 16595148 3764 0
1785802303327 16783232 16779468 3764 0
1785802303496 16783232 16779468 3764 0
1785802303539 16902016 16898252 3764 0
1785802303580 17627008 17623244 3764 0
1785802303740 18171776 18168012 3764 0
1785802303912 18620288 18616524 3764 0
1785802304081 18880384 18876620 3764 0
1785802304256 19271552 19267788 3764 0
1785802304417 19988352 19984588 3764 0
1785802304586 20422528 20418764 3764 0
1785802304755 20877184 20873420 3764 0
1785802304925 20977536 20973772 3764 0
1785802305104 21147520 21143756 3764 0
1785802305146 21880704 21876940 3764 0
1785802305310 22384512 22380748 3764 0
1785802305482 22843264 22839500 3764 0
1785802305652 23074688 23070924 3764 0
1785802305823 23074688 23070924 3764 0
1785802305867 23074688 23070924 3764 0
1785802305889 23791488 23787724 3764 0
1785802306053 24391552 24387788 3764 0
1785802306225 24838016 24834252 3764 0
1785802306398 25171840 25168076 3764 0
1785802306563 25472896 25469132 3764 0
1785802306734 26218368 26214604 3764 0
1785802306900 26720128 26716364 3764 0
1785802307080 27144064 27140300 3764 0
1785802307246 27268992 27265228 3764 0
1785802307420 27367296 27363532 3764 0
1785802307464 27574144 27570380 3764 0
1785802307509 28315520 28311756 3764 0
1785802307675 28813184 28809420 3764 0
1785802307848 29261696 29257932 3764 0
1785802308015 29366144 29362380 3764 0
1785802308190 29378432 29374668 3764 0
1785802308236 29589376 29585612 3764 0
1785802308282 30379904 30376140 3764 0
1785802308461 30871424 30867660 3764 0
1785802308635 31285120 31281356 3764 0
1785802308804 31463296 31459532 3764 0
1785802308976 31491968 31488204 3764 0
1785802309024 31696768 31693004 3764 0
1785802309069 32452480 32448716 3764 0
1785802309238 32939904 32936140 3764 0
1785802309413 33402752 33398988 3764 0
1785802309590 33560448 33556684 3764 0
1785802309779 33638272 33634508 3764 0
1785802309824 33843072 33839308 3764 0
1785802309868 34600832 34597068 3764 0
1785802310038 35078016 35074252 3764 0
1785802310233 35559296 35555532 3764 0
1785802310400 35657600 35653836 3764 0
1785802310580 35800960 35797196 3764 0
1785802310626 36011904 36008140 3764 0
1785802310672 36751232 36747468 3764 0
1785802310842 37236608 37232844 3764 0
1785802311022 37670784 37667020 3764 0
1785802311202 37758848 37755084 3764 0
1785802311383 37963648 37959884 3764 0
1785802311428 38170496 38166732 3764 0
1785802311475 38893440 38889676 3764 0
1785802311655 39405440 39401676 3764 0
1785802311845 39843712 39839948 3764 0
1785802312016 39976832 39973068 3764 0
1785802312206 40187776 40184012 3764 0
1785802312252 40935296 40931532 3764 0
1785802312425 41404288 41400524 3764 0
1785802312605 41863040 41859276 3764 0
1785802312779 41947008 41943244 3764 0
1785802312963 42151808 42148044 3764 0
1785802313010 42372992 42369228 3764 0
1785802313059 43165568 43161804 3764 0
1785802313232 44044160 44040396 3764 0
1785802313426 44152704 44148940 3764 0
1785802313598 44420992 44417228 3764 0
1785802313656 45232000 45228236 3764 0
1785802313832 46081920 46078156 3764 0
1785802314016 46841728 46837964 3764 0
1785802314203 47693696 47689932 3764 0
1785802314385 48516992 48513228 3764 0
1785802314560 49409920 49406156 3764 0
1785802314751 50225024 50221260 3764 0
1785802314924 51095424 51091660 3764 0
1785802315110 51920768 51917004 3764 0
1785802315287 52785024 52781260 3764 0
1785802315470 53606272 53602508 3764 0
1785802315647 54434820 54430876 3944 0
1785802315834 54434820 54430876 3944 0
1785802316012 54434820 54430876 3944 0
1785802316037 54434820 54430876 3944 0
1785802316064 54434820 54430876 3944 0
1785802316089 54434820 54430876 3944 0
1785802316116 54434820 54430876 3944 0
1785802316142 54434820 54430876 3944 0
1785802316168 54434820 54430876 3944 0
1785802316195 54434820 54430876 3944 0
1785802316222 54434820 54430876 3944 0
1785802316248 54434820 54430876 3944 0
1785802316274 54434820 54430876 3944 0
1785802316301 54434820 54430876 3944 0
1785802316327 54434820 54430876 3944 0
1785802316354 54434820 54430876 3944 0
1785802316380 54434820 54430876 3944 0
1785802316406 54434820 54430876 3944 0
1785802316433 54434820 54430876 3944 0
1785802316459 54434820 54430876 3944 0
1785802316485 54434820 54430876 3944 0
1785802316511 54434820 54430876 3944 0
1785802316537 54434820 54430876 3944 0
1785802316564 54434820 54430876 3944 0
1785802316590 54434820 54430876 3944 0
1785802316615 54434820 54430876 3944 0
1785802316641 54434820 54430876 3944 0
1785802316667 54434820 54430876 3944 0
1785802316693 54434820 54430876 3944 0
1785802316719 54434820 54430876 3944 0
1785802316745 54434820 54430876 3944 0
1785802316771 54434820 54430876 3944 0
1785802316797 54434820 54430876 3944 0
1785802316823 54490512 54486456 4056 0
1785802316877 54490512 54486456 4056 0
1785802316926 54490512 54486456 4056 0
1785802316950 54490512 54486456 4056 0
1785802316972 54490512 54486456 4056 0
1785802316997 54491844 54487788 4056 0
1785802317047 54490276 54487676 2600 0
1785802317074 54606448 54602272 4176 0
1785802317136 54573804 54569616 4188 0
1785802317163 54616944 54612752 4192 0
1785802317228 5052 2236 2816 0
1785802317277 3828 2148 1680 0
1785802317297 54643708 54641108 2600 0
1785802317366 54695824 54692760 3064 0
1785802317436 264256 260216 4040 0
1785802317506 3828 2148 1680 0
1785802317596 360320 356544 3776 0
1785802317672 54901036 54896756 4280 0
1785802317751 54928756 54924476 4280 0
1785802317840 54928756 54924476 4280 0
1785802317924 54928756 54924476 4280 0
1785802317963 54928744 54924468 4276 0
1785802318001 54977056 54973936 3120 0
1785802318096 601936 598564 3372 0
1785802318336 55136052 55131768 4284 0
1785802318439 55230808 55226812 3996 0
1785802318541 55273964 55269964 4000 0
1785802318645 55277096 55269964 7132 0
1785802318757 55277096 55269964 7132 0
1785802318868 55277096 55269964 7132 0
1785802318914 55277096 55269964 7132 0
1785802318959 55277096 55269964 7132 0
1785802319006 55277096 55269964 7132 0
1785802319049 55277096 55269964 7132 0
1785802319092 55277096 55269964 7132 0
1785802319137 55277096 55269964 7132 0
1785802319184 55279144 55272012 7132 0
1785802319295 55279144 55272012 7132 0
1785802319342 55279144 55272012 7132 0
1785802319384 55279144 55272012 7132 0
1785802319432 55279144 55272012 7132 0
1785802319476 55281192 55274060 7132 0
1785802319522 55281192 55274060 7132 0
1785802319624 55281192 55274060 7132 0
1785802319671 55281192 55274060 7132 0
1785802319716 55281192 55274060 7132 0
1785802319762 55281192 55274060 7132 0
1785802319809 55281192 55274060 7132 0
1785802319854 55281192 55274060 7132 0
1785802319900 55281192 55274060 7132 0
1785802319947 55281192 55274060 7132 0
1785802319993 55281192 55274060 7132 0
1785802320039 55281192 55274060 7132 0
1785802320086 55281192 55274060 7132 0
1785802320132 55281192 55274060 7132 0
1785802320179 55281192 55274060 7132 0
1785802320225 55281192 55274060 7132 0
1785802320271 55281192 55274060 7132 0
1785802320318 55281192 55274060 7132 0
1785802320365 55281192 55274060 7132 0
1785802320410 55281192 55274060 7132 0
1785802320456 55281192 55274060 7132 0
1785802320499 55281192 55274060 7132 0
1785802320546 55281192 55274060 7132 0
1785802320587 55281192 55274060 7132 0
1785802320626 55281192 55274060 7132 0
1785802320665 55281192 55274060 7132 0
1785802320705 55281192 55274060 7132 0
1785802320743 55281192 55274060 7132 0
1785802320788 55281192 55274060 7132 0
1785802320833 55281192 55274060 7132 0
1785802320879 55281192 55274060 7132 0
1785802320916 55281192 55274060 7132 0
1785802320954 55281192 55274060 7132 0
1785802320994 55281192 55274060 7132 0
1785802321040 55281192 55274060 7132 0
1785802321081 55281192 55274060 7132 0
1785802321118 55281192 55274060 7132 0
1785802321155 55281192 55274060 7132 0
1785802321192 55281192 55274060 7132 0
1785802321227 55281192 55274060 7132 0
1785802321271 55281192 55274060 7132 0
1785802321309 55281192 55274060 7132 0
1785802321346 55281192 55274060 7132 0
1785802321393 55281192 55274060 7132 0
1785802321456 55281192 55274060 7132 0
1785802321495 55281192 55274060 7132 0
1785802321543 55281192 55274060 7132 0
1785802321583 55281192 55274060 7132 0
1785802321624 55281192 55274060 7132 0
1785802321664 55281192 55274060 7132 0
1785802321709 55281192 55274060 7132 0
1785802321755 55281192 55274060 7132 0
1785802321794 55281192 55274060 7132 0
1785802321840 55281192 55274060 7132 0
1785802321877 55281192 55274060 7132 0
1785802321914 55281192 55274060 7132 0
1785802321955 55281192 55274060 7132 0
1785802322003 55281192 55274060 7132 0
1785802322041 55281192 55274060 7132 0
1785802322087 55281192 55274060 7132 0
1785802322133 55281192 55274060 7132 0
1785802322178 55281192 55274060 7132 0
1785802322219 55281192 55274060 7132 0
1785802322264 55281192 55274060 7132 0
1785802322310 55281192 55274060 7132 0
1785802322356 55281192 55274060 7132 0
1785802322393 55281192 55274060 7132 0
1785802322437 55281192 55274060 7132 0
1785802322485 55281192 55274060 7132 0
1785802322524 55281192 55274060 7132 0
1785802322562 55281192 55274060 7132 0
1785802322607 55281192 55274060 7132 0
1785802322653 55281192 55274060 7132 0
1785802322693 55281192 55274060 7132 0
1785802322736 55281192 55274060 7132 0
1785802322785 55281192 55274060 7132 0
1785802322829 55281192 55274060 7132 0
1785802322874 55281192 55274060 7132 0
1785802322921 55281192 55274060 7132 0
1785802322969 55281048 55273920 7128 0
1785802323016 865512 859560 5952 0
1785802323280 894816 890040 4776 0
1785802323395 6680 2148 4532 0
1785802323485 55482360 55475228 7132 0
1785802323601 55482360 55475228 7132 0
1785802323727 55482348 55475220 7128 0
1785802323770 55558904 55551772 7132 0
1785802323873 55558760 55551632 7128 0
1785802323916 55520840 55513708 7132 0
1785802324034 55520696 55513568 7128 0
1785802324075 55483972 55476840 7132 0
1785802324118 55483972 55476840 7132 0
1785802324160 55483972 55476840 7132 0
1785802324211 55483972 55476840 7132 0
1785802324260 55483972 55476840 7132 0
1785802324310 55483972 55476840 7132 0
1785802324355 55483972 55476840 7132 0
1785802324404 55483972 55476840 7132 0
1785802324446 55483972 55476840 7132 0
1785802324488 55483972 55476840 7132 0
1785802324529 55483972 55476840 7132 0
1785802324570 55476016 55472944 3072 0
1785802324622 55564548 55557416 7132 0
1785802324676 55580980 55573852 7128 0
1785802324721 55593420 55586288 7132 0
1785802324808 55593276 55586148 7128 0
1785802324851 55622212 55615080 7132 0
1785802324938 55622212 55615080 7132 0
1785802324991 55622212 55615080 7132 0
1785802325035 55622212 55615080 7132 0
1785802325080 55622212 55615080 7132 0
1785802325123 55622212 55615080 7132 0
1785802325175 55622212 55615080 7132 0
1785802325229 55622212 55615080 7132 0
1785802325282 55622212 55615080 7132 0
1785802325335 55622212 55615080 7132 0
1785802325391 55622212 55615080 7132 0
1785802325440 55622212 55615080 7132 0
1785802325482 55622212 55615080 7132 0
1785802325530 55622212 55615080 7132 0
1785802325575 55622212 55615080 7132 0
1785802325617 55622212 55615080 7132 0
1785802325659 55622212 55615080 7132 0
1785802325702 55622212 55615080 7132 0
1785802325748 55622212 55615080 7132 0
1785802325792 55622212 55615080 7132 0
1785802325838 55622216 55615080 7136 0
1785802325926 55566904 55559768 7136 0
1785802325969 55566904 55559768 7136 0
1785802326015 55566904 55559768 7136 0
1785802326058 55566904 55559768 7136 0
1785802326099 55566904 55559768 7136 0
1785802326151 55566904 55559768 7136 0
1785802326193 55566904 55559768 7136 0
1785802326247 55566904 55559768 7136 0
1785802326302 55566904 55559768 7136 0
1785802326350 55566904 55559768 7136 0
1785802326403 55566904 55559768 7136 0
1785802326446 55566904 55559768 7136 0
1785802326501 55566904 55559768 7136 0
1785802326553 55566904 55559768 7136 0
1785802326605 55566904 55559768 7136 0
1785802326658 55507512 55500376 7136 0
1785802326703 55507512 55500376 7136 0
1785802326754 55507512 55500376 7136 0
1785802326806 55507512 55500376 7136 0
1785802326850 55507512 55500376 7136 0
1785802326903 55507512 55500376 7136 0
1785802326953 55507512 55500376 7136 0
1785802326995 55507512 55500376 7136 0
1785802327046 55507512 55500376 7136 0
1785802327096 55507512 55500376 7136 0
1785802327148 55507512 55500376 7136 0
1785802327192 55507512 55500376 7136 0
1785802327245 55507512 55500376 7136 0
1785802327297 55507512 55500376 7136 0
1785802327342 55507512 55500376 7136 0
1785802327391 55507512 55500376 7136 0
1785802327442 55507512 55500376 7136 0
1785802327489 55507512 55500376 7136 0
1785802327532 55507512 55500376 7136 0
1785802327575 55507512 55500376 7136 0
1785802327620 55507512 55500376 7136 0
1785802327665 55507512 55500376 7136 0
1785802327706 55507512 55500376 7136 0
1785802327751 55507512 55500376 7136 0
1785802327801 55507512 55500376 7136 0
1785802327846 55507512 55500376 7136 0
1785802327895 55507512 55500376 7136 0
1785802327946 55507512 55500376 7136 0
1785802327997 55507512 55500376 7136 0
1785802328045 55507512 55500376 7136 0
1785802328097 55507512 55500376 7136 0
1785802328159 55507512 55500376 7136 0
1785802328211 55507512 55500376 7136 0
1785802328254 55507512 55500376 7136 0
1785802328307 55507512 55500376 7136 0
1785802328351 55507512 55500376 7136 0
1785802328393 55507512 55500376 7136 0
1785802328444 55507512 55500376 7136 0
1785802328488 55507512 55500376 7136 0
1785802328529 55507512 55500376 7136 0
1785802328571 55507512 55500376 7136 0
1785802328620 55507512 55500376 7136 0
1785802328670 55507512 55500376 7136 0
1785802328713 55507512 55500376 7136 0
1785802328763 55507512 55500376 7136 0
1785802328815 55507512 55500376 7136 0
1785802328859 55507512 55500376 7136 0
1785802328907 55507512 55500376 7136 0
1785802328953 55507512 55500376 7136 0
1785802328998 55507512 55500376 7136 0
1785802329048 55507512 55500376 7136 0
1785802329098 55507512 55500376 7136 0
1785802329142 55507512 55500376 7136 0
1785802329192 55507512 55500376 7136 0
1785802329241 55507512 55500376 7136 0
1785802329288 55507512 55500376 7136 0
1785802329335 55507512 55500376 7136 0
1785802329378 55507512 55500376 7136 0
1785802329427 55507512 55500376 7136 0
1785802329478 55507512 55500376 7136 0
1785802329529 55507512 55500376 7136 0
1785802329581 55507512 55500376 7136 0
1785802329635 55507512 55500376 7136 0
1785802329687 1143188 1136292 6896 0
1785802329734 55574976 55567840 7136 0
1785802329780 55596472 55589336 7136 0
1785802329834 55596472 55589336 7136 0
1785802329886 55596472 55589336 7136 0
1785802329940 55596472 55589336 7136 0
1785802329993 55596472 55589336 7136 0
1785802330047 55596472 55589336 7136 0
1785802330101 55596472 55589336 7136 0
1785802330155 55596472 55589336 7136 0
1785802330209 55596472 55589336 7136 0
1785802330264 55596472 55589336 7136 0
1785802330317 55596472 55589336 7136 0
1785802330373 55596472 55589336 7136 0
1785802330426 55602624 55595488 7136 0
1785802330474 55620628 55616936 3692 0
1785802330524 55624120 55616984 7136 0
1785802330781 55624120 55616984 7136 0
1785802330836 55624120 55616984 7136 0
1785802330890 55624120 55616984 7136 0
1785802330946 55624120 55616984 7136 0
1785802330999 55624120 55616984 7136 0
1785802331054 55624120 55616984 7136 0
1785802331106 55624120 55616984 7136 0
1785802331155 55624120 55616984 7136 0
1785802331205 55624120 55616984 7136 0
1785802331249 55624120 55616984 7136 0
1785802331299 55624120 55616984 7136 0
1785802331351 55624120 55616984 7136 0
1785802331403 55624120 55616984 7136 0
1785802331459 55623976 55616844 7132 0
1785802331511 55550632 55543496 7136 0
1785802331567 55550632 55543496 7136 0
1785802331619 55550632 55543496 7136 0
1785802331665 55550632 55543496 7136 0
1785802331712 55550632 55543496 7136 0
1785802331764 55550632 55543496 7136 0
1785802331817 55550632 55543496 7136 0
1785802331869 55550632 55543496 7136 0
1785802331921 55550632 55543496 7136 0
1785802331966 55550632 55543496 7136 0
1785802332018 55550632 55543496 7136 0
1785802332071 55550632 55543496 7136 0
1785802332125 55550632 55543496 7136 0
1785802332177 55550632 55543496 7136 0
1785802332231 55550488 55543356 7132 0
1785802332285 55337872 55330736 7136 0
1785802332335 55337872 55330736 7136 0
1785802332382 55337872 55330736 7136 0
1785802332422 55337872 55330736 7136 0
1785802332461 55337872 55330736 7136 0
1785802332505 55337872 55330736 7136 0
1785802332553 55337872 55330736 7136 0
1785802332598 55337872 55330736 7136 0
1785802332644 55337872 55330736 7136 0
1785802332693 55337872 55330736 7136 0
1785802332740 55337872 55330736 7136 0
1785802332781 55337872 55330736 7136 0
1785802332826 55337872 55330736 7136 0
1785802332870 55337872 55330736 7136 0
1785802332915 55337872 55330736 7136 0
1785802332962 55337872 55330736 7136 0
1785802333002 55337872 55330736 7136 0
1785802333052 55337872 55330736 7136 0
1785802333099 55337872 55330736 7136 0
1785802333145 55337872 55330736 7136 0
1785802333191 55337872 55330736 7136 0
1785802333239 55337872 55330736 7136 0
1785802333288 55337872 55330736 7136 0
1785802333337 55337872 55330736 7136 0
1785802333383 55337872 55330736 7136 0
1785802333426 55337872 55330736 7136 0
1785802333470 55337872 55330736 7136 0
1785802333517 55337872 55330736 7136 0
1785802333564 55337872 55330736 7136 0
1785802333606 55337872 55330736 7136 0
1785802333654 55337872 55330736 7136 0
1785802333701 55337872 55330736 7136 0
1785802333745 55337872 55330736 7136 0
1785802333793 55337872 55330736 7136 0
1785802333833 55337872 55330736 7136 0
1785802333880 55337872 55330736 7136 0
1785802333926 55337872 55330736 7136 0
1785802333973 55337872 55330736 7136 0
1785802334014 55337872 55330736 7136 0
1785802334057 55337872 55330736 7136 0
1785802334106 55337872 55330736 7136 0
1785802334149 55337872 55330736 7136 0
1785802334192 55337872 55330736 7136 0
1785802334240 55337872 55330736 7136 0
1785802334281 55337872 55330736 7136 0
1785802334324 55337872 55330736 7136 0
1785802334366 55337872 55330736 7136 0
1785802334414 55337872 55330736 7136 0
1785802334455 55337872 55330736 7136 0
1785802334503 55337872 55330736 7136 0
1785802334544 55337872 55330736 7136 0
1785802334592 55337872 55330736 7136 0
1785802334643 55337872 55330736 7136 0
1785802334692 55337872 55330736 7136 0
1785802334742 55337872 55330736 7136 0
1785802334790 55337872 55330736 7136 0
1785802334839 55337872 55330736 7136 0
1785802334883 55337872 55330736 7136 0
1785802334931 55337872 55330736 7136 0
1785802334981 55337872 55330736 7136 0
1785802335025 55337872 55330736 7136 0
1785802335068 55337872 55330736 7136 0
1785802335113 55337872 55330736 7136 0
1785802335163 55337872 55330736 7136 0
1785802335204 55337872 55330736 7136 0
1785802335253 55337872 55330736 7136 0
1785802335300 55337872 55330736 7136 0
1785802335346 55358916 55351784 7132 0
1785802335395 54474072 54470444 3628 0
1785802335422 34932 30396 4536 0
1785802335442 55450972 55447852 3120 0
1785802335491 55568616 55564620 3996 0
1785802335546 55571908 55564772 7136 0
1785802335594 55594556 55587420 7136 0
1785802335643 55594556 55587420 7136 0
1785802335695 55594412 55587280 7132 0
1785802335749 55557688 55550552 7136 0
1785802335805 55557688 55550552 7136 0
1785802335858 55557688 55550552 7136 0
1785802335910 55557688 55550552 7136 0
1785802335961 55557688 55550552 7136 0
1785802336010 55557688 55550552 7136 0
1785802336064 55557688 55550552 7136 0
1785802336115 55557688 55550552 7136 0
1785802336169 55557688 55550552 7136 0
1785802336221 55557688 55550552 7136 0
1785802336273 55557544 55550412 7132 0
1785802336326 55600704 55593568 7136 0
1785802336374 55622584 55615448 7136 0
1785802336420 55622584 55615448 7136 0
1785802336461 55622584 55615448 7136 0
1785802336514 55622584 55615448 7136 0
1785802336566 55622584 55615448 7136 0
1785802336619 55622584 55615448 7136 0
1785802336673 55622584 55615448 7136 0
1785802336727 55622584 55615448 7136 0
1785802336782 55622584 55615448 7136 0
1785802336835 55622584 55615448 7136 0
1785802336887 55622584 55615448 7136 0
1785802336938 55622584 55615448 7136 0
1785802336991 55622584 55615448 7136 0
1785802337044 55622584 55615448 7136 0
1785802337095 55622584 55615448 7136 0
1785802337145 55622584 55615448 7136 0
1785802337200 55622584 55615448 7136 0
1785802337255 55622584 55615448 7136 0
1785802337305 55622584 55615448 7136 0
1785802337355 55622584 55615448 7136 0
1785802337408 55622584 55615448 7136 0
1785802337461 55487736 55480600 7136 0
1785802337505 55487736 55480600 7136 0
1785802337559 55487736 55480600 7136 0
1785802337612 55487736 55480600 7136 0
1785802337663 55487736 55480600 7136 0
1785802337712 55487736 55480600 7136 0
1785802337760 55487736 55480600 7136 0
1785802337814 55487736 55480600 7136 0
1785802337865 55487736 55480600 7136 0
1785802337909 55487736 55480600 7136 0
1785802337962 55487736 55480600 7136 0
1785802338014 55487736 55480600 7136 0
1785802338067 55487736 55480600 7136 0
1785802338121 55487736 55480600 7136 0
1785802338175 55487736 55480600 7136 0
1785802338229 55190204 55183068 7136 0
1785802338276 55190204 55183068 7136 0
1785802338322 55190204 55183068 7136 0
1785802338365 55190204 55183068 7136 0
1785802338405 55190204 55183068 7136 0
1785802338448 55190204 55183068 7136 0
1785802338493 55190204 55183068 7136 0
1785802338535 55190204 55183068 7136 0
1785802338574 55190204 55183068 7136 0
1785802338619 55190204 55183068 7136 0
1785802338662 55190204 55183068 7136 0
1785802338708 55190204 55183068 7136 0
1785802338748 55190204 55183068 7136 0
1785802338785 55190204 55183068 7136 0
1785802338821 55190204 55183068 7136 0
1785802338866 55190204 55183068 7136 0
1785802338905 55190204 55183068 7136 0
1785802338949 55190204 55183068 7136 0
1785802338994 55190204 55183068 7136 0
1785802339031 55190204 55183068 7136 0
1785802339073 55190204 55183068 7136 0
1785802339108 55190204 55183068 7136 0
1785802339153 55190204 55183068 7136 0
1785802339197 55190204 55183068 7136 0
1785802339241 55190204 55183068 7136 0
1785802339280 55190204 55183068 7136 0
1785802339321 55190204 55183068 7136 0
1785802339359 55190204 55183068 7136 0
1785802339397 55190204 55183068 7136 0
1785802339439 55190204 55183068 7136 0
1785802339484 55190204 55183068 7136 0
1785802339529 55190204 55183068 7136 0
1785802339570 55190204 55183068 7136 0
1785802339609 55190204 55183068 7136 0
1785802339647 55190204 55183068 7136 0
1785802339687 55190204 55183068 7136 0
1785802339724 55190204 55183068 7136 0
1785802339761 55190204 55183068 7136 0
1785802339806 55190204 55183068 7136 0
1785802339851 55190204 55183068 7136 0
1785802339889 55190204 55183068 7136 0
1785802339934 55190204 55183068 7136 0
1785802339976 55190204 55183068 7136 0
1785802340022 55190204 55183068 7136 0
1785802340062 55190204 55183068 7136 0
1785802340108 55190204 55183068 7136 0
1785802340152 55190204 55183068 7136 0
1785802340194 55190204 55183068 7136 0
1785802340233 55190204 55183068 7136 0
1785802340270 55190204 55183068 7136 0
1785802340311 55190204 55183068 7136 0
1785802340356 55190204 55183068 7136 0
1785802340393 55190204 55183068 7136 0
1785802340434 55190204 55183068 7136 0
1785802340479 55190204 55183068 7136 0
1785802340524 55190204 55183068 7136 0
1785802340563 55190204 55183068 7136 0
1785802340611 55190204 55183068 7136 0
1785802340657 55190204 55183068 7136 0
1785802340703 55190204 55183068 7136 0
1785802340745 55190204 55183068 7136 0
1785802340790 55190204 55183068 7136 0
1785802340836 55190204 55183068 7136 0
1785802340883 55190204 55183068 7136 0
1785802340927 55190204 55183068 7136 0
1785802340975 55190204 55183068 7136 0
1785802341016 55190204 55183068 7136 0
1785802341054 55190204 55183068 7136 0
1785802341099 55190204 55183068 7136 0
1785802341137 55190204 55183068 7136 0
1785802341175 55190204 55183068 7136 0
1785802341221 55190204 55183068 7136 0
1785802341266 55190204 55183068 7136 0
1785802341308 55190060 55182928 7132 0
1785802341355 54436356 54433564 2792 0
1785802341381 55276696 55273064 3632 0
1785802341430 55315632 55311760 3872 0
1785802341473 55353600 55350480 3120 0
1785802341518 55393628 55390596 3032 0
1785802341573 55431608 55428488 3120 0
1785802341626 54503656 54499900 3756 0
1785802341653 55571908 55564772 7136 0
1785802341700 55594556 55587420 7136 0
1785802341748 55594556 55587420 7136 0
1785802341804 55594412 55587280 7132 0
1785802341857 55557688 55550552 7136 0
1785802341912 55557688 55550552 7136 0
1785802341968 55557688 55550552 7136 0
1785802342025 55557688 55550552 7136 0
1785802342084 55557688 55550552 7136 0
1785802342136 55557688 55550552 7136 0
1785802342190 55557688 55550552 7136 0
1785802342245 55557688 55550552 7136 0
1785802342301 55557688 55550552 7136 0
1785802342355 55557688 55550552 7136 0
1785802342408 55572840 55568840 4000 0
1785802342462 55600704 55593568 7136 0
1785802342510 55600704 55593568 7136 0
1785802342555 55622584 55615448 7136 0
1785802342606 55622584 55615448 7136 0
1785802342660 55622584 55615448 7136 0
1785802342713 55622584 55615448 7136 0
1785802342767 55622584 55615448 7136 0
1785802342820 55622584 55615448 7136 0
1785802342874 55622584 55615448 7136 0
1785802342928 55622584 55615448 7136 0
1785802342983 55622584 55615448 7136 0
1785802343035 55622584 55615448 7136 0
1785802343088 55622584 55615448 7136 0
1785802343139 55622584 55615448 7136 0
1785802343193 55622584 55615448 7136 0
1785802343240 55622584 55615448 7136 0
1785802343294 55622584 55615448 7136 0
1785802343351 55622584 55615448 7136 0
1785802343406 55622584 55615448 7136 0
1785802343462 55622584 55615448 7136 0
1785802343516 55622584 55615448 7136 0
1785802343569 55622584 55615448 7136 0
1785802343623 55622584 55615448 7136 0
1785802343679 55622584 55615448 7136 0
1785802343733 55622584 55615448 7136 0
1785802343779 55622584 55615448 7136 0
1785802343833 55622584 55615448 7136 0
1785802343883 55622584 55615448 7136 0
1785802343934 55622584 55615448 7136 0
1785802343987 55622584 55615448 7136 0
1785802344037 55622584 55615448 7136 0
1785802344091 55622584 55615448 7136 0
1785802344142 55622584 55615448 7136 0
1785802344197 55622584 55615448 7136 0
1785802344249 55622584 55615448 7136 0
1785802344303 55622584 55615448 7136 0
1785802344357 55622584 55615448 7136 0
1785802344410 55467796 55460660 7136 0
1785802344462 55186892 55183056 3836 0
1785802344504 55190204 55183068 7136 0
1785802344543 55190204 55183068 7136 0
1785802344587 55190204 55183068 7136 0
1785802344628 55190204 55183068 7136 0
1785802344665 55190204 55183068 7136 0
1785802344708 55190204 55183068 7136 0
1785802344748 55190204 55183068 7136 0
1785802344788 55190204 55183068 7136 0
1785802344827 55190204 55183068 7136 0
1785802344869 55190204 55183068 7136 0
1785802344912 55190204 55183068 7136 0
1785802344951 55190204 55183068 7136 0
1785802344995 55190204 55183068 7136 0
1785802345039 55190204 55183068 7136 0
1785802345080 55190204 55183068 7136 0
1785802345118 55190204 55183068 7136 0
1785802345154 55190204 55183068 7136 0
1785802345198 55190204 55183068 7136 0
1785802345238 55190204 55183068 7136 0
1785802345280 55190204 55183068 7136 0
1785802345319 55190204 55183068 7136 0
1785802345356 55190204 55183068 7136 0
1785802345401 55190204 55183068 7136 0
1785802345442 55190204 55183068 7136 0
1785802345485 55190204 55183068 7136 0
1785802345526 55190204 55183068 7136 0
1785802345565 55190204 55183068 7136 0
1785802345604 55190204 55183068 7136 0
1785802345646 55190204 55183068 7136 0
1785802345687 55190204 55183068 7136 0
1785802345731 55190204 55183068 7136 0
1785802345776 55190204 55183068 7136 0
1785802345821 55190204 55183068 7136 0
1785802345864 55190204 55183068 7136 0
1785802345905 55190204 55183068 7136 0
1785802345950 55190204 55183068 7136 0
1785802345993 55190204 55183068 7136 0
1785802346034 55190204 55183068 7136 0
1785802346076 55190204 55183068 7136 0
1785802346113 55190204 55183068 7136 0
1785802346151 55190204 55183068 7136 0
1785802346195 55190204 55183068 7136 0
1785802346231 55190204 55183068 7136 0
1785802346271 55190204 55183068 7136 0
1785802346315 55190204 55183068 7136 0
1785802346354 55190204 55183068 7136 0
1785802346398 55190204 55183068 7136 0
1785802346438 55190204 55183068 7136 0
1785802346477 55190204 55183068 7136 0
1785802346519 55190204 55183068 7136 0
1785802346556 55190204 55183068 7136 0
1785802346599 55190204 55183068 7136 0
1785802346640 55190204 55183068 7136 0
1785802346678 55190204 55183068 7136 0
1785802346716 55190204 55183068 7136 0
1785802346753 55190204 55183068 7136 0
1785802346790 55190204 55183068 7136 0
1785802346837 55190204 55183068 7136 0
1785802346880 55190204 55183068 7136 0
1785802346926 55190204 55183068 7136 0
1785802346969 55190204 55183068 7136 0
1785802347010 55190204 55183068 7136 0
1785802347052 55190204 55183068 7136 0
1785802347092 55190204 55183068 7136 0
1785802347139 55190204 55183068 7136 0
1785802347178 55190204 55183068 7136 0
1785802347216 55190204 55183068 7136 0
1785802347260 55190204 55183068 7136 0
1785802347303 55190204 55183068 7136 0
1785802347349 55190204 55183068 7136 0
1785802347392 55190204 55183068 7136 0
1785802347437 55190204 55183068 7136 0
1785802347478 55190204 55183068 7136 0
1785802347523 55190204 55183068 7136 0
1785802347571 55190204 55183068 7136 0
1785802347616 54437208 54433580 3628 0
1785802347642 55207704 55204072 3632 0
1785802347684 55287268 55284668 2600 0
1785802347733 55323648 55320268 3380 0
1785802347785 55357292 55353924 3368 0
1785802347833 55393476 55390096 3380 0
1785802347879 55432084 55429012 3072 0
1785802347933 54503476 54499848 3628 0
1785802347960 55571908 55564772 7136 0
1785802348011 55590384 55587356 3028 0
1785802348065 55594556 55587420 7136 0
1785802348120 55594412 55587280 7132 0
1785802348175 55557688 55550552 7136 0
1785802348231 55557688 55550552 7136 0
1785802348288 55557688 55550552 7136 0
1785802348343 55557688 55550552 7136 0
1785802348398 55557688 55550552 7136 0
1785802348450 55557688 55550552 7136 0
1785802348503 55557688 55550552 7136 0
1785802348558 55557688 55550552 7136 0
1785802348610 55557688 55550552 7136 0
1785802348661 55557688 55550552 7136 0
1785802348714 55557544 55550412 7132 0
1785802348767 55600704 55593568 7136 0
1785802348817 55622584 55615448 7136 0
1785802348866 55622584 55615448 7136 0
1785802348923 55622584 55615448 7136 0
1785802348977 55622584 55615448 7136 0
1785802349032 55622584 55615448 7136 0
1785802349085 55622584 55615448 7136 0
1785802349140 55622584 55615448 7136 0
1785802349194 55622584 55615448 7136 0
1785802349250 55622584 55615448 7136 0
1785802349306 55622584 55615448 7136 0
1785802349360 55622584 55615448 7136 0
1785802349413 55622584 55615448 7136 0
1785802349467 55622584 55615448 7136 0
1785802349522 55622584 55615448 7136 0
1785802349576 55622584 55615448 7136 0
1785802349631 55622440 55615308 7132 0
1785802349689 55551672 55544536 7136 0
1785802349743 55551672 55544536 7136 0
1785802349797 55551672 55544536 7136 0
1785802349852 55551672 55544536 7136 0
1785802349908 55551672 55544536 7136 0
1785802349962 55551672 55544536 7136 0
1785802350017 55551672 55544536 7136 0
1785802350071 55551672 55544536 7136 0
1785802350125 55551672 55544536 7136 0
1785802350176 55551672 55544536 7136 0
1785802350228 55551672 55544536 7136 0
1785802350282 55551672 55544536 7136 0
1785802350338 55551672 55544536 7136 0
1785802350391 55551672 55544536 7136 0
1785802350447 55546908 55544308 2600 0
1785802350502 55190204 55183068 7136 0
1785802350549 55190204 55183068 7136 0
1785802350591 55190204 55183068 7136 0
1785802350633 55190204 55183068 7136 0
1785802350677 55190204 55183068 7136 0
1785802350719 55190204 55183068 7136 0
1785802350761 55190204 55183068 7136 0
1785802350806 55190204 55183068 7136 0
1785802350848 55190204 55183068 7136 0
1785802350888 55190204 55183068 7136 0
1785802350930 55190204 55183068 7136 0
1785802350969 55190204 55183068 7136 0
1785802351005 55190204 55183068 7136 0
1785802351046 55190204 55183068 7136 0
1785802351090 55190204 55183068 7136 0
1785802351130 55190204 55183068 7136 0
1785802351174 55190204 55183068 7136 0
1785802351217 55190204 55183068 7136 0
1785802351261 55190204 55183068 7136 0
1785802351304 55190204 55183068 7136 0
1785802351347 55190204 55183068 7136 0
1785802351392 55190204 55183068 7136 0
1785802351437 55190204 55183068 7136 0
1785802351478 55190204 55183068 7136 0
1785802351523 55190204 55183068 7136 0
1785802351566 55190204 55183068 7136 0
1785802351605 55190204 55183068 7136 0
1785802351643 55190204 55183068 7136 0
1785802351687 55190204 55183068 7136 0
1785802351731 55190204 55183068 7136 0
1785802351774 55190204 55183068 7136 0
1785802351814 55190204 55183068 7136 0
1785802351855 55190204 55183068 7136 0
1785802351893 55190204 55183068 7136 0
1785802351936 55190204 55183068 7136 0
1785802351974 55190204 55183068 7136 0
1785802352018 55190204 55183068 7136 0
1785802352061 55190204 55183068 7136 0
1785802352103 55190204 55183068 7136 0
1785802352144 55190204 55183068 7136 0
1785802352187 55190204 55183068 7136 0
1785802352231 55190204 55183068 7136 0
1785802352273 55190204 55183068 7136 0
1785802352314 55190204 55183068 7136 0
1785802352355 55190204 55183068 7136 0
1785802352395 55190204 55183068 7136 0
1785802352439 55190204 55183068 7136 0
1785802352479 55190204 55183068 7136 0
1785802352522 55190204 55183068 7136 0
1785802352562 55190204 55183068 7136 0
1785802352599 55190204 55183068 7136 0
1785802352643 55190204 55183068 7136 0
1785802352689 55190204 55183068 7136 0
1785802352731 55190204 55183068 7136 0
1785802352773 55190204 55183068 7136 0
1785802352813 55190204 55183068 7136 0
1785802352852 55190204 55183068 7136 0
1785802352889 55190204 55183068 7136 0
1785802352926 55190204 55183068 7136 0
1785802352970 55190204 55183068 7136 0
1785802353013 55190204 55183068 7136 0
1785802353052 55190204 55183068 7136 0
1785802353095 55190204 55183068 7136 0
1785802353137 55190204 55183068 7136 0
1785802353181 55190204 55183068 7136 0
1785802353222 55190204 55183068 7136 0
1785802353264 55190204 55183068 7136 0
1785802353309 55190204 55183068 7136 0
1785802353351 55190204 55183068 7136 0
1785802353389 55190204 55183068 7136 0
1785802353432 55190204 55183068 7136 0
1785802353473 55190204 55183068 7136 0
1785802353515 55178676 55175296 3380 0
1785802353558 55218932 55215556 3376 0
1785802353604 55287596 55284476 3120 0
1785802353647 55323764 55320644 3120 0
1785802353692 55390256 55387136 3120 0
1785802353743 55397236 55394164 3072 0
1785802353791 55435252 55432180 3072 0
1785802353844 55556320 55552328 3992 0
1785802353897 55571908 55564772 7136 0
1785802353945 55580576 55577976 2600 0
1785802353997 55594556 55587420 7136 0
1785802354052 55594412 55587280 7132 0
1785802354106 55557688 55550552 7136 0
1785802354162 55557688 55550552 7136 0
1785802354216 55557688 55550552 7136 0
1785802354270 55557688 55550552 7136 0
1785802354325 55557688 55550552 7136 0
1785802354381 55557688 55550552 7136 0
1785802354435 55557688 55550552 7136 0
1785802354490 55557688 55550552 7136 0
1785802354543 55557688 55550552 7136 0
1785802354598 55557688 55550552 7136 0
1785802354652 55557688 55550552 7136 0
1785802354706 55572836 55568840 3996 0
1785802354761 55600704 55593568 7136 0
1785802354814 55612840 55605708 7132 0
1785802354870 55622200 55615064 7136 0
1785802354924 55622200 55615064 7136 0
1785802354976 55622200 55615064 7136 0
1785802355031 55622200 55615064 7136 0
1785802355085 55622200 55615064 7136 0
1785802355139 55622200 55615064 7136 0
1785802355192 55622200 55615064 7136 0
1785802355246 55622200 55615064 7136 0
1785802355300 55622200 55615064 7136 0
1785802355351 55622200 55615064 7136 0
1785802355408 55622200 55615064 7136 0
1785802355460 55622200 55615064 7136 0
1785802355507 55622200 55615064 7136 0
1785802355561 55622200 55615064 7136 0
1785802355617 55622200 55615064 7136 0
1785802355671 55622200 55615064 7136 0
1785802355726 55622200 55615064 7136 0
1785802355782 55622200 55615064 7136 0
1785802355836 55622200 55615064 7136 0
1785802355895 55622200 55615064 7136 0
1785802355951 55622200 55615064 7136 0
1785802356007 55622200 55615064 7136 0
1785802356058 55622200 55615064 7136 0
1785802356112 55622200 55615064 7136 0
1785802356166 55622200 55615064 7136 0
1785802356217 55622200 55615064 7136 0
1785802356269 55622200 55615064 7136 0
1785802356318 55622200 55615064 7136 0
1785802356374 55622200 55615064 7136 0
1785802356427 55622200 55615064 7136 0
1785802356480 55622200 55615064 7136 0
1785802356535 55622200 55615064 7136 0
1785802356590 55622200 55615064 7136 0
1785802356644 55622056 55614924 7132 0
1785802356701 55337872 55330736 7136 0
1785802356753 55337872 55330736 7136 0
1785802356799 55337872 55330736 7136 0
1785802356848 55337872 55330736 7136 0
1785802356896 55337872 55330736 7136 0
1785802356942 55337872 55330736 7136 0
1785802356988 55337872 55330736 7136 0
1785802357032 55337872 55330736 7136 0
1785802357075 55337872 55330736 7136 0
1785802357126 55337872 55330736 7136 0
1785802357174 55337872 55330736 7136 0
1785802357222 55337872 55330736 7136 0
1785802357269 55337872 55330736 7136 0
1785802357314 55337872 55330736 7136 0
1785802357360 55337872 55330736 7136 0
1785802357402 55337872 55330736 7136 0
1785802357451 55337872 55330736 7136 0
1785802357495 55337872 55330736 7136 0
1785802357542 55337872 55330736 7136 0
1785802357588 55337872 55330736 7136 0
1785802357638 55337872 55330736 7136 0
1785802357685 55337872 55330736 7136 0
1785802357732 55337872 55330736 7136 0
1785802357775 55337872 55330736 7136 0
1785802357825 55337872 55330736 7136 0
1785802357872 55337872 55330736 7136 0
1785802357916 55337872 55330736 7136 0
1785802357965 55337872 55330736 7136 0
1785802358014 55337872 55330736 7136 0
1785802358064 55337872 55330736 7136 0
1785802358110 55337872 55330736 7136 0
1785802358160 55337872 55330736 7136 0
1785802358208 55337872 55330736 7136 0
1785802358252 55337872 55330736 7136 0
1785802358297 55337872 55330736 7136 0
1785802358340 55337872 55330736 7136 0
1785802358386 55337872 55330736 7136 0
1785802358428 55337872 55330736 7136 0
1785802358477 55337872 55330736 7136 0
1785802358521 55337872 55330736 7136 0
1785802358570 55337872 55330736 7136 0
1785802358617 55337872 55330736 7136 0
1785802358665 55337872 55330736 7136 0
1785802358713 55337872 55330736 7136 0
1785802358762 55337872 55330736 7136 0
1785802358805 55337872 55330736 7136 0
1785802358854 55337872 55330736 7136 0
1785802358901 55337872 55330736 7136 0
1785802358950 55337872 55330736 7136 0
1785802358995 55337872 55330736 7136 0
1785802359045 55337872 55330736 7136 0
1785802359096 55337872 55330736 7136 0
1785802359142 55337872 55330736 7136 0
1785802359189 55337872 55330736 7136 0
1785802359240 55337872 55330736 7136 0
1785802359290 55337872 55330736 7136 0
1785802359340 55337872 55330736 7136 0
1785802359393 55337872 55330736 7136 0
1785802359440 55258464 55251328 7136 0
1785802359482 55258464 55251328 7136 0
1785802359531 55258464 55251328 7136 0
1785802359579 55258464 55251328 7136 0
1785802359625 55258464 55251328 7136 0
1785802359674 55258464 55251328 7136 0
1785802359718 55258464 55251328 7136 0
1785802359758 55258320 55251188 7132 0
1785802359804 55291176 55288056 3120 0
1785802359853 55328804 55325100 3704 0
1785802359903 929928 923908 6020 0
1785802359947 55403620 55399624 3996 0
1785802359996 55470500 55466756 3744 0
1785802360050 55562480 55558480 4000 0
1785802360104 55571908 55564772 7136 0
1785802360155 55585196 55578064 7132 0
1785802360210 55594556 55587420 7136 0
1785802360266 55594412 55587280 7132 0
1785802360321 55557688 55550552 7136 0
1785802360378 55557688 55550552 7136 0
1785802360434 55557688 55550552 7136 0
1785802360490 55557688 55550552 7136 0
1785802360543 55557688 55550552 7136 0
1785802360599 55557688 55550552 7136 0
1785802360647 55557688 55550552 7136 0
1785802360700 55557688 55550552 7136 0
1785802360753 55557688 55550552 7136 0
1785802360805 55557688 55550552 7136 0
1785802360855 55600704 55593568 7136 0
1785802360904 55600560 55593428 7132 0
1785802360952 55622584 55615448 7136 0
1785802361009 55622584 55615448 7136 0
1785802361064 55622584 55615448 7136 0
1785802361117 55622584 55615448 7136 0
1785802361170 55622584 55615448 7136 0
1785802361224 55622584 55615448 7136 0
1785802361280 55622584 55615448 7136 0
1785802361336 55622584 55615448 7136 0
1785802361392 55622584 55615448 7136 0
1785802361442 55622584 55615448 7136 0
1785802361498 55622584 55615448 7136 0
1785802361552 55622584 55615448 7136 0
1785802361605 55622584 55615448 7136 0
1785802361658 55622584 55615448 7136 0
1785802361710 55622584 55615448 7136 0
1785802361766 55622584 55615448 7136 0
1785802361822 55548396 55544396 4000 0
1785802361878 55477416 55470284 7132 0
1785802361934 55190204 55183068 7136 0
1785802361977 55190204 55183068 7136 0
1785802362017 55190204 55183068 7136 0
1785802362063 55190204 55183068 7136 0
1785802362107 55190204 55183068 7136 0
1785802362145 55190204 55183068 7136 0
1785802362189 55190204 55183068 7136 0
1785802362233 55190204 55183068 7136 0
1785802362278 55190060 55182928 7132 0
1785802362322 54436588 54433576 3012 0
1785802362349 55255352 55251784 3568 0
1785802362395 55325376 55318240 7136 0
1785802362439 55342360 55335224 7136 0
1785802362483 55342360 55335224 7136 0
1785802362532 55342360 55335224 7136 0
1785802362581 55342360 55335224 7136 0
1785802362630 55342360 55335224 7136 0
1785802362678 55342360 55335224 7136 0
1785802362724 55342360 55335224 7136 0
1785802362769 55342360 55335224 7136 0
1785802362811 55342360 55335224 7136 0
1785802362852 55342360 55335224 7136 0
1785802362901 55342360 55335224 7136 0
1785802362943 55342360 55335224 7136 0
1785802362984 55342360 55335224 7136 0
1785802363034 55342360 55335224 7136 0
1785802363077 55342360 55335224 7136 0
1785802363124 55342360 55335224 7136 0
1785802363173 55342360 55335224 7136 0
1785802363222 55342360 55335224 7136 0
1785802363270 55342360 55335224 7136 0
1785802363317 55342360 55335224 7136 0
1785802363360 55342360 55335224 7136 0
1785802363404 55342360 55335224 7136 0
1785802363445 55342360 55335224 7136 0
1785802363492 55342360 55335224 7136 0
1785802363535 55342360 55335224 7136 0
1785802363576 55342360 55335224 7136 0
1785802363617 55342360 55335224 7136 0
1785802363662 55342360 55335224 7136 0
1785802363703 55342360 55335224 7136 0
1785802363746 55342360 55335224 7136 0
1785802363795 55342360 55335224 7136 0
1785802363839 55342360 55335224 7136 0
1785802363887 55342360 55335224 7136 0
1785802363934 55342360 55335224 7136 0
1785802363978 55342360 55335224 7136 0
1785802364023 55342360 55335224 7136 0
1785802364070 55342360 55335224 7136 0
1785802364118 55342360 55335224 7136 0
1785802364160 55342360 55335224 7136 0
1785802364202 55342360 55335224 7136 0
1785802364251 55342360 55335224 7136 0
1785802364297 55342360 55335224 7136 0
1785802364345 55342360 55335224 7136 0
1785802364390 55342360 55335224 7136 0
1785802364432 55342360 55335224 7136 0
1785802364479 55342360 55335224 7136 0
1785802364526 55342360 55335224 7136 0
1785802364577 55342360 55335224 7136 0
1785802364623 55342360 55335224 7136 0
1785802364670 55342360 55335224 7136 0
1785802364713 55342360 55335224 7136 0
1785802364756 55342360 55335224 7136 0
1785802364801 55342360 55335224 7136 0
1785802364845 55342360 55335224 7136 0
1785802364887 55342360 55335224 7136 0
1785802364933 55342360 55335224 7136 0
1785802364977 55342360 55335224 7136 0
1785802365018 55342360 55335224 7136 0
1785802365066 55342360 55335224 7136 0
1785802365117 55342360 55335224 7136 0
1785802365165 55342360 55335224 7136 0
1785802365212 55342360 55335224 7136 0
1785802365260 55342360 55335224 7136 0
1785802365305 55342360 55335224 7136 0
1785802365354 55342360 55335224 7136 0
1785802365396 55342360 55335224 7136 0
1785802365445 55342360 55335224 7136 0
1785802365491 55342216 55335084 7132 0
1785802365539 55238584 55231448 7136 0
1785802365584 55238584 55231448 7136 0
1785802365632 55238584 55231448 7136 0
1785802365679 55238584 55231448 7136 0
1785802365723 55238584 55231448 7136 0
1785802365766 55238584 55231448 7136 0
1785802365813 55238440 55231308 7132 0
1785802365857 840904 834624 6280 0
1785802365900 55305444 55302188 3256 0
1785802365949 55342048 55338928 3120 0
1785802365997 55381660 55378284 3376 0
1785802366049 55419756 55416428 3328 0
1785802366099 1020376 1014408 5968 0
1785802366143 55571908 55564772 7136 0
1785802366197 55580576 55577976 2600 0
1785802366247 55594556 55587420 7136 0
1785802366302 55594556 55587420 7136 0
1785802366358 55557688 55550552 7136 0
1785802366411 55557688 55550552 7136 0
1785802366467 55557688 55550552 7136 0
1785802366524 55557688 55550552 7136 0
1785802366579 55557688 55550552 7136 0
1785802366634 55557688 55550552 7136 0
1785802366688 55557688 55550552 7136 0
1785802366740 55557688 55550552 7136 0
1785802366794 55557688 55550552 7136 0
1785802366850 55557688 55550552 7136 0
1785802366906 55596112 55593344 2768 0
1785802366962 55600560 55593428 7132 0
1785802367017 55622584 55615448 7136 0
1785802367072 55622584 55615448 7136 0
1785802367127 55622584 55615448 7136 0
1785802367184 55622584 55615448 7136 0
1785802367239 55622584 55615448 7136 0
1785802367294 55622584 55615448 7136 0
1785802367349 55622584 55615448 7136 0
1785802367406 55622584 55615448 7136 0
1785802367461 55622584 55615448 7136 0
1785802367516 55622584 55615448 7136 0
1785802367572 55622584 55615448 7136 0
1785802367629 55622584 55615448 7136 0
1785802367681 55622584 55615448 7136 0
1785802367735 55622584 55615448 7136 0
1785802367789 55622584 55615448 7136 0
1785802367844 55622584 55615448 7136 0
1785802367899 55551672 55544536 7136 0
1785802367955 55487496 55480360 7136 0
1785802368011 55487496 55480360 7136 0
1785802368067 55487496 55480360 7136 0
1785802368122 55487496 55480360 7136 0
1785802368173 55487496 55480360 7136 0
1785802368226 55487496 55480360 7136 0
1785802368281 55487496 55480360 7136 0
1785802368336 55487496 55480360 7136 0
1785802368383 55487496 55480360 7136 0
1785802368434 55487496 55480360 7136 0
1785802368488 55487496 55480360 7136 0
1785802368542 55487496 55480360 7136 0
1785802368594 55487496 55480360 7136 0
1785802368649 55487496 55480360 7136 0
1785802368704 55190204 55183068 7136 0
1785802368750 55190204 55183068 7136 0
1785802368793 55190204 55183068 7136 0
1785802368837 55190204 55183068 7136 0
1785802368877 55190204 55183068 7136 0
1785802368919 55190204 55183068 7136 0
1785802368959 55190204 55183068 7136 0
1785802369003 55190204 55183068 7136 0
1785802369041 55190204 55183068 7136 0
1785802369085 55190204 55183068 7136 0
1785802369125 55190204 55183068 7136 0
1785802369161 55190204 55183068 7136 0
1785802369206 55190204 55183068 7136 0
1785802369247 55190204 55183068 7136 0
1785802369292 55190204 55183068 7136 0
1785802369331 55190204 55183068 7136 0
1785802369377 55190204 55183068 7136 0
1785802369418 55190204 55183068 7136 0
1785802369463 55190204 55183068 7136 0
1785802369501 55190204 55183068 7136 0
1785802369545 55190204 55183068 7136 0
1785802369584 55190204 55183068 7136 0
1785802369627 55190204 55183068 7136 0
1785802369668 55190204 55183068 7136 0
1785802369714 55190204 55183068 7136 0
1785802369756 55190204 55183068 7136 0
1785802369793 55190204 55183068 7136 0
1785802369838 55190204 55183068 7136 0
1785802369880 55190204 55183068 7136 0
1785802369922 55190204 55183068 7136 0
1785802369958 55190204 55183068 7136 0
1785802369994 55190204 55183068 7136 0
1785802370029 55190204 55183068 7136 0
1785802370072 55190204 55183068 7136 0
1785802370107 55190204 55183068 7136 0
1785802370145 55190204 55183068 7136 0
1785802370191 55190204 55183068 7136 0
1785802370234 55190204 55183068 7136 0
1785802370275 55190204 55183068 7136 0
1785802370320 55190204 55183068 7136 0
1785802370360 55190204 55183068 7136 0
1785802370406 55190204 55183068 7136 0
1785802370442 55190204 55183068 7136 0
1785802370482 55190204 55183068 7136 0
1785802370529 55190204 55183068 7136 0
1785802370566 55190204 55183068 7136 0
1785802370611 55190204 55183068 7136 0
1785802370653 55190204 55183068 7136 0
1785802370692 55190204 55183068 7136 0
1785802370736 55190204 55183068 7136 0
1785802370777 55190204 55183068 7136 0
1785802370816 55190204 55183068 7136 0
1785802370856 55190204 55183068 7136 0
1785802370900 55190204 55183068 7136 0
1785802370943 55190204 55183068 7136 0
1785802370987 55190204 55183068 7136 0
1785802371032 55190204 55183068 7136 0
1785802371078 55190204 55183068 7136 0
1785802371123 55190204 55183068 7136 0
1785802371164 55190204 55183068 7136 0
1785802371209 55190204 55183068 7136 0
1785802371249 55190204 55183068 7136 0
1785802371288 55190204 55183068 7136 0
1785802371333 55190204 55183068 7136 0
1785802371372 55190204 55183068 7136 0
1785802371409 55190204 55183068 7136 0
1785802371448 55190204 55183068 7136 0
1785802371494 55190204 55183068 7136 0
1785802371532 55190204 55183068 7136 0
1785802371580 55190204 55183068 7136 0
1785802371624 55190204 55183068 7136 0
1785802371668 55190204 55183068 7136 0
1785802371709 55190204 55183068 7136 0
1785802371754 55190204 55183068 7136 0
1785802371793 55190060 55182928 7132 0
1785802371831 54437596 54433656 3940 0
1785802371857 55236556 55233484 3072 0
1785802371905 55303304 55300184 3120 0
1785802371953 55340528 55337408 3120 0
1785802371998 54473452 54470440 3012 0
1785802372024 55417044 55413972 3072 0
1785802372076 55454656 55451584 3072 0
1785802372131 55571912 55564776 7136 0
1785802372183 54502604 54499820 2784 0
1785802372207 55594560 55587424 7136 0
1785802372259 55594560 55587424 7136 0
1785802372311 55557692 55550556 7136 0
1785802372364 55557692 55550556 7136 0
1785802372416 55557692 55550556 7136 0
1785802372468 55557692 55550556 7136 0
1785802372524 55557692 55550556 7136 0
1785802372580 55557692 55550556 7136 0
1785802372636 55557692 55550556 7136 0
1785802372689 55557692 55550556 7136 0
1785802372742 55557692 55550556 7136 0
1785802372797 55557692 55550556 7136 0
1785802372852 55557692 55550556 7136 0
1785802372905 55557548 55550416 7132 0
1785802372959 55600708 55593572 7136 0
1785802373013 55600564 55593432 7132 0
1785802373067 55622588 55615452 7136 0
1785802373119 55622588 55615452 7136 0
1785802373173 55622588 55615452 7136 0
1785802373228 55622588 55615452 7136 0
1785802373283 55622588 55615452 7136 0
1785802373340 55622588 55615452 7136 0
1785802373394 55622588 55615452 7136 0
1785802373449 55622588 55615452 7136 0
1785802373504 55622588 55615452 7136 0
1785802373557 55622588 55615452 7136 0
1785802373614 55622588 55615452 7136 0
1785802373665 55622588 55615452 7136 0
1785802373714 55622588 55615452 7136 0
1785802373765 55622588 55615452 7136 0
1785802373816 55622588 55615452 7136 0
1785802373867 55622588 55615452 7136 0
1785802373920 55622588 55615452 7136 0
1785802373973 55622588 55615452 7136 0
1785802374029 55560080 55552944 7136 0
1785802374076 55560080 55552944 7136 0
1785802374131 55560080 55552944 7136 0
1785802374184 55560080 55552944 7136 0
1785802374235 55560080 55552944 7136 0
1785802374287 55560080 55552944 7136 0
1785802374340 55560080 55552944 7136 0
1785802374394 55560080 55552944 7136 0
1785802374449 55560080 55552944 7136 0
1785802374503 55560080 55552944 7136 0
1785802374552 55560080 55552944 7136 0
1785802374607 55560080 55552944 7136 0
1785802374664 55560080 55552944 7136 0
1785802374720 55560080 55552944 7136 0
1785802374774 55560080 55552944 7136 0
1785802374828 55560080 55552944 7136 0
1785802374881 55442072 55434936 7136 0
1785802374936 55185588 55182984 2604 0
1785802374980 55190204 55183068 7136 0
1785802375020 55190204 55183068 7136 0
1785802375058 55190204 55183068 7136 0
1785802375101 55190204 55183068 7136 0
1785802375141 55190204 55183068 7136 0
1785802375181 55190204 55183068 7136 0
1785802375220 55190204 55183068 7136 0
1785802375258 55190204 55183068 7136 0
1785802375296 55190204 55183068 7136 0
1785802375342 55190204 55183068 7136 0
1785802375381 55190204 55183068 7136 0
1785802375418 55190204 55183068 7136 0
1785802375456 55190204 55183068 7136 0
1785802375500 55190204 55183068 7136 0
1785802375538 55190204 55183068 7136 0
1785802375581 55190204 55183068 7136 0
1785802375622 55190204 55183068 7136 0
1785802375667 55190204 55183068 7136 0
1785802375707 55190204 55183068 7136 0
1785802375746 55190204 55183068 7136 0
1785802375790 55190204 55183068 7136 0
1785802375830 55190204 55183068 7136 0
1785802375867 55190204 55183068 7136 0
1785802375906 55190204 55183068 7136 0
1785802375950 55190204 55183068 7136 0
1785802375987 55190204 55183068 7136 0
1785802376030 55190204 55183068 7136 0
1785802376071 55190204 55183068 7136 0
1785802376109 55190204 55183068 7136 0
1785802376153 55190204 55183068 7136 0
1785802376194 55190204 55183068 7136 0
1785802376233 55190204 55183068 7136 0
1785802376277 55190204 55183068 7136 0
1785802376315 55190204 55183068 7136 0
1785802376359 55190204 55183068 7136 0
1785802376404 55190204 55183068 7136 0
1785802376445 55190204 55183068 7136 0
1785802376486 55190204 55183068 7136 0
1785802376526 55190204 55183068 7136 0
1785802376572 55190204 55183068 7136 0
1785802376618 55190204 55183068 7136 0
1785802376664 55190204 55183068 7136 0
1785802376702 55190204 55183068 7136 0
1785802376740 55190204 55183068 7136 0
1785802376777 55190204 55183068 7136 0
1785802376822 55190204 55183068 7136 0
1785802376862 55190204 55183068 7136 0
1785802376903 55190204 55183068 7136 0
1785802376944 55190204 55183068 7136 0
1785802376985 55190204 55183068 7136 0
1785802377029 55190204 55183068 7136 0
1785802377073 55190204 55183068 7136 0
1785802377116 55190204 55183068 7136 0
1785802377158 55190204 55183068 7136 0
1785802377198 55190204 55183068 7136 0
1785802377236 55190204 55183068 7136 0
1785802377280 55190204 55183068 7136 0
1785802377320 55190204 55183068 7136 0
1785802377358 55190204 55183068 7136 0
1785802377404 55190204 55183068 7136 0
1785802377440 55190204 55183068 7136 0
1785802377486 55190204 55183068 7136 0
1785802377525 55190204 55183068 7136 0
1785802377566 55190204 55183068 7136 0
1785802377606 55190204 55183068 7136 0
1785802377645 55190204 55183068 7136 0
1785802377690 55190204 55183068 7136 0
1785802377731 55190204 55183068 7136 0
1785802377773 55190204 55183068 7136 0
1785802377814 55190204 55183068 7136 0
1785802377860 55190204 55183068 7136 0
1785802377902 55190204 55183068 7136 0
1785802377945 55190204 55183068 7136 0
1785802377990 55190204 55183068 7136 0
1785802378034 55190060 55182928 7132 0
1785802378076 55200176 55197056 3120 0
1785802378122 54437368 54433648 3720 0
1785802378149 867748 863216 4532 0
1785802378192 55345904 55342572 3332 0
1785802378242 55383988 55380604 3384 0
1785802378290 55422328 55419000 3328 0
1785802378344 55460384 55457264 3120 0
1785802378398 55571912 55564776 7136 0
1785802378452 55594560 55587424 7136 0
1785802378503 55594560 55587424 7136 0
1785802378560 55594416 55587284 7132 0
1785802378617 55557692 55550556 7136 0
1785802378672 55557692 55550556 7136 0
1785802378725 55557692 55550556 7136 0
1785802378782 55557692 55550556 7136 0
1785802378835 55557692 55550556 7136 0
1785802378891 55557692 55550556 7136 0
1785802378946 55557692 55550556 7136 0
1785802379002 55557692 55550556 7136 0
1785802379056 55557692 55550556 7136 0
1785802379111 55557692 55550556 7136 0
1785802379165 55600708 55593572 7136 0
1785802379219 55622588 55615452 7136 0
1785802379273 55622588 55615452 7136 0
1785802379330 55622588 55615452 7136 0
1785802379388 55622588 55615452 7136 0
1785802379445 55622588 55615452 7136 0
1785802379503 55622588 55615452 7136 0
1785802379559 55622588 55615452 7136 0
1785802379614 55622588 55615452 7136 0
1785802379671 55622588 55615452 7136 0
1785802379727 55622588 55615452 7136 0
1785802379784 55622588 55615452 7136 0
1785802379841 55622588 55615452 7136 0
1785802379895 55622588 55615452 7136 0
1785802379950 55622588 55615452 7136 0
1785802380006 55622588 55615452 7136 0
1785802380061 55622444 55615312 7132 0
1785802380116 55551676 55544540 7136 0
1785802380170 55551676 55544540 7136 0
1785802380227 55551676 55544540 7136 0
1785802380284 55551676 55544540 7136 0
1785802380340 55551676 55544540 7136 0
1785802380396 55551676 55544540 7136 0
1785802380451 55551676 55544540 7136 0
1785802380507 55551676 55544540 7136 0
1785802380562 55551676 55544540 7136 0
1785802380615 55551676 55544540 7136 0
1785802380670 55551676 55544540 7136 0
1785802380725 55551676 55544540 7136 0
1785802380781 55551676 55544540 7136 0
1785802380835 55551676 55544540 7136 0
1785802380892 55551676 55544540 7136 0
1785802380947 55551676 55544540 7136 0
1785802380998 55551676 55544540 7136 0
1785802381050 55551676 55544540 7136 0
1785802381104 55551676 55544540 7136 0
1785802381158 55551676 55544540 7136 0
1785802381208 55551676 55544540 7136 0
1785802381257 55551676 55544540 7136 0
1785802381310 55551676 55544540 7136 0
1785802381363 55551676 55544540 7136 0
1785802381417 55551676 55544540 7136 0
1785802381464 55551676 55544540 7136 0
1785802381519 55551676 55544540 7136 0
1785802381572 55551676 55544540 7136 0
1785802381626 55551676 55544540 7136 0
1785802381680 55551676 55544540 7136 0
1785802381731 55551676 55544540 7136 0
1785802381782 55551676 55544540 7136 0
1785802381834 55551676 55544540 7136 0
1785802381889 55551676 55544540 7136 0
1785802381941 55551676 55544540 7136 0
1785802381995 55551676 55544540 7136 0
1785802382048 55551676 55544540 7136 0
1785802382102 55551676 55544540 7136 0
1785802382154 55551676 55544540 7136 0
1785802382207 55551676 55544540 7136 0
1785802382260 55551676 55544540 7136 0
1785802382311 55551676 55544540 7136 0
1785802382365 55551676 55544540 7136 0
1785802382418 55551676 55544540 7136 0
1785802382472 55551676 55544540 7136 0
1785802382525 55551676 55544540 7136 0
1785802382578 55551676 55544540 7136 0
1785802382631 55551676 55544540 7136 0
1785802382685 55551676 55544540 7136 0
1785802382738 55551676 55544540 7136 0
1785802382791 55551676 55544540 7136 0
1785802382844 55551676 55544540 7136 0
1785802382899 55551676 55544540 7136 0
1785802382953 55551676 55544540 7136 0
1785802383006 55551676 55544540 7136 0
1785802383061 55551676 55544540 7136 0
1785802383115 55551676 55544540 7136 0
1785802383168 55551676 55544540 7136 0
1785802383223 55551676 55544540 7136 0
1785802383278 55551676 55544540 7136 0
1785802383334 55551676 55544540 7136 0
1785802383387 55551676 55544540 7136 0
1785802383442 55551676 55544540 7136 0
1785802383495 55551676 55544540 7136 0
1785802383550 55551676 55544540 7136 0
1785802383606 55551676 55544540 7136 0
1785802383663 55551676 55544540 7136 0
1785802383718 55551676 55544540 7136 0
1785802383774 55551676 55544540 7136 0
1785802383826 55551676 55544540 7136 0
1785802383880 55551676 55544540 7136 0
1785802383936 55551676 55544540 7136 0
1785802383989 55560352 55556824 3528 0
1785802384042 55576448 55569312 7136 0
1785802384097 55536048 55532516 3532 0
1785802384152 55539704 55532568 7136 0
1785802384206 55539704 55532568 7136 0
1785802384260 55539704 55532568 7136 0
1785802384316 55539704 55532568 7136 0
1785802384370 55539704 55532568 7136 0
1785802384426 55539704 55532568 7136 0
1785802384482 55539704 55532568 7136 0
1785802384537 55539704 55532568 7136 0
1785802384589 55539704 55532568 7136 0
1785802384645 55539704 55532568 7136 0
1785802384698 55539704 55532568 7136 0
1785802384752 55539560 55532428 7132 0
1785802384805 55599556 55592420 7136 0
1785802384856 55600180 55593048 7132 0
1785802384908 55622204 55615068 7136 0
1785802384965 55622204 55615068 7136 0
1785802385022 55622204 55615068 7136 0
1785802385078 55622204 55615068 7136 0
1785802385133 55622204 55615068 7136 0
1785802385187 55622204 55615068 7136 0
1785802385242 55622204 55615068 7136 0
1785802385297 55622204 55615068 7136 0
1785802385353 55622204 55615068 7136 0
1785802385407 55622204 55615068 7136 0
1785802385463 55622204 55615068 7136 0
1785802385518 55622204 55615068 7136 0
1785802385574 55622204 55615068 7136 0
1785802385629 55622204 55615068 7136 0
1785802385682 55622204 55615068 7136 0
1785802385737 55622204 55615068 7136 0
1785802385793 55622204 55615068 7136 0
1785802385850 55622204 55615068 7136 0
1785802385905 55622204 55615068 7136 0
1785802385962 55622204 55615068 7136 0
1785802386017 55622204 55615068 7136 0
1785802386070 55622204 55615068 7136 0
1785802386123 55622204 55615068 7136 0
1785802386179 55622204 55615068 7136 0
1785802386234 55622204 55615068 7136 0
1785802386289 55622204 55615068 7136 0
1785802386344 55622204 55615068 7136 0
1785802386400 55622204 55615068 7136 0
1785802386455 55622204 55615068 7136 0
1785802386509 55622204 55615068 7136 0
1785802386565 55622204 55615068 7136 0
1785802386621 55544380 55537244 7136 0
1785802386675 55544380 55537244 7136 0
1785802386728 55544380 55537244 7136 0
1785802386782 55544380 55537244 7136 0
1785802386834 55544380 55537244 7136 0
1785802386890 55544380 55537244 7136 0
1785802386942 55544380 55537244 7136 0
1785802386996 55544380 55537244 7136 0
1785802387049 55544380 55537244 7136 0
1785802387101 55544380 55537244 7136 0
1785802387155 55544380 55537244 7136 0
1785802387207 55544380 55537244 7136 0
1785802387261 55544380 55537244 7136 0
1785802387313 55544380 55537244 7136 0
1785802387367 55544380 55537244 7136 0
1785802387420 55544380 55537244 7136 0
1785802387476 55544380 55537244 7136 0
1785802387529 55544380 55537244 7136 0
1785802387583 55544380 55537244 7136 0
1785802387635 55544380 55537244 7136 0
1785802387687 55544380 55537244 7136 0
1785802387741 55544380 55537244 7136 0
1785802387795 55544380 55537244 7136 0
1785802387849 55544380 55537244 7136 0
1785802387901 55544380 55537244 7136 0
1785802387955 55544380 55537244 7136 0
1785802388009 55544380 55537244 7136 0
1785802388065 55544380 55537244 7136 0
1785802388118 55544380 55537244 7136 0
1785802388173 55544380 55537244 7136 0
1785802388226 55544380 55537244 7136 0
1785802388280 55544380 55537244 7136 0
1785802388332 55544380 55537244 7136 0
1785802388386 55544380 55537244 7136 0
1785802388438 55544380 55537244 7136 0
1785802388487 55544380 55537244 7136 0
1785802388540 55544380 55537244 7136 0
1785802388592 55544380 55537244 7136 0
1785802388645 55544380 55537244 7136 0
1785802388697 55544380 55537244 7136 0
1785802388752 55544380 55537244 7136 0
1785802388806 55544380 55537244 7136 0
1785802388857 55544380 55537244 7136 0
1785802388909 55544380 55537244 7136 0
1785802388962 55544380 55537244 7136 0
1785802389017 55544380 55537244 7136 0
1785802389071 55544380 55537244 7136 0
1785802389126 55544380 55537244 7136 0
1785802389181 55544380 55537244 7136 0
1785802389235 55544380 55537244 7136 0
1785802389292 55544380 55537244 7136 0
1785802389351 55544380 55537244 7136 0
1785802389405 55544380 55537244 7136 0
1785802389460 55544380 55537244 7136 0
1785802389512 55544380 55537244 7136 0
1785802389569 55544380 55537244 7136 0
1785802389621 55544380 55537244 7136 0
1785802389673 55544380 55537244 7136 0
1785802389727 55574980 55567844 7136 0
1785802389776 55587116 55579984 7132 0
1785802389832 55596476 55589340 7136 0
1785802389886 55596476 55589340 7136 0
1785802389943 55596476 55589340 7136 0
1785802389995 55596476 55589340 7136 0
1785802390049 55596476 55589340 7136 0
1785802390106 55596476 55589340 7136 0
1785802390159 55596476 55589340 7136 0
1785802390216 55596476 55589340 7136 0
1785802390270 55596476 55589340 7136 0
1785802390323 55596476 55589340 7136 0
1785802390376 55596476 55589340 7136 0
1785802390432 55596476 55589340 7136 0
1785802390488 55596332 55589200 7132 0
1785802390543 55602628 55595492 7136 0
1785802390597 55624124 55616988 7136 0
1785802390867 55624124 55616988 7136 0
1785802390926 55624124 55616988 7136 0
1785802390981 55624124 55616988 7136 0
1785802391038 55624124 55616988 7136 0
1785802391095 55624124 55616988 7136 0
1785802391153 55624124 55616988 7136 0
1785802391208 55624124 55616988 7136 0
1785802391267 55624124 55616988 7136 0
1785802391322 55624124 55616988 7136 0
1785802391376 55624124 55616988 7136 0
1785802391432 55623980 55616848 7132 0
1785802391489 55544380 55537244 7136 0
