# timestamp_ms Rss_kB Anonymous_kB Filemapped_kB Shmem_kB
1790704056603 434348 259264 175084 0
1790704056642 434380 259296 175084 0
1790704056682 255976 178840 77136 0
1790704056706 438140 260532 177608 0
1790704056731 438704 261096 177608 0
1790704056755 438704 261096 177608 0
1790704056782 438704 261096 177608 0
1790704056808 438920 261312 177608 0
1790704056834 438920 261312 177608 0
1790704056858 390340 259524 130816 0
1790704056881 439024 261416 177608 0
1790704056905 439096 261488 177608 0
1790704056930 439128 261520 177608 0
1790704056954 439804 262196 177608 0
1790704056978 440064 262456 177608 0
1790704057002 441296 263688 177608 0
1790704057043 444232 266624 177608 0
1790704057082 444232 266624 177608 0
1790704057106 430812 259948 170864 0
1790704057130 554312 373332 180980 0
1790704057173 554312 373332 180980 0
1790704057212 371460 294696 76764 0
1790704057259 605872 424072 181800 0
1790704057284 605872 424072 181800 0
1790704057309 606104 424072 182032 0
1790704057333 555604 418196 137408 0
1790704057358 608896 420084 188812 0
1790704057392 609552 420464 189088 0
1790704057419 611260 420612 190648 0
1790704057455 612480 420676 191804 0
1790704057482 612480 420676 191804 0
1790704057507 612480 420676 191804 0
1790704057535 614276 421124 193152 0
1790704057571 615860 421480 194380 0
1790704057598 493580 371076 122504 0
1790704057621 620204 423344 196860 0
1790704057683 627304 424904 202400 0
1790704057730 629112 424984 204128 0
1790704057765 630164 425464 204700 0
1790704057792 630164 425464 204700 0
1790704057816 632324 427624 204700 0
1790704057865 659728 435120 224608 0
1790704057970 666628 435120 231508 0
1790704058042 666628 435120 231508 0
1790704058073 670124 436316 233808 0
1790704058112 670216 436400 233816 0
1790704058183 691384 439144 252240 0
1790704058254 691384 439144 252240 0
1790704058284 693696 439156 254540 0
1790704058365 704088 442648 261440 0
1790704058428 704660 443212 261448 0
1790704058470 714188 443528 270660 0
1790704058517 714188 443528 270660 0
1790704058542 723416 443544 279872 0
1790704058595 726400 444228 282172 0
1790704058670 731676 444904 286772 0
1790704058723 731676 444904 286772 0
1790704058748 732296 445524 286772 0
1790704058799 735344 446272 289072 0
1790704058849 739448 450368 289080 0
1790704058904 749508 451216 298292 0
1790704058947 749508 451216 298292 0
1790704058972 749508 451216 298292 0
1790704059008 758720 451216 307504 0
1790704059039 758720 451216 307504 0
1790704059065 758720 451216 307504 0
1790704059091 758720 451216 307504 0
1790704059152 763320 451216 312104 0
1790704059237 768760 452056 316704 0
1790704059286 768760 452056 316704 0
1790704059318 768780 452068 316712 0
1790704059367 787768 454556 333212 0
1790704059444 789748 454612 335136 0
1790704059486 789764 454628 335136 0
1790704059541 795616 454724 340892 0
1790704059618 800640 456304 344336 0
1790704059689 803548 457152 346396 0
1790704059716 803548 457152 346396 0
1790704059750 810740 457184 353556 0
1790704059821 819952 457184 362768 0
1790704059866 819952 457184 362768 0
1790704059894 819952 457184 362768 0
1790704059921 822252 457184 365068 0
1790704060005 826852 457184 369668 0
1790704060053 830864 458896 371968 0
1790704060119 830864 458896 371968 0
1790704060149 839436 461536 377900 0
1790704060222 843572 462384 381188 0
1790704060265 852784 462384 390400 0
1790704060315 852784 462384 390400 0
1790704060356 855084 462384 392700 0
1790704060423 860152 462852 397300 0
1790704060475 860212 462912 397300 0
1790704060503 863108 463508 399600 0
1790704060542 874968 466148 408820 0
1790704060624 881024 466744 414280 0
1790704060683 884828 466796 418032 0
1790704060774 892208 467276 424932 0
1790704060825 894644 467576 427068 0
1790704060861 894868 467636 427232 0
1790704060931 904936 468484 436452 0
1790704060983 905320 468868 436452 0
1790704061052 918260 470296 447964 0
1790704061112 922868 470304 452564 0
1790704061185 923040 470476 452564 0
1790704061229 925340 470476 454864 0
1790704061266 937200 473116 464084 0
1790704061326 948540 475244 473296 0
1790704061407 948540 475244 473296 0
1790704061439 948540 475244 473296 0
1790704061481 953140 475244 477896 0
1790704061529 958436 475940 482496 0
1790704061611 958444 475940 482504 0
1790704061639 958444 475940 482504 0
1790704061684 977132 476204 500928 0
1790704061777 978416 476792 501624 0
1790704061806 978416 476792 501624 0
1790704061836 981184 477384 503800 0
1790704061906 987176 479348 507828 0
1790704061980 990140 480004 510136 0
1790704062096 1008848 480284 528564 0
1790704062159 1012236 480284 531952 0
1790704062208 1012236 480284 531952 0
1790704062259 1013012 480312 532700 0
1790704062292 1014032 480312 533720 0
1790704062324 1014264 480312 533952 0
1790704062354 1015508 480340 535168 0
1790704062386 1015512 480344 535168 0
1790704062416 1015576 480344 535232 0
1790704062448 1015580 480348 535232 0
1790704062479 1015580 480348 535232 0
1790704062509 1015584 480352 535232 0
1790704062540 1015588 480356 535232 0
1790704062571 1015600 480368 535232 0
1790704062602 1015600 480368 535232 0
1790704062633 1015600 480368 535232 0
1790704062663 1015604 480372 535232 0
1790704062694 1015612 480380 535232 0
1790704062724 1015620 480388 535232 0
1790704062755 1015624 480392 535232 0
1790704062786 1015624 480392 535232 0
1790704062816 1015624 480392 535232 0
1790704062844 1015640 480408 535232 0
1790704062875 1015644 480412 535232 0
1790704062906 1015652 480420 535232 0
1790704062936 1015652 480420 535232 0
1790704062967 1015652 480420 535232 0
1790704062996 1015660 480428 535232 0
1790704063026 1015664 480432 535232 0
1790704063057 1015672 480440 535232 0
1790704063087 1015672 480440 535232 0
1790704063118 1017720 482488 535232 0
1790704063148 1022660 487428 535232 0
1790704063182 1051320 516088 535232 0
1790704063233 1051320 516088 535232 0
1790704063262 1069744 534512 535232 0
1790704063294 1101132 565900 535232 0
1790704063350 1101132 565900 535232 0
1790704063380 1101132 565900 535232 0
1790704063413 1128756 593524 535232 0
1790704063470 1135912 600680 535232 0
1790704063520 1135912 600680 535232 0
1790704063553 1155680 620448 535232 0
1790704063587 1170688 635456 535232 0
1790704063638 1170688 635456 535232 0
1790704063667 1190460 655228 535232 0
1790704063701 1223664 688432 535232 0
1790704063759 1223664 688432 535232 0
1790704063790 1232880 697648 535232 0
1790704063824 1213560 681784 531776 0
1790704063880 1260532 725300 535232 0
1790704063912 1260532 725300 535232 0
1790704063942 1260532 725300 535232 0
1790704063976 1256912 721680 535232 0
1790704064011 1269748 734516 535232 0
1790704064042 1269748 734516 535232 0
1790704064078 1269748 734516 535232 0
1790704064111 1288180 752948 535232 0
1790704064164 1288180 752948 535232 0
1790704064195 1288180 752948 535232 0
1790704064229 1288180 752948 535232 0
1790704064262 1288180 752948 535232 0
1790704064296 1288180 752948 535232 0
1790704064330 1288180 752948 535232 0
1790704064360 1288180 752948 535232 0
1790704064391 1288180 752948 535232 0
1790704064426 1288180 752948 535232 0
1790704064462 1288296 752952 535344 0
1790704064500 1288296 752952 535344 0
1790704064543 1288296 752952 535344 0
1790704064575 1288296 752952 535344 0
1790704064622 1288296 752952 535344 0
1790704064678 1288296 752952 535344 0
1790704064739 1288296 752952 535344 0
1790704064816 1288296 752952 535344 0
1790704064863 1288296 752952 535344 0
1790704064914 1288296 752952 535344 0
1790704064995 1288296 752952 535344 0
1790704065036 1288296 752952 535344 0
1790704065068 1288296 752952 535344 0
1790704065119 1288296 752952 535344 0
1790704065182 1288296 752952 535344 0
1790704065245 1288296 752952 535344 0
1790704065295 1288296 752952 535344 0
1790704065327 1288296 752952 535344 0
1790704065368 1288296 752952 535344 0
1790704065414 1288296 752952 535344 0
1790704065503 1288296 752952 535344 0
1790704065586 1252668 783136 469532 0
1790704065650 1971868 1436524 535344 0
1790704065792 1688432 1263740 424692 0
1790704065914 1937120 1861632 75488 0
1790704066022 1015288 479548 535740 0
1790704066146 1015288 479548 535740 0
1790704066230 1015288 479548 535740 0
1790704066302 1015292 479552 535740 0
1790704066382 1015292 479552 535740 0
1790704066447 1015292 479552 535740 0
1790704066539 1015308 479568 535740 0
1790704066591 1015308 479568 535740 0
1790704066663 1015404 479664 535740 0
1790704066750 1015404 479664 535740 0
1790704066834 1015404 479664 535740 0
1790704066902 1015404 479664 535740 0
1790704066969 1015408 479668 535740 0
1790704067073 1015408 479668 535740 0
1790704067120 1015408 479668 535740 0
1790704067188 1015408 479668 535740 0
1790704067275 1015408 479668 535740 0
1790704067330 1015408 479668 535740 0
1790704067417 1015408 479668 535740 0
1790704067478 1015408 479668 535740 0
1790704067557 1015412 479672 535740 0
1790704067641 1015416 479676 535740 0
1790704067715 1015424 479684 535740 0
1790704067771 1015424 479684 535740 0
1790704067849 1015424 479684 535740 0
1790704067913 1015424 479684 535740 0
1790704067972 1015424 479684 535740 0
1790704068022 1015424 479684 535740 0
1790704068068 1015424 479684 535740 0
1790704068105 1015424 479684 535740 0
1790704068166 1015424 479684 535740 0
1790704068222 1015424 479684 535740 0
1790704068265 1016468 480728 535740 0
1790704068315 1017196 481456 535740 0
1790704068379 1017196 481456 535740 0
1790704068434 1017200 481460 535740 0
1790704068507 1020280 484540 535740 0
1790704068562 1020280 484540 535740 0
1790704068605 1020452 484712 535740 0
1790704068637 1020452 484712 535740 0
1790704068671 1020456 484716 535740 0
1790704068704 1020456 484716 535740 0
1790704068737 1020456 484716 535740 0
1790704068770 1020456 484716 535740 0
1790704068804 1020456 484716 535740 0
1790704068837 1020456 484716 535740 0
1790704068870 1020456 484716 535740 0
1790704068903 1020456 484716 535740 0
1790704068937 1020456 484716 535740 0
1790704068971 1020456 484716 535740 0
1790704069004 1020456 484716 535740 0
1790704069038 1020456 484716 535740 0
1790704069072 1020456 484716 535740 0
1790704069105 988704 481996 506708 0
1790704069138 1002212 470032 532180 0
1790704069172 1045612 515632 529980 0
1790704069210 1075200 547280 527920 0
1790704069278 1149484 613744 535740 0
1790704069346 1128448 643596 484852 0
1790704069411 1194012 663136 530876 0
1790704069447 1202620 676496 526124 0
1790704069482 1241644 705904 535740 0
1790704069516 1230004 700028 529976 0
1790704069555 1260076 724336 535740 0
1790704069592 1260076 724336 535740 0
1790704069628 1269292 733552 535740 0
1790704069662 1269292 733552 535740 0
1790704069697 1246200 732892 513308 0
1790704069731 1278508 742768 535740 0
1790704069766 1278508 742768 535740 0
1790704069798 1278508 742768 535740 0
1790704069828 1278508 742768 535740 0
1790704069861 1287724 751984 535740 0
1790704069895 1287724 751984 535740 0
1790704069931 1287724 751984 535740 0
1790704069978 1287724 751984 535740 0
1790704070045 1335080 806240 528840 0
1790704070080 1391772 909296 482476 0
1790704070112 1670744 1135004 535740 0
1790704070147 1866340 1330600 535740 0
1790704070187 1060348 984860 75488 0
1790704070240 1143420 1067932 75488 0
1790704070294 2129152 1593412 535740 0
1790704070361 1904088 1413500 490588 0
1790704070486 1498404 1060992 437412 0
1790704070540 1490624 1345880 144744 0
1790704070603 1308540 1185000 123540 0
1790704070661 1508356 1365688 142668 0
1790704070701 1852368 1359484 492884 0
1790704070752 1628304 1091228 537076 0
1790704070813 1628340 1091264 537076 0
1790704070884 1628724 1091648 537076 0
1790704070958 1628820 1091744 537076 0
1790704071034 1628876 1091800 537076 0
1790704071109 1628960 1091884 537076 0
1790704071197 1629060 1091984 537076 0
1790704071282 1629128 1092052 537076 0
1790704071362 1506764 1042376 464388 0
1790704071433 1602772 1094832 507940 0
1790704071499 1546432 1059892 486540 0
1790704071556 1668736 1131368 537368 0
1790704071627 1575240 1086672 488568 0
1790704071691 1695516 1158148 537368 0
1790704071759 1580248 1116716 463532 0
1790704071811 1626996 1119976 507020 0
1790704071886 1793228 1255860 537368 0
1790704071946 1793240 1255872 537368 0
1790704071981 1793252 1255884 537368 0
1790704072028 1793260 1255892 537368 0
1790704072084 1793272 1255904 537368 0
1790704072139 1848448 1311080 537368 0
1790704072239 1885456 1348088 537368 0
1790704072347 1885456 1348088 537368 0
1790704072397 1719692 1283036 436656 0
1790704072464 1921416 1384048 537368 0
1790704072532 1977616 1440248 537368 0
1790704072618 1977616 1440248 537368 0
1790704072678 1977616 1440248 537368 0
1790704072758 1977616 1440248 537368 0
1790704072811 1976708 1439340 537368 0
1790704072847 2032912 1495544 537368 0
1790704072903 2069776 1532408 537368 0
1790704072998 2088208 1550840 537368 0
1790704073057 2058712 1523424 535288 0
1790704073092 2125084 1587716 537368 0
1790704073156 2161960 1624592 537368 0
1790704073210 2161960 1624592 537368 0
1790704073290 2161960 1624592 537368 0
1790704073377 2142620 1605252 537368 0
1790704073455 2217256 1679888 537368 0
1790704073531 2272556 1735188 537368 0
1790704073625 2272560 1735192 537368 0
1790704073708 2272560 1735192 537368 0
1790704073794 2280904 1745324 535580 0
1790704073864 2317580 1780212 537368 0
1790704073899 2317580 1780212 537368 0
1790704073933 2247072 1717336 529736 0
1790704073968 2364724 1827356 537368 0
1790704074021 2364724 1827356 537368 0
1790704074054 2364724 1827356 537368 0
1790704074086 2364740 1827372 537368 0
1790704074171 2364752 1827384 537368 0
1790704074267 2364756 1827388 537368 0
1790704074313 2317584 1786608 530976 0
1790704074359 2382280 1844912 537368 0
1790704074395 2420052 1882684 537368 0
1790704074431 2420052 1882684 537368 0
1790704074465 2329244 1805220 524024 0
1790704074508 2475348 1937980 537368 0
1790704074628 2475348 1937980 537368 0
1790704074661 2475348 1937980 537368 0
1790704074711 2475356 1937988 537368 0
1790704074779 2459124 1945344 513780 0
1790704074826 2512220 1974852 537368 0
1790704074865 2355748 1890084 465664 0
1790704074945 2567520 2030152 537368 0
1790704075043 2567520 2030152 537368 0
1790704075077 2567524 2030156 537368 0
1790704075119 2567524 2030156 537368 0
1790704075183 2567524 2030156 537368 0
1790704075216 2567524 2030156 537368 0
1790704075249 2579776 2042408 537368 0
1790704075320 2676060 2138692 537368 0
1790704075416 2676060 2138692 537368 0
1790704075475 2678148 2140780 537368 0
1790704075526 2678148 2140780 537368 0
1790704075610 2678148 2140780 537368 0
1790704075655 2695676 2158308 537368 0
1790704075709 2733444 2196076 537368 0
1790704075785 2770312 2232944 537368 0
1790704075841 2770312 2232944 537368 0
1790704075877 2770312 2232944 537368 0
1790704075912 2770312 2232944 537368 0
1790704075955 2770312 2232944 537368 0
1790704076024 2770312 2232944 537368 0
1790704076075 2835808 2298440 537368 0
1790704076149 2835808 2298440 537368 0
1790704076183 2805008 2295032 509976 0
1790704076220 2881068 2343544 537524 0
1790704076298 2881068 2343544 537524 0
1790704076331 2881188 2343560 537628 0
1790704076368 2888668 2321044 567624 0
1790704076430 2454744 2307532 147212 0
1790704076460 2877832 2324300 553532 0
1790704076497 2966804 2343640 623164 0
1790704076530 2966848 2343436 623412 0
1790704076565 2863196 2286136 577060 0
1790704076600 2838276 2313712 524564 0
1790704076637 2775168 2273876 501292 0
1790704076673 2897156 2270248 626908 0
1790704076709 2897892 2270984 626908 0
1790704076747 2852204 2266208 585996 0
1790704076784 2941888 2275500 666388 0
1790704076822 2948012 2275524 672488 0
1790704076860 2877360 2274556 602804 0
1790704076898 2959376 2280268 679108 0
1790704076936 2972276 2282436 689840 0
1790704076974 2973152 2282436 690716 0
1790704077010 2962612 2275320 687292 0
1790704077048 2975784 2283076 692708 0
1790704077084 2976672 2283076 693596 0
1790704077122 2976676 2283080 693596 0
1790704077160 2957908 2268612 689296 0
1790704077196 2517068 2263560 253508 0
1790704077229 2985380 2284248 701132 0
1790704077265 2985400 2284268 701132 0
1790704077304 2986556 2284324 702232 0
1790704077343 2986556 2284324 702232 0
1790704077379 2987200 2284324 702876 0
1790704077416 2807188 2201624 605564 0
1790704077453 2508864 2239336 269528 0
1790704077515 3031320 2286692 744628 0
1790704077556 3031656 2286700 744956 0
1790704077595 3031656 2286700 744956 0
1790704077632 3031656 2286700 744956 0
1790704077668 3032424 2286944 745480 0
1790704077708 3032424 2286944 745480 0
1790704077746 3032424 2286944 745480 0
1790704077787 3032428 2286948 745480 0
1790704077827 3032428 2286948 745480 0
1790704077865 3032428 2286948 745480 0
1790704077905 3032532 2287052 745480 0
1790704077943 3032536 2287056 745480 0
1790704077981 2403020 2164748 238272 0
1790704078011 3032540 2287060 745480 0
1790704078049 3050700 2283004 767696 0
1790704078090 3065648 2287400 778248 0
1790704078130 3065648 2287400 778248 0
1790704078165 3065648 2287400 778248 0
1790704078203 3065648 2287400 778248 0
1790704078245 3065652 2287404 778248 0
1790704078286 3065720 2287416 778304 0
1790704078323 3068964 2287948 781016 0
1790704078362 3070640 2287948 782692 0
1790704078401 3071784 2287948 783836 0
1790704078440 3071940 2288104 783836 0
1790704078480 3071940 2288104 783836 0
1790704078517 3071940 2288104 783836 0
1790704078555 3071944 2288108 783836 0
1790704078595 3071948 2288112 783836 0
1790704078634 3071948 2288112 783836 0
1790704078672 3071952 2288116 783836 0
1790704078714 3071952 2288116 783836 0
1790704078752 3071952 2288116 783836 0
1790704078792 3071952 2288116 783836 0
1790704078833 3071952 2288116 783836 0
1790704078874 3071952 2288116 783836 0
1790704078915 3071956 2288120 783836 0
1790704078955 3071956 2288120 783836 0
1790704078993 3071956 2288120 783836 0
1790704079030 3071956 2288120 783836 0
1790704079067 3071956 2288120 783836 0
1790704079108 3071956 2288120 783836 0
1790704079149 3071956 2288120 783836 0
1790704079191 3072092 2288256 783836 0
1790704079231 3072092 2288256 783836 0
1790704079268 3072092 2288256 783836 0
1790704079307 3072092 2288256 783836 0
1790704079347 3072092 2288256 783836 0
1790704079387 3072092 2288256 783836 0
1790704079429 3072092 2288256 783836 0
1790704079470 3072092 2288256 783836 0
1790704079511 3072092 2288256 783836 0
1790704079552 3072092 2288256 783836 0
1790704079593 3072092 2288256 783836 0
1790704079633 3072092 2288256 783836 0
1790704079672 3072236 2288400 783836 0
1790704079712 3072236 2288400 783836 0
1790704079749 3072236 2288400 783836 0
1790704079788 3072236 2288400 783836 0
1790704079830 3072236 2288400 783836 0
1790704079871 3072236 2288400 783836 0
1790704079913 3072236 2288400 783836 0
1790704079953 3072236 2288400 783836 0
1790704079992 3072236 2288400 783836 0
1790704080031 3072236 2288400 783836 0
1790704080071 3072236 2288400 783836 0
1790704080110 3072236 2288400 783836 0
1790704080150 3072236 2288400 783836 0
1790704080191 3072236 2288400 783836 0
1790704080233 3072236 2288400 783836 0
1790704080274 3072236 2288400 783836 0
1790704080315 3072236 2288400 783836 0
1790704080356 3072236 2288400 783836 0
1790704080395 3016484 2240856 775628 0
1790704080435 3072236 2288400 783836 0
1790704080476 3072236 2288400 783836 0
1790704080518 3072236 2288400 783836 0
1790704080559 3072236 2288400 783836 0
1790704080599 3072236 2288400 783836 0
1790704080638 3072236 2288400 783836 0
1790704080677 3072236 2288400 783836 0
1790704080719 3072236 2288400 783836 0
1790704080760 3072236 2288400 783836 0
1790704080801 3072236 2288400 783836 0
1790704080842 3072236 2288400 783836 0
1790704080883 3072236 2288400 783836 0
1790704080923 3072236 2288400 783836 0
1790704080961 3072236 2288400 783836 0
1790704081001 3072236 2288400 783836 0
1790704081041 3072236 2288400 783836 0
1790704081082 3072236 2288400 783836 0
1790704081121 3072236 2288400 783836 0
1790704081161 3072236 2288400 783836 0
1790704081201 3072236 2288400 783836 0
1790704081240 3072236 2288400 783836 0
1790704081282 3072236 2288400 783836 0
1790704081323 3072236 2288400 783836 0
1790704081364 3072236 2288400 783836 0
1790704081405 3072236 2288400 783836 0
1790704081446 3072236 2288400 783836 0
1790704081486 3072236 2288400 783836 0
1790704081525 3072236 2288400 783836 0
1790704081566 3072236 2288400 783836 0
1790704081607 3072236 2288400 783836 0
1790704081649 3072236 2288400 783836 0
1790704081688 3072236 2288400 783836 0
1790704081727 3072236 2288400 783836 0
1790704081766 3072236 2288400 783836 0
1790704081805 3072236 2288400 783836 0
1790704081845 3072236 2288400 783836 0
1790704081886 3072236 2288400 783836 0
1790704081927 3072236 2288400 783836 0
1790704081968 3072236 2288400 783836 0
1790704082009 3072236 2288400 783836 0
1790704082049 2980184 2280300 699884 0
1790704082087 3072468 2288632 783836 0
1790704082127 3072468 2288632 783836 0
1790704082163 3072468 2288632 783836 0
1790704082203 3072468 2288632 783836 0
1790704082244 3072468 2288632 783836 0
1790704082286 3072468 2288632 783836 0
1790704082326 3072468 2288632 783836 0
1790704082365 3072468 2288632 783836 0
1790704082405 3072476 2288640 783836 0
1790704082445 3072480 2288644 783836 0
1790704082482 3072480 2288644 783836 0
1790704082523 3072480 2288644 783836 0
1790704082565 3072480 2288644 783836 0
1790704082606 3072480 2288644 783836 0
1790704082648 3072480 2288644 783836 0
1790704082689 3072484 2288648 783836 0
1790704082729 3072484 2288648 783836 0
1790704082768 3072488 2288652 783836 0
1790704082806 3072488 2288652 783836 0
1790704082843 3072488 2288652 783836 0
1790704082883 3072492 2288656 783836 0
1790704082923 3072492 2288656 783836 0
1790704082963 3072492 2288656 783836 0
1790704083000 3072492 2288656 783836 0
1790704083040 2989184 2281748 707436 0
1790704083079 3072668 2288832 783836 0
1790704083117 3072668 2288832 783836 0
1790704083156 3072668 2288832 783836 0
1790704083195 3072668 2288832 783836 0
1790704083234 3072668 2288832 783836 0
1790704083274 3072668 2288832 783836 0
1790704083315 3072668 2288832 783836 0
1790704083357 3072668 2288832 783836 0
1790704083398 3072668 2288832 783836 0
1790704083439 3072668 2288832 783836 0
1790704083480 3072668 2288832 783836 0
1790704083520 3072668 2288832 783836 0
1790704083559 2902492 2283844 618648 0
1790704083596 3072672 2288836 783836 0
1790704083638 3072672 2288836 783836 0
1790704083675 3072672 2288836 783836 0
1790704083716 3072672 2288836 783836 0
1790704083758 3072672 2288836 783836 0
1790704083798 3072672 2288836 783836 0
1790704083838 3072676 2288840 783836 0
1790704083877 3072676 2288840 783836 0
1790704083914 3072680 2288844 783836 0
1790704083952 3072688 2288852 783836 0
1790704083992 3072688 2288852 783836 0
1790704084030 3072688 2288852 783836 0
1790704084070 3072688 2288852 783836 0
1790704084110 3072688 2288852 783836 0
1790704084151 3072688 2288852 783836 0
1790704084193 3072688 2288852 783836 0
1790704084233 3072712 2288876 783836 0
1790704084272 3072712 2288876 783836 0
1790704084311 3072712 2288876 783836 0
1790704084350 3072712 2288876 783836 0
1790704084392 3072712 2288876 783836 0
1790704084433 3072712 2288876 783836 0
1790704084475 3072712 2288876 783836 0
1790704084514 3072716 2288880 783836 0
1790704084553 3072716 2288880 783836 0
1790704084591 3072736 2288900 783836 0
1790704084630 3072736 2288900 783836 0
1790704084669 3072736 2288900 783836 0
1790704084706 3072740 2288904 783836 0
1790704084746 3072744 2288908 783836 0
1790704084786 3072744 2288908 783836 0
1790704084825 3072744 2288908 783836 0
1790704084866 3072744 2288908 783836 0
1790704084907 3072744 2288908 783836 0
1790704084948 3072744 2288908 783836 0
1790704084989 3072744 2288908 783836 0
1790704085028 3036340 2285468 750872 0
1790704085066 3072748 2288912 783836 0
1790704085106 3072748 2288912 783836 0
1790704085145 3072748 2288912 783836 0
1790704085185 3072748 2288912 783836 0
1790704085226 3072748 2288912 783836 0
1790704085266 3072748 2288912 783836 0
1790704085305 3072756 2288920 783836 0
1790704085345 3072756 2288920 783836 0
1790704085382 3072816 2288980 783836 0
1790704085420 3072820 2288984 783836 0
1790704085460 3072820 2288984 783836 0
1790704085497 3072820 2288984 783836 0
1790704085536 3072820 2288984 783836 0
1790704085578 3072820 2288984 783836 0
1790704085619 3072820 2288984 783836 0
1790704085660 3072820 2288984 783836 0
1790704085701 3072820 2288984 783836 0
1790704085741 3072820 2288984 783836 0
1790704085780 3072820 2288984 783836 0
1790704085820 3072820 2288984 783836 0
1790704085862 3072820 2288984 783836 0
1790704085903 3072820 2288984 783836 0
1790704085943 3072824 2288988 783836 0
1790704085983 2632852 2217116 415736 0
1790704086017 2735740 2289000 446740 0
1790704086053 2735740 2289000 446740 0
1790704086088 2735740 2289000 446740 0
1790704086124 2735740 2289000 446740 0
1790704086159 2735740 2289000 446740 0
1790704086194 2589856 2239392 350464 0
1790704086227 2735744 2289004 446740 0
1790704086262 2735744 2289004 446740 0
1790704086297 2735752 2289012 446740 0
1790704086331 2735752 2289012 446740 0
1790704086366 2738148 2286448 451700 0
1790704086400 2514392 2195336 319056 0
1790704086432 2754876 2286432 468444 0
1790704086468 2754936 2286432 468504 0
1790704086503 2776620 2286432 490188 0
