# timestamp_ms Rss_kB Anonymous_kB Filemapped_kB Shmem_kB
1790723438998 443704 263920 179784 0
1790723439039 443704 263920 179784 0
1790723439063 437588 258808 178780 0
1790723439099 453868 273720 180148 0
1790723439145 454784 273972 180812 0
1790723439171 454784 273972 180812 0
1790723439197 451620 274148 177472 0
1790723439231 464036 281324 182712 0
1790723439257 352968 243348 109620 0
1790723439305 515708 330576 185132 0
1790723439345 515708 330576 185132 0
1790723439370 462056 317828 144228 0
1790723439418 606976 418336 188640 0
1790723439459 606976 418336 188640 0
1790723439484 606876 418176 188700 0
1790723439514 606876 418176 188700 0
1790723439550 608304 418204 190100 0
1790723439578 608572 418208 190364 0
1790723439605 610060 418692 191368 0
1790723439638 667408 418696 248712 0
1790723439684 667408 418696 248712 0
1790723439725 597696 384892 212804 0
1790723439751 669900 419072 250828 0
1790723439780 669900 419072 250828 0
1790723439806 669900 419072 250828 0
1790723439832 669900 419072 250828 0
1790723439858 670292 419448 250844 0
1790723439887 665212 417884 247328 0
1790723439914 670576 419704 250872 0
1790723439941 672796 419808 252988 0
1790723439977 707560 430316 277244 0
1790723440024 707560 430316 277244 0
1790723440051 522796 355328 167468 0
1790723440085 713644 433024 280620 0
1790723440112 713644 433024 280620 0
1790723440142 713644 433024 280620 0
1790723440169 713644 433024 280620 0
1790723440196 674204 431296 242908 0
1790723440231 717408 433104 284304 0
1790723440261 720476 435672 284804 0
1790723440312 720768 435824 284944 0
1790723440339 720768 435824 284944 0
1790723440368 720768 435824 284944 0
1790723440406 721756 435828 285928 0
1790723440436 721756 435828 285928 0
1790723440463 721756 435828 285928 0
1790723440492 653344 442500 210844 0
1790723440524 748792 449428 299364 0
1790723440571 748792 449428 299364 0
1790723440598 750308 449448 300860 0
1790723440642 755456 454596 300860 0
1790723440672 755456 454596 300860 0
1790723440700 755456 454596 300860 0
1790723440729 755456 454596 300860 0
1790723440766 653568 429884 223684 0
1790723440807 757260 454736 302524 0
1790723440845 757784 454736 303048 0
1790723440912 764124 458436 305688 0
1790723440942 775992 464580 311412 0
1790723440989 775992 464580 311412 0
1790723441017 781912 466628 315284 0
1790723441055 808732 480964 327768 0
1790723441105 808732 480964 327768 0
1790723441134 808732 480964 327768 0
1790723441164 829628 491204 338424 0
1790723441212 839196 495300 343896 0
1790723441259 839196 495300 343896 0
1790723441287 846108 499396 346712 0
1790723441321 867048 509636 357412 0
1790723441375 867048 509636 357412 0
1790723441404 867048 509636 357412 0
1790723441432 876088 513732 362356 0
1790723441462 892344 521924 370420 0
1790723441509 892344 521924 370420 0
1790723441538 892344 521924 370420 0
1790723441570 907320 530116 377204 0
1790723441610 920760 536260 384500 0
1790723441677 920760 536260 384500 0
1790723441721 928028 542232 385796 0
1790723441749 1074964 682880 392084 0
1790723441820 1074964 682880 392084 0
1790723441878 1074964 682880 392084 0
1790723441907 849844 456264 393580 0
1790723441971 849852 456272 393580 0
1790723442028 849640 456340 393300 0
1790723442069 982744 603224 379520 0
1790723442100 761764 542752 219012 0
1790723442127 997892 604312 393580 0
1790723442159 997892 604312 393580 0
1790723442197 925960 544696 381264 0
1790723442228 1015748 622640 393108 0
1790723442275 936980 543400 393580 0
1790723442326 936980 543400 393580 0
1790723442366 1191708 804272 387436 0
1790723442414 1110960 717380 393580 0
1790723442446 1110960 717380 393580 0
1790723442475 1151132 757552 393580 0
1790723442514 1179804 786224 393580 0
1790723442563 1179804 786224 393580 0
1790723442591 1224860 831280 393580 0
1790723442631 1282204 888624 393580 0
1790723442680 1282204 888624 393580 0
1790723442709 1191604 816996 374608 0
1790723442739 1351636 958056 393580 0
1790723442789 1390548 996968 393580 0
1790723442836 1390548 996968 393580 0
1790723442865 1413076 1019496 393580 0
1790723442906 1026808 633228 393580 0
1790723443033 1026808 633228 393580 0
1790723443064 1026760 633180 393580 0
1790723443104 855712 459516 396196 0
1790723443132 811792 429452 382340 0
1790723443161 874928 471676 403252 0
1790723443189 905940 500828 405112 0
1790723443227 912296 505488 406808 0
1790723443256 912296 505488 406808 0
1790723443284 737196 495332 241864 0
1790723443310 678488 487160 191328 0
1790723443337 591648 460896 130752 0
1790723443365 798484 511492 286992 0
1790723443401 863152 548588 314564 0
1790723443441 989312 548628 440684 0
1790723443475 846572 543060 303512 0
1790723443511 989368 548668 440700 0
1790723443541 989368 548668 440700 0
1790723443570 987556 546856 440700 0
1790723443599 989376 548676 440700 0
1790723443629 989376 548676 440700 0
1790723443658 987568 546868 440700 0
1790723443687 989380 548680 440700 0
1790723443716 989380 548680 440700 0
1790723443755 989376 548676 440700 0
1790723443785 989380 548680 440700 0
1790723443813 989380 548680 440700 0
1790723443842 989380 548680 440700 0
1790723443871 989380 548680 440700 0
1790723443901 989380 548680 440700 0
1790723443942 989380 548680 440700 0
1790723443972 989380 548680 440700 0
1790723444013 989384 548684 440700 0
1790723444054 989384 548684 440700 0
1790723444090 987568 546868 440700 0
1790723444132 989384 548684 440700 0
1790723444172 987772 547072 440700 0
1790723444209 989384 548684 440700 0
1790723444250 987572 546872 440700 0
1790723444280 987572 546872 440700 0
1790723444309 987572 546872 440700 0
1790723444338 989384 548684 440700 0
1790723444375 989384 548684 440700 0
1790723444406 989384 548684 440700 0
1790723444447 989384 548684 440700 0
1790723444488 989384 548684 440700 0
1790723444518 987572 546872 440700 0
1790723444547 987572 546872 440700 0
1790723444588 989384 548684 440700 0
1790723444618 989384 548684 440700 0
1790723444648 989384 548684 440700 0
1790723444687 989384 548684 440700 0
1790723444717 987572 546872 440700 0
1790723444746 987572 546872 440700 0
1790723444778 989384 548684 440700 0
1790723444808 989384 548684 440700 0
1790723444837 989384 548684 440700 0
1790723444865 989376 548676 440700 0
1790723444895 989376 548676 440700 0
1790723444928 989376 548676 440700 0
1790723444958 987572 546872 440700 0
1790723444990 987572 546872 440700 0
1790723445022 987572 546872 440700 0
1790723445052 987572 546872 440700 0
1790723445080 987572 546872 440700 0
1790723445109 987580 546880 440700 0
1790723445151 820628 487472 333156 0
1790723445180 994200 552944 441256 0
1790723445215 856892 549876 307016 0
1790723445245 994188 552932 441256 0
1790723445278 994200 552944 441256 0
1790723445310 994200 552944 441256 0
1790723445351 994196 552940 441256 0
1790723445402 994196 552940 441256 0
1790723445462 994196 552940 441256 0
1790723445496 994196 552940 441256 0
1790723445583 994196 552940 441256 0
1790723445629 994196 552940 441256 0
1790723445663 994196 552940 441256 0
1790723445695 994196 552940 441256 0
1790723445726 994196 552940 441256 0
1790723445756 994196 552940 441256 0
1790723445785 994196 552940 441256 0
1790723445815 994196 552940 441256 0
1790723445855 994196 552940 441256 0
1790723445885 994196 552940 441256 0
1790723445916 994196 552940 441256 0
1790723445960 994196 552940 441256 0
1790723445992 994196 552940 441256 0
1790723446024 994196 552940 441256 0
1790723446055 994196 552940 441256 0
1790723446085 994196 552940 441256 0
1790723446115 994196 552940 441256 0
1790723446151 994196 552940 441256 0
1790723446184 994196 552940 441256 0
1790723446217 994196 552940 441256 0
1790723446258 994196 552940 441256 0
1790723446288 994196 552940 441256 0
1790723446317 994196 552940 441256 0
1790723446346 994200 552944 441256 0
1790723446376 988932 552168 436764 0
1790723446417 994196 552940 441256 0
1790723446451 735388 491188 244200 0
1790723446488 984124 591148 392976 0
1790723446518 1050108 604600 445508 0
1790723446557 1050280 604696 445584 0
1790723446590 1050280 604696 445584 0
1790723446623 764572 513328 251244 0
1790723446694 1055476 606908 448568 0
1790723446741 1063424 609444 453980 0
1790723446812 971160 592308 378852 0
1790723446883 1068480 612008 456472 0
1790723446939 999952 590932 409020 0
1790723446989 1092012 620500 471512 0
1790723447045 1097992 621092 476900 0
1790723447102 998776 619604 379172 0
1790723447145 864164 581244 282920 0
1790723447227 1126056 649112 476944 0
1790723447285 1126056 649112 476944 0
1790723447361 1126056 649112 476944 0
1790723447437 1126056 649112 476944 0
1790723447510 1135112 658168 476944 0
1790723447608 1183652 706708 476944 0
1790723447652 1183732 706788 476944 0
1790723447718 1183752 706808 476944 0
1790723447768 1183752 706808 476944 0
1790723447845 1183752 706808 476944 0
1790723447926 1043120 647856 395264 0
1790723447992 1250512 773568 476944 0
1790723448055 1287376 810432 476944 0
1790723448141 1280976 806068 474908 0
1790723448190 1195360 718416 476944 0
1790723448224 1195360 718416 476944 0
1790723448255 1195360 718416 476944 0
1790723448286 1192396 719240 473156 0
1790723448316 1197240 720208 477032 0
1790723448347 1198792 720284 478508 0
1790723448378 1214460 723476 490984 0
1790723448410 1214552 723480 491072 0
1790723448442 1214936 723864 491072 0
1790723448474 1214936 723864 491072 0
1790723448506 1214940 723868 491072 0
1790723448538 1214948 723876 491072 0
1790723448569 1214952 723880 491072 0
1790723448601 1247760 723920 523840 0
1790723448648 1247760 723920 523840 0
1790723448689 1226464 722576 503888 0
1790723448734 1249948 723932 526016 0
1790723448766 1249952 723936 526016 0
1790723448812 1249952 723936 526016 0
1790723448859 1251856 723944 527912 0
1790723448923 1254460 723944 530516 0
1790723448967 1256704 723944 532760 0
1790723449070 1256704 723944 532760 0
1790723449170 1268108 723944 544164 0
1790723449265 1277264 723944 553320 0
1790723449305 1277264 723944 553320 0
1790723449361 845336 661272 184064 0
1790723449423 1284244 730924 553320 0
1790723449548 1284244 730924 553320 0
1790723449584 1118204 677764 440440 0
1790723449641 1302548 749228 553320 0
1790723449707 1302548 749228 553320 0
1790723449760 1302548 749228 553320 0
1790723449839 1302548 749228 553320 0
1790723449934 1000088 760408 239680 0
1790723450030 1403924 850604 553320 0
1790723450127 1403924 850604 553320 0
1790723450178 1403924 850604 553320 0
1790723450227 1403924 850604 553320 0
1790723450270 1403924 850604 553320 0
1790723450318 1403924 850604 553320 0
1790723450355 1403928 850608 553320 0
1790723450394 1403928 850608 553320 0
1790723450435 1403928 850608 553320 0
1790723450479 1403928 850608 553320 0
1790723450520 1403928 850608 553320 0
1790723450569 1403940 850620 553320 0
1790723450619 1403940 850620 553320 0
1790723450659 1403944 850624 553320 0
1790723450695 1403944 850624 553320 0
1790723450728 1403944 850624 553320 0
1790723450772 1404332 850624 553708 0
1790723450821 1410676 850624 560052 0
1790723450909 1410676 850624 560052 0
1790723451002 1223176 661288 561888 0
1790723451049 1231848 662696 569152 0
1790723451154 1242112 664232 577880 0
1790723451204 1245604 665000 580604 0
1790723451270 1266348 685744 580604 0
1790723451347 995128 716392 278736 0
1790723451412 1275744 695140 580604 0
1790723451478 1275744 695140 580604 0
1790723451572 1275744 695140 580604 0
1790723451684 1275744 695140 580604 0
1790723451744 1275744 695140 580604 0
1790723451828 1324440 743836 580604 0
1790723451888 1324440 743836 580604 0
1790723451969 1324440 743836 580604 0
1790723452008 1324440 743836 580604 0
1790723452073 1324440 743836 580604 0
1790723452170 1212148 719908 492240 0
1790723452247 918036 739796 178240 0
1790723452286 1432700 852096 580604 0
1790723452333 1432700 852096 580604 0
1790723452366 1432700 852096 580604 0
1790723452400 1432700 852096 580604 0
1790723452447 1432700 852096 580604 0
1790723452483 1432700 852096 580604 0
1790723452517 1432700 852096 580604 0
1790723452551 1432700 852096 580604 0
1790723452583 1432700 852096 580604 0
1790723452629 1432704 852100 580604 0
1790723452662 1432704 852100 580604 0
1790723452704 1432704 852100 580604 0
1790723452755 1432704 852100 580604 0
1790723452804 1432704 852100 580604 0
1790723452843 1432708 852104 580604 0
1790723452879 1432708 852104 580604 0
1790723452916 1432708 852104 580604 0
1790723452963 1432712 852108 580604 0
1790723453000 1432712 852108 580604 0
1790723453033 1432712 852108 580604 0
1790723453084 1432712 852108 580604 0
1790723453125 1432712 852108 580604 0
1790723453159 1432712 852108 580604 0
1790723453193 1432712 852108 580604 0
1790723453235 1262576 679732 582844 0
1790723453292 1267088 679732 587356 0
1790723453357 1267088 679732 587356 0
1790723453420 1267088 679732 587356 0
1790723453516 1278484 679732 598752 0
1790723453588 1284456 679732 604724 0
1790723453631 1287676 679732 607944 0
1790723453690 1296768 688824 607944 0
1790723453738 1296768 688824 607944 0
1790723453840 1333824 725880 607944 0
1790723453931 1333824 725880 607944 0
1790723453994 1333824 725880 607944 0
1790723454078 1333824 725880 607944 0
1790723454170 1333824 725880 607944 0
1790723454222 1333824 725880 607944 0
1790723454266 1333824 725880 607944 0
1790723454327 883968 705728 178240 0
1790723454373 1407548 799604 607944 0
1790723454459 1407548 799604 607944 0
1790723454495 1407548 799604 607944 0
1790723454543 1407548 799604 607944 0
1790723454640 1407548 799604 607944 0
1790723454739 1369984 793020 576964 0
1790723454812 1416700 808756 607944 0
1790723454865 1416700 808756 607944 0
1790723454902 1338356 792916 545440 0
1790723454956 1435132 827188 607944 0
1790723454991 1076092 802344 273748 0
1790723455022 1361532 753588 607944 0
1790723455074 1361532 753588 607944 0
1790723455109 1361532 753588 607944 0
1790723455154 1361532 753588 607944 0
1790723455190 1361532 753588 607944 0
1790723455240 1361532 753588 607944 0
1790723455289 1361532 753588 607944 0
1790723455324 1361532 753588 607944 0
1790723455358 1361532 753588 607944 0
1790723455406 1361532 753588 607944 0
1790723455441 1361532 753588 607944 0
1790723455490 1361532 753588 607944 0
1790723455536 1363776 753588 610188 0
1790723455588 1367892 753588 614304 0
1790723455640 1368264 753588 614676 0
1790723455754 1379024 753588 625436 0
1790723455835 1385692 753588 632104 0
1790723455894 1388856 753588 635268 0
1790723455957 1388856 753588 635268 0
1790723456011 1388856 753588 635268 0
1790723456079 1344628 709360 635268 0
1790723456162 1344628 709360 635268 0
1790723456225 1344628 709360 635268 0
1790723456352 1344628 709360 635268 0
1790723456439 1344628 709360 635268 0
1790723456521 1344628 709360 635268 0
1790723456602 1386440 751172 635268 0
1790723456653 1386440 751172 635268 0
1790723456722 1386440 751172 635268 0
1790723456817 1386440 751172 635268 0
1790723456913 1372992 739772 633220 0
1790723457002 1421844 786576 635268 0
1790723457037 1421844 786576 635268 0
1790723457075 1450896 815628 635268 0
1790723457121 1423492 806360 617132 0
1790723457169 1506192 870924 635268 0
1790723457228 1506192 870924 635268 0
1790723457262 1506192 870924 635268 0
1790723457300 1451024 815756 635268 0
1790723457355 1451024 815756 635268 0
1790723457392 1451024 815756 635268 0
1790723457443 1451024 815756 635268 0
1790723457478 1451024 815756 635268 0
1790723457514 1451024 815756 635268 0
1790723457556 1451024 815756 635268 0
1790723457599 1451024 815756 635268 0
1790723457637 1451024 815756 635268 0
1790723457693 1451024 815756 635268 0
1790723457748 1451024 815756 635268 0
1790723457803 1453264 815756 637508 0
1790723457873 1457744 815756 641988 0
1790723457982 1365584 723596 641988 0
1790723458055 1377032 723596 653436 0
1790723458142 1386188 723596 662592 0
1790723458219 1386188 723596 662592 0
1790723458298 881684 703444 178240 0
1790723458382 1386184 723592 662592 0
1790723458538 1386184 723592 662592 0
1790723458634 1386184 723592 662592 0
1790723458704 1386184 723592 662592 0
1790723458752 1386184 723592 662592 0
1790723458873 1459912 797320 662592 0
1790723458967 1459912 797320 662592 0
1790723459030 1459912 797320 662592 0
1790723459142 1459912 797320 662592 0
1790723459212 1469064 806472 662592 0
1790723459254 1469064 806472 662592 0
1790723459288 1469064 806472 662592 0
1790723459322 1460656 800840 659816 0
1790723459364 1505928 843336 662592 0
1790723459401 1505928 843336 662592 0
1790723459435 1505928 843336 662592 0
1790723459469 1505928 843336 662592 0
1790723459503 1505928 843336 662592 0
1790723459537 1505928 843336 662592 0
1790723459588 1505928 843336 662592 0
1790723459630 1505928 843336 662592 0
1790723459663 1505928 843336 662592 0
1790723459698 1505928 843336 662592 0
1790723459733 1505928 843336 662592 0
1790723459799 1505928 843336 662592 0
1790723459834 1505928 843336 662592 0
1790723459868 1505928 843336 662592 0
1790723459902 1505928 843336 662592 0
1790723459962 1510432 843336 667096 0
1790723460016 1512676 843336 669340 0
1790723460113 1422652 751304 671348 0
1790723460189 1432040 751304 680736 0
1790723460236 1434348 751304 683044 0
1790723460283 1441192 751304 689888 0
1790723460350 1441192 751304 689888 0
1790723460446 1477988 788100 689888 0
1790723460524 1477988 788100 689888 0
1790723460633 1361516 739896 621620 0
1790723460724 1438732 748844 689888 0
1790723460820 1438732 748844 689888 0
1790723460885 1438732 748844 689888 0
1790723460939 1438732 748844 689888 0
1790723461056 1438732 748844 689888 0
1790723461134 1491668 801780 689888 0
1790723461215 1545784 855896 689888 0
1790723461269 1545784 855896 689888 0
1790723461337 1546964 857076 689888 0
1790723461393 1546964 857076 689888 0
1790723461432 1546964 857076 689888 0
1790723461466 1546964 857076 689888 0
1790723461505 1546964 857076 689888 0
1790723461557 1546964 857076 689888 0
1790723461613 1546964 857076 689888 0
1790723461653 1546964 857076 689888 0
1790723461701 1546964 857076 689888 0
1790723461737 1546964 857076 689888 0
1790723461771 1546964 857076 689888 0
1790723461807 1546964 857076 689888 0
1790723461859 1546964 857076 689888 0
1790723461898 1546964 857076 689888 0
1790723461939 1546964 857076 689888 0
1790723461987 1546964 857076 689888 0
1790723462022 1546964 857076 689888 0
1790723462083 1553812 857076 696736 0
1790723462179 1553812 857076 696736 0
1790723462215 1553812 857076 696736 0
1790723462250 1553812 857076 696736 0
1790723462297 1358580 659604 698976 0
1790723462365 1362312 660240 702072 0
1790723462453 1311248 656568 654680 0
1790723462532 1349892 658572 691320 0
1790723462572 1410728 693440 717288 0
1790723462639 1178024 583692 594332 0
1790723462739 1447780 730492 717288 0
1790723462834 1447780 730492 717288 0
1790723462932 1447780 730492 717288 0
1790723463018 1447780 730492 717288 0
1790723463093 1397920 712712 685208 0
1790723463160 1475360 758072 717288 0
1790723463224 1475360 758072 717288 0
1790723463300 1475360 758072 717288 0
1790723463420 1475360 758072 717288 0
1790723463502 1451584 746620 704964 0
1790723463572 1479292 762004 717288 0
1790723463610 1479292 762004 717288 0
1790723463646 1521384 804096 717288 0
1790723463708 1069984 791288 278696 0
1790723463744 1539816 822528 717288 0
1790723463780 1539816 822528 717288 0
1790723463826 1539816 822528 717288 0
1790723463862 1539816 822528 717288 0
1790723463898 1539816 822528 717288 0
1790723463938 1539816 822528 717288 0
1790723463983 1539816 822528 717288 0
1790723464024 1539816 822528 717288 0
1790723464071 1539816 822528 717288 0
1790723464118 1539816 822528 717288 0
1790723464159 1539816 822528 717288 0
1790723464199 1539816 822528 717288 0
1790723464239 1539820 822532 717288 0
1790723464283 1539820 822532 717288 0
1790723464340 1546540 822532 724008 0
1790723464447 1539196 818960 720236 0
1790723464534 1387560 661308 726252 0
1790723464600 778968 594996 183972 0
1790723464659 1405500 665028 740472 0
1790723464735 918632 654468 264164 0
1790723464765 937672 662752 274920 0
1790723464806 1440316 695748 744568 0
1790723464892 1468168 723600 744568 0
1790723465011 1468168 723600 744568 0
1790723465133 1462788 763528 699260 0
1790723465197 1488424 743856 744568 0
1790723465242 1488424 743856 744568 0
1790723465280 1488424 743856 744568 0
1790723465323 1488424 743856 744568 0
1790723465389 1488320 743844 744476 0
1790723465544 1275180 687244 587936 0
1790723465617 1608176 863608 744568 0
1790723465686 1608176 863608 744568 0
1790723465720 1608176 863608 744568 0
1790723465771 1608176 863608 744568 0
1790723465834 1608176 863608 744568 0
1790723465872 1608176 863608 744568 0
1790723465930 1608176 863608 744568 0
1790723465969 1608176 863608 744568 0
1790723466016 1608176 863608 744568 0
1790723466052 1608176 863608 744568 0
1790723466092 1608176 863608 744568 0
1790723466144 1608176 863608 744568 0
1790723466180 1608176 863608 744568 0
1790723466216 1608176 863608 744568 0
1790723466251 1608176 863608 744568 0
1790723466301 1608176 863608 744568 0
1790723466338 1608176 863608 744568 0
1790723466389 1608176 863608 744568 0
1790723466425 1609508 863608 745900 0
1790723466471 1610424 863608 746816 0
1790723466513 1610424 863608 746816 0
1790723466547 1610424 863608 746816 0
1790723466588 1614912 863608 751304 0
1790723466685 1614912 863608 751304 0
1790723466728 1614012 863536 750476 0
1790723466805 1447116 693568 753548 0
1790723466884 1465424 693568 771856 0
1790723467014 1474516 702660 771856 0
1790723467105 1245048 629824 615224 0
1790723467207 1511568 739712 771856 0
1790723467371 1511568 739712 771856 0
1790723467489 1511572 739716 771856 0
1790723467571 1496308 728076 768232 0
1790723467680 1516044 744188 771856 0
1790723467765 1516044 744188 771856 0
1790723467815 1516044 744188 771856 0
1790723467868 1516044 744188 771856 0
1790723467949 1515184 743328 771856 0
1790723468077 1575892 804036 771856 0
1790723468174 1612756 840900 771856 0
1790723468240 1612756 840900 771856 0
1790723468280 1612756 840900 771856 0
1790723468316 1612756 840900 771856 0
1790723468352 1612756 840900 771856 0
1790723468388 1612756 840900 771856 0
1790723468434 1612756 840900 771856 0
1790723468495 1612756 840900 771856 0
1790723468534 1612756 840900 771856 0
1790723468570 1612756 840900 771856 0
1790723468606 1612756 840900 771856 0
1790723468660 1612756 840900 771856 0
1790723468703 1612756 840900 771856 0
1790723468747 1612756 840900 771856 0
1790723468788 1612756 840900 771856 0
1790723468841 1612756 840900 771856 0
1790723468877 1612756 840900 771856 0
1790723468934 1617236 840900 776336 0
1790723468996 1619476 840900 778576 0
1790723469050 1619476 840900 778576 0
1790723469085 1619476 840900 778576 0
1790723469121 1439888 661312 778576 0
1790723469229 1452336 663104 789232 0
1790723469326 928816 651500 277316 0
1790723469432 793000 607868 185132 0
1790723469506 1494956 695752 799204 0
1790723469607 1532008 732804 799204 0
1790723469730 1532008 732804 799204 0
1790723469805 1532008 732804 799204 0
1790723469893 1397704 686728 710976 0
1790723469974 1544984 745780 799204 0
1790723470050 1544984 745780 799204 0
1790723470128 1544984 745780 799204 0
1790723470251 1461860 738852 723008 0
1790723470320 1602528 803324 799204 0
1790723470409 1639392 840188 799204 0
1790723470457 1639392 840188 799204 0
1790723470494 1639392 840188 799204 0
1790723470531 1639392 840188 799204 0
1790723470587 1639392 840188 799204 0
1790723470627 1639392 840188 799204 0
1790723470680 1639392 840188 799204 0
1790723470734 1639392 840188 799204 0
1790723470789 1639392 840188 799204 0
1790723470826 1639392 840188 799204 0
1790723470871 1639392 840188 799204 0
1790723470911 1639392 840188 799204 0
1790723470949 1639392 840188 799204 0
1790723471015 1639392 840188 799204 0
1790723471052 1639392 840188 799204 0
1790723471093 1641636 840188 801448 0
1790723471150 1643880 840188 803692 0
1790723471188 1643880 840188 803692 0
1790723471225 1643880 840188 803692 0
1790723471263 1474660 662720 811940 0
1790723471461 1486916 664640 822276 0
1790723471528 1214200 544344 669856 0
1790723471601 1524160 697672 826488 0
1790723471683 989792 717768 272024 0
1790723471800 1552000 725512 826488 0
1790723471867 1552000 725512 826488 0
1790723471948 1552000 725512 826488 0
1790723472058 1552000 725512 826488 0
1790723472102 1552000 725512 826488 0
1790723472208 1552000 725512 826488 0
1790723472296 1552000 725512 826488 0
1790723472344 1552000 725512 826488 0
1790723472390 1552000 725512 826488 0
1790723472465 1552000 725512 826488 0
1790723472567 1585288 764444 820844 0
1790723472621 1644032 817544 826488 0
1790723472694 1680896 854408 826488 0
1790723472742 1680896 854408 826488 0
1790723472819 1680896 854408 826488 0
1790723472873 1680896 854408 826488 0
1790723472914 1680896 854408 826488 0
1790723472952 1680896 854408 826488 0
1790723473014 1680896 854408 826488 0
1790723473065 1680896 854408 826488 0
1790723473122 1680896 854408 826488 0
1790723473195 1680900 854412 826488 0
1790723473251 1680900 854412 826488 0
1790723473296 1680900 854412 826488 0
1790723473345 1680900 854412 826488 0
1790723473398 1680900 854412 826488 0
1790723473436 1118240 840924 277316 0
1790723473466 1552000 725512 826488 0
1790723473505 1554916 725516 829400 0
1790723473549 1131800 725516 406284 0
1790723473597 1131800 725516 406284 0
1790723473640 1131800 725516 406284 0
1790723473709 1131800 725516 406284 0
1790723473741 1132484 725516 406968 0
1790723473783 1132488 725520 406968 0
1790723473813 1132604 725520 407084 0
1790723473842 1132604 725520 407084 0
1790723473871 1132604 725520 407084 0
1790723473913 1132604 725520 407084 0
1790723473952 1130488 723404 407084 0
1790723473982 1130548 723404 407144 0
1790723474011 1130676 723404 407272 0
1790723474040 1130676 723404 407272 0
1790723474070 1130676 723404 407272 0
1790723474099 1130676 723404 407272 0
1790723474129 1130676 723404 407272 0
1790723474158 1130676 723404 407272 0
1790723474187 1130676 723404 407272 0
1790723474220 1130676 723404 407272 0
1790723474252 1130676 723404 407272 0
1790723474294 1130676 723404 407272 0
1790723474326 1129024 720840 408184 0
1790723474367 1138104 720840 417264 0
1790723474398 1138164 720840 417324 0
1790723474427 1159116 720840 438276 0
