# timestamp_ms Rss_kB Anonymous_kB Filemapped_kB Shmem_kB
1786774272668 433228 258408 174820 0
1786774272770 436244 259248 176996 0
1786774272828 437400 260100 177300 0
1786774272889 437400 260100 177300 0
1786774272914 437400 260100 177300 0
1786774272940 437740 260440 177300 0
1786774273040 438908 261668 177240 0
1786774273099 330732 211568 119164 0
1786774273155 238508 157620 80888 0
1786774273254 455724 276448 179276 0
1786774273353 456208 276932 179276 0
1786774273412 458768 277964 180804 0
1786774273472 497896 314928 182968 0
1786774273556 554388 368324 186064 0
1786774273656 609544 421036 188508 0
1786774273758 613316 421644 191672 0
1786774273892 616900 422600 194300 0
1786774273976 623752 424232 199520 0
1786774274109 627532 425012 202520 0
1786774274217 628864 425476 203388 0
1786774274312 634104 428348 205756 0
1786774274465 659396 434072 225324 0
1786774274560 661124 434872 226252 0
1786774274698 665728 434988 230740 0
1786774274784 669668 436684 232984 0
1786774274937 670228 437244 232984 0
1786774275049 683536 439148 244388 0
1786774275165 695008 441444 253564 0
1786774275330 700292 442240 258052 0
1786774275470 703612 443316 260296 0
1786774275579 706788 444252 262536 0
1786774275777 716768 445480 271288 0
1786774275848 724264 445956 278308 0
1786774276002 727220 446372 280848 0
1786774276117 733156 447828 285328 0
1786774276223 741548 451736 289812 0
1786774276435 752708 453744 298964 0
1786774276555 762300 454168 308132 0
1786774276688 765388 455012 310376 0
1786774276827 768124 455504 312620 0
1786774276913 770528 455664 314864 0
1786774277108 772312 455664 316648 0
1786774277191 781948 456956 324992 0
1786774277270 792396 457028 335368 0
1786774277392 797284 457340 339944 0
1786774277562 799624 457440 342184 0
1786774277647 800008 457824 342184 0
1786774277713 802364 460180 342184 0
1786774277853 824704 461960 362744 0
1786774277994 831708 462208 369500 0
1786774278186 834104 462360 371744 0
1786774278344 839388 462424 376964 0
1786774278501 851328 463648 387680 0
1786774278627 856056 463764 392292 0
1786774278788 860732 466192 394540 0
1786774278895 863076 466292 396784 0
1786774279047 863124 466340 396784 0
1786774279140 874592 466412 408180 0
1786774279250 886052 468716 417336 0
1786774279386 890672 468856 421816 0
1786774279551 893104 469048 424056 0
1786774279648 895400 469100 426300 0
1786774279769 905816 470364 435452 0
1786774279923 915000 470384 444616 0
1786774280056 916632 470400 446232 0
1786774280188 919504 470400 449104 0
1786774280257 921748 470400 451348 0
1786774280346 923436 471552 451884 0
1786774280489 934344 471596 462748 0
1786774280625 943496 471596 471900 0
1786774280787 948872 472748 476124 0
1786774280914 951412 472792 478620 0
1786774281100 953660 472800 480860 0
1786774281246 964036 474008 490028 0
1786774281384 973200 474016 499184 0
1786774281497 976212 474784 501428 0
1786774281658 981152 475212 505940 0
1786774281880 983396 475212 508184 0
1786774281993 1005804 476416 529388 0
1786774282129 1006564 476420 530144 0
1786774282264 1006736 476420 530316 0
1786774282340 1008952 476448 532504 0
1786774282418 1009060 476460 532600 0
1786774282495 1009084 476484 532600 0
1786774282572 1009104 476504 532600 0
1786774282649 1009116 476516 532600 0
1786774282723 1009120 476520 532600 0
1786774282794 1009148 476548 532600 0
1786774282902 1009160 476560 532600 0
1786774282989 1009164 476564 532600 0
1786774283066 1009176 476576 532600 0
1786774283145 1009180 476580 532600 0
1786774283223 1026548 485748 540800 0
1786774283295 1062388 504180 558208 0
1786774283411 1092084 518516 573568 0
1786774283526 1097184 476580 620604 0
1786774283642 1127060 506456 620604 0
1786774283749 1097324 526024 571300 0
1786774283875 1195580 574976 620604 0
1786774284006 1256088 635484 620604 0
1786774284137 1292952 672348 620604 0
1786774284268 1329816 709212 620604 0
1786774284398 1348248 727644 620604 0
1786774284529 1354072 733468 620604 0
1786774284636 1375896 755292 620604 0
1786774284785 1375896 755292 620604 0
1786774284866 1375948 755296 620652 0
1786774284929 1375948 755296 620652 0
1786774285130 1375948 755296 620652 0
1786774285201 1375948 755296 620652 0
1786774285252 1375948 755296 620652 0
1786774285331 1375948 755296 620652 0
1786774285400 1375948 755296 620652 0
1786774285476 1375948 755296 620652 0
1786774285522 1375948 755296 620652 0
1786774285602 1375948 755296 620652 0
1786774285657 1375948 755296 620652 0
1786774285701 1375948 755296 620652 0
1786774285762 1375948 755296 620652 0
1786774285842 1375948 755296 620652 0
1786774285907 1375948 755296 620652 0
1786774285975 1375948 755296 620652 0
1786774286031 1375948 755296 620652 0
1786774286123 1375948 755296 620652 0
1786774286204 1375948 755296 620652 0
1786774286289 1375948 755296 620652 0
1786774286374 1375948 755296 620652 0
1786774286440 1375948 755296 620652 0
1786774286543 1375948 755296 620652 0
1786774286606 1375948 755296 620652 0
1786774286684 1375948 755296 620652 0
1786774286787 1375948 755296 620652 0
1786774286887 1375948 755296 620652 0
1786774286953 1375948 755296 620652 0
1786774287023 1375948 755296 620652 0
1786774287095 1375948 755296 620652 0
1786774287157 1375948 755296 620652 0
1786774287219 1375948 755296 620652 0
1786774287278 1375948 755296 620652 0
1786774287337 1375948 755296 620652 0
1786774287425 1375948 755296 620652 0
1786774287526 1375948 755296 620652 0
1786774287606 1375948 755296 620652 0
1786774287677 1375948 755296 620652 0
1786774287734 1375948 755296 620652 0
1786774287849 1375948 755296 620652 0
1786774287912 1375948 755296 620652 0
1786774287975 1375948 755296 620652 0
1786774288099 1375948 755296 620652 0
1786774288169 1375948 755296 620652 0
1786774288244 1375948 755296 620652 0
1786774288305 1375948 755296 620652 0
1786774288417 1375948 755296 620652 0
1786774288503 1375948 755296 620652 0
1786774288576 1375948 755296 620652 0
1786774288634 1375948 755296 620652 0
1786774288703 1375948 755296 620652 0
1786774288804 1375948 755296 620652 0
1786774288875 1375948 755296 620652 0
1786774288987 1375948 755296 620652 0
1786774289080 1375948 755296 620652 0
1786774289143 1375948 755296 620652 0
1786774289240 1375948 755296 620652 0
1786774289288 1375948 755296 620652 0
1786774289372 1375948 755296 620652 0
1786774289463 1375948 755296 620652 0
1786774289543 1375948 755296 620652 0
1786774289670 1375948 755296 620652 0
1786774289763 1375948 755296 620652 0
1786774289815 1375948 755296 620652 0
1786774289875 1375948 755296 620652 0
1786774289973 1375948 755296 620652 0
1786774290040 1375948 755296 620652 0
1786774290131 1375948 755296 620652 0
1786774290208 1375948 755296 620652 0
1786774290289 1375948 755296 620652 0
1786774290344 1375948 755296 620652 0
1786774290400 1375948 755296 620652 0
1786774290488 1375948 755296 620652 0
1786774290573 1375948 755296 620652 0
1786774290650 1375948 755296 620652 0
1786774290682 1375948 755296 620652 0
1786774290712 1375948 755296 620652 0
1786774290798 1375948 755296 620652 0
1786774290874 1375948 755296 620652 0
1786774290943 1375948 755296 620652 0
1786774291020 1375948 755296 620652 0
1786774291062 1375948 755296 620652 0
1786774291160 1375948 755296 620652 0
1786774291289 1375948 755296 620652 0
1786774291348 1375948 755296 620652 0
1786774291444 1375948 755296 620652 0
1786774291515 1375948 755296 620652 0
1786774291578 1375948 755296 620652 0
1786774291704 1375948 755296 620652 0
1786774291776 1375948 755296 620652 0
1786774291856 1375948 755296 620652 0
1786774291944 1375948 755296 620652 0
1786774292023 1375948 755296 620652 0
1786774292105 1375948 755296 620652 0
1786774292169 1375948 755296 620652 0
1786774292234 1375948 755296 620652 0
1786774292290 1375948 755296 620652 0
1786774292352 1375948 755296 620652 0
1786774292420 1375948 755296 620652 0
1786774292491 1375948 755296 620652 0
1786774292549 1375948 755296 620652 0
1786774292623 1375948 755296 620652 0
1786774292706 1375948 755296 620652 0
1786774292760 1375948 755296 620652 0
1786774292819 1375948 755296 620652 0
1786774292901 1375948 755296 620652 0
1786774292971 1375948 755296 620652 0
1786774293039 1375948 755296 620652 0
1786774293130 1375948 755296 620652 0
1786774293225 1375948 755296 620652 0
1786774293299 1375948 755296 620652 0
1786774293421 1375948 755296 620652 0
1786774293490 1375948 755296 620652 0
1786774293562 1375948 755296 620652 0
1786774293655 1375948 755296 620652 0
1786774293702 1375948 755296 620652 0
1786774293763 1375948 755296 620652 0
1786774293796 1375948 755296 620652 0
1786774293853 1375948 755296 620652 0
1786774293884 1375948 755296 620652 0
1786774293916 1375948 755296 620652 0
1786774293953 1375948 755296 620652 0
1786774294015 1375948 755296 620652 0
1786774294104 1375948 755296 620652 0
1786774294156 1375948 755296 620652 0
1786774294188 1375948 755296 620652 0
1786774294221 1375948 755296 620652 0
1786774294281 1335080 765280 569800 0
1786774294321 1756912 1136260 620652 0
1786774294462 2799308 2254184 545124 0
1786774294778 1105192 484216 620976 0
1786774294850 1105192 484216 620976 0
1786774294892 1105192 484216 620976 0
1786774294947 1105192 484216 620976 0
1786774295039 1105192 484216 620976 0
1786774295110 1105196 484220 620976 0
1786774295206 1105196 484220 620976 0
1786774295273 1105204 484228 620976 0
1786774295379 1105204 484228 620976 0
1786774295445 1105204 484228 620976 0
1786774295553 1105204 484228 620976 0
1786774295647 1105204 484228 620976 0
1786774295711 1105204 484228 620976 0
1786774295793 1105204 484228 620976 0
1786774295849 1105204 484228 620976 0
1786774295904 1105204 484228 620976 0
1786774295956 1105204 484228 620976 0
1786774296013 1105204 484228 620976 0
1786774296076 1105204 484228 620976 0
1786774296141 1105204 484228 620976 0
1786774296212 1105204 484228 620976 0
1786774296292 1105204 484228 620976 0
1786774296351 1105208 484232 620976 0
1786774296422 1105208 484232 620976 0
1786774296504 1105208 484232 620976 0
1786774296590 1105208 484232 620976 0
1786774296676 1105208 484232 620976 0
1786774296758 1105208 484232 620976 0
1786774296824 1105208 484232 620976 0
1786774296906 1105208 484232 620976 0
1786774297011 1105208 484232 620976 0
1786774297094 1107428 486452 620976 0
1786774297210 1107428 486452 620976 0
1786774297279 1107428 486452 620976 0
1786774297351 1107428 486452 620976 0
1786774297428 1107428 486452 620976 0
1786774297494 1107428 486452 620976 0
1786774297597 1107428 486452 620976 0
1786774297687 1107428 486452 620976 0
1786774297791 1107428 486452 620976 0
1786774297866 1107428 486452 620976 0
1786774297940 1107428 486452 620976 0
1786774297986 1107428 486452 620976 0
1786774298037 1107428 486452 620976 0
1786774298126 1107428 486452 620976 0
1786774298203 1107428 486452 620976 0
1786774298270 1107428 486452 620976 0
1786774298329 1107428 486452 620976 0
1786774298412 1107428 486452 620976 0
1786774298486 1107428 486452 620976 0
1786774298582 1107428 486452 620976 0
1786774298652 1107428 486452 620976 0
1786774298741 1107428 486452 620976 0
1786774298840 1107428 486452 620976 0
1786774298893 1107428 486452 620976 0
1786774298965 1107428 486452 620976 0
1786774298997 1107428 486452 620976 0
1786774299028 1107896 486600 621296 0
1786774299059 1108028 486608 621420 0
1786774299090 1108032 486612 621420 0
1786774299120 1108036 486616 621420 0
1786774299150 1108040 486620 621420 0
1786774299181 1108044 486624 621420 0
1786774299211 1108048 486628 621420 0
1786774299242 1108052 486632 621420 0
1786774299273 1108060 486640 621420 0
1786774299304 1108068 486648 621420 0
1786774299335 1108068 486648 621420 0
1786774299366 1108076 486656 621420 0
1786774299398 1108076 486656 621420 0
1786774299429 1108084 486664 621420 0
1786774299460 1108084 486664 621420 0
1786774299491 1135608 514188 621420 0
1786774299522 1144824 523404 621420 0
1786774299554 1154040 532620 621420 0
1786774299585 1172472 551052 621420 0
1786774299616 1163844 567092 596752 0
1786774299647 1192228 584732 607496 0
1786774299679 1211632 593776 617856 0
1786774299710 1230068 612212 617856 0
1786774299741 1259240 637980 621260 0
1786774299773 1266972 649116 617856 0
1786774299805 1285308 667480 617828 0
1786774299837 1319940 698520 621420 0
1786774299868 1329156 707736 621420 0
1786774299900 1347588 726168 621420 0
1786774299932 1356804 735384 621420 0
1786774299963 1375236 753816 621420 0
1786774299995 1375236 753816 621420 0
1786774300027 1368324 750468 617856 0
1786774300059 1393668 772248 621420 0
1786774300091 1393668 772248 621420 0
1786774300123 1412100 790680 621420 0
1786774300155 1412104 790684 621420 0
1786774300243 1412104 790684 621420 0
1786774300341 1412104 790684 621420 0
1786774300416 1412104 790684 621420 0
1786774300485 1412104 790684 621420 0
1786774300563 1412104 790684 621420 0
1786774300616 1412104 790684 621420 0
1786774300702 1412104 790684 621420 0
1786774300805 1412104 790684 621420 0
1786774300877 1412104 790684 621420 0
1786774300976 1412104 790684 621420 0
1786774301072 1412104 790684 621420 0
1786774301149 1412104 790684 621420 0
1786774301244 1412104 790684 621420 0
1786774301303 1412104 790684 621420 0
1786774301378 1412104 790684 621420 0
1786774301489 1412104 790684 621420 0
1786774301561 1412104 790684 621420 0
1786774301620 1412104 790684 621420 0
1786774301679 1412104 790684 621420 0
1786774301736 1412104 790684 621420 0
1786774301800 1412104 790684 621420 0
1786774301857 1412104 790684 621420 0
1786774301966 1412104 790684 621420 0
1786774302051 1412104 790684 621420 0
1786774302131 1412104 790684 621420 0
1786774302219 1412104 790684 621420 0
1786774302335 1412104 790684 621420 0
1786774302423 1412104 790684 621420 0
1786774302476 1412104 790684 621420 0
1786774302550 1412104 790684 621420 0
1786774302625 1412104 790684 621420 0
1786774302680 1412104 790684 621420 0
1786774302755 1412104 790684 621420 0
1786774302829 1412104 790684 621420 0
1786774302920 1412104 790684 621420 0
1786774303032 1412104 790684 621420 0
1786774303101 1412104 790684 621420 0
1786774303158 1412104 790684 621420 0
1786774303217 1412104 790684 621420 0
1786774303285 1412104 790684 621420 0
1786774303348 1412104 790684 621420 0
1786774303419 1409564 788144 621420 0
1786774303479 1101648 917460 184188 0
1786774303511 796300 176360 619940 0
1786774303546 1979936 1358516 621420 0
1786774303584 2273732 1652312 621420 0
1786774303712 2310624 1689204 621420 0
1786774303864 1504336 882744 621592 0
1786774303986 1298220 1098600 199620 0
1786774304029 1088844 959300 129544 0
1786774304056 1219592 1094348 125244 0
1786774304082 1323580 1178152 145428 0
1786774304111 1250996 1169444 81552 0
1786774304138 1476584 1349760 126824 0
1786774304167 1557708 1409780 147928 0
1786774304195 1538620 1439608 99012 0
1786774304223 1904520 1704900 199620 0
1786774304254 1395216 1195596 199620 0
1786774304311 1418920 1219064 199856 0
1786774304349 1474224 1274368 199856 0
1786774304388 1537724 1337868 199856 0
1786774304431 1605116 1405260 199856 0
1786774304479 1674756 1474900 199856 0
1786774304535 1723920 1524064 199856 0
1786774304586 1482568 1282712 199856 0
1786774304646 1482660 1282804 199856 0
1786774304682 1482660 1282804 199856 0
1786774304750 1482660 1282804 199856 0
1786774304810 1482660 1282804 199856 0
1786774304871 1482672 1282816 199856 0
1786774304936 1482672 1282816 199856 0
1786774304986 1482672 1282816 199856 0
1786774305050 1482676 1282820 199856 0
1786774305132 1482688 1282832 199856 0
1786774305178 1482696 1282840 199856 0
1786774305257 1482720 1282864 199856 0
1786774305318 1482728 1282872 199856 0
1786774305389 1482756 1282900 199856 0
1786774305482 1482772 1282916 199856 0
1786774305552 1482792 1282936 199856 0
1786774305605 1482792 1282936 199856 0
1786774305666 1482792 1282936 199856 0
1786774305729 1482792 1282936 199856 0
1786774305795 1482792 1282936 199856 0
1786774305862 1482792 1282936 199856 0
1786774305927 1425308 1275924 149384 0
1786774305980 1481572 1286960 194612 0
1786774306032 1536400 1336544 199856 0
1786774306084 1556532 1356676 199856 0
1786774306126 1556532 1356676 199856 0
1786774306220 1556548 1356692 199856 0
1786774306283 1574984 1375128 199856 0
1786774306343 1593420 1393564 199856 0
1786774306439 1593448 1393592 199856 0
1786774306535 1509568 1378104 131464 0
1786774306577 1630324 1430468 199856 0
1786774306643 1648756 1448900 199856 0
1786774306695 1648756 1448900 199856 0
1786774306758 1648756 1448900 199856 0
1786774306828 1648756 1448900 199856 0
1786774306912 1667192 1467336 199856 0
1786774306962 1685628 1485772 199856 0
1786774307012 1685628 1485772 199856 0
1786774307066 1685636 1485780 199856 0
1786774307136 1685640 1485784 199856 0
1786774307207 1704080 1504224 199856 0
1786774307245 1740948 1541092 199856 0
1786774307313 1581124 1457964 123160 0
1786774307359 1759404 1559548 199856 0
1786774307426 1759404 1559548 199856 0
1786774307463 1759404 1559548 199856 0
1786774307522 1759404 1559548 199856 0
1786774307581 1759404 1559548 199856 0
1786774307656 1777836 1577980 199856 0
1786774307704 1777836 1577980 199856 0
1786774307751 1796268 1596412 199856 0
1786774307834 1796268 1596412 199856 0
1786774307911 1796268 1596412 199856 0
1786774307980 1814700 1614844 199856 0
1786774308057 1833132 1633276 199856 0
1786774308150 1833132 1633276 199856 0
1786774308214 1833132 1633276 199856 0
1786774308268 1833136 1633280 199856 0
1786774308327 1673316 1550156 123160 0
1786774308401 1851576 1651720 199856 0
1786774308462 1870012 1670156 199856 0
1786774308555 1870012 1670156 199856 0
1786774308624 1870012 1670156 199856 0
1786774308674 1865560 1669504 196056 0
1786774308717 1888444 1688588 199856 0
1786774308772 1906876 1707020 199856 0
1786774308850 1907924 1707672 200252 0
1786774308898 1903576 1694140 209436 0
1786774308946 1958184 1707320 250864 0
1786774308986 1862792 1657280 205512 0
1786774309022 1691972 1483960 208012 0
1786774309064 1730660 1488844 241816 0
1786774309096 1703540 1489960 213580 0
1786774309126 1534664 1428468 106196 0
1786774309155 1538340 1437780 100560 0
1786774309184 1705228 1486808 218420 0
1786774309215 1795476 1511528 283948 0
1786774309249 1819344 1517904 301440 0
1786774309289 1822352 1517916 304436 0
1786774309324 1740400 1507024 233376 0
1786774309355 1827640 1518228 309412 0
1786774309387 1828164 1518252 309912 0
1786774309421 1831052 1518252 312800 0
1786774309454 1836060 1520256 315804 0
1786774309488 1836248 1520412 315836 0
1786774309521 1836248 1520412 315836 0
1786774309554 1684216 1368380 315836 0
1786774309588 827336 510180 317156 0
1786774309619 855964 533048 322916 0
1786774309651 820360 505752 314608 0
1786774309683 906188 557000 349188 0
1786774309715 921632 571140 350492 0
1786774309746 921632 571140 350492 0
1786774309776 921636 571140 350496 0
1786774309806 920960 570464 350496 0
1786774309836 920960 570464 350496 0
1786774309866 920960 570464 350496 0
1786774309896 920964 570468 350496 0
1786774309926 920968 570472 350496 0
1786774309957 920968 570472 350496 0
1786774309987 920968 570472 350496 0
1786774310017 920972 570476 350496 0
1786774310046 920972 570476 350496 0
1786774310076 920972 570476 350496 0
1786774310106 920976 570480 350496 0
1786774310137 920976 570480 350496 0
1786774310167 920972 570476 350496 0
1786774310197 920976 570480 350496 0
1786774310227 920976 570480 350496 0
1786774310257 920976 570480 350496 0
1786774310287 920976 570480 350496 0
1786774310317 920976 570480 350496 0
1786774310347 920976 570480 350496 0
1786774310377 920980 570484 350496 0
1786774310408 920980 570484 350496 0
1786774310438 920980 570484 350496 0
1786774310468 920980 570484 350496 0
1786774310498 920980 570484 350496 0
1786774310527 920980 570484 350496 0
1786774310557 920980 570484 350496 0
1786774310587 920980 570484 350496 0
1786774310618 920980 570484 350496 0
1786774310648 920980 570484 350496 0
1786774310678 920980 570484 350496 0
1786774310708 920980 570484 350496 0
1786774310738 920980 570484 350496 0
1786774310768 920980 570484 350496 0
1786774310798 920980 570484 350496 0
1786774310828 920980 570484 350496 0
1786774310859 920980 570484 350496 0
1786774310889 920980 570484 350496 0
1786774310919 920980 570484 350496 0
1786774310950 920984 570488 350496 0
1786774310980 920984 570488 350496 0
1786774311010 920980 570484 350496 0
1786774311040 920980 570484 350496 0
1786774311071 920980 570484 350496 0
1786774311101 920980 570484 350496 0
1786774311132 920984 570488 350496 0
1786774311162 920984 570488 350496 0
1786774311192 920984 570488 350496 0
1786774311222 920984 570488 350496 0
1786774311251 920992 570496 350496 0
1786774311281 920992 570496 350496 0
1786774311311 920992 570496 350496 0
1786774311341 927068 575976 351092 0
1786774311371 927084 575992 351092 0
1786774311401 927084 575992 351092 0
1786774311431 927088 575996 351092 0
1786774311461 927088 575996 351092 0
1786774311491 927088 575996 351092 0
1786774311521 927084 575992 351092 0
1786774311551 927084 575992 351092 0
1786774311581 927084 575992 351092 0
1786774311611 927084 575992 351092 0
1786774311640 927084 575992 351092 0
1786774311670 927084 575992 351092 0
1786774311700 927084 575992 351092 0
1786774311730 927084 575992 351092 0
1786774311760 927084 575992 351092 0
1786774311790 927084 575992 351092 0
1786774311820 927084 575992 351092 0
1786774311850 927084 575992 351092 0
1786774311880 927084 575992 351092 0
1786774311910 927084 575992 351092 0
1786774311939 927084 575992 351092 0
1786774311969 927084 575992 351092 0
1786774311999 927088 575996 351092 0
1786774312029 927088 575996 351092 0
1786774312059 927084 575992 351092 0
1786774312089 927084 575992 351092 0
1786774312119 927084 575992 351092 0
1786774312149 927084 575992 351092 0
1786774312179 927084 575992 351092 0
1786774312208 927084 575992 351092 0
1786774312238 927084 575992 351092 0
1786774312268 927084 575992 351092 0
1786774312298 927084 575992 351092 0
1786774312328 927084 575992 351092 0
1786774312358 927084 575992 351092 0
1786774312388 927084 575992 351092 0
1786774312418 927084 575992 351092 0
1786774312447 927088 575996 351092 0
1786774312477 927088 575996 351092 0
1786774312507 927088 575996 351092 0
1786774312537 927088 575996 351092 0
1786774312567 927088 575996 351092 0
1786774312597 927084 575992 351092 0
1786774312627 927084 575992 351092 0
1786774312657 927084 575992 351092 0
1786774312686 951480 598656 352824 0
1786774312717 968380 613136 355244 0
1786774312747 990280 633812 356468 0
1786774312778 990308 633840 356468 0
1786774312809 960364 634344 326020 0
1786774312856 991908 635152 356756 0
1786774312887 1017820 661696 356124 0
1786774312918 950492 662016 288476 0
1786774312949 1036784 666176 370608 0
1786774312983 1037252 666536 370716 0
1786774313015 1037692 666960 370732 0
1786774313048 1037692 666960 370732 0
1786774313080 1037692 666960 370732 0
1786774313113 1037692 666960 370732 0
1786774313145 1037720 666988 370732 0
1786774313177 1037720 666988 370732 0
1786774313210 1070500 667000 403500 0
1786774313244 1070536 667036 403500 0
1786774313278 1070536 667036 403500 0
1786774313312 1070540 667040 403500 0
1786774313345 1070540 667040 403500 0
1786774313378 923320 627124 296196 0
1786774313408 1078748 673216 405532 0
1786774313440 1078748 673216 405532 0
1786774313473 1078748 673216 405532 0
1786774313506 1078748 673216 405532 0
1786774313538 1078752 673220 405532 0
1786774313571 844936 615256 229680 0
1786774313601 1078968 673436 405532 0
1786774313634 1078968 673436 405532 0
1786774313667 1078968 673436 405532 0
1786774313699 1078968 673436 405532 0
1786774313731 1078968 673436 405532 0
1786774313764 1078968 673436 405532 0
1786774313796 1078968 673436 405532 0
1786774313829 1078968 673436 405532 0
1786774313861 1078968 673436 405532 0
1786774313895 1078968 673436 405532 0
1786774313928 1078968 673436 405532 0
1786774313960 1078968 673436 405532 0
1786774313993 1078968 673436 405532 0
1786774314026 1078968 673436 405532 0
1786774314059 1078968 673436 405532 0
1786774314091 1078968 673436 405532 0
1786774314124 1078968 673436 405532 0
1786774314156 1078968 673436 405532 0
1786774314189 1078968 673436 405532 0
1786774314223 1078968 673436 405532 0
1786774314255 1078968 673436 405532 0
1786774314288 1078968 673436 405532 0
1786774314322 1078968 673436 405532 0
1786774314357 1078968 673436 405532 0
1786774314391 1078968 673436 405532 0
1786774314423 1078968 673436 405532 0
1786774314455 1078968 673436 405532 0
1786774314488 871020 638616 232404 0
1786774314518 1079136 673604 405532 0
1786774314551 1079136 673604 405532 0
1786774314585 1079136 673604 405532 0
1786774314618 1079136 673604 405532 0
1786774314652 1079136 673604 405532 0
1786774314684 1079136 673604 405532 0
1786774314717 1079136 673604 405532 0
1786774314751 1079136 673604 405532 0
1786774314784 1079136 673604 405532 0
1786774314819 1079136 673604 405532 0
1786774314852 1079136 673604 405532 0
1786774314884 1079136 673604 405532 0
1786774314917 1079136 673604 405532 0
1786774314949 1079136 673604 405532 0
1786774314981 1079136 673604 405532 0
1786774315014 1079152 673620 405532 0
1786774315046 1079152 673620 405532 0
1786774315078 1079156 673624 405532 0
1786774315110 1079344 673812 405532 0
1786774315143 1079344 673812 405532 0
1786774315176 1079344 673812 405532 0
1786774315208 1079344 673812 405532 0
1786774315240 1079344 673812 405532 0
1786774315273 1079344 673812 405532 0
1786774315305 1079344 673812 405532 0
1786774315338 1079368 673836 405532 0
1786774315371 1079404 673872 405532 0
1786774315405 1079404 673872 405532 0
1786774315438 1079404 673872 405532 0
1786774315471 1079404 673872 405532 0
1786774315503 1079404 673872 405532 0
1786774315536 1079404 673872 405532 0
1786774315569 1079404 673872 405532 0
1786774315601 1079420 673888 405532 0
1786774315634 1079432 673900 405532 0
1786774315667 1079436 673904 405532 0
1786774315699 954916 627188 327728 0
1786774315731 1079620 674088 405532 0
1786774315764 1079620 674088 405532 0
1786774315800 1079620 674088 405532 0
1786774315834 986064 664852 321212 0
1786774315866 1079620 674088 405532 0
1786774315898 1079624 674092 405532 0
1786774315931 1079632 674100 405532 0
1786774315963 1079676 674144 405532 0
1786774315996 1079704 674172 405532 0
1786774316028 1079708 674176 405532 0
1786774316061 1079708 674176 405532 0
1786774316092 1079708 674176 405532 0
1786774316125 1079708 674176 405532 0
1786774316158 1079708 674176 405532 0
1786774316192 1079712 674180 405532 0
1786774316226 1079736 674204 405532 0
1786774316258 1079740 674208 405532 0
1786774316291 1079764 674232 405532 0
1786774316323 1079900 674368 405532 0
1786774316356 1079900 674368 405532 0
1786774316388 1079900 674368 405532 0
1786774316420 1079900 674368 405532 0
1786774316453 1079900 674368 405532 0
1786774316486 1079900 674368 405532 0
1786774316518 1079908 674376 405532 0
1786774316550 1079944 674412 405532 0
1786774316583 1079976 674444 405532 0
1786774316615 1079976 674444 405532 0
1786774316649 1079976 674444 405532 0
1786774316682 1079976 674444 405532 0
1786774316716 1079976 674444 405532 0
1786774316748 1079976 674444 405532 0
1786774316781 1079976 674444 405532 0
1786774316813 1079980 674448 405532 0
1786774316845 1080004 674472 405532 0
1786774316878 1014132 659248 354884 0
1786774316910 1080028 674496 405532 0
1786774316943 1080200 674668 405532 0
1786774316976 1080200 674668 405532 0
1786774317011 1080200 674668 405532 0
1786774317046 1080200 674668 405532 0
1786774317080 1080200 674668 405532 0
1786774317113 1080208 674676 405532 0
1786774317147 1080248 674716 405532 0
1786774317179 1080264 674732 405532 0
1786774317213 1080272 674740 405532 0
1786774317246 1080272 674740 405532 0
1786774317278 1080272 674740 405532 0
1786774317310 1080272 674740 405532 0
1786774317343 1080272 674740 405532 0
1786774317375 1080272 674740 405532 0
1786774317408 1080276 674744 405532 0
1786774317440 1080292 674760 405532 0
1786774317472 1080292 674760 405532 0
1786774317504 1080316 674784 405532 0
1786774317538 1080436 674904 405532 0
1786774317571 1080436 674904 405532 0
1786774317605 1080436 674904 405532 0
1786774317637 1080436 674904 405532 0
1786774317670 1080436 674904 405532 0
1786774317702 1080436 674904 405532 0
1786774317735 1080468 674936 405532 0
1786774317768 1080504 674972 405532 0
1786774317800 1080512 674980 405532 0
1786774317833 1080512 674980 405532 0
1786774317866 1080512 674980 405532 0
1786774317898 1080512 674980 405532 0
1786774317931 1080512 674980 405532 0
1786774317963 1080512 674980 405532 0
1786774317996 1080512 674980 405532 0
1786774318028 1080784 675252 405532 0
1786774318060 1080792 675260 405532 0
1786774318092 1080796 675264 405532 0
1786774318124 1062692 667768 394924 0
1786774318157 1081016 675484 405532 0
1786774318190 1081020 675488 405532 0
1786774318223 1081172 675640 405532 0
1786774318255 1081172 675640 405532 0
1786774318288 1081172 675640 405532 0
1786774318320 1081172 675640 405532 0
1786774318352 1081172 675640 405532 0
1786774318385 1081172 675640 405532 0
1786774318417 1081172 675640 405532 0
1786774318450 1081184 675652 405532 0
1786774318484 1081184 675652 405532 0
1786774318517 1081184 675652 405532 0
1786774318550 1081184 675652 405532 0
1786774318583 1081184 675652 405532 0
1786774318615 1081184 675652 405532 0
1786774318647 1081184 675652 405532 0
1786774318679 1081192 675660 405532 0
1786774318712 1081192 675660 405532 0
1786774318744 1081196 675664 405532 0
1786774318777 1081212 675680 405532 0
1786774318810 1081380 675848 405532 0
1786774318842 1081380 675848 405532 0
1786774318875 1070216 667540 402676 0
1786774318907 1081444 675912 405532 0
1786774318940 1081444 675912 405532 0
1786774318972 1081444 675912 405532 0
1786774319004 1081444 675912 405532 0
1786774319037 1081476 675944 405532 0
1786774319069 1081496 675964 405532 0
1786774319102 1081496 675964 405532 0
1786774319134 1081496 675964 405532 0
1786774319167 1081496 675964 405532 0
1786774319199 1081496 675964 405532 0
1786774319232 1081496 675964 405532 0
1786774319264 1081500 675968 405532 0
1786774319297 1081500 675968 405532 0
1786774319328 1081508 675976 405532 0
1786774319361 1081508 675976 405532 0
1786774319393 1081512 675980 405532 0
1786774319426 1082808 677276 405532 0
1786774319459 1082808 677276 405532 0
1786774319492 1082808 677276 405532 0
1786774319526 1082948 677416 405532 0
1786774319559 1082948 677416 405532 0
1786774319592 1082948 677416 405532 0
1786774319624 1082948 677416 405532 0
1786774319656 1082972 677440 405532 0
1786774319689 1082988 677456 405532 0
1786774319721 1082988 677456 405532 0
1786774319753 1083004 677472 405532 0
1786774319785 1083032 677500 405532 0
1786774319818 1083032 677500 405532 0
1786774319851 1083032 677500 405532 0
1786774319883 1083032 677500 405532 0
1786774319918 1083032 677500 405532 0
1786774319953 1083032 677500 405532 0
1786774319985 1083032 677500 405532 0
1786774320020 1083032 677500 405532 0
1786774320054 1083040 677508 405532 0
1786774320087 1083040 677508 405532 0
1786774320119 1083064 677532 405532 0
1786774320152 1083064 677532 405532 0
1786774320184 1047972 674956 373016 0
1786774320217 1083208 677676 405532 0
1786774320249 1083208 677676 405532 0
1786774320282 1083208 677676 405532 0
1786774320314 1083888 677676 406212 0
1786774320346 1088676 682464 406212 0
1786774320378 1088692 682480 406212 0
1786774320410 992692 670724 321968 0
1786774320442 1087192 680880 406312 0
1786774320475 1087320 680880 406440 0
1786774320509 1087320 680880 406440 0
1786774320542 1087320 680880 406440 0
1786774320576 1087320 680880 406440 0
1786774320610 1087320 680880 406440 0
1786774320644 1087324 680884 406440 0
1786774320678 1087324 680884 406440 0
1786774320710 1087324 680884 406440 0
1786774320743 1087324 680884 406440 0
1786774320776 1085860 678320 407540 0
1786774320810 1095020 678320 416700 0
1786774320843 1095372 678320 417052 0
1786774320876 1116728 678320 438408 0
