# timestamp_ms VmRSS_kB VmPeak_kB VmHWM_kB
1790712998744 437912 16331292 437912
1790712998784 437920 16331292 437920
1790712998807 438044 16331292 438044
1790712998831 441928 16331292 441924
1790712998857 442124 16331292 442124
1790712998883 442124 16331292 442124
1790712998909 442124 16331292 442124
1790712998935 442312 16331292 442312
1790712998959 442340 16331292 442336
1790712998984 442468 0 0
1790712999008 442488 16331292 442488
1790712999033 442488 16331292 442488
1790712999056 442564 16331292 442564
1790712999080 443560 16331292 443560
1790712999104 443832 16331292 443832
1790712999128 445556 16331292 445556
1790712999153 446424 16331292 446424
1790712999177 446812 16331292 446812
1790712999215 451076 16331292 451076
1790712999239 451076 16331292 451076
1790712999262 456528 16331292 456524
1790712999304 460632 16331292 460632
1790712999330 460680 16331292 460680
1790712999354 460680 16331292 460680
1790712999378 460908 16331292 460908
1790712999419 462352 17138872 462352
1790712999445 463444 17138872 463444
1790712999468 487440 17138872 487440
1790712999510 500416 17138872 500416
1790712999548 528272 17138872 528272
1790712999591 578740 17138872 578740
1790712999630 578740 17138872 578740
1790712999654 621228 17303008 621228
1790712999695 618208 17303008 618208
1790712999722 618620 17303008 618620
1790712999746 618620 17303008 618620
1790712999771 618872 17303008 618872
1790712999829 619796 17303008 619796
1790712999876 623588 17412648 623588
1790712999904 623836 17412648 623836
1790712999927 627260 17412648 627260
1790712999950 627776 17412648 627776
1790712999981 630020 17412648 630020
1790713000006 630020 17412648 630020
1790713000031 630020 17412648 630020
1790713000073 633216 17412648 633216
1790713000126 633956 17412648 633956
1790713000187 635392 17412648 635392
1790713000275 649660 17412648 649660
1790713000318 652400 17412648 652400
1790713000353 653352 17412648 653352
1790713000379 655080 17412916 655080
1790713000420 662832 17412916 662832
1790713000466 664296 17412916 664296
1790713000491 665944 17412916 665944
1790713000518 667460 17412916 667460
1790713000553 669800 17412916 669800
1790713000580 669800 17412916 669800
1790713000605 669800 17412916 669800
1790713000631 672044 17412916 672044
1790713000672 672208 17412916 672208
1790713000736 673352 17412916 673352
1790713000777 674260 17412916 674260
1790713000802 675600 17412916 675600
1790713000864 683360 17412916 0
1790713000907 684456 17412916 684456
1790713000942 685888 17412916 685888
1790713000989 691860 17412916 691860
1790713001017 693232 17412916 693232
1790713001043 693232 17412916 693232
1790713001081 696600 17412916 696600
1790713001119 699716 17412916 699716
1790713001178 700452 17412916 700452
1790713001213 702120 17412916 702120
1790713001266 705196 17412916 705196
1790713001302 705196 17412916 705196
1790713001333 707932 17412916 707932
1790713001412 708876 17412916 708876
1790713001439 708876 17412916 708876
1790713001473 713380 17412916 713380
1790713001526 717776 17412916 717776
1790713001592 724216 17412916 724216
1790713001619 724216 17412916 724216
1790713001647 726932 17412916 726932
1790713001674 727212 17412916 727212
1790713001713 727480 17412916 727480
1790713001748 730236 17412916 730236
1790713001786 730592 17412916 730592
1790713001818 733240 17412916 733240
1790713001894 735704 17412916 735704
1790713001920 735704 17412916 735704
1790713001970 735704 17412916 735704
1790713002021 736324 17412916 736324
1790713002062 738568 17412916 738568
1790713002105 740672 17412916 740672
1790713002192 755612 17412916 755612
1790713002248 758984 17412916 758984
1790713002277 759124 17412916 759124
1790713002339 760396 17412916 760396
1790713002391 765828 17412916 765828
1790713002428 768168 17412916 768168
1790713002462 768168 17412916 768168
1790713002489 768168 17412916 768168
1790713002525 768168 17412916 768168
1790713002573 770504 17412916 770504
1790713002629 770576 17412916 770576
1790713002656 770576 17412916 770576
1790713002691 786752 17412916 786752
1790713002740 790568 17412916 790568
1790713002791 792952 17412916 792952
1790713002848 797532 17412916 797532
1790713002876 797532 17412916 797532
1790713002903 797624 17412916 797624
1790713002950 798776 17412916 798776
1790713003019 802604 17412916 802604
1790713003099 803584 17412916 803584
1790713003126 807296 17412916 807296
1790713003188 814232 17412916 814232
1790713003218 823388 17412916 823388
1790713003278 823508 17412916 823508
1790713003312 823560 17412916 823560
1790713003355 825900 17412916 825900
1790713003405 830480 17412916 830480
1790713003458 830580 17412916 830580
1790713003494 830580 17412916 830580
1790713003525 830596 17412916 830596
1790713003573 830640 17412916 830640
1790713003601 832916 17412916 832916
1790713003661 835100 17412916 835100
1790713003691 842140 17412916 842140
1790713003736 842140 17412916 842140
1790713003778 852928 17412916 852928
1790713003838 853036 17412916 853036
1790713003876 855308 17412916 855308
1790713003904 855308 17412916 855308
1790713003935 855800 17412916 855800
1790713003985 860720 17412916 860720
1790713004046 862948 17412916 862948
1790713004083 865116 17412916 865116
1790713004148 874284 17412916 874284
1790713004212 881096 17412916 881096
1790713004267 884064 17412916 884064
1790713004299 884092 17412916 884092
1790713004341 884172 17412916 884172
1790713004397 888680 17412916 888680
1790713004435 892456 17412916 892456
1790713004463 893008 17412916 893008
1790713004531 893008 17412916 893008
1790713004594 895252 17412916 895252
1790713004644 896812 17412916 896812
1790713004673 896812 17412916 896812
1790713004700 896812 17412916 896812
1790713004738 906000 17412916 906000
1790713004799 907188 17412916 907188
1790713004832 910568 17412916 910568
1790713004863 915164 17412916 915164
1790713004907 915172 17412916 915172
1790713004935 915172 17412916 915172
1790713004965 915180 17412916 0
1790713005013 919684 17412916 919684
1790713005061 921944 17412916 921944
1790713005138 923096 17412916 923096
1790713005176 923180 17412916 923180
1790713005227 925784 17412916 925784
1790713005315 934940 17412916 934940
1790713005347 934940 17412916 934940
1790713005396 943936 17412916 943936
1790713005467 947484 17412916 947484
1790713005515 947484 17412916 947484
1790713005548 949728 17412916 949728
1790713005598 952408 17412916 952408
1790713005653 952408 17412916 952408
1790713005686 952408 17412916 952408
1790713005780 954648 17412916 954648
1790713005815 956268 17412916 956268
1790713005864 965368 17412916 965368
1790713005919 973000 17412916 973000
1790713005971 974440 17412916 974440
1790713006031 974996 17412916 974996
1790713006077 977500 17412916 977500
1790713006109 980252 17412916 980252
1790713006139 980252 17412916 980252
1790713006169 980252 17412916 980252
1790713006198 982500 17412916 982500
1790713006281 982952 17412916 982952
1790713006317 982952 17412916 982952
1790713006348 985196 17412916 985196
1790713006389 985196 17412916 985196
1790713006429 994252 17412916 994252
1790713006507 1002736 17412916 1002736
1790713006540 1003696 17412916 1003696
1790713006568 1003696 17412916 1003696
1790713006602 1007092 17412916 1007092
1790713006659 1007868 17412916 1007868
1790713006689 1009960 17412916 1009960
1790713006720 1010300 17412916 1010300
1790713006751 1010300 17412916 1010300
1790713006782 1010864 17412916 1010864
1790713006814 1010920 17412916 1010920
1790713006844 1011008 17412916 1011008
1790713006875 1012512 17412916 1012512
1790713006907 1012512 17412916 1012512
1790713006937 1013164 17412916 1013164
1790713006968 1013212 17412916 1013212
1790713006998 1013212 17412916 1013212
1790713007027 1013212 17412916 1013212
1790713007056 1013224 17412916 1013224
1790713007087 1013224 17412916 1013224
1790713007118 1013236 17412916 1013236
1790713007149 1013244 17412916 1013244
1790713007178 1013252 17412916 1013252
1790713007209 1013256 17412916 1013256
1790713007240 1013256 17412916 1013256
1790713007270 1013268 17412916 1013268
1790713007301 1013272 17412916 1013272
1790713007331 1013280 17412916 1013280
1790713007362 1013284 17412916 1013284
1790713007393 1013284 17412916 1013284
1790713007423 1013300 17412916 1013300
1790713007454 1013300 17412916 1013300
1790713007485 1013312 17412916 1013312
1790713007516 1013312 17412916 1013312
1790713007547 1013312 17412916 1013312
1790713007577 1013316 17412916 1013316
1790713007608 1013352 17412916 1013352
1790713007639 1013352 17412916 1013352
1790713007668 1013360 17412916 1013360
1790713007699 1013400 17412916 1013388
1790713007731 1018720 17499896 1018720
1790713007798 1040480 17499896 1040480
1790713007849 1043040 17499896 1043040
1790713007896 1067488 17499896 1067488
1790713007950 1076576 17499896 1076576
1790713007981 1076832 17499896 1076832
1790713008011 1092832 17499896 1092832
1790713008066 1112348 17499896 1112348
1790713008096 1112348 17499896 1112348
1790713008124 1175836 17499896 1175836
1790713008177 1124468 17499896 1182712
1790713008210 1124468 17499896 1182712
1790713008242 1124468 17499896 1182712
1790713008275 1115376 17499896 1182712
1790713008309 1115376 17499896 1182712
1790713008342 1115376 17499896 1182712
1790713008374 1115376 17499896 1182712
1790713008405 1115376 17499896 1182712
1790713008439 1115376 17499896 1182712
1790713008473 1115376 17499896 1182712
1790713008505 1115376 17499896 1182712
1790713008536 1115376 17499896 1182712
1790713008570 1115376 17499896 1182712
1790713008604 1124468 17499896 1182712
1790713008636 1124468 17499896 1182712
1790713008668 1115376 17499896 1182712
1790713008703 1115376 17499896 1182712
1790713008737 1115376 17499896 1182712
1790713008769 1115376 17499896 1182712
1790713008801 1115376 17499896 1182712
1790713008834 1115376 17499896 1182712
1790713008869 1115376 17499896 1182712
1790713008902 1115376 17499896 1182712
1790713008934 1115376 17499896 1182712
1790713008966 1115376 17509112 1197824
1790713009000 1124468 17509112 1197824
1790713009034 1124468 17509112 1197824
1790713009066 1142900 17509112 1197824
1790713009101 1161332 17509112 1197824
1790713009135 1179764 17509112 1197824
1790713009171 1198196 17509112 1198196
1790713009205 1216628 17523500 1216628
1790713009265 1253492 17560364 1253492
1790713009325 1290356 17597228 1290356
1790713009411 1327220 17634092 1327220
1790713009512 1561956 17868604 1561956
1790713009591 1745072 18358824 1745072
1790713009687 2255960 18782196 2255960
1790713009751 2364504 18782196 2364504
1790713009835 1968268 18782196 2487332
1790713009901 2098560 18782196 2487332
1790713009954 2548652 18894988 2548652
1790713010033 2718780 19009640 2718780
1790713010122 1733668 19205568 2909484
1790713010172 1124032 19205568 2909484
1790713010239 1124036 19205568 2909484
1790713010297 1124036 19205568 2909484
1790713010377 1124036 19205568 2909484
1790713010445 1124040 19205568 2909484
1790713010517 1124048 19205568 2909484
1790713010567 1124048 19205568 2909484
1790713010630 1124056 19205568 2909484
1790713010712 1124056 19205568 2909484
1790713010794 1124056 19205568 2909484
1790713010895 1124056 19205568 2909484
1790713010986 1124056 19205568 2909484
1790713011056 1124056 19205568 2909484
1790713011146 1124056 19205568 2909484
1790713011254 1124056 19205568 2909484
1790713011355 1124056 19205568 2909484
1790713011420 1124056 19205568 2909484
1790713011468 1124056 19205568 2909484
1790713011510 1124056 19205568 2909484
1790713011577 1124056 19205568 2909484
1790713011678 1124060 19205568 2909484
1790713011760 1124060 19205568 2909484
1790713011854 1124640 19205568 2909484
1790713011931 1124640 19205568 2909484
1790713011997 1124640 19205568 2909484
1790713012074 1124640 19205568 2909484
1790713012164 1124640 19205568 2909484
1790713012261 1124640 19205568 2909484
1790713012341 1124640 19205568 2909484
1790713012414 1124640 19205568 2909484
1790713012545 1124640 19205568 2909484
1790713012632 1124640 19205568 2909484
1790713012698 1124640 19205568 2909484
1790713012802 1124640 19205568 2909484
1790713012872 1124640 19205568 2909484
1790713012938 1124640 19205568 2909484
1790713013010 1124640 19205568 2909484
1790713013091 1124640 19205568 2909484
1790713013184 1124640 19205568 2909484
1790713013259 1124640 19205568 2909484
1790713013338 1124640 19205568 2909484
1790713013429 1124640 19205568 2909484
1790713013502 1124640 19205568 2909484
1790713013594 1124640 19205568 2909484
1790713013695 1124640 19205568 2909484
1790713013780 1124640 19205568 2909484
1790713013859 1124640 19205568 2909484
1790713013951 1124644 19205568 2909484
1790713014039 1124644 19205568 2909484
1790713014091 1124644 19205568 2909484
1790713014143 1125220 19205568 2909484
1790713014189 1125228 19205568 2909484
1790713014257 1125228 19205568 2909484
1790713014318 1125232 19205568 2909484
1790713014371 1125248 19205568 2909484
1790713014429 1125264 19205568 2909484
1790713014479 1125268 19205568 2909484
1790713014528 1125276 19205568 2909484
1790713014575 1125276 19205568 2909484
1790713014614 1152800 19205568 2909484
1790713014647 1171232 19205568 2909484
1790713014680 1189664 19205568 2909484
1790713014715 1208096 19205568 2909484
1790713014749 1226528 19205568 2909484
1790713014783 1244960 19205568 2909484
1790713014818 1263392 19205568 2909484
1790713014852 1281824 19205568 2909484
1790713014886 1300256 19205568 2909484
1790713014921 1318688 19205568 2909484
1790713014955 1337120 19205568 2909484
1790713014990 1355564 19205568 2909484
1790713015024 1364780 19205568 2909484
1790713015058 1373996 19205568 2909484
1790713015093 1381892 19205568 2909484
1790713015127 1392428 19205568 2909484
1790713015162 1392428 19205568 2909484
1790713015196 1410860 19205568 2909484
1790713015232 1410860 19205568 2909484
1790713015268 1410860 19205568 2909484
1790713015303 1420076 19205568 2909484
1790713015338 1420080 19205568 2909484
1790713015376 1420080 19205568 2909484
1790713015419 1420080 19205568 2909484
1790713015484 1420080 19205568 2909484
1790713015535 1420080 19205568 2909484
1790713015607 1420080 19205568 2909484
1790713015677 1423520 19205568 2909484
1790713015714 1590060 19205568 2909484
1790713015743 1690368 19205568 2909484
1790713015773 1912468 19205568 2909484
1790713015808 2124076 19205568 2909484
1790713015846 2302520 19205568 2909484
1790713015883 2257748 19205568 2909484
1790713015922 2025348 19205568 2909484
1790713015974 1979580 19205568 2909484
1790713016064 2768320 19205568 2909484
1790713016131 2971220 19259584 2971220
1790713016193 2971464 19259584 2971464
1790713016232 2767044 19259584 2963868
1790713016307 1963076 19259584 2963868
1790713016356 2134056 19259584 2963868
1790713016386 2241724 19259584 2963868
1790713016415 2331236 19259584 2963868
1790713016451 2065240 19259584 2963868
1790713016488 2145304 19259584 2963868
1790713016524 2239260 19259584 2963868
1790713016560 2320400 19259584 2963868
1790713016598 2248816 19259584 2963868
1790713016663 1825684 19259584 2963868
1790713016734 1825792 19259584 2963868
1790713016816 1825916 19259584 2963868
1790713016876 1826224 19259584 2963868
1790713016943 1826336 19259584 2963868
1790713016993 1837620 19259584 2963868
1790713017056 1865364 19259584 2963868
1790713017125 1910832 19259584 2963868
1790713017185 2138264 19259584 2963868
1790713017255 2158700 19259584 2963868
1790713017318 2244724 19259584 2963868
1790713017376 2324408 19259584 2963868
1790713017446 2420684 19259584 2963868
1790713017541 2010428 19259584 2963868
1790713017621 2027536 19259584 2963868
1790713017685 2027544 19259584 2963868
1790713017744 2082288 19259584 2963868
1790713017793 2082164 19259584 2963868
1790713017833 2128960 19259584 2963868
1790713017902 2128976 19259584 2963868
1790713017989 2128992 19259584 2963868
1790713018055 2129008 19259584 2963868
1790713018159 2165872 19259584 2963868
1790713018219 2165872 19259584 2963868
1790713018267 2165872 19259584 2963868
1790713018344 2165876 19259584 2963868
1790713018430 2202740 19259584 2963868
1790713018499 2202740 19259584 2963868
1790713018572 2202740 19259584 2963868
1790713018644 2202744 19259584 2963868
1790713018739 2202744 19259584 2963868
1790713018820 2257740 19259584 2963868
1790713018900 2258048 19259584 2963868
1790713018983 2258048 19259584 2963868
1790713019049 2258048 19259584 2963868
1790713019125 2258048 19259584 2963868
1790713019165 2276480 19259584 2963868
1790713019235 2276480 19259584 2963868
1790713019307 2276480 19259584 2963868
1790713019373 2276480 19259584 2963868
1790713019446 2294912 19259584 2963868
1790713019505 2331776 19259584 2963868
1790713019589 2331776 19259584 2963868
1790713019655 2331776 19259584 2963868
1790713019737 2331776 19259584 2963868
1790713019821 2331784 19259584 2963868
1790713019871 2350216 19259584 2963868
1790713019939 2350216 19259584 2963868
1790713020009 2350216 19259584 2963868
1790713020079 2350216 19259584 2963868
1790713020167 2403160 19259584 2963868
1790713020274 2405512 19259584 2963868
1790713020349 2405512 19259584 2963868
1790713020429 2423256 19259584 2963868
1790713020525 2423944 19259584 2963868
1790713020602 2423944 19259584 2963868
1790713020738 2457028 19259584 2963868
1790713020777 2479252 19259584 2963868
1790713020850 2479252 19259584 2963868
1790713020927 2479252 19259584 2963868
1790713020998 2479252 19259584 2963868
1790713021062 2497684 19259584 2963868
1790713021130 2497688 19259584 2963868
1790713021191 2497696 19259584 2963868
1790713021250 2497700 19259584 2963868
1790713021321 2497700 19259584 2963868
1790713021404 2522584 19259584 2963868
1790713021464 2553004 19259584 2963868
1790713021529 2553404 19259584 2963868
1790713021581 2612944 19259584 2963868
1790713021640 2613200 19259584 2963868
1790713021713 2639572 19583060 2963868
1790713021777 2450836 19949752 2963868
1790713021836 2450968 20506808 2963868
1790713021895 2396752 20801720 2963868
1790713021937 2408244 20845752 2963868
1790713021976 2410120 20845752 2963868
1790713022015 2412920 20878520 2963868
1790713022088 2417188 21042360 2963868
1790713022135 2417188 21042360 2963868
1790713022194 2417188 21042360 2963868
1790713022229 2417188 21042360 2963868
1790713022265 2417188 21042360 2963868
1790713022301 2417188 21042360 2963868
1790713022336 2417188 21042360 2963868
1790713022373 2417188 21042360 2963868
1790713022412 2417188 21042360 2963868
1790713022452 2417188 21042360 2963868
1790713022489 2417188 21042360 2963868
1790713022524 2417188 21042360 2963868
1790713022561 2417904 21042360 2963868
1790713022599 2421480 21042360 2963868
1790713022636 2427740 21664952 2963868
1790713022674 2434588 0 2963868
1790713022712 2464748 22549688 2963868
1790713022750 2535964 22811832 2963868
1790713022862 2740888 22811832 2963868
1790713022904 2742088 22811832 2963868
1790713022945 2743692 22811832 2963868
1790713023002 2747652 22811832 2963868
1790713023044 2748176 22811832 2963868
1790713023085 2748404 22811832 2963868
1790713023126 2750408 22811832 2963868
1790713023167 2752672 22811832 2963868
1790713023210 2752712 22811832 2963868
1790713023253 2752712 0 2963868
1790713023294 2752712 22811832 2963868
1790713023336 2752712 22811832 2963868
1790713023378 2752712 22811832 2963868
1790713023421 2752712 22811832 2963868
1790713023464 2754556 22811832 2963868
1790713023507 2754688 22811832 2963868
1790713023548 2754696 22811832 2963868
1790713023583 2754740 22811832 2963868
1790713023624 2754816 22811832 2963868
1790713023667 2754816 22811832 2963868
1790713023710 2754816 22811832 2963868
1790713023751 2754816 22811832 2963868
1790713023794 2754828 22811832 2963868
1790713023836 2754828 22811832 2963868
1790713023879 2754832 22811832 2963868
1790713023922 2754864 22811832 2963868
1790713023964 2754864 22811832 2963868
1790713024005 2754892 22811832 2963868
1790713024046 2754892 22811832 2963868
1790713024087 2754892 22811832 2963868
1790713024129 2754892 22811832 2963868
1790713024170 2754892 22811832 2963868
1790713024212 2754892 22811832 2963868
1790713024254 2754892 22811832 2963868
1790713024296 2754892 22811832 2963868
1790713024338 2754892 22811832 2963868
1790713024380 2754892 22811832 2963868
1790713024421 2754892 22811832 0
1790713024463 2754892 22811832 2963868
1790713024504 2756044 22811832 2963868
1790713024547 2756044 22811832 2963868
1790713024588 2756044 22811832 2963868
1790713024629 2756048 22811832 2963868
1790713024670 2756048 22811832 2963868
1790713024713 2756048 22811832 2963868
1790713024755 2756048 22811832 2963868
1790713024796 2756048 22811832 2963868
1790713024837 2756048 22811832 2963868
1790713024879 2756048 22811832 2963868
1790713024921 2756048 22811832 2963868
1790713024964 2756048 22811832 2963868
1790713025006 2756048 22811832 2963868
1790713025047 2756048 22811832 2963868
1790713025088 2756052 22811832 2963868
1790713025130 2756060 22811832 2963868
1790713025172 2756060 22811832 2963868
1790713025214 2756060 22811832 2963868
1790713025256 2756072 22811832 2963868
1790713025297 2756072 22811832 2963868
1790713025339 2756080 22811832 2963868
1790713025382 2756080 22811832 2963868
1790713025424 2756080 22811832 2963868
1790713025466 2756080 22811832 2963868
1790713025507 2756080 22811832 2963868
1790713025548 2756080 22811832 2963868
1790713025591 2756080 22811832 2963868
1790713025633 2756080 22811832 2963868
1790713025674 2756080 22811832 2963868
1790713025716 2756084 22811832 2963868
1790713025757 2756088 22811832 2963868
1790713025799 2756088 22811832 2963868
1790713025841 2756092 22811832 2963868
1790713025884 2756096 22811832 2963868
1790713025925 2756096 22811832 2963868
1790713025966 2756148 22811832 2963868
1790713026007 2756156 22811832 2963868
1790713026050 2756156 22811832 2963868
1790713026092 2756156 22811832 2963868
1790713026135 2756160 22811832 2963868
1790713026176 2756160 22811832 2963868
1790713026217 2756164 22811832 2963868
1790713026260 2756168 22811832 2963868
1790713026302 2756168 22811832 2963868
1790713026344 2756168 22811832 2963868
1790713026385 2756172 22811832 2963868
1790713026427 2756172 22811832 2963868
1790713026468 2756196 22811832 2963868
1790713026511 2756200 22811832 2963868
1790713026552 2756200 22811832 2963868
1790713026594 2756204 22811832 2963868
1790713026636 2756248 22811832 2963868
1790713026677 2756252 22811832 2963868
1790713026720 2756252 22811832 2963868
1790713026762 2756252 22811832 2963868
1790713026804 2756256 22811832 2963868
1790713026845 2756256 22811832 2963868
1790713026887 2756260 22811832 2963868
1790713026929 2756264 22811832 2963868
1790713026970 2756268 22811832 2963868
1790713027012 2756268 22811832 2963868
1790713027054 2756268 22811832 2963868
1790713027096 2756280 22811832 2963868
1790713027137 2756284 22811832 2963868
1790713027179 2756288 22811832 2963868
1790713027222 2756292 22811832 2963868
1790713027263 2756292 22811832 2963868
1790713027304 2756336 22811832 2963868
1790713027345 2756352 22811832 2963868
1790713027388 2756360 22811832 2963868
1790713027430 2756360 22811832 2963868
1790713027471 2756360 22811832 2963868
1790713027513 2756360 22811832 2963868
1790713027554 2756360 22811832 2963868
1790713027596 2756364 22811832 2963868
1790713027639 2756364 22811832 2963868
1790713027681 2756364 22811832 2963868
1790713027722 2756364 22811832 2963868
1790713027763 2756364 22811832 2963868
1790713027805 2756396 22811832 2963868
1790713027848 2756400 22811832 2963868
1790713027890 2756400 22811832 2963868
1790713027932 2756400 22811832 2963868
1790713027973 2756452 22811832 2963868
1790713028015 2756452 22811832 2963868
1790713028057 2756452 22811832 2963868
1790713028100 2756452 22811832 2963868
1790713028142 2756452 22811832 2963868
1790713028183 2756452 22811832 2963868
1790713028224 2756456 22811832 2963868
1790713028266 2756464 22811832 2963868
1790713028308 2756464 22811832 2963868
1790713028350 2756464 22811832 2963868
1790713028392 2756464 22811832 2963868
1790713028433 2756464 22811832 2963868
1790713028474 2756464 22811832 2963868
1790713028517 2756468 22811832 2963868
1790713028560 2756468 22811832 2963868
1790713028602 2756468 22811832 2963868
1790713028643 2757212 22811832 2963868
1790713028684 2757260 22811832 2963868
1790713028725 2332188 22811832 2963868
1790713028761 2332316 22811832 2963868
1790713028797 2332316 22811832 2963868
1790713028833 2332316 22811832 2963868
1790713028869 2332316 22811832 2963868
1790713028905 2332316 22811832 2963868
1790713028941 2332316 22811832 2963868
1790713028978 2332320 22811832 2963868
1790713029013 2332324 22811832 2963868
1790713029048 2332324 22811832 2963868
1790713029083 2332324 22811832 2963868
1790713029118 2330400 22811832 2963868
1790713029154 2340500 22811832 2963868
1790713029191 2340568 22811832 2963868
1790713029229 2361236 22811832 2963868
# peak_kb=2971464
# hwm_kb=2971464
# frozen_ms=0
# polled_vs_hwm_pct=0promille
