# timestamp_ms VmRSS_kB VmPeak_kB VmHWM_kB
1785823510019 261644 1146344 261644
1785823510128 261836 1146344 261836
1785823510196 263236 1147368 263236
1785823510267 265404 0 265404
1785823510358 267144 1151520 267144
1785823510440 267908 1151920 267908
1785823510510 268488 1152912 268488
1785823510603 280316 1162188 280316
1785823510705 280868 1163212 0
1785823510775 281204 1163212 281204
1785823510844 282596 2010468 282596
1785823510914 284992 2010468 284992
1785823511007 286452 2010468 286452
1785823511089 288640 2010468 288640
1785823511183 301460 2010468 301460
1785823511285 346144 2944400 346144
1785823511403 442232 2944400 0
1785823511527 493060 2944400 493060
1785823511651 536824 2944400 536824
1785823511771 550280 0 550272
1785823511896 581960 2944400 581960
1785823512019 598992 2944400 598992
1785823512140 608044 2944400 608044
1785823512245 624160 2944400 624160
1785823512371 645076 2944400 645076
1785823512498 659712 2944400 659712
1785823512627 679332 2944400 679332
1785823512754 697608 2944400 697608
1785823512879 706892 2944400 706892
1785823512991 714084 2944400 714084
1785823513115 731888 2944400 731888
1785823513243 750588 2944400 750588
1785823513373 758728 2944400 758728
1785823513484 767228 2944400 767228
1785823513613 782312 2944400 782292
1785823513726 807016 2944400 807016
1785823513861 857116 2944400 857116
1785823514000 906844 2944400 906844
1785823514141 946316 2944400 946316
1785823514286 970616 2944400 970616
1785823514430 1012196 2944400 1012196
1785823514577 1030480 2944400 1030480
1785823514698 1039356 2944400 1039356
1785823514817 1077404 2944400 1077404
1785823514969 1110188 2944400 1110188
1785823515124 861744 2944400 1124176
1785823515151 710504 2944400 1124176
1785823515182 856896 2944400 1124176
1785823515212 942220 2944400 1124176
1785823515242 1029696 2944400 1124176
1785823515272 1133604 2944400 1133604
1785823515406 1140936 2944400 1140936
1785823515489 1148044 2944400 1148044
1785823515599 1173716 2944400 1173716
1785823515730 1181400 2944400 1181400
1785823515818 1186008 2944400 1186008
1785823515934 1190616 2944400 1190616
1785823516022 1195224 2944400 1195224
1785823516110 1200256 2944400 1200256
1785823516239 1200756 2944400 1200756
1785823516323 1114432 2944400 1192140
1785823516351 1114564 2944400 1192140
1785823516378 1114604 2944400 1192140
1785823516406 1114684 2944400 1192140
1785823516433 1116092 2944400 1192140
1785823516461 1116348 2944400 1192140
1785823516489 1116352 2944400 1192140
1785823516517 1116352 2944400 1192140
1785823516544 1116376 2944400 1192140
1785823516571 1116416 2944400 1192140
1785823516599 1116484 2944400 1192140
1785823516628 1117096 2944400 1192140
1785823516655 1117160 2944400 1192140
1785823516683 1117176 2944400 1192140
1785823516711 1117188 2944400 1192140
1785823516738 1117200 2944400 1192140
1785823516766 1117212 2944400 1192140
1785823516794 1117220 2944400 1192140
1785823516821 1117224 2944400 1192140
1785823516848 1117236 2944400 1192140
1785823516876 1117244 2944400 1192140
1785823516903 1117252 2944400 1192140
1785823516931 1117260 2944400 1192140
1785823516959 1117264 2944400 1192140
1785823516987 1117272 2944400 1192140
1785823517015 1117280 2944400 1192140
1785823517043 1117288 2944400 1192140
1785823517071 1117292 2944400 1192140
1785823517099 1117296 2944400 1192140
1785823517127 1117300 2944400 1192140
1785823517154 1117308 2944400 1192140
1785823517181 1117316 2944400 1192140
1785823517209 1117320 2944400 1192140
1785823517237 1117320 2944400 1192140
1785823517265 1117328 2944400 1192140
1785823517293 1117336 2944400 1192140
1785823517321 1117340 2944400 1192140
1785823517349 1117340 2944400 1192140
1785823517376 1117348 2944400 1192140
1785823517403 1117352 2944400 1192140
1785823517430 1117352 2944400 1192140
1785823517458 1117352 2944400 1192140
1785823517486 1117352 2944400 1192140
1785823517514 1117352 2944400 1192140
1785823517542 1117352 2944400 1192140
1785823517570 1117352 2944400 1192140
1785823517598 1117352 2944400 1192140
1785823517626 1117352 2944400 1192140
1785823517654 1117352 2944400 1192140
1785823517682 1117352 2944400 1192140
1785823517710 1117352 2944400 1192140
1785823517738 1117352 2944400 1192140
1785823517766 1117352 2944400 1192140
1785823517794 1117352 2944400 1192140
1785823517822 1117352 2944400 1192140
1785823517850 1117352 2944400 1192140
1785823517878 1117352 2944400 1192140
1785823517906 1117352 2944400 1192140
1785823517933 1117352 2944400 1192140
1785823517961 1117352 2944400 1192140
1785823517989 1117352 2944400 1192140
1785823518017 1117352 2944400 1192140
1785823518044 1117352 2944400 1192140
1785823518072 1117352 2944400 1192140
1785823518100 1117352 2944400 1192140
1785823518127 1117352 2944400 1192140
1785823518156 1117352 2944400 1192140
1785823518184 1117352 2944400 1192140
1785823518212 1117352 2944400 1192140
1785823518239 1117352 2944400 1192140
1785823518267 1117352 2944400 1192140
1785823518295 1117352 2944400 1192140
1785823518323 1118612 2944400 1192140
1785823518351 1117372 2944400 1192140
1785823518379 1117372 2944400 1192140
1785823518407 1117372 2944400 1192140
1785823518435 1117372 2944400 1192140
1785823518462 1117372 2944400 1192140
1785823518490 1117372 2944400 1192140
1785823518517 1117372 2944400 1192140
1785823518546 1117372 2944400 1192140
1785823518574 1117372 2944400 1192140
1785823518602 1117372 2944400 1192140
1785823518630 1117372 2944400 1192140
1785823518657 1117372 2944400 1192140
1785823518686 1117372 2944400 1192140
1785823518713 1117372 2944400 1192140
1785823518741 1117372 2944400 1192140
1785823518769 1117372 2944400 1192140
1785823518797 1117372 2944400 1192140
1785823518825 1117372 2944400 1192140
1785823518853 1117372 2944400 1192140
1785823518881 1117372 2944400 1192140
1785823518909 1117372 2944400 1192140
1785823518936 1117372 2944400 1192140
1785823518964 1117372 2944400 1192140
1785823518993 1117372 2944400 1192140
1785823519021 1117372 2944400 1192140
1785823519049 1117372 2944400 1192140
1785823519077 1117372 2944400 1192140
1785823519105 1117372 2944400 1192140
1785823519133 1118912 2944400 1192140
1785823519161 1118912 2944400 1192140
1785823519189 1118912 2944400 1192140
1785823519221 1118912 2944400 1192140
1785823519251 1118912 2944400 1192140
1785823519279 1118912 2944400 1192140
1785823519307 1118912 2944400 1192140
1785823519336 1118912 2944400 1192140
1785823519363 1118912 2944400 1192140
1785823519391 1118912 2944400 1192140
1785823519419 1121408 2944400 1192140
1785823519447 1160440 2944400 1192140
1785823519476 1207380 2944400 1207360
1785823519592 1386440 2955616 1386440
1785823519733 1632200 2955616 1632200
1785823519868 1632200 2955616 1632200
1785823519898 1697160 3378976 1697160
1785823520029 1883528 3378976 1883528
1785823520165 1956540 3378976 2046992
1785823520289 1533268 3378976 2046992
1785823520317 1554576 3378976 2046992
1785823520345 1597628 3378976 2046992
1785823520374 1544788 3378976 2046992
1785823520402 1544788 3378976 2046992
1785823520430 1544788 3378976 2046992
1785823520458 1544788 3378976 2046992
1785823520487 1544788 3378976 2046992
1785823520515 1544788 3378976 2046992
1785823520543 1552404 3378976 2046992
1785823520572 1634324 3378976 2046992
1785823520600 1714196 3378976 2046992
1785823520628 1794068 3378976 2046992
1785823520657 1878036 3378976 2046992
1785823520685 1957908 3378976 2046992
1785823520769 1968148 3378976 2046992
1785823520880 1997060 3378976 2046992
1785823521012 1534916 3380000 2048804
1785823521041 1075188 3380000 2048804
1785823521070 1161204 3380000 2048804
1785823521098 1245172 3380000 2048804
1785823521127 1331188 3380000 2048804
1785823521155 1415156 3380000 2048804
1785823521184 1447924 3380000 2048804
1785823521213 1447924 3380000 2048804
1785823521241 1447924 3380000 2048804
1785823521270 1044228 3380000 2048804
1785823521300 1111560 3380000 2048804
1785823521332 1294832 3380000 2048804
1785823521365 1309168 3380000 2048804
1785823521394 1321456 3380000 2048804
1785823521423 1333744 3380000 2048804
1785823521452 1348080 3380000 2048804
1785823521480 1360368 3380000 2048804
1785823521508 1372656 3380000 2048804
1785823521538 1386992 3380000 2048804
1785823521566 1399280 3380000 2048804
1785823521594 1411568 3380000 2048804
1785823521622 1423856 3380000 2048804
1785823521650 1436144 3380000 2048804
1785823521678 1448432 3380000 2048804
1785823521706 1460412 3380000 2048804
1785823521734 1474080 3380000 2048804
1785823521762 1486368 3380000 2048804
1785823521790 1498656 3380000 2048804
1785823521818 1510944 3380000 2048804
1785823521846 1523232 3380000 2048804
1785823521874 1537568 3380000 2048804
1785823521902 1549856 3380000 2048804
1785823521929 1562144 3380000 2048804
1785823521958 1574432 3380000 2048804
1785823521986 1586720 3380000 2048804
1785823522014 1601056 3380000 2048804
1785823522043 1613344 3380000 2048804
1785823522071 1625632 3380000 2048804
1785823522103 1803632 3380000 2048804
1785823522134 1285888 3380000 2048804
1785823522167 1285888 3380000 2048804
1785823522197 1285888 3380000 2048804
1785823522227 1024920 3380000 2048804
1785823522258 1024920 3380000 2048804
1785823522289 1024920 3380000 2048804
1785823522320 1025144 3380000 2048804
1785823522350 1057960 3380000 2048804
1785823522381 1070256 3380000 2048804
1785823522412 1043364 3380000 2048804
1785823522442 1050852 3380000 2048804
1785823522474 1065188 3380000 2048804
1785823522504 1077476 3380000 2048804
1785823522535 1098528 3380000 2048804
1785823522566 1024932 3380000 2048804
1785823522598 1024932 3380000 2048804
1785823522629 1043940 3380000 2048804
1785823522658 1057000 3380000 2048804
1785823522690 1069288 3380000 2048804
1785823522720 1098532 3380000 2048804
1785823522751 1098536 3380000 2048804
1785823522781 1098536 3380000 2048804
1785823522811 1116968 3380000 2048804
1785823522837 1043368 3380000 2048804
1785823522868 1043368 3380000 2048804
1785823522898 1043368 3380000 2048804
1785823522928 1061672 3380000 2048804
1785823522958 1061672 3380000 2048804
1785823522990 1075436 3380000 2048804
1785823523021 1098536 3380000 2048804
1785823523052 1098536 3380000 2048804
1785823523083 1110252 3380000 2048804
1785823523113 1098664 3380000 2048804
1785823523144 1098664 3380000 2048804
1785823523176 1098664 3380000 2048804
1785823523207 1098664 3380000 2048804
1785823523232 1106156 3380000 2048804
1785823523263 1120492 3380000 2048804
1785823523293 1134828 3380000 2048804
1785823523324 1153832 3380000 2048804
1785823523354 1154644 3380000 2048804
1785823523385 1169644 3380000 2048804
1785823523415 1153960 3380000 2048804
1785823523447 1153960 3380000 2048804
1785823523477 1153960 3380000 2048804
1785823523507 1153960 3380000 2048804
1785823523538 1153960 3380000 2048804
1785823523569 1161452 3380000 2048804
1785823523600 1190696 3380000 2048804
1785823523631 1153960 3380000 2048804
1785823523663 1159404 3380000 2048804
1785823523693 1172064 3380000 2048804
1785823523725 1153964 3380000 2048804
1785823523755 1153968 3380000 2048804
1785823523786 1153968 3380000 2048804
1785823523816 1153968 3380000 2048804
1785823523845 1153968 3380000 2048804
1785823523877 1167604 3380000 2048804
1785823523907 1153976 3380000 2048804
1785823523938 1153976 3380000 2048804
1785823523969 1165564 3380000 2048804
1785823523999 1190712 3380000 2048804
1785823524030 1153976 3380000 2048804
1785823524061 1153980 3380000 2048804
1785823524090 1153984 3380000 2048804
1785823524121 1153992 3380000 2048804
1785823524152 1159436 3380000 2048804
1785823524182 1190728 3380000 2048804
1785823524214 1153992 3380000 2048804
1785823524245 1159436 3380000 2048804
1785823524276 1171852 3380000 2048804
1785823524307 1153996 3380000 2048804
1785823524338 1154004 3380000 2048804
1785823524368 1154004 3380000 2048804
1785823524398 1154008 3380000 2048804
1785823524428 1154008 3380000 2048804
1785823524458 1167644 3380000 2048804
1785823524487 1154012 3380000 2048804
1785823524515 1154012 3380000 2048804
1785823524545 1161504 3380000 2048804
1785823524575 1190748 3380000 2048804
1785823524606 1154020 3380000 2048804
1785823524638 1154020 3380000 2048804
1785823524669 1154024 3380000 2048804
1785823524698 1154032 3380000 2048804
1785823524731 1157428 3380000 2048804
1785823524762 1169716 3380000 2048804
1785823524793 1154032 3380000 2048804
1785823524825 1154948 3380000 2048804
1785823524853 1167668 3380000 2048804
1785823524883 1154036 3380000 2048804
1785823524913 1154040 3380000 2048804
1785823524943 1154044 3380000 2048804
1785823524974 1154048 3380000 2048804
1785823525005 1154052 3380000 2048804
1785823525036 1161544 3380000 2048804
1785823525065 1190788 3380000 2048804
1785823525096 1154056 3380000 2048804
1785823525127 1159500 3380000 2048804
1785823525157 1171788 3380000 2048804
1785823525189 1154060 3380000 2048804
1785823525220 1154068 3380000 2048804
1785823525251 1154072 3380000 2048804
1785823525280 1154088 3380000 2048804
1785823525312 1154392 3380000 2048804
1785823525341 1167724 3380000 2048804
1785823525370 1154088 3380000 2048804
1785823525401 1154088 3380000 2048804
1785823525433 1165676 3380000 2048804
1785823525463 1190836 3380000 2048804
1785823525494 1154100 3380000 2048804
1785823525524 1154108 3380000 2048804
1785823525553 1154108 3380000 2048804
1785823525584 1154120 3380000 2048804
1785823525615 1159564 3380000 2048804
1785823525645 1172424 3380000 2048804
1785823525676 1154124 3380000 2048804
1785823525707 1157520 3380000 2048804
1785823525738 1171856 3380000 2048804
1785823525769 1154132 3380000 2048804
1785823525800 1154708 3380000 2048804
1785823525829 1155556 3380000 2048804
1785823525859 1155560 3380000 2048804
1785823525888 1155680 3380000 2048804
1785823525916 1155684 3380000 2048804
1785823525943 1155704 3380000 2048804
1785823525972 1155724 3380000 2048804
1785823526000 1155744 3380000 2048804
1785823526026 1155756 3380000 2048804
1785823526052 1155776 3380000 2048804
1785823526079 1155792 3380000 2048804
1785823526107 1210980 3380000 2048804
1785823526136 1267764 3380000 2048804
1785823526164 1322524 3380000 2048804
1785823526193 1380900 3380000 2048804
1785823526220 1465292 3380000 2048804
1785823526252 1522496 3380000 2048804
1785823526283 1536832 3380000 2048804
1785823526310 1547728 3380000 2048804
1785823526341 1562064 3380000 2048804
1785823526372 1525792 3380000 2048804
1785823526405 1619696 3380000 2048804
1785823526437 1634032 3380000 2048804
1785823526466 1647876 3380000 2048804
1785823526496 1660164 3380000 2048804
1785823526525 1674500 3380000 2048804
1785823526554 1686788 3380000 2048804
1785823526583 1701124 3380000 2048804
1785823526612 1713412 3380000 2048804
1785823526641 1725700 3380000 2048804
1785823526670 1740036 3380000 2048804
1785823526699 1752324 3380000 2048804
1785823526729 1766660 3380000 2048804
1785823526758 1780996 3380000 2048804
1785823526788 1793284 3380000 2048804
1785823526818 1807620 3380000 2048804
1785823526847 1816148 3380000 2048804
1785823526877 1816148 3380000 2048804
1785823526907 1816148 3380000 2048804
1785823526936 1816148 3380000 2048804
1785823526966 1816148 3380000 2048804
1785823526995 1816148 3380000 2048804
1785823527025 1816148 3380000 2048804
1785823527054 1816148 3380000 2048804
1785823527084 1816148 3380000 2048804
1785823527113 1816148 3380000 2048804
1785823527143 1816148 3380000 2048804
1785823527173 1816148 3380000 2048804
1785823527203 1816148 3380000 2048804
1785823527233 1816148 3380000 2048804
1785823527260 1826776 3380000 2048804
1785823527289 1839064 3380000 2048804
1785823527319 1851356 3380000 2048804
1785823527349 1865692 3380000 2048804
1785823527379 1875476 3380000 2048804
1785823527409 1890380 3380000 2048804
1785823527439 1902668 3380000 2048804
1785823527469 1917004 3380000 2048804
1785823527498 1931340 3380000 2048804
1785823527528 1943628 3380000 2048804
1785823527558 1957964 3380000 2048804
1785823527587 1970252 3380000 2048804
1785823527617 1984588 3380000 2048804
1785823527647 1998924 3380000 2048804
1785823527769 2019404 3380000 2048804
1785823527884 2039884 3380000 2048804
1785823528017 2068356 3543012 2068356
1785823528133 2088836 3543012 2088836
1785823528237 2117508 3543012 2117508
1785823528355 2137988 3543012 2137988
1785823528460 2166660 3543012 2166660
1785823528576 2189188 3543012 2189188
1785823528708 2217860 3543012 2217860
1785823528831 1874196 3543012 2213868
1785823528861 2212368 3601004 2213868
1785823528892 2313132 3630000 2313132
1785823529031 2313132 3630000 2313132
1785823529063 2313132 3630000 2313132
1785823529093 2313132 3630000 2313132
1785823529126 2139152 3630000 2305552
1785823529156 2139152 3630000 2305552
1785823529186 2139152 3630000 2305552
1785823529215 2139152 3630000 2305552
1785823529245 2139152 3630000 2305552
1785823529276 2139152 3630000 2305552
1785823529306 2139152 3630000 2305552
1785823529337 2139152 3630000 2305552
1785823529367 2139152 3630000 2305552
1785823529398 2139152 3630000 2305552
1785823529429 2139152 3630000 2305552
1785823529458 2139152 3630000 2305552
1785823529488 2139152 3630000 2305552
1785823529519 2139152 3630000 2305552
1785823529550 2139152 3630000 2305552
1785823529579 2139152 3630000 2305552
1785823529607 2139152 3630000 2305552
1785823529636 2139152 3630000 2305552
1785823529666 2139152 3630000 2305552
1785823529696 2139152 3630000 2305552
1785823529726 2139152 3630000 2305552
1785823529757 2139152 3630000 2305552
1785823529787 2139152 3630000 2305552
1785823529818 2139152 3630000 2305552
1785823529848 2139152 3630000 2305552
1785823529879 2139152 3630000 2305552
1785823529909 2139152 3630000 2305552
1785823529939 2139152 3630000 2305552
1785823529970 2139152 3630000 2305552
1785823530000 2139152 3630000 2305552
1785823530031 2139152 3630000 2305552
1785823530061 2139152 3630000 2305552
1785823530092 2139152 3630000 2305552
1785823530123 2139152 3630000 2305552
1785823530153 2139152 3630000 2305552
1785823530183 2139152 3630000 2305552
1785823530214 2139152 3630000 2305552
1785823530245 2139152 3630000 2305552
1785823530275 2139152 3630000 2305552
1785823530307 2139152 3630000 2305552
1785823530337 2139152 3630000 2305552
1785823530367 2139152 3630000 2305552
1785823530397 1704408 3630000 2305552
1785823530429 1704932 3630000 2305552
1785823530461 1705116 3630000 2305552
1785823530491 1705120 3630000 2305552
1785823530521 1705120 3630000 2305552
1785823530551 1705120 3630000 2305552
1785823530582 1705120 3630000 2305552
1785823530613 1705120 3630000 2305552
1785823530643 1705124 3630000 2305552
1785823530675 1705124 3630000 2305552
1785823530707 1705160 3630000 2305552
1785823530739 1705160 3630000 2305552
1785823530771 1705160 3630000 2305552
1785823530803 1705164 3630000 2305552
1785823530835 1705168 3630000 2305552
1785823530867 1705492 3630000 2305552
1785823530900 1705556 3630000 2305552
1785823530932 1705560 3630000 2305552
1785823530967 1705564 3630000 2305552
1785823530999 1705568 3630000 2305552
1785823531031 1705568 3630000 2305552
1785823531064 1709664 3630000 2305552
1785823531098 1709664 3630000 2305552
1785823531130 1709664 3630000 2305552
1785823531162 1709664 3630000 2305552
1785823531196 1709664 3630000 2305552
1785823531229 1709664 3630000 2305552
1785823531262 1709664 3630000 2305552
1785823531295 1709664 3630000 2305552
1785823531329 1709664 3630000 2305552
1785823531362 1709664 3630000 2305552
1785823531395 1709664 3630000 2305552
1785823531428 1709664 3630000 2305552
1785823531464 1709664 3630000 2305552
1785823531497 1709664 3630000 2305552
1785823531530 1709664 3630000 2305552
1785823531562 1709664 3630000 2305552
1785823531597 1709664 3630000 2305552
1785823531630 1709664 3630000 2305552
1785823531663 1709664 3630000 2305552
1785823531696 1709876 3630000 2305552
1785823531730 1709876 3630000 2305552
1785823531763 1709876 3630000 2305552
1785823531795 1709944 3630000 2305552
1785823531828 1709944 3630000 2305552
1785823531861 1709944 3630000 2305552
1785823531893 1709944 3630000 2305552
1785823531926 1709948 3630000 2305552
1785823531959 1709948 3630000 2305552
1785823531991 1709948 3630000 2305552
1785823532024 1709948 3630000 2305552
1785823532056 1709948 3630000 2305552
1785823532089 1709948 3630000 2305552
1785823532121 1709948 3630000 2305552
1785823532154 1709948 3630000 2305552
1785823532187 1709948 3630000 2305552
1785823532220 1709948 3630000 2305552
1785823532253 1709948 3630000 2305552
1785823532285 1709948 3630000 2305552
1785823532318 1709948 3630000 2305552
1785823532350 1709948 3630000 2305552
1785823532383 1709948 3630000 2305552
1785823532416 1709948 3630000 2305552
1785823532449 1709948 3630000 2305552
1785823532481 1709948 3630000 2305552
1785823532514 1709948 3630000 2305552
1785823532546 1709948 3630000 2305552
1785823532578 1709948 3630000 2305552
1785823532611 1709948 3630000 2305552
1785823532644 1709948 3630000 2305552
1785823532676 1709948 3630000 2305552
1785823532708 1709948 3630000 2305552
1785823532740 1709948 3630000 2305552
1785823532773 1709948 3630000 2305552
1785823532805 1709948 3630000 2305552
1785823532837 1709948 3630000 2305552
1785823532869 1709948 3630000 2305552
1785823532901 1709948 3630000 2305552
1785823532933 1709948 3630000 2305552
1785823532965 1709948 3630000 2305552
1785823532997 1709948 3630000 2305552
1785823533029 1709960 3630000 2305552
1785823533061 1709964 3630000 2305552
1785823533093 1709964 3630000 2305552
1785823533125 1709964 3630000 2305552
1785823533156 1709964 3630000 2305552
1785823533188 1709964 3630000 2305552
1785823533221 1709964 3630000 2305552
1785823533251 1709964 3630000 2305552
1785823533284 1709964 3630000 2305552
1785823533316 1709964 3630000 2305552
1785823533349 1709964 3630000 2305552
1785823533381 1709964 3630000 2305552
1785823533413 1709964 3630000 2305552
1785823533445 1709964 3630000 2305552
1785823533477 1709964 3630000 2305552
1785823533509 1709964 3630000 2305552
1785823533542 1709964 3630000 2305552
1785823533576 1709964 3630000 2305552
1785823533609 1709964 3630000 2305552
1785823533641 1709964 3630000 2305552
1785823533674 1709964 3630000 2305552
1785823533709 1709964 3630000 2305552
1785823533742 1709964 3630000 2305552
1785823533774 1709964 3630000 2305552
1785823533806 1709964 3630000 2305552
1785823533840 1709964 3630000 2305552
1785823533872 1709964 3630000 2305552
1785823533904 1709964 3630000 2305552
1785823533938 1709964 3630000 2305552
1785823533972 1709964 3630000 2305552
1785823534004 1709964 3630000 2305552
1785823534037 1709964 3630000 2305552
1785823534071 1709964 3630000 2305552
1785823534104 1709964 3630000 2305552
1785823534137 1709964 3630000 2305552
1785823534170 1709964 3630000 2305552
1785823534207 1709964 3630000 2305552
1785823534240 1709964 3630000 2305552
1785823534272 1709964 3630000 2305552
1785823534304 1709964 3630000 2305552
1785823534340 1709964 3630000 2305552
1785823534373 1709964 3630000 2305552
1785823534405 1709964 3630000 2305552
1785823534438 1709964 3630000 2305552
1785823534471 1709964 3630000 2305552
1785823534504 1709964 3630000 2305552
1785823534538 1709964 3630000 2305552
1785823534570 1709964 3630000 2305552
1785823534602 1709964 3630000 2305552
1785823534636 1709964 3630000 2305552
1785823534669 1709964 3630000 2305552
1785823534702 1709964 3630000 2305552
1785823534735 1709964 3630000 2305552
1785823534771 1709964 3630000 2305552
1785823534805 1709964 3630000 2305552
1785823534838 1709964 3630000 2305552
1785823534870 1709964 3630000 2305552
1785823534906 1709964 3630000 2305552
1785823534938 1709964 3630000 2305552
1785823534970 1709964 3630000 2305552
1785823535003 1709964 3630000 2305552
1785823535036 1709964 3630000 2305552
1785823535068 1709964 3630000 2305552
1785823535100 1709964 3630000 2305552
1785823535134 1709968 3630000 2305552
1785823535167 1709968 3630000 2305552
1785823535200 1709968 3630000 2305552
1785823535233 1709968 3630000 2305552
1785823535269 1709968 3630000 2305552
1785823535302 1710208 3630000 2305552
1785823535336 1710336 3630000 2305552
1785823535368 1710336 3630000 2305552
1785823535400 1710336 3630000 2305552
1785823535430 1710336 3630000 2305552
1785823535464 1710336 3630000 2305552
1785823535495 1710336 3630000 2305552
1785823535526 1710336 3630000 2305552
1785823535555 1734784 3630000 2305552
1785823535599 1759360 3630000 2305552
1785823535632 1759360 3630000 2305552
1785823535665 1759360 3630000 2305552
1785823535698 1759360 3630000 2305552
1785823535729 1759360 3630000 2305552
1785823535761 1759360 3630000 2305552
1785823535793 1759360 3630000 2305552
1785823535823 1759360 3630000 2305552
1785823535853 1759360 3630000 2305552
1785823535886 1759360 3630000 2305552
1785823535919 1759360 3630000 2305552
1785823535951 1759360 3630000 2305552
1785823535983 1759360 3630000 2305552
1785823536015 1759360 3630000 2305552
1785823536045 1759360 3630000 2305552
1785823536077 1759364 3630000 2305552
1785823536107 1759364 3630000 2305552
1785823536138 1759364 3630000 2305552
1785823536169 1759364 3630000 2305552
1785823536200 1759364 3630000 2305552
1785823536231 1759364 3630000 2305552
1785823536262 1759364 3630000 2305552
1785823536293 1759364 3630000 2305552
1785823536326 1759364 3630000 2305552
1785823536357 1759364 3630000 2305552
1785823536389 1759364 3630000 2305552
1785823536422 1759372 3630000 2305552
1785823536455 1759376 3630000 2305552
1785823536485 1759376 3630000 2305552
1785823536516 1759380 3630000 2305552
1785823536548 1759384 3630000 2305552
1785823536581 1759384 3630000 2305552
1785823536612 1759384 3630000 2305552
1785823536644 1759384 3630000 2305552
1785823536677 1759384 3630000 2305552
1785823536711 1759384 3630000 2305552
1785823536749 1759384 3630000 2305552
1785823536781 1759384 3630000 2305552
1785823536814 1759384 3630000 2305552
1785823536847 1759384 3630000 2305552
1785823536881 1759384 3630000 2305552
1785823536914 1759384 3630000 2305552
1785823536947 1759384 3630000 2305552
1785823536978 1759384 3630000 2305552
1785823537013 1759384 3630000 2305552
1785823537046 1759384 3630000 2305552
1785823537077 1759384 3630000 2305552
1785823537109 1759384 3630000 2305552
1785823537143 1759384 3630000 2305552
1785823537176 1759384 3630000 2305552
1785823537208 1759384 3630000 2305552
1785823537239 1759384 3630000 2305552
1785823537274 1759384 3630000 2305552
1785823537305 1759384 3630000 2305552
1785823537337 1759384 3630000 2305552
1785823537369 1759388 3630000 2305552
1785823537402 1759388 3630000 2305552
1785823537435 1759388 3630000 2305552
1785823537467 1759388 3630000 2305552
1785823537499 1759388 3630000 2305552
1785823537532 1759388 3630000 2305552
1785823537564 1759388 3630000 2305552
1785823537595 1759388 3630000 2305552
1785823537628 1759388 3630000 2305552
1785823537660 1759388 3630000 2305552
1785823537691 1759388 3630000 2305552
1785823537723 1759388 3630000 2305552
1785823537755 1759388 3630000 2305552
1785823537787 1759388 3630000 2305552
1785823537818 1759388 3630000 2305552
1785823537852 1759388 3630000 2305552
1785823537884 1759388 3630000 2305552
1785823537916 1759388 3630000 2305552
1785823537949 1759388 3630000 2305552
1785823537980 1759388 3630000 2305552
1785823538011 1759388 3630000 2305552
1785823538042 1759388 3630000 2305552
1785823538075 1759388 3630000 2305552
1785823538107 1759388 3630000 2305552
1785823538138 1759388 3630000 2305552
1785823538171 1759388 3630000 2305552
1785823538203 1759388 3630000 2305552
1785823538234 1759388 3630000 2305552
1785823538267 1759388 3630000 2305552
1785823538299 1759388 3630000 2305552
1785823538330 1759388 3630000 2305552
1785823538363 1759388 3630000 2305552
1785823538395 1759388 3630000 2305552
1785823538427 1759388 3630000 2305552
1785823538460 1759388 3630000 2305552
1785823538492 1759388 3630000 2305552
1785823538523 1759388 3630000 2305552
1785823538554 1759388 3630000 2305552
1785823538587 1759388 3630000 2305552
1785823538619 1759388 3630000 2305552
1785823538650 1759388 3630000 2305552
1785823538681 1759388 3630000 2305552
1785823538714 1759388 3630000 2305552
1785823538747 1759396 3630000 2305552
1785823538779 1759396 3630000 2305552
1785823538810 1759396 3630000 2305552
1785823538842 1759396 3630000 2305552
1785823538874 1759396 3630000 2305552
1785823538905 1759396 3630000 2305552
1785823538936 1759396 3630000 2305552
1785823538965 1759396 3630000 2305552
1785823538994 1759396 3630000 2305552
1785823539029 1759396 3630000 2305552
1785823539061 1759396 3630000 2305552
1785823539091 1759396 3630000 2305552
1785823539121 1759396 3630000 2305552
1785823539152 1759396 3630000 2305552
1785823539183 1759396 3630000 2305552
1785823539214 1759396 3630000 2305552
1785823539246 1759396 3630000 2305552
1785823539278 1759400 3630000 2305552
1785823539310 1759404 3630000 2305552
1785823539343 1759404 3630000 2305552
1785823539376 1759404 3630000 2305552
1785823539409 1759404 3630000 2305552
1785823539444 1759404 3630000 2305552
1785823539477 1759404 3630000 2305552
1785823539511 1759404 3630000 2305552
1785823539543 1759404 3630000 2305552
1785823539580 1759404 3630000 2305552
1785823539614 1759404 3630000 2305552
1785823539646 1759404 3630000 2305552
1785823539679 1759404 3630000 2305552
1785823539714 1759404 3630000 2305552
1785823539747 1759404 3630000 2305552
1785823539779 1759404 3630000 2305552
1785823539811 1759404 3630000 2305552
1785823539846 1759404 3630000 2305552
1785823539878 1759404 3630000 2305552
1785823539910 1759404 3630000 2305552
1785823539942 1759404 3630000 2305552
1785823539976 1759404 3630000 2305552
1785823540008 1759404 3630000 2305552
1785823540039 1759404 3630000 2305552
1785823540072 1759404 3630000 2305552
1785823540106 1759404 3630000 2305552
1785823540138 1759404 3630000 2305552
1785823540171 1759404 3630000 2305552
1785823540204 1759404 3630000 2305552
1785823540236 1759404 3630000 2305552
1785823540269 1759404 3630000 2305552
1785823540302 1759404 3630000 2305552
1785823540334 1759404 3630000 2305552
1785823540366 1759404 3630000 2305552
1785823540398 1759404 3630000 2305552
1785823540432 1759404 3630000 2305552
1785823540465 1759404 3630000 2305552
1785823540497 1759404 3630000 2305552
1785823540531 1759404 3630000 2305552
1785823540564 1759404 3630000 2305552
1785823540598 1759404 3630000 2305552
1785823540630 1759404 3630000 2305552
1785823540666 1759404 3630000 2305552
1785823540701 1759404 3630000 2305552
1785823540733 1759404 3630000 2305552
1785823540765 1759404 3630000 2305552
1785823540800 1759404 3630000 2305552
1785823540833 1759404 3630000 2305552
1785823540866 1759404 3630000 2305552
1785823540898 1759404 3630000 2305552
1785823540933 1759404 3630000 2305552
1785823540965 1759404 3630000 2305552
1785823540998 1759404 3630000 2305552
1785823541030 1759404 3630000 2305552
1785823541063 1759404 3630000 2305552
1785823541098 1759404 3630000 2305552
1785823541131 1759404 3630000 2305552
1785823541163 1759404 3630000 2305552
1785823541195 1759404 3630000 2305552
1785823541229 1759404 3630000 2305552
1785823541261 1759404 3630000 2305552
1785823541293 1759404 3630000 2305552
1785823541326 1759404 3630000 2305552
1785823541362 1759404 3630000 2305552
1785823541393 1759404 3630000 2305552
1785823541424 1759404 3630000 2305552
1785823541455 1759404 3630000 2305552
1785823541488 1759404 3630000 2305552
1785823541520 1759404 3630000 2305552
1785823541551 1759404 3630000 2305552
1785823541583 1759404 3630000 2305552
1785823541615 1759404 3630000 2305552
1785823541650 1759404 3630000 2305552
1785823541683 1759404 3630000 2305552
1785823541716 1759404 3630000 2305552
1785823541748 1759404 3630000 2305552
1785823541780 1759404 3630000 2305552
1785823541812 1759404 3630000 2305552
1785823541844 1759404 3630000 2305552
1785823541876 1759408 3630000 2305552
1785823541907 1759408 3630000 2305552
1785823541938 1759408 3630000 2305552
1785823541971 1759408 3630000 2305552
1785823542003 1759408 3630000 2305552
1785823542035 1759408 3630000 2305552
1785823542067 1759408 3630000 2305552
1785823542100 1759408 3630000 2305552
1785823542131 1759408 3630000 2305552
1785823542163 1759408 3630000 2305552
1785823542195 1759408 3630000 2305552
1785823542227 1759420 3630000 2305552
1785823542258 1759420 3630000 2305552
1785823542290 1759420 3630000 2305552
1785823542323 1759420 3630000 2305552
1785823542355 1759424 3630000 2305552
1785823542390 1759424 3630000 2305552
1785823542422 1759424 3630000 2305552
1785823542455 1759424 3630000 2305552
1785823542488 1759428 3630000 2305552
1785823542522 1759428 3630000 2305552
1785823542555 1759428 3630000 2305552
1785823542587 1759428 3630000 2305552
1785823542620 1759428 3630000 2305552
1785823542653 1759428 3630000 2305552
1785823542686 1759428 3630000 2305552
1785823542718 1759428 3630000 2305552
1785823542752 1759428 3630000 2305552
1785823542786 1759428 3630000 2305552
1785823542819 1759428 3630000 2305552
1785823542852 1759428 3630000 2305552
1785823542889 1759428 3630000 2305552
1785823542922 1759428 3630000 2305552
1785823542955 1759428 3630000 2305552
1785823542987 1759428 3630000 2305552
1785823543022 1759428 3630000 2305552
1785823543055 1759428 3630000 2305552
1785823543088 1759428 3630000 2305552
1785823543120 1759428 3630000 2305552
1785823543153 1759428 3630000 2305552
1785823543186 1759428 3630000 2305552
1785823543219 1759428 3630000 2305552
1785823543253 1759428 3630000 2305552
1785823543286 1759432 3630000 2305552
1785823543318 1759432 3630000 2305552
1785823543350 1759432 3630000 2305552
1785823543382 1759432 3630000 2305552
1785823543414 1759432 3630000 2305552
1785823543446 1759432 3630000 2305552
1785823543477 1759432 3630000 2305552
1785823543509 1759432 3630000 2305552
1785823543541 1759432 3630000 2305552
1785823543573 1759432 3630000 2305552
1785823543604 1759432 3630000 2305552
1785823543636 1759432 3630000 2305552
1785823543667 1759432 3630000 2305552
1785823543699 1759432 3630000 2305552
1785823543731 1759432 3630000 2305552
1785823543763 1759432 3630000 2305552
1785823543795 1759432 3630000 2305552
1785823543827 1759432 3630000 2305552
1785823543859 1759432 3630000 2305552
1785823543891 1759432 3630000 2305552
1785823543923 1759432 3630000 2305552
1785823543955 1759432 3630000 2305552
1785823543987 1759432 3630000 2305552
1785823544019 1759432 3630000 2305552
1785823544051 1759432 3630000 2305552
1785823544083 1759432 3630000 2305552
1785823544115 1759432 3630000 2305552
1785823544147 1759432 3630000 2305552
1785823544178 1759432 3630000 2305552
1785823544210 1759432 3630000 2305552
1785823544242 1759432 3630000 2305552
1785823544274 1759432 3630000 2305552
1785823544305 1759432 3630000 2305552
1785823544337 1759432 3630000 2305552
1785823544369 1759432 3630000 2305552
1785823544401 1759432 3630000 2305552
1785823544433 1759432 3630000 2305552
1785823544464 1759432 3630000 2305552
1785823544496 1759440 3630000 2305552
1785823544528 1759440 3630000 2305552
1785823544559 1759440 3630000 2305552
1785823544591 1759440 3630000 2305552
1785823544622 1759440 3630000 2305552
1785823544654 1759440 3630000 2305552
1785823544685 1759440 3630000 2305552
1785823544717 1759440 3630000 2305552
1785823544751 1759440 3630000 2305552
1785823544783 1759440 3630000 2305552
1785823544815 1759440 3630000 2305552
1785823544847 1759440 3630000 2305552
1785823544879 1759440 3630000 2305552
1785823544910 1759440 3630000 2305552
1785823544942 1759440 3630000 2305552
1785823544975 1759440 3630000 2305552
1785823545007 1759440 3630000 2305552
1785823545040 1759440 3630000 2305552
1785823545072 1759440 3630000 2305552
1785823545104 1759440 3630000 2305552
1785823545139 1759440 3630000 2305552
1785823545172 1759440 3630000 2305552
1785823545205 1759440 3630000 2305552
1785823545239 1759440 3630000 2305552
1785823545275 1759440 3630000 2305552
1785823545310 1759440 3630000 2305552
1785823545342 1759440 3630000 2305552
1785823545375 1759444 3630000 2305552
1785823545410 1759444 3630000 2305552
1785823545443 1759444 3630000 2305552
1785823545475 1759444 3630000 2305552
1785823545508 1759444 3630000 2305552
1785823545542 1759444 3630000 2305552
1785823545575 1759444 3630000 2305552
1785823545607 1759444 3630000 2305552
1785823545639 1759444 3630000 2305552
1785823545672 1759444 3630000 2305552
1785823545704 1759444 3630000 2305552
1785823545736 1759444 3630000 2305552
1785823545770 1759444 3630000 2305552
1785823545804 1759444 3630000 2305552
1785823545837 1759444 3630000 2305552
1785823545870 1759444 3630000 2305552
1785823545903 1759444 3630000 2305552
1785823545935 1759444 3630000 2305552
1785823545967 1759444 3630000 2305552
1785823546001 1759444 3630000 2305552
1785823546033 1759448 3630000 2305552
1785823546066 1759448 3630000 2305552
1785823546100 1759448 3630000 2305552
1785823546134 1759448 3630000 2305552
1785823546167 1759448 3630000 2305552
1785823546200 1759448 3630000 2305552
1785823546237 1759448 3630000 2305552
1785823546271 1759448 3630000 2305552
1785823546303 1759448 3630000 2305552
1785823546335 1759448 3630000 2305552
1785823546370 1759448 3630000 2305552
1785823546404 1759448 3630000 2305552
1785823546436 1759448 3630000 2305552
1785823546468 1759448 3630000 2305552
1785823546503 1759448 3630000 2305552
1785823546536 1759448 3630000 2305552
1785823546567 1759448 3630000 2305552
1785823546600 1759448 3630000 2305552
1785823546634 1759448 3630000 2305552
1785823546666 1759448 3630000 2305552
1785823546699 1759448 3630000 2305552
1785823546733 1759448 3630000 2305552
1785823546767 1759448 3630000 2305552
1785823546803 1759448 3630000 2305552
1785823546836 1759448 3630000 2305552
1785823546867 1759448 3630000 2305552
1785823546899 1759448 3630000 2305552
1785823546931 1759448 3630000 2305552
1785823546963 1759448 3630000 2305552
1785823546995 1759448 3630000 2305552
1785823547036 1784024 3630000 2305552
1785823547072 1784024 3630000 2305552
1785823547104 1784024 3630000 2305552
1785823547138 1784024 3630000 2305552
1785823547171 1784024 3630000 2305552
1785823547203 1784024 3630000 2305552
1785823547233 1784024 3630000 2305552
1785823547264 1784024 3630000 2305552
1785823547295 1784024 3630000 2305552
1785823547330 1784024 3630000 2305552
1785823547362 1784024 3630000 2305552
1785823547395 1784024 3630000 2305552
1785823547427 1784024 3630000 2305552
1785823547460 1784024 3630000 2305552
1785823547492 1784024 3630000 2305552
1785823547524 1784028 3630000 2305552
1785823547555 1784028 3630000 2305552
1785823547587 1784028 3630000 2305552
1785823547618 1784028 3630000 2305552
1785823547650 1784028 3630000 2305552
1785823547683 1784028 3630000 2305552
1785823547714 1784028 3630000 2305552
1785823547745 1784028 3630000 2305552
1785823547777 1784028 3630000 2305552
1785823547809 1784028 3630000 2305552
1785823547842 1784028 3630000 2305552
1785823547874 1784028 3630000 2305552
1785823547906 1784028 3630000 2305552
1785823547937 1784040 3630000 2305552
1785823547969 1784044 3630000 2305552
1785823548001 1784044 3630000 2305552
1785823548033 1784044 3630000 2305552
1785823548068 1784044 3630000 2305552
1785823548101 1784044 3630000 2305552
1785823548133 1784044 3630000 2305552
1785823548166 1784044 3630000 2305552
1785823548201 1784044 3630000 2305552
1785823548234 1784044 3630000 2305552
1785823548266 1784044 3630000 2305552
1785823548298 1784048 3630000 2305552
1785823548333 1784048 3630000 2305552
1785823548365 1784048 3630000 2305552
1785823548398 1784048 3630000 2305552
1785823548431 1784048 3630000 2305552
1785823548464 1784048 3630000 2305552
1785823548497 1784048 3630000 2305552
1785823548529 1784048 3630000 2305552
1785823548562 1784048 3630000 2305552
1785823548596 1784048 3630000 2305552
1785823548628 1784048 3630000 2305552
1785823548661 1784048 3630000 2305552
1785823548696 1784048 3630000 2305552
1785823548729 1784048 3630000 2305552
1785823548762 1784048 3630000 2305552
1785823548795 1784048 3630000 2305552
1785823548831 1784048 3630000 2305552
1785823548865 1784048 3630000 2305552
1785823548898 1784048 3630000 2305552
1785823548931 1784048 3630000 2305552
1785823548963 1784048 3630000 2305552
1785823548996 1784048 3630000 2305552
1785823549028 1784048 3630000 2305552
1785823549061 1784048 3630000 2305552
1785823549093 1784048 3630000 2305552
1785823549125 1784048 3630000 2305552
1785823549156 1784048 3630000 2305552
1785823549188 1784048 3630000 2305552
1785823549220 1784048 3630000 2305552
1785823549254 1784048 3630000 2305552
1785823549285 1784048 3630000 2305552
1785823549318 1784048 3630000 2305552
1785823549350 1784048 3630000 2305552
1785823549382 1784048 3630000 2305552
1785823549415 1784048 3630000 2305552
1785823549446 1784048 3630000 2305552
1785823549478 1784048 3630000 2305552
1785823549510 1784048 3630000 2305552
1785823549543 1784048 3630000 2305552
1785823549575 1784048 3630000 2305552
1785823549607 1784048 3630000 2305552
1785823549638 1784048 3630000 2305552
1785823549670 1784048 3630000 2305552
1785823549701 1784048 3630000 2305552
1785823549733 1784048 3630000 2305552
1785823549765 1784048 3630000 2305552
1785823549796 1784048 3630000 2305552
1785823549828 1784048 3630000 2305552
1785823549860 1784048 3630000 2305552
1785823549891 1784048 3630000 2305552
1785823549923 1784048 3630000 2305552
1785823549954 1784048 3630000 2305552
1785823549986 1784048 3630000 2305552
1785823550019 1784048 3630000 2305552
1785823550050 1784048 3630000 2305552
1785823550081 1784048 3630000 2305552
1785823550113 1784048 3630000 2305552
1785823550145 1784056 3630000 2305552
1785823550178 1784056 3630000 2305552
1785823550209 1784056 3630000 2305552
1785823550241 1784056 3630000 2305552
1785823550272 1784056 3630000 2305552
1785823550304 1784056 3630000 2305552
1785823550336 1784056 3630000 2305552
1785823550367 1784056 3630000 2305552
1785823550400 1784056 3630000 2305552
1785823550433 1784056 3630000 2305552
1785823550466 1784056 3630000 2305552
1785823550498 1784056 3630000 2305552
1785823550531 1784056 3630000 2305552
1785823550563 1784056 3630000 2305552
1785823550594 1784056 3630000 2305552
1785823550626 1784056 3630000 2305552
1785823550659 1784056 3630000 2305552
1785823550691 1784060 3630000 2305552
1785823550725 1784060 3630000 2305552
1785823550757 1784060 3630000 2305552
1785823550789 1784060 3630000 2305552
1785823550824 1784060 3630000 2305552
1785823550857 1784060 3630000 2305552
1785823550891 1784060 3630000 2305552
1785823550924 1784060 3630000 2305552
1785823550961 1784060 3630000 2305552
1785823550995 1784060 3630000 2305552
1785823551027 1784060 3630000 2305552
1785823551060 1784060 3630000 2305552
1785823551095 1784060 3630000 2305552
1785823551128 1784060 3630000 2305552
1785823551160 1784060 3630000 2305552
1785823551192 1784060 3630000 2305552
1785823551227 1784060 3630000 2305552
1785823551260 1784060 3630000 2305552
1785823551292 1784060 3630000 2305552
1785823551325 1784060 3630000 2305552
1785823551359 1784060 3630000 2305552
1785823551392 1784060 3630000 2305552
1785823551425 1784060 3630000 2305552
1785823551461 1784060 3630000 2305552
1785823551495 1784060 3630000 2305552
1785823551528 1784060 3630000 2305552
1785823551560 1784060 3630000 2305552
1785823551593 1784060 3630000 2305552
1785823551627 1784060 3630000 2305552
1785823551660 1784060 3630000 2305552
1785823551695 1784060 3630000 2305552
1785823551728 1784060 3630000 2305552
1785823551761 1784064 3630000 2305552
1785823551796 1784064 3630000 2305552
1785823551829 1784064 3630000 2305552
1785823551862 1784064 3630000 2305552
1785823551894 1784064 3630000 2305552
1785823551929 1784064 3630000 2305552
1785823551962 1784064 3630000 2305552
1785823551994 1784064 3630000 2305552
1785823552026 1784064 3630000 2305552
1785823552060 1784064 3630000 2305552
1785823552093 1784064 3630000 2305552
1785823552125 1784064 3630000 2305552
1785823552159 1784068 3630000 2305552
1785823552192 1784068 3630000 2305552
1785823552225 1784068 3630000 2305552
1785823552259 1784068 3630000 2305552
1785823552295 1784068 3630000 2305552
1785823552328 1784068 3630000 2305552
1785823552361 1784068 3630000 2305552
1785823552393 1784068 3630000 2305552
1785823552428 1784068 3630000 2305552
1785823552462 1784068 3630000 2305552
1785823552497 1784068 3630000 2305552
1785823552529 1784068 3630000 2305552
1785823552561 1784068 3630000 2305552
1785823552596 1784068 3630000 2305552
1785823552628 1784068 3630000 2305552
1785823552661 1784068 3630000 2305552
1785823552693 1784068 3630000 2305552
1785823552737 1808644 3630000 2305552
1785823552770 1808644 3630000 2305552
1785823552803 1735044 3630000 2305552
1785823552836 1735044 3630000 2305552
1785823552869 1735044 3630000 2305552
1785823552901 1735044 3630000 2305552
1785823552933 1735044 3630000 2305552
1785823552967 1735044 3630000 2305552
1785823553001 1735044 3630000 2305552
1785823553035 1735044 3630000 2305552
1785823553067 1735044 3630000 2305552
1785823553099 1735044 3630000 2305552
1785823553131 1735044 3630000 2305552
1785823553163 1735044 3630000 2305552
1785823553195 1735044 3630000 2305552
1785823553227 1735048 3630000 2305552
1785823553259 1735048 3630000 2305552
1785823553291 1735048 3630000 2305552
1785823553323 1735048 3630000 2305552
1785823553355 1735048 3630000 2305552
1785823553387 1735048 3630000 2305552
1785823553419 1735048 3630000 2305552
1785823553452 1735048 3630000 2305552
1785823553484 1735048 3630000 2305552
1785823553515 1735048 3630000 2305552
1785823553549 1735052 3630000 2305552
1785823553581 1735052 3630000 2305552
1785823553613 1735056 3630000 2305552
1785823553646 1735064 3630000 2305552
1785823553678 1735064 3630000 2305552
1785823553711 1735064 3630000 2305552
1785823553746 1735064 3630000 2305552
1785823553780 1735064 3630000 2305552
1785823553813 1735064 3630000 2305552
1785823553845 1735064 3630000 2305552
1785823553880 1735064 3630000 2305552
1785823553913 1735064 3630000 2305552
1785823553945 1735064 3630000 2305552
1785823553978 1735064 3630000 2305552
1785823554011 1735064 3630000 2305552
1785823554043 1735064 3630000 2305552
1785823554076 1735064 3630000 2305552
1785823554110 1735064 3630000 2305552
1785823554143 1735064 3630000 2305552
1785823554176 1735064 3630000 2305552
1785823554209 1735064 3630000 2305552
1785823554246 1735064 3630000 2305552
1785823554280 1735064 3630000 2305552
1785823554313 1735064 3630000 2305552
1785823554345 1735068 3630000 2305552
1785823554381 1735068 3630000 2305552
1785823554414 1735068 3630000 2305552
1785823554446 1735068 3630000 2305552
1785823554479 1735068 3630000 2305552
1785823554514 1735068 3630000 2305552
1785823554547 1735068 3630000 2305552
1785823554579 1735068 3630000 2305552
1785823554613 1735068 3630000 2305552
1785823554646 1735068 3630000 2305552
1785823554679 1735068 3630000 2305552
1785823554711 1735068 3630000 2305552
1785823554744 1735068 3630000 2305552
1785823554776 1735068 3630000 2305552
1785823554809 1735068 3630000 2305552
1785823554841 1735068 3630000 2305552
1785823554874 1735068 3630000 2305552
1785823554906 1735072 3630000 2305552
1785823554939 1735072 3630000 2305552
1785823554971 1735072 3630000 2305552
1785823555003 1735072 3630000 2305552
1785823555036 1735072 3630000 2305552
1785823555068 1735072 3630000 2305552
1785823555101 1735072 3630000 2305552
1785823555133 1735072 3630000 2305552
1785823555166 1735072 3630000 2305552
1785823555198 1735072 3630000 2305552
1785823555230 1735072 3630000 2305552
1785823555263 1735072 3630000 2305552
1785823555295 1735072 3630000 2305552
1785823555328 1735072 3630000 2305552
1785823555360 1735072 3630000 2305552
1785823555393 1735072 3630000 2305552
1785823555425 1735072 3630000 2305552
1785823555458 1735072 3630000 2305552
1785823555491 1735072 3630000 2305552
1785823555523 1735072 3630000 2305552
1785823555556 1735072 3630000 2305552
1785823555589 1735072 3630000 2305552
1785823555622 1735072 3630000 2305552
1785823555654 1735072 3630000 2305552
1785823555687 1735072 3630000 2305552
1785823555720 1735076 3630000 2305552
1785823555751 1735076 3630000 2305552
1785823555784 1735076 3630000 2305552
1785823555817 1735076 3630000 2305552
1785823555849 1735080 3630000 2305552
1785823555881 1735080 3630000 2305552
1785823555913 1735080 3630000 2305552
1785823555945 1735080 3630000 2305552
1785823555977 1735080 3630000 2305552
1785823556009 1735080 3630000 2305552
1785823556040 1735080 3630000 2305552
1785823556072 1735080 3630000 2305552
1785823556108 1735080 3630000 2305552
1785823556142 1735080 3630000 2305552
1785823556175 1735080 3630000 2305552
1785823556206 1735080 3630000 2305552
1785823556237 1735080 3630000 2305552
1785823556269 1735080 3630000 2305552
1785823556301 1735080 3630000 2305552
1785823556333 1735080 3630000 2305552
1785823556366 1735080 3630000 2305552
1785823556401 1735080 3630000 2305552
1785823556434 1735080 3630000 2305552
1785823556467 1735080 3630000 2305552
1785823556499 1735080 3630000 2305552
1785823556533 1735080 3630000 2305552
1785823556567 1735080 3630000 2305552
1785823556599 1735080 3630000 2305552
1785823556634 1735080 3630000 2305552
1785823556668 1735080 3630000 2305552
1785823556701 1735080 3630000 2305552
1785823556734 1735080 3630000 2305552
1785823556771 1735080 3630000 2305552
1785823556805 1735080 3630000 2305552
1785823556838 1735080 3630000 2305552
1785823556870 1735080 3630000 2305552
1785823556905 1735080 3630000 2305552
1785823556938 1735080 3630000 2305552
1785823556970 1735080 3630000 2305552
1785823557003 1735080 3630000 2305552
1785823557037 1735080 3630000 2305552
1785823557069 1735080 3630000 2305552
1785823557101 1735080 3630000 2305552
1785823557135 1735080 3630000 2305552
1785823557169 1735080 3630000 2305552
1785823557202 1735080 3630000 2305552
1785823557234 1735080 3630000 2305552
1785823557268 1735080 3630000 2305552
1785823557301 1735080 3630000 2305552
1785823557333 1735080 3630000 2305552
1785823557367 1735080 3630000 2305552
1785823557400 1735084 3630000 2305552
1785823557433 1735084 3630000 2305552
1785823557470 1735084 3630000 2305552
1785823557504 1735084 3630000 2305552
1785823557537 1735084 3630000 2305552
1785823557569 1735084 3630000 2305552
1785823557605 1735084 3630000 2305552
1785823557638 1735084 3630000 2305552
1785823557670 1735084 3630000 2305552
1785823557702 1735084 3630000 2305552
1785823557737 1735084 3630000 2305552
1785823557770 1735084 3630000 2305552
1785823557802 1735084 3630000 2305552
1785823557836 1735084 3630000 2305552
1785823557869 1735084 3630000 2305552
1785823557902 1735084 3630000 2305552
1785823557935 1735084 3630000 2305552
1785823557972 1735084 3630000 2305552
1785823558006 1735084 3630000 2305552
1785823558039 1735084 3630000 2305552
1785823558072 1735084 3630000 2305552
1785823558107 1735084 3630000 2305552
1785823558143 1735084 3630000 2305552
1785823558177 1735084 3630000 2305552
1785823558210 1742568 3630000 2305552
1785823558242 1756904 3630000 2305552
1785823558272 1784108 3630000 2305552
1785823558306 1784108 3630000 2305552
1785823558337 1795816 3630000 2305552
1785823558368 1808684 3630000 2305552
1785823558405 1882412 3630000 2305552
1785823558439 1882412 3630000 2305552
1785823558471 1882412 3630000 2305552
1785823558505 1882412 3630000 2305552
1785823558539 1882412 3630000 2305552
1785823558570 1882412 3630000 2305552
1785823558603 1882412 3630000 2305552
1785823558634 1882412 3630000 2305552
1785823558666 1882412 3630000 2305552
1785823558701 1735084 3630000 2305552
1785823558733 1735084 3630000 2305552
1785823558765 1735084 3630000 2305552
1785823558797 1735084 3630000 2305552
1785823558829 1735084 3630000 2305552
1785823558861 1735084 3630000 2305552
1785823558892 1735088 3630000 2305552
1785823558924 1735088 3630000 2305552
1785823558955 1735088 3630000 2305552
1785823558987 1735088 3630000 2305552
1785823559019 1735088 3630000 2305552
1785823559052 1735088 3630000 2305552
1785823559084 1735088 3630000 2305552
1785823559116 1735088 3630000 2305552
1785823559149 1735088 3630000 2305552
1785823559181 1735092 3630000 2305552
1785823559214 1735092 3630000 2305552
1785823559247 1735092 3630000 2305552
1785823559279 1735096 3630000 2305552
1785823559310 1735100 3630000 2305552
1785823559343 1735108 3630000 2305552
1785823559376 1735108 3630000 2305552
1785823559408 1735112 3630000 2305552
1785823559441 1735112 3630000 2305552
1785823559474 1735112 3630000 2305552
1785823559507 1735112 3630000 2305552
1785823559543 1735112 3630000 2305552
1785823559578 1735112 3630000 2305552
1785823559611 1735112 3630000 2305552
1785823559644 1735112 3630000 2305552
1785823559680 1735112 3630000 2305552
1785823559713 1735112 3630000 2305552
1785823559745 1735112 3630000 2305552
1785823559777 1740760 3630000 2305552
1785823559813 1747272 3630000 2305552
1785823559845 1747272 3630000 2305552
1785823559877 1747272 3630000 2305552
1785823559910 1765704 3630000 2305552
1785823559944 1765704 3630000 2305552
1785823559976 1765704 3630000 2305552
1785823560010 1765704 3630000 2305552
1785823560044 1765704 3630000 2305552
1785823560079 1765704 3630000 2305552
1785823560113 1765704 3630000 2305552
1785823560146 1765704 3630000 2305552
1785823560182 1765704 3630000 2305552
1785823560216 1765704 3630000 2305552
1785823560249 1765704 3630000 2305552
1785823560282 1765704 3630000 2305552
1785823560315 1765704 3630000 2305552
1785823560348 1765704 3630000 2305552
1785823560380 1765704 3630000 2305552
1785823560412 1765704 3630000 2305552
1785823560445 1765704 3630000 2305552
1785823560478 1765704 3630000 2305552
1785823560511 1765704 3630000 2305552
1785823560544 1765704 3630000 2305552
1785823560577 1765704 3630000 2305552
1785823560610 1765704 3630000 2305552
1785823560642 1765704 3630000 2305552
1785823560676 1765704 3630000 2305552
1785823560709 1765704 3630000 2305552
1785823560742 1765704 3630000 2305552
1785823560775 1765704 3630000 2305552
1785823560808 1765704 3630000 2305552
1785823560841 1765704 3630000 2305552
1785823560874 1765704 3630000 2305552
1785823560907 1765704 3630000 2305552
1785823560939 1765704 3630000 2305552
1785823560972 1765704 3630000 2305552
1785823561006 1765704 3630000 2305552
1785823561038 1765704 3630000 2305552
1785823561071 1765704 3630000 2305552
1785823561104 1765704 3630000 2305552
1785823561137 1765704 3630000 2305552
1785823561170 1765704 3630000 2305552
1785823561203 1765704 3630000 2305552
1785823561236 1765704 3630000 2305552
1785823561268 1765704 3630000 2305552
1785823561301 1765704 3630000 2305552
1785823561334 1765704 3630000 2305552
1785823561367 1765704 3630000 2305552
1785823561399 1765704 3630000 2305552
1785823561431 1765704 3630000 2305552
1785823561464 1765704 3630000 2305552
1785823561496 1765704 3630000 2305552
1785823561528 1765712 3630000 2305552
1785823561560 1765712 3630000 2305552
1785823561592 1765712 3630000 2305552
1785823561624 1765712 3630000 2305552
1785823561655 1765712 3630000 2305552
1785823561687 1765712 3630000 2305552
1785823561719 1765712 3630000 2305552
1785823561750 1765712 3630000 2305552
1785823561784 1765712 3630000 2305552
1785823561817 1765712 3630000 2305552
1785823561850 1765712 3630000 2305552
1785823561882 1765712 3630000 2305552
1785823561914 1765712 3630000 2305552
1785823561946 1765712 3630000 2305552
1785823561978 1765712 3630000 2305552
1785823562010 1765712 3630000 2305552
1785823562043 1765712 3630000 2305552
1785823562076 1765712 3630000 2305552
1785823562109 1765712 3630000 2305552
1785823562141 1765712 3630000 2305552
1785823562175 1765712 3630000 2305552
1785823562209 1765712 3630000 2305552
1785823562242 1765712 3630000 2305552
1785823562275 1765712 3630000 2305552
1785823562311 1765716 3630000 2305552
1785823562346 1765716 3630000 2305552
1785823562379 1765716 3630000 2305552
1785823562412 1765716 3630000 2305552
1785823562447 1765716 3630000 2305552
1785823562480 1765716 3630000 2305552
1785823562512 1765716 3630000 2305552
1785823562544 1765716 3630000 2305552
1785823562579 1765716 3630000 2305552
1785823562611 1765716 3630000 2305552
1785823562643 1765716 3630000 2305552
1785823562677 1765716 3630000 2305552
1785823562711 1765716 3630000 2305552
1785823562744 1765716 3630000 2305552
1785823562777 1765716 3630000 2305552
1785823562812 1765716 3630000 2305552
1785823562845 1765716 3630000 2305552
1785823562878 1765716 3630000 2305552
1785823562910 1765716 3630000 2305552
1785823562943 1765716 3630000 2305552
1785823562977 1765716 3630000 2305552
1785823563011 1765716 3630000 2305552
1785823563044 1765716 3630000 2305552
1785823563078 1765716 3630000 2305552
1785823563109 1765716 3630000 2305552
1785823563145 1765716 3630000 2305552
1785823563178 1765716 3630000 2305552
1785823563211 1765716 3630000 2305552
1785823563243 1765716 3630000 2305552
1785823563278 1765716 3630000 2305552
1785823563310 1765716 3630000 2305552
1785823563342 1765716 3630000 2305552
1785823563375 1765716 3630000 2305552
1785823563408 1765716 3630000 2305552
1785823563441 1765716 3630000 2305552
1785823563473 1765716 3630000 2305552
1785823563507 1765716 3630000 2305552
1785823563541 1765716 3630000 2305552
1785823563574 1765716 3630000 2305552
1785823563607 1765716 3630000 2305552
1785823563643 1765716 3630000 2305552
1785823563676 1765716 3630000 2305552
1785823563709 1765716 3630000 2305552
1785823563741 1765716 3630000 2305552
1785823563777 1765716 3630000 2305552
1785823563812 1765716 3630000 2305552
1785823563846 1765716 3630000 2305552
1785823563878 1765716 3630000 2305552
1785823563909 1765716 3630000 2305552
1785823563943 1784148 3630000 2305552
1785823563976 1787664 3630000 2305552
1785823564007 1802000 3630000 2305552
1785823564039 1833300 3630000 2305552
1785823564076 1882452 3630000 2305552
1785823564110 1882452 3630000 2305552
1785823564142 1882452 3630000 2305552
1785823564175 1882452 3630000 2305552
1785823564206 1882452 3630000 2305552
1785823564238 1882452 3630000 2305552
1785823564270 1882452 3630000 2305552
1785823564301 1882452 3630000 2305552
1785823564332 1882452 3630000 2305552
1785823564366 1882452 3630000 2305552
1785823564399 1882452 3630000 2305552
1785823564431 1882452 3630000 2305552
1785823564463 1882452 3630000 2305552
1785823564494 1882452 3630000 2305552
1785823564526 1882452 3630000 2305552
1785823564557 1735132 3630000 2305552
1785823564589 1735132 3630000 2305552
1785823564620 1735132 3630000 2305552
1785823564651 1735132 3630000 2305552
1785823564683 1735132 3630000 2305552
1785823564715 1735132 3630000 2305552
1785823564747 1735132 3630000 2305552
1785823564778 1735132 3630000 2305552
1785823564810 1735132 3630000 2305552
1785823564841 1735132 3630000 2305552
1785823564872 1735132 3630000 2305552
1785823564905 1735132 3630000 2305552
1785823564936 1735136 3630000 2305552
1785823564968 1735140 3630000 2305552
1785823565000 1735144 3630000 2305552
1785823565032 1735144 3630000 2305552
1785823565065 1735144 3630000 2305552
1785823565099 1735144 3630000 2305552
1785823565133 1735144 3630000 2305552
1785823565165 1735148 3630000 2305552
1785823565197 1735152 3630000 2305552
1785823565229 1759600 3630000 2305552
1785823565263 1759600 3630000 2305552
1785823565295 1759600 3630000 2305552
1785823565326 1768528 3630000 2305552
1785823565357 1808756 3630000 2305552
1785823565391 1808756 3630000 2305552
1785823565425 1808756 3630000 2305552
1785823565457 1808756 3630000 2305552
1785823565492 1808756 3630000 2305552
1785823565526 1808756 3630000 2305552
1785823565559 1808756 3630000 2305552
1785823565591 1808756 3630000 2305552
1785823565627 1808756 3630000 2305552
1785823565660 1808756 3630000 2305552
1785823565692 1808756 3630000 2305552
1785823565724 1808756 3630000 2305552
1785823565759 1808756 3630000 2305552
1785823565792 1808756 3630000 2305552
1785823565824 1808756 3630000 2305552
1785823565856 1808756 3630000 2305552
1785823565890 1808756 3630000 2305552
1785823565924 1808756 3630000 2305552
1785823565956 1808756 3630000 2305552
1785823565989 1808756 3630000 2305552
1785823566021 1808756 3630000 2305552
1785823566053 1808756 3630000 2305552
1785823566085 1808756 3630000 2305552
1785823566117 1808756 3630000 2305552
1785823566150 1808756 3630000 2305552
1785823566182 1808756 3630000 2305552
1785823566214 1808756 3630000 2305552
1785823566246 1808756 3630000 2305552
1785823566279 1808756 3630000 2305552
1785823566311 1808756 3630000 2305552
1785823566344 1808756 3630000 2305552
1785823566376 1808756 3630000 2305552
1785823566408 1808756 3630000 2305552
1785823566440 1808756 3630000 2305552
1785823566473 1808756 3630000 2305552
1785823566506 1808756 3630000 2305552
1785823566538 1808756 3630000 2305552
1785823566571 1808756 3630000 2305552
1785823566603 1808756 3630000 2305552
1785823566636 1808756 3630000 2305552
1785823566668 1808756 3630000 2305552
1785823566701 1808756 3630000 2305552
1785823566734 1808756 3630000 2305552
1785823566767 1808756 3630000 2305552
1785823566799 1808756 3630000 2305552
1785823566832 1808756 3630000 2305552
1785823566864 1808756 3630000 2305552
1785823566896 1808756 3630000 2305552
1785823566929 1808756 3630000 2305552
1785823566962 1808756 3630000 2305552
1785823566995 1808756 3630000 2305552
1785823567028 1808756 3630000 2305552
1785823567061 1808756 3630000 2305552
1785823567094 1808756 3630000 2305552
1785823567126 1808756 3630000 2305552
1785823567158 1808756 3630000 2305552
1785823567190 1808756 3630000 2305552
1785823567223 1808760 3630000 2305552
1785823567255 1808760 3630000 2305552
1785823567287 1808760 3630000 2305552
1785823567319 1808760 3630000 2305552
1785823567351 1808760 3630000 2305552
1785823567382 1808760 3630000 2305552
1785823567414 1808760 3630000 2305552
1785823567445 1808760 3630000 2305552
1785823567477 1808760 3630000 2305552
1785823567512 1808760 3630000 2305552
1785823567545 1808760 3630000 2305552
1785823567578 1808760 3630000 2305552
1785823567611 1808760 3630000 2305552
1785823567643 1808760 3630000 2305552
1785823567674 1808760 3630000 2305552
1785823567705 1808760 3630000 2305552
1785823567738 1808760 3630000 2305552
1785823567771 1808760 3630000 2305552
1785823567805 1808760 3630000 2305552
1785823567839 1808760 3630000 2305552
1785823567872 1808760 3630000 2305552
1785823567905 1808760 3630000 2305552
1785823567940 1808760 3630000 2305552
1785823567973 1808760 3630000 2305552
1785823568005 1808760 3630000 2305552
1785823568039 1808760 3630000 2305552
1785823568073 1808760 3630000 2305552
1785823568105 1808760 3630000 2305552
1785823568139 1808760 3630000 2305552
1785823568173 1808760 3630000 2305552
1785823568206 1808760 3630000 2305552
1785823568239 1808760 3630000 2305552
1785823568273 1808760 3630000 2305552
1785823568309 1808764 3630000 2305552
1785823568343 1808764 3630000 2305552
1785823568375 1808764 3630000 2305552
1785823568408 1808764 3630000 2305552
1785823568443 1808764 3630000 2305552
1785823568476 1808764 3630000 2305552
1785823568508 1808764 3630000 2305552
1785823568540 1808764 3630000 2305552
1785823568575 1808764 3630000 2305552
1785823568609 1808764 3630000 2305552
1785823568642 1808764 3630000 2305552
1785823568675 1808764 3630000 2305552
1785823568708 1808764 3630000 2305552
1785823568741 1808764 3630000 2305552
1785823568775 1808764 3630000 2305552
1785823568808 1808764 3630000 2305552
1785823568839 1808764 3630000 2305552
1785823568871 1808768 3630000 2305552
1785823568906 1808768 3630000 2305552
1785823568939 1808768 3630000 2305552
1785823568971 1808768 3630000 2305552
1785823569002 1808768 3630000 2305552
1785823569035 1808768 3630000 2305552
1785823569068 1808768 3630000 2305552
1785823569100 1808768 3630000 2305552
1785823569133 1808768 3630000 2305552
1785823569166 1808768 3630000 2305552
1785823569198 1808768 3630000 2305552
1785823569231 1808768 3630000 2305552
1785823569264 1808768 3630000 2305552
1785823569298 1808768 3630000 2305552
1785823569330 1808768 3630000 2305552
1785823569364 1808768 3630000 2305552
1785823569399 1808768 3630000 2305552
1785823569434 1808768 3630000 2305552
1785823569468 1808768 3630000 2305552
1785823569501 1808768 3630000 2305552
1785823569536 1808768 3630000 2305552
1785823569569 1808768 3630000 2305552
1785823569604 1808768 3630000 2305552
1785823569637 1808768 3630000 2305552
1785823569668 1808768 3630000 2305552
1785823569699 1827200 3630000 2305552
1785823569732 1827200 3630000 2305552
1785823569759 1834812 3630000 2305552
1785823569790 1849148 3630000 2305552
1785823569827 1911648 3630000 2305552
1785823569865 1925504 3630000 2305552
1785823569899 1925504 3630000 2305552
1785823569932 1925504 3630000 2305552
1785823569966 1925504 3630000 2305552
1785823569998 1925504 3630000 2305552
1785823570030 1925504 3630000 2305552
1785823570060 1925504 3630000 2305552
1785823570092 1925504 3630000 2305552
1785823570126 1925504 3630000 2305552
1785823570160 1925504 3630000 2305552
1785823570192 1925504 3630000 2305552
1785823570224 1925504 3630000 2305552
1785823570257 1925504 3630000 2305552
1785823570289 1925504 3630000 2305552
1785823570321 1877064 3630000 2305552
1785823570351 1778176 3630000 2305552
1785823570382 1778176 3630000 2305552
1785823570412 1778176 3630000 2305552
1785823570443 1778176 3630000 2305552
1785823570475 1778176 3630000 2305552
1785823570506 1778176 3630000 2305552
1785823570538 1778176 3630000 2305552
1785823570569 1778180 3630000 2305552
1785823570601 1778184 3630000 2305552
1785823570632 1778184 3630000 2305552
1785823570664 1778188 3630000 2305552
1785823570696 1778188 3630000 2305552
1785823570727 1778188 3630000 2305552
1785823570759 1778192 3630000 2305552
1785823570791 1778192 3630000 2305552
1785823570823 1778196 3630000 2305552
1785823570855 1778196 3630000 2305552
1785823570888 1778196 3630000 2305552
1785823570920 1778196 3630000 2305552
1785823570952 1778196 3630000 2305552
1785823570985 1778196 3630000 2305552
1785823571019 1778196 3630000 2305552
1785823571051 1778196 3630000 2305552
1785823571084 1778196 3630000 2305552
1785823571117 1784212 3630000 2305552
1785823571151 1784212 3630000 2305552
1785823571184 1784212 3630000 2305552
1785823571217 1784212 3630000 2305552
1785823571253 1808788 3630000 2305552
1785823571287 1808788 3630000 2305552
1785823571320 1808788 3630000 2305552
1785823571353 1808788 3630000 2305552
1785823571388 1808792 3630000 2305552
1785823571422 1808792 3630000 2305552
1785823571454 1808792 3630000 2305552
1785823571486 1808792 3630000 2305552
1785823571522 1808792 3630000 2305552
1785823571555 1808792 3630000 2305552
1785823571588 1808792 3630000 2305552
1785823571619 1808792 3630000 2305552
1785823571653 1735192 3630000 2305552
1785823571687 1735192 3630000 2305552
1785823571719 1735192 3630000 2305552
1785823571752 1735192 3630000 2305552
1785823571785 1735192 3630000 2305552
1785823571817 1735192 3630000 2305552
1785823571849 1735192 3630000 2305552
1785823571881 1735192 3630000 2305552
1785823571913 1735192 3630000 2305552
1785823571946 1735192 3630000 2305552
1785823571978 1735192 3630000 2305552
1785823572010 1735192 3630000 2305552
1785823572043 1735192 3630000 2305552
1785823572075 1735192 3630000 2305552
1785823572107 1735192 3630000 2305552
1785823572139 1735192 3630000 2305552
1785823572171 1735192 3630000 2305552
1785823572204 1735192 3630000 2305552
1785823572236 1735192 3630000 2305552
1785823572268 1735192 3630000 2305552
1785823572301 1735192 3630000 2305552
1785823572333 1735192 3630000 2305552
1785823572366 1735192 3630000 2305552
1785823572399 1735192 3630000 2305552
1785823572432 1735192 3630000 2305552
1785823572464 1735192 3630000 2305552
1785823572496 1735192 3630000 2305552
1785823572529 1735192 3630000 2305552
1785823572562 1735192 3630000 2305552
1785823572594 1735192 3630000 2305552
1785823572627 1735192 3630000 2305552
1785823572660 1735192 3630000 2305552
1785823572693 1735192 3630000 2305552
1785823572725 1735192 3630000 2305552
1785823572758 1735192 3630000 2305552
1785823572791 1735192 3630000 2305552
1785823572823 1735192 3630000 2305552
1785823572856 1735192 3630000 2305552
1785823572888 1735192 3630000 2305552
1785823572921 1735192 3630000 2305552
1785823572953 1735200 3630000 2305552
1785823572986 1735200 3630000 2305552
1785823573018 1735200 3630000 2305552
1785823573050 1735200 3630000 2305552
1785823573081 1735200 3630000 2305552
1785823573112 1738588 3630000 2305552
1785823573144 1752924 3630000 2305552
1785823573175 1765212 3630000 2305552
1785823573206 1771936 3630000 2305552
1785823573241 1771936 3630000 2305552
1785823573273 1771936 3630000 2305552
1785823573306 1771936 3630000 2305552
1785823573338 1771936 3630000 2305552
1785823573370 1771936 3630000 2305552
1785823573402 1771936 3630000 2305552
1785823573434 1771936 3630000 2305552
1785823573467 1771936 3630000 2305552
1785823573501 1771936 3630000 2305552
1785823573535 1771936 3630000 2305552
1785823573568 1771936 3630000 2305552
1785823573601 1771936 3630000 2305552
1785823573638 1771940 3630000 2305552
1785823573671 1771940 3630000 2305552
1785823573704 1771940 3630000 2305552
1785823573736 1784228 3630000 2305552
1785823573771 1802660 3630000 2305552
1785823573804 1802660 3630000 2305552
1785823573836 1802660 3630000 2305552
1785823573869 1802660 3630000 2305552
1785823573903 1802660 3630000 2305552
1785823573936 1802660 3630000 2305552
1785823573969 1802660 3630000 2305552
1785823574005 1802660 3630000 2305552
1785823574039 1802660 3630000 2305552
1785823574072 1802660 3630000 2305552
1785823574105 1802660 3630000 2305552
1785823574141 1808804 3630000 2305552
1785823574174 1808804 3630000 2305552
1785823574206 1808804 3630000 2305552
1785823574239 1808804 3630000 2305552
1785823574273 1808804 3630000 2305552
1785823574306 1735204 3630000 2305552
1785823574338 1735204 3630000 2305552
1785823574372 1735204 3630000 2305552
1785823574405 1735204 3630000 2305552
1785823574438 1735204 3630000 2305552
1785823574472 1735208 3630000 2305552
1785823574504 1747792 3630000 2305552
1785823574536 1765800 3630000 2305552
1785823574569 1778088 3630000 2305552
1785823574605 1802664 3630000 2305552
1785823574638 1802664 3630000 2305552
1785823574669 1802664 3630000 2305552
1785823574701 1802664 3630000 2305552
1785823574735 1802664 3630000 2305552
1785823574768 1802664 3630000 2305552
1785823574799 1802664 3630000 2305552
1785823574832 1821096 3630000 2305552
1785823574866 1821096 3630000 2305552
1785823574898 1821096 3630000 2305552
1785823574931 1821096 3630000 2305552
1785823574963 1864104 3630000 2305552
1785823574997 1864104 3630000 2305552
1785823575029 1864104 3630000 2305552
1785823575061 1864104 3630000 2305552
1785823575095 1864104 3630000 2305552
1785823575130 1864104 3630000 2305552
1785823575162 1864104 3630000 2305552
1785823575196 1864104 3630000 2305552
1785823575232 1864104 3630000 2305552
1785823575265 1744424 3630000 2305552
1785823575296 1767268 3630000 2305552
1785823575329 1781604 3630000 2305552
1785823575361 1795940 3630000 2305552
1785823575394 1832984 3630000 2305552
1785823575427 1847140 3630000 2305552
1785823575460 1861476 3630000 2305552
1785823575491 1875812 3630000 2305552
1785823575524 1907112 3630000 2305552
1785823575559 1907240 3630000 2305552
1785823575593 1907240 3630000 2305552
1785823575625 1833512 3630000 2305552
1785823575659 1735208 3630000 2305552
1785823575691 1735208 3630000 2305552
1785823575723 1735208 3630000 2305552
1785823575753 1742692 3630000 2305552
1785823575784 1757028 3630000 2305552
1785823575815 1771364 3630000 2305552
1785823575850 1771944 3630000 2305552
1785823575883 1771944 3630000 2305552
1785823575916 1771944 3630000 2305552
1785823575948 1771944 3630000 2305552
1785823575981 1771944 3630000 2305552
1785823576014 1771944 3630000 2305552
1785823576046 1771944 3630000 2305552
1785823576078 1771948 3630000 2305552
1785823576109 1771948 3630000 2305552
1785823576141 1771948 3630000 2305552
1785823576174 1771948 3630000 2305552
1785823576206 1771948 3630000 2305552
1785823576239 1771948 3630000 2305552
1785823576270 1771948 3630000 2305552
1785823576302 1771948 3630000 2305552
1785823576334 1771948 3630000 2305552
1785823576366 1771952 3630000 2305552
1785823576397 1771952 3630000 2305552
1785823576429 1771952 3630000 2305552
1785823576461 1771956 3630000 2305552
1785823576493 1771964 3630000 2305552
1785823576526 1771964 3630000 2305552
1785823576559 1771964 3630000 2305552
1785823576593 1771964 3630000 2305552
1785823576626 1771964 3630000 2305552
1785823576655 1784252 3630000 2305552
1785823576687 1790396 3630000 2305552
1785823576723 1808828 3630000 2305552
1785823576757 1808828 3630000 2305552
1785823576789 1808828 3630000 2305552
1785823576821 1820372 3630000 2305552
1785823576858 1833404 3630000 2305552
1785823576889 1833404 3630000 2305552
1785823576919 1833404 3630000 2305552
1785823576951 1864124 3630000 2305552
1785823576985 1870268 3630000 2305552
1785823577017 1870268 3630000 2305552
1785823577049 1870268 3630000 2305552
1785823577082 1870268 3630000 2305552
1785823577115 1870268 3630000 2305552
1785823577147 1870268 3630000 2305552
1785823577180 1870268 3630000 2305552
1785823577214 1870268 3630000 2305552
1785823577246 1870268 3630000 2305552
1785823577278 1870268 3630000 2305552
1785823577309 1870268 3630000 2305552
1785823577342 1870268 3630000 2305552
1785823577375 1870268 3630000 2305552
1785823577408 1870268 3630000 2305552
1785823577441 1870268 3630000 2305552
1785823577475 1870268 3630000 2305552
1785823577508 1870268 3630000 2305552
1785823577541 1870268 3630000 2305552
1785823577574 1870268 3630000 2305552
1785823577607 1870268 3630000 2305552
1785823577640 1870268 3630000 2305552
1785823577672 1870268 3630000 2305552
1785823577705 1870268 3630000 2305552
1785823577738 1870268 3630000 2305552
1785823577771 1870268 3630000 2305552
1785823577804 1870268 3630000 2305552
1785823577837 1870268 3630000 2305552
1785823577870 1870268 3630000 2305552
1785823577903 1870268 3630000 2305552
1785823577936 1870268 3630000 2305552
1785823577968 1870268 3630000 2305552
1785823578001 1870268 3630000 2305552
1785823578033 1870268 3630000 2305552
1785823578066 1870268 3630000 2305552
1785823578099 1870268 3630000 2305552
1785823578131 1870268 3630000 2305552
1785823578163 1870268 3630000 2305552
1785823578195 1870268 3630000 2305552
1785823578227 1870268 3630000 2305552
1785823578260 1870268 3630000 2305552
1785823578292 1870268 3630000 2305552
1785823578326 1870268 3630000 2305552
1785823578357 1870268 3630000 2305552
1785823578390 1870268 3630000 2305552
1785823578422 1870268 3630000 2305552
1785823578454 1870268 3630000 2305552
1785823578487 1870268 3630000 2305552
1785823578519 1870268 3630000 2305552
1785823578552 1870268 3630000 2305552
1785823578584 1870268 3630000 2305552
1785823578617 1870268 3630000 2305552
1785823578649 1870268 3630000 2305552
1785823578682 1870276 3630000 2305552
1785823578715 1870280 3630000 2305552
1785823578746 1870280 3630000 2305552
1785823578779 1870280 3630000 2305552
1785823578810 1870280 3630000 2305552
1785823578841 1870280 3630000 2305552
1785823578873 1870280 3630000 2305552
1785823578904 1870280 3630000 2305552
1785823578937 1870280 3630000 2305552
1785823578971 1870280 3630000 2305552
1785823579003 1870280 3630000 2305552
1785823579036 1870280 3630000 2305552
1785823579068 1870280 3630000 2305552
1785823579100 1870280 3630000 2305552
1785823579132 1870280 3630000 2305552
1785823579164 1870280 3630000 2305552
1785823579197 1870280 3630000 2305552
1785823579230 1870280 3630000 2305552
1785823579265 1870280 3630000 2305552
1785823579299 1870280 3630000 2305552
1785823579332 1870280 3630000 2305552
1785823579364 1870288 3630000 2305552
1785823579400 1870288 3630000 2305552
1785823579433 1870288 3630000 2305552
1785823579465 1870288 3630000 2305552
1785823579498 1870288 3630000 2305552
1785823579532 1870288 3630000 2305552
1785823579564 1870288 3630000 2305552
1785823579597 1870288 3630000 2305552
1785823579632 1870288 3630000 2305552
1785823579666 1870288 3630000 2305552
1785823579700 1870288 3630000 2305552
1785823579734 1870288 3630000 2305552
1785823579771 1870288 3630000 2305552
1785823579805 1870288 3630000 2305552
1785823579839 1870288 3630000 2305552
1785823579871 1870288 3630000 2305552
1785823579906 1870288 3630000 2305552
1785823579939 1870288 3630000 2305552
1785823579971 1870288 3630000 2305552
1785823580003 1870288 3630000 2305552
1785823580037 1870288 3630000 2305552
1785823580071 1870288 3630000 2305552
1785823580104 1870288 3630000 2305552
1785823580137 1870288 3630000 2305552
1785823580171 1870288 3630000 2305552
1785823580205 1870288 3630000 2305552
1785823580238 1870288 3630000 2305552
1785823580271 1870288 3630000 2305552
1785823580302 1870288 3630000 2305552
1785823580337 1870288 3630000 2305552
1785823580371 1870288 3630000 2305552
1785823580404 1870288 3630000 2305552
1785823580437 1870288 3630000 2305552
1785823580473 1870288 3630000 2305552
1785823580507 1870288 3630000 2305552
1785823580540 1870288 3630000 2305552
1785823580572 1870288 3630000 2305552
1785823580608 1870288 3630000 2305552
1785823580641 1870288 3630000 2305552
1785823580674 1870288 3630000 2305552
1785823580706 1887952 3630000 2305552
1785823580740 1894096 3630000 2305552
1785823580773 1894096 3630000 2305552
1785823580805 1894096 3630000 2305552
1785823580839 1894096 3630000 2305552
1785823580872 1894096 3630000 2305552
1785823580905 1894096 3630000 2305552
1785823580939 1894096 3630000 2305552
1785823580974 1894096 3630000 2305552
1785823581008 1820496 3630000 2305552
1785823581043 1820496 3630000 2305552
1785823581076 1822604 3630000 2305552
1785823581109 1836940 3630000 2305552
1785823581142 1873804 3630000 2305552
1785823581175 1888140 3630000 2305552
1785823581207 1902476 3630000 2305552
1785823581238 1914764 3630000 2305552
1785823581268 1943248 3630000 2305552
1785823581303 1869648 3630000 2305552
1785823581337 1869648 3630000 2305552
1785823581369 1869648 3630000 2305552
1785823581402 1869648 3630000 2305552
1785823581435 1869648 3630000 2305552
1785823581468 1869648 3630000 2305552
1785823581499 1869648 3630000 2305552
1785823581531 1869648 3630000 2305552
1785823581562 1869648 3630000 2305552
1785823581596 1869648 3630000 2305552
1785823581629 1869648 3630000 2305552
1785823581662 1869648 3630000 2305552
1785823581694 1869648 3630000 2305552
1785823581727 1869648 3630000 2305552
1785823581759 1869648 3630000 2305552
1785823581791 1869648 3630000 2305552
1785823581823 1869648 3630000 2305552
1785823581855 1869648 3630000 2305552
1785823581887 1869648 3630000 2305552
1785823581919 1869648 3630000 2305552
1785823581952 1869648 3630000 2305552
1785823581983 1869648 3630000 2305552
1785823582016 1869648 3630000 2305552
1785823582048 1869648 3630000 2305552
1785823582080 1869652 3630000 2305552
1785823582112 1869652 3630000 2305552
1785823582145 1869652 3630000 2305552
1785823582177 1869660 3630000 2305552
1785823582209 1869664 3630000 2305552
1785823582241 1869664 3630000 2305552
1785823582274 1869664 3630000 2305552
1785823582307 1869664 3630000 2305552
1785823582341 1869664 3630000 2305552
1785823582374 1869664 3630000 2305552
1785823582407 1869664 3630000 2305552
1785823582441 1869672 3630000 2305552
1785823582475 1869672 3630000 2305552
1785823582508 1869672 3630000 2305552
1785823582542 1869672 3630000 2305552
1785823582578 1875688 3630000 2305552
1785823582611 1875688 3630000 2305552
1785823582644 1875688 3630000 2305552
1785823582677 1881832 3630000 2305552
1785823582713 1900264 3630000 2305552
1785823582747 1900264 3630000 2305552
1785823582779 1900264 3630000 2305552
1785823582811 1912552 3630000 2305552
1785823582846 1912552 3630000 2305552
1785823582879 1912552 3630000 2305552
1785823582912 1912552 3630000 2305552
1785823582946 1912552 3630000 2305552
1785823582980 1912552 3630000 2305552
1785823583014 1912552 3630000 2305552
1785823583047 1912552 3630000 2305552
1785823583084 1912552 3630000 2305552
1785823583118 1912552 3630000 2305552
1785823583151 1912552 3630000 2305552
1785823583185 1912552 3630000 2305552
1785823583218 1912552 3630000 2305552
1785823583251 1912552 3630000 2305552
1785823583284 1912552 3630000 2305552
1785823583317 1912552 3630000 2305552
1785823583350 1912552 3630000 2305552
1785823583383 1912552 3630000 2305552
1785823583415 1912552 3630000 2305552
1785823583448 1912552 3630000 2305552
1785823583481 1912552 3630000 2305552
1785823583514 1912552 3630000 2305552
1785823583547 1912552 3630000 2305552
1785823583579 1912552 3630000 2305552
1785823583612 1912552 3630000 2305552
1785823583645 1912552 3630000 2305552
1785823583677 1912552 3630000 2305552
1785823583710 1912552 3630000 2305552
1785823583743 1912552 3630000 2305552
1785823583776 1912552 3630000 2305552
1785823583808 1912552 3630000 2305552
1785823583841 1912552 3630000 2305552
1785823583874 1912556 3630000 2305552
1785823583907 1912556 3630000 2305552
1785823583940 1912556 3630000 2305552
1785823583972 1912556 3630000 2305552
1785823584005 1912556 3630000 2305552
1785823584038 1912556 3630000 2305552
1785823584071 1912556 3630000 2305552
1785823584103 1912556 3630000 2305552
1785823584136 1912556 3630000 2305552
1785823584169 1912556 3630000 2305552
1785823584202 1912556 3630000 2305552
1785823584235 1912556 3630000 2305552
1785823584267 1820524 3630000 2305552
1785823584300 1820524 3630000 2305552
1785823584332 1820524 3630000 2305552
1785823584365 1820524 3630000 2305552
1785823584398 1820524 3630000 2305552
1785823584430 1820528 3630000 2305552
1785823584463 1820532 3630000 2305552
1785823584495 1820532 3630000 2305552
1785823584526 1820532 3630000 2305552
1785823584558 1820532 3630000 2305552
1785823584589 1820532 3630000 2305552
1785823584621 1820532 3630000 2305552
1785823584653 1820532 3630000 2305552
1785823584687 1820532 3630000 2305552
1785823584720 1820532 3630000 2305552
1785823584753 1820532 3630000 2305552
1785823584785 1820532 3630000 2305552
1785823584817 1820532 3630000 2305552
1785823584849 1820532 3630000 2305552
1785823584880 1820532 3630000 2305552
1785823584913 1820532 3630000 2305552
1785823584946 1820532 3630000 2305552
1785823584980 1820532 3630000 2305552
1785823585014 1820532 3630000 2305552
1785823585047 1820532 3630000 2305552
1785823585079 1826548 3630000 2305552
1785823585115 1844980 3630000 2305552
1785823585148 1844980 3630000 2305552
1785823585179 1844980 3630000 2305552
1785823585211 1844980 3630000 2305552
1785823585246 1869556 3630000 2305552
1785823585280 1869556 3630000 2305552
1785823585313 1869556 3630000 2305552
1785823585345 1869556 3630000 2305552
1785823585380 1869556 3630000 2305552
1785823585413 1869556 3630000 2305552
1785823585446 1869556 3630000 2305552
1785823585480 1881848 3630000 2305552
1785823585515 1881848 3630000 2305552
1785823585548 1881848 3630000 2305552
1785823585580 1881848 3630000 2305552
1785823585615 1881848 3630000 2305552
1785823585649 1881848 3630000 2305552
1785823585682 1881848 3630000 2305552
1785823585714 1881848 3630000 2305552
1785823585750 1881848 3630000 2305552
1785823585784 1881848 3630000 2305552
1785823585817 1881848 3630000 2305552
1785823585850 1881848 3630000 2305552
1785823585885 1881848 3630000 2305552
1785823585918 1881848 3630000 2305552
1785823585953 1881848 3630000 2305552
1785823585987 1881848 3630000 2305552
1785823586019 1881848 3630000 2305552
1785823586052 1881848 3630000 2305552
1785823586087 1900280 3630000 2305552
1785823586120 1900280 3630000 2305552
1785823586153 1900280 3630000 2305552
1785823586186 1900280 3630000 2305552
1785823586221 1900280 3630000 2305552
1785823586254 1900280 3630000 2305552
1785823586287 1900280 3630000 2305552
1785823586319 1912568 3630000 2305552
1785823586353 1912568 3630000 2305552
1785823586385 1912568 3630000 2305552
1785823586418 1912568 3630000 2305552
1785823586452 1931000 3630000 2305552
1785823586487 1931000 3630000 2305552
1785823586522 1931000 3630000 2305552
1785823586555 1931000 3630000 2305552
1785823586591 1931000 3630000 2305552
1785823586625 1931000 3630000 2305552
1785823586657 1931000 3630000 2305552
1785823586690 1931000 3630000 2305552
1785823586725 1931000 3630000 2305552
1785823586757 1829752 3630000 2305552
1785823586792 1854200 3630000 2305552
1785823586825 1859508 3630000 2305552
1785823586856 1873844 3630000 2305552
1785823586888 1903352 3630000 2305552
1785823586921 1903352 3630000 2305552
1785823586954 1914804 3630000 2305552
1785823586985 1951668 3630000 2305552
1785823587023 2001656 3630000 2305552
1785823587060 2001656 3630000 2305552
1785823587093 2001656 3630000 2305552
1785823587126 2001656 3630000 2305552
1785823587160 2001656 3630000 2305552
1785823587192 2001656 3630000 2305552
1785823587224 2001656 3630000 2305552
1785823587256 2001656 3630000 2305552
1785823587288 2001656 3630000 2305552
1785823587324 2001656 3630000 2305552
1785823587357 2001656 3630000 2305552
1785823587390 2001656 3630000 2305552
1785823587422 2001656 3630000 2305552
1785823587454 2001656 3630000 2305552
1785823587486 2001656 3630000 2305552
1785823587518 2001656 3630000 2305552
1785823587550 2001660 3630000 2305552
1785823587582 2001660 3630000 2305552
1785823587614 2001660 3630000 2305552
1785823587647 2001660 3630000 2305552
1785823587679 2001660 3630000 2305552
1785823587712 2001660 3630000 2305552
1785823587744 2001660 3630000 2305552
1785823587777 2001660 3630000 2305552
1785823587810 2001664 3630000 2305552
1785823587843 2001664 3630000 2305552
1785823587876 2001664 3630000 2305552
1785823587908 2001668 3630000 2305552
1785823587940 2001672 3630000 2305552
1785823587972 2001672 3630000 2305552
1785823588005 2001676 3630000 2305552
1785823588038 2001676 3630000 2305552
1785823588073 2001676 3630000 2305552
1785823588105 2001676 3630000 2305552
1785823588139 2001676 3630000 2305552
1785823588173 2001676 3630000 2305552
1785823588208 2001676 3630000 2305552
1785823588242 2001676 3630000 2305552
1785823588276 2001676 3630000 2305552
1785823588313 2001676 3630000 2305552
1785823588347 2001676 3630000 2305552
1785823588380 2001676 3630000 2305552
1785823588412 2001680 3630000 2305552
1785823588447 2001680 3630000 2305552
1785823588480 2001680 3630000 2305552
1785823588513 2001680 3630000 2305552
1785823588545 2001680 3630000 2305552
1785823588579 2001680 3630000 2305552
1785823588612 2001680 3630000 2305552
1785823588645 2001680 3630000 2305552
1785823588679 2001680 3630000 2305552
1785823588713 2001680 3630000 2305552
1785823588747 2001680 3630000 2305552
1785823588780 2001680 3630000 2305552
1785823588817 2001680 3630000 2305552
1785823588851 2001680 3630000 2305552
1785823588885 2001680 3630000 2305552
1785823588918 2001680 3630000 2305552
1785823588951 2001680 3630000 2305552
1785823588984 2001680 3630000 2305552
1785823589016 2001680 3630000 2305552
1785823589049 2001684 3630000 2305552
1785823589082 2001684 3630000 2305552
1785823589115 2001684 3630000 2305552
1785823589148 2001684 3630000 2305552
1785823589181 2001684 3630000 2305552
1785823589214 2001684 3630000 2305552
1785823589246 2001684 3630000 2305552
1785823589279 2001684 3630000 2305552
1785823589312 2001684 3630000 2305552
1785823589345 2001684 3630000 2305552
1785823589377 2001684 3630000 2305552
1785823589411 2001684 3630000 2305552
1785823589444 2001684 3630000 2305552
1785823589476 2001684 3630000 2305552
1785823589509 2001684 3630000 2305552
1785823589541 2001684 3630000 2305552
1785823589575 2001684 3630000 2305552
1785823589608 2001684 3630000 2305552
1785823589641 2001684 3630000 2305552
1785823589674 2001684 3630000 2305552
1785823589707 2001684 3630000 2305552
1785823589740 2001684 3630000 2305552
1785823589772 2001684 3630000 2305552
1785823589805 2001684 3630000 2305552
1785823589838 2001684 3630000 2305552
1785823589871 2001684 3630000 2305552
1785823589904 2001684 3630000 2305552
1785823589937 2001684 3630000 2305552
1785823589970 2001684 3630000 2305552
1785823590003 2001684 3630000 2305552
1785823590035 2001684 3630000 2305552
1785823590067 2001684 3630000 2305552
1785823590101 2001684 3630000 2305552
1785823590135 2001684 3630000 2305552
1785823590169 2001692 3630000 2305552
1785823590202 2001692 3630000 2305552
1785823590234 2001692 3630000 2305552
1785823590266 2001692 3630000 2305552
1785823590300 2001692 3630000 2305552
1785823590331 2001692 3630000 2305552
1785823590364 2001692 3630000 2305552
1785823590395 2001692 3630000 2305552
1785823590429 2001692 3630000 2305552
1785823590462 2001692 3630000 2305552
1785823590498 2001692 3630000 2305552
1785823590531 2001692 3630000 2305552
1785823590563 2001692 3630000 2305552
1785823590598 2001692 3630000 2305552
1785823590633 2001692 3630000 2305552
1785823590667 2001692 3630000 2305552
1785823590702 2001692 3630000 2305552
1785823590736 2001692 3630000 2305552
1785823590769 2001692 3630000 2305552
1785823590803 2001692 3630000 2305552
1785823590837 2001692 3630000 2305552
1785823590869 2001692 3630000 2305552
1785823590903 2001692 3630000 2305552
1785823590935 2001692 3630000 2305552
1785823590970 2001692 3630000 2305552
1785823591003 2001692 3630000 2305552
1785823591035 2001692 3630000 2305552
1785823591071 2001692 3630000 2305552
1785823591104 2001692 3630000 2305552
1785823591136 2001692 3630000 2305552
1785823591169 2001692 3630000 2305552
1785823591205 2001692 3630000 2305552
1785823591239 2001692 3630000 2305552
1785823591271 2001692 3630000 2305552
1785823591304 2001692 3630000 2305552
1785823591338 2001692 3630000 2305552
1785823591370 2001692 3630000 2305552
1785823591403 2001692 3630000 2305552
1785823591437 2001692 3630000 2305552
1785823591472 2001692 3630000 2305552
1785823591505 2001692 3630000 2305552
1785823591539 2001692 3630000 2305552
1785823591573 2001692 3630000 2305552
1785823591606 2001692 3630000 2305552
1785823591640 2001692 3630000 2305552
1785823591674 2001692 3630000 2305552
1785823591708 2001696 3630000 2305552
1785823591739 2001696 3630000 2305552
1785823591776 2001696 3630000 2305552
1785823591809 2001696 3630000 2305552
1785823591840 2001696 3630000 2305552
1785823591872 2001696 3630000 2305552
1785823591905 2001696 3630000 2305552
1785823591937 2001696 3630000 2305552
1785823591970 2001696 3630000 2305552
1785823592003 2001696 3630000 2305552
1785823592036 2001696 3630000 2305552
1785823592070 2001696 3630000 2305552
1785823592103 2001696 3630000 2305552
1785823592136 2001696 3630000 2305552
1785823592168 2001696 3630000 2305552
1785823592202 2001696 3630000 2305552
1785823592235 2001696 3630000 2305552
1785823592270 2001696 3630000 2305552
1785823592302 2001696 3630000 2305552
1785823592334 2001696 3630000 2305552
1785823592368 2001696 3630000 2305552
1785823592403 2001696 3630000 2305552
1785823592438 2001696 3630000 2305552
1785823592470 2001696 3630000 2305552
1785823592503 2001696 3630000 2305552
1785823592534 2001696 3630000 2305552
1785823592566 2001696 3630000 2305552
1785823592597 2001696 3630000 2305552
1785823592627 2001696 3630000 2305552
1785823592656 2001696 3630000 2305552
1785823592695 2100000 3630000 2305552
1785823592729 1964960 3630000 2305552
1785823592762 1964960 3630000 0
1785823592796 1964960 3630000 2305552
1785823592829 1964960 3630000 2305552
1785823592862 1964960 3630000 2305552
1785823592895 1964960 3630000 2305552
1785823592926 1964960 3630000 2305552
1785823592956 1964960 3630000 2305552
1785823592990 1964960 3630000 2305552
1785823593023 1964960 3630000 2305552
1785823593055 1964960 3630000 2305552
1785823593089 1964960 3630000 2305552
1785823593122 1964960 3630000 2305552
1785823593156 1964960 3630000 2305552
1785823593187 1964964 3630000 2305552
1785823593219 1964964 3630000 2305552
1785823593251 1964964 3630000 2305552
1785823593283 1964964 3630000 2305552
1785823593317 1964964 3630000 2305552
1785823593351 1964964 3630000 2305552
1785823593384 1964964 3630000 2305552
1785823593417 1964964 3630000 2305552
1785823593450 1964964 3630000 2305552
1785823593483 1964964 3630000 2305552
1785823593517 1964964 3630000 2305552
1785823593550 1964964 3630000 2305552
1785823593583 1964972 3630000 2305552
1785823593616 1964980 3630000 2305552
1785823593650 1964980 3630000 2305552
1785823593683 1964980 3630000 2305552
1785823593718 1964980 3630000 2305552
1785823593752 1964980 3630000 2305552
1785823593785 1964980 3630000 2305552
1785823593818 1964980 3630000 2305552
1785823593853 1964980 3630000 2305552
1785823593887 1964980 3630000 2305552
1785823593919 1964980 3630000 2305552
1785823593953 1964984 3630000 2305552
1785823593987 1964984 3630000 2305552
1785823594020 1964984 3630000 2305552
1785823594053 1964984 3630000 2305552
1785823594087 1971000 3630000 2305552
1785823594122 1971000 3630000 2305552
1785823594155 1971000 3630000 2305552
1785823594187 1971000 3630000 2305552
1785823594224 1971000 3630000 2305552
1785823594258 1971000 3630000 2305552
1785823594291 1971000 3630000 2305552
1785823594323 1971000 3630000 2305552
1785823594359 1971000 3630000 2305552
1785823594393 1971000 3630000 2305552
1785823594426 1971000 3630000 2305552
1785823594460 1971000 3630000 2305552
1785823594494 1971000 3630000 2305552
1785823594528 1971000 3630000 2305552
1785823594561 1971000 3630000 2305552
1785823594594 1971000 3630000 2305552
1785823594628 1971000 3630000 2305552
1785823594661 1971000 3630000 2305552
1785823594694 1971000 3630000 2305552
1785823594727 1971000 3630000 2305552
1785823594760 1971000 3630000 2305552
1785823594794 1971000 3630000 2305552
1785823594827 1971000 3630000 2305552
1785823594860 1971000 3630000 2305552
1785823594893 1971000 3630000 2305552
1785823594927 1971000 3630000 2305552
1785823594959 1971000 3630000 2305552
1785823594992 1971000 3630000 2305552
1785823595026 1971000 3630000 2305552
1785823595059 1971000 3630000 2305552
1785823595092 1971000 3630000 2305552
1785823595125 1971000 3630000 2305552
1785823595159 1971000 3630000 2305552
1785823595192 1971000 3630000 2305552
1785823595225 1971000 3630000 2305552
1785823595259 1971000 3630000 2305552
1785823595292 1971000 3630000 2305552
1785823595325 1971000 3630000 2305552
1785823595358 1971000 3630000 2305552
1785823595391 1971000 3630000 2305552
1785823595424 1971000 3630000 2305552
1785823595458 1971000 3630000 2305552
1785823595491 1971000 3630000 2305552
1785823595524 1971000 3630000 2305552
1785823595557 1971000 3630000 2305552
1785823595590 1971000 3630000 2305552
1785823595623 1971000 3630000 2305552
1785823595656 1971000 3630000 2305552
1785823595690 1971000 3630000 2305552
1785823595722 1971000 3630000 2305552
1785823595756 1971000 3630000 2305552
1785823595790 1971000 3630000 2305552
1785823595823 1971008 3630000 2305552
1785823595856 1971008 3630000 2305552
1785823595888 1971008 3630000 2305552
1785823595920 1971008 3630000 2305552
1785823595954 1971008 3630000 2305552
1785823595986 1971008 3630000 2305552
1785823596018 1971008 3630000 2305552
1785823596050 1971008 3630000 2305552
1785823596085 1971008 3630000 2305552
1785823596118 1971008 3630000 2305552
1785823596152 1971008 3630000 2305552
1785823596186 1971008 3630000 2305552
1785823596220 1971008 3630000 2305552
1785823596254 1971008 3630000 2305552
1785823596287 1971008 3630000 2305552
1785823596321 1971008 3630000 2305552
1785823596356 1971012 3630000 2305552
1785823596390 1971012 3630000 2305552
1785823596421 1971016 3630000 2305552
1785823596454 1971016 3630000 2305552
1785823596489 1971016 3630000 2305552
1785823596521 1971016 3630000 2305552
1785823596555 1971016 3630000 2305552
1785823596589 1971016 3630000 2305552
1785823596623 1971016 3630000 2305552
1785823596657 1971016 3630000 2305552
1785823596688 1971016 3630000 2305552
1785823596725 1971016 3630000 2305552
1785823596759 1971016 3630000 2305552
1785823596793 1971016 3630000 2305552
1785823596826 1971016 3630000 2305552
1785823596861 1971016 3630000 2305552
1785823596893 1971016 3630000 2305552
1785823596926 1971016 3630000 2305552
1785823596958 1989448 3630000 2305552
1785823596991 1989448 3630000 2305552
1785823597025 1989448 3630000 2305552
1785823597058 1989448 3630000 2305552
1785823597094 1989448 3630000 2305552
1785823597128 1989448 3630000 2305552
1785823597160 1989448 3630000 2305552
1785823597193 1989448 3630000 2305552
1785823597228 1989448 3630000 2305552
1785823597262 1989448 3630000 2305552
1785823597296 1989448 3630000 2305552
1785823597331 1989448 3630000 2305552
1785823597364 1989448 3630000 2305552
1785823597396 1989448 3630000 2305552
1785823597433 1989448 3630000 2305552
1785823597466 1989448 3630000 2305552
1785823597497 1989448 3630000 2305552
1785823597532 1989448 3630000 2305552
1785823597565 1989448 3630000 2305552
1785823597597 1989448 3630000 2305552
1785823597630 1989448 3630000 2305552
1785823597665 1989448 3630000 2305552
1785823597699 1989448 3630000 2305552
1785823597732 1989448 3630000 2305552
1785823597764 1989448 3630000 2305552
1785823597800 1989448 3630000 2305552
1785823597833 1989448 3630000 2305552
1785823597867 1989448 3630000 2305552
1785823597899 1989448 3630000 2305552
1785823597933 2001736 3630000 2305552
1785823597966 2001736 3630000 2305552
1785823597999 2001736 3630000 2305552
1785823598032 2001736 3630000 2305552
1785823598066 2001736 3630000 2305552
1785823598102 2001736 3630000 2305552
1785823598136 2001736 3630000 2305552
1785823598168 2001736 3630000 2305552
1785823598198 2001736 3630000 2305552
1785823598230 2001736 3630000 2305552
1785823598262 2009092 3630000 2305552
1785823598292 2021380 3630000 2305552
1785823598323 2050888 3630000 2305552
1785823598357 2124616 3630000 2305552
1785823598392 2124616 3630000 2305552
1785823598425 1952712 3630000 2305552
1785823598459 1952712 3630000 2305552
1785823598503 1952712 3630000 2305552
1785823598534 1952712 3630000 2305552
1785823598566 1952712 3630000 2305552
1785823598597 1952712 3630000 2305552
1785823598633 1952712 3630000 2305552
1785823598666 1952712 3630000 2305552
1785823598699 1952712 3630000 2305552
1785823598731 1952712 3630000 2305552
1785823598765 1952712 3630000 2305552
1785823598798 1952712 3630000 2305552
1785823598831 1952716 3630000 2305552
1785823598863 1952716 3630000 2305552
1785823598896 1952716 3630000 2305552
1785823598927 1952716 3630000 2305552
1785823598960 1952728 3630000 2305552
1785823598991 1865268 3630000 2305552
1785823599023 1863328 3630000 2305552
1785823599055 1863328 3630000 2305552
1785823599086 1863328 3630000 2305552
1785823599117 1863328 3630000 2305552
1785823599147 1863328 3630000 2305552
1785823599177 1863328 3630000 2305552
1785823599208 1863328 3630000 2305552
1785823599239 1863328 3630000 2305552
1785823599270 1863328 3630000 2305552
1785823599301 1863328 3630000 2305552
1785823599332 1863328 3630000 2305552
1785823599363 1863328 3630000 2305552
1785823599394 1863328 3630000 2305552
1785823599425 1863328 3630000 2305552
1785823599457 1863328 3630000 2305552
1785823599489 1863328 3630000 2305552
1785823599517 1863388 3630000 2305552
1785823599549 1863388 3630000 2305552
1785823599582 1863388 3630000 2305552
1785823599612 1863388 3630000 2305552
1785823599644 1074200 3630000 2305552
1785823599675 1035796 3630000 2305552
1785823599704 1035796 3630000 2305552
1785823599736 1035976 3630000 2305552
1785823599766 1036096 3630000 2305552
# peak_kb=2313132
# hwm_kb=2313132
# frozen_ms=4475
# polled_vs_hwm_pct=0promille
