# timestamp_ms VmRSS_kB VmPeak_kB VmHWM_kB
1790724707103 481236 16959536 481236
1790724707209 549360 16959536 549360
1790724707315 587920 17203988 587920
1790724707425 589076 17218352 589076
1790724707505 591364 17480496 591364
1790724707589 592708 17480496 592708
1790724707694 652556 17480496 652556
1790724707774 653080 17480496 653080
1790724707839 653268 17480496 653268
1790724707934 688032 17866228 688032
1790724708070 693020 17982980 693020
1790724708137 693328 17982980 693328
1790724708219 697336 17982980 697336
1790724708318 700900 18180100 700900
1790724708443 706860 18180100 706860
1790724708555 711052 18180100 711052
1790724708623 711056 18180100 711056
1790724708711 712268 18180100 712264
1790724708809 712336 18180100 712336
1790724708888 712340 18180100 712340
1790724709007 720816 18180100 720816
1790724709120 720816 18180100 720816
1790724709148 735464 18671872 735464
1790724709265 751676 18671872 751676
1790724709383 762592 19024724 762592
1790724709483 769656 19616220 769656
1790724709575 782824 19616220 782824
1790724709676 798824 19635076 798824
1790724709792 846348 19654532 846348
1790724709907 872956 19667068 872928
1790724710027 898840 19698112 898840
1790724710146 900928 19699928 900928
1790724710237 906108 19700832 906108
1790724710320 908964 19701504 908964
1790724710418 913548 19702784 913484
1790724710523 916948 19703564 916948
1790724710660 934412 19707308 934412
1790724710762 938880 19710604 938880
1790724710882 953316 19715828 953300
1790724710994 969448 19731956 969448
1790724711160 1038524 19801256 1038488
1790724711398 978864 19824312 1049300
1790724711472 978868 19824312 1049300
1790724711543 978868 19824312 1049300
1790724711609 978868 19824312 1049300
1790724711775 1026656 19826072 1052688
1790724711893 1026660 19826072 1052688
1790724711939 1026660 19826072 1052688
1790724712138 1026664 19826072 1052688
1790724712271 1026664 19826072 1052688
1790724712395 1091120 19853580 1091120
1790724712492 1109552 19872012 1109552
1790724712568 1109552 19872012 1109552
1790724712596 980544 19872012 1100744
1790724712625 981648 19872012 1100744
1790724712702 983052 20037776 1100744
1790724712777 991488 20037776 1100744
1790724712852 992328 20037776 1100744
1790724712957 1027788 20052908 1100744
1790724712989 1063548 20152232 1100744
1790724713100 1069764 20217768 1100744
1790724713179 1069796 20217768 1100744
1790724713257 1075088 20217768 1100744
1790724713337 1075104 20217768 1100744
1790724713367 1075104 20217768 1100744
1790724713397 1075104 20217768 1100744
1790724713429 1075104 20217768 1100744
1790724713460 1075184 20217768 1100744
1790724713570 1075224 20217768 1100744
1790724713647 1110096 20257616 1110096
1790724713762 1110196 20257616 1110196
1790724713844 1110200 20257616 1110200
1790724713875 1110200 20257616 1110200
1790724713907 1110200 20257616 1110200
1790724713940 1112452 20257616 1112452
1790724714015 1127516 20526552 1127516
1790724714115 1173820 20656836 1173820
1790724714228 1175472 20656836 1175460
1790724714343 1180836 20656836 1180836
1790724714499 1187368 20656836 1187368
1790724714614 1197296 20656836 1197288
1790724714694 1202968 20656836 1202968
1790724714846 1212768 20656836 1212768
1790724714932 1238032 20660904 1237996
1790724715110 1205020 20762464 1328536
1790724715281 1205020 20762464 1328536
1790724715335 1205960 20762464 1328536
1790724715427 1211984 20762464 1328536
1790724715494 1231012 20762464 1328536
1790724715540 1233316 20762464 1328536
1790724715596 1249300 20762464 1328536
1790724715696 1297960 20762464 1328536
1790724715778 1297964 20762464 1328536
1790724715816 1297964 20762464 1328536
1790724715901 1297964 20762464 1328536
1790724715989 1297964 20762464 1328536
1790724716063 1339416 20766772 1339416
1790724716285 1417716 20840500 1417716
1790724716424 1417716 20840500 1417716
1790724716457 1417716 20840500 1417716
1790724716489 1417716 20840500 0
1790724716520 1417716 20840500 1417716
1790724716552 1417716 20840500 1417716
1790724716583 1417716 20840500 1417716
1790724716615 1417716 20840500 1417716
1790724716647 1417716 20840500 1417716
1790724716678 1417716 20840500 1417716
1790724716709 1417716 20840500 1417716
1790724716740 1417716 20840500 1417716
1790724716771 1417716 20840500 1417716
1790724716802 1417720 20840500 1417720
1790724716887 1417720 20840500 1417720
1790724716921 1417720 20840500 1417720
1790724716954 1417720 20840500 1417720
1790724716986 1417720 20840500 1417720
1790724717017 1417732 20840500 1417732
1790724717134 1417732 20840500 1417732
1790724717179 1419828 20840500 1419828
1790724717294 1422332 20840500 1422332
1790724717429 1215848 20840500 1417592
1790724717488 1229008 20840500 1417592
1790724717543 1235144 20840500 1417592
1790724717581 1240196 20840500 1417592
1790724717624 1240784 20840500 1417592
1790724717654 1250136 20840500 1417592
1790724717715 1259220 20840500 1417592
1790724717770 1268456 20840500 1417592
1790724717824 1296288 20840500 1417592
1790724717898 1296288 20840500 1417592
1790724717974 1296288 20840500 1417592
1790724718040 1296288 20840500 1417592
1790724718101 1296288 20840500 1417592
1790724718144 1296288 20840500 1417592
1790724718183 1296288 20840500 1417592
1790724718268 1345248 20840500 1417592
1790724718335 1296288 20840500 1417592
1790724718409 1296288 20840500 1417592
1790724718450 1296288 20840500 1417592
1790724718505 1296288 20840500 1417592
1790724718570 1296288 20840500 1417592
1790724718774 1360920 20840500 1417592
1790724718893 1392928 20840500 1417592
1790724718928 1429792 20840500 1429792
1790724718963 1429792 20840500 1429792
1790724718997 1429792 20840500 1429792
1790724719029 1429792 20840500 1429792
1790724719060 1429792 20840500 1429792
1790724719092 1429792 20840500 1429792
1790724719124 1429792 20840500 1429792
1790724719156 1429792 20840500 1429792
1790724719189 1429792 20840500 1429792
1790724719221 1429792 20840500 1429792
1790724719254 1429792 20840500 1429792
1790724719287 1429792 20840500 1429792
1790724719319 1429792 20840500 1429792
1790724719351 1429792 20840500 1429792
1790724719400 1429792 20840500 1429792
1790724719432 1429792 20840500 1429792
1790724719465 1429792 20840500 1429792
1790724719497 1429792 20840500 1429792
1790724719529 1429792 20840500 1429792
1790724719561 1429792 20840500 1429792
1790724719593 1429792 20840500 1429792
1790724719708 1429792 20840500 1429792
1790724719755 1432092 20840500 1432092
1790724719808 1434392 20840500 1434392
1790724719884 1303188 20840500 1429892
1790724719982 1305496 20840500 1429892
1790724720109 1323920 20840500 1429892
1790724720156 1268540 20840500 1429892
1790724720186 1295072 20840500 1429892
1790724720226 1296064 20840500 1429892
1790724720329 1296064 20840500 1429892
1790724720376 1323916 20840500 1429892
1790724720428 1323916 20840500 1429892
1790724720515 1323916 20840500 1429892
1790724720604 1323916 20840500 1429892
1790724720657 1273020 20840500 1429892
1790724720688 1286844 20840500 1429892
1790724720719 1286844 20840500 1429892
1790724720775 1324084 20840500 1429892
1790724720854 1351496 20840500 1429892
1790724720927 1351496 20840500 1429892
1790724720967 1351496 20840500 1429892
1790724721019 1351496 20840500 1429892
1790724721216 1351496 20840500 1429892
1790724721258 1399820 20840500 1429892
1790724721313 1413132 20840500 1429892
1790724721353 1436688 20840500 1436688
1790724721385 1436688 20840500 1436688
1790724721417 1436688 20840500 1436688
1790724721449 1436688 20840500 1436688
1790724721481 1436688 20840500 1436688
1790724721513 1436688 20840500 1436688
1790724721546 1436688 20840500 1436688
1790724721579 1436688 20840500 1436688
1790724721612 1436688 20840500 1436688
1790724721644 1436688 20840500 1436688
1790724721677 1436688 20840500 1436688
1790724721710 1436688 20840500 1436688
1790724721743 1436688 20840500 1436688
1790724721775 1436688 20840500 1436688
1790724721807 1436688 20840500 1436688
1790724721840 1436688 20840500 1436688
1790724721872 1436692 20840500 1436692
1790724721905 1436692 20840500 1436692
1790724721938 1436692 20840500 1436692
1790724721970 1436692 20840500 1436692
1790724722003 1436692 20840500 1436692
1790724722037 1436692 20840500 1436692
1790724722071 1436692 20840500 1436692
1790724722119 1437876 20840500 1437876
1790724722153 1438992 20840500 1438992
1790724722190 1441292 20840500 1441292
1790724722244 1330820 20840500 1437060
1790724722296 1333120 20840500 1437060
1790724722357 1342340 20840500 1437060
1790724722409 1351552 20840500 1437060
1790724722454 1351552 20840500 1437060
1790724722502 1351552 20840500 1437060
1790724722564 1351552 20840500 1437060
1790724722611 1351552 20840500 1437060
1790724722681 1351552 20840500 1437060
1790724722736 1351552 20840500 1437060
1790724722789 1296172 20840500 1437060
1790724722851 1316784 20840500 1437060
1790724722908 1316784 20840500 1437060
1790724722955 1381432 20840500 1437060
1790724723010 1381432 20840500 1437060
1790724723065 1381432 20840500 1437060
1790724723152 1381432 20840500 1437060
1790724723187 1381432 20840500 1437060
1790724723243 1381432 20840500 1437060
1790724723322 1381432 20840500 1437060
1790724723390 1445888 20840500 1445888
1790724723460 1482752 20840500 1482752
1790724723636 1482752 20840500 1482752
1790724723752 1482752 20840500 1482752
1790724723785 1482752 20840500 1482752
1790724723820 1482752 20840500 1482752
1790724723855 1482752 20840500 1482752
1790724723890 1482752 20840500 1482752
1790724723926 1482752 20840500 1482752
1790724723960 1482752 20840500 1482752
1790724723993 1482752 20840500 1482752
1790724724026 1482752 20840500 1482752
1790724724060 1482752 20840500 1482752
1790724724094 1482752 20840500 1482752
1790724724127 1482752 20840500 1482752
1790724724160 1482752 20840500 1482752
1790724724193 1482752 20840500 1482752
1790724724227 1482752 20840500 1482752
1790724724260 1482752 20840500 1482752
1790724724294 1482752 20840500 1482752
1790724724327 1482752 20840500 1482752
1790724724359 1482752 20840500 1482752
1790724724392 1482752 20840500 1482752
1790724724424 1482752 20840500 1482752
1790724724483 1485052 20840500 1485052
1790724724532 1487352 20840500 1487352
1790724724595 1360756 20840500 1482564
1790724724646 1363056 20840500 1482564
1790724724708 1369352 20840500 1482564
1790724724741 1372276 20840500 1482564
1790724724788 1378388 20840500 1482564
1790724724823 1381488 20840500 1482564
1790724724861 1323804 20840500 1482564
1790724724894 1342112 20840500 1482564
1790724724971 1358240 20840500 1482564
1790724725019 1315528 20840500 1482564
1790724725106 1315528 20840500 1482564
1790724725174 1316580 20840500 1482564
1790724725225 1317764 20840500 1482564
1790724725296 1323084 20840500 1482564
1790724725350 1332688 20840500 1482564
1790724725424 1342112 20840500 1482564
1790724725491 1405904 20840500 1482564
1790724725534 1399820 20840500 1482564
1790724725587 1399820 20840500 1482564
1790724725629 1399820 20840500 1482564
1790724725673 1399820 20840500 1482564
1790724725757 1399820 20840500 1482564
1790724725815 1399820 20840500 1482564
1790724725995 1461972 20840500 1482564
1790724726134 1480404 20840500 1482564
1790724726170 1480404 20840500 1482564
1790724726204 1354696 20840500 1482564
1790724726240 1354696 20840500 1482564
1790724726275 1354696 20840500 1482564
1790724726308 1354696 20840500 1482564
1790724726341 1354696 20840500 1482564
1790724726373 1354696 20840500 1482564
1790724726405 1354696 20840500 1482564
1790724726438 1354696 20840500 1482564
1790724726471 1354696 20840500 1482564
1790724726503 1354696 20840500 1482564
1790724726536 1354696 20840500 1482564
1790724726569 1354696 20840500 1482564
1790724726602 1354696 20840500 1482564
1790724726634 1354696 20840500 1482564
1790724726670 1354696 20840500 1482564
1790724726706 1354696 20840500 1482564
1790724726742 1354696 20840500 1482564
1790724726777 1354696 20840500 1482564
1790724726812 1354696 20840500 1482564
1790724726849 1354696 20840500 1482564
1790724726884 1354696 20840500 1482564
1790724726917 1354696 20840500 1482564
1790724726952 1354696 20840500 1482564
1790724727002 1356996 20840500 1482564
1790724727056 1359328 20840500 1482564
1790724727098 1361596 20840500 1482564
1790724727141 1363896 20840500 1482564
1790724727202 1370932 20840500 1482564
1790724727258 1374044 0 1482564
1790724727293 1382328 20840500 1482564
1790724727338 1382328 20840500 1482564
1790724727372 1382328 20840500 1482564
1790724727428 1386812 20840500 1482564
1790724727489 1386812 20840500 1482564
1790724727556 1405424 20840500 1482564
1790724727639 1405424 20840500 1482564
1790724727738 1405424 20840500 1482564
1790724727840 1405424 20840500 1482564
1790724727955 1405424 20840500 1482564
1790724728003 1433004 20840500 1482564
1790724728105 1433004 20840500 1482564
1790724728145 1433004 20840500 1482564
1790724728212 1433004 20840500 1482564
1790724728273 1433004 20840500 1482564
1790724728359 1433004 20840500 1482564
1790724728509 1479640 20840500 1482564
1790724728595 1502168 20840500 1502168
1790724728640 1539032 20840500 1539032
1790724728701 1409976 20840500 1531548
1790724728735 1409976 20840500 1531548
1790724728769 1409976 20840500 1531548
1790724728803 1409976 20840500 1531548
1790724728836 1409976 20840500 1531548
1790724728870 1409976 20840500 1531548
1790724728904 1409976 20840500 1531548
1790724728938 1409976 20840500 1531548
1790724728971 1409976 20840500 1531548
1790724729005 1409976 20840500 1531548
1790724729038 1409976 20840500 1531548
1790724729071 1409976 20840500 1531548
1790724729104 1409976 20840500 1531548
1790724729138 1409976 20840500 1531548
1790724729171 1409976 20840500 1531548
1790724729204 1409976 20840500 1531548
1790724729237 1409976 20840500 1531548
1790724729270 1409976 20840500 1531548
1790724729303 1409976 20840500 1531548
1790724729337 1409976 20840500 1531548
1790724729394 1409976 20840500 1531548
1790724729522 1414356 20840500 1531548
1790724729612 1416876 20840500 1531548
1790724729719 1419176 20840500 1531548
1790724729775 1421752 20840500 1531548
1790724729810 1428396 20840500 1531548
1790724729866 1432536 20840500 1531548
1790724729901 1437608 20840500 1531548
1790724729949 1437608 20840500 1531548
1790724729999 1437608 20840500 1531548
1790724730044 1437608 20840500 1531548
1790724730112 1442284 20840500 1531548
1790724730211 1442284 20840500 1531548
1790724730290 1442284 20840500 1531548
1790724730359 1442284 20840500 1531548
1790724730415 1442284 20840500 1531548
1790724730482 1443016 20840500 1531548
1790724730545 1492936 20840500 1531548
1790724730616 1492936 20840500 1531548
1790724730659 1492936 20840500 1531548
1790724730697 1492936 20840500 1531548
1790724730759 1492936 20840500 1531548
1790724730815 1492936 20840500 1531548
1790724730873 1492936 20840500 1531548
1790724730928 1499088 20840500 1531548
1790724730968 1521060 20840500 1531548
1790724731007 1575792 20840500 1575792
1790724731154 1483760 20840500 1568136
1790724731188 1483760 20840500 1568136
1790724731222 1483760 20840500 1568136
1790724731257 1483760 20840500 1568136
1790724731290 1483760 20840500 1568136
1790724731324 1483760 20840500 1568136
1790724731357 1483760 20840500 1568136
1790724731391 1483760 20840500 1568136
1790724731425 1483760 20840500 1568136
1790724731459 1483760 20840500 1568136
1790724731493 1483760 20840500 1568136
1790724731527 1483760 20840500 1568136
1790724731560 1483760 20840500 1568136
1790724731593 1483760 20840500 1568136
1790724731626 1483760 20840500 1568136
1790724731659 1483760 20840500 1568136
1790724731693 1483760 20840500 1568136
1790724731727 1483760 20840500 1568136
1790724731760 1483760 20840500 1568136
1790724731794 1483760 20840500 1568136
1790724731836 1483760 20840500 1568136
1790724731903 1488360 20840500 1568136
1790724731956 1380356 20840500 1568136
1790724732014 1386456 20840500 1568136
1790724732050 1393816 20840500 1568136
1790724732122 1406572 20840500 1568136
1790724732169 1441136 20840500 1568136
1790724732244 1441136 20840500 1568136
1790724732303 1398424 20840500 1568136
1790724732377 1398888 20840500 1568136
1790724732434 1400068 20840500 1568136
1790724732509 1403616 20840500 1568136
1790724732569 1406572 20840500 1568136
1790724732637 1419712 20840500 1568136
1790724732719 1425596 20840500 1568136
1790724732781 1517956 20840500 1568136
1790724732811 1490244 20840500 1568136
1790724732875 1490244 20840500 1568136
1790724732912 1490244 20840500 1568136
1790724732979 1490244 20840500 1568136
1790724733031 1490244 20840500 1568136
1790724733078 1490244 20840500 1568136
1790724733132 1490244 20840500 1568136
1790724733205 1490244 20840500 1568136
1790724733266 1550864 20840500 1568136
1790724733422 1557004 20840500 1568136
1790724733564 1575436 20840500 1575436
1790724733599 1462668 20840500 1568300
1790724733635 1462668 20840500 1568300
1790724733671 1462668 20840500 1568300
1790724733708 1462668 20840500 1568300
1790724733743 1462668 20840500 1568300
1790724733778 1462668 20840500 1568300
1790724733812 1462668 20840500 1568300
1790724733846 1462668 20840500 1568300
1790724733880 1462668 20840500 1568300
1790724733914 1462668 20840500 1568300
1790724733949 1462668 20840500 1568300
1790724733983 1462668 20840500 1568300
1790724734016 1462668 20840500 1568300
1790724734050 1462668 20840500 1568300
1790724734084 1462668 20840500 1568300
1790724734118 1462672 20840500 1568300
1790724734151 1462672 20840500 1568300
1790724734184 1462672 20840500 1568300
1790724734218 1462672 20840500 1568300
1790724734251 1462676 20840500 1568300
1790724734303 1465584 20840500 1568300
1790724734351 1467396 20840500 1568300
1790724734386 1469572 20840500 1568300
1790724734463 1471872 20840500 1568300
1790724734568 1490304 20840500 1568300
1790724734605 1490304 20840500 1568300
1790724734643 1490304 20840500 1568300
1790724734691 1490304 20840500 1568300
1790724734750 1500040 20840500 1568300
1790724734811 1474500 20840500 1568300
1790724734863 1474500 20840500 1568300
1790724734914 1474500 20840500 1568300
1790724734987 1474500 20840500 1568300
1790724735059 1474500 20840500 1568300
1790724735103 1474500 20840500 1568300
1790724735155 1520520 20840500 1568300
1790724735221 1520520 20840500 1568300
1790724735269 1520520 20840500 1568300
1790724735332 1520520 20840500 1568300
1790724735416 1520520 20840500 1568300
1790724735584 1529772 20840500 1568300
1790724735727 1585068 20840500 1585068
1790724735763 1603500 20840500 1603500
1790724735811 1621932 20840500 1621932
1790724735873 1529808 20840500 1615240
1790724735909 1529808 20840500 1615240
1790724735945 1529808 20840500 1615240
1790724735980 1529808 20840500 1615240
1790724736015 1529808 20840500 1615240
1790724736050 1529808 20840500 1615240
1790724736085 1529808 20840500 1615240
1790724736121 1529808 20840500 1615240
1790724736157 1529808 20840500 1615240
1790724736193 1529808 20840500 1615240
1790724736228 1529808 20840500 1615240
1790724736262 1529808 20840500 1615240
1790724736297 1529808 20840500 1615240
1790724736331 1529808 20840500 1615240
1790724736365 1529808 20840500 1615240
1790724736399 1529808 20840500 1615240
1790724736433 1529808 20840500 1615240
1790724736467 1529808 20840500 1615240
1790724736501 1529808 20840500 1615240
1790724736534 1529808 20840500 1615240
1790724736577 1532108 20840500 1615240
1790724736665 1536708 20840500 1615240
1790724736714 1539008 20840500 1615240
1790724736790 1548228 20840500 1615240
1790724736846 1554356 20840500 1615240
1790724736883 1557440 20840500 1615240
1790724736918 1480276 20840500 1615240
1790724736974 1482580 20840500 1615240
1790724737071 1491976 20840500 1615240
1790724737127 1491976 20840500 1615240
1790724737181 1491976 20840500 1615240
1790724737247 1491976 20840500 1615240
1790724737337 1491976 20840500 1615240
1790724737397 1491976 20840500 1615240
1790724737445 1491976 20840500 1615240
1790724737513 1491976 20840500 1615240
1790724737545 1537984 20840500 1615240
1790724737594 1537984 20840500 1615240
1790724737657 1537984 20840500 1615240
1790724737733 1537984 20840500 1615240
1790724737828 1537984 20840500 1615240
1790724737913 1537988 20840500 1615240
1790724738123 1630088 20840500 1630088
1790724738249 1630088 20840500 1630088
1790724738277 1497468 20840500 1621364
1790724738312 1497468 20840500 1621364
1790724738346 1497468 20840500 1621364
1790724738379 1497468 20840500 1621364
1790724738413 1497468 20840500 1621364
1790724738447 1497468 20840500 1621364
1790724738480 1497468 20840500 1621364
1790724738514 1497468 20840500 1621364
1790724738549 1497468 20840500 1621364
1790724738584 1497468 20840500 1621364
1790724738617 1497468 20840500 1621364
1790724738650 1497468 20840500 1621364
1790724738685 1497468 20840500 1621364
1790724738720 1497468 20840500 1621364
1790724738754 1497468 20840500 1621364
1790724738788 1497468 20840500 1621364
1790724738822 1497468 20840500 1621364
1790724738856 1497468 20840500 1621364
1790724738892 1497468 20840500 1621364
1790724738936 1499768 20840500 1621364
1790724738971 1500748 20840500 1621364
1790724739024 1503812 20840500 1621364
1790724739064 1504368 20840500 1621364
1790724739108 1506668 20840500 1621364
1790724739181 1513636 20840500 1621364
1790724739217 1515888 20840500 1621364
1790724739274 1524960 20840500 1621364
1790724739310 1525100 20840500 1621364
1790724739349 1525100 20840500 1621364
1790724739439 1525100 20840500 1621364
1790724739515 1529764 20840500 1621364
1790724739619 1529764 20840500 1621364
1790724739683 1529764 20840500 1621364
1790724739739 1529764 20840500 1621364
1790724739801 1529764 20840500 1621364
1790724739860 1529764 20840500 1621364
1790724739923 1575776 20840500 1621364
1790724739963 1575776 20840500 1621364
1790724740042 1575776 20840500 1621364
1790724740090 1575776 20840500 1621364
1790724740160 1575776 20840500 1621364
1790724740232 1575776 20840500 1621364
1790724740325 1577824 20840500 1621364
1790724740363 1621900 20840500 1621900
1790724740420 1640332 20840500 1640332
1790724740557 1658764 20840500 1658764
1790724740707 1548140 20840500 1652104
1790724740743 1548140 20840500 1652104
1790724740778 1548140 20840500 1652104
1790724740813 1548140 20840500 1652104
1790724740847 1548140 20840500 1652104
1790724740882 1548140 20840500 1652104
1790724740917 1548140 20840500 1652104
1790724740952 1548140 20840500 1652104
1790724740988 1548140 20840500 1652104
1790724741023 1548140 20840500 1652104
1790724741057 1548140 20840500 1652104
1790724741093 1548140 20840500 1652104
1790724741127 1548140 20840500 1652104
1790724741162 1548140 20840500 1652104
1790724741213 1548140 20840500 1652104
1790724741249 1548140 20840500 1652104
1790724741286 1548140 20840500 1652104
1790724741323 1481324 20840500 1652104
1790724741360 1484064 20840500 0
1790724741388 1496364 20840500 1652104
1790724741434 1158204 20840500 1652104
1790724741470 1158204 20840500 1652104
1790724741516 1163992 20840500 1652104
1790724741549 1176276 20840500 1652104
1790724741580 1176276 20840500 1652104
1790724741610 1176276 20840500 1652104
1790724741640 1176276 20840500 1652104
1790724741670 1177016 20840500 1652104
1790724741699 1177016 20840500 1652104
1790724741730 1177016 20840500 1652104
1790724741763 1177016 20840500 1652104
1790724741795 1178416 20840500 1652104
1790724741826 1178672 20840500 1652104
1790724741856 1178672 20840500 1652104
1790724741885 1178672 20840500 1652104
1790724741914 1178672 20840500 1652104
1790724741944 1178672 20840500 1652104
1790724741974 1178672 20840500 1652104
1790724742003 1178684 20840500 1652104
1790724742033 1178684 20840500 1652104
1790724742064 1178688 20840500 1652104
1790724742095 1178688 20840500 1652104
1790724742125 1178688 20840500 1652104
1790724742154 1180140 20840500 1652104
1790724742183 1187156 20840500 1652104
1790724742213 1188604 20840500 1652104
1790724742242 1198432 20840500 1652104
1790724742272 1198496 20840500 1652104
1790724742303 1198496 20840500 1652104
1790724742334 1219884 20840500 1652104
# peak_kb=1658764
# hwm_kb=1658764
# frozen_ms=5500
# polled_vs_hwm_pct=0promille
