# timestamp_ms VmRSS_kB VmPeak_kB VmHWM_kB
1785368382779 251272 1125492 251272
1785368382888 252904 1126536 252904
1785368382961 256168 1136800 256168
1785368383059 256664 1136800 256664
1785368383146 256756 1136800 256756
1785368383223 256892 1136800 256892
1785368383298 260928 1145312 260928
1785368383397 261168 1146336 261168
1785368383471 261308 1146336 261308
1785368383546 262836 1147360 262836
1785368383635 265968 1150376 265968
1785368383729 267432 1151936 267432
1785368383805 267432 1151936 267432
1785368383833 267772 1152308 267772
1785368383909 279728 1162068 279728
1785368384020 280280 1162068 280280
1785368384095 280976 1163092 280976
1785368384172 283344 2010348 283344
1785368384269 285288 2010348 285288
1785368384348 287184 2010348 287184
1785368384456 296884 2010348 296884
1785368384567 343252 2942864 343252
1785368384694 447036 2942864 447036
1785368384826 487556 2942864 487556
1785368384959 528620 2942864 528620
1785368385088 571440 2942864 571440
1785368385221 583532 2942864 583532
1785368385357 597164 2942864 597164
1785368385491 627656 2942864 627656
1785368385624 647784 2942864 647784
1785368385759 670368 2942864 670368
1785368385905 692708 2942864 692708
1785368386046 716320 2942864 716320
1785368386186 735640 2942864 735640
1785368386337 753976 2942864 753976
1785368386494 775860 2942864 775860
1785368386640 830112 2942864 830112
1785368386796 904524 2942864 904524
1785368386949 954636 2942864 954636
1785368387105 995424 2942864 995424
1785368387266 1027984 2942864 1027984
1785368387426 1064036 2942864 1064036
1785368387589 1086876 2942864 1086876
1785368387753 1121000 2942864 1121000
1785368387910 709600 2942864 1124224
1785368387942 834132 2942864 1124224
1785368387978 918496 2942864 1124224
1785368388011 999156 2942864 1124224
1785368388046 1130256 2942864 1130256
1785368388143 1141756 2942864 1141756
1785368388264 1147180 2942864 1147180
1785368388372 1183980 2942864 1183980
1785368388510 1207024 2942864 1207024
1785368388631 1222768 2942864 1222768
1785368388773 1244276 2942864 1244276
1785368388898 1259988 2942864 1259988
1785368389040 1272464 2942864 1272464
1785368389131 1272464 2942864 1272464
1785368389168 1186336 2942864 1262724
1785368389204 1186396 2942864 1262724
1785368389239 1186504 2942864 1262724
1785368389274 1187912 2942864 1262724
1785368389309 1188168 2942864 1262724
1785368389344 1188176 2942864 1262724
1785368389378 1188180 2942864 1262724
1785368389413 1188184 2942864 1262724
1785368389446 1188184 2942864 1262724
1785368389479 1188184 2942864 1262724
1785368389513 1188188 2942864 1262724
1785368389548 1188192 2942864 1262724
1785368389582 1188196 2942864 1262724
1785368389615 1188196 2942864 1262724
1785368389649 1188196 2942864 1262724
1785368389683 1188196 2942864 1262724
1785368389717 1188196 2942864 1262724
1785368389750 1188200 2942864 1262724
1785368389782 1188200 2942864 1262724
1785368389818 1188208 2942864 1262724
1785368389852 1188212 2942864 1262724
1785368389887 1188216 2942864 1262724
1785368389921 1188224 2942864 1262724
1785368389956 1188224 2942864 1262724
1785368389991 1188232 2942864 1262724
1785368390024 1188236 2942864 1262724
1785368390057 1188240 2942864 1262724
1785368390090 1188240 2942864 1262724
1785368390126 1188240 2942864 1262724
1785368390162 1188240 2942864 1262724
1785368390198 1188240 2942864 1262724
1785368390233 1188240 2942864 1262724
1785368390269 1188240 2942864 1262724
1785368390303 1188240 2942864 1262724
1785368390339 1188240 2942864 1262724
1785368390375 1188240 2942864 1262724
1785368390412 1188240 2942864 1262724
1785368390447 1188240 2942864 1262724
1785368390484 1188240 2942864 1262724
1785368390519 1188240 2942864 1262724
1785368390555 1188240 2942864 1262724
1785368390590 1188240 2942864 1262724
1785368390625 1188240 2942864 1262724
1785368390660 1188240 2942864 1262724
1785368390695 1188240 2942864 1262724
1785368390730 1188240 2942864 1262724
1785368390764 1188240 2942864 1262724
1785368390799 1188240 2942864 1262724
1785368390835 1188240 2942864 1262724
1785368390869 1188240 2942864 1262724
1785368390904 1188240 2942864 1262724
1785368390939 1188240 2942864 1262724
1785368390973 1188240 2942864 1262724
1785368391008 1188240 2942864 1262724
1785368391045 1188240 2942864 1262724
1785368391081 1188260 2942864 1262724
1785368391117 1188260 2942864 1262724
1785368391152 1188260 2942864 1262724
1785368391188 1188260 2942864 1262724
1785368391223 1188260 2942864 1262724
1785368391260 1188260 2942864 1262724
1785368391296 1188260 2942864 1262724
1785368391332 1188260 2942864 1262724
1785368391367 1188260 2942864 1262724
1785368391403 1188260 2942864 1262724
1785368391440 1188260 2942864 1262724
1785368391474 1188260 2942864 1262724
1785368391510 1188260 2942864 1262724
1785368391547 1188260 2942864 1262724
1785368391582 1188260 2942864 1262724
1785368391617 1188260 2942864 1262724
1785368391652 1188260 2942864 1262724
1785368391688 1188260 2942864 1262724
1785368391723 1188260 2942864 1262724
1785368391758 1188260 2942864 1262724
1785368391792 1188260 2942864 1262724
1785368391828 1188260 2942864 1262724
1785368391862 1197480 2942864 1262724
1785368391897 1197480 2942864 1262724
1785368391932 1197480 2942864 1262724
1785368391967 1197480 2942864 1262724
1785368392002 1197480 2942864 1262724
1785368392037 1197480 2942864 1262724
1785368392073 1197480 2942864 1262724
1785368392109 1197480 2942864 1262724
1785368392146 1241864 2942864 1262724
1785368392182 1295112 2942864 1295112
1785368392324 1573300 3051276 1573300
1785368392469 1726900 3051276 1726900
1785368392612 1791848 3474624 1791848
1785368392752 1996648 3474624 1996648
1785368392897 1611824 3474624 2140476
1785368392931 1611824 3474624 2140476
1785368392965 1616152 3474624 2140476
1785368392997 1669400 3474624 2140476
1785368393030 1639396 3474624 2140476
1785368393066 1741796 3474624 2140476
1785368393103 1846244 3474624 2140476
1785368393140 1950692 3474624 2140476
1785368393175 2049852 3796504 2140476
1785368393315 2248524 3796504 2248524
1785368393456 2451276 3796504 2451276
1785368393596 2472344 3796504 2472344
1785368393686 2559108 3886444 2559108
1785368393828 1188504 3897972 2563672
1785368393865 1227648 3897972 2563672
1785368393900 1278236 3897972 2563672
1785368393936 1284232 3897972 2563672
1785368393971 1296284 3897972 2563672
1785368394010 1307420 3897972 2563672
1785368394046 1318948 3897972 2563672
1785368394082 1332000 3897972 2563672
1785368394118 1342752 3897972 2563672
1785368394154 1355812 3897972 2563672
1785368394180 1368100 3897972 2563672
1785368394218 1376164 3897972 2563672
1785368394255 1376164 3897972 2563672
1785368394291 1376164 3897972 2563672
1785368394326 1376164 3897972 2563672
1785368394362 1376164 3897972 2563672
1785368394397 1376164 3897972 2563672
1785368394434 1376188 3897972 2563672
1785368394470 1376256 3897972 2563672
1785368394506 1376340 3897972 2563672
1785368394541 1377032 3897972 2563672
1785368394577 1377040 3897972 2563672
1785368394613 1377048 3897972 2563672
1785368394649 1377048 3897972 2563672
1785368394683 1377052 3897972 2563672
1785368394719 1377060 3897972 2563672
1785368394754 1377072 3897972 2563672
1785368394789 1377080 3897972 2563672
1785368394824 1377088 3897972 2563672
1785368394859 1377096 3897972 2563672
1785368394895 1377100 3897972 2563672
1785368394931 1377108 3897972 2563672
1785368394966 1377116 3897972 2563672
1785368395001 1377124 3897972 2563672
1785368395037 1377128 3897972 2563672
1785368395072 1377136 3897972 2563672
1785368395107 1377140 3897972 2563672
1785368395142 1377148 3897972 2563672
1785368395178 1377156 3897972 2563672
1785368395213 1377156 3897972 2563672
1785368395248 1377164 3897972 2563672
1785368395284 1377168 3897972 2563672
1785368395319 1377172 3897972 2563672
1785368395355 1377172 3897972 2563672
1785368395391 1377172 3897972 2563672
1785368395428 1377172 3897972 2563672
1785368395464 1377172 3897972 2563672
1785368395500 1377172 3897972 2563672
1785368395537 1377172 3897972 2563672
1785368395572 1377172 3897972 2563672
1785368395609 1377172 3897972 2563672
1785368395645 1377172 3897972 2563672
1785368395680 1377172 3897972 2563672
1785368395717 1377172 3897972 2563672
1785368395752 1377172 3897972 2563672
1785368395789 1377172 3897972 2563672
1785368395825 1377172 3897972 2563672
1785368395860 1377172 3897972 2563672
1785368395896 1377172 3897972 2563672
1785368395932 1377172 3897972 2563672
1785368395968 1377172 3897972 2563672
1785368396004 1377172 3897972 2563672
1785368396039 1377172 3897972 2563672
1785368396075 1377184 3897972 2563672
1785368396111 1377184 3897972 2563672
1785368396148 1377184 3897972 2563672
1785368396186 1377184 3897972 2563672
1785368396223 1377184 3897972 2563672
1785368396261 1377184 3897972 2563672
1785368396298 1377184 3897972 2563672
1785368396336 1377184 3897972 2563672
1785368396373 1377184 3897972 2563672
1785368396410 1377184 3897972 2563672
1785368396446 1377184 3897972 2563672
1785368396484 1377184 3897972 2563672
1785368396520 1377184 3897972 2563672
1785368396555 1377184 3897972 2563672
1785368396593 1377184 3897972 2563672
1785368396631 1377184 3897972 2563672
1785368396667 1377184 3897972 2563672
1785368396702 1377184 3897972 2563672
1785368396740 1377184 3897972 2563672
1785368396778 1377184 3897972 2563672
1785368396814 1377184 3897972 2563672
1785368396852 1377184 3897972 2563672
1785368396889 1377184 3897972 2563672
1785368396924 1377184 3897972 2563672
1785368396961 1377184 3897972 2563672
1785368396996 1377956 3897972 2563672
1785368397034 1419644 3897972 2563672
1785368397073 1603964 3897972 2563672
1785368397112 1786236 3897972 2563672
1785368397149 1837436 3897972 2563672
1785368397186 1837436 3897972 2563672
1785368397222 1873724 3897972 2563672
1785368397261 1984316 3897972 2563672
1785368397299 2094908 3897972 2563672
1785368397337 2201404 3897972 2563672
1785368397375 1800760 3897972 2563672
1785368397411 1800760 3897972 2563672
1785368397448 1800760 3897972 2563672
1785368397483 1868664 3897972 2563672
1785368397519 1973112 3897972 2563672
1785368397555 2075512 3897972 2563672
1785368397590 2175864 3897972 2563672
1785368397626 2277112 3979720 2563672
1785368397662 2379512 3979720 2563672
1785368397698 2481912 3979720 2563672
1785368397733 2582264 3979720 2582264
1785368397861 2656568 3979720 2656568
1785368398007 2681304 4005088 2681304
1785368398095 1759892 4007396 2676132
1785368398130 1862292 4007396 2676132
1785368398168 1972884 4007396 2676132
1785368398204 2077332 4007396 2676132
1785368398241 2138772 4007396 2676132
1785368398277 2138772 4007396 2676132
1785368398311 2138772 4007396 2676132
1785368398347 1797668 4007396 2676132
1785368398383 1844228 4007396 2676132
1785368398411 1894252 4007396 2676132
1785368398449 1948248 4007396 2676132
1785368398485 1998996 4007396 2676132
1785368398522 2044944 4007396 2676132
1785368398559 2092052 4007396 2676132
1785368398597 2138748 4007396 2676132
1785368398634 2139784 4007396 2676132
1785368398672 1716728 4007396 2676132
1785368398710 1731152 4007396 2676132
1785368398749 1749584 4007396 2676132
1785368398786 1765968 4007396 2676132
1785368398825 1782352 4007396 2676132
1785368398862 1800784 4007396 2676132
1785368398901 1817168 4007396 2676132
1785368398939 1833552 4007396 2676132
1785368398978 1851984 4007396 2676132
1785368399015 1868368 4007396 2676132
1785368399054 1884752 4007396 2676132
1785368399092 1900936 4007396 2676132
1785368399131 1919368 4007396 2676132
1785368399168 1935752 4007396 2676132
1785368399207 1952136 4007396 2676132
1785368399245 1970568 4007396 2676132
1785368399284 1986952 4007396 2676132
1785368399321 2003336 4007396 2676132
1785368399358 2019720 4007396 2676132
1785368399394 2036104 4007396 2676132
1785368399434 2052488 4007396 2676132
1785368399471 2181336 4007396 2676132
1785368399514 1803932 4007396 2676132
1785368399552 1803932 4007396 2676132
1785368399591 1803936 4007396 2676132
1785368399629 1803940 4007396 2676132
1785368399666 1803940 4007396 2676132
1785368399704 1803944 4007396 2676132
1785368399741 1803944 4007396 2676132
1785368399776 1803948 4007396 2676132
1785368399812 1803948 4007396 2676132
1785368399851 1803960 4007396 2676132
1785368399889 1803960 4007396 2676132
1785368399926 1803960 4007396 2676132
1785368399963 1803960 4007396 2676132
1785368400000 1803960 4007396 2676132
1785368400037 1803964 4007396 2676132
1785368400076 1803976 4007396 2676132
1785368400114 1803976 4007396 2676132
1785368400152 1803976 4007396 2676132
1785368400189 1803980 4007396 2676132
1785368400226 1803980 4007396 2676132
1785368400262 1803984 4007396 2676132
1785368400299 1803988 4007396 2676132
1785368400336 1803992 4007396 2676132
1785368400376 1803996 4007396 2676132
1785368400412 1803996 4007396 2676132
1785368400449 1803996 4007396 2676132
1785368400484 1803996 4007396 2676132
1785368400519 1804004 4007396 2676132
1785368400555 1804004 4007396 2676132
1785368400592 1804008 4007396 2676132
1785368400631 1804012 4007396 2676132
1785368400668 1804012 4007396 2676132
1785368400705 1804016 4007396 2676132
1785368400743 1804016 4007396 2676132
1785368400779 1804024 4007396 2676132
1785368400815 1804024 4007396 2676132
1785368400851 1804032 4007396 2676132
1785368400889 1804032 4007396 2676132
1785368400924 1804032 4007396 2676132
1785368400960 1804036 4007396 2676132
1785368400996 1804036 4007396 2676132
1785368401032 1804040 4007396 2676132
1785368401069 1804044 4007396 2676132
1785368401106 1804052 4007396 2676132
1785368401143 1804052 4007396 2676132
1785368401181 1804052 4007396 2676132
1785368401219 1804052 4007396 2676132
1785368401255 1804052 4007396 2676132
1785368401292 1804052 4007396 2676132
1785368401329 1804060 4007396 2676132
1785368401366 1804064 4007396 2676132
1785368401405 1804064 4007396 2676132
1785368401440 1804068 4007396 2676132
1785368401479 1804068 4007396 2676132
1785368401515 1819684 4007396 2676132
1785368401552 1822504 4007396 2676132
1785368401589 1822504 4007396 2676132
1785368401626 1822516 4007396 2676132
1785368401664 1822516 4007396 2676132
1785368401701 1822516 4007396 2676132
1785368401740 1840952 4007396 2676132
1785368401777 1840952 4007396 2676132
1785368401813 1840956 4007396 2676132
1785368401851 1840956 4007396 2676132
1785368401889 1840964 4007396 2676132
1785368401925 1840964 4007396 2676132
1785368401961 1859396 4007396 2676132
1785368402000 1859396 4007396 2676132
1785368402037 1859396 4007396 2676132
1785368402074 1877840 4007396 2676132
1785368402112 1877844 4007396 2676132
1785368402150 1877848 4007396 2676132
1785368402188 1877848 4007396 2676132
1785368402226 1877848 4007396 2676132
1785368402264 1877848 4007396 2676132
1785368402301 1896280 4007396 2676132
1785368402341 1896288 4007396 2676132
1785368402379 1896288 4007396 2676132
1785368402417 1896296 4007396 2676132
1785368402455 1896296 4007396 2676132
1785368402493 1914732 4007396 2676132
1785368402532 1914732 4007396 2676132
1785368402569 1933168 4007396 2676132
1785368402609 1933296 4007396 2676132
1785368402646 1941608 4007396 2676132
1785368402685 1957992 4007396 2676132
1785368402723 1972884 4007396 2676132
1785368402761 1989268 4007396 2676132
1785368402798 1992656 4007396 2676132
1785368402839 2037860 4007396 2676132
1785368402876 2054644 4007396 2676132
1785368402914 2071028 4007396 2676132
1785368402952 2087412 4007396 2676132
1785368402989 2105844 4007396 2676132
1785368403025 2122228 4007396 2676132
1785368403061 2138612 4007396 2676132
1785368403100 2154996 4007396 2676132
1785368403140 2173428 4007396 2676132
1785368403178 2189812 4007396 2676132
1785368403217 2208244 4007396 2676132
1785368403257 2224696 4007396 2676132
1785368403296 2224964 4007396 2676132
1785368403334 2224964 4007396 2676132
1785368403371 2224964 4007396 2676132
1785368403408 2224964 4007396 2676132
1785368403445 2224964 4007396 2676132
1785368403482 2224964 4007396 2676132
1785368403519 2224964 4007396 2676132
1785368403555 2224964 4007396 2676132
1785368403590 2224964 4007396 2676132
1785368403628 2224964 4007396 2676132
1785368403665 2224964 4007396 2676132
1785368403700 2224964 4007396 2676132
1785368403737 2230608 4007396 2676132
1785368403774 2246992 4007396 2676132
1785368403811 2263376 4007396 2676132
1785368403847 2279760 4007396 2676132
1785368403887 2293052 4007396 2676132
1785368403927 2311484 4007396 2676132
1785368403967 2327868 4007396 2676132
1785368404004 2344252 4007396 2676132
1785368404040 2360636 4007396 2676132
1785368404078 2379068 4007396 2676132
1785368404114 2393404 4007396 2676132
1785368404151 2409788 4007396 2676132
1785368404188 2426172 4007396 2676132
1785368404225 2442556 4007396 2676132
1785368404261 2457208 4007396 2676132
1785368404301 2475324 4007396 2676132
1785368404341 2491708 4007396 2676132
1785368404380 2510140 4007396 2676132
1785368404419 2526524 4007396 2676132
1785368404457 2544956 4007396 2676132
1785368404497 2561340 4007396 2676132
1785368404534 2577724 4007396 2676132
1785368404574 2596156 4007396 2676132
1785368404611 2612540 4007396 2676132
1785368404650 2630972 4007396 2676132
1785368404692 2395876 4007396 2676132
1785368404734 2489976 4007396 2676132
1785368404774 2489976 4007396 2676132
1785368404811 2489976 4007396 2676132
1785368404849 2489976 4007396 2676132
1785368404886 2489976 4007396 2676132
1785368404923 2489976 4007396 2676132
1785368404960 2489976 4007396 2676132
1785368404996 2489976 4007396 2676132
1785368405033 2489976 4007396 2676132
1785368405070 2489976 4007396 2676132
1785368405105 2489976 4007396 2676132
1785368405141 2489976 4007396 2676132
1785368405178 2489976 4007396 2676132
1785368405214 2489976 4007396 2676132
1785368405251 2489976 4007396 2676132
1785368405285 2489976 4007396 2676132
1785368405322 2489976 4007396 2676132
1785368405359 2489976 4007396 2676132
1785368405396 2489976 4007396 2676132
1785368405432 2489976 4007396 2676132
1785368405469 2489976 4007396 2676132
1785368405505 2489976 4007396 2676132
1785368405542 2489976 4007396 2676132
1785368405578 2489976 4007396 2676132
1785368405615 2489976 4007396 2676132
1785368405651 2489976 4007396 2676132
1785368405688 2489976 4007396 2676132
1785368405724 2489976 4007396 2676132
1785368405761 2489976 4007396 2676132
1785368405798 2489976 4007396 2676132
1785368405834 2489976 4007396 2676132
1785368405871 2489976 4007396 2676132
1785368405906 2489976 4007396 2676132
1785368405942 2489976 4007396 2676132
1785368405977 2489976 4007396 2676132
1785368406012 2489976 4007396 2676132
1785368406049 2489976 4007396 2676132
1785368406086 2489976 4007396 2676132
1785368406125 2489976 4007396 2676132
1785368406161 2489976 4007396 2676132
1785368406198 2489976 4007396 2676132
1785368406235 2489976 4007396 2676132
1785368406272 2113392 4007396 2676132
1785368406312 2113768 4007396 2676132
1785368406349 2113768 4007396 2676132
1785368406388 2113768 4007396 2676132
1785368406426 2113768 4007396 2676132
1785368406465 2113768 4007396 2676132
1785368406504 2113772 4007396 2676132
1785368406542 2113772 4007396 2676132
1785368406581 2113804 4007396 2676132
1785368406619 2113804 4007396 2676132
1785368406657 2113804 4007396 2676132
1785368406695 2113812 4007396 2676132
1785368406734 2114020 4007396 2676132
1785368406772 2114216 4007396 2676132
1785368406812 2114216 4007396 2676132
1785368406852 2114220 4007396 2676132
1785368406892 2114220 4007396 2676132
1785368406930 2114220 4007396 2676132
1785368406971 2116276 4007396 2676132
1785368407011 2116276 4007396 2676132
1785368407049 2116276 4007396 2676132
1785368407088 2116276 4007396 2676132
1785368407127 2116276 4007396 2676132
1785368407165 2116276 4007396 2676132
1785368407204 2116280 4007396 2676132
1785368407244 2116280 4007396 2676132
1785368407284 2116280 4007396 2676132
1785368407322 2116280 4007396 2676132
1785368407361 2116280 4007396 2676132
1785368407401 2116280 4007396 2676132
1785368407439 2116280 4007396 2676132
1785368407480 2116280 4007396 2676132
1785368407519 2116280 4007396 2676132
1785368407557 2116284 4007396 2676132
1785368407599 2116496 4007396 2676132
1785368407639 2116496 4007396 2676132
1785368407678 2116564 4007396 2676132
1785368407717 2116564 4007396 2676132
1785368407756 2116564 4007396 2676132
1785368407794 2116564 4007396 2676132
1785368407833 2116564 4007396 2676132
1785368407872 2116564 4007396 2676132
1785368407910 2116564 4007396 2676132
1785368407950 2116564 4007396 2676132
1785368407990 2116564 4007396 2676132
1785368408029 2116564 4007396 2676132
1785368408068 2116564 4007396 2676132
1785368408108 2116564 4007396 2676132
1785368408146 2116564 4007396 2676132
1785368408186 2116564 4007396 2676132
1785368408224 2116564 4007396 2676132
1785368408263 2116564 4007396 2676132
1785368408301 2116564 4007396 2676132
1785368408340 2116564 4007396 2676132
1785368408378 2116564 4007396 2676132
1785368408416 2116564 4007396 2676132
1785368408455 2116564 4007396 2676132
1785368408493 2116564 4007396 2676132
1785368408532 2116564 4007396 2676132
1785368408570 2116564 4007396 2676132
1785368408609 2116564 4007396 2676132
1785368408648 2116564 4007396 2676132
1785368408687 2116564 4007396 2676132
1785368408726 2116564 4007396 2676132
1785368408765 2116564 4007396 2676132
1785368408803 2116564 4007396 2676132
1785368408841 2116568 4007396 2676132
1785368408879 2116572 4007396 2676132
1785368408918 2116572 4007396 2676132
1785368408957 2116572 4007396 2676132
1785368408994 2116572 4007396 2676132
1785368409031 2116572 4007396 2676132
1785368409069 2116572 4007396 2676132
1785368409107 2116572 4007396 2676132
1785368409146 2116572 4007396 2676132
1785368409184 2116572 4007396 2676132
1785368409221 2116572 4007396 2676132
1785368409259 2116572 4007396 2676132
1785368409298 2116572 4007396 2676132
1785368409335 2116572 4007396 2676132
1785368409374 2116576 4007396 2676132
1785368409412 2116576 4007396 2676132
1785368409453 2116576 4007396 2676132
1785368409491 2116576 4007396 2676132
1785368409530 2116576 4007396 2676132
1785368409571 2116576 4007396 2676132
1785368409610 2116576 4007396 2676132
1785368409649 2116576 4007396 2676132
1785368409688 2116576 4007396 2676132
1785368409727 2116576 4007396 2676132
1785368409764 2116576 4007396 2676132
1785368409804 2116576 4007396 2676132
1785368409844 2116576 4007396 2676132
1785368409882 2116580 4007396 2676132
1785368409922 2116580 4007396 2676132
1785368409961 2116580 4007396 2676132
1785368410000 2116580 4007396 2676132
1785368410040 2116580 4007396 2676132
1785368410079 2116580 4007396 2676132
1785368410117 2116580 4007396 2676132
1785368410158 2116580 4007396 2676132
1785368410197 2116580 4007396 2676132
1785368410236 2116580 4007396 2676132
1785368410275 2116580 4007396 2676132
1785368410314 2116580 4007396 2676132
1785368410353 2116580 4007396 2676132
1785368410392 2116580 4007396 2676132
1785368410431 2116580 4007396 2676132
1785368410473 2116580 4007396 2676132
1785368410512 2116580 4007396 2676132
1785368410550 2116580 4007396 2676132
1785368410591 2116580 4007396 2676132
1785368410631 2116580 4007396 2676132
1785368410669 2116580 4007396 2676132
1785368410709 2116580 4007396 2676132
1785368410748 2116580 4007396 2676132
1785368410787 2116580 4007396 2676132
1785368410827 2116580 4007396 2676132
1785368410866 2116580 4007396 2676132
1785368410904 2116580 4007396 2676132
1785368410943 2116580 4007396 2676132
1785368410981 2116580 4007396 2676132
1785368411020 2116580 4007396 2676132
1785368411058 2116584 4007396 2676132
1785368411098 2116592 4007396 2676132
1785368411138 2116888 4007396 2676132
1785368411178 2116888 4007396 2676132
1785368411216 2116888 4007396 2676132
1785368411255 2116888 4007396 2676132
1785368411293 2116888 4007396 2676132
1785368411330 2116888 4007396 2676132
1785368411372 2116936 4007396 2676132
1785368411414 2116936 4007396 2676132
1785368411453 2116936 4007396 2676132
1785368411492 2116936 4007396 2676132
1785368411530 2116936 4007396 2676132
1785368411569 2116936 4007396 2676132
1785368411606 2116936 4007396 2676132
1785368411643 2116936 4007396 2676132
1785368411681 2116936 4007396 2676132
1785368411720 2116936 4007396 2676132
1785368411757 2116936 4007396 2676132
1785368411797 2116936 4007396 2676132
1785368411834 2116936 4007396 2676132
1785368411871 2116936 4007396 2676132
1785368411910 2116936 4007396 2676132
1785368411947 2116936 4007396 2676132
1785368411985 2116936 4007396 2676132
1785368412025 2116936 4007396 2676132
1785368412063 2116936 4007396 2676132
1785368412100 2116936 4007396 2676132
1785368412139 2116940 4007396 2676132
1785368412177 2116940 4007396 2676132
1785368412216 2116940 4007396 2676132
1785368412254 2116944 4007396 2676132
1785368412292 2116952 4007396 2676132
1785368412331 2116952 4007396 2676132
1785368412369 2116952 4007396 2676132
1785368412409 2116952 4007396 2676132
1785368412448 2116952 4007396 2676132
1785368412487 2116952 4007396 2676132
1785368412528 2116956 4007396 2676132
1785368412567 2116956 4007396 2676132
1785368412606 2116956 4007396 2676132
1785368412647 2116956 4007396 2676132
1785368412687 2116956 4007396 2676132
1785368412725 2116956 4007396 2676132
1785368412765 2116956 4007396 2676132
1785368412804 2116956 4007396 2676132
1785368412843 2116956 4007396 2676132
1785368412882 2116960 4007396 2676132
1785368412922 2116960 4007396 2676132
1785368412961 2116960 4007396 2676132
1785368412999 2116960 4007396 2676132
1785368413038 2116960 4007396 2676132
1785368413078 2116960 4007396 2676132
1785368413116 2116960 4007396 2676132
1785368413156 2116960 4007396 2676132
1785368413195 2116960 4007396 2676132
1785368413233 2116960 4007396 2676132
1785368413272 2116960 4007396 2676132
1785368413311 2116964 4007396 2676132
1785368413350 2116964 4007396 2676132
1785368413389 2116964 4007396 2676132
1785368413427 2116964 4007396 2676132
1785368413466 2116964 4007396 2676132
1785368413506 2116964 4007396 2676132
1785368413545 2116964 4007396 2676132
1785368413584 2116964 4007396 2676132
1785368413623 2116964 4007396 2676132
1785368413662 2116964 4007396 2676132
1785368413701 2116964 4007396 2676132
1785368413740 2116964 4007396 2676132
1785368413779 2116964 4007396 2676132
1785368413818 2116964 4007396 2676132
1785368413857 2116964 4007396 2676132
1785368413897 2116964 4007396 2676132
1785368413937 2116964 4007396 2676132
1785368413977 2116964 4007396 2676132
1785368414016 2116964 4007396 2676132
1785368414055 2116964 4007396 2676132
1785368414095 2116964 4007396 2676132
1785368414135 2116964 4007396 2676132
1785368414176 2116964 4007396 2676132
1785368414214 2116964 4007396 2676132
1785368414252 2116964 4007396 2676132
1785368414292 2116964 4007396 2676132
1785368414331 2116964 4007396 2676132
1785368414371 2116964 4007396 2676132
1785368414411 2116964 4007396 2676132
1785368414451 2116964 4007396 2676132
1785368414488 2116968 4007396 2676132
1785368414527 2116968 4007396 2676132
1785368414565 2116968 4007396 2676132
1785368414601 2116968 4007396 2676132
1785368414641 2116968 4007396 2676132
1785368414678 2116968 4007396 2676132
1785368414718 2116968 4007396 2676132
1785368414757 2116968 4007396 2676132
1785368414798 2116968 4007396 2676132
1785368414838 2116968 4007396 2676132
1785368414878 2116968 4007396 2676132
1785368414918 2116968 4007396 2676132
1785368414958 2116968 4007396 2676132
1785368414999 2116968 4007396 2676132
1785368415038 2116972 4007396 2676132
1785368415075 2116972 4007396 2676132
1785368415112 2116972 4007396 2676132
1785368415153 2116972 4007396 2676132
1785368415191 2116972 4007396 2676132
1785368415232 2116972 4007396 2676132
1785368415271 2116972 4007396 2676132
1785368415311 2116972 4007396 2676132
1785368415349 2116972 4007396 2676132
1785368415391 2116972 4007396 2676132
1785368415429 2116972 4007396 2676132
1785368415469 2116972 4007396 2676132
1785368415511 2116972 4007396 2676132
1785368415550 2116972 4007396 2676132
1785368415587 2116972 4007396 2676132
1785368415627 2116972 4007396 2676132
1785368415664 2116972 4007396 2676132
1785368415701 2116972 4007396 2676132
1785368415739 2116972 4007396 2676132
1785368415777 2116972 4007396 2676132
1785368415818 2116972 4007396 2676132
1785368415859 2116972 4007396 2676132
1785368415899 2116972 4007396 2676132
1785368415939 2116976 4007396 2676132
1785368415976 2116976 4007396 2676132
1785368416013 2116976 4007396 2676132
1785368416051 2116976 4007396 2676132
1785368416091 2116976 4007396 2676132
1785368416130 2116976 4007396 2676132
1785368416169 2116976 4007396 2676132
1785368416210 2116976 4007396 2676132
1785368416248 2116976 4007396 2676132
1785368416288 2116976 4007396 2676132
1785368416329 2116976 4007396 2676132
1785368416366 2116976 4007396 2676132
1785368416403 2116976 4007396 2676132
1785368416445 2116976 4007396 2676132
1785368416484 2116976 4007396 2676132
1785368416524 2116976 4007396 2676132
1785368416563 2116976 4007396 2676132
1785368416601 2116976 4007396 2676132
1785368416638 2116976 4007396 2676132
1785368416676 2116976 4007396 2676132
1785368416718 2116976 4007396 2676132
1785368416760 2116976 4007396 2676132
1785368416797 2116976 4007396 2676132
1785368416836 2116976 4007396 2676132
1785368416876 2116976 4007396 2676132
1785368416915 2116976 4007396 2676132
1785368416952 2137132 4007396 2676132
1785368416992 2161708 4007396 2676132
1785368417036 2186284 4007396 2676132
1785368417076 2088108 4007396 2676132
1785368417117 2088108 4007396 2676132
1785368417155 2088108 4007396 2676132
1785368417193 2088108 4007396 2676132
1785368417232 2088108 4007396 2676132
1785368417269 2088108 4007396 2676132
1785368417309 2088108 4007396 2676132
1785368417349 2088108 4007396 2676132
1785368417388 2088108 4007396 2676132
1785368417428 2088108 4007396 2676132
1785368417467 2088108 4007396 2676132
1785368417506 2088112 4007396 2676132
1785368417546 2088112 4007396 2676132
1785368417584 2088112 4007396 2676132
1785368417622 2088112 4007396 2676132
1785368417663 2088112 4007396 2676132
1785368417702 2088112 4007396 2676132
1785368417743 2088112 4007396 2676132
1785368417782 2088112 4007396 2676132
1785368417822 2088112 4007396 2676132
1785368417861 2088112 4007396 2676132
1785368417901 2088124 4007396 2676132
1785368417941 2088128 4007396 2676132
1785368417982 2088132 4007396 2676132
1785368418022 2088132 4007396 2676132
1785368418064 2088132 4007396 2676132
1785368418102 2088132 4007396 2676132
1785368418141 2088132 4007396 2676132
1785368418181 2088132 4007396 2676132
1785368418220 2088132 4007396 2676132
1785368418258 2088132 4007396 2676132
1785368418297 2088132 4007396 2676132
1785368418337 2088132 4007396 2676132
1785368418375 2088132 4007396 2676132
1785368418416 2088132 4007396 2676132
1785368418454 2088132 4007396 2676132
1785368418493 2088132 4007396 2676132
1785368418534 2088132 4007396 2676132
1785368418574 2088132 4007396 2676132
1785368418612 2088132 4007396 2676132
1785368418654 2088132 4007396 2676132
1785368418693 2088132 4007396 2676132
1785368418732 2088132 4007396 2676132
1785368418773 2088132 4007396 2676132
1785368418813 2088132 4007396 2676132
1785368418852 2088132 4007396 2676132
1785368418892 2088132 4007396 2676132
1785368418932 2088132 4007396 2676132
1785368418971 2088132 4007396 2676132
1785368419011 2088132 4007396 2676132
1785368419051 2088132 4007396 2676132
1785368419090 2088132 4007396 2676132
1785368419130 2088132 4007396 2676132
1785368419169 2088132 4007396 2676132
1785368419209 2088132 4007396 2676132
1785368419249 2088132 4007396 2676132
1785368419289 2088132 4007396 2676132
1785368419329 2088132 4007396 2676132
1785368419367 2088132 4007396 2676132
1785368419407 2088132 4007396 2676132
1785368419446 2088132 4007396 2676132
1785368419485 2088132 4007396 2676132
1785368419524 2088132 4007396 2676132
1785368419563 2088132 4007396 2676132
1785368419603 2088132 4007396 2676132
1785368419643 2088132 4007396 2676132
1785368419682 2088132 4007396 2676132
1785368419722 2088132 4007396 2676132
1785368419762 2088132 4007396 2676132
1785368419801 2088132 4007396 2676132
1785368419841 2088132 4007396 2676132
1785368419880 2088132 4007396 2676132
1785368419920 2088132 4007396 2676132
1785368419961 2088132 4007396 2676132
1785368419999 2088136 4007396 2676132
1785368420038 2088136 4007396 2676132
1785368420076 2088140 4007396 2676132
1785368420114 2088144 4007396 2676132
1785368420153 2088144 4007396 2676132
1785368420191 2088144 4007396 2676132
1785368420228 2088144 4007396 2676132
1785368420266 2088144 4007396 2676132
1785368420304 2088144 4007396 2676132
1785368420343 2088144 4007396 2676132
1785368420382 2088144 4007396 2676132
1785368420420 2088144 4007396 2676132
1785368420458 2088144 4007396 2676132
1785368420497 2088144 4007396 2676132
1785368420536 2088144 4007396 2676132
1785368420574 2088144 4007396 2676132
1785368420613 2088144 4007396 2676132
1785368420652 2088144 4007396 2676132
1785368420692 2088144 4007396 2676132
1785368420730 2088144 4007396 2676132
1785368420770 2088144 4007396 2676132
1785368420810 2088144 4007396 2676132
1785368420849 2088144 4007396 2676132
1785368420887 2088148 4007396 2676132
1785368420926 2088148 4007396 2676132
1785368420964 2088148 4007396 2676132
1785368421003 2088148 4007396 2676132
1785368421042 2088148 4007396 2676132
1785368421081 2088148 4007396 2676132
1785368421120 2088148 4007396 2676132
1785368421162 2088148 4007396 2676132
1785368421200 2088148 4007396 2676132
1785368421239 2088148 4007396 2676132
1785368421280 2088148 4007396 2676132
1785368421318 2088148 4007396 2676132
1785368421358 2088148 4007396 2676132
1785368421398 2088148 4007396 2676132
1785368421438 2088148 4007396 2676132
1785368421477 2088148 4007396 2676132
1785368421516 2088148 4007396 2676132
1785368421556 2088148 4007396 2676132
1785368421596 2088148 4007396 2676132
1785368421635 2088148 4007396 2676132
1785368421673 2088148 4007396 2676132
1785368421715 2088148 4007396 2676132
1785368421754 2088148 4007396 2676132
1785368421793 2088148 4007396 2676132
1785368421834 2088148 4007396 2676132
1785368421873 2088148 4007396 2676132
1785368421911 2088148 4007396 2676132
1785368421951 2088148 4007396 2676132
1785368421991 2088148 4007396 2676132
1785368422030 2088148 4007396 2676132
1785368422070 2088148 4007396 2676132
1785368422109 2088148 4007396 2676132
1785368422148 2088148 4007396 2676132
1785368422188 2094164 4007396 2676132
1785368422228 2094164 4007396 2676132
1785368422266 2094164 4007396 2676132
1785368422305 2094164 4007396 2676132
1785368422345 2094164 4007396 2676132
1785368422385 2094164 4007396 2676132
1785368422423 2094164 4007396 2676132
1785368422460 2094164 4007396 2676132
1785368422500 2094164 4007396 2676132
1785368422539 2094164 4007396 2676132
1785368422577 2112596 4007396 2676132
1785368422622 2137172 4007396 2676132
1785368422663 2137172 4007396 2676132
1785368422703 2137172 4007396 2676132
1785368422742 2137172 4007396 2676132
1785368422779 2137172 4007396 2676132
1785368422818 2137172 4007396 2676132
1785368422855 2137172 4007396 2676132
1785368422894 2137172 4007396 2676132
1785368422932 2137172 4007396 2676132
1785368422972 2137172 4007396 2676132
1785368423010 2137172 4007396 2676132
1785368423048 2137172 4007396 2676132
1785368423085 2137176 4007396 2676132
1785368423123 2137184 4007396 2676132
1785368423161 2137184 4007396 2676132
1785368423198 2137184 4007396 2676132
1785368423237 2137184 4007396 2676132
1785368423275 2137184 4007396 2676132
1785368423313 2137184 4007396 2676132
1785368423351 2137184 4007396 2676132
1785368423390 2137184 4007396 2676132
1785368423426 2137184 4007396 2676132
1785368423466 2137184 4007396 2676132
1785368423505 2137192 4007396 2676132
1785368423544 2137192 4007396 2676132
1785368423583 2137192 4007396 2676132
1785368423623 2137200 4007396 2676132
1785368423662 2137200 4007396 2676132
1785368423701 2137200 4007396 2676132
1785368423740 2137204 4007396 2676132
1785368423780 2137204 4007396 2676132
1785368423819 2137204 4007396 2676132
1785368423857 2137204 4007396 2676132
1785368423898 2137204 4007396 2676132
1785368423937 2137204 4007396 2676132
1785368423976 2137204 4007396 2676132
1785368424017 2137204 4007396 2676132
1785368424057 2137204 4007396 2676132
1785368424097 2137204 4007396 2676132
1785368424135 2137204 4007396 2676132
1785368424176 2137204 4007396 2676132
1785368424215 2137204 4007396 2676132
1785368424253 2137204 4007396 2676132
1785368424294 2137204 4007396 2676132
1785368424334 2137204 4007396 2676132
1785368424373 2137204 4007396 2676132
1785368424412 2137204 4007396 2676132
1785368424453 2137204 4007396 2676132
1785368424491 2137204 4007396 2676132
1785368424531 2137204 4007396 2676132
1785368424571 2137204 4007396 2676132
1785368424610 2137204 4007396 2676132
1785368424650 2137204 4007396 2676132
1785368424690 2137204 4007396 2676132
1785368424729 2137204 4007396 2676132
1785368424769 2137204 4007396 2676132
1785368424808 2137204 4007396 2676132
1785368424848 2137204 4007396 2676132
1785368424886 2137204 4007396 2676132
1785368424925 2137204 4007396 2676132
1785368424965 2137204 4007396 2676132
1785368425005 2137204 4007396 2676132
1785368425045 2137204 4007396 2676132
1785368425084 2137204 4007396 2676132
1785368425123 2137204 4007396 2676132
1785368425162 2137204 4007396 2676132
1785368425202 2137204 4007396 2676132
1785368425240 2137204 4007396 2676132
1785368425280 2137204 4007396 2676132
1785368425319 2137204 4007396 2676132
1785368425358 2137204 4007396 2676132
1785368425398 2137204 4007396 2676132
1785368425437 2137204 4007396 2676132
1785368425477 2137204 4007396 2676132
1785368425517 2137204 4007396 2676132
1785368425556 2137204 4007396 2676132
1785368425595 2137208 4007396 2676132
1785368425634 2137208 4007396 2676132
1785368425673 2137212 4007396 2676132
1785368425712 2137212 4007396 2676132
1785368425750 2137212 4007396 2676132
1785368425788 2137212 4007396 2676132
1785368425826 2137212 4007396 2676132
1785368425864 2137212 4007396 2676132
1785368425901 2137212 4007396 2676132
1785368425940 2137212 4007396 2676132
1785368425977 2137212 4007396 2676132
1785368426015 2137212 4007396 2676132
1785368426053 2137212 4007396 2676132
1785368426091 2137212 4007396 2676132
1785368426131 2137212 4007396 2676132
1785368426171 2137212 4007396 2676132
1785368426210 2137212 4007396 2676132
1785368426250 2137212 4007396 2676132
1785368426290 2137212 4007396 2676132
1785368426329 2137212 4007396 2676132
1785368426369 2137212 4007396 2676132
1785368426409 2137212 4007396 2676132
1785368426446 2137212 4007396 2676132
1785368426486 2137212 4007396 2676132
1785368426526 2137212 4007396 2676132
1785368426565 2137212 4007396 2676132
1785368426603 2137216 4007396 2676132
1785368426643 2137216 4007396 2676132
1785368426683 2137216 4007396 2676132
1785368426722 2137216 4007396 2676132
1785368426761 2137216 4007396 2676132
1785368426799 2137216 4007396 2676132
1785368426839 2137216 4007396 2676132
1785368426882 2137216 4007396 2676132
1785368426920 2137216 4007396 2676132
1785368426957 2137216 4007396 2676132
1785368427000 2137216 4007396 2676132
1785368427040 2137216 4007396 2676132
1785368427078 2137216 4007396 2676132
1785368427116 2137216 4007396 2676132
1785368427157 2137216 4007396 2676132
1785368427198 2137216 4007396 2676132
1785368427236 2137216 4007396 2676132
1785368427273 2137216 4007396 2676132
1785368427313 2137216 4007396 2676132
1785368427354 2137216 4007396 2676132
1785368427392 2137216 4007396 2676132
1785368427431 2137216 4007396 2676132
1785368427469 2137216 4007396 2676132
1785368427509 2137216 4007396 2676132
1785368427549 2137216 4007396 2676132
1785368427590 2137216 4007396 2676132
1785368427628 2137216 4007396 2676132
1785368427669 2137216 4007396 2676132
1785368427709 2137216 4007396 2676132
1785368427746 2137216 4007396 2676132
1785368427783 2137216 4007396 2676132
1785368427826 2137216 4007396 2676132
1785368427865 2137216 4007396 2676132
1785368427905 2137216 4007396 2676132
1785368427948 2137216 4007396 2676132
1785368427988 2137216 4007396 2676132
1785368428028 2137216 4007396 2676132
1785368428065 2137216 4007396 2676132
1785368428104 2137216 4007396 2676132
1785368428142 2137220 4007396 2676132
1785368428177 2150404 4007396 2676132
1785368428215 2180224 4007396 2676132
1785368428257 2106624 4007396 2676132
1785368428299 2106624 4007396 2676132
1785368428338 2106624 4007396 2676132
1785368428375 2106624 4007396 2676132
1785368428411 2106624 4007396 2676132
1785368428451 2106624 4007396 2676132
1785368428490 2106624 4007396 2676132
1785368428528 2106624 4007396 2676132
1785368428565 2106624 4007396 2676132
1785368428606 2106624 4007396 2676132
1785368428645 2106624 4007396 2676132
1785368428686 2106624 4007396 2676132
1785368428725 2106628 4007396 2676132
1785368428763 2106636 4007396 2676132
1785368428802 2106636 4007396 2676132
1785368428841 2106636 4007396 2676132
1785368428881 2106636 4007396 2676132
1785368428919 2106636 4007396 2676132
1785368428956 2106636 4007396 2676132
1785368428997 2106636 4007396 2676132
1785368429036 2106636 4007396 2676132
1785368429076 2106636 4007396 2676132
1785368429115 2106636 4007396 2676132
1785368429155 2106644 4007396 2676132
1785368429194 2106648 4007396 2676132
1785368429236 2106648 4007396 2676132
1785368429276 2106648 4007396 2676132
1785368429316 2106648 4007396 2676132
1785368429353 2106648 4007396 2676132
1785368429391 2106648 4007396 2676132
1785368429429 2106648 4007396 2676132
1785368429466 2106648 4007396 2676132
1785368429505 2106648 4007396 2676132
1785368429546 2112664 4007396 2676132
1785368429582 2112664 4007396 2676132
1785368429619 2112664 4007396 2676132
1785368429661 2137244 4007396 2676132
1785368429699 2137244 4007396 2676132
1785368429738 2137244 4007396 2676132
1785368429778 2167968 4007396 2676132
1785368429819 2167968 4007396 2676132
1785368429859 2167968 4007396 2676132
1785368429898 2167968 4007396 2676132
1785368429938 2167968 4007396 2676132
1785368429979 2167968 4007396 2676132
1785368430019 2167968 4007396 2676132
1785368430061 2167968 4007396 2676132
1785368430103 2167968 4007396 2676132
1785368430142 2106652 4007396 2676132
1785368430184 2106652 4007396 2676132
1785368430223 2106652 4007396 2676132
1785368430264 2106652 4007396 2676132
1785368430304 2106652 4007396 2676132
1785368430344 2106652 4007396 2676132
1785368430385 2106652 4007396 2676132
1785368430425 2106652 4007396 2676132
1785368430464 2106652 4007396 2676132
1785368430505 2106652 4007396 2676132
1785368430544 2106652 4007396 2676132
1785368430586 2106652 4007396 2676132
1785368430626 2106652 4007396 2676132
1785368430665 2106652 4007396 2676132
1785368430707 2106652 4007396 2676132
1785368430746 2106652 4007396 2676132
1785368430787 2106652 4007396 2676132
1785368430828 2106652 4007396 2676132
1785368430867 2106652 4007396 2676132
1785368430905 2106652 4007396 2676132
1785368430946 2106652 4007396 2676132
1785368430985 2106652 4007396 2676132
1785368431026 2106652 4007396 2676132
1785368431065 2106652 4007396 2676132
1785368431106 2106652 4007396 2676132
1785368431145 2106652 4007396 2676132
1785368431186 2106652 4007396 2676132
1785368431226 2106652 4007396 2676132
1785368431267 2106652 4007396 2676132
1785368431305 2106652 4007396 2676132
1785368431342 2106652 4007396 2676132
1785368431380 2106652 4007396 2676132
1785368431421 2106664 4007396 2676132
1785368431459 2106664 4007396 2676132
1785368431496 2106664 4007396 2676132
1785368431535 2106664 4007396 2676132
1785368431572 2106664 4007396 2676132
1785368431611 2106664 4007396 2676132
1785368431649 2106664 4007396 2676132
1785368431689 2106664 4007396 2676132
1785368431727 2106664 4007396 2676132
1785368431767 2106664 4007396 2676132
1785368431808 2106664 4007396 2676132
1785368431848 2106664 4007396 2676132
1785368431888 2106664 4007396 2676132
1785368431926 2106664 4007396 2676132
1785368431965 2106668 4007396 2676132
1785368432004 2106668 4007396 2676132
1785368432043 2106668 4007396 2676132
1785368432084 2118828 4007396 2676132
1785368432124 2118828 4007396 2676132
1785368432163 2118828 4007396 2676132
1785368432204 2118828 4007396 2676132
1785368432242 2118828 4007396 2676132
1785368432282 2118828 4007396 2676132
1785368432320 2143404 4007396 2676132
1785368432360 2143404 4007396 2676132
1785368432399 2143404 4007396 2676132
1785368432437 2143404 4007396 2676132
1785368432477 2143404 4007396 2676132
1785368432516 2143404 4007396 2676132
1785368432556 2143404 4007396 2676132
1785368432597 2143404 4007396 2676132
1785368432635 2143404 4007396 2676132
1785368432672 2143404 4007396 2676132
1785368432711 2174128 4007396 2676132
1785368432750 2174132 4007396 2676132
1785368432788 2174132 4007396 2676132
1785368432830 2112816 4007396 2676132
1785368432871 2112816 4007396 2676132
1785368432912 2112816 4007396 2676132
1785368432953 2112816 4007396 2676132
1785368432993 2112816 4007396 2676132
1785368433032 2118832 4007396 2676132
1785368433072 2143408 4007396 2676132
1785368433111 2143408 4007396 2676132
1785368433151 2143408 4007396 2676132
1785368433190 2174132 4007396 2676132
1785368433233 2174132 4007396 2676132
1785368433272 2174132 4007396 2676132
1785368433312 2174132 4007396 2676132
1785368433354 2174132 4007396 2676132
1785368433394 2174132 4007396 2676132
1785368433433 2174132 4007396 2676132
1785368433474 2174132 4007396 2676132
1785368433515 2174132 4007396 2676132
1785368433554 2174132 4007396 2676132
1785368433595 2174136 4007396 2676132
1785368433636 2174136 4007396 2676132
1785368433675 2174136 4007396 2676132
1785368433715 2174136 4007396 2676132
1785368433757 2106676 4007396 2676132
1785368433798 2115640 4007396 2676132
1785368433834 2130876 4007396 2676132
1785368433871 2148408 4007396 2676132
1785368433908 2180276 4007396 2676132
1785368433947 2180596 4007396 2676132
1785368433985 2197560 4007396 2676132
1785368434022 2254004 4007396 2676132
1785368434065 2278580 4007396 2676132
1785368434106 2278580 4007396 2676132
1785368434148 2278580 4007396 2676132
1785368434186 2278580 4007396 2676132
1785368434224 2278580 4007396 2676132
1785368434261 2278580 4007396 2676132
1785368434300 2278580 4007396 2676132
1785368434339 2278580 4007396 2676132
1785368434377 2278580 4007396 2676132
1785368434418 2278580 4007396 2676132
1785368434457 2278580 4007396 2676132
1785368434497 2278580 4007396 2676132
1785368434538 2278588 4007396 2676132
1785368434577 2278588 4007396 2676132
1785368434616 2278588 4007396 2676132
1785368434656 2278588 4007396 2676132
1785368434697 2278588 4007396 2676132
1785368434735 2278588 4007396 2676132
1785368434773 2278588 4007396 2676132
1785368434811 2278588 4007396 2676132
1785368434851 2278592 4007396 2676132
1785368434892 2278592 4007396 2676132
1785368434933 2278596 4007396 2676132
1785368434973 2278600 4007396 2676132
1785368435014 2278600 4007396 2676132
1785368435054 2278600 4007396 2676132
1785368435094 2278604 4007396 2676132
1785368435134 2278604 4007396 2676132
1785368435174 2278604 4007396 2676132
1785368435215 2278604 4007396 2676132
1785368435254 2278604 4007396 2676132
1785368435294 2278604 4007396 2676132
1785368435335 2278604 4007396 2676132
1785368435373 2278604 4007396 2676132
1785368435411 2278604 4007396 2676132
1785368435451 2278604 4007396 2676132
1785368435488 2278604 4007396 2676132
1785368435524 2278604 4007396 2676132
1785368435563 2278604 4007396 2676132
1785368435602 2278604 4007396 2676132
1785368435638 2278604 4007396 2676132
1785368435678 2278608 4007396 2676132
1785368435719 2278608 4007396 2676132
1785368435756 2278608 4007396 2676132
1785368435793 2278608 4007396 2676132
1785368435832 2278608 4007396 2676132
1785368435869 2278608 4007396 2676132
1785368435906 2278608 4007396 2676132
1785368435944 2278608 4007396 2676132
1785368435980 2278608 4007396 2676132
1785368436017 2278608 4007396 2676132
1785368436055 2278608 4007396 2676132
1785368436093 2278608 4007396 2676132
1785368436131 2278608 4007396 2676132
1785368436168 2278608 4007396 2676132
1785368436206 2278608 4007396 2676132
1785368436243 2278608 4007396 2676132
1785368436280 2278608 4007396 2676132
1785368436318 2278608 4007396 2676132
1785368436355 2278608 4007396 2676132
1785368436392 2278608 4007396 2676132
1785368436431 2278608 4007396 2676132
1785368436468 2278608 4007396 2676132
1785368436505 2278608 4007396 2676132
1785368436542 2278608 4007396 2676132
1785368436580 2278608 4007396 2676132
1785368436616 2278608 4007396 2676132
1785368436653 2278608 4007396 2676132
1785368436689 2278608 4007396 2676132
1785368436726 2278608 4007396 2676132
1785368436763 2278608 4007396 2676132
1785368436801 2278608 4007396 2676132
1785368436838 2278608 4007396 2676132
1785368436875 2278608 4007396 2676132
1785368436913 2278608 4007396 2676132
1785368436950 2278608 4007396 2676132
1785368436987 2278608 4007396 2676132
1785368437024 2278608 4007396 2676132
1785368437060 2278608 4007396 2676132
1785368437097 2278608 4007396 2676132
1785368437133 2278616 4007396 2676132
1785368437169 2278616 4007396 2676132
1785368437206 2278616 4007396 2676132
1785368437241 2278616 4007396 2676132
1785368437276 2278616 4007396 2676132
1785368437313 2278616 4007396 2676132
1785368437348 2278616 4007396 2676132
1785368437386 2278616 4007396 2676132
1785368437423 2278616 4007396 2676132
1785368437459 2278616 4007396 2676132
1785368437495 2278616 4007396 2676132
1785368437530 2278616 4007396 2676132
1785368437567 2278616 4007396 2676132
1785368437602 2278616 4007396 2676132
1785368437640 2278616 4007396 2676132
1785368437677 2278616 4007396 2676132
1785368437718 2278616 4007396 2676132
1785368437756 2278616 4007396 2676132
1785368437796 2278616 4007396 2676132
1785368437836 2278620 4007396 2676132
1785368437873 2278620 4007396 2676132
1785368437910 2278620 4007396 2676132
1785368437951 2278620 4007396 2676132
1785368437989 2278620 4007396 2676132
1785368438025 2278620 4007396 2676132
1785368438061 2278620 4007396 2676132
1785368438099 2278620 4007396 2676132
1785368438135 2278620 4007396 2676132
1785368438173 2278620 4007396 2676132
1785368438215 2278620 4007396 2676132
1785368438254 2278620 4007396 2676132
1785368438291 2278620 4007396 2676132
1785368438335 2278620 4007396 2676132
1785368438373 2278620 4007396 2676132
1785368438414 2278620 4007396 2676132
1785368438455 2278620 4007396 2676132
1785368438493 2278620 4007396 2676132
1785368438531 2278620 4007396 2676132
1785368438569 2278620 4007396 2676132
1785368438607 2278620 4007396 2676132
1785368438645 2278620 4007396 2676132
1785368438686 2278620 4007396 2676132
1785368438724 2278620 4007396 2676132
1785368438761 2278620 4007396 2676132
1785368438799 2278620 4007396 2676132
1785368438836 2278620 4007396 2676132
1785368438873 2278620 4007396 2676132
1785368438913 2278620 4007396 2676132
1785368438950 2278620 4007396 2676132
1785368438986 2278620 4007396 2676132
1785368439025 2278620 4007396 2676132
1785368439062 2278620 4007396 2676132
1785368439098 2278620 4007396 2676132
1785368439135 2278620 4007396 2676132
1785368439173 2278620 4007396 2676132
1785368439211 2278620 4007396 2676132
1785368439249 2278620 4007396 2676132
1785368439288 2278620 4007396 2676132
1785368439325 2278620 4007396 2676132
1785368439366 2278620 4007396 2676132
1785368439406 2278620 4007396 2676132
1785368439445 2278620 4007396 2676132
1785368439482 2278620 4007396 2676132
1785368439518 2278620 4007396 2676132
1785368439553 2278620 4007396 2676132
1785368439590 2278620 4007396 2676132
1785368439626 2278620 4007396 2676132
1785368439661 2278620 4007396 2676132
1785368439706 2278620 4007396 2676132
1785368439745 2278620 4007396 2676132
1785368439783 2278620 4007396 2676132
1785368439823 2278620 4007396 2676132
1785368439859 2278620 4007396 2676132
1785368439894 2278620 4007396 2676132
1785368439929 2278620 4007396 2676132
1785368439964 2278620 4007396 2676132
1785368440001 2278620 4007396 2676132
1785368440036 2278620 4007396 2676132
1785368440076 2278620 4007396 2676132
1785368440113 2278620 4007396 2676132
1785368440153 2278620 4007396 2676132
1785368440190 2278620 4007396 2676132
1785368440227 2278620 4007396 2676132
1785368440262 2278624 4007396 2676132
1785368440299 2278624 4007396 2676132
1785368440336 2278624 4007396 2676132
1785368440373 2278624 4007396 2676132
1785368440409 2278624 4007396 2676132
1785368440445 2278624 4007396 2676132
1785368440481 2278624 4007396 2676132
1785368440521 2278628 4007396 2676132
1785368440558 2278628 4007396 2676132
1785368440595 2278628 4007396 2676132
1785368440632 2278628 4007396 2676132
1785368440668 2278640 4007396 2676132
1785368440705 2278640 4007396 2676132
1785368440743 2278640 4007396 2676132
1785368440780 2278644 4007396 2676132
1785368440821 2278644 4007396 2676132
1785368440859 2278644 4007396 2676132
1785368440898 2278644 4007396 2676132
1785368440938 2278644 4007396 2676132
1785368440978 2278644 4007396 2676132
1785368441016 2278644 4007396 2676132
1785368441054 2278644 4007396 2676132
1785368441094 2278644 4007396 2676132
1785368441131 2278644 4007396 2676132
1785368441172 2278644 4007396 2676132
1785368441213 2278644 4007396 2676132
1785368441250 2278644 4007396 2676132
1785368441291 2278644 4007396 2676132
1785368441331 2278644 4007396 2676132
1785368441370 2278644 4007396 2676132
1785368441409 2278644 4007396 2676132
1785368441449 2278644 4007396 2676132
1785368441491 2278644 4007396 2676132
1785368441531 2278644 4007396 2676132
1785368441568 2278644 4007396 2676132
1785368441611 2278644 4007396 2676132
1785368441651 2278644 4007396 2676132
1785368441691 2278648 4007396 2676132
1785368441733 2278648 4007396 2676132
1785368441773 2278648 4007396 2676132
1785368441814 2278648 4007396 2676132
1785368441853 2278648 4007396 2676132
1785368441895 2278648 4007396 2676132
1785368441934 2278648 4007396 2676132
1785368441972 2278648 4007396 2676132
1785368442011 2278648 4007396 2676132
1785368442049 2278648 4007396 2676132
1785368442090 2278648 4007396 2676132
1785368442129 2278648 4007396 2676132
1785368442170 2278648 4007396 2676132
1785368442210 2278648 4007396 2676132
1785368442248 2278648 4007396 2676132
1785368442286 2278648 4007396 2676132
1785368442327 2278648 4007396 2676132
1785368442367 2278648 4007396 2676132
1785368442408 2278648 4007396 2676132
1785368442447 2278648 4007396 2676132
1785368442489 2278648 4007396 2676132
1785368442528 2278648 4007396 2676132
1785368442568 2278648 4007396 2676132
1785368442607 2278648 4007396 2676132
1785368442647 2278648 4007396 2676132
1785368442686 2278648 4007396 2676132
1785368442726 2278648 4007396 2676132
1785368442765 2278648 4007396 2676132
1785368442803 2278648 4007396 2676132
1785368442841 2278648 4007396 2676132
1785368442881 2278648 4007396 2676132
1785368442922 2278648 4007396 2676132
1785368442962 2278648 4007396 2676132
1785368443003 2278656 4007396 2676132
1785368443043 2278656 4007396 2676132
1785368443081 2278656 4007396 2676132
1785368443121 2278656 4007396 2676132
1785368443160 2278656 4007396 2676132
1785368443199 2278656 4007396 2676132
1785368443238 2278656 4007396 2676132
1785368443278 2278656 4007396 2676132
1785368443318 2278656 4007396 2676132
1785368443356 2278656 4007396 2676132
1785368443395 2278656 4007396 2676132
1785368443436 2278656 4007396 2676132
1785368443478 2278660 4007396 2676132
1785368443518 2278660 4007396 2676132
1785368443557 2278660 4007396 2676132
1785368443597 2278660 4007396 2676132
1785368443636 2278660 4007396 2676132
1785368443677 2278660 4007396 2676132
1785368443718 2278660 4007396 2676132
1785368443757 2278660 4007396 2676132
1785368443798 2278664 4007396 2676132
1785368443836 2278664 4007396 2676132
1785368443876 2278664 4007396 2676132
1785368443917 2278664 4007396 2676132
1785368443954 2278664 4007396 2676132
1785368443991 2278664 4007396 2676132
1785368444032 2278664 4007396 2676132
1785368444072 2278664 4007396 2676132
1785368444113 2278664 4007396 2676132
1785368444151 2278664 4007396 2676132
1785368444194 2278664 4007396 2676132
1785368444235 2278664 4007396 2676132
1785368444273 2278664 4007396 2676132
1785368444313 2278664 4007396 2676132
1785368444354 2278664 4007396 2676132
1785368444393 2278664 4007396 2676132
1785368444432 2278664 4007396 2676132
1785368444473 2278664 4007396 2676132
1785368444513 2278664 4007396 2676132
1785368444553 2278664 4007396 2676132
1785368444592 2278664 4007396 2676132
1785368444631 2278664 4007396 2676132
1785368444670 2278664 4007396 2676132
1785368444706 2278664 4007396 2676132
1785368444747 2278664 4007396 2676132
1785368444789 2278664 4007396 2676132
1785368444829 2278664 4007396 2676132
1785368444867 2278664 4007396 2676132
1785368444908 2278664 4007396 2676132
1785368444946 2278664 4007396 2676132
1785368444986 2278664 4007396 2676132
1785368445027 2278664 4007396 2676132
1785368445069 2278664 4007396 2676132
1785368445107 2278664 4007396 2676132
1785368445146 2278664 4007396 2676132
1785368445188 2278664 4007396 2676132
1785368445227 2278664 4007396 2676132
1785368445268 2278664 4007396 2676132
1785368445308 2278664 4007396 2676132
1785368445350 2278664 4007396 2676132
1785368445388 2278664 4007396 2676132
1785368445425 2278664 4007396 2676132
1785368445464 2278664 4007396 2676132
1785368445502 2278664 4007396 2676132
1785368445540 2303244 4007396 2676132
1785368445587 2303372 4007396 2676132
1785368445628 2303372 4007396 2676132
1785368445667 2303372 4007396 2676132
1785368445705 2303372 4007396 2676132
1785368445745 2303372 4007396 2676132
1785368445783 2303372 4007396 2676132
1785368445820 2303372 4007396 2676132
1785368445855 2303372 4007396 2676132
1785368445893 2303372 4007396 2676132
1785368445934 2303372 4007396 2676132
1785368445975 2303372 4007396 2676132
1785368446015 2303372 4007396 2676132
1785368446053 2229640 4007396 2676132
1785368446094 2229644 4007396 2676132
1785368446132 2229644 4007396 2676132
1785368446169 2229644 4007396 2676132
1785368446209 2229644 4007396 2676132
1785368446248 2229644 4007396 2676132
1785368446285 2229644 4007396 2676132
1785368446325 2229644 4007396 2676132
1785368446364 2229644 4007396 2676132
1785368446404 2229644 4007396 2676132
1785368446444 2229644 4007396 2676132
1785368446485 2229656 4007396 2676132
1785368446524 2229656 4007396 2676132
1785368446563 2229656 4007396 2676132
1785368446601 2229660 4007396 2676132
1785368446640 2229660 4007396 2676132
1785368446678 2229660 4007396 2676132
1785368446718 2229660 4007396 2676132
1785368446760 2229660 4007396 2676132
1785368446801 2229660 4007396 2676132
1785368446840 2229660 4007396 2676132
1785368446882 2229668 4007396 2676132
1785368446921 2229668 4007396 2676132
1785368446958 2235864 4007396 2676132
1785368446997 2266408 4007396 2676132
1785368447036 2266408 4007396 2676132
1785368447077 2266408 4007396 2676132
1785368447117 2266408 4007396 2676132
1785368447158 2266408 4007396 2676132
1785368447196 2266408 4007396 2676132
1785368447236 2266408 4007396 2676132
1785368447278 2266408 4007396 2676132
1785368447318 2266408 4007396 2676132
1785368447357 2266408 4007396 2676132
1785368447400 2272552 4007396 2676132
1785368447440 2272552 4007396 2676132
1785368447478 2272552 4007396 2676132
1785368447518 2272552 4007396 2676132
1785368447559 2272552 4007396 2676132
1785368447599 2272552 4007396 2676132
1785368447640 2272552 4007396 2676132
1785368447680 2272552 4007396 2676132
1785368447721 2272552 4007396 2676132
1785368447762 2272552 4007396 2676132
1785368447803 2272552 4007396 2676132
1785368447843 2272552 4007396 2676132
1785368447884 2272552 4007396 2676132
1785368447926 2272552 4007396 2676132
1785368447966 2272552 4007396 2676132
1785368448005 2272552 4007396 2676132
1785368448043 2272552 4007396 2676132
1785368448081 2272552 4007396 2676132
1785368448120 2272552 4007396 2676132
1785368448161 2272552 4007396 2676132
1785368448200 2272552 4007396 2676132
1785368448242 2272552 4007396 2676132
1785368448282 2272552 4007396 2676132
1785368448323 2272552 4007396 2676132
1785368448365 2272552 4007396 2676132
1785368448405 2272552 4007396 2676132
1785368448446 2272552 4007396 2676132
1785368448486 2272552 4007396 2676132
1785368448528 2272552 4007396 2676132
1785368448567 2272552 4007396 2676132
1785368448605 2272552 4007396 2676132
1785368448643 2272552 4007396 2676132
1785368448681 2272552 4007396 2676132
1785368448719 2272552 4007396 2676132
1785368448757 2272552 4007396 2676132
1785368448795 2272560 4007396 2676132
1785368448833 2272560 4007396 2676132
1785368448870 2272560 4007396 2676132
1785368448909 2272560 4007396 2676132
1785368448948 2272560 4007396 2676132
1785368448986 2272560 4007396 2676132
1785368449024 2272560 4007396 2676132
1785368449060 2272560 4007396 2676132
1785368449098 2272560 4007396 2676132
1785368449136 2272560 4007396 2676132
1785368449175 2272560 4007396 2676132
1785368449213 2272560 4007396 2676132
1785368449255 2272560 4007396 2676132
1785368449295 2272560 4007396 2676132
1785368449337 2272560 4007396 2676132
1785368449376 2272560 4007396 2676132
1785368449414 2272560 4007396 2676132
1785368449456 2272560 4007396 2676132
1785368449495 2272560 4007396 2676132
1785368449534 2272560 4007396 2676132
1785368449572 2278704 4007396 2676132
1785368449610 2278704 4007396 2676132
1785368449650 2278704 4007396 2676132
1785368449690 2297136 4007396 2676132
1785368449730 2297136 4007396 2676132
1785368449768 2297136 4007396 2676132
1785368449808 2297136 4007396 2676132
1785368449850 2297136 4007396 2676132
1785368449891 2297136 4007396 2676132
1785368449930 2297140 4007396 2676132
1785368449971 2248116 4007396 2676132
1785368450009 2253476 4007396 2676132
1785368450047 2272564 4007396 2676132
1785368450089 2284852 4007396 2676132
1785368450129 2284852 4007396 2676132
1785368450168 2284852 4007396 2676132
1785368450206 2284852 4007396 2676132
1785368450244 2284852 4007396 2676132
1785368450283 2284852 4007396 2676132
1785368450322 2284852 4007396 2676132
1785368450359 2284852 4007396 2676132
1785368450399 2284852 4007396 2676132
1785368450440 2284852 4007396 2676132
1785368450479 2284852 4007396 2676132
1785368450516 2284852 4007396 2676132
1785368450558 2290996 4007396 2676132
1785368450597 2290996 4007396 2676132
1785368450637 2290996 4007396 2676132
1785368450677 2315572 4007396 2676132
1785368450718 2315572 4007396 2676132
1785368450757 2315572 4007396 2676132
1785368450798 2315572 4007396 2676132
1785368450837 2315572 4007396 2676132
1785368450879 2315572 4007396 2676132
1785368450918 2315572 4007396 2676132
1785368450959 2315572 4007396 2676132
1785368451000 2315572 4007396 2676132
1785368451038 2315572 4007396 2676132
1785368451075 2315572 4007396 2676132
1785368451114 2315572 4007396 2676132
1785368451155 2315572 4007396 2676132
1785368451195 2315572 4007396 2676132
1785368451234 2315572 4007396 2676132
1785368451272 2315572 4007396 2676132
1785368451310 2315572 4007396 2676132
1785368451347 2320564 4007396 2676132
1785368451386 2358580 4007396 2676132
1785368451433 2407732 4007396 2676132
1785368451474 2407732 4007396 2676132
1785368451516 2260404 4007396 2676132
1785368451553 2260404 4007396 2676132
1785368451593 2260404 4007396 2676132
1785368451633 2260404 4007396 2676132
1785368451672 2260404 4007396 2676132
1785368451710 2260404 4007396 2676132
1785368451748 2260404 4007396 2676132
1785368451789 2260404 4007396 2676132
1785368451828 2260404 4007396 2676132
1785368451870 2260404 4007396 2676132
1785368451911 2260404 4007396 2676132
1785368451952 2260412 4007396 2676132
1785368451992 2260412 4007396 2676132
1785368452031 2260412 4007396 2676132
1785368452069 2260412 4007396 2676132
1785368452106 2260412 4007396 2676132
1785368452144 2260412 4007396 2676132
1785368452185 2260412 4007396 2676132
1785368452225 2260412 4007396 2676132
1785368452265 2260412 4007396 2676132
1785368452306 2260412 4007396 2676132
1785368452347 2260420 4007396 2676132
1785368452387 2260424 4007396 2676132
1785368452428 2260424 4007396 2676132
1785368452469 2260424 4007396 2676132
1785368452510 2260424 4007396 2676132
1785368452551 2260424 4007396 2676132
1785368452592 2282572 4007396 2676132
1785368452631 2282572 4007396 2676132
1785368452672 2282572 4007396 2676132
1785368452712 2301004 4007396 2676132
1785368452752 2301004 4007396 2676132
1785368452793 2301004 4007396 2676132
1785368452833 2301004 4007396 2676132
1785368452873 2301004 4007396 2676132
1785368452913 2301004 4007396 2676132
1785368452953 2301004 4007396 2676132
1785368452996 2319436 4007396 2676132
1785368453035 2319436 4007396 2676132
1785368453075 2319436 4007396 2676132
1785368453116 2319440 4007396 2676132
1785368453157 2319440 4007396 2676132
1785368453197 2319440 4007396 2676132
1785368453236 2319440 4007396 2676132
1785368453275 2319440 4007396 2676132
1785368453316 2319440 4007396 2676132
1785368453356 2319440 4007396 2676132
1785368453396 2319440 4007396 2676132
1785368453436 2319440 4007396 2676132
1785368453476 2319440 4007396 2676132
1785368453515 2319440 4007396 2676132
1785368453556 2319440 4007396 2676132
1785368453597 2319440 4007396 2676132
1785368453637 2319440 4007396 2676132
1785368453679 2319440 4007396 2676132
1785368453720 2319440 4007396 2676132
1785368453761 2319440 4007396 2676132
1785368453802 2319440 4007396 2676132
1785368453843 2319440 4007396 2676132
1785368453884 2319440 4007396 2676132
1785368453926 2319440 4007396 2676132
1785368453966 2319440 4007396 2676132
1785368454005 2319440 4007396 2676132
1785368454045 2319440 4007396 2676132
1785368454085 2319440 4007396 2676132
1785368454125 2319440 4007396 2676132
1785368454165 2319440 4007396 2676132
1785368454205 2319440 4007396 2676132
1785368454245 2319440 4007396 2676132
1785368454286 2319440 4007396 2676132
1785368454326 2319440 4007396 2676132
1785368454365 2319440 4007396 2676132
1785368454404 2319440 4007396 2676132
1785368454445 2319440 4007396 2676132
1785368454484 2319440 4007396 2676132
1785368454523 2319440 4007396 2676132
1785368454562 2319440 4007396 2676132
1785368454602 2319448 4007396 2676132
1785368454640 2258136 4007396 2676132
1785368454678 2258136 4007396 2676132
1785368454716 2258136 4007396 2676132
1785368454755 2258136 4007396 2676132
1785368454793 2258136 4007396 2676132
1785368454831 2258136 4007396 2676132
1785368454872 2258136 4007396 2676132
1785368454910 2258136 4007396 2676132
1785368454950 2258136 4007396 2676132
1785368454987 2258136 4007396 2676132
1785368455026 2258136 4007396 2676132
1785368455065 2258136 4007396 2676132
1785368455104 2258136 4007396 2676132
1785368455143 2258140 4007396 2676132
1785368455184 2258140 4007396 2676132
1785368455224 2258140 4007396 2676132
1785368455264 2264156 4007396 2676132
1785368455306 2282588 4007396 2676132
1785368455345 2282588 4007396 2676132
1785368455386 2282588 4007396 2676132
1785368455427 2313308 4007396 2676132
1785368455467 2313308 4007396 2676132
1785368455508 2313308 4007396 2676132
1785368455547 2319452 4007396 2676132
1785368455589 2319452 4007396 2676132
1785368455629 2319452 4007396 2676132
1785368455668 2319452 4007396 2676132
1785368455709 2319452 4007396 2676132
1785368455747 2319452 4007396 2676132
1785368455787 2319452 4007396 2676132
1785368455830 2319452 4007396 2676132
1785368455871 2319452 4007396 2676132
1785368455910 2319452 4007396 2676132
1785368455953 2319452 4007396 2676132
1785368455994 2319452 4007396 2676132
1785368456035 2319452 4007396 2676132
1785368456076 2319452 4007396 2676132
1785368456118 2319452 4007396 2676132
1785368456159 2319452 4007396 2676132
1785368456200 2319452 4007396 2676132
1785368456240 2319452 4007396 2676132
1785368456281 2319452 4007396 2676132
1785368456322 2319452 4007396 2676132
1785368456363 2319452 4007396 2676132
1785368456404 2350172 4007396 2676132
1785368456445 2350172 4007396 2676132
1785368456487 2350172 4007396 2676132
1785368456527 2368604 4007396 2676132
1785368456568 2368604 4007396 2676132
1785368456609 2368604 4007396 2676132
1785368456649 2368604 4007396 2676132
1785368456689 2368604 4007396 2676132
1785368456730 2368604 4007396 2676132
1785368456770 2368604 4007396 2676132
1785368456811 2368604 4007396 2676132
1785368456849 2368604 4007396 2676132
1785368456890 2368604 4007396 2676132
1785368456932 2307292 4007396 2676132
1785368456973 2307292 4007396 2676132
1785368457012 2307296 4007396 2676132
1785368457051 2312412 4007396 2676132
1785368457091 2337884 4007396 2676132
1785368457131 2347228 4007396 2676132
1785368457169 2362408 4007396 2676132
1785368457212 2460764 4007396 2676132
1785368457253 2258140 4007396 2676132
1785368457293 2258140 4007396 2676132
1785368457332 2258140 4007396 2676132
1785368457370 2258140 4007396 2676132
1785368457409 2258140 4007396 2676132
1785368457448 2258140 4007396 2676132
1785368457486 2258140 4007396 2676132
1785368457526 2258140 4007396 2676132
1785368457565 2258140 4007396 2676132
1785368457603 2258140 4007396 2676132
1785368457640 2258140 4007396 2676132
1785368457679 2258140 4007396 2676132
1785368457718 2258140 4007396 2676132
1785368457757 2258144 4007396 2676132
1785368457795 2258144 4007396 2676132
1785368457835 2258144 4007396 2676132
1785368457873 2258144 4007396 2676132
1785368457912 2258144 4007396 2676132
1785368457950 2258144 4007396 2676132
1785368457988 2258144 4007396 2676132
1785368458029 2258144 4007396 2676132
1785368458069 2258144 4007396 2676132
1785368458108 2258148 4007396 2676132
1785368458147 2258152 4007396 2676132
1785368458186 2258160 4007396 2676132
1785368458225 2258160 4007396 2676132
1785368458264 2258160 4007396 2676132
1785368458303 2258160 4007396 2676132
1785368458342 2258160 4007396 2676132
1785368458381 2276464 4007396 2676132
1785368458421 2294900 4007396 2676132
1785368458463 2319476 4007396 2676132
1785368458504 2319476 4007396 2676132
1785368458545 2319476 4007396 2676132
1785368458585 2350196 4007396 2676132
1785368458627 2350196 4007396 2676132
1785368458667 2350196 4007396 2676132
1785368458707 2356340 4007396 2676132
1785368458748 2356340 4007396 2676132
1785368458788 2356340 4007396 2676132
1785368458828 2362484 4007396 2676132
1785368458870 2362484 4007396 2676132
1785368458910 2362484 4007396 2676132
1785368458950 2362484 4007396 2676132
1785368458992 2362484 4007396 2676132
1785368459032 2362484 4007396 2676132
1785368459072 2362484 4007396 2676132
1785368459114 2362484 4007396 2676132
1785368459155 2362484 4007396 2676132
1785368459196 2362488 4007396 2676132
1785368459238 2362488 4007396 2676132
1785368459278 2362488 4007396 2676132
1785368459319 2362488 4007396 2676132
1785368459360 2362488 4007396 2676132
1785368459402 2362488 4007396 2676132
1785368459443 2362488 4007396 2676132
1785368459483 2362488 4007396 2676132
1785368459527 2362488 4007396 2676132
1785368459567 2362488 4007396 2676132
1785368459606 2362488 4007396 2676132
1785368459646 2362488 4007396 2676132
1785368459687 2362488 4007396 2676132
1785368459728 2362488 4007396 2676132
1785368459769 2362488 4007396 2676132
1785368459810 2362488 4007396 2676132
1785368459851 2362488 4007396 2676132
1785368459891 2362488 4007396 2676132
1785368459932 2362488 4007396 2676132
1785368459973 2362488 4007396 2676132
1785368460014 2362488 4007396 2676132
1785368460055 2362488 4007396 2676132
1785368460095 2362488 4007396 2676132
1785368460136 2362488 4007396 2676132
1785368460177 2362488 4007396 2676132
1785368460217 2362488 4007396 2676132
1785368460258 2362488 4007396 2676132
1785368460298 2362488 4007396 2676132
1785368460339 2362488 4007396 2676132
1785368460379 2362492 4007396 2676132
1785368460418 2270460 4007396 2676132
1785368460459 2270460 4007396 2676132
1785368460498 2270460 4007396 2676132
1785368460537 2270460 4007396 2676132
1785368460576 2270460 4007396 2676132
1785368460616 2270460 4007396 2676132
1785368460656 2270460 4007396 2676132
1785368460695 2270460 4007396 2676132
1785368460734 2270460 4007396 2676132
1785368460773 2270460 4007396 2676132
1785368460811 2270460 4007396 2676132
1785368460851 2270460 4007396 2676132
1785368460892 2270460 4007396 2676132
1785368460933 2270460 4007396 2676132
1785368460973 2287228 4007396 2676132
1785368461014 2302204 4007396 2676132
1785368461056 2336380 4007396 2676132
1785368461096 2336380 4007396 2676132
1785368461137 2336380 4007396 2676132
1785368461177 2342528 4007396 2676132
1785368461218 2342528 4007396 2676132
1785368461260 2348672 4007396 2676132
1785368461299 2379392 4007396 2676132
1785368461341 2379392 4007396 2676132
1785368461381 2379392 4007396 2676132
1785368461422 2379392 4007396 2676132
1785368461463 2379392 4007396 2676132
1785368461505 2379392 4007396 2676132
1785368461545 2379392 4007396 2676132
1785368461586 2379392 4007396 2676132
1785368461627 2379392 4007396 2676132
1785368461668 2299648 4007396 2676132
1785368461709 2299648 4007396 2676132
1785368461750 2299648 4007396 2676132
1785368461792 2299648 4007396 2676132
1785368461833 2299648 4007396 2676132
1785368461875 2299648 4007396 2676132
1785368461916 2310400 4007396 2676132
1785368461956 2330720 4007396 2676132
1785368461998 2367108 4007396 2676132
1785368462039 2367108 4007396 2676132
1785368462080 2367108 4007396 2676132
1785368462120 2385540 4007396 2676132
1785368462161 2385540 4007396 2676132
1785368462202 2385540 4007396 2676132
1785368462242 2410116 4007396 2676132
1785368462284 2410116 4007396 2676132
1785368462324 2410116 4007396 2676132
1785368462365 2410116 4007396 2676132
1785368462406 2410116 4007396 2676132
1785368462447 2410116 4007396 2676132
1785368462487 2410116 4007396 2676132
1785368462529 2410116 4007396 2676132
1785368462570 2410116 4007396 2676132
1785368462610 2410116 4007396 2676132
1785368462652 2410116 4007396 2676132
1785368462694 2410116 4007396 2676132
1785368462733 2410116 4007396 2676132
1785368462772 2410116 4007396 2676132
1785368462813 2410116 4007396 2676132
1785368462853 2410116 4007396 2676132
1785368462892 2428548 4007396 2676132
1785368462940 2316300 4007396 2676132
1785368462981 2278148 4007396 2676132
1785368463022 2278148 4007396 2676132
1785368463063 2278148 4007396 2676132
1785368463102 2278148 4007396 2676132
1785368463141 2278148 4007396 2676132
1785368463180 2287876 4007396 2676132
1785368463220 2296452 4007396 2676132
1785368463259 2296452 4007396 2676132
1785368463299 2296452 4007396 2676132
1785368463339 2296452 4007396 2676132
1785368463378 2296452 4007396 2676132
1785368463417 2296452 4007396 2676132
1785368463457 2296456 4007396 2676132
1785368463497 2296456 4007396 2676132
1785368463536 2296456 4007396 2676132
1785368463576 2296456 4007396 2676132
1785368463616 2296456 4007396 2676132
1785368463655 2296456 4007396 2676132
1785368463695 2296460 4007396 2676132
1785368463735 2296460 4007396 2676132
1785368463775 2296460 4007396 2676132
1785368463814 2296464 4007396 2676132
1785368463854 2296468 4007396 2676132
1785368463895 2296472 4007396 2676132
1785368463936 2296472 4007396 2676132
1785368463978 2312348 4007396 2676132
1785368464018 2332952 4007396 2676132
1785368464058 2342552 4007396 2676132
1785368464096 2373272 4007396 2676132
1785368464138 2373272 4007396 2676132
1785368464178 2373272 4007396 2676132
1785368464218 2391708 4007396 2676132
1785368464261 2391708 4007396 2676132
1785368464300 2391708 4007396 2676132
1785368464342 2391708 4007396 2676132
1785368464385 2391708 4007396 2676132
1785368464425 2391708 4007396 2676132
1785368464466 2391708 4007396 2676132
1785368464508 2403996 4007396 2676132
1785368464548 2403996 4007396 2676132
1785368464588 2403996 4007396 2676132
1785368464632 2416284 4007396 2676132
1785368464672 2416284 4007396 2676132
1785368464713 2416284 4007396 2676132
1785368464755 2416284 4007396 2676132
1785368464795 2416284 4007396 2676132
1785368464834 2416284 4007396 2676132
1785368464877 2416284 4007396 2676132
1785368464919 2416288 4007396 2676132
1785368464961 2416288 4007396 2676132
1785368465003 2416288 4007396 2676132
1785368465045 2416288 4007396 2676132
1785368465087 2416288 4007396 2676132
1785368465130 2416288 4007396 2676132
1785368465171 2416288 4007396 2676132
1785368465212 2416288 4007396 2676132
1785368465252 2416288 4007396 2676132
1785368465291 2416288 4007396 2676132
1785368465330 2416288 4007396 2676132
1785368465369 2416288 4007396 2676132
1785368465411 2416288 4007396 2676132
1785368465452 2416288 4007396 2676132
1785368465491 2416288 4007396 2676132
1785368465533 2416288 4007396 2676132
1785368465573 2416288 4007396 2676132
1785368465615 2416288 4007396 2676132
1785368465655 2416288 4007396 2676132
1785368465697 2416288 4007396 2676132
1785368465740 2416288 4007396 2676132
1785368465781 2416288 4007396 2676132
1785368465822 2416288 4007396 2676132
1785368465861 2416288 4007396 2676132
1785368465903 2416288 4007396 2676132
1785368465942 2416288 4007396 2676132
1785368465981 2416288 4007396 2676132
1785368466019 2416288 4007396 2676132
1785368466057 2416288 4007396 2676132
1785368466098 2416288 4007396 2676132
1785368466128 2354980 4007396 2676132
1785368466168 2354980 4007396 2676132
1785368466208 2354980 4007396 2676132
1785368466247 2354980 4007396 2676132
1785368466288 2354980 4007396 2676132
1785368466328 2354980 4007396 2676132
1785368466367 2354980 4007396 2676132
1785368466409 2354980 4007396 2676132
1785368466448 2354980 4007396 2676132
1785368466488 2354980 4007396 2676132
1785368466528 2354980 4007396 2676132
1785368466568 2354980 4007396 2676132
1785368466607 2354980 4007396 2676132
1785368466647 2354980 4007396 2676132
1785368466688 2354980 4007396 2676132
1785368466730 2354984 4007396 2676132
1785368466771 2354984 4007396 2676132
1785368466810 2389416 4007396 2676132
1785368466850 2389416 4007396 2676132
1785368466888 2389416 4007396 2676132
1785368466926 2389416 4007396 2676132
1785368466967 2401704 4007396 2676132
1785368467007 2401704 4007396 2676132
1785368467048 2401704 4007396 2676132
1785368467089 2401704 4007396 2676132
1785368467130 2401704 4007396 2676132
1785368467169 2401704 4007396 2676132
1785368467207 2401708 4007396 2676132
1785368467251 2401708 4007396 2676132
1785368467293 2401708 4007396 2676132
1785368467333 2401708 4007396 2676132
1785368467376 2401708 4007396 2676132
1785368467417 2401708 4007396 2676132
1785368467458 2401708 4007396 2676132
1785368467502 2401708 4007396 2676132
1785368467542 2401708 4007396 2676132
1785368467581 2401708 4007396 2676132
1785368467624 2401708 4007396 2676132
1785368467666 2401708 4007396 2676132
1785368467709 2401708 4007396 2676132
1785368467749 2401708 4007396 2676132
1785368467790 2401708 4007396 2676132
1785368467831 2401708 4007396 2676132
1785368467871 2401708 4007396 2676132
1785368467911 2401708 4007396 2676132
1785368467952 2401708 4007396 2676132
1785368467992 2401708 4007396 2676132
1785368468030 2401708 4007396 2676132
1785368468069 2401708 4007396 2676132
1785368468113 2401708 4007396 2676132
1785368468153 2401708 4007396 2676132
1785368468191 2401708 4007396 2676132
1785368468235 2407852 4007396 2676132
1785368468276 2407852 4007396 2676132
1785368468316 2407852 4007396 2676132
1785368468360 2407852 4007396 2676132
1785368468400 2407852 4007396 2676132
1785368468441 2407852 4007396 2676132
1785368468484 2407852 4007396 2676132
1785368468525 2407852 4007396 2676132
1785368468564 2407852 4007396 2676132
1785368468604 2407852 4007396 2676132
1785368468642 2426284 4007396 2676132
1785368468680 2426336 4007396 2676132
1785368468721 2445612 4007396 2676132
1785368468760 2475436 4007396 2676132
1785368468803 2573740 4007396 2676132
1785368468844 2377260 4007396 2676132
1785368468882 2377260 4007396 2676132
1785368468921 2377260 4007396 2676132
1785368468960 2377260 4007396 2676132
1785368469000 2377260 4007396 2676132
1785368469040 2377260 4007396 2676132
1785368469077 2377260 4007396 2676132
1785368469119 2377260 4007396 2676132
1785368469159 2377260 4007396 2676132
1785368469200 2377260 4007396 2676132
1785368469241 2377260 4007396 2676132
1785368469282 2377260 4007396 2676132
1785368469322 2377268 4007396 2676132
1785368469362 2377268 4007396 2676132
1785368469401 2377268 4007396 2676132
1785368469441 2377268 4007396 2676132
1785368469481 2377268 4007396 2676132
1785368469521 2377268 4007396 2676132
1785368469560 2377268 4007396 2676132
1785368469599 2377268 4007396 2676132
1785368469636 2377268 4007396 2676132
1785368469675 2377268 4007396 2676132
1785368469714 2377272 4007396 2676132
1785368469756 2377276 4007396 2676132
1785368469797 2377276 4007396 2676132
1785368469839 2377276 4007396 2676132
1785368469879 2377276 4007396 2676132
1785368469920 2377276 4007396 2676132
1785368469960 2407872 4007396 2676132
1785368470001 2407872 4007396 2676132
1785368470042 2407872 4007396 2676132
1785368470082 2438592 4007396 2676132
1785368470124 2438592 4007396 2676132
1785368470164 2438592 4007396 2676132
1785368470205 2438592 4007396 2676132
1785368470247 2438592 4007396 2676132
1785368470286 2438592 4007396 2676132
1785368470327 2438596 4007396 2676132
1785368470370 2438596 4007396 2676132
1785368470410 2438596 4007396 2676132
1785368470451 2438596 4007396 2676132
1785368470493 2438596 4007396 2676132
1785368470533 2438596 4007396 2676132
1785368470574 2444608 4007396 2676132
1785368470617 2450884 4007396 2676132
1785368470659 2450884 4007396 2676132
1785368470699 2450884 4007396 2676132
1785368470741 2450884 4007396 2676132
1785368470782 2450884 4007396 2676132
1785368470823 2450884 4007396 2676132
1785368470864 2450884 4007396 2676132
1785368470905 2450884 4007396 2676132
1785368470946 2450884 4007396 2676132
1785368470986 2450884 4007396 2676132
1785368471027 2450884 4007396 2676132
1785368471066 2450884 4007396 2676132
1785368471106 2450884 4007396 2676132
1785368471145 2450884 4007396 2676132
1785368471187 2450884 4007396 2676132
1785368471228 2450884 4007396 2676132
1785368471270 2450884 4007396 2676132
1785368471311 2450884 4007396 2676132
1785368471354 2450884 4007396 2676132
1785368471396 2450884 4007396 2676132
1785368471436 2450884 4007396 2676132
1785368471479 2450884 4007396 2676132
1785368471520 2450884 4007396 2676132
1785368471559 2450884 4007396 2676132
1785368471601 2450884 4007396 2676132
1785368471643 2450884 4007396 2676132
1785368471684 2450884 4007396 2676132
1785368471727 2450884 4007396 2676132
1785368471767 2450884 4007396 2676132
1785368471810 2450884 4007396 2676132
1785368471850 2450884 4007396 2676132
1785368471892 2450884 4007396 2676132
1785368471934 2450888 4007396 2676132
1785368471975 2450888 4007396 2676132
1785368472017 2450888 4007396 2676132
1785368472056 2450888 4007396 2676132
1785368472098 2450888 4007396 2676132
1785368472138 2450888 4007396 2676132
1785368472177 2450888 4007396 2676132
1785368472220 2450888 4007396 2676132
1785368472260 2450888 4007396 2676132
1785368472300 2450888 4007396 2676132
1785368472340 2450888 4007396 2676132
1785368472379 2450888 4007396 2676132
1785368472419 2450892 4007396 2676132
1785368472461 2450896 4007396 2676132
1785368472501 2450896 4007396 2676132
1785368472543 2450896 4007396 2676132
1785368472583 2450896 4007396 2676132
1785368472621 2450896 4007396 2676132
1785368472664 2450896 4007396 2676132
1785368472704 2450896 4007396 2676132
1785368472743 2450896 4007396 2676132
1785368472782 2450896 4007396 2676132
1785368472821 2450896 4007396 2676132
1785368472863 2450896 4007396 2676132
1785368472906 2450896 4007396 2676132
1785368472948 2450896 4007396 2676132
1785368472989 2450896 4007396 2676132
1785368473032 2450896 4007396 2676132
1785368473073 2450896 4007396 2676132
1785368473114 2450896 4007396 2676132
1785368473157 2450896 4007396 2676132
1785368473197 2450896 4007396 2676132
1785368473239 2450896 4007396 2676132
1785368473280 2450896 4007396 2676132
1785368473323 2450896 4007396 2676132
1785368473365 2450896 4007396 2676132
1785368473408 2450896 4007396 2676132
1785368473450 2450896 4007396 2676132
1785368473490 2450896 4007396 2676132
1785368473532 2450896 4007396 2676132
1785368473574 2450896 4007396 2676132
1785368473614 2450896 4007396 2676132
1785368473656 2450896 4007396 2676132
1785368473697 2450896 4007396 2676132
1785368473736 2450896 4007396 2676132
1785368473777 2450896 4007396 2676132
1785368473818 2450896 4007396 2676132
1785368473857 2450896 4007396 2676132
1785368473895 2450896 4007396 2676132
1785368473936 2450896 4007396 2676132
1785368473978 2450896 4007396 2676132
1785368474020 2450896 4007396 2676132
1785368474060 2450896 4007396 2676132
1785368474103 2450896 4007396 2676132
1785368474143 2450896 4007396 2676132
1785368474185 2456272 4007396 2676132
1785368474226 2456272 4007396 2676132
1785368474267 2456272 4007396 2676132
1785368474309 2456272 4007396 2676132
1785368474348 2461528 4007396 2676132
1785368474389 2465488 4007396 2676132
1785368474428 2476368 4007396 2676132
1785368474468 2514640 4007396 2676132
1785368474515 2563792 4007396 2676132
1785368474556 2563792 4007396 2676132
1785368474598 2563792 4007396 2676132
1785368474638 2563792 4007396 2676132
1785368474679 2563792 4007396 2676132
1785368474721 2563792 4007396 2676132
1785368474760 2563792 4007396 2676132
1785368474802 2563792 4007396 2676132
1785368474844 2563792 4007396 2676132
1785368474885 2563792 4007396 2676132
1785368474927 2563792 4007396 2676132
1785368474967 2563792 4007396 2676132
1785368475010 2563792 4007396 2676132
1785368475049 2563792 4007396 2676132
1785368475088 2563792 4007396 2676132
1785368475130 2563804 4007396 2676132
1785368475172 2275260 4007396 2676132
1785368475210 2080912 4007396 2676132
1785368475247 2080912 4007396 2676132
1785368475284 2080912 4007396 2676132
1785368475324 2080912 4007396 2676132
1785368475362 2080912 4007396 2676132
1785368475403 2080912 4007396 2676132
1785368475442 2080912 4007396 2676132
1785368475483 2080912 4007396 2676132
1785368475524 2080920 4007396 2676132
1785368475564 2080920 4007396 2676132
1785368475603 2080920 4007396 2676132
1785368475644 2079336 4007396 2676132
1785368475683 2079444 4007396 2676132
1785368475719 2079444 4007396 2676132
1785368475758 2079624 4007396 2676132
1785368475798 2079744 4007396 2676132
1785368475835 0 0 0
1785368475859 0 0 0
1785368475882 0 0 0
# peak_kb=2681304
# hwm_kb=2681304
# frozen_ms=3908
# polled_vs_hwm_pct=0promille
