# timestamp_ms VmRSS_kB VmPeak_kB VmHWM_kB
1790712818270 448076 16331304 448076
1790712818376 460224 16331304 460224
1790712818481 461464 16331304 461464
1790712818544 480644 17138876 480644
1790712818649 561624 17138876 561624
1790712818752 654288 17303016 654288
1790712818860 639560 17303016 643500
1790712818934 640828 17478188 643500
1790712818968 642992 17478188 643500
1790712819038 649888 17478188 649888
1790712819075 653232 17478188 653232
1790712819155 654852 17478188 654852
1790712819282 665488 17478188 665488
1790712819396 673692 17478188 673692
1790712819525 685256 17478188 685256
1790712819689 690480 17478188 690480
1790712819892 701584 17478188 701584
1790712820030 712660 17478188 712660
1790712820221 720436 17478188 720436
1790712820371 721140 17478188 721140
1790712820510 732660 17478188 732660
1790712820730 747492 17478188 747492
1790712820960 755208 17478188 755208
1790712821098 766336 17478188 766336
1790712821243 775520 17478188 775520
1790712821389 780136 17478188 780136
1790712821543 785024 17478188 785024
1790712821774 806908 17478188 806908
1790712821930 810252 17478188 810252
1790712822043 815056 17478188 815056
1790712822237 824400 17478188 824268
1790712822456 843728 17478188 843728
1790712822700 850704 17478188 850704
1790712822848 865600 17478188 865600
1790712823060 879044 17478188 879044
1790712823214 885804 17478188 885804
1790712823414 901288 17478188 901288
1790712823560 905792 17478188 905792
1790712823794 920540 17478188 920540
1790712823938 930640 17478188 930640
1790712824125 937372 17478188 937372
1790712824285 941552 17478188 941552
1790712824455 950852 17478188 950852
1790712824596 962052 17478188 962052
1790712824760 968772 17478188 968772
1790712824945 973060 17478188 973060
1790712825126 990576 17478188 990576
1790712825253 995752 17478188 995752
1790712825506 1004828 17478188 1004828
1790712825681 1022692 17478188 1022692
1790712825844 1026812 17478188 1026812
1790712825926 1028124 17478188 1028124
1790712826007 1029196 17478188 1029196
1790712826087 1029260 17478188 1029260
1790712826169 1029280 17478188 1029280
1790712826248 1029300 17478188 1029300
1790712826326 1029316 17478188 1029316
1790712826435 1029328 17478188 1029328
1790712826515 1029348 17478188 1029348
1790712826595 1029360 17478188 1029360
1790712826676 1029372 17478188 1029372
1790712826756 1029376 17478188 1029376
1790712826837 1042392 17499900 1042392
1790712826942 1062740 17499900 1062740
1790712827065 1091268 0 1091268
1790712827191 1117252 17499900 1117252
1790712827332 1149892 17499900 1149892
1790712827458 1177312 17499900 1177312
1790712827583 1201888 17499900 1201888
1790712827720 1155296 17499900 1197288
1790712827755 1182960 17499900 1197288
1790712827788 1201392 17499900 1201392
1790712827823 1219824 17514288 1219824
1790712827939 1256688 17551152 1256688
1790712828085 1293552 17588020 1293552
1790712828234 1348848 17643316 1348848
1790712828376 1367280 17730308 1429748
1790712828494 1376484 17730308 1429748
1790712828614 1385712 17730308 1429748
1790712828732 1404144 17730308 1429748
1790712828876 1413348 17730308 1429748
1790712828966 1413348 17730308 1429748
1790712829017 1413384 17730308 1429748
1790712829150 1521164 17822480 1521128
1790712829358 2425664 18835184 2425664
1790712829614 2661776 18968724 2661776
1790712829924 1120892 19258556 2958484
1790712830000 1120892 19258556 2958484
1790712830088 1120896 19258556 2958484
1790712830163 1120896 19258556 2958484
1790712830268 1120908 19258556 2958484
1790712830357 1120912 19258556 2958484
1790712830420 1120912 19258556 2958484
1790712830488 1120912 19258556 2958484
1790712830599 1120912 19258556 2958484
1790712830705 1120912 19258556 2958484
1790712830769 1120912 19258556 2958484
1790712830853 1120912 19258556 2958484
1790712830938 1120912 19258556 2958484
1790712831007 1120912 19258556 2958484
1790712831109 1120912 19258556 2958484
1790712831205 1120912 19258556 2958484
1790712831291 1120912 19258556 2958484
1790712831350 1120912 19258556 2958484
1790712831419 1120916 19258556 2958484
1790712831512 1120916 19258556 2958484
1790712831565 1120916 19258556 2958484
1790712831644 1120916 19258556 2958484
1790712831745 1120916 19258556 2958484
1790712831813 1120916 19258556 2958484
1790712831891 1120916 19258556 2958484
1790712831959 1120916 19258556 2958484
1790712832065 1121176 19258556 2958484
1790712832165 1121960 19258556 2958484
1790712832244 1121960 19258556 2958484
1790712832331 1121960 19258556 2958484
1790712832366 1121960 19258556 2958484
1790712832431 1121960 19258556 2958484
1790712832513 1121960 19258556 2958484
1790712832564 1121968 19258556 2958484
1790712832611 1121968 19258556 2958484
1790712832663 1121968 19258556 2958484
1790712832717 1121968 19258556 2958484
1790712832791 1121968 19258556 2958484
1790712832864 1121968 19258556 2958484
1790712833016 1121968 19258556 2958484
1790712833063 1121968 19258556 2958484
1790712833197 1121968 19258556 2958484
1790712833284 1121968 19258556 2958484
1790712833345 1121968 19258556 2958484
1790712833434 1121968 19258556 2958484
1790712833507 1121968 19258556 2958484
1790712833608 1121968 19258556 2958484
1790712833698 1121968 19258556 2958484
1790712833754 1121968 19258556 2958484
1790712833849 1121968 19258556 2958484
1790712833922 1121968 19258556 2958484
1790712833991 1122568 19258556 2958484
1790712834045 1122576 19258556 2958484
1790712834109 1122584 19258556 2958484
1790712834167 1122592 19258556 2958484
1790712834229 1122596 19258556 2958484
1790712834283 1122600 19258556 2958484
1790712834335 1122600 19258556 2958484
1790712834389 1122608 19258556 2958484
1790712834456 1168580 19258556 2958484
1790712834526 1205444 19258556 2958484
1790712834588 1242308 19258556 2958484
1790712834653 1279172 19258556 2958484
1790712834718 1316036 19258556 2958484
1790712834787 1352916 19258556 2958484
1790712834862 1371348 19258556 2958484
1790712834938 1389780 19258556 2958484
1790712834992 1398984 19258556 2958484
1790712835043 1398984 19258556 2958484
1790712835127 1408212 19258556 2958484
1790712835202 1408212 19258556 2958484
1790712835271 1408212 19258556 2958484
1790712835364 1408212 19258556 2958484
1790712835415 1408212 19258556 2958484
1790712835480 1408212 19258556 2958484
1790712835564 1408212 19258556 2958484
1790712835683 1408212 19258556 2958484
1790712835762 1408212 19258556 2958484
1790712835820 1408212 19258556 2958484
1790712835908 1408212 19258556 2958484
1790712836000 1408212 19258556 2958484
1790712836105 1408212 19258556 2958484
1790712836197 1408212 19258556 2958484
1790712836263 1408212 19258556 2958484
1790712836327 1408212 19258556 2958484
1790712836403 1408212 19258556 2958484
1790712836499 1408212 19258556 2958484
1790712836561 1408212 19258556 2958484
1790712836658 1408212 19258556 2958484
1790712836718 1408212 19258556 2958484
1790712836801 1408212 19258556 2958484
1790712836892 1408212 19258556 2958484
1790712836970 1408212 19258556 2958484
1790712837013 1408212 19258556 2958484
1790712837078 1408212 19258556 2958484
1790712837152 1408212 19258556 2958484
1790712837207 1408216 19258556 2958484
1790712837241 1541296 19258556 2958484
1790712837268 1643728 19258556 2958484
1790712837296 1814160 19258556 2958484
1790712837329 2112192 19258556 2958484
1790712837367 2253364 19258556 2958484
1790712837402 2448576 19258556 2958484
1790712837434 1953516 19258556 2958484
1790712837467 2088688 19258556 2958484
1790712837498 2021268 19258556 2958484
1790712837534 2378400 19258556 2958484
1790712837570 2663072 19258556 2958484
1790712837603 2848244 19258556 2958484
1790712837745 1547328 19258556 2958484
1790712837781 1806308 19258556 2958484
1790712837818 2070904 19258556 2958484
1790712837852 2203096 19258556 2958484
1790712837880 2302952 19258556 2958484
1790712837909 2037072 19258556 2958484
1790712837943 2147940 19258556 2958484
1790712837977 2258420 19258556 2958484
1790712838011 2339208 19258556 2958484
1790712838051 1830016 19258556 2958484
1790712838112 1830128 19258556 2958484
1790712838170 1830204 19258556 2958484
1790712838231 1830280 19258556 2958484
1790712838287 1830344 19258556 2958484
1790712838342 1830420 19258556 2958484
1790712838410 1830500 19258556 2958484
1790712838487 1830576 19258556 2958484
1790712838538 1830636 19258556 2958484
1790712838686 1840016 19258556 2958484
1790712838791 1879284 19258556 2958484
1790712838839 1892912 19258556 2958484
1790712838929 1918580 19258556 2958484
1790712838995 2115608 19258556 2958484
1790712839032 2166820 19258556 2958484
1790712839069 2215972 19258556 2958484
1790712839107 2266232 19258556 2958484
1790712839145 2320240 19258556 2958484
1790712839182 2369400 19258556 2958484
1790712839218 2420600 19258556 2958484
1790712839270 2266792 19258556 2958484
1790712839317 2018124 19258556 2958484
1790712839362 2031960 19258556 2958484
1790712839424 2036572 19258556 2958484
1790712839597 2085008 19258556 2958484
1790712839637 2133388 19258556 2958484
1790712839682 2133396 19258556 2958484
1790712839735 2133408 19258556 2958484
1790712839791 2133420 19258556 2958484
1790712839862 2133420 19258556 2958484
1790712839917 2151852 19258556 2958484
1790712839991 2151852 19258556 2958484
1790712840067 2151852 19258556 2958484
1790712840140 2151852 19258556 2958484
1790712840221 2187940 19258556 2958484
1790712840311 2207152 19258556 2958484
1790712840432 2207152 19258556 2958484
1790712840483 2207156 19258556 2958484
1790712840556 2207160 19258556 2958484
1790712840651 2207164 19258556 2958484
1790712840711 2225596 19258556 2958484
1790712840773 2244028 19258556 2958484
1790712840838 2244028 19258556 2958484
1790712840917 2244028 19258556 2958484
1790712841015 2244028 19258556 2958484
1790712841065 2244028 19258556 2958484
1790712841112 2299324 19258556 2958484
1790712841169 2299324 19258556 2958484
1790712841226 2299324 19258556 2958484
1790712841286 2299324 19258556 2958484
1790712841352 2299324 19258556 2958484
1790712841423 2299328 19258556 2958484
1790712841518 2317764 19258556 2958484
1790712841580 2336204 19258556 2958484
1790712841635 2336204 19258556 2958484
1790712841720 2336216 19258556 2958484
1790712841801 2336216 19258556 2958484
1790712841862 2336216 19258556 2958484
1790712841915 2373080 19258556 2958484
1790712841989 2373080 19258556 2958484
1790712842049 2373080 19258556 2958484
1790712842121 2373080 19258556 2958484
1790712842186 2373080 19258556 2958484
1790712842266 2373080 19258556 2958484
1790712842329 2391512 19258556 2958484
1790712842398 2428376 19258556 2958484
1790712842479 2428380 19258556 2958484
1790712842545 2428384 19258556 2958484
1790712842585 2428392 19258556 2958484
1790712842661 2428408 19258556 2958484
1790712842723 2428408 19258556 2958484
1790712842793 2446840 19258556 2958484
1790712842886 2446840 19258556 2958484
1790712842943 2446840 19258556 2958484
1790712842997 2446840 19258556 2958484
1790712843074 2464500 19258556 2958484
1790712843175 2502140 19258556 2958484
1790712843232 2502140 19258556 2958484
1790712843288 2502140 19258556 2958484
1790712843343 2502144 19258556 2958484
1790712843414 2502144 19258556 2958484
1790712843505 2502148 19258556 2958484
1790712843562 2502156 19258556 2958484
1790712843623 2520588 19258556 2958484
1790712843701 2520588 19258556 2958484
1790712843771 2520592 19258556 2958484
1790712843842 2520592 19258556 2958484
1790712843921 2539024 19258556 2958484
1790712843958 2575888 19258556 2958484
1790712844014 2575948 19258556 2958484
1790712844074 2576212 19258556 2958484
1790712844153 2635792 19258556 2958484
1790712844205 2662092 19601500 2958484
1790712844243 2664932 19701860 2958484
1790712844284 2473280 19865696 2958484
1790712844349 2473344 20525248 2958484
1790712844400 2418896 20820160 2958484
1790712844445 2430888 20864192 2958484
1790712844493 2434432 20896960 2958484
1790712844540 2439664 21060800 2958484
1790712844594 2439668 21060800 2958484
1790712844640 2439668 21060800 2958484
1790712844686 2439668 21060800 2958484
1790712844731 2439668 21060800 2958484
1790712844788 2439668 21060800 2958484
1790712844824 2439668 21060800 2958484
1790712844858 2439668 21060800 2958484
1790712844893 2439668 21060800 2958484
1790712844928 2439668 21060800 2958484
1790712844964 2439668 21060800 2958484
1790712845003 2439668 21060800 2958484
1790712845043 2439668 21060800 2958484
1790712845082 2439668 21060800 2958484
1790712845119 2439668 21060800 2958484
1790712845155 2439668 21060800 2958484
1790712845192 2442704 21060800 2958484
1790712845229 2447012 21322944 2958484
1790712845262 2449548 21585088 2958484
1790712845296 2455168 26926272 2958484
1790712845330 2462552 27188416 2958484
1790712845369 2466512 27188416 2958484
1790712845406 2495012 27221184 2958484
1790712845434 2544036 27483328 2958484
1790712845563 2767540 27483328 2958484
1790712845605 2767608 27483328 2958484
1790712845644 2768412 27483328 2958484
1790712845684 2770372 27483328 2958484
1790712845725 2771176 27483328 2958484
1790712845815 2771804 27483328 2958484
1790712845857 2775228 27483328 2958484
1790712845900 2775296 27483328 2958484
1790712845943 2775296 27483328 2958484
1790712845984 2775296 27483328 2958484
1790712846025 2775300 27483328 2958484
1790712846066 2775300 27483328 2958484
1790712846108 2775304 27483328 2958484
1790712846151 2775304 27483328 2958484
1790712846192 2777396 27483328 2958484
1790712846233 2777396 0 2958484
1790712846273 2777416 27483328 2958484
1790712846313 2777468 27483328 2958484
1790712846354 2777536 27483328 2958484
1790712846397 2777536 27483328 2958484
1790712846438 2777536 27483328 2958484
1790712846480 2777536 27483328 2958484
1790712846521 2777544 27483328 2958484
1790712846562 2777544 27483328 2958484
1790712846604 2777548 27483328 2958484
1790712846647 2777548 27483328 2958484
1790712846690 2777560 27483328 2958484
1790712846730 2777560 27483328 2958484
1790712846771 2777560 27483328 2958484
1790712846812 2777560 27483328 2958484
1790712846853 2777560 27483328 2958484
1790712846894 2777560 27483328 2958484
1790712846937 2777560 27483328 2958484
1790712846979 2777560 27483328 2958484
1790712847021 2777560 27483328 2958484
1790712847062 2777560 27483328 2958484
1790712847103 2777560 27483328 2958484
1790712847145 2777560 27483328 2958484
1790712847187 2777560 27483328 2958484
1790712847230 2777560 27483328 2958484
1790712847271 2777560 27483328 2958484
1790712847311 2777564 27483328 2958484
1790712847353 2777572 27483328 2958484
1790712847395 2777572 27483328 2958484
1790712847437 2777572 27483328 2958484
1790712847479 2777572 27483328 2958484
1790712847520 2777572 27483328 2958484
1790712847561 2777572 27483328 2958484
1790712847602 2777572 27483328 2958484
1790712847645 2777572 27483328 2958484
1790712847687 2777572 27483328 2958484
1790712847728 2777572 27483328 2958484
1790712847769 2777572 27483328 2958484
1790712847810 2777600 27483328 2958484
1790712847852 2777600 27483328 2958484
1790712847894 2777600 27483328 2958484
1790712847936 2777600 27483328 2958484
1790712847977 2777604 27483328 2958484
1790712848017 2777604 27483328 0
1790712848059 2777604 27483328 2958484
1790712848101 2777604 27483328 0
1790712848144 2777604 27483328 2958484
1790712848186 2777604 27483328 2958484
1790712848226 2777604 27483328 2958484
1790712848267 2777604 27483328 2958484
1790712848309 2777608 27483328 2958484
1790712848351 2777608 27483328 2958484
1790712848392 2777608 27483328 2958484
1790712848434 2777608 27483328 2958484
1790712848474 2777608 27483328 2958484
1790712848516 2777624 27483328 2958484
1790712848559 2777624 27483328 2958484
1790712848602 2777628 27483328 2958484
1790712848643 2777628 27483328 2958484
1790712848684 2777676 27483328 2958484
1790712848725 2777704 27483328 2958484
1790712848767 2777708 27483328 2958484
1790712848809 2777712 27483328 2958484
1790712848851 2777712 27483328 2958484
1790712848893 2777712 27483328 2958484
1790712848934 2777712 27483328 2958484
1790712848975 2777712 27483328 2958484
1790712849018 2777712 27483328 2958484
1790712849062 2777712 27483328 2958484
1790712849103 2777712 27483328 2958484
1790712849144 2777712 27483328 2958484
1790712849185 2777760 27483328 2958484
1790712849227 2777768 27483328 2958484
1790712849269 2777772 27483328 2958484
1790712849310 2777772 27483328 2958484
1790712849352 2777792 27483328 2958484
1790712849393 2777792 27483328 2958484
1790712849434 2777792 27483328 2958484
1790712849477 2777796 27483328 2958484
1790712849521 2777800 27483328 2958484
1790712849562 2777800 27483328 2958484
1790712849604 2777800 27483328 2958484
1790712849644 2777804 27483328 2958484
1790712849686 2777808 27483328 2958484
1790712849729 2777808 27483328 2958484
1790712849771 2777808 27483328 2958484
1790712849812 2777808 27483328 2958484
1790712849853 2777812 27483328 2958484
1790712849894 2777812 27483328 2958484
1790712849936 2777816 27483328 2958484
1790712849979 2777820 27483328 2958484
1790712850021 2777820 27483328 2958484
1790712850062 2777840 27483328 2958484
1790712850103 2777856 27483328 2958484
1790712850144 2777864 27483328 2958484
1790712850187 2777864 27483328 2958484
1790712850228 2777864 27483328 2958484
1790712850270 2777864 27483328 2958484
1790712850311 2777868 27483328 2958484
1790712850351 2777868 27483328 2958484
1790712850394 2777872 27483328 2958484
1790712850438 2777876 27483328 2958484
1790712850479 2777876 27483328 2958484
1790712850520 2777876 27483328 2958484
1790712850561 2777896 27483328 2958484
1790712850602 2777956 27483328 2958484
1790712850644 2777956 27483328 2958484
1790712850686 2777956 27483328 2958484
1790712850728 2777956 27483328 2958484
1790712850769 2777960 27483328 2958484
1790712850809 2777960 27483328 2958484
1790712850852 2777960 27483328 2958484
1790712850895 2777964 27483328 2958484
1790712850937 2777964 27483328 2958484
1790712850977 2777964 27483328 2958484
1790712851018 2777964 27483328 2958484
1790712851059 2777976 27483328 2958484
1790712851102 2777976 27483328 2958484
1790712851144 2777976 27483328 2958484
1790712851186 2777976 27483328 2958484
1790712851227 2777992 27483328 2958484
1790712851268 2777992 27483328 2958484
1790712851310 2778004 27483328 2958484
1790712851353 2778008 27483328 2958484
1790712851395 2778012 27483328 2958484
1790712851436 2778012 27483328 2958484
1790712851477 2778764 27483328 2958484
1790712851518 2779088 27483328 2958484
1790712851558 2354884 27483328 2958484
1790712851594 2354948 27483328 2958484
1790712851630 2355012 27483328 2958484
1790712851666 2355012 27483328 2958484
1790712851702 2355012 27483328 2958484
1790712851738 2355012 27483328 2958484
1790712851774 2355012 27483328 2958484
1790712851809 2355020 0 2958484
1790712851845 2355024 27483328 2958484
1790712851880 2355024 27483328 2958484
1790712851913 2355024 27483328 2958484
1790712851949 2353064 27483328 2958484
1790712851986 2363128 27483328 2958484
1790712852022 2363192 27483328 2958484
1790712852058 2384572 27483328 2958484
# peak_kb=2848244
# hwm_kb=2958484
# frozen_ms=4618
# polled_vs_hwm_pct=37promille
