# timestamp_ms VmRSS_kB VmPeak_kB VmHWM_kB
1786770248101 531336 17138884 531336
1786770248209 611532 17303020 611532
1786770248308 608892 17303020 608892
1786770248358 609108 17303020 609108
1786770248388 609196 17303020 609196
1786770248442 613088 17478196 613048
1786770248534 618264 17478196 618264
1786770248674 623796 17478196 623796
1786770248865 640016 17478196 640016
1786770249004 649312 17478196 649312
1786770249147 656048 17478196 656048
1786770249440 664872 17478196 664872
1786770249581 674848 17478196 674848
1786770249720 684016 17478196 684016
1786770249890 691432 17478196 691432
1786770250131 699900 17478196 699900
1786770250261 705484 17478196 705484
1786770250347 712228 17478196 712228
1786770250540 721640 17478196 721640
1786770250769 726936 17478196 726936
1786770250876 738076 17478196 738076
1786770251020 746132 17478196 746132
1786770251216 752684 17478196 752684
1786770251439 759448 17478196 759448
1786770251644 780264 17478196 780264
1786770251858 788416 17478196 788416
1786770252059 803068 17478196 803068
1786770252229 816988 17478196 816988
1786770252440 821816 17478196 821816
1786770252546 824148 17478196 824148
1786770252705 844912 17478196 844912
1786770252918 853140 17478196 853140
1786770253060 853356 17478196 853356
1786770253205 866152 17478196 866152
1786770253351 875420 17478196 875420
1786770253516 879984 17478196 879984
1786770253666 882224 17478196 882224
1786770253814 895996 17478196 895996
1786770253942 907220 17478196 907220
1786770254119 912136 17478196 912136
1786770254290 914260 17478196 914260
1786770254479 929284 17478196 929284
1786770254619 938432 17478196 938432
1786770254785 945940 17478196 945940
1786770254996 948488 17478196 948488
1786770255122 966640 17478196 966640
1786770255288 969484 17478196 969484
1786770255419 974264 17478196 974264
1786770255569 976328 17478196 976328
1786770255787 997344 17478196 997344
1786770255954 1002164 17478196 1002164
1786770256030 1002744 17478196 1002744
1786770256107 1003740 17478196 1003712
1786770256188 1005016 17478196 1005016
1786770256267 1005084 17478196 1005084
1786770256341 1005108 17478196 1005108
1786770256420 1005116 17478196 1005116
1786770256498 1005136 17478196 1005136
1786770256606 1005148 17478196 1005148
1786770256685 1005164 17478196 1005164
1786770256760 1005180 17478196 1005180
1786770256840 1005192 17478196 1005192
1786770256917 1005200 17478196 1005200
1786770256994 1017836 17499908 1017836
1786770257116 1043948 17499908 1043948
1786770257242 1072364 17499908 1072364
1786770257370 1103596 17499908 1103596
1786770257511 1112976 17499908 1174272
1786770257604 1149840 17499908 1174272
1786770257754 1186704 17505080 1186704
1786770257911 1241700 17560376 1241700
1786770258066 1278864 17597240 1278864
1786770258219 1315728 17721096 1397516
1786770258377 1343376 17721096 1397516
1786770258545 1371028 17721096 1397516
1786770259047 1371060 17721096 1397516
1786770259364 1371060 17721096 1397516
1786770259450 1371060 17721096 1397516
1786770259521 1371060 17721096 1397516
1786770259580 1371060 17721096 1397516
1786770259689 1371060 17721096 1397516
1786770259768 1371060 17721096 1397516
1786770259869 1371060 17721096 1397516
1786770259988 1371060 17721096 1397516
1786770260085 1371060 17721096 1397516
1786770260154 1371060 17721096 1397516
1786770260250 1371060 17721096 1397516
1786770260346 1371060 17721096 1397516
1786770260419 1371060 17721096 1397516
1786770260524 1371060 17721096 1397516
1786770260602 1371060 17721096 1397516
1786770260681 1371060 17721096 1397516
1786770260755 1371060 17721096 1397516
1786770260846 1371060 17721096 1397516
1786770260922 1371060 17721096 1397516
1786770261009 1371060 17721096 1397516
1786770261113 1371060 17721096 1397516
1786770261168 1371060 17721096 1397516
1786770261245 1371060 17721096 1397516
1786770261351 1371060 17721096 1397516
1786770261418 1371060 17721096 1397516
1786770261491 1371060 17721096 1397516
1786770261566 1371060 17721096 1397516
1786770261639 1371060 17721096 1397516
1786770261687 1371060 17721096 1397516
1786770261759 1371060 17721096 1397516
1786770261822 1371060 17721096 1397516
1786770261873 1371060 17721096 1397516
1786770261938 1371060 17721096 1397516
1786770262027 1371060 17721096 1397516
1786770262080 1371060 17721096 1397516
1786770262150 1371060 17721096 1397516
1786770262227 1371060 17721096 1397516
1786770262283 1371060 17721096 1397516
1786770262343 1371060 17721096 1397516
1786770262423 1371060 17721096 1397516
1786770262503 1371060 17721096 1397516
1786770262585 1371060 17721096 1397516
1786770262672 1371060 17721096 1397516
1786770262753 1371060 17721096 1397516
1786770262814 1371060 17721096 1397516
1786770262889 1371060 17721096 1397516
1786770263001 1371060 17721096 1397516
1786770263071 1371060 17721096 1397516
1786770263151 1371060 17721096 1397516
1786770263239 1371060 17721096 1397516
1786770263344 1371060 17721096 1397516
1786770263430 1371060 17721096 1397516
1786770263533 1371060 17721096 1397516
1786770263601 1371060 17721096 1397516
1786770263688 1371060 17721096 1397516
1786770263755 1371060 17721096 1397516
1786770263805 1371060 17721096 1397516
1786770263894 1371060 17721096 1397516
1786770264007 1371060 17721096 1397516
1786770264073 1371060 17721096 1397516
1786770264152 1371060 17721096 1397516
1786770264215 1371060 17721096 1397516
1786770264262 1371060 17721096 1397516
1786770264318 1521452 17840932 1521452
1786770264600 1822252 18825976 2504152
1786770264746 2657276 19046508 2657276
1786770264887 2915684 19230908 2915684
1786770265091 1098260 19249348 2927764
1786770265124 1098260 19249348 2927764
1786770265189 1098260 19249348 2927764
1786770265247 1098264 19249348 2927764
1786770265309 1098268 19249348 2927764
1786770265355 1098276 19249348 2927764
1786770265426 1098280 19249348 2927764
1786770265491 1098288 19249348 2927764
1786770265568 1098288 19249348 2927764
1786770265657 1098288 19249348 2927764
1786770265743 1098288 19249348 2927764
1786770265807 1098288 19249348 2927764
1786770265873 1098288 19249348 2927764
1786770265959 1098288 19249348 2927764
1786770266023 1098288 19249348 2927764
1786770266078 1098288 19249348 2927764
1786770266156 1098288 19249348 2927764
1786770266220 1098288 19249348 2927764
1786770266289 1098288 19249348 2927764
1786770266365 1098288 19249348 2927764
1786770266460 1098292 19249348 2927764
1786770266556 1098296 19249348 2927764
1786770266613 1098300 19249348 2927764
1786770266667 1098300 19249348 2927764
1786770266733 1098300 19249348 2927764
1786770266786 1098300 19249348 2927764
1786770266878 1098300 19249348 2927764
1786770266944 1098300 19249348 2927764
1786770267032 1098300 19249348 2927764
1786770267124 1098300 19249348 2927764
1786770267172 1098300 19249348 2927764
1786770267281 1098560 19249348 2927764
1786770267376 1099452 19249348 2927764
1786770267441 1099632 19249348 2927764
1786770267529 1099632 19249348 2927764
1786770267598 1099632 19249348 2927764
1786770267684 1099636 19249348 2927764
1786770267777 1099636 19249348 2927764
1786770267847 1099636 19249348 2927764
1786770267934 1099636 19249348 2927764
1786770268034 1099636 19249348 2927764
1786770268160 1099636 19249348 2927764
1786770268243 1099636 19249348 2927764
1786770268315 1099636 19249348 2927764
1786770268394 1099636 19249348 2927764
1786770268485 1099636 19249348 2927764
1786770268571 1099636 19249348 2927764
1786770268632 1099636 19249348 2927764
1786770268727 1099636 19249348 2927764
1786770268817 1099636 19249348 2927764
1786770268903 1099636 19249348 2927764
1786770268973 1099636 19249348 2927764
1786770269040 1099636 19249348 2927764
1786770269121 1099636 19249348 2927764
1786770269178 1099636 19249348 2927764
1786770269262 1099636 19249348 2927764
1786770269296 1099636 19249348 2927764
1786770269330 1100240 19249348 2927764
1786770269364 1100248 19249348 2927764
1786770269397 1100252 19249348 2927764
1786770269430 1100256 19249348 2927764
1786770269463 1100260 19249348 2927764
1786770269496 1100264 19249348 2927764
1786770269529 1100268 19249348 2927764
1786770269562 1100276 19249348 2927764
1786770269596 1100280 19249348 2927764
1786770269629 1100284 19249348 2927764
1786770269662 1100292 19249348 2927764
1786770269694 1100292 19249348 2927764
1786770269727 1100292 19249348 2927764
1786770269761 1118600 19249348 2927764
1786770269797 1146248 19249348 2927764
1786770269834 1164680 19249348 2927764
1786770269870 1183112 19249348 2927764
1786770269907 1201544 19249348 2927764
1786770269944 1219976 19249348 2927764
1786770269980 1238408 19249348 2927764
1786770270017 1256840 19249348 2927764
1786770270053 1275272 19249348 2927764
1786770270089 1293704 19249348 2927764
1786770270119 1312136 19249348 2927764
1786770270155 1330576 19249348 2927764
1786770270192 1339792 19249348 2927764
1786770270230 1339792 19249348 2927764
1786770270266 1349008 19249348 2927764
1786770270304 1349008 19249348 2927764
1786770270340 1367440 19249348 2927764
1786770270377 1367440 19249348 2927764
1786770270415 1376660 19249348 2927764
1786770270451 1376660 19249348 2927764
1786770270488 1376660 19249348 2927764
1786770270537 1376660 19249348 2927764
1786770270605 1376660 19249348 2927764
1786770270675 1376660 19249348 2927764
1786770270727 1376660 19249348 2927764
1786770270787 1376660 19249348 2927764
1786770270867 1376660 19249348 2927764
1786770270919 1376660 19249348 2927764
1786770270994 1376660 19249348 2927764
1786770271066 1376660 19249348 2927764
1786770271102 1376660 19249348 2927764
1786770271160 1376660 19249348 2927764
1786770271232 1376660 19249348 2927764
1786770271323 1376660 19249348 2927764
1786770271395 1376660 19249348 2927764
1786770271491 1376660 19249348 2927764
1786770271573 1376660 19249348 2927764
1786770271658 1376660 19249348 2927764
1786770271762 1376660 19249348 2927764
1786770271857 1376660 19249348 2927764
1786770271933 1376660 19249348 2927764
1786770272028 1376660 19249348 2927764
1786770272149 1400168 19249348 2927764
1786770272187 1561236 19249348 2927764
1786770272215 1668956 19249348 2927764
1786770272253 2051932 19249348 2927764
1786770272294 2253568 19249348 2927764
1786770272330 2269952 19249348 2927764
1786770272365 2269952 19249348 2927764
1786770272402 2214324 19249348 2927764
1786770272432 1948224 19249348 2927764
1786770272468 2072332 19249348 2927764
1786770272503 2015688 19249348 2927764
1786770272542 2227412 19249348 2927764
1786770272576 2227412 19249348 2927764
1786770272610 2364628 19249348 2927764
1786770272642 2630868 19249348 2927764
1786770272675 2717592 19249348 2927764
1786770272707 2717592 19249348 2927764
1786770272739 2734388 19249348 2927764
1786770272773 2846052 19249348 2927764
1786770272799 2938308 19250384 2938308
1786770272915 2183768 19250384 2931708
1786770272943 2282244 19250384 2931708
1786770272972 2010344 19250384 2931708
1786770273006 2100812 19250384 2931708
1786770273041 2200256 19250384 2931708
1786770273077 2294284 19250384 2931708
1786770273114 2318360 19250384 2931708
1786770273154 1385360 19250384 2931708
1786770273214 1412172 19250384 2931708
1786770273244 1453144 19250384 2931708
1786770273273 1494104 19250384 2931708
1786770273301 1533024 19250384 2931708
1786770273329 1571736 19250384 2931708
1786770273357 1612704 19250384 2931708
1786770273385 1651628 19250384 2931708
1786770273413 1690540 19250384 2931708
1786770273443 1731512 19250384 2931708
1786770273526 1472904 19250384 2931708
1786770273571 1474076 19250384 2931708
1786770273619 1474076 19250384 2931708
1786770273679 1474076 19250384 2931708
1786770273722 1474084 19250384 2931708
1786770273786 1474096 19250384 2931708
1786770273864 1474096 19250384 2931708
1786770273914 1474104 19250384 2931708
1786770273990 1474116 19250384 2931708
1786770274058 1474128 19250384 2931708
1786770274119 1474132 19250384 2931708
1786770274178 1474140 19250384 2931708
1786770274221 1474152 19250384 2931708
1786770274273 1474160 19250384 2931708
1786770274338 1474188 19250384 2931708
1786770274396 1474208 19250384 2931708
1786770274437 1474208 19250384 2931708
1786770274497 1474208 19250384 2931708
1786770274549 1474208 19250384 2931708
1786770274610 1474208 19250384 2931708
1786770274656 1474208 19250384 2931708
1786770274719 1492644 19250384 2931708
1786770274771 1492648 19250384 2931708
1786770274819 1511088 19250384 2931708
1786770274903 1511100 19250384 2931708
1786770274962 1511100 19250384 2931708
1786770274996 1511104 19250384 2931708
1786770275036 1564364 19250384 2931708
1786770275068 1555196 19250384 2931708
1786770275108 1603276 19250384 2931708
1786770275156 1603276 19250384 2931708
1786770275209 1603280 19250384 2931708
1786770275292 1603292 19250384 2931708
1786770275333 1603308 19250384 2931708
1786770275410 1621744 19250384 2931708
1786770275480 1640176 19250384 2931708
1786770275532 1640176 19250384 2931708
1786770275593 1640176 19250384 2931708
1786770275652 1655584 19250384 2931708
1786770275725 1677044 19250384 2931708
1786770275767 1677044 19250384 2931708
1786770275831 1677048 19250384 2931708
1786770275892 1677052 19250384 2931708
1786770275928 1677052 19250384 2931708
1786770275988 1732352 19250384 2931708
1786770276041 1732352 19250384 2931708
1786770276116 1750792 19250384 2931708
1786770276200 1750804 19250384 2931708
1786770276242 1750816 19250384 2931708
1786770276327 1787680 19250384 2931708
1786770276395 1806112 19250384 2931708
1786770276466 1806116 19250384 2931708
1786770276532 1806116 19250384 2931708
1786770276604 1824548 19250384 2931708
1786770276660 1824548 19250384 2931708
1786770276715 1842984 19250384 2931708
1786770276795 1842984 19250384 2931708
1786770276855 1842984 19250384 2931708
1786770276912 1861416 19250384 2931708
1786770276962 1879852 19250384 2931708
1786770277052 1879856 19250384 2931708
1786770277120 1879864 19250384 2931708
1786770277177 1879868 19250384 2931708
1786770277222 1916732 19250384 2931708
1786770277283 1916732 19250384 2931708
1786770277328 1916736 19250384 2931708
1786770277371 1916916 19250384 2931708
1786770277417 1977120 19250384 2931708
1786770277466 1977192 19250384 2931708
1786770277508 2004676 19250384 2931708
1786770277549 2007744 19250384 2931708
1786770277583 1833848 19314688 2931708
1786770277637 1778744 20045812 2931708
1786770277687 1724804 20111348 2931708
1786770277722 1736436 20188148 2931708
1786770277756 1738724 20188148 2931708
1786770277801 1741508 20220916 2931708
1786770277860 1748696 20384756 2931708
1786770277902 1748696 20384756 2931708
1786770277946 1748696 20384756 2931708
1786770277982 1748696 20384756 2931708
1786770278021 1748696 20384756 2931708
1786770278054 1748696 20384756 2931708
1786770278084 1748696 20384756 2931708
1786770278115 1748696 20384756 2931708
1786770278146 1748696 20384756 2931708
1786770278177 1748696 20384756 2931708
1786770278207 1748696 20384756 2931708
1786770278238 1748696 20384756 2931708
1786770278269 1748696 20384756 2931708
1786770278299 1748696 20384756 2931708
1786770278330 1748696 20384756 2931708
1786770278360 1749568 20384756 2931708
1786770278390 1753684 20384756 2931708
1786770278424 1761344 20384756 2931708
1786770278457 1761344 20384756 2931708
1786770278491 1761344 20384756 2931708
1786770278524 1311424 20384756 2931708
1786770278555 825740 20384756 2931708
1786770278586 850836 20384756 2931708
1786770278617 865816 20646772 2931708
1786770278649 903880 20646772 2931708
1786770278682 919260 20646772 2931708
1786770278713 919260 20646772 2931708
1786770278743 915764 20646772 2931708
1786770278777 916680 20646772 2931708
1786770278807 916680 20646772 2931708
1786770278837 916692 20646772 2931708
1786770278867 916696 20646772 2931708
1786770278898 916696 20646772 2931708
1786770278929 916696 20646772 2931708
1786770278960 916696 20646772 2931708
1786770278990 914888 20646772 2931708
1786770279021 916700 20646772 2931708
1786770279052 916700 20646772 2931708
1786770279082 916700 20646772 2931708
1786770279112 916704 20646772 2931708
1786770279142 916704 20646772 2931708
1786770279172 916704 20646772 2931708
1786770279202 916704 20646772 2931708
1786770279232 916704 0 2931708
1786770279261 916704 20646772 2931708
1786770279291 916704 20646772 2931708
1786770279321 916704 20646772 2931708
1786770279351 916704 20646772 2931708
1786770279382 916704 20646772 2931708
1786770279412 916704 20646772 2931708
1786770279442 916708 20646772 2931708
1786770279473 916708 20646772 2931708
1786770279504 916708 20646772 2931708
1786770279535 916708 20646772 2931708
1786770279566 916708 20646772 2931708
1786770279596 916708 20646772 2931708
1786770279630 916708 20646772 2931708
1786770279663 916708 20646772 2931708
1786770279697 916708 20646772 2931708
1786770279730 914900 20646772 2931708
1786770279764 916708 20646772 2931708
1786770279798 916708 20646772 2931708
1786770279831 916708 20646772 2931708
1786770279865 916708 20646772 2931708
1786770279897 914900 20646772 2931708
1786770279930 916704 20646772 2931708
1786770279964 916704 20646772 2931708
1786770279997 914900 20646772 2931708
1786770280030 914908 20646772 2931708
1786770280064 914908 20646772 2931708
1786770280097 922732 20646772 2931708
1786770280130 922732 20646772 2931708
1786770280163 922652 20646772 2931708
1786770280197 922652 20646772 2931708
1786770280230 922648 20646772 2931708
1786770280264 922648 20646772 2931708
1786770280297 922648 20646772 2931708
1786770280330 922644 20646772 2931708
1786770280363 922644 20646772 2931708
1786770280396 922644 20646772 2931708
1786770280430 922644 20646772 2931708
1786770280463 922644 20646772 2931708
1786770280496 922644 20646772 2931708
1786770280529 922644 20646772 2931708
1786770280562 922644 20646772 2931708
1786770280595 922648 20646772 2931708
1786770280628 922648 20646772 2931708
1786770280661 922648 20646772 2931708
1786770280694 922648 20646772 2931708
1786770280728 922648 20646772 2931708
1786770280760 922648 20646772 2931708
1786770280794 922648 20646772 2931708
1786770280827 922648 20646772 2931708
1786770280860 922648 20646772 2931708
1786770280894 922648 20646772 2931708
1786770280927 922648 20646772 2931708
1786770280960 922648 20646772 2931708
1786770280993 922648 20646772 2931708
1786770281026 922648 20646772 2931708
1786770281059 922648 20646772 2931708
1786770281092 957532 20646772 2931708
1786770281126 977112 20646772 2931708
1786770281157 991916 20646772 2931708
1786770281189 992388 20646772 2931708
1786770281221 993964 20646772 2931708
1786770281254 994032 20646772 2931708
1786770281287 1016040 20646772 2931708
1786770281319 1031712 20713332 2931708
1786770281350 1032068 20746100 2931708
1786770281385 1032076 20746100 2931708
1786770281419 1032532 20746100 2931708
1786770281453 1032532 20746100 2931708
1786770281486 1032532 20746100 2931708
1786770281520 1032532 20746100 2931708
1786770281554 1032556 20746100 2931708
1786770281587 1032560 20746100 2931708
1786770281620 1040440 20778868 2931708
1786770281654 1065388 20778868 2931708
1786770281690 1065388 20778868 2931708
1786770281725 1065388 20778868 2931708
1786770281760 1065388 20778868 2931708
1786770281794 1065388 20778868 2931708
1786770281829 1072384 20942708 2931708
1786770281863 1072572 20975476 0
1786770281897 1072576 20975476 2931708
1786770281931 1072616 20975476 2931708
1786770281965 1072656 20975476 2931708
1786770281999 1072664 20975476 2931708
1786770282034 1072672 20975476 2931708
1786770282068 1072876 20975476 2931708
1786770282103 1072876 20975476 2931708
1786770282137 1072876 20975476 2931708
1786770282171 1072876 20975476 2931708
1786770282205 1072884 20975476 2931708
1786770282239 1072908 20975476 2931708
1786770282273 1072908 20975476 2931708
1786770282308 1072932 20975476 2931708
1786770282343 1072932 20975476 2931708
1786770282377 1072932 20975476 2931708
1786770282413 1072932 20975476 2931708
1786770282447 1072932 20975476 2931708
1786770282483 1072932 20975476 2931708
1786770282517 1072932 20975476 2931708
1786770282550 1072952 20975476 2931708
1786770282584 1072992 20975476 2931708
1786770282618 1073000 20975476 2931708
1786770282653 1073140 20975476 2931708
1786770282688 1073140 20975476 2931708
1786770282722 1073140 20975476 2931708
1786770282757 1073140 20975476 2931708
1786770282792 1073140 20975476 2931708
1786770282826 1073156 20975476 2931708
1786770282860 1073172 20975476 2931708
1786770282894 1073172 20975476 2931708
1786770282929 1073180 20975476 2931708
1786770282964 1073180 20975476 2931708
1786770282999 1073180 20975476 2931708
1786770283034 1073180 20975476 2931708
1786770283069 1073180 20975476 2931708
1786770283104 1073184 20975476 2931708
1786770283138 1073184 20975476 2931708
1786770283173 1073224 20975476 2931708
1786770283207 1073252 20975476 2931708
1786770283241 1073280 20975476 2931708
1786770283275 1073468 20975476 2931708
1786770283311 1073468 0 2931708
1786770283346 1073468 20975476 2931708
1786770283379 1073468 20975476 2931708
1786770283413 1073468 20975476 2931708
1786770283447 1073468 20975476 2931708
1786770283481 1073496 20975476 2931708
1786770283515 1073496 20975476 2931708
1786770283549 1073508 20975476 2931708
1786770283583 1073508 20975476 2931708
1786770283619 1073508 20975476 2931708
1786770283654 1073508 20975476 2931708
1786770283689 1073508 20975476 2931708
1786770283723 1073508 20975476 2931708
1786770283758 1073508 20975476 2931708
1786770283792 1073540 20975476 2931708
1786770283827 1073572 20975476 2931708
1786770283861 1073728 20975476 2931708
1786770283895 1073728 20975476 2931708
1786770283930 1073728 20975476 2931708
1786770283965 1073728 20975476 2931708
1786770283999 1073728 20975476 2931708
1786770284033 1073728 20975476 2931708
1786770284068 1073728 20975476 2931708
1786770284102 1073732 20975476 2931708
1786770284136 1073732 20975476 2931708
1786770284170 1073748 20975476 2931708
1786770284205 1073748 20975476 2931708
1786770284240 1073748 20975476 2931708
1786770284274 1073748 20975476 2931708
1786770284310 1073748 20975476 2931708
1786770284343 1073748 21008244 2931708
1786770284377 1073756 0 2931708
1786770284411 1073756 21008244 2931708
1786770284443 1073788 21008244 2931708
1786770284475 1073820 21008244 2931708
1786770284508 1073824 21008244 2931708
1786770284542 1073824 21008244 2931708
1786770284575 1073828 21008244 2931708
1786770284608 1073828 21008244 2931708
1786770284643 1073980 21008244 2931708
1786770284678 1073980 21008244 2931708
1786770284713 1073980 21008244 2931708
1786770284746 1073980 21008244 2931708
1786770284780 1073988 21008244 2931708
1786770284815 1074000 21008244 2931708
1786770284849 1074000 21008244 2931708
1786770284882 1074020 21008244 2931708
1786770284918 1074020 21008244 2931708
1786770284953 1074020 21008244 2931708
1786770284989 1074020 21008244 2931708
1786770285023 1074020 21008244 2931708
1786770285058 1074020 21008244 2931708
1786770285093 1074024 21008244 2931708
1786770285127 1074032 21008244 2931708
1786770285162 1074068 21008244 2931708
1786770285197 1074068 21008244 2931708
1786770285230 1074088 21008244 2931708
1786770285263 1074108 21008244 2931708
1786770285296 1074112 21008244 2931708
1786770285332 1074260 21008244 2931708
1786770285367 1074260 21008244 2931708
1786770285401 1074260 21008244 2931708
1786770285435 1074260 21008244 2931708
1786770285469 1074260 21008244 2931708
1786770285503 1074260 21008244 2931708
1786770285538 1074280 21008244 2931708
1786770285572 1074284 21008244 2931708
1786770285607 1074300 21008244 2931708
1786770285643 1074300 21008244 2931708
1786770285677 1074300 21008244 2931708
1786770285712 1074300 21008244 2931708
1786770285748 1074300 21008244 2931708
1786770285783 1074304 21008244 2931708
1786770285818 1074304 21008244 2931708
1786770285851 1074304 21008244 2931708
1786770285883 1074304 21008244 2931708
1786770285915 1074332 21008244 2931708
1786770285950 1074352 21008244 2931708
1786770285984 1074396 21008244 2931708
1786770286019 1074396 21008244 2931708
1786770286055 1074396 21008244 2931708
1786770286090 1074396 21008244 2931708
1786770286123 1074396 21008244 2931708
1786770286157 1074396 21008244 2931708
1786770286190 1074396 21008244 2931708
1786770286224 1074400 21008244 2931708
1786770286258 1074400 21008244 2931708
1786770286292 1074424 21008244 2931708
1786770286326 1074612 21008244 2931708
1786770286361 1074612 21008244 2931708
1786770286396 1074612 21008244 2931708
1786770286431 1074612 21008244 2931708
1786770286467 1074612 21042036 2931708
1786770286501 1074612 21042036 2931708
1786770286535 1074628 21042036 2931708
1786770286569 1074664 21042036 2931708
1786770286603 1074680 21042036 2931708
1786770286638 1074688 21042036 2931708
1786770286671 1074836 21042036 2931708
1786770286706 1074836 21042036 2931708
1786770286740 1074836 21042036 2931708
1786770286775 1074836 21042036 2931708
1786770286812 1074836 21042036 2931708
1786770286846 1074836 21042036 2931708
1786770286880 1074848 21042036 2931708
1786770286914 1074848 21042036 2931708
1786770286949 1074872 21042036 2931708
1786770286984 1074872 21042036 2931708
1786770287020 1074872 21042036 2931708
1786770287056 1075024 21042036 2931708
1786770287091 1075024 21042036 2931708
1786770287126 1075024 21042036 2931708
1786770287160 1075024 21042036 2931708
1786770287195 1075024 21042036 2931708
1786770287229 1075024 21042036 2931708
1786770287262 1075048 21042036 2931708
1786770287298 1075048 21042036 2931708
1786770287332 1075240 21042036 2931708
1786770287366 1075240 21042036 2931708
1786770287400 1075240 21042036 2931708
1786770287433 1075240 21042036 2931708
1786770287466 1075240 21042036 2931708
1786770287499 1075260 21042036 2931708
1786770287531 1075260 21042036 2931708
1786770287564 1075260 21042036 2931708
1786770287599 1075260 21042036 2931708
1786770287633 1075260 21042036 2931708
1786770287666 1075264 21042036 2931708
1786770287702 1075336 21074804 2931708
1786770287754 1075336 21074804 2931708
1786770287789 1075336 21074804 2931708
1786770287823 1075348 21074804 2931708
1786770287857 1075392 21074804 2931708
1786770287891 1075392 21074804 2931708
1786770287927 1075392 21074804 2931708
1786770287962 1075392 21074804 2931708
1786770287996 1075392 21074804 2931708
1786770288031 1075392 21074804 2931708
1786770288064 1075392 21074804 2931708
1786770288098 1075408 21074804 2931708
1786770288133 1075408 21074804 2931708
1786770288167 1075432 21074804 2931708
1786770288202 1075432 21074804 2931708
1786770288236 1075592 21074804 2931708
1786770288271 1075592 21074804 2931708
1786770288306 1075592 21074804 2931708
1786770288340 1075592 21074804 2931708
1786770288375 1075592 21074804 2931708
1786770288408 1075592 21074804 2931708
1786770288442 1075628 21074804 2931708
1786770288476 1075652 21074804 2931708
1786770288512 1075672 21074804 2931708
1786770288546 1075672 21074804 2931708
1786770288579 1075672 21074804 2931708
1786770288613 1075672 21074804 2931708
1786770288648 1075672 21074804 2931708
1786770288682 1075672 21074804 2931708
1786770288716 1075676 21074804 2931708
1786770288751 1075676 21074804 2931708
1786770288786 1075704 21074804 2931708
1786770288821 1075704 21074804 2931708
1786770288855 1075844 21074804 2931708
1786770288890 1075844 21074804 2931708
1786770288925 1075844 21107572 2931708
1786770288961 1075844 21107572 2931708
1786770288996 1075844 21107572 2931708
1786770289029 1082440 21107572 2931708
1786770289063 1082468 21107572 2931708
1786770289097 1081012 21107572 2931708
1786770289130 1081012 21107572 2931708
1786770289162 1081140 21107572 2931708
1786770289194 1081140 21107572 2931708
1786770289226 1081140 21107572 2931708
1786770289258 1081140 21107572 2931708
1786770289289 1081140 21107572 2931708
1786770289321 1081140 21107572 2931708
1786770289353 1081140 21107572 2931708
1786770289384 1081140 21107572 2931708
1786770289419 1081144 21107572 2931708
1786770289452 1081144 21107572 2931708
1786770289484 1079496 21107572 2931708
1786770289516 1089156 21107572 2931708
1786770289547 1089220 21107572 2931708
1786770289579 1110828 21107572 2931708
# peak_kb=2938308
# hwm_kb=2938308
# frozen_ms=0
# polled_vs_hwm_pct=0promille
