[2026-09-30 05:59:01.760] [info] [channel.cc:359] send request failed and retry, retry_count=1, max_retry=3, interval_ms=1000, message=[external/yacl/yacl/link/transport/interconnection_link.cc:56] cntl ErrorCode '111', http status code '0', response header '', response body '', error msg '[E111]Fail to connect Socket{id=0 addr=127.0.0.1:9531} (0x0x559905a94300): Connection refused'
[2026-09-30 05:59:02.761] [info] [channel.cc:359] send request failed and retry, retry_count=2, max_retry=3, interval_ms=3000, message=[external/yacl/yacl/link/transport/interconnection_link.cc:56] cntl ErrorCode '112', http status code '0', response header '', response body '', error msg '[E112]Not connected to 127.0.0.1:9531 yet, server_id=0'
[2026-09-30 05:59:03.792] [info] [channel.cc:359] send request failed and retry, retry_count=1, max_retry=3, interval_ms=1000, message=[external/yacl/yacl/link/transport/interconnection_link.cc:56] cntl ErrorCode '112', http status code '0', response header '', response body '', error msg '[E112]Not connected to 127.0.0.1:9531 yet, server_id=0'
[2026-09-30 05:59:03.861] [info] [channel.cc:359] send request failed and retry, retry_count=1, max_retry=3, interval_ms=1000, message=[external/yacl/yacl/link/transport/interconnection_link.cc:56] cntl ErrorCode '112', http status code '0', response header '', response body '', error msg '[E112]Not connected to 127.0.0.1:9531 yet, server_id=0'
[2026-09-30 05:59:04.810] [info] [channel.cc:359] send request failed and retry, retry_count=2, max_retry=3, interval_ms=3000, message=[external/yacl/yacl/link/transport/interconnection_link.cc:56] cntl ErrorCode '112', http status code '0', response header '', response body '', error msg '[E112]Not connected to 127.0.0.1:9531 yet, server_id=0'
[2026-09-30 05:59:05.823] [info] [thread_pool.cc:30] Create a fixed thread pool with size 15
[2026-09-30 05:59:07.851] [info] [cheetah_mul.cc:335] CheetahMul uses 3 modulus for 64 bit input over 64 bit ring
[2026-09-30 05:59:18.752] [info] [cheetah_dot.cc:319] CheetahDot uses 3@2 modulus 8192 degree for 64 bit ring (packing=enabled)
[2026-09-30 05:59:22.904] [info] [cheetah_dot.cc:636] 1@128x768x2304 => 128x64x1 Recv 10.849 MiB, Response 8.733 MiB Pack 0 ms (interleave)
[2026-09-30 05:59:23.303] [info] [cheetah_dot.cc:636] 1@128x64x128 => 128x64x1 Recv 0.662 MiB, Response 0.485 MiB Pack 0 ms (interleave)
[2026-09-30 05:59:26.113] [info] [activation.cc:317] f_nexp 16384 sent 4.834775924682617 MiB
[2026-09-30 05:59:26.430] [info] [cheetah_dot.cc:636] 1@128x128x64 => 1x128x64 Recv 0.176 MiB, Response 0.243 MiB Pack 49.359 ms (interleave)
[2026-09-30 05:59:26.547] [info] [cheetah_dot.cc:636] 1@128x64x128 => 128x64x1 Recv 0.176 MiB, Response 0.485 MiB Pack 0 ms (interleave)
[2026-09-30 05:59:27.173] [info] [activation.cc:317] f_nexp 16384 sent 4.834790229797363 MiB
[2026-09-30 05:59:27.487] [info] [cheetah_dot.cc:636] 1@128x128x64 => 1x128x64 Recv 0.176 MiB, Response 0.243 MiB Pack 56.499 ms (interleave)
[2026-09-30 05:59:27.601] [info] [cheetah_dot.cc:636] 1@128x64x128 => 128x64x1 Recv 0.176 MiB, Response 0.485 MiB Pack 0 ms (interleave)
[2026-09-30 05:59:28.221] [info] [activation.cc:317] f_nexp 16384 sent 4.834488868713379 MiB
[2026-09-30 05:59:28.533] [info] [cheetah_dot.cc:636] 1@128x128x64 => 1x128x64 Recv 0.176 MiB, Response 0.243 MiB Pack 42.616 ms (interleave)
[2026-09-30 05:59:28.647] [info] [cheetah_dot.cc:636] 1@128x64x128 => 128x64x1 Recv 0.176 MiB, Response 0.485 MiB Pack 0 ms (interleave)
[2026-09-30 05:59:29.275] [info] [activation.cc:317] f_nexp 16384 sent 4.8344926834106445 MiB
[2026-09-30 05:59:29.596] [info] [cheetah_dot.cc:636] 1@128x128x64 => 1x128x64 Recv 0.176 MiB, Response 0.243 MiB Pack 45.172 ms (interleave)
[2026-09-30 05:59:29.716] [info] [cheetah_dot.cc:636] 1@128x64x128 => 128x64x1 Recv 0.662 MiB, Response 0.485 MiB Pack 0 ms (interleave)
[2026-09-30 05:59:30.333] [info] [activation.cc:317] f_nexp 16384 sent 4.8344926834106445 MiB
[2026-09-30 05:59:30.632] [info] [cheetah_dot.cc:636] 1@128x128x64 => 1x128x64 Recv 0.176 MiB, Response 0.243 MiB Pack 44.118 ms (interleave)
[2026-09-30 05:59:30.750] [info] [cheetah_dot.cc:636] 1@128x64x128 => 128x64x1 Recv 0.176 MiB, Response 0.485 MiB Pack 0 ms (interleave)
[2026-09-30 05:59:31.369] [info] [activation.cc:317] f_nexp 16384 sent 4.834414482116699 MiB
[2026-09-30 05:59:31.669] [info] [cheetah_dot.cc:636] 1@128x128x64 => 1x128x64 Recv 0.176 MiB, Response 0.243 MiB Pack 41.376 ms (interleave)
[2026-09-30 05:59:31.784] [info] [cheetah_dot.cc:636] 1@128x64x128 => 128x64x1 Recv 0.176 MiB, Response 0.485 MiB Pack 0 ms (interleave)
[2026-09-30 05:59:32.394] [info] [activation.cc:317] f_nexp 16384 sent 4.8345947265625 MiB
[2026-09-30 05:59:32.700] [info] [cheetah_dot.cc:636] 1@128x128x64 => 1x128x64 Recv 0.176 MiB, Response 0.243 MiB Pack 42.583 ms (interleave)
[2026-09-30 05:59:32.812] [info] [cheetah_dot.cc:636] 1@128x64x128 => 128x64x1 Recv 0.176 MiB, Response 0.485 MiB Pack 0 ms (interleave)
[2026-09-30 05:59:33.429] [info] [activation.cc:317] f_nexp 16384 sent 4.83479118347168 MiB
[2026-09-30 05:59:33.722] [info] [cheetah_dot.cc:636] 1@128x128x64 => 1x128x64 Recv 0.176 MiB, Response 0.243 MiB Pack 41.452 ms (interleave)
[2026-09-30 05:59:33.843] [info] [cheetah_dot.cc:636] 1@128x64x128 => 128x64x1 Recv 0.176 MiB, Response 0.485 MiB Pack 0 ms (interleave)
[2026-09-30 05:59:34.466] [info] [activation.cc:317] f_nexp 16384 sent 4.834774971008301 MiB
[2026-09-30 05:59:34.789] [info] [cheetah_dot.cc:636] 1@128x128x64 => 1x128x64 Recv 0.176 MiB, Response 0.243 MiB Pack 43.812 ms (interleave)
[2026-09-30 05:59:34.910] [info] [cheetah_dot.cc:636] 1@128x64x128 => 128x64x1 Recv 0.176 MiB, Response 0.485 MiB Pack 0 ms (interleave)
[2026-09-30 05:59:35.528] [info] [activation.cc:317] f_nexp 16384 sent 4.834663391113281 MiB
[2026-09-30 05:59:36.335] [info] [cheetah_dot.cc:636] 1@128x128x64 => 1x128x64 Recv 0.176 MiB, Response 0.243 MiB Pack 44.048 ms (interleave)
[2026-09-30 05:59:36.455] [info] [cheetah_dot.cc:636] 1@128x64x128 => 128x64x1 Recv 0.176 MiB, Response 0.485 MiB Pack 0 ms (interleave)
[2026-09-30 05:59:37.075] [info] [activation.cc:317] f_nexp 16384 sent 4.834772109985352 MiB
[2026-09-30 05:59:37.375] [info] [cheetah_dot.cc:636] 1@128x128x64 => 1x128x64 Recv 0.176 MiB, Response 0.243 MiB Pack 43.05 ms (interleave)
[2026-09-30 05:59:37.505] [info] [cheetah_dot.cc:636] 1@128x64x128 => 128x64x1 Recv 0.662 MiB, Response 0.485 MiB Pack 0 ms (interleave)
[2026-09-30 05:59:38.120] [info] [activation.cc:317] f_nexp 16384 sent 4.834433555603027 MiB
[2026-09-30 05:59:38.416] [info] [cheetah_dot.cc:636] 1@128x128x64 => 1x128x64 Recv 0.176 MiB, Response 0.243 MiB Pack 40.948 ms (interleave)
[2026-09-30 05:59:39.299] [info] [cheetah_dot.cc:636] 1@128x768x768 => 128x64x1 Recv 2.117 MiB, Response 2.911 MiB Pack 0 ms (interleave)
[2026-09-30 05:59:46.656] [info] [cheetah_dot.cc:636] 1@128x768x3072 => 128x64x1 Recv 2.117 MiB, Response 11.644 MiB Pack 0 ms (interleave)
[2026-09-30 05:59:49.766] [info] [activation.cc:208] seg3_gelu (i32true) 393216 sent 97.11860179901123 MiB
[2026-09-30 05:59:51.999] [info] [cheetah_dot.cc:636] 1@128x3072x768 => 128x64x1 Recv 8.467 MiB, Response 2.911 MiB Pack 0 ms (interleave)
[2026-09-30 05:59:57.618] [info] [cheetah_dot.cc:636] 1@128x768x2304 => 128x64x1 Recv 2.117 MiB, Response 8.733 MiB Pack 0 ms (interleave)
[2026-09-30 05:59:58.005] [info] [cheetah_dot.cc:636] 1@128x64x128 => 128x64x1 Recv 0.176 MiB, Response 0.485 MiB Pack 0 ms (interleave)
[2026-09-30 05:59:58.652] [info] [activation.cc:317] f_nexp 16384 sent 4.8345537185668945 MiB
[2026-09-30 05:59:58.949] [info] [cheetah_dot.cc:636] 1@128x128x64 => 1x128x64 Recv 0.176 MiB, Response 0.243 MiB Pack 40.803 ms (interleave)
[2026-09-30 05:59:59.071] [info] [cheetah_dot.cc:636] 1@128x64x128 => 128x64x1 Recv 0.176 MiB, Response 0.485 MiB Pack 0 ms (interleave)
[2026-09-30 05:59:59.680] [info] [activation.cc:317] f_nexp 16384 sent 4.834568023681641 MiB
[2026-09-30 05:59:59.973] [info] [cheetah_dot.cc:636] 1@128x128x64 => 1x128x64 Recv 0.176 MiB, Response 0.243 MiB Pack 38.812 ms (interleave)
[2026-09-30 06:00:00.087] [info] [cheetah_dot.cc:636] 1@128x64x128 => 128x64x1 Recv 0.176 MiB, Response 0.485 MiB Pack 0 ms (interleave)
[2026-09-30 06:00:00.702] [info] [activation.cc:317] f_nexp 16384 sent 4.8346357345581055 MiB
[2026-09-30 06:00:01.010] [info] [cheetah_dot.cc:636] 1@128x128x64 => 1x128x64 Recv 0.176 MiB, Response 0.243 MiB Pack 50.159 ms (interleave)
[2026-09-30 06:00:01.128] [info] [cheetah_dot.cc:636] 1@128x64x128 => 128x64x1 Recv 0.176 MiB, Response 0.485 MiB Pack 0 ms (interleave)
[2026-09-30 06:00:01.746] [info] [activation.cc:317] f_nexp 16384 sent 4.83448600769043 MiB
[2026-09-30 06:00:02.065] [info] [cheetah_dot.cc:636] 1@128x128x64 => 1x128x64 Recv 0.176 MiB, Response 0.243 MiB Pack 42.433 ms (interleave)
[2026-09-30 06:00:02.179] [info] [cheetah_dot.cc:636] 1@128x64x128 => 128x64x1 Recv 0.176 MiB, Response 0.485 MiB Pack 0 ms (interleave)
[2026-09-30 06:00:03.333] [info] [activation.cc:317] f_nexp 16384 sent 4.834355354309082 MiB
[2026-09-30 06:00:03.623] [info] [cheetah_dot.cc:636] 1@128x128x64 => 1x128x64 Recv 0.176 MiB, Response 0.243 MiB Pack 41.741 ms (interleave)
[2026-09-30 06:00:03.735] [info] [cheetah_dot.cc:636] 1@128x64x128 => 128x64x1 Recv 0.176 MiB, Response 0.485 MiB Pack 0 ms (interleave)
[2026-09-30 06:00:04.356] [info] [activation.cc:317] f_nexp 16384 sent 4.834859848022461 MiB
[2026-09-30 06:00:04.650] [info] [cheetah_dot.cc:636] 1@128x128x64 => 1x128x64 Recv 0.176 MiB, Response 0.243 MiB Pack 39.743 ms (interleave)
[2026-09-30 06:00:04.767] [info] [cheetah_dot.cc:636] 1@128x64x128 => 128x64x1 Recv 0.176 MiB, Response 0.485 MiB Pack 0 ms (interleave)
[2026-09-30 06:00:05.888] [info] [activation.cc:317] f_nexp 16384 sent 4.834331512451172 MiB
[2026-09-30 06:00:06.181] [info] [cheetah_dot.cc:636] 1@128x128x64 => 1x128x64 Recv 0.176 MiB, Response 0.243 MiB Pack 38.896 ms (interleave)
[2026-09-30 06:00:06.293] [info] [cheetah_dot.cc:636] 1@128x64x128 => 128x64x1 Recv 0.176 MiB, Response 0.485 MiB Pack 0 ms (interleave)
[2026-09-30 06:00:06.911] [info] [activation.cc:317] f_nexp 16384 sent 4.834521293640137 MiB
[2026-09-30 06:00:07.201] [info] [cheetah_dot.cc:636] 1@128x128x64 => 1x128x64 Recv 0.176 MiB, Response 0.243 MiB Pack 41.695 ms (interleave)
[2026-09-30 06:00:07.313] [info] [cheetah_dot.cc:636] 1@128x64x128 => 128x64x1 Recv 0.176 MiB, Response 0.485 MiB Pack 0 ms (interleave)
[2026-09-30 06:00:07.945] [info] [activation.cc:317] f_nexp 16384 sent 4.834510803222656 MiB
[2026-09-30 06:00:08.258] [info] [cheetah_dot.cc:636] 1@128x128x64 => 1x128x64 Recv 0.176 MiB, Response 0.243 MiB Pack 40.402 ms (interleave)
[2026-09-30 06:00:08.373] [info] [cheetah_dot.cc:636] 1@128x64x128 => 128x64x1 Recv 0.176 MiB, Response 0.485 MiB Pack 0 ms (interleave)
[2026-09-30 06:00:08.996] [info] [activation.cc:317] f_nexp 16384 sent 4.834474563598633 MiB
[2026-09-30 06:00:09.289] [info] [cheetah_dot.cc:636] 1@128x128x64 => 1x128x64 Recv 0.176 MiB, Response 0.243 MiB Pack 39.259 ms (interleave)
[2026-09-30 06:00:09.414] [info] [cheetah_dot.cc:636] 1@128x64x128 => 128x64x1 Recv 0.176 MiB, Response 0.485 MiB Pack 0 ms (interleave)
[2026-09-30 06:00:10.030] [info] [activation.cc:317] f_nexp 16384 sent 4.83469295501709 MiB
[2026-09-30 06:00:10.328] [info] [cheetah_dot.cc:636] 1@128x128x64 => 1x128x64 Recv 0.176 MiB, Response 0.243 MiB Pack 43.694 ms (interleave)
[2026-09-30 06:00:10.452] [info] [cheetah_dot.cc:636] 1@128x64x128 => 128x64x1 Recv 0.176 MiB, Response 0.485 MiB Pack 0 ms (interleave)
[2026-09-30 06:00:11.073] [info] [activation.cc:317] f_nexp 16384 sent 4.834549903869629 MiB
[2026-09-30 06:00:11.367] [info] [cheetah_dot.cc:636] 1@128x128x64 => 1x128x64 Recv 0.176 MiB, Response 0.243 MiB Pack 41.69 ms (interleave)
[2026-09-30 06:00:12.169] [info] [cheetah_dot.cc:636] 1@128x768x768 => 128x64x1 Recv 2.117 MiB, Response 2.911 MiB Pack 0 ms (interleave)
[2026-09-30 06:00:18.437] [info] [cheetah_dot.cc:636] 1@128x768x3072 => 128x64x1 Recv 2.117 MiB, Response 11.643 MiB Pack 0 ms (interleave)
[2026-09-30 06:00:20.181] [info] [activation.cc:208] seg3_gelu (i32true) 393216 sent 97.62682914733887 MiB
[2026-09-30 06:00:22.348] [info] [cheetah_dot.cc:636] 1@128x3072x768 => 128x64x1 Recv 8.467 MiB, Response 2.911 MiB Pack 0 ms (interleave)
[2026-09-30 06:00:27.194] [info] [cheetah_dot.cc:636] 1@128x768x2304 => 128x64x1 Recv 7.938 MiB, Response 8.733 MiB Pack 0 ms (interleave)
[2026-09-30 06:00:27.583] [info] [cheetah_dot.cc:636] 1@128x64x128 => 128x64x1 Recv 0.419 MiB, Response 0.485 MiB Pack 0 ms (interleave)
[2026-09-30 06:00:28.203] [info] [activation.cc:317] f_nexp 16384 sent 4.834446907043457 MiB
[2026-09-30 06:00:28.504] [info] [cheetah_dot.cc:636] 1@128x128x64 => 1x128x64 Recv 0.176 MiB, Response 0.243 MiB Pack 39.701 ms (interleave)
[2026-09-30 06:00:28.620] [info] [cheetah_dot.cc:636] 1@128x64x128 => 128x64x1 Recv 0.176 MiB, Response 0.485 MiB Pack 0 ms (interleave)
[2026-09-30 06:00:29.236] [info] [activation.cc:317] f_nexp 16384 sent 4.834541320800781 MiB
[2026-09-30 06:00:29.539] [info] [cheetah_dot.cc:636] 1@128x128x64 => 1x128x64 Recv 0.176 MiB, Response 0.243 MiB Pack 41.52 ms (interleave)
[2026-09-30 06:00:29.652] [info] [cheetah_dot.cc:636] 1@128x64x128 => 128x64x1 Recv 0.176 MiB, Response 0.485 MiB Pack 0 ms (interleave)
[2026-09-30 06:00:31.282] [info] [activation.cc:317] f_nexp 16384 sent 4.834785461425781 MiB
[2026-09-30 06:00:31.573] [info] [cheetah_dot.cc:636] 1@128x128x64 => 1x128x64 Recv 0.176 MiB, Response 0.243 MiB Pack 38.706 ms (interleave)
[2026-09-30 06:00:31.690] [info] [cheetah_dot.cc:636] 1@128x64x128 => 128x64x1 Recv 0.176 MiB, Response 0.485 MiB Pack 0 ms (interleave)
[2026-09-30 06:00:32.314] [info] [activation.cc:317] f_nexp 16384 sent 4.834822654724121 MiB
[2026-09-30 06:00:32.636] [info] [cheetah_dot.cc:636] 1@128x128x64 => 1x128x64 Recv 0.176 MiB, Response 0.243 MiB Pack 41.546 ms (interleave)
[2026-09-30 06:00:32.747] [info] [cheetah_dot.cc:636] 1@128x64x128 => 128x64x1 Recv 0.176 MiB, Response 0.485 MiB Pack 0 ms (interleave)
[2026-09-30 06:00:33.367] [info] [activation.cc:317] f_nexp 16384 sent 4.834918022155762 MiB
[2026-09-30 06:00:33.665] [info] [cheetah_dot.cc:636] 1@128x128x64 => 1x128x64 Recv 0.176 MiB, Response 0.243 MiB Pack 42.236 ms (interleave)
[2026-09-30 06:00:33.787] [info] [cheetah_dot.cc:636] 1@128x64x128 => 128x64x1 Recv 0.662 MiB, Response 0.485 MiB Pack 0 ms (interleave)
[2026-09-30 06:00:34.403] [info] [activation.cc:317] f_nexp 16384 sent 4.834432601928711 MiB
[2026-09-30 06:00:34.695] [info] [cheetah_dot.cc:636] 1@128x128x64 => 1x128x64 Recv 0.176 MiB, Response 0.243 MiB Pack 39.223 ms (interleave)
[2026-09-30 06:00:34.807] [info] [cheetah_dot.cc:636] 1@128x64x128 => 128x64x1 Recv 0.176 MiB, Response 0.485 MiB Pack 0 ms (interleave)
[2026-09-30 06:00:35.417] [info] [activation.cc:317] f_nexp 16384 sent 4.834677696228027 MiB
[2026-09-30 06:00:35.708] [info] [cheetah_dot.cc:636] 1@128x128x64 => 1x128x64 Recv 0.176 MiB, Response 0.243 MiB Pack 38.443 ms (interleave)
[2026-09-30 06:00:35.819] [info] [cheetah_dot.cc:636] 1@128x64x128 => 128x64x1 Recv 0.176 MiB, Response 0.485 MiB Pack 0 ms (interleave)
[2026-09-30 06:00:36.438] [info] [activation.cc:317] f_nexp 16384 sent 4.834671974182129 MiB
[2026-09-30 06:00:36.728] [info] [cheetah_dot.cc:636] 1@128x128x64 => 1x128x64 Recv 0.176 MiB, Response 0.243 MiB Pack 38.956 ms (interleave)
[2026-09-30 06:00:36.842] [info] [cheetah_dot.cc:636] 1@128x64x128 => 128x64x1 Recv 0.176 MiB, Response 0.485 MiB Pack 0 ms (interleave)
[2026-09-30 06:00:37.995] [info] [activation.cc:317] f_nexp 16384 sent 5.088658332824707 MiB
[2026-09-30 06:00:38.309] [info] [cheetah_dot.cc:636] 1@128x128x64 => 1x128x64 Recv 0.176 MiB, Response 0.243 MiB Pack 41.857 ms (interleave)
[2026-09-30 06:00:38.421] [info] [cheetah_dot.cc:636] 1@128x64x128 => 128x64x1 Recv 0.176 MiB, Response 0.485 MiB Pack 0 ms (interleave)
[2026-09-30 06:00:39.034] [info] [activation.cc:317] f_nexp 16384 sent 4.83469295501709 MiB
[2026-09-30 06:00:39.330] [info] [cheetah_dot.cc:636] 1@128x128x64 => 1x128x64 Recv 0.176 MiB, Response 0.243 MiB Pack 41.402 ms (interleave)
[2026-09-30 06:00:39.440] [info] [cheetah_dot.cc:636] 1@128x64x128 => 128x64x1 Recv 0.176 MiB, Response 0.485 MiB Pack 0 ms (interleave)
[2026-09-30 06:00:40.058] [info] [activation.cc:317] f_nexp 16384 sent 4.83454704284668 MiB
[2026-09-30 06:00:40.353] [info] [cheetah_dot.cc:636] 1@128x128x64 => 1x128x64 Recv 0.176 MiB, Response 0.243 MiB Pack 41.459 ms (interleave)
[2026-09-30 06:00:40.464] [info] [cheetah_dot.cc:636] 1@128x64x128 => 128x64x1 Recv 0.176 MiB, Response 0.485 MiB Pack 0 ms (interleave)
[2026-09-30 06:00:41.075] [info] [activation.cc:317] f_nexp 16384 sent 4.834550857543945 MiB
[2026-09-30 06:00:41.382] [info] [cheetah_dot.cc:636] 1@128x128x64 => 1x128x64 Recv 0.176 MiB, Response 0.243 MiB Pack 49.894 ms (interleave)
[2026-09-30 06:00:42.194] [info] [cheetah_dot.cc:636] 1@128x768x768 => 128x64x1 Recv 2.117 MiB, Response 2.911 MiB Pack 0 ms (interleave)
[2026-09-30 06:00:47.967] [info] [cheetah_dot.cc:636] 1@128x768x3072 => 128x64x1 Recv 2.117 MiB, Response 11.644 MiB Pack 0 ms (interleave)
[2026-09-30 06:00:50.032] [info] [activation.cc:208] seg3_gelu (i32true) 393216 sent 98.38872241973877 MiB
[2026-09-30 06:00:52.281] [info] [cheetah_dot.cc:636] 1@128x3072x768 => 128x64x1 Recv 8.467 MiB, Response 2.911 MiB Pack 0 ms (interleave)
[2026-09-30 06:00:57.061] [info] [cheetah_dot.cc:636] 1@128x768x2304 => 128x64x1 Recv 2.117 MiB, Response 8.733 MiB Pack 0 ms (interleave)
[2026-09-30 06:00:57.456] [info] [cheetah_dot.cc:636] 1@128x64x128 => 128x64x1 Recv 0.662 MiB, Response 0.485 MiB Pack 0 ms (interleave)
[2026-09-30 06:00:58.080] [info] [activation.cc:317] f_nexp 16384 sent 4.834689140319824 MiB
[2026-09-30 06:00:58.373] [info] [cheetah_dot.cc:636] 1@128x128x64 => 1x128x64 Recv 0.176 MiB, Response 0.243 MiB Pack 39.652 ms (interleave)
[2026-09-30 06:00:58.487] [info] [cheetah_dot.cc:636] 1@128x64x128 => 128x64x1 Recv 0.176 MiB, Response 0.485 MiB Pack 0 ms (interleave)
[2026-09-30 06:00:59.105] [info] [activation.cc:317] f_nexp 16384 sent 4.834561347961426 MiB
[2026-09-30 06:00:59.403] [info] [cheetah_dot.cc:636] 1@128x128x64 => 1x128x64 Recv 0.176 MiB, Response 0.243 MiB Pack 39.02 ms (interleave)
[2026-09-30 06:00:59.524] [info] [cheetah_dot.cc:636] 1@128x64x128 => 128x64x1 Recv 0.176 MiB, Response 0.485 MiB Pack 0 ms (interleave)
[2026-09-30 06:01:00.144] [info] [activation.cc:317] f_nexp 16384 sent 4.834742546081543 MiB
[2026-09-30 06:01:00.436] [info] [cheetah_dot.cc:636] 1@128x128x64 => 1x128x64 Recv 0.176 MiB, Response 0.243 MiB Pack 40.935 ms (interleave)
[2026-09-30 06:01:00.556] [info] [cheetah_dot.cc:636] 1@128x64x128 => 128x64x1 Recv 0.176 MiB, Response 0.485 MiB Pack 0 ms (interleave)
[2026-09-30 06:01:01.169] [info] [activation.cc:317] f_nexp 16384 sent 4.834682464599609 MiB
[2026-09-30 06:01:01.485] [info] [cheetah_dot.cc:636] 1@128x128x64 => 1x128x64 Recv 0.176 MiB, Response 0.243 MiB Pack 42.207 ms (interleave)
[2026-09-30 06:01:01.598] [info] [cheetah_dot.cc:636] 1@128x64x128 => 128x64x1 Recv 0.176 MiB, Response 0.485 MiB Pack 0 ms (interleave)
[2026-09-30 06:01:02.215] [info] [activation.cc:317] f_nexp 16384 sent 4.835077285766602 MiB
[2026-09-30 06:01:02.523] [info] [cheetah_dot.cc:636] 1@128x128x64 => 1x128x64 Recv 0.176 MiB, Response 0.243 MiB Pack 50.007 ms (interleave)
[2026-09-30 06:01:02.639] [info] [cheetah_dot.cc:636] 1@128x64x128 => 128x64x1 Recv 0.176 MiB, Response 0.485 MiB Pack 0 ms (interleave)
[2026-09-30 06:01:03.257] [info] [activation.cc:317] f_nexp 16384 sent 4.834596633911133 MiB
[2026-09-30 06:01:03.553] [info] [cheetah_dot.cc:636] 1@128x128x64 => 1x128x64 Recv 0.176 MiB, Response 0.243 MiB Pack 39.083 ms (interleave)
[2026-09-30 06:01:03.665] [info] [cheetah_dot.cc:636] 1@128x64x128 => 128x64x1 Recv 0.176 MiB, Response 0.485 MiB Pack 0 ms (interleave)
[2026-09-30 06:01:04.281] [info] [activation.cc:317] f_nexp 16384 sent 4.8346099853515625 MiB
[2026-09-30 06:01:04.579] [info] [cheetah_dot.cc:636] 1@128x128x64 => 1x128x64 Recv 0.176 MiB, Response 0.243 MiB Pack 39.886 ms (interleave)
[2026-09-30 06:01:04.691] [info] [cheetah_dot.cc:636] 1@128x64x128 => 128x64x1 Recv 0.176 MiB, Response 0.485 MiB Pack 0 ms (interleave)
[2026-09-30 06:01:05.863] [info] [activation.cc:317] f_nexp 16384 sent 5.342550277709961 MiB
[2026-09-30 06:01:06.156] [info] [cheetah_dot.cc:636] 1@128x128x64 => 1x128x64 Recv 0.176 MiB, Response 0.243 MiB Pack 38.693 ms (interleave)
[2026-09-30 06:01:06.268] [info] [cheetah_dot.cc:636] 1@128x64x128 => 128x64x1 Recv 0.176 MiB, Response 0.485 MiB Pack 0 ms (interleave)
[2026-09-30 06:01:07.394] [info] [activation.cc:317] f_nexp 16384 sent 4.834665298461914 MiB
[2026-09-30 06:01:07.714] [info] [cheetah_dot.cc:636] 1@128x128x64 => 1x128x64 Recv 0.176 MiB, Response 0.243 MiB Pack 41.362 ms (interleave)
[2026-09-30 06:01:07.828] [info] [cheetah_dot.cc:636] 1@128x64x128 => 128x64x1 Recv 0.176 MiB, Response 0.485 MiB Pack 0 ms (interleave)
[2026-09-30 06:01:08.454] [info] [activation.cc:317] f_nexp 16384 sent 4.834623336791992 MiB
[2026-09-30 06:01:08.748] [info] [cheetah_dot.cc:636] 1@128x128x64 => 1x128x64 Recv 0.176 MiB, Response 0.243 MiB Pack 41.882 ms (interleave)
[2026-09-30 06:01:08.862] [info] [cheetah_dot.cc:636] 1@128x64x128 => 128x64x1 Recv 0.176 MiB, Response 0.485 MiB Pack 0 ms (interleave)
[2026-09-30 06:01:09.481] [info] [activation.cc:317] f_nexp 16384 sent 4.834423065185547 MiB
[2026-09-30 06:01:09.784] [info] [cheetah_dot.cc:636] 1@128x128x64 => 1x128x64 Recv 0.176 MiB, Response 0.243 MiB Pack 41.677 ms (interleave)
[2026-09-30 06:01:09.907] [info] [cheetah_dot.cc:636] 1@128x64x128 => 128x64x1 Recv 0.176 MiB, Response 0.485 MiB Pack 0 ms (interleave)
[2026-09-30 06:01:10.528] [info] [activation.cc:317] f_nexp 16384 sent 4.834750175476074 MiB
[2026-09-30 06:01:10.820] [info] [cheetah_dot.cc:636] 1@128x128x64 => 1x128x64 Recv 0.176 MiB, Response 0.243 MiB Pack 41.226 ms (interleave)
[2026-09-30 06:01:11.630] [info] [cheetah_dot.cc:636] 1@128x768x768 => 128x64x1 Recv 2.117 MiB, Response 2.911 MiB Pack 0 ms (interleave)
[2026-09-30 06:01:17.067] [info] [cheetah_dot.cc:636] 1@128x768x3072 => 128x64x1 Recv 10.607 MiB, Response 11.643 MiB Pack 0 ms (interleave)
[2026-09-30 06:01:18.675] [info] [activation.cc:208] seg3_gelu (i32true) 393216 sent 97.37206649780273 MiB
[2026-09-30 06:01:20.875] [info] [cheetah_dot.cc:636] 1@128x3072x768 => 128x64x1 Recv 11.378 MiB, Response 2.911 MiB Pack 0 ms (interleave)
[2026-09-30 06:01:25.642] [info] [cheetah_dot.cc:636] 1@128x768x2304 => 128x64x1 Recv 2.117 MiB, Response 8.732 MiB Pack 0 ms (interleave)
[2026-09-30 06:01:26.015] [info] [cheetah_dot.cc:636] 1@128x64x128 => 128x64x1 Recv 0.176 MiB, Response 0.485 MiB Pack 0 ms (interleave)
[2026-09-30 06:01:26.642] [info] [activation.cc:317] f_nexp 16384 sent 4.834532737731934 MiB
[2026-09-30 06:01:26.936] [info] [cheetah_dot.cc:636] 1@128x128x64 => 1x128x64 Recv 0.176 MiB, Response 0.243 MiB Pack 42.314 ms (interleave)
[2026-09-30 06:01:27.056] [info] [cheetah_dot.cc:636] 1@128x64x128 => 128x64x1 Recv 0.176 MiB, Response 0.485 MiB Pack 0 ms (interleave)
[2026-09-30 06:01:27.681] [info] [activation.cc:317] f_nexp 16384 sent 4.8348798751831055 MiB
[2026-09-30 06:01:27.970] [info] [cheetah_dot.cc:636] 1@128x128x64 => 1x128x64 Recv 0.176 MiB, Response 0.243 MiB Pack 38.782 ms (interleave)
[2026-09-30 06:01:28.084] [info] [cheetah_dot.cc:636] 1@128x64x128 => 128x64x1 Recv 0.176 MiB, Response 0.485 MiB Pack 0 ms (interleave)
[2026-09-30 06:01:28.700] [info] [activation.cc:317] f_nexp 16384 sent 4.8347673416137695 MiB
[2026-09-30 06:01:28.993] [info] [cheetah_dot.cc:636] 1@128x128x64 => 1x128x64 Recv 0.176 MiB, Response 0.243 MiB Pack 40.185 ms (interleave)
[2026-09-30 06:01:29.103] [info] [cheetah_dot.cc:636] 1@128x64x128 => 128x64x1 Recv 0.176 MiB, Response 0.485 MiB Pack 0 ms (interleave)
[2026-09-30 06:01:29.709] [info] [activation.cc:317] f_nexp 16384 sent 4.834591865539551 MiB
[2026-09-30 06:01:30.024] [info] [cheetah_dot.cc:636] 1@128x128x64 => 1x128x64 Recv 0.176 MiB, Response 0.243 MiB Pack 40.597 ms (interleave)
[2026-09-30 06:01:30.148] [info] [cheetah_dot.cc:636] 1@128x64x128 => 128x64x1 Recv 0.176 MiB, Response 0.485 MiB Pack 0 ms (interleave)
[2026-09-30 06:01:31.806] [info] [activation.cc:317] f_nexp 16384 sent 5.088652610778809 MiB
[2026-09-30 06:01:32.096] [info] [cheetah_dot.cc:636] 1@128x128x64 => 1x128x64 Recv 0.176 MiB, Response 0.243 MiB Pack 41.132 ms (interleave)
[2026-09-30 06:01:32.227] [info] [cheetah_dot.cc:636] 1@128x64x128 => 128x64x1 Recv 0.176 MiB, Response 0.485 MiB Pack 0 ms (interleave)
[2026-09-30 06:01:32.848] [info] [activation.cc:317] f_nexp 16384 sent 4.834567070007324 MiB
[2026-09-30 06:01:33.158] [info] [cheetah_dot.cc:636] 1@128x128x64 => 1x128x64 Recv 0.176 MiB, Response 0.243 MiB Pack 52.296 ms (interleave)
[2026-09-30 06:01:33.274] [info] [cheetah_dot.cc:636] 1@128x64x128 => 128x64x1 Recv 0.176 MiB, Response 0.485 MiB Pack 0 ms (interleave)
[2026-09-30 06:01:33.892] [info] [activation.cc:317] f_nexp 16384 sent 4.834609031677246 MiB
[2026-09-30 06:01:34.181] [info] [cheetah_dot.cc:636] 1@128x128x64 => 1x128x64 Recv 0.176 MiB, Response 0.243 MiB Pack 39.953 ms (interleave)
[2026-09-30 06:01:34.303] [info] [cheetah_dot.cc:636] 1@128x64x128 => 128x64x1 Recv 0.176 MiB, Response 0.485 MiB Pack 0.016 ms (interleave)
[2026-09-30 06:01:34.919] [info] [activation.cc:317] f_nexp 16384 sent 4.834573745727539 MiB
[2026-09-30 06:01:35.220] [info] [cheetah_dot.cc:636] 1@128x128x64 => 1x128x64 Recv 0.176 MiB, Response 0.243 MiB Pack 42.648 ms (interleave)
[2026-09-30 06:01:35.345] [info] [cheetah_dot.cc:636] 1@128x64x128 => 128x64x1 Recv 0.662 MiB, Response 0.485 MiB Pack 0 ms (interleave)
[2026-09-30 06:01:35.961] [info] [activation.cc:317] f_nexp 16384 sent 4.834597587585449 MiB
[2026-09-30 06:01:36.286] [info] [cheetah_dot.cc:636] 1@128x128x64 => 1x128x64 Recv 0.176 MiB, Response 0.243 MiB Pack 44.233 ms (interleave)
[2026-09-30 06:01:36.415] [info] [cheetah_dot.cc:636] 1@128x64x128 => 128x64x1 Recv 0.176 MiB, Response 0.485 MiB Pack 0 ms (interleave)
[2026-09-30 06:01:37.037] [info] [activation.cc:317] f_nexp 16384 sent 4.83441162109375 MiB
[2026-09-30 06:01:37.327] [info] [cheetah_dot.cc:636] 1@128x128x64 => 1x128x64 Recv 0.176 MiB, Response 0.243 MiB Pack 41.728 ms (interleave)
[2026-09-30 06:01:37.442] [info] [cheetah_dot.cc:636] 1@128x64x128 => 128x64x1 Recv 0.176 MiB, Response 0.485 MiB Pack 0 ms (interleave)
[2026-09-30 06:01:38.069] [info] [activation.cc:317] f_nexp 16384 sent 4.834408760070801 MiB
[2026-09-30 06:01:38.371] [info] [cheetah_dot.cc:636] 1@128x128x64 => 1x128x64 Recv 0.176 MiB, Response 0.243 MiB Pack 40.572 ms (interleave)
[2026-09-30 06:01:38.488] [info] [cheetah_dot.cc:636] 1@128x64x128 => 128x64x1 Recv 0.176 MiB, Response 0.485 MiB Pack 0 ms (interleave)
[2026-09-30 06:01:39.107] [info] [activation.cc:317] f_nexp 16384 sent 4.834639549255371 MiB
[2026-09-30 06:01:39.411] [info] [cheetah_dot.cc:636] 1@128x128x64 => 1x128x64 Recv 0.176 MiB, Response 0.243 MiB Pack 40.893 ms (interleave)
[2026-09-30 06:01:40.210] [info] [cheetah_dot.cc:636] 1@128x768x768 => 128x64x1 Recv 2.117 MiB, Response 2.911 MiB Pack 0 ms (interleave)
[2026-09-30 06:01:45.914] [info] [cheetah_dot.cc:636] 1@128x768x3072 => 128x64x1 Recv 10.607 MiB, Response 11.644 MiB Pack 0 ms (interleave)
[2026-09-30 06:01:47.071] [info] [activation.cc:208] seg3_gelu (i32true) 393216 sent 97.11900043487549 MiB
[2026-09-30 06:01:49.264] [info] [cheetah_dot.cc:636] 1@128x3072x768 => 128x64x1 Recv 8.467 MiB, Response 2.911 MiB Pack 0 ms (interleave)
[2026-09-30 06:01:54.101] [info] [cheetah_dot.cc:636] 1@128x768x2304 => 128x64x1 Recv 2.117 MiB, Response 8.733 MiB Pack 0 ms (interleave)
[2026-09-30 06:01:54.478] [info] [cheetah_dot.cc:636] 1@128x64x128 => 128x64x1 Recv 0.662 MiB, Response 0.485 MiB Pack 0 ms (interleave)
[2026-09-30 06:01:55.097] [info] [activation.cc:317] f_nexp 16384 sent 4.834616661071777 MiB
[2026-09-30 06:01:55.879] [info] [cheetah_dot.cc:636] 1@128x128x64 => 1x128x64 Recv 0.176 MiB, Response 0.243 MiB Pack 38.955 ms (interleave)
[2026-09-30 06:01:56.004] [info] [cheetah_dot.cc:636] 1@128x64x128 => 128x64x1 Recv 0.176 MiB, Response 0.485 MiB Pack 0 ms (interleave)
[2026-09-30 06:01:56.617] [info] [activation.cc:317] f_nexp 16384 sent 4.83473014831543 MiB
[2026-09-30 06:01:56.912] [info] [cheetah_dot.cc:636] 1@128x128x64 => 1x128x64 Recv 0.176 MiB, Response 0.243 MiB Pack 39.855 ms (interleave)
[2026-09-30 06:01:57.034] [info] [cheetah_dot.cc:636] 1@128x64x128 => 128x64x1 Recv 0.176 MiB, Response 0.485 MiB Pack 0 ms (interleave)
[2026-09-30 06:01:58.191] [info] [activation.cc:317] f_nexp 16384 sent 5.088435173034668 MiB
[2026-09-30 06:01:58.487] [info] [cheetah_dot.cc:636] 1@128x128x64 => 1x128x64 Recv 0.176 MiB, Response 0.243 MiB Pack 41.619 ms (interleave)
[2026-09-30 06:01:58.597] [info] [cheetah_dot.cc:636] 1@128x64x128 => 128x64x1 Recv 0.176 MiB, Response 0.485 MiB Pack 0 ms (interleave)
[2026-09-30 06:01:59.781] [info] [activation.cc:317] f_nexp 16384 sent 4.834652900695801 MiB
[2026-09-30 06:02:00.094] [info] [cheetah_dot.cc:636] 1@128x128x64 => 1x128x64 Recv 0.176 MiB, Response 0.243 MiB Pack 41.231 ms (interleave)
[2026-09-30 06:02:00.206] [info] [cheetah_dot.cc:636] 1@128x64x128 => 128x64x1 Recv 0.176 MiB, Response 0.485 MiB Pack 0 ms (interleave)
[2026-09-30 06:02:00.816] [info] [activation.cc:317] f_nexp 16384 sent 4.834436416625977 MiB
[2026-09-30 06:02:01.112] [info] [cheetah_dot.cc:636] 1@128x128x64 => 1x128x64 Recv 0.176 MiB, Response 0.243 MiB Pack 40.627 ms (interleave)
[2026-09-30 06:02:01.235] [info] [cheetah_dot.cc:636] 1@128x64x128 => 128x64x1 Recv 0.176 MiB, Response 0.485 MiB Pack 0 ms (interleave)
[2026-09-30 06:02:01.853] [info] [activation.cc:317] f_nexp 16384 sent 4.834694862365723 MiB
[2026-09-30 06:02:02.154] [info] [cheetah_dot.cc:636] 1@128x128x64 => 1x128x64 Recv 0.176 MiB, Response 0.243 MiB Pack 41.661 ms (interleave)
[2026-09-30 06:02:02.269] [info] [cheetah_dot.cc:636] 1@128x64x128 => 128x64x1 Recv 0.176 MiB, Response 0.485 MiB Pack 0 ms (interleave)
[2026-09-30 06:02:03.667] [info] [activation.cc:317] f_nexp 16384 sent 5.850299835205078 MiB
[2026-09-30 06:02:03.960] [info] [cheetah_dot.cc:636] 1@128x128x64 => 1x128x64 Recv 0.176 MiB, Response 0.243 MiB Pack 41.103 ms (interleave)
[2026-09-30 06:02:04.071] [info] [cheetah_dot.cc:636] 1@128x64x128 => 128x64x1 Recv 0.176 MiB, Response 0.485 MiB Pack 0 ms (interleave)
[2026-09-30 06:02:04.686] [info] [activation.cc:317] f_nexp 16384 sent 4.834547996520996 MiB
[2026-09-30 06:02:04.984] [info] [cheetah_dot.cc:636] 1@128x128x64 => 1x128x64 Recv 0.176 MiB, Response 0.243 MiB Pack 39.1 ms (interleave)
[2026-09-30 06:02:05.098] [info] [cheetah_dot.cc:636] 1@128x64x128 => 128x64x1 Recv 0.176 MiB, Response 0.485 MiB Pack 0 ms (interleave)
[2026-09-30 06:02:05.725] [info] [activation.cc:317] f_nexp 16384 sent 4.835057258605957 MiB
[2026-09-30 06:02:06.037] [info] [cheetah_dot.cc:636] 1@128x128x64 => 1x128x64 Recv 0.176 MiB, Response 0.243 MiB Pack 39.276 ms (interleave)
[2026-09-30 06:02:06.152] [info] [cheetah_dot.cc:636] 1@128x64x128 => 128x64x1 Recv 0.176 MiB, Response 0.485 MiB Pack 0 ms (interleave)
[2026-09-30 06:02:06.769] [info] [activation.cc:317] f_nexp 16384 sent 4.8344926834106445 MiB
[2026-09-30 06:02:07.074] [info] [cheetah_dot.cc:636] 1@128x128x64 => 1x128x64 Recv 0.176 MiB, Response 0.243 MiB Pack 42.292 ms (interleave)
[2026-09-30 06:02:07.200] [info] [cheetah_dot.cc:636] 1@128x64x128 => 128x64x1 Recv 0.176 MiB, Response 0.485 MiB Pack 0 ms (interleave)
[2026-09-30 06:02:07.817] [info] [activation.cc:317] f_nexp 16384 sent 4.835038185119629 MiB
[2026-09-30 06:02:08.110] [info] [cheetah_dot.cc:636] 1@128x128x64 => 1x128x64 Recv 0.176 MiB, Response 0.243 MiB Pack 39.953 ms (interleave)
[2026-09-30 06:02:08.222] [info] [cheetah_dot.cc:636] 1@128x64x128 => 128x64x1 Recv 0.176 MiB, Response 0.485 MiB Pack 0 ms (interleave)
[2026-09-30 06:02:09.924] [info] [activation.cc:317] f_nexp 16384 sent 4.834742546081543 MiB
[2026-09-30 06:02:10.220] [info] [cheetah_dot.cc:636] 1@128x128x64 => 1x128x64 Recv 0.176 MiB, Response 0.242 MiB Pack 41.518 ms (interleave)
[2026-09-30 06:02:11.024] [info] [cheetah_dot.cc:636] 1@128x768x768 => 128x64x1 Recv 2.117 MiB, Response 2.911 MiB Pack 0 ms (interleave)
[2026-09-30 06:02:16.753] [info] [cheetah_dot.cc:636] 1@128x768x3072 => 128x64x1 Recv 2.117 MiB, Response 11.644 MiB Pack 0 ms (interleave)
[2026-09-30 06:02:17.880] [info] [activation.cc:208] seg3_gelu (i32true) 393216 sent 97.11924743652344 MiB
[2026-09-30 06:02:20.065] [info] [cheetah_dot.cc:636] 1@128x3072x768 => 128x64x1 Recv 11.378 MiB, Response 2.911 MiB Pack 0 ms (interleave)
[2026-09-30 06:02:24.878] [info] [cheetah_dot.cc:636] 1@128x768x2304 => 128x64x1 Recv 2.117 MiB, Response 8.733 MiB Pack 0 ms (interleave)
[2026-09-30 06:02:25.265] [info] [cheetah_dot.cc:636] 1@128x64x128 => 128x64x1 Recv 0.176 MiB, Response 0.485 MiB Pack 0 ms (interleave)
[2026-09-30 06:02:25.892] [info] [activation.cc:317] f_nexp 16384 sent 4.83448600769043 MiB
[2026-09-30 06:02:26.190] [info] [cheetah_dot.cc:636] 1@128x128x64 => 1x128x64 Recv 0.176 MiB, Response 0.243 MiB Pack 40.215 ms (interleave)
[2026-09-30 06:02:26.302] [info] [cheetah_dot.cc:636] 1@128x64x128 => 128x64x1 Recv 0.176 MiB, Response 0.485 MiB Pack 0 ms (interleave)
[2026-09-30 06:02:26.922] [info] [activation.cc:317] f_nexp 16384 sent 4.834602355957031 MiB
[2026-09-30 06:02:27.217] [info] [cheetah_dot.cc:636] 1@128x128x64 => 1x128x64 Recv 0.176 MiB, Response 0.243 MiB Pack 40.172 ms (interleave)
[2026-09-30 06:02:27.331] [info] [cheetah_dot.cc:636] 1@128x64x128 => 128x64x1 Recv 0.176 MiB, Response 0.485 MiB Pack 0 ms (interleave)
[2026-09-30 06:02:27.958] [info] [activation.cc:317] f_nexp 16384 sent 4.834653854370117 MiB
[2026-09-30 06:02:28.248] [info] [cheetah_dot.cc:636] 1@128x128x64 => 1x128x64 Recv 0.176 MiB, Response 0.243 MiB Pack 39.383 ms (interleave)
[2026-09-30 06:02:28.362] [info] [cheetah_dot.cc:636] 1@128x64x128 => 128x64x1 Recv 0.176 MiB, Response 0.485 MiB Pack 0 ms (interleave)
[2026-09-30 06:02:28.987] [info] [activation.cc:317] f_nexp 16384 sent 4.834677696228027 MiB
[2026-09-30 06:02:29.304] [info] [cheetah_dot.cc:636] 1@128x128x64 => 1x128x64 Recv 0.176 MiB, Response 0.243 MiB Pack 40.395 ms (interleave)
[2026-09-30 06:02:29.417] [info] [cheetah_dot.cc:636] 1@128x64x128 => 128x64x1 Recv 0.176 MiB, Response 0.485 MiB Pack 0 ms (interleave)
[2026-09-30 06:02:30.036] [info] [activation.cc:317] f_nexp 16384 sent 4.834493637084961 MiB
[2026-09-30 06:02:30.325] [info] [cheetah_dot.cc:636] 1@128x128x64 => 1x128x64 Recv 0.176 MiB, Response 0.243 MiB Pack 40.636 ms (interleave)
[2026-09-30 06:02:30.438] [info] [cheetah_dot.cc:636] 1@128x64x128 => 128x64x1 Recv 0.176 MiB, Response 0.485 MiB Pack 0 ms (interleave)
[2026-09-30 06:02:31.049] [info] [activation.cc:317] f_nexp 16384 sent 4.83460807800293 MiB
[2026-09-30 06:02:31.341] [info] [cheetah_dot.cc:636] 1@128x128x64 => 1x128x64 Recv 0.176 MiB, Response 0.243 MiB Pack 39.159 ms (interleave)
[2026-09-30 06:02:31.452] [info] [cheetah_dot.cc:636] 1@128x64x128 => 128x64x1 Recv 0.176 MiB, Response 0.485 MiB Pack 0 ms (interleave)
[2026-09-30 06:02:32.072] [info] [activation.cc:317] f_nexp 16384 sent 4.834836006164551 MiB
[2026-09-30 06:02:32.362] [info] [cheetah_dot.cc:636] 1@128x128x64 => 1x128x64 Recv 0.176 MiB, Response 0.243 MiB Pack 39.53 ms (interleave)
[2026-09-30 06:02:32.474] [info] [cheetah_dot.cc:636] 1@128x64x128 => 128x64x1 Recv 0.176 MiB, Response 0.485 MiB Pack 0 ms (interleave)
[2026-09-30 06:02:34.149] [info] [activation.cc:317] f_nexp 16384 sent 4.834644317626953 MiB
[2026-09-30 06:02:34.443] [info] [cheetah_dot.cc:636] 1@128x128x64 => 1x128x64 Recv 0.176 MiB, Response 0.243 MiB Pack 39.654 ms (interleave)
[2026-09-30 06:02:34.556] [info] [cheetah_dot.cc:636] 1@128x64x128 => 128x64x1 Recv 0.176 MiB, Response 0.485 MiB Pack 0 ms (interleave)
[2026-09-30 06:02:35.174] [info] [activation.cc:317] f_nexp 16384 sent 4.83470344543457 MiB
[2026-09-30 06:02:35.498] [info] [cheetah_dot.cc:636] 1@128x128x64 => 1x128x64 Recv 0.176 MiB, Response 0.243 MiB Pack 43.711 ms (interleave)
[2026-09-30 06:02:35.612] [info] [cheetah_dot.cc:636] 1@128x64x128 => 128x64x1 Recv 0.176 MiB, Response 0.485 MiB Pack 0 ms (interleave)
[2026-09-30 06:02:36.223] [info] [activation.cc:317] f_nexp 16384 sent 4.834721565246582 MiB
[2026-09-30 06:02:36.512] [info] [cheetah_dot.cc:636] 1@128x128x64 => 1x128x64 Recv 0.176 MiB, Response 0.243 MiB Pack 39.302 ms (interleave)
[2026-09-30 06:02:36.625] [info] [cheetah_dot.cc:636] 1@128x64x128 => 128x64x1 Recv 0.176 MiB, Response 0.485 MiB Pack 0 ms (interleave)
[2026-09-30 06:02:37.243] [info] [activation.cc:317] f_nexp 16384 sent 4.834850311279297 MiB
[2026-09-30 06:02:37.563] [info] [cheetah_dot.cc:636] 1@128x128x64 => 1x128x64 Recv 0.176 MiB, Response 0.243 MiB Pack 61.059 ms (interleave)
[2026-09-30 06:02:37.690] [info] [cheetah_dot.cc:636] 1@128x64x128 => 128x64x1 Recv 0.176 MiB, Response 0.485 MiB Pack 0 ms (interleave)
[2026-09-30 06:02:38.315] [info] [activation.cc:317] f_nexp 16384 sent 4.834569931030273 MiB
[2026-09-30 06:02:38.618] [info] [cheetah_dot.cc:636] 1@128x128x64 => 1x128x64 Recv 0.176 MiB, Response 0.243 MiB Pack 41.4 ms (interleave)
[2026-09-30 06:02:39.434] [info] [cheetah_dot.cc:636] 1@128x768x768 => 128x64x1 Recv 2.117 MiB, Response 2.911 MiB Pack 0 ms (interleave)
[2026-09-30 06:02:44.865] [info] [cheetah_dot.cc:636] 1@128x768x3072 => 128x64x1 Recv 2.117 MiB, Response 11.643 MiB Pack 0 ms (interleave)
[2026-09-30 06:02:47.297] [info] [activation.cc:208] seg3_gelu (i32true) 393216 sent 99.65847873687744 MiB
[2026-09-30 06:02:49.497] [info] [cheetah_dot.cc:636] 1@128x3072x768 => 128x64x1 Recv 8.467 MiB, Response 2.911 MiB Pack 0 ms (interleave)
[2026-09-30 06:02:54.303] [info] [cheetah_dot.cc:636] 1@128x768x2304 => 128x64x1 Recv 3.087 MiB, Response 8.733 MiB Pack 0 ms (interleave)
[2026-09-30 06:02:54.681] [info] [cheetah_dot.cc:636] 1@128x64x128 => 128x64x1 Recv 0.176 MiB, Response 0.485 MiB Pack 0 ms (interleave)
[2026-09-30 06:02:55.306] [info] [activation.cc:317] f_nexp 16384 sent 4.834688186645508 MiB
[2026-09-30 06:02:55.600] [info] [cheetah_dot.cc:636] 1@128x128x64 => 1x128x64 Recv 0.176 MiB, Response 0.243 MiB Pack 40.169 ms (interleave)
[2026-09-30 06:02:55.721] [info] [cheetah_dot.cc:636] 1@128x64x128 => 128x64x1 Recv 0.662 MiB, Response 0.485 MiB Pack 0 ms (interleave)
[2026-09-30 06:02:56.337] [info] [activation.cc:317] f_nexp 16384 sent 4.834774971008301 MiB
[2026-09-30 06:02:56.624] [info] [cheetah_dot.cc:636] 1@128x128x64 => 1x128x64 Recv 0.176 MiB, Response 0.243 MiB Pack 39.543 ms (interleave)
[2026-09-30 06:02:56.735] [info] [cheetah_dot.cc:636] 1@128x64x128 => 128x64x1 Recv 0.176 MiB, Response 0.485 MiB Pack 0 ms (interleave)
[2026-09-30 06:02:57.353] [info] [activation.cc:317] f_nexp 16384 sent 4.83450984954834 MiB
[2026-09-30 06:02:57.666] [info] [cheetah_dot.cc:636] 1@128x128x64 => 1x128x64 Recv 0.176 MiB, Response 0.243 MiB Pack 49.796 ms (interleave)
[2026-09-30 06:02:57.776] [info] [cheetah_dot.cc:636] 1@128x64x128 => 128x64x1 Recv 0.176 MiB, Response 0.485 MiB Pack 0 ms (interleave)
[2026-09-30 06:02:58.896] [info] [activation.cc:317] f_nexp 16384 sent 4.834612846374512 MiB
[2026-09-30 06:02:59.208] [info] [cheetah_dot.cc:636] 1@128x128x64 => 1x128x64 Recv 0.176 MiB, Response 0.243 MiB Pack 39.027 ms (interleave)
[2026-09-30 06:02:59.325] [info] [cheetah_dot.cc:636] 1@128x64x128 => 128x64x1 Recv 0.177 MiB, Response 0.485 MiB Pack 0 ms (interleave)
[2026-09-30 06:02:59.942] [info] [activation.cc:317] f_nexp 16384 sent 4.8344573974609375 MiB
[2026-09-30 06:03:00.234] [info] [cheetah_dot.cc:636] 1@128x128x64 => 1x128x64 Recv 0.176 MiB, Response 0.243 MiB Pack 40.645 ms (interleave)
[2026-09-30 06:03:00.346] [info] [cheetah_dot.cc:636] 1@128x64x128 => 128x64x1 Recv 0.176 MiB, Response 0.485 MiB Pack 0 ms (interleave)
[2026-09-30 06:03:01.675] [info] [activation.cc:317] f_nexp 16384 sent 4.834599494934082 MiB
[2026-09-30 06:03:01.966] [info] [cheetah_dot.cc:636] 1@128x128x64 => 1x128x64 Recv 0.176 MiB, Response 0.243 MiB Pack 39.843 ms (interleave)
[2026-09-30 06:03:02.077] [info] [cheetah_dot.cc:636] 1@128x64x128 => 128x64x1 Recv 0.176 MiB, Response 0.485 MiB Pack 0 ms (interleave)
[2026-09-30 06:03:02.694] [info] [activation.cc:317] f_nexp 16384 sent 4.8346357345581055 MiB
[2026-09-30 06:03:02.984] [info] [cheetah_dot.cc:636] 1@128x128x64 => 1x128x64 Recv 0.176 MiB, Response 0.243 MiB Pack 39.087 ms (interleave)
[2026-09-30 06:03:03.096] [info] [cheetah_dot.cc:636] 1@128x64x128 => 128x64x1 Recv 0.176 MiB, Response 0.485 MiB Pack 0 ms (interleave)
[2026-09-30 06:03:03.706] [info] [activation.cc:317] f_nexp 16384 sent 4.834710121154785 MiB
[2026-09-30 06:03:04.002] [info] [cheetah_dot.cc:636] 1@128x128x64 => 1x128x64 Recv 0.176 MiB, Response 0.243 MiB Pack 39.99 ms (interleave)
[2026-09-30 06:03:04.114] [info] [cheetah_dot.cc:636] 1@128x64x128 => 128x64x1 Recv 0.176 MiB, Response 0.485 MiB Pack 0 ms (interleave)
[2026-09-30 06:03:04.726] [info] [activation.cc:317] f_nexp 16384 sent 4.83479118347168 MiB
[2026-09-30 06:03:05.040] [info] [cheetah_dot.cc:636] 1@128x128x64 => 1x128x64 Recv 0.176 MiB, Response 0.243 MiB Pack 39.362 ms (interleave)
[2026-09-30 06:03:05.154] [info] [cheetah_dot.cc:636] 1@128x64x128 => 128x64x1 Recv 0.176 MiB, Response 0.485 MiB Pack 0 ms (interleave)
[2026-09-30 06:03:05.765] [info] [activation.cc:317] f_nexp 16384 sent 4.834639549255371 MiB
[2026-09-30 06:03:06.059] [info] [cheetah_dot.cc:636] 1@128x128x64 => 1x128x64 Recv 0.176 MiB, Response 0.243 MiB Pack 40.737 ms (interleave)
[2026-09-30 06:03:06.170] [info] [cheetah_dot.cc:636] 1@128x64x128 => 128x64x1 Recv 0.176 MiB, Response 0.485 MiB Pack 0 ms (interleave)
[2026-09-30 06:03:06.790] [info] [activation.cc:317] f_nexp 16384 sent 4.834712982177734 MiB
[2026-09-30 06:03:07.084] [info] [cheetah_dot.cc:636] 1@128x128x64 => 1x128x64 Recv 0.176 MiB, Response 0.243 MiB Pack 40.002 ms (interleave)
[2026-09-30 06:03:07.195] [info] [cheetah_dot.cc:636] 1@128x64x128 => 128x64x1 Recv 0.176 MiB, Response 0.485 MiB Pack 0 ms (interleave)
[2026-09-30 06:03:08.359] [info] [activation.cc:317] f_nexp 16384 sent 4.834590911865234 MiB
[2026-09-30 06:03:08.665] [info] [cheetah_dot.cc:636] 1@128x128x64 => 1x128x64 Recv 0.176 MiB, Response 0.243 MiB Pack 45.227 ms (interleave)
[2026-09-30 06:03:09.472] [info] [cheetah_dot.cc:636] 1@128x768x768 => 128x64x1 Recv 2.117 MiB, Response 2.911 MiB Pack 0 ms (interleave)
[2026-09-30 06:03:15.014] [info] [cheetah_dot.cc:636] 1@128x768x3072 => 128x64x1 Recv 13.033 MiB, Response 11.643 MiB Pack 0 ms (interleave)
[2026-09-30 06:03:17.383] [info] [activation.cc:208] seg3_gelu (i32true) 393216 sent 98.38898086547852 MiB
[2026-09-30 06:03:19.579] [info] [cheetah_dot.cc:636] 1@128x3072x768 => 128x64x1 Recv 9.437 MiB, Response 2.911 MiB Pack 0 ms (interleave)
[2026-09-30 06:03:24.379] [info] [cheetah_dot.cc:636] 1@128x768x2304 => 128x64x1 Recv 2.117 MiB, Response 8.733 MiB Pack 0 ms (interleave)
[2026-09-30 06:03:24.767] [info] [cheetah_dot.cc:636] 1@128x64x128 => 128x64x1 Recv 0.662 MiB, Response 0.485 MiB Pack 0 ms (interleave)
[2026-09-30 06:03:25.387] [info] [activation.cc:317] f_nexp 16384 sent 4.834624290466309 MiB
[2026-09-30 06:03:25.677] [info] [cheetah_dot.cc:636] 1@128x128x64 => 1x128x64 Recv 0.176 MiB, Response 0.243 MiB Pack 39.444 ms (interleave)
[2026-09-30 06:03:25.791] [info] [cheetah_dot.cc:636] 1@128x64x128 => 128x64x1 Recv 0.176 MiB, Response 0.485 MiB Pack 0 ms (interleave)
[2026-09-30 06:03:26.408] [info] [activation.cc:317] f_nexp 16384 sent 4.8345184326171875 MiB
[2026-09-30 06:03:26.707] [info] [cheetah_dot.cc:636] 1@128x128x64 => 1x128x64 Recv 0.176 MiB, Response 0.243 MiB Pack 38.796 ms (interleave)
[2026-09-30 06:03:26.826] [info] [cheetah_dot.cc:636] 1@128x64x128 => 128x64x1 Recv 0.176 MiB, Response 0.485 MiB Pack 0 ms (interleave)
[2026-09-30 06:03:27.438] [info] [activation.cc:317] f_nexp 16384 sent 4.834489822387695 MiB
[2026-09-30 06:03:27.752] [info] [cheetah_dot.cc:636] 1@128x128x64 => 1x128x64 Recv 0.176 MiB, Response 0.243 MiB Pack 42.437 ms (interleave)
[2026-09-30 06:03:27.871] [info] [cheetah_dot.cc:636] 1@128x64x128 => 128x64x1 Recv 0.176 MiB, Response 0.485 MiB Pack 0 ms (interleave)
[2026-09-30 06:03:28.489] [info] [activation.cc:317] f_nexp 16384 sent 4.834590911865234 MiB
[2026-09-30 06:03:28.802] [info] [cheetah_dot.cc:636] 1@128x128x64 => 1x128x64 Recv 0.176 MiB, Response 0.243 MiB Pack 41.859 ms (interleave)
[2026-09-30 06:03:28.915] [info] [cheetah_dot.cc:636] 1@128x64x128 => 128x64x1 Recv 0.176 MiB, Response 0.485 MiB Pack 0 ms (interleave)
[2026-09-30 06:03:29.533] [info] [activation.cc:317] f_nexp 16384 sent 4.834466934204102 MiB
[2026-09-30 06:03:29.828] [info] [cheetah_dot.cc:636] 1@128x128x64 => 1x128x64 Recv 0.176 MiB, Response 0.243 MiB Pack 40.76 ms (interleave)
[2026-09-30 06:03:29.941] [info] [cheetah_dot.cc:636] 1@128x64x128 => 128x64x1 Recv 0.176 MiB, Response 0.485 MiB Pack 0 ms (interleave)
[2026-09-30 06:03:30.561] [info] [activation.cc:317] f_nexp 16384 sent 4.83482551574707 MiB
[2026-09-30 06:03:30.855] [info] [cheetah_dot.cc:636] 1@128x128x64 => 1x128x64 Recv 0.176 MiB, Response 0.243 MiB Pack 40.147 ms (interleave)
[2026-09-30 06:03:30.976] [info] [cheetah_dot.cc:636] 1@128x64x128 => 128x64x1 Recv 0.176 MiB, Response 0.485 MiB Pack 0 ms (interleave)
[2026-09-30 06:03:31.588] [info] [activation.cc:317] f_nexp 16384 sent 4.83463191986084 MiB
[2026-09-30 06:03:31.881] [info] [cheetah_dot.cc:636] 1@128x128x64 => 1x128x64 Recv 0.176 MiB, Response 0.243 MiB Pack 40.217 ms (interleave)
[2026-09-30 06:03:31.992] [info] [cheetah_dot.cc:636] 1@128x64x128 => 128x64x1 Recv 0.176 MiB, Response 0.485 MiB Pack 0 ms (interleave)
[2026-09-30 06:03:32.615] [info] [activation.cc:317] f_nexp 16384 sent 4.834590911865234 MiB
[2026-09-30 06:03:32.914] [info] [cheetah_dot.cc:636] 1@128x128x64 => 1x128x64 Recv 0.176 MiB, Response 0.243 MiB Pack 39.633 ms (interleave)
[2026-09-30 06:03:33.030] [info] [cheetah_dot.cc:636] 1@128x64x128 => 128x64x1 Recv 0.176 MiB, Response 0.485 MiB Pack 0 ms (interleave)
[2026-09-30 06:03:33.652] [info] [activation.cc:317] f_nexp 16384 sent 4.834649085998535 MiB
[2026-09-30 06:03:33.971] [info] [cheetah_dot.cc:636] 1@128x128x64 => 1x128x64 Recv 0.176 MiB, Response 0.243 MiB Pack 41.946 ms (interleave)
[2026-09-30 06:03:34.081] [info] [cheetah_dot.cc:636] 1@128x64x128 => 128x64x1 Recv 0.176 MiB, Response 0.485 MiB Pack 0 ms (interleave)
[2026-09-30 06:03:35.702] [info] [activation.cc:317] f_nexp 16384 sent 5.088367462158203 MiB
[2026-09-30 06:03:35.991] [info] [cheetah_dot.cc:636] 1@128x128x64 => 1x128x64 Recv 0.176 MiB, Response 0.243 MiB Pack 40.236 ms (interleave)
[2026-09-30 06:03:36.109] [info] [cheetah_dot.cc:636] 1@128x64x128 => 128x64x1 Recv 0.662 MiB, Response 0.485 MiB Pack 0 ms (interleave)
[2026-09-30 06:03:36.725] [info] [activation.cc:317] f_nexp 16384 sent 4.834681510925293 MiB
[2026-09-30 06:03:37.030] [info] [cheetah_dot.cc:636] 1@128x128x64 => 1x128x64 Recv 0.176 MiB, Response 0.243 MiB Pack 48.277 ms (interleave)
[2026-09-30 06:03:37.150] [info] [cheetah_dot.cc:636] 1@128x64x128 => 128x64x1 Recv 0.176 MiB, Response 0.485 MiB Pack 0 ms (interleave)
[2026-09-30 06:03:38.325] [info] [activation.cc:317] f_nexp 16384 sent 4.834681510925293 MiB
[2026-09-30 06:03:38.615] [info] [cheetah_dot.cc:636] 1@128x128x64 => 1x128x64 Recv 0.176 MiB, Response 0.243 MiB Pack 39.6 ms (interleave)
[2026-09-30 06:03:39.420] [info] [cheetah_dot.cc:636] 1@128x768x768 => 128x64x1 Recv 2.117 MiB, Response 2.911 MiB Pack 0 ms (interleave)
[2026-09-30 06:03:45.180] [info] [cheetah_dot.cc:636] 1@128x768x3072 => 128x64x1 Recv 13.76 MiB, Response 11.644 MiB Pack 0 ms (interleave)
[2026-09-30 06:03:46.284] [info] [activation.cc:208] seg3_gelu (i32true) 393216 sent 97.11825561523438 MiB
[2026-09-30 06:03:48.457] [info] [cheetah_dot.cc:636] 1@128x3072x768 => 128x64x1 Recv 11.378 MiB, Response 2.911 MiB Pack 0 ms (interleave)
[2026-09-30 06:03:53.283] [info] [cheetah_dot.cc:636] 1@128x768x2304 => 128x64x1 Recv 2.117 MiB, Response 8.732 MiB Pack 0 ms (interleave)
[2026-09-30 06:03:53.655] [info] [cheetah_dot.cc:636] 1@128x64x128 => 128x64x1 Recv 0.176 MiB, Response 0.485 MiB Pack 0 ms (interleave)
[2026-09-30 06:03:54.878] [info] [activation.cc:317] f_nexp 16384 sent 5.088677406311035 MiB
[2026-09-30 06:03:55.188] [info] [cheetah_dot.cc:636] 1@128x128x64 => 1x128x64 Recv 0.176 MiB, Response 0.243 MiB Pack 40.899 ms (interleave)
[2026-09-30 06:03:55.302] [info] [cheetah_dot.cc:636] 1@128x64x128 => 128x64x1 Recv 0.176 MiB, Response 0.485 MiB Pack 0 ms (interleave)
[2026-09-30 06:03:55.929] [info] [activation.cc:317] f_nexp 16384 sent 4.834847450256348 MiB
[2026-09-30 06:03:56.221] [info] [cheetah_dot.cc:636] 1@128x128x64 => 1x128x64 Recv 0.176 MiB, Response 0.243 MiB Pack 38.924 ms (interleave)
[2026-09-30 06:03:56.332] [info] [cheetah_dot.cc:636] 1@128x64x128 => 128x64x1 Recv 0.176 MiB, Response 0.485 MiB Pack 0 ms (interleave)
[2026-09-30 06:03:56.947] [info] [activation.cc:317] f_nexp 16384 sent 4.834633827209473 MiB
[2026-09-30 06:03:57.245] [info] [cheetah_dot.cc:636] 1@128x128x64 => 1x128x64 Recv 0.176 MiB, Response 0.243 MiB Pack 39.738 ms (interleave)
[2026-09-30 06:03:57.363] [info] [cheetah_dot.cc:636] 1@128x64x128 => 128x64x1 Recv 0.176 MiB, Response 0.485 MiB Pack 0 ms (interleave)
[2026-09-30 06:03:57.982] [info] [activation.cc:317] f_nexp 16384 sent 4.834646224975586 MiB
[2026-09-30 06:03:58.304] [info] [cheetah_dot.cc:636] 1@128x128x64 => 1x128x64 Recv 0.176 MiB, Response 0.243 MiB Pack 49.628 ms (interleave)
[2026-09-30 06:03:58.430] [info] [cheetah_dot.cc:636] 1@128x64x128 => 128x64x1 Recv 0.176 MiB, Response 0.485 MiB Pack 0 ms (interleave)
[2026-09-30 06:03:59.049] [info] [activation.cc:317] f_nexp 16384 sent 4.834407806396484 MiB
[2026-09-30 06:03:59.362] [info] [cheetah_dot.cc:636] 1@128x128x64 => 1x128x64 Recv 0.176 MiB, Response 0.243 MiB Pack 54.355 ms (interleave)
[2026-09-30 06:03:59.479] [info] [cheetah_dot.cc:636] 1@128x64x128 => 128x64x1 Recv 0.176 MiB, Response 0.485 MiB Pack 0 ms (interleave)
[2026-09-30 06:04:00.623] [info] [activation.cc:317] f_nexp 16384 sent 5.088620185852051 MiB
[2026-09-30 06:04:00.911] [info] [cheetah_dot.cc:636] 1@128x128x64 => 1x128x64 Recv 0.176 MiB, Response 0.243 MiB Pack 40.205 ms (interleave)
[2026-09-30 06:04:01.028] [info] [cheetah_dot.cc:636] 1@128x64x128 => 128x64x1 Recv 0.176 MiB, Response 0.485 MiB Pack 0 ms (interleave)
[2026-09-30 06:04:01.641] [info] [activation.cc:317] f_nexp 16384 sent 4.834688186645508 MiB
[2026-09-30 06:04:01.931] [info] [cheetah_dot.cc:636] 1@128x128x64 => 1x128x64 Recv 0.176 MiB, Response 0.243 MiB Pack 40.113 ms (interleave)
[2026-09-30 06:04:02.044] [info] [cheetah_dot.cc:636] 1@128x64x128 => 128x64x1 Recv 0.176 MiB, Response 0.485 MiB Pack 0 ms (interleave)
[2026-09-30 06:04:02.670] [info] [activation.cc:317] f_nexp 16384 sent 4.834660530090332 MiB
[2026-09-30 06:04:02.967] [info] [cheetah_dot.cc:636] 1@128x128x64 => 1x128x64 Recv 0.176 MiB, Response 0.243 MiB Pack 41.166 ms (interleave)
[2026-09-30 06:04:03.086] [info] [cheetah_dot.cc:636] 1@128x64x128 => 128x64x1 Recv 0.176 MiB, Response 0.485 MiB Pack 0 ms (interleave)
[2026-09-30 06:04:03.701] [info] [activation.cc:317] f_nexp 16384 sent 4.834681510925293 MiB
[2026-09-30 06:04:04.017] [info] [cheetah_dot.cc:636] 1@128x128x64 => 1x128x64 Recv 0.176 MiB, Response 0.243 MiB Pack 40.24 ms (interleave)
[2026-09-30 06:04:04.129] [info] [cheetah_dot.cc:636] 1@128x64x128 => 128x64x1 Recv 0.176 MiB, Response 0.485 MiB Pack 0 ms (interleave)
[2026-09-30 06:04:04.741] [info] [activation.cc:317] f_nexp 16384 sent 4.834566116333008 MiB
[2026-09-30 06:04:05.035] [info] [cheetah_dot.cc:636] 1@128x128x64 => 1x128x64 Recv 0.176 MiB, Response 0.243 MiB Pack 40.945 ms (interleave)
[2026-09-30 06:04:05.152] [info] [cheetah_dot.cc:636] 1@128x64x128 => 128x64x1 Recv 0.176 MiB, Response 0.485 MiB Pack 0 ms (interleave)
[2026-09-30 06:04:05.768] [info] [activation.cc:317] f_nexp 16384 sent 4.834794044494629 MiB
[2026-09-30 06:04:06.061] [info] [cheetah_dot.cc:636] 1@128x128x64 => 1x128x64 Recv 0.176 MiB, Response 0.243 MiB Pack 39.461 ms (interleave)
[2026-09-30 06:04:06.178] [info] [cheetah_dot.cc:636] 1@128x64x128 => 128x64x1 Recv 0.176 MiB, Response 0.485 MiB Pack 0 ms (interleave)
[2026-09-30 06:04:06.792] [info] [activation.cc:317] f_nexp 16384 sent 4.834819793701172 MiB
[2026-09-30 06:04:07.082] [info] [cheetah_dot.cc:636] 1@128x128x64 => 1x128x64 Recv 0.176 MiB, Response 0.243 MiB Pack 40.217 ms (interleave)
[2026-09-30 06:04:07.889] [info] [cheetah_dot.cc:636] 1@128x768x768 => 128x64x1 Recv 2.117 MiB, Response 2.911 MiB Pack 0 ms (interleave)
[2026-09-30 06:04:13.594] [info] [cheetah_dot.cc:636] 1@128x768x3072 => 128x64x1 Recv 13.76 MiB, Response 11.644 MiB Pack 0 ms (interleave)
[2026-09-30 06:04:14.713] [info] [activation.cc:208] seg3_gelu (i32true) 393216 sent 97.11866855621338 MiB
[2026-09-30 06:04:16.896] [info] [cheetah_dot.cc:636] 1@128x3072x768 => 128x64x1 Recv 8.467 MiB, Response 2.911 MiB Pack 0 ms (interleave)
[2026-09-30 06:04:21.804] [info] [cheetah_dot.cc:636] 1@128x768x2304 => 128x64x1 Recv 10.849 MiB, Response 8.733 MiB Pack 0 ms (interleave)
[2026-09-30 06:04:22.190] [info] [cheetah_dot.cc:636] 1@128x64x128 => 128x64x1 Recv 0.662 MiB, Response 0.485 MiB Pack 0 ms (interleave)
[2026-09-30 06:04:22.841] [info] [activation.cc:317] f_nexp 16384 sent 4.834624290466309 MiB
[2026-09-30 06:04:23.134] [info] [cheetah_dot.cc:636] 1@128x128x64 => 1x128x64 Recv 0.176 MiB, Response 0.243 MiB Pack 40.722 ms (interleave)
[2026-09-30 06:04:23.246] [info] [cheetah_dot.cc:636] 1@128x64x128 => 128x64x1 Recv 0.176 MiB, Response 0.485 MiB Pack 0 ms (interleave)
[2026-09-30 06:04:23.860] [info] [activation.cc:317] f_nexp 16384 sent 4.834746360778809 MiB
[2026-09-30 06:04:24.155] [info] [cheetah_dot.cc:636] 1@128x128x64 => 1x128x64 Recv 0.176 MiB, Response 0.243 MiB Pack 41.006 ms (interleave)
[2026-09-30 06:04:24.271] [info] [cheetah_dot.cc:636] 1@128x64x128 => 128x64x1 Recv 0.176 MiB, Response 0.485 MiB Pack 0 ms (interleave)
[2026-09-30 06:04:25.395] [info] [activation.cc:317] f_nexp 16384 sent 4.834799766540527 MiB
[2026-09-30 06:04:25.694] [info] [cheetah_dot.cc:636] 1@128x128x64 => 1x128x64 Recv 0.176 MiB, Response 0.243 MiB Pack 43.266 ms (interleave)
[2026-09-30 06:04:25.808] [info] [cheetah_dot.cc:636] 1@128x64x128 => 128x64x1 Recv 0.176 MiB, Response 0.485 MiB Pack 0 ms (interleave)
[2026-09-30 06:04:26.423] [info] [activation.cc:317] f_nexp 16384 sent 4.834794044494629 MiB
[2026-09-30 06:04:26.742] [info] [cheetah_dot.cc:636] 1@128x128x64 => 1x128x64 Recv 0.176 MiB, Response 0.243 MiB Pack 40.885 ms (interleave)
[2026-09-30 06:04:26.858] [info] [cheetah_dot.cc:636] 1@128x64x128 => 128x64x1 Recv 0.176 MiB, Response 0.485 MiB Pack 0 ms (interleave)
[2026-09-30 06:04:27.476] [info] [activation.cc:317] f_nexp 16384 sent 4.834722518920898 MiB
[2026-09-30 06:04:27.773] [info] [cheetah_dot.cc:636] 1@128x128x64 => 1x128x64 Recv 0.176 MiB, Response 0.243 MiB Pack 40.988 ms (interleave)
[2026-09-30 06:04:27.889] [info] [cheetah_dot.cc:636] 1@128x64x128 => 128x64x1 Recv 0.176 MiB, Response 0.485 MiB Pack 0 ms (interleave)
[2026-09-30 06:04:29.783] [info] [activation.cc:317] f_nexp 16384 sent 4.834855079650879 MiB
[2026-09-30 06:04:30.077] [info] [cheetah_dot.cc:636] 1@128x128x64 => 1x128x64 Recv 0.176 MiB, Response 0.243 MiB Pack 41.256 ms (interleave)
[2026-09-30 06:04:30.197] [info] [cheetah_dot.cc:636] 1@128x64x128 => 128x64x1 Recv 0.176 MiB, Response 0.485 MiB Pack 0 ms (interleave)
[2026-09-30 06:04:31.474] [info] [activation.cc:317] f_nexp 16384 sent 5.342615127563477 MiB
[2026-09-30 06:04:31.779] [info] [cheetah_dot.cc:636] 1@128x128x64 => 1x128x64 Recv 0.176 MiB, Response 0.243 MiB Pack 46.963 ms (interleave)
[2026-09-30 06:04:31.892] [info] [cheetah_dot.cc:636] 1@128x64x128 => 128x64x1 Recv 0.176 MiB, Response 0.485 MiB Pack 0 ms (interleave)
[2026-09-30 06:04:32.514] [info] [activation.cc:317] f_nexp 16384 sent 4.8346099853515625 MiB
[2026-09-30 06:04:32.817] [info] [cheetah_dot.cc:636] 1@128x128x64 => 1x128x64 Recv 0.176 MiB, Response 0.243 MiB Pack 40.744 ms (interleave)
[2026-09-30 06:04:32.937] [info] [cheetah_dot.cc:636] 1@128x64x128 => 128x64x1 Recv 0.176 MiB, Response 0.485 MiB Pack 0 ms (interleave)
[2026-09-30 06:04:33.559] [info] [activation.cc:317] f_nexp 16384 sent 4.83470344543457 MiB
[2026-09-30 06:04:33.877] [info] [cheetah_dot.cc:636] 1@128x128x64 => 1x128x64 Recv 0.176 MiB, Response 0.243 MiB Pack 40.316 ms (interleave)
[2026-09-30 06:04:34.004] [info] [cheetah_dot.cc:636] 1@128x64x128 => 128x64x1 Recv 0.662 MiB, Response 0.485 MiB Pack 0 ms (interleave)
[2026-09-30 06:04:34.622] [info] [activation.cc:317] f_nexp 16384 sent 4.834903717041016 MiB
[2026-09-30 06:04:34.915] [info] [cheetah_dot.cc:636] 1@128x128x64 => 1x128x64 Recv 0.176 MiB, Response 0.243 MiB Pack 40.668 ms (interleave)
[2026-09-30 06:04:35.029] [info] [cheetah_dot.cc:636] 1@128x64x128 => 128x64x1 Recv 0.176 MiB, Response 0.485 MiB Pack 0 ms (interleave)
[2026-09-30 06:04:35.645] [info] [activation.cc:317] f_nexp 16384 sent 4.83480167388916 MiB
[2026-09-30 06:04:35.941] [info] [cheetah_dot.cc:636] 1@128x128x64 => 1x128x64 Recv 0.176 MiB, Response 0.243 MiB Pack 40.643 ms (interleave)
[2026-09-30 06:04:36.053] [info] [cheetah_dot.cc:636] 1@128x64x128 => 128x64x1 Recv 0.176 MiB, Response 0.485 MiB Pack 0 ms (interleave)
[2026-09-30 06:04:36.671] [info] [activation.cc:317] f_nexp 16384 sent 4.834816932678223 MiB
[2026-09-30 06:04:37.485] [info] [cheetah_dot.cc:636] 1@128x128x64 => 1x128x64 Recv 0.176 MiB, Response 0.243 MiB Pack 44.262 ms (interleave)
[2026-09-30 06:04:38.326] [info] [cheetah_dot.cc:636] 1@128x768x768 => 128x64x1 Recv 5.028 MiB, Response 2.911 MiB Pack 0 ms (interleave)
[2026-09-30 06:04:44.678] [info] [cheetah_dot.cc:636] 1@128x768x3072 => 128x64x1 Recv 2.117 MiB, Response 11.644 MiB Pack 0 ms (interleave)
[2026-09-30 06:04:46.673] [info] [activation.cc:208] seg3_gelu (i32true) 393216 sent 98.13566589355469 MiB
[2026-09-30 06:04:48.835] [info] [cheetah_dot.cc:636] 1@128x3072x768 => 128x64x1 Recv 8.467 MiB, Response 2.911 MiB Pack 0 ms (interleave)
[2026-09-30 06:04:53.744] [info] [cheetah_dot.cc:636] 1@128x768x2304 => 128x64x1 Recv 2.117 MiB, Response 8.733 MiB Pack 0 ms (interleave)
[2026-09-30 06:04:54.123] [info] [cheetah_dot.cc:636] 1@128x64x128 => 128x64x1 Recv 0.176 MiB, Response 0.485 MiB Pack 0 ms (interleave)
[2026-09-30 06:04:54.745] [info] [activation.cc:317] f_nexp 16384 sent 4.834637641906738 MiB
[2026-09-30 06:04:55.051] [info] [cheetah_dot.cc:636] 1@128x128x64 => 1x128x64 Recv 0.176 MiB, Response 0.243 MiB Pack 40.502 ms (interleave)
[2026-09-30 06:04:55.163] [info] [cheetah_dot.cc:636] 1@128x64x128 => 128x64x1 Recv 0.176 MiB, Response 0.485 MiB Pack 0 ms (interleave)
[2026-09-30 06:04:55.777] [info] [activation.cc:317] f_nexp 16384 sent 4.834698677062988 MiB
[2026-09-30 06:04:56.073] [info] [cheetah_dot.cc:636] 1@128x128x64 => 1x128x64 Recv 0.176 MiB, Response 0.243 MiB Pack 40.428 ms (interleave)
[2026-09-30 06:04:56.185] [info] [cheetah_dot.cc:636] 1@128x64x128 => 128x64x1 Recv 0.176 MiB, Response 0.485 MiB Pack 0 ms (interleave)
[2026-09-30 06:04:56.803] [info] [activation.cc:317] f_nexp 16384 sent 4.834693908691406 MiB
[2026-09-30 06:04:57.095] [info] [cheetah_dot.cc:636] 1@128x128x64 => 1x128x64 Recv 0.176 MiB, Response 0.243 MiB Pack 39.537 ms (interleave)
[2026-09-30 06:04:57.209] [info] [cheetah_dot.cc:636] 1@128x64x128 => 128x64x1 Recv 0.176 MiB, Response 0.485 MiB Pack 0 ms (interleave)
[2026-09-30 06:04:57.825] [info] [activation.cc:317] f_nexp 16384 sent 4.834839820861816 MiB
[2026-09-30 06:04:58.158] [info] [cheetah_dot.cc:636] 1@128x128x64 => 1x128x64 Recv 0.176 MiB, Response 0.243 MiB Pack 53.952 ms (interleave)
[2026-09-30 06:04:58.279] [info] [cheetah_dot.cc:636] 1@128x64x128 => 128x64x1 Recv 0.176 MiB, Response 0.485 MiB Pack 0 ms (interleave)
[2026-09-30 06:04:58.895] [info] [activation.cc:317] f_nexp 16384 sent 4.834609031677246 MiB
[2026-09-30 06:04:59.192] [info] [cheetah_dot.cc:636] 1@128x128x64 => 1x128x64 Recv 0.176 MiB, Response 0.243 MiB Pack 37.818 ms (interleave)
[2026-09-30 06:04:59.312] [info] [cheetah_dot.cc:636] 1@128x64x128 => 128x64x1 Recv 0.176 MiB, Response 0.485 MiB Pack 0 ms (interleave)
[2026-09-30 06:05:00.438] [info] [activation.cc:317] f_nexp 16384 sent 4.834770202636719 MiB
[2026-09-30 06:05:00.742] [info] [cheetah_dot.cc:636] 1@128x128x64 => 1x128x64 Recv 0.176 MiB, Response 0.243 MiB Pack 48.338 ms (interleave)
[2026-09-30 06:05:00.853] [info] [cheetah_dot.cc:636] 1@128x64x128 => 128x64x1 Recv 0.176 MiB, Response 0.485 MiB Pack 0 ms (interleave)
[2026-09-30 06:05:01.465] [info] [activation.cc:317] f_nexp 16384 sent 4.834414482116699 MiB
[2026-09-30 06:05:01.760] [info] [cheetah_dot.cc:636] 1@128x128x64 => 1x128x64 Recv 0.176 MiB, Response 0.243 MiB Pack 41.132 ms (interleave)
[2026-09-30 06:05:01.881] [info] [cheetah_dot.cc:636] 1@128x64x128 => 128x64x1 Recv 0.176 MiB, Response 0.485 MiB Pack 0 ms (interleave)
[2026-09-30 06:05:02.503] [info] [activation.cc:317] f_nexp 16384 sent 4.834657669067383 MiB
[2026-09-30 06:05:02.801] [info] [cheetah_dot.cc:636] 1@128x128x64 => 1x128x64 Recv 0.176 MiB, Response 0.243 MiB Pack 42.444 ms (interleave)
[2026-09-30 06:05:02.916] [info] [cheetah_dot.cc:636] 1@128x64x128 => 128x64x1 Recv 0.176 MiB, Response 0.485 MiB Pack 0 ms (interleave)
[2026-09-30 06:05:04.041] [info] [activation.cc:317] f_nexp 16384 sent 4.834522247314453 MiB
[2026-09-30 06:05:04.355] [info] [cheetah_dot.cc:636] 1@128x128x64 => 1x128x64 Recv 0.176 MiB, Response 0.243 MiB Pack 42.036 ms (interleave)
[2026-09-30 06:05:04.464] [info] [cheetah_dot.cc:636] 1@128x64x128 => 128x64x1 Recv 0.176 MiB, Response 0.485 MiB Pack 0 ms (interleave)
[2026-09-30 06:05:05.590] [info] [activation.cc:317] f_nexp 16384 sent 5.088655471801758 MiB
[2026-09-30 06:05:05.887] [info] [cheetah_dot.cc:636] 1@128x128x64 => 1x128x64 Recv 0.176 MiB, Response 0.243 MiB Pack 40.939 ms (interleave)
[2026-09-30 06:05:05.997] [info] [cheetah_dot.cc:636] 1@128x64x128 => 128x64x1 Recv 0.176 MiB, Response 0.485 MiB Pack 0 ms (interleave)
[2026-09-30 06:05:06.614] [info] [activation.cc:317] f_nexp 16384 sent 4.834772109985352 MiB
[2026-09-30 06:05:06.907] [info] [cheetah_dot.cc:636] 1@128x128x64 => 1x128x64 Recv 0.176 MiB, Response 0.243 MiB Pack 39.029 ms (interleave)
[2026-09-30 06:05:07.018] [info] [cheetah_dot.cc:636] 1@128x64x128 => 128x64x1 Recv 0.176 MiB, Response 0.485 MiB Pack 0 ms (interleave)
[2026-09-30 06:05:07.639] [info] [activation.cc:317] f_nexp 16384 sent 4.834470748901367 MiB
[2026-09-30 06:05:07.936] [info] [cheetah_dot.cc:636] 1@128x128x64 => 1x128x64 Recv 0.176 MiB, Response 0.243 MiB Pack 41.076 ms (interleave)
[2026-09-30 06:05:08.735] [info] [cheetah_dot.cc:636] 1@128x768x768 => 128x64x1 Recv 2.117 MiB, Response 2.911 MiB Pack 0 ms (interleave)
[2026-09-30 06:05:14.153] [info] [cheetah_dot.cc:636] 1@128x768x3072 => 128x64x1 Recv 2.117 MiB, Response 11.644 MiB Pack 0 ms (interleave)
[2026-09-30 06:05:15.257] [info] [activation.cc:208] seg3_gelu (i32true) 393216 sent 97.1189832687378 MiB
[2026-09-30 06:05:17.451] [info] [cheetah_dot.cc:636] 1@128x3072x768 => 128x64x1 Recv 10.893 MiB, Response 2.911 MiB Pack 0 ms (interleave)
[2026-09-30 06:05:17.765] [warning] [channel.h:163] Channel destructor is called before WaitLinkTaskFinish, try stop send thread
