# timestamp_ms Rss_kB Anonymous_kB Filemapped_kB Shmem_kB
1790723256946 449648 270056 179592 0
1790723256991 449648 270056 179592 0
1790723257016 376300 243264 133036 0
1790723257043 453648 273900 179748 0
1790723257089 454172 274256 179916 0
1790723257115 454172 274256 179916 0
1790723257141 454172 274256 179916 0
1790723257166 258040 175264 82776 0
1790723257190 463156 281360 181796 0
1790723257228 463156 281360 181796 0
1790723257252 436256 303956 132300 0
1790723257294 512672 328564 184108 0
1790723257334 512052 329268 182784 0
1790723257360 368604 280196 88408 0
1790723257403 614628 426584 188044 0
1790723257445 614628 426584 188044 0
1790723257470 608312 420268 188044 0
1790723257505 608312 420268 188044 0
1790723257530 608312 420268 188044 0
1790723257555 584220 418976 165244 0
1790723257579 611540 421224 190316 0
1790723257604 668884 421224 247660 0
1790723257646 668884 421224 247660 0
1790723257672 668884 421224 247660 0
1790723257699 578460 395780 182680 0
1790723257732 671384 421596 249788 0
1790723257759 671384 421596 249788 0
1790723257784 671384 421596 249788 0
1790723257812 671776 421972 249804 0
1790723257844 626284 408968 217316 0
1790723257870 671948 422124 249824 0
1790723257897 671000 421848 249152 0
1790723257924 703540 427612 275928 0
1790723257971 703540 427612 275928 0
1790723257997 691988 422332 269656 0
1790723258023 693740 427588 266152 0
1790723258051 709488 429700 279788 0
1790723258096 709488 429700 279788 0
1790723258123 709488 429700 279788 0
1790723258175 711800 429840 281960 0
1790723258206 716060 431776 284284 0
1790723258235 716360 432072 284288 0
1790723258263 716508 432164 284344 0
1790723258300 716508 432164 284344 0
1790723258329 716508 432164 284344 0
1790723258358 717008 432168 284840 0
1790723258388 717456 432172 285284 0
1790723258417 717456 432172 285284 0
1790723258444 677676 431428 246248 0
1790723258479 753252 452836 300416 0
1790723258532 753252 452836 300416 0
1790723258561 753252 452836 300416 0
1790723258588 753252 452836 300416 0
1790723258626 753628 452844 300784 0
1790723258655 755036 452904 302132 0
1790723258716 758544 455124 303420 0
1790723258804 764944 458348 306596 0
1790723258834 768632 460396 308236 0
1790723258863 768632 460396 308236 0
1790723258893 788680 470636 318044 0
1790723258942 788984 470636 318348 0
1790723258972 788984 470636 318348 0
1790723259001 810228 480876 329352 0
1790723259050 821688 487020 334668 0
1790723259096 821688 487020 334668 0
1790723259123 821688 487020 334668 0
1790723259152 830436 491116 339320 0
1790723259181 849260 501356 347904 0
1790723259231 849260 501356 347904 0
1790723259258 849988 501356 348632 0
1790723259289 874212 513644 360568 0
1790723259343 878404 515692 362712 0
1790723259392 878724 515692 363032 0
1790723259423 891840 521836 370004 0
1790723259459 910916 532076 378840 0
1790723259509 910916 532076 378840 0
1790723259537 910916 532076 378840 0
1790723259566 923396 538220 385176 0
1790723259605 993088 601120 391968 0
1790723259656 993088 601120 391968 0
1790723259700 766164 494464 271700 0
1790723259758 1200764 807976 392788 0
1790723259809 1200764 807976 392788 0
1790723259838 1085636 767196 318440 0
1790723259885 848956 455608 393348 0
1790723259936 825596 433644 391952 0
1790723259981 1021860 629016 392844 0
1790723260012 984316 595752 388564 0
1790723260049 983960 601104 382856 0
1790723260087 937372 544024 393348 0
1790723260149 937372 544024 393348 0
1790723260186 740576 463684 276892 0
1790723260239 1116708 723360 393348 0
1790723260271 1176100 782752 393348 0
1790723260311 1206820 813472 393348 0
1790723260343 1206820 813472 393348 0
1790723260372 1210916 817568 393348 0
1790723260403 730364 453224 277140 0
1790723260456 1309020 915672 393348 0
1790723260504 1309020 915672 393348 0
1790723260532 1370460 977112 393348 0
1790723260582 1401180 1007832 393348 0
1790723260629 1401180 1007832 393348 0
1790723260660 1442156 1048808 393348 0
1790723260697 1024396 631048 393348 0
1790723260751 1024396 631048 393348 0
1790723260780 1024412 631064 393348 0
1790723260826 1027240 633892 393348 0
1790723260902 1027240 633892 393348 0
1790723260942 856992 460768 396224 0
1790723260971 872356 471016 401340 0
1790723261008 667180 467492 199688 0
1790723261039 783412 464524 318888 0
1790723261076 726732 510412 216320 0
1790723261112 693768 499468 194300 0
1790723261143 962508 521928 440580 0
1790723261190 1109904 552488 557416 0
1790723261226 1190696 552504 638192 0
1790723261281 1155364 552404 602960 0
1790723261315 1271636 554556 717080 0
1790723261362 1271680 554600 717080 0
1790723261405 1234876 578160 656716 0
1790723261438 1151560 603804 547756 0
1790723261483 1327332 606064 721268 0
1790723261532 1327332 606064 721268 0
1790723261572 1232432 563000 669432 0
1790723261618 1310828 608312 702516 0
1790723261675 1147012 549084 597928 0
1790723261772 1327740 606616 721124 0
1790723261858 1102812 558352 544460 0
1790723261924 1244512 619976 624536 0
1790723261988 1225300 616048 609252 0
1790723262021 878708 532780 345928 0
1790723262080 1375564 622760 752804 0
1790723262158 1007052 579552 427500 0
1790723262211 1403400 650472 752928 0
1790723262280 1403400 650472 752928 0
1790723262375 1403400 650472 752928 0
1790723262441 1403400 650472 752928 0
1790723262513 1403400 650472 752928 0
1790723262580 1403400 650472 752928 0
1790723262633 1381036 635232 745804 0
1790723262715 1386020 694532 691488 0
1790723262802 1456868 703940 752928 0
1790723262850 1456868 703940 752928 0
1790723262908 1456868 703940 752928 0
1790723262998 1456868 703940 752928 0
1790723263080 1352188 678564 673624 0
1790723263132 1384036 667864 716172 0
1790723263209 1198596 757632 440964 0
1790723263247 1567316 814388 752928 0
1790723263285 1505880 814392 691488 0
1790723263324 1512364 759396 752968 0
1790723263363 1509840 758972 750868 0
1790723263399 1516172 761584 754588 0
1790723263450 1516256 761596 754660 0
1790723263486 1516256 761596 754660 0
1790723263538 1516272 761612 754660 0
1790723263573 1516272 761612 754660 0
1790723263608 1516316 761656 754660 0
1790723263643 1516316 761656 754660 0
1790723263710 1518384 761656 756728 0
1790723263756 1518388 761660 756728 0
1790723263800 1518392 761664 756728 0
1790723263841 1519696 761664 758032 0
1790723263887 1522736 761664 761072 0
1790723263938 1523080 761664 761416 0
1790723264047 1426712 661000 765712 0
1790723264166 1445168 662792 782376 0
1790723264266 1255872 601800 654072 0
1790723264324 963224 554928 408296 0
1790723264369 1476244 693472 782772 0
1790723264497 1514620 730572 784048 0
1790723264629 1514620 730572 784048 0
1790723264720 1488968 719776 769192 0
1790723264821 1560636 776588 784048 0
1790723264918 1560636 776588 784048 0
1790723264992 1560636 776588 784048 0
1790723265058 1560636 776588 784048 0
1790723265160 1413736 788160 625576 0
1790723265202 1237708 757872 479836 0
1790723265327 1651296 867248 784048 0
1790723265396 1652732 868684 784048 0
1790723265434 1652732 868684 784048 0
1790723265500 1652732 868684 784048 0
1790723265539 1652732 868684 784048 0
1790723265574 1652732 868684 784048 0
1790723265611 1652732 868684 784048 0
1790723265649 1652732 868684 784048 0
1790723265688 1652740 868692 784048 0
1790723265726 1652740 868692 784048 0
1790723265764 1652740 868692 784048 0
1790723265816 1652740 868692 784048 0
1790723265855 1652740 868692 784048 0
1790723265899 1652748 868700 784048 0
1790723265938 1652748 868700 784048 0
1790723265976 1652748 868700 784048 0
1790723266013 1652760 868712 784048 0
1790723266050 1652760 868712 784048 0
1790723266086 1652760 868712 784048 0
1790723266126 1652760 868712 784048 0
1790723266164 1652760 868712 784048 0
1790723266203 1652760 868712 784048 0
1790723266255 1652772 868712 784060 0
1790723266321 1655016 868712 786304 0
1790723266381 1655016 868712 786304 0
1790723266421 1657256 868712 788544 0
1790723266462 1659500 868712 790788 0
1790723266551 1659500 868712 790788 0
1790723266593 1451816 661028 790788 0
1790723266643 1448732 660828 787904 0
1790723266736 1466156 663972 802184 0
1790723266797 1475312 663972 811340 0
1790723266852 1394340 654696 739644 0
1790723266896 1493748 682408 811340 0
1790723266940 1468368 667132 801236 0
1790723267026 1503144 691804 811340 0
1790723267142 1503144 691804 811340 0
1790723267237 1503144 691804 811340 0
1790723267368 1503144 691804 811340 0
1790723267433 1503144 691804 811340 0
1790723267505 1500348 738304 762044 0
1790723267546 1558396 747056 811340 0
1790723267599 1558396 747056 811340 0
1790723267714 1499236 704420 794816 0
1790723267813 1627460 816120 811340 0
1790723267883 1664324 852984 811340 0
1790723267946 1664324 852984 811340 0
1790723268002 1664324 852984 811340 0
1790723268055 1664324 852984 811340 0
1790723268111 1530820 719480 811340 0
1790723268159 1530820 719480 811340 0
1790723268197 1530820 719480 811340 0
1790723268249 1530820 719480 811340 0
1790723268303 1530820 719480 811340 0
1790723268356 1530820 719480 811340 0
1790723268406 1530820 719480 811340 0
1790723268453 1530820 719480 811340 0
1790723268498 1530820 719480 811340 0
1790723268551 1530820 719480 811340 0
1790723268588 1530820 719480 811340 0
1790723268634 1530820 719480 811340 0
1790723268688 1535300 719480 815820 0
1790723268749 1537540 719480 818060 0
1790723268843 1537540 719480 818060 0
1790723268926 1545096 719480 825616 0
1790723268997 1551976 719480 832496 0
1790723269066 1558104 719480 838624 0
1790723269136 1496944 668600 828344 0
1790723269210 1553084 714460 838624 0
1790723269292 1553084 714460 838624 0
1790723269449 1553084 714460 838624 0
1790723269544 1553084 714460 838624 0
1790723269622 1553084 714460 838624 0
1790723269713 1494376 733060 761316 0
1790723269772 1586064 747440 838624 0
1790723269898 1586064 747440 838624 0
1790723270023 1581644 746756 834888 0
1790723270151 1629008 790384 838624 0
1790723270190 1629008 790384 838624 0
1790723270228 1655128 816504 838624 0
1790723270275 1349252 805540 543712 0
1790723270361 1673560 834936 838624 0
1790723270399 1673560 834936 838624 0
1790723270436 1673560 834936 838624 0
1790723270474 1558488 719864 838624 0
1790723270514 1558488 719864 838624 0
1790723270561 1558488 719864 838624 0
1790723270650 1558488 719864 838624 0
1790723270693 1558488 719864 838624 0
1790723270729 1558488 719864 838624 0
1790723270766 1558488 719864 838624 0
1790723270805 1558488 719864 838624 0
1790723270842 1558488 719864 838624 0
1790723270883 1558488 719864 838624 0
1790723270920 1558488 719864 838624 0
1790723270965 1558488 719864 838624 0
1790723271053 1565220 719864 845356 0
1790723271114 1565220 719864 845356 0
1790723271205 1572608 719864 852744 0
1790723271296 1582288 719864 862424 0
1790723271372 1585776 719864 865912 0
1790723271452 1585776 719864 865912 0
1790723271529 1428264 711624 716640 0
1790723271598 1585776 719864 865912 0
1790723271657 1585776 719864 865912 0
1790723271766 1585776 719864 865912 0
1790723271840 1409792 660768 749024 0
1790723271921 1612584 746672 865912 0
1790723272024 1612584 746672 865912 0
1790723272110 1612584 746672 865912 0
1790723272200 1496304 698420 797884 0
1790723272277 1612584 746672 865912 0
1790723272313 1612584 746672 865912 0
1790723272354 1576656 727268 849388 0
1790723272396 1681648 815736 865912 0
1790723272448 1700080 834168 865912 0
1790723272518 1700080 834168 865912 0
1790723272554 1700080 834168 865912 0
1790723272595 1700080 834168 865912 0
1790723272647 1700080 834168 865912 0
1790723272686 1700080 834168 865912 0
1790723272742 1700080 834168 865912 0
1790723272802 1700080 834168 865912 0
1790723272843 1700080 834168 865912 0
1790723272880 1700080 834168 865912 0
1790723272948 1700080 834168 865912 0
1790723273008 1700080 834168 865912 0
1790723273064 1700080 834168 865912 0
1790723273107 1702320 834168 868152 0
1790723273182 1704676 834168 870508 0
1790723273220 1706800 834168 872632 0
1790723273323 1554332 679460 874872 0
1790723273412 1563496 679460 884036 0
1790723273494 1572652 679460 893192 0
1790723273543 1572652 679460 893192 0
1790723273588 1581744 688552 893192 0
1790723273706 1600356 707164 893192 0
1790723273763 1600356 707164 893192 0
1790723273849 1600356 707164 893192 0
1790723273961 1600356 707164 893192 0
1790723274084 1600356 707164 893192 0
1790723274128 1486436 661272 825164 0
1790723274229 1399336 680624 718712 0
1790723274273 1637152 743960 893192 0
1790723274363 1637152 743960 893192 0
1790723274401 1637152 743960 893192 0
1790723274510 1560056 742708 817348 0
1790723274642 1715272 822080 893192 0
1790723274726 1754600 861408 893192 0
1790723274798 1754600 861408 893192 0
1790723274846 1695852 818812 877040 0
1790723274904 1699432 806240 893192 0
1790723274955 1699432 806240 893192 0
1790723275000 1699432 806240 893192 0
1790723275053 1699432 806240 893192 0
1790723275103 1699432 806240 893192 0
1790723275152 1699432 806240 893192 0
1790723275194 1699432 806240 893192 0
1790723275247 1699432 806240 893192 0
1790723275290 1699432 806240 893192 0
1790723275328 1699432 806240 893192 0
1790723275369 1699432 806240 893192 0
1790723275433 1703920 806240 897680 0
1790723275529 1491472 728896 762576 0
1790723275619 1526496 654524 871972 0
1790723275717 1584476 663976 920500 0
1790723275803 984720 571804 412916 0
1790723275855 1548384 689324 859060 0
1790723275909 1607188 692664 914524 0
1790723275999 1635348 714848 920500 0
1790723276101 1635348 714848 920500 0
1790723276189 1635348 714848 920500 0
1790723276278 1411496 661416 750080 0
1790723276364 1667532 747032 920500 0
1790723276461 1667532 747032 920500 0
1790723276525 1667532 747032 920500 0
1790723276564 1667532 747032 920500 0
1790723276603 1667532 747032 920500 0
1790723276659 1667532 747032 920500 0
1790723276715 1367328 754236 613092 0
1790723276776 1727380 806880 920500 0
1790723276815 1727380 806880 920500 0
1790723276855 1707844 797604 910240 0
1790723276908 1593052 672552 920500 0
1790723276946 1593052 672552 920500 0
1790723277001 1593052 672552 920500 0
1790723277048 1593052 672552 920500 0
1790723277089 1593052 672552 920500 0
1790723277134 1593052 672552 920500 0
1790723277188 1593052 672552 920500 0
1790723277227 1593052 672552 920500 0
1790723277266 1593052 672552 920500 0
1790723277314 1593052 672552 920500 0
1790723277362 1593052 672552 920500 0
1790723277424 1597096 672552 924544 0
1790723277481 1602028 672552 929476 0
1790723277644 1620340 672552 947788 0
1790723277726 1054736 580380 474356 0
1790723277777 1630200 682412 947788 0
1790723277839 1630200 682412 947788 0
1790723277934 1667272 719484 947788 0
1790723278055 1667272 719484 947788 0
1790723278137 1667272 719484 947788 0
1790723278202 1667272 719484 947788 0
1790723278256 1667272 719484 947788 0
1790723278332 1661012 719072 941940 0
1790723278402 1667272 719484 947788 0
1790723278502 1667272 719484 947788 0
1790723278564 1667272 719484 947788 0
1790723278662 1483596 670252 813344 0
1790723278757 1738176 790388 947788 0
1790723278810 1738176 790388 947788 0
1790723278849 1718640 781112 937528 0
1790723278900 1422076 804608 617468 0
1790723278955 1777736 829948 947788 0
1790723278995 1666420 718632 947788 0
1790723279033 1666420 718632 947788 0
1790723279081 1666420 718632 947788 0
1790723279140 1666420 718632 947788 0
1790723279180 1666420 718632 947788 0
1790723279232 1666420 718632 947788 0
1790723279270 1666420 718632 947788 0
1790723279308 1666420 718632 947788 0
1790723279372 1666420 718632 947788 0
1790723279431 1666420 718632 947788 0
1790723279470 1666420 718632 947788 0
1790723279508 1666420 718632 947788 0
1790723279573 1668660 718632 950028 0
1790723279624 1668660 718632 950028 0
1790723279662 1668660 718632 950028 0
1790723279701 1673140 718632 954508 0
1790723279805 1615796 718632 897164 0
1790723279857 1615540 661032 954508 0
1790723279903 1615540 661032 954508 0
1790723279947 1608516 651764 956752 0
1790723280022 1638592 663976 974616 0
1790723280130 1270232 653932 616300 0
1790723280177 1659784 684716 975068 0
1790723280279 1696856 721788 975068 0
1790723280386 1696856 721788 975068 0
1790723280471 1696856 721788 975068 0
1790723280576 1696856 721788 975068 0
1790723280675 1687588 712520 975068 0
1790723280737 1696060 720992 975068 0
1790723280831 1696060 720992 975068 0
1790723280905 1696060 720992 975068 0
1790723280988 1520076 661896 858180 0
1790723281124 1404376 778800 625576 0
1790723281189 1425512 810104 615408 0
1790723281251 1813380 838312 975068 0
1790723281366 1813380 838312 975068 0
1790723281433 1813380 838312 975068 0
1790723281473 1813380 838312 975068 0
1790723281514 1813380 838312 975068 0
1790723281555 1813380 838312 975068 0
1790723281596 1813380 838312 975068 0
1790723281638 1813380 838312 975068 0
1790723281680 1813380 838312 975068 0
1790723281741 1813380 838312 975068 0
1790723281795 1813380 838312 975068 0
1790723281834 1636100 661032 975068 0
1790723281872 1636100 661032 975068 0
1790723281930 1640588 661032 979556 0
1790723281991 1642832 661032 981800 0
1790723282065 1644704 661032 983672 0
1790723282149 1653688 661032 992656 0
1790723282229 1663160 662440 1000720 0
1790723282297 1661356 662644 998712 0
1790723282358 1686300 683948 1002352 0
1790723282459 1585240 663736 921504 0
1790723282559 1723372 721020 1002352 0
1790723282725 1723372 721020 1002352 0
1790723282806 1723372 721020 1002352 0
1790723282875 1522400 626708 895692 0
1790723282996 1723344 720992 1002352 0
1790723283054 1723344 720992 1002352 0
1790723283129 1714076 711724 1002352 0
1790723283277 1469268 766092 703176 0
1790723283362 1824592 822240 1002352 0
1790723283434 1824592 822240 1002352 0
1790723283474 1824592 822240 1002352 0
1790723283514 1763152 822240 940912 0
1790723283581 1843024 840672 1002352 0
1790723283620 1843024 840672 1002352 0
1790723283659 1843024 840672 1002352 0
1790723283697 1781584 840672 940912 0
1790723283744 1720984 718632 1002352 0
1790723283791 1720984 718632 1002352 0
1790723283842 1720984 718632 1002352 0
1790723283884 1720984 718632 1002352 0
1790723283948 1720984 718632 1002352 0
1790723283987 1720984 718632 1002352 0
1790723284042 1720984 718632 1002352 0
1790723284082 1720984 718632 1002352 0
1790723284122 1720984 718632 1002352 0
1790723284183 1720984 718632 1002352 0
1790723284223 1720984 718632 1002352 0
1790723284274 1725468 718636 1006832 0
1790723284371 1727708 718636 1009072 0
1790723284480 1739116 718636 1020480 0
1790723284560 1748300 718636 1029664 0
1790723284622 1748300 718636 1029664 0
1790723284686 1382484 767096 615388 0
1790723284737 1812804 783140 1029664 0
1790723284844 1812804 783140 1029664 0
1790723284987 1632020 670384 961636 0
1790723285076 1748300 718636 1029664 0
1790723285188 1757388 727724 1029664 0
1790723285254 1757388 727724 1029664 0
1790723285349 1690776 718456 972320 0
1790723285430 1574360 651760 922600 0
1790723285522 1849548 819884 1029664 0
1790723285582 1849548 819884 1029664 0
1790723285623 1849548 819884 1029664 0
1790723285677 1867980 838316 1029664 0
1790723285789 1867980 838316 1029664 0
1790723285836 1867980 838316 1029664 0
1790723285892 1867980 838316 1029664 0
1790723285934 1867980 838316 1029664 0
1790723285974 1867980 838316 1029664 0
1790723286013 1867980 838316 1029664 0
1790723286052 1867980 838316 1029664 0
1790723286092 1867980 838316 1029664 0
1790723286143 1867980 838316 1029664 0
1790723286191 1867980 838316 1029664 0
1790723286248 1867980 838316 1029664 0
1790723286290 1867980 838316 1029664 0
1790723286330 1867980 838316 1029664 0
1790723286376 1867980 838316 1029664 0
1790723286416 1867980 838316 1029664 0
1790723286511 1867980 838316 1029664 0
1790723286580 1870224 838316 1031908 0
1790723286671 1874712 838316 1036396 0
1790723286745 1874712 838316 1036396 0
1790723286787 1874712 838316 1036396 0
1790723286826 1865444 829048 1036396 0
1790723286916 1699676 661036 1038640 0
1790723287000 1714364 662828 1051536 0
1790723287054 1259652 648000 611652 0
1790723287123 1570356 616188 954168 0
1790723287165 1771416 714468 1056948 0
1790723287287 1771416 714468 1056948 0
1790723287423 1771416 714468 1056948 0
1790723287493 1741460 713104 1028356 0
1790723287587 1817820 760872 1056948 0
1790723287687 1817820 760872 1056948 0
1790723287729 1817820 760872 1056948 0
1790723287804 1817820 760872 1056948 0
1790723287927 1609448 665540 943908 0
1790723288008 1854628 797680 1056948 0
1790723288078 1873060 816112 1056948 0
1790723288120 1873060 816112 1056948 0
1790723288168 1873060 816112 1056948 0
1790723288205 1873060 816112 1056948 0
1790723288248 1873060 816112 1056948 0
1790723288293 1873060 816112 1056948 0
1790723288354 1873060 816112 1056948 0
1790723288397 1873060 816112 1056948 0
1790723288450 1873060 816112 1056948 0
1790723288491 1873060 816112 1056948 0
1790723288532 1873060 816112 1056948 0
1790723288596 1873060 816112 1056948 0
1790723288656 1873060 816112 1056948 0
1790723288718 1873060 816112 1056948 0
1790723288781 1790244 733296 1056948 0
1790723288843 1793208 733300 1059908 0
1790723288905 1370092 733300 636792 0
1790723288943 1370092 733300 636792 0
1790723288991 1370092 733300 636792 0
1790723289038 1370092 733300 636792 0
1790723289084 1370852 733304 637548 0
1790723289117 1370916 733308 637608 0
1790723289151 1370916 733308 637608 0
1790723289197 1370916 733308 637608 0
1790723289245 1370916 733308 637608 0
1790723289279 1274788 719376 555412 0
1790723289314 1368864 731196 637668 0
1790723289349 1368992 731196 637796 0
1790723289383 1368992 731196 637796 0
1790723289418 1368992 731196 637796 0
1790723289452 1368992 731196 637796 0
1790723289487 1368992 731196 637796 0
1790723289520 1368992 731196 637796 0
1790723289566 1368996 731200 637796 0
1790723289599 1368996 731200 637796 0
1790723289643 1367256 728636 638620 0
1790723289693 1377004 728636 648368 0
1790723289742 1398432 728636 669796 0
