# timestamp_ms VmRSS_kB VmPeak_kB VmHWM_kB
1785433435821 252680 1133280 252680
1785433435903 253620 1133280 253620
1785433435969 253656 1133280 253656
1785433436030 253724 1133280 253724
1785433436091 253808 1133280 253808
1785433436153 256708 1141792 256708
1785433436216 258008 1141792 258008
1785433436289 258196 1141792 258196
1785433436352 258288 1142816 258288
1785433436413 259468 1142980 259468
1785433436476 260824 1145224 260824
1785433436537 262456 1146872 262456
1785433436598 263744 1147280 263744
1785433436670 264416 1147816 264416
1785433436736 264416 1147816 264416
1785433436764 264416 1147816 264416
1785433436793 272924 1155696 272924
1785433436869 277300 1159000 277300
1785433436934 277588 1159000 277588
1785433436997 278280 1160024 278280
1785433437061 280056 2006256 280056
1785433437138 282132 2006256 282132
1785433437202 283476 2006256 283476
1785433437264 284844 2006256 284844
1785433437328 286764 2006256 286764
1785433437408 331460 2938664 331460
1785433437494 406796 2938664 406796
1785433437584 477272 2938664 477272
1785433437674 514236 2938664 514236
1785433437764 547640 2938664 547640
1785433437855 574544 2938664 574544
1785433437946 592272 2938664 592272
1785433438040 616256 2938664 616256
1785433438133 633500 2938664 633500
1785433438222 645956 2938664 645956
1785433438294 649080 2938664 649080
1785433438383 652940 2938664 652940
1785433438455 667132 2938664 667132
1785433438548 686656 2938664 686656
1785433438640 698804 2938664 698804
1785433438716 708792 2938664 708792
1785433438807 724284 2938664 724284
1785433438912 740168 2938664 740168
1785433439009 750688 2938664 750688
1785433439094 759844 2938664 759844
1785433439197 765416 2938664 765416
1785433439282 777296 2938664 777296
1785433439380 808720 2938664 808720
1785433439484 857908 2938664 857908
1785433439592 909828 2938664 909828
1785433439702 938012 2938664 938012
1785433439811 965860 2938664 965860
1785433439921 979948 2938664 979948
1785433440008 1007964 2938664 1007964
1785433440120 1022132 2938664 1022132
1785433440205 1048396 2938664 1048396
1785433440321 1070972 2938664 1070972
1785433440436 1082612 2938664 1082612
1785433440534 1101144 2938664 1101144
1785433440652 1124852 2938664 1124852
1785433440781 707484 2938664 1120080
1785433440815 710740 2938664 1120080
1785433440847 713240 2938664 1120080
1785433440878 715088 2938664 1120080
1785433440911 716964 2938664 1120080
1785433440943 733920 2938664 1120080
1785433440975 735412 2938664 1120080
1785433441007 736752 2938664 1120080
1785433441038 736752 2938664 1120080
1785433441069 736752 2938664 1120080
1785433441099 736752 2938664 1120080
1785433441129 736752 2938664 1120080
1785433441161 736752 2938664 1120080
1785433441191 736752 2938664 1120080
1785433441221 736752 2938664 1120080
1785433441251 736756 2938664 1120080
1785433441281 822552 2938664 1120080
1785433441312 855320 2938664 1120080
1785433441342 877420 2938664 1120080
1785433441372 963436 2938664 1120080
1785433441402 736756 2938664 1120080
1785433441433 736756 2938664 1120080
1785433441465 736756 2938664 1120080
1785433441496 736760 2938664 1120080
1785433441528 736760 2938664 1120080
1785433441560 736760 2938664 1120080
1785433441591 736760 2938664 1120080
1785433441621 737228 2938664 1120080
1785433441651 737248 2938664 1120080
1785433441680 737248 2938664 1120080
1785433441711 737248 2938664 1120080
1785433441742 737248 2938664 1120080
1785433441772 737248 2938664 1120080
1785433441801 737248 2938664 1120080
1785433441831 737248 2938664 1120080
1785433441860 740228 2938664 1120080
1785433441889 823052 2938664 1120080
1785433441919 855820 2938664 1120080
1785433441948 857444 2938664 1120080
1785433441977 939364 2938664 1120080
1785433442007 974392 2938664 1120080
1785433442037 975428 2938664 1120080
1785433442067 783732 2938664 1120080
1785433442097 843124 2938664 1120080
1785433442126 857460 2938664 1120080
1785433442157 799256 2938664 1120080
1785433442187 825936 2938664 1120080
1785433442223 978600 2938664 1120080
1785433442259 1013372 2938664 1120080
1785433442290 1027708 2938664 1120080
1785433442319 1042044 2938664 1120080
1785433442348 1056380 2938664 1120080
1785433442378 1070716 2938664 1120080
1785433442408 1085052 2938664 1120080
1785433442438 1097340 2938664 1120080
1785433442467 1111676 2938664 1120080
1785433442496 1126012 2938664 1126012
1785433442567 1142396 2938664 1142396
1785433442634 1156732 2938664 1156732
1785433442716 1178284 2938664 1178284
1785433442786 1192620 2938664 1192620
1785433442870 1213100 2938664 1213100
1785433442939 1229484 2938664 1229484
1785433443023 1252012 2938664 1252012
1785433443095 1266348 2938664 1266348
1785433443178 1288876 2938664 1288876
1785433443243 1303212 2938664 1303212
1785433443329 1325740 2938664 1325740
1785433443398 1342124 2938664 1342124
1785433443497 913340 2938664 1513576
1785433443529 913344 2938664 1513576
1785433443561 913344 2938664 1513576
1785433443594 913344 2938664 1513576
1785433443626 913344 2938664 1513576
1785433443656 913344 2938664 1513576
1785433443687 913348 2938664 1513576
1785433443718 913348 2938664 1513576
1785433443748 931784 2938664 1513576
1785433443779 932136 2938664 1513576
1785433443812 965792 2938664 1513576
1785433443845 980128 2938664 1513576
1785433443874 993072 2938664 1513576
1785433443904 1007408 2938664 1513576
1785433443933 1034264 2938664 1513576
1785433443968 1023180 2938664 1513576
1785433444001 1039564 2938664 1513576
1785433444031 1052132 2938664 1513576
1785433444061 1066468 2938664 1513576
1785433444091 1080804 2938664 1513576
1785433444120 1095140 2938664 1513576
1785433444150 1109476 2938664 1513576
1785433444181 1123812 2938664 1513576
1785433444210 1136100 2938664 1513576
1785433444239 1150436 2938664 1513576
1785433444270 1164772 2938664 1513576
1785433444299 1179108 2938664 1513576
1785433444329 1193444 2938664 1513576
1785433444359 1207780 2938664 1513576
1785433444389 1222116 2938664 1513576
1785433444419 1223516 2938664 1513576
1785433444449 1223516 2938664 1513576
1785433444479 1223516 2938664 1513576
1785433444509 1223516 2938664 1513576
1785433444539 1223516 2938664 1513576
1785433444569 1223516 2938664 1513576
1785433444600 1223516 2938664 1513576
1785433444629 1223516 2938664 1513576
1785433444659 1223516 2938664 1513576
1785433444689 1223516 2938664 1513576
1785433444719 1223516 2938664 1513576
1785433444748 1223516 2938664 1513576
1785433444778 1256888 2938664 1513576
1785433444810 1271224 2938664 1513576
1785433444840 1285560 2938664 1513576
1785433444871 1299896 2938664 1513576
1785433444901 1354620 2938664 1513576
1785433444978 1525668 3004532 1525668
1785433445069 1548196 3004532 1548196
1785433445136 1564580 3004532 1564580
1785433445219 1585060 3004532 1585060
1785433445287 1601444 3004532 1601444
1785433445367 1621924 3004532 1621924
1785433445435 1638308 3004532 1638308
1785433445516 1658788 3004532 1658788
1785433445582 1675172 3004532 1675172
1785433445663 1695352 3178512 1695352
1785433445734 1709688 3178512 1709688
1785433445819 1732216 3178512 1732216
1785433445888 1748600 3178512 1748600
1785433445970 1769080 3178512 1769080
1785433446036 1785464 3178512 1785464
1785433446117 1805944 3178512 1805944
1785433446189 1820280 3178512 1820280
1785433446261 1836664 3178512 1836664
1785433446345 1857144 3178512 1857144
1785433446416 1687460 3352492 2027884
1785433446450 1498080 3352492 2027884
1785433446489 1689404 3352492 2027884
1785433446525 1691448 3352492 2027884
1785433446558 1691448 3352492 2027884
1785433446589 1691448 3352492 2027884
1785433446622 1517468 3352492 2027884
1785433446653 1517468 3352492 2027884
1785433446684 1517468 3352492 2027884
1785433446715 1517468 3352492 2027884
1785433446746 1517468 3352492 2027884
1785433446777 1517468 3352492 2027884
1785433446808 1517468 3352492 2027884
1785433446839 1517468 3352492 2027884
1785433446870 1517468 3352492 2027884
1785433446902 1517468 3352492 2027884
1785433446933 1517468 3352492 2027884
1785433446964 1517468 3352492 2027884
1785433446996 1517468 3352492 2027884
1785433447026 1517468 3352492 2027884
1785433447058 1517468 3352492 2027884
1785433447089 1517468 3352492 2027884
1785433447120 1517468 3352492 2027884
1785433447151 1517468 3352492 2027884
1785433447183 1517468 3352492 2027884
1785433447214 1517468 3352492 2027884
1785433447244 1517468 3352492 2027884
1785433447275 1517468 3352492 2027884
1785433447306 1517468 3352492 2027884
1785433447337 1517468 3352492 2027884
1785433447368 1517468 3352492 2027884
1785433447399 1517468 3352492 2027884
1785433447430 1517468 3352492 2027884
1785433447461 1517468 3352492 2027884
1785433447493 1517468 3352492 2027884
1785433447523 1517468 3352492 2027884
1785433447553 1517468 3352492 2027884
1785433447583 1517468 3352492 2027884
1785433447614 1517468 3352492 2027884
1785433447644 1517468 3352492 2027884
1785433447674 1517468 3352492 2027884
1785433447705 1517468 3352492 2027884
1785433447735 1517468 3352492 2027884
1785433447766 1517468 3352492 2027884
1785433447797 1517468 3352492 2027884
1785433447828 1517468 3352492 2027884
1785433447859 966740 3352492 2027884
1785433447889 966740 3352492 2027884
1785433447919 967244 3352492 2027884
1785433447951 967424 3352492 2027884
1785433447981 967424 3352492 2027884
1785433448012 967424 3352492 2027884
1785433448042 967424 3352492 2027884
1785433448074 967424 3352492 2027884
1785433448106 967424 3352492 2027884
1785433448137 967424 3352492 2027884
1785433448168 967424 3352492 2027884
1785433448199 967424 3352492 2027884
1785433448230 967464 3352492 2027884
1785433448261 967464 3352492 2027884
1785433448292 967464 3352492 2027884
1785433448324 967468 3352492 2027884
1785433448355 967664 3352492 2027884
1785433448386 967808 3352492 2027884
1785433448417 967868 3352492 2027884
1785433448449 967872 3352492 2027884
1785433448483 967876 3352492 2027884
1785433448516 979528 3352492 2027884
1785433448548 984832 3352492 2027884
1785433448580 986888 3352492 2027884
1785433448615 999176 3352492 2027884
1785433448649 999176 3352492 2027884
1785433448681 1005320 3352492 2027884
1785433448712 1005320 3352492 2027884
1785433448749 1017612 3352492 2027884
1785433448782 1017612 3352492 2027884
1785433448814 1017612 3352492 2027884
1785433448846 956300 3352492 2027884
1785433448880 975116 3352492 2027884
1785433448914 993036 3352492 2027884
1785433448946 999180 3352492 2027884
1785433448979 1011472 3352492 2027884
1785433449014 1011472 3352492 2027884
1785433449047 1011472 3352492 2027884
1785433449080 1011472 3352492 2027884
1785433449114 1011472 3352492 2027884
1785433449149 1011472 3352492 2027884
1785433449182 1011472 3352492 2027884
1785433449215 1011472 3352492 2027884
1785433449250 944224 3352492 2027884
1785433449283 944224 3352492 2027884
1785433449316 944224 3352492 2027884
1785433449350 944296 3352492 2027884
1785433449383 944296 3352492 2027884
1785433449416 944296 3352492 2027884
1785433449448 944296 3352492 2027884
1785433449481 944296 3352492 2027884
1785433449513 944296 3352492 2027884
1785433449545 944296 3352492 2027884
1785433449578 944296 3352492 2027884
1785433449610 944296 3352492 2027884
1785433449642 944296 3352492 2027884
1785433449675 944296 3352492 2027884
1785433449707 944296 3352492 2027884
1785433449740 944296 3352492 2027884
1785433449773 944296 3352492 2027884
1785433449805 944296 3352492 2027884
1785433449838 944296 3352492 2027884
1785433449871 944296 3352492 2027884
1785433449903 944296 3352492 2027884
1785433449936 944296 3352492 2027884
1785433449969 944296 3352492 2027884
1785433450002 944296 3352492 2027884
1785433450035 944296 3352492 2027884
1785433450068 944296 3352492 2027884
1785433450101 944296 3352492 2027884
1785433450134 944296 3352492 2027884
1785433450167 944296 3352492 2027884
1785433450200 944296 3352492 2027884
1785433450232 944296 3352492 2027884
1785433450265 944296 3352492 2027884
1785433450297 944296 3352492 2027884
1785433450330 944296 3352492 2027884
1785433450363 944296 3352492 2027884
1785433450396 944296 3352492 2027884
1785433450428 944296 3352492 2027884
1785433450461 944296 3352492 2027884
1785433450494 944296 3352492 2027884
1785433450527 944300 3352492 2027884
1785433450561 944308 3352492 2027884
1785433450593 944308 3352492 2027884
1785433450625 944308 3352492 2027884
1785433450657 944308 3352492 2027884
1785433450689 963164 3352492 2027884
1785433450723 977960 3352492 2027884
1785433450755 993884 3352492 2027884
1785433450785 1014836 3352492 2027884
1785433450817 1014836 3352492 2027884
1785433450851 1014836 3352492 2027884
1785433450885 1014836 3352492 2027884
1785433450918 1014836 3352492 2027884
1785433450950 1014836 3352492 2027884
1785433450983 1014836 3352492 2027884
1785433451015 941236 3352492 2027884
1785433451049 942820 3352492 2027884
1785433451082 953400 3352492 2027884
1785433451116 956472 3352492 2027884
1785433451150 975456 3352492 2027884
1785433451184 990264 3352492 2027884
1785433451217 990264 3352492 2027884
1785433451250 1002552 3352492 2027884
1785433451285 1002552 3352492 2027884
1785433451319 1002552 3352492 2027884
1785433451352 1002552 3352492 2027884
1785433451386 1014840 3352492 2027884
1785433451420 1014840 3352492 2027884
1785433451454 1014840 3352492 2027884
1785433451487 1014840 3352492 2027884
1785433451521 1014840 3352492 2027884
1785433451556 1014840 3352492 2027884
1785433451589 1014840 3352492 2027884
1785433451623 1014840 3352492 2027884
1785433451657 1014840 3352492 2027884
1785433451691 1014840 3352492 2027884
1785433451724 1014840 3352492 2027884
1785433451758 1014840 3352492 2027884
1785433451792 1014844 3352492 2027884
1785433451827 1014844 3352492 2027884
1785433451861 1014844 3352492 2027884
1785433451894 1014844 3352492 2027884
1785433451929 941244 3352492 2027884
1785433451963 947260 3352492 2027884
1785433451997 947260 3352492 2027884
1785433452030 947260 3352492 2027884
1785433452064 950332 3352492 2027884
1785433452093 965692 3352492 2027884
1785433452127 965692 3352492 2027884
1785433452162 980332 3352492 2027884
1785433452195 1005032 3352492 2027884
1785433452229 1011772 3352492 2027884
1785433452262 1011772 3352492 2027884
1785433452297 1024060 3352492 2027884
1785433452332 1024060 3352492 2027884
1785433452365 1024060 3352492 2027884
1785433452398 1024060 3352492 2027884
1785433452433 1030204 3352492 2027884
1785433452467 1030204 3352492 2027884
1785433452500 1030204 3352492 2027884
1785433452533 1030204 3352492 2027884
1785433452570 1030204 3352492 2027884
1785433452603 1030204 3352492 2027884
1785433452637 1030204 3352492 2027884
1785433452670 1030204 3352492 2027884
1785433452704 1030204 3352492 2027884
1785433452738 1030204 3352492 2027884
1785433452771 1030204 3352492 2027884
1785433452804 1030204 3352492 2027884
1785433452839 1030204 3352492 2027884
1785433452873 1030204 3352492 2027884
1785433452906 1030204 3352492 2027884
1785433452940 968892 3352492 2027884
1785433452974 974692 3352492 2027884
1785433453009 1029076 3352492 2027884
1785433453043 1043412 3352492 2027884
1785433453076 1057748 3352492 2027884
1785433453107 1072084 3352492 2027884
1785433453140 1098156 3352492 2027884
1785433453174 1098156 3352492 2027884
1785433453205 1098156 3352492 2027884
1785433453236 1122732 3352492 2027884
1785433453267 1012316 3352492 2027884
1785433453301 1012316 3352492 2027884
1785433453333 1012316 3352492 2027884
1785433453368 1012316 3352492 2027884
1785433453400 1012316 3352492 2027884
1785433453433 1012316 3352492 2027884
1785433453467 1012316 3352492 2027884
1785433453500 1025028 3352492 2027884
1785433453533 1049052 3352492 2027884
1785433453567 1049052 3352492 2027884
1785433453601 1049052 3352492 2027884
1785433453636 1049052 3352492 2027884
1785433453670 1049052 3352492 2027884
1785433453704 1049052 3352492 2027884
1785433453738 1049052 3352492 2027884
1785433453772 1049056 3352492 2027884
1785433453806 1049056 3352492 2027884
1785433453839 1049056 3352492 2027884
1785433453872 1049056 3352492 2027884
1785433453905 1049148 3352492 2027884
1785433453937 951168 3352492 2027884
1785433453967 756700 3352492 2027884
1785433453997 756700 3352492 2027884
1785433454029 756700 3352492 2027884
1785433454061 756700 3352492 2027884
1785433454094 756720 3352492 2027884
1785433454127 756720 3352492 2027884
1785433454159 756720 3352492 2027884
1785433454191 756720 3352492 2027884
1785433454225 756724 3352492 2027884
1785433454258 756724 3352492 2027884
1785433454292 756724 3352492 2027884
1785433454324 756724 3352492 2027884
1785433454358 755084 3352492 2027884
1785433454390 755192 3352492 2027884
1785433454423 755372 3352492 2027884
1785433454455 755432 3352492 2027884
1785433454487 0 0 0
1785433454511 0 0 0
# peak_kb=1857144
# hwm_kb=2027884
# frozen_ms=3464
# polled_vs_hwm_pct=84promille
