# timestamp_ms Rss_kB Anonymous_kB Filemapped_kB Shmem_kB
1785396689338 309532 305728 3804 0
1785396689508 704796 700992 3804 0
1785396689672 1141020 1137216 3804 0
1785396689837 1542428 1538624 3804 0
1785396690002 2035996 2032192 3804 0
1785396690168 2138396 2134592 3804 0
1785396690333 2650396 2646592 3804 0
1785396690499 3047708 3043904 3804 0
1785396690666 3465500 3461696 3804 0
1785396690833 3868956 3865152 3804 0
1785396691000 4198684 4194880 3804 0
1785396691162 4421916 4418112 3804 0
1785396691329 4895004 4891200 3804 0
1785396691496 5312796 5308992 3804 0
1785396691664 5701916 5698112 3804 0
1785396691831 6103324 6099520 3804 0
1785396691994 6295836 6292032 3804 0
1785396692159 6678812 6675008 3804 0
1785396692327 7112988 7109184 3804 0
1785396692495 7512348 7508544 3804 0
1785396692663 7934236 7930432 3804 0
1785396692831 8335644 8331840 3804 0
1785396692997 8392988 8389184 3804 0
1785396693044 8575260 8571456 3804 0
1785396693213 8960284 8956480 3804 0
1785396693383 9457948 9454144 3804 0
1785396693555 9765148 9761344 3804 0
1785396693727 10260764 10256960 3804 0
1785396693895 10490140 10486336 3804 0
1785396694059 10854684 10850880 3804 0
1785396694225 11245852 11242048 3804 0
1785396694395 11684124 11680320 3804 0
1785396694563 11948316 11944512 3804 0
1785396694731 12341532 12337728 3804 0
1785396694904 12587292 12583488 3804 0
1785396695075 13119772 13115968 3804 0
1785396695249 13566236 13562432 3804 0
1785396695469 14139676 14135872 3804 0
1785396695641 14549276 14545472 3804 0
1785396695806 14684444 14680640 3804 0
1785396695850 14737692 14733888 3804 0
1785396696012 15434012 15430208 3804 0
1785396696181 15911196 15907392 3804 0
1785396696353 16179484 16175680 3804 0
1785396696517 16574748 16570944 3804 0
1785396696689 16781596 16777792 3804 0
1785396696857 17406236 17402432 3804 0
1785396697032 17969436 17965632 3804 0
1785396697202 18360604 18356800 3804 0
1785396697372 18821404 18817600 3804 0
1785396697550 18958620 18954816 3804 0
1785396697596 19165468 19161664 3804 0
1785396697764 19622172 19618368 3804 0
1785396697934 20197660 20193856 3804 0
1785396698109 20748572 20744768 3804 0
1785396698285 20975900 20972096 3804 0
1785396698452 21297436 21293632 3804 0
1785396698630 21985564 21981760 3804 0
1785396698808 22440220 22436416 3804 0
1785396698987 22909212 22905408 3804 0
1785396699166 23073052 23069248 3804 0
1785396699212 23073052 23069248 3804 0
1785396699237 23073052 23069248 3804 0
1785396699262 23073052 23069248 3804 0
1785396699290 23114012 23110208 3804 0
1785396699339 23322908 23319104 3804 0
1785396699508 24021276 24017472 3804 0
1785396699682 24447260 24443456 3804 0
1785396699847 24863004 24859200 3804 0
1785396700018 25170204 25166400 3804 0
1785396700192 25170204 25166400 3804 0
1785396700220 25170204 25166400 3804 0
1785396700248 25170204 25166400 3804 0
1785396700275 25170204 25166400 3804 0
1785396700303 25170204 25166400 3804 0
1785396700330 25170204 25166400 3804 0
1785396700358 25170204 25166400 3804 0
1785396700385 25170204 25166400 3804 0
1785396700413 25170204 25166400 3804 0
1785396700440 25170204 25166400 3804 0
1785396700468 25170204 25166400 3804 0
1785396700495 25170204 25166400 3804 0
1785396700521 25170204 25166400 3804 0
1785396700549 25170204 25166400 3804 0
1785396700575 25170204 25166400 3804 0
1785396700601 25170204 25166400 3804 0
1785396700627 25170204 25166400 3804 0
1785396700653 25170204 25166400 3804 0
1785396700679 25170204 25166400 3804 0
1785396700704 25170204 25166400 3804 0
1785396700732 25170204 25166400 3804 0
1785396700758 25170204 25166400 3804 0
1785396700785 25170204 25166400 3804 0
1785396700812 25170204 25166400 3804 0
1785396700838 25170204 25166400 3804 0
1785396700864 25170204 25166400 3804 0
1785396700888 25282844 25279040 3804 0
1785396700937 25504028 25500224 3804 0
1785396701114 26177820 26174016 3804 0
1785396701289 26661148 26657344 3804 0
1785396701455 27050268 27046464 3804 0
1785396701632 27267356 27263552 3804 0
1785396701680 27267356 27263552 3804 0
1785396701705 27267356 27263552 3804 0
1785396701730 27267356 27263552 3804 0
1785396701756 27267356 27263552 3804 0
1785396701782 27306268 27302464 3804 0
1785396701830 27529500 27525696 3804 0
1785396702002 28264732 28260928 3804 0
1785396702181 28703004 28699200 3804 0
1785396702352 29149468 29145664 3804 0
1785396702528 29364508 29360704 3804 0
1785396702578 29364508 29360704 3804 0
1785396702604 29446428 29442624 3804 0
1785396702775 30181660 30177856 3804 0
1785396702956 30691612 30687808 3804 0
1785396703129 31121692 31117888 3804 0
1785396703309 31461660 31457856 3804 0
1785396703482 31818012 31814208 3804 0
1785396703663 32526620 32522816 3804 0
1785396703841 32987420 32983616 3804 0
1785396704016 33419548 33415744 3804 0
1785396704190 33558812 33555008 3804 0
1785396704233 33558812 33555008 3804 0
1785396704258 33558812 33555008 3804 0
1785396704284 33558812 33555008 3804 0
1785396704309 33583388 33579584 3804 0
1785396704357 33806620 33802816 3804 0
1785396704526 34484508 34480704 3804 0
1785396704705 34769180 34765376 3804 0
1785396704755 34990364 34986560 3804 0
1785396704928 35494172 35490368 3804 0
1785396705112 35655964 35652160 3804 0
1785396705164 35827996 35824192 3804 0
1785396705213 36047132 36043328 3804 0
1785396705390 36725020 36721216 3804 0
1785396705573 37179676 37175872 3804 0
1785396705743 37615900 37612096 3804 0
1785396705930 37753116 37749312 3804 0
1785396705978 37753116 37749312 3804 0
1785396706003 37753116 37749312 3804 0
1785396706030 37785884 37782080 3804 0
1785396706059 37908764 37904960 3804 0
1785396706113 38146332 38142528 3804 0
1785396706320 38893852 38890048 3804 0
1785396706505 39317788 39313984 3804 0
1785396706675 39745820 39742016 3804 0
1785396706858 39850268 39846464 3804 0
1785396706909 39917852 39914048 3804 0
1785396706959 40149276 40145472 3804 0
1785396707011 40372508 40368704 3804 0
1785396707188 40677660 40673856 3804 0
1785396707251 40677660 40673856 3804 0
1785396707278 40677660 40673856 3804 0
1785396707306 40728860 40725056 3804 0
1785396707358 40962332 40958528 3804 0
1785396707536 41568540 41564736 3804 0
1785396707716 41947420 41943616 3804 0
1785396707763 41947420 41943616 3804 0
1785396707789 41947420 41943616 3804 0
1785396707815 41947420 41943616 3804 0
1785396707842 42033436 42029632 3804 0
1785396708017 42801436 42797632 3804 0
1785396708192 43579676 43575872 3804 0
1785396708360 44044572 44040768 3804 0
1785396708533 44423452 44419648 3804 0
1785396708582 44644636 44640832 3804 0
1785396708750 45406492 45402688 3804 0
1785396708924 46141724 46137920 3804 0
1785396709094 46870812 46867008 3804 0
1785396709285 47759644 47755840 3804 0
1785396709468 48582940 48579136 3804 0
1785396709644 49406236 49402432 3804 0
1785396709826 50225436 50221632 3804 0
1785396710002 51046684 51042880 3804 0
1785396710176 51845404 51841600 3804 0
1785396710367 52699420 52695616 3804 0
1785396710543 53526812 53523008 3804 0
1785396710736 54384924 54381120 3804 0
1785396710917 54434840 54430856 3984 0
1785396710973 54434840 54430856 3984 0
1785396711005 54434840 54430856 3984 0
1785396711035 54434840 54430856 3984 0
1785396711067 54434840 54430856 3984 0
1785396711098 54434840 54430856 3984 0
1785396711129 54434840 54430856 3984 0
1785396711159 54434840 54430856 3984 0
1785396711190 54434840 54430856 3984 0
1785396711220 54434840 54430856 3984 0
1785396711251 54434840 54430856 3984 0
1785396711281 54434840 54430856 3984 0
1785396711312 54434840 54430856 3984 0
1785396711343 54434840 54430856 3984 0
1785396711372 54434840 54430856 3984 0
1785396711402 54434840 54430856 3984 0
1785396711432 54434840 54430856 3984 0
1785396711462 54434840 54430856 3984 0
1785396711493 54434840 54430856 3984 0
1785396711523 54434840 54430856 3984 0
1785396711554 54434840 54430856 3984 0
1785396711584 54434840 54430856 3984 0
1785396711615 54434840 54430856 3984 0
1785396711646 54434840 54430856 3984 0
1785396711676 54434840 54430856 3984 0
1785396711706 54434840 54430856 3984 0
1785396711737 54434840 54430856 3984 0
1785396711765 54460180 54456104 4076 0
1785396711825 54491844 54487768 4076 0
1785396711880 54491844 54487768 4076 0
1785396711910 54491844 54487768 4076 0
1785396711941 54491844 54487768 4076 0
1785396711970 54575528 54571912 3616 0
1785396712037 54606116 54601984 4132 0
1785396712100 54606116 54601984 4132 0
1785396712129 54572192 54568048 4144 0
1785396712159 54572192 54568048 4144 0
1785396712190 54610724 54606576 4148 0
1785396712254 54610724 54606576 4148 0
1785396712314 54615332 54611184 4148 0
1785396712376 54615336 54611184 4152 0
1785396712407 54562592 54558976 3616 0
1785396712438 54614592 54610976 3616 0
1785396712469 54668396 54664932 3464 0
1785396712538 54722304 54718688 3616 0
1785396712614 54773792 54770176 3616 0
1785396712692 2244 600 1644 0
1785396712757 54844540 54840312 4228 0
1785396712836 54890188 54885960 4228 0
1785396712916 3428 612 2816 0
1785396713122 3428 676 2752 0
1785396713190 55067956 55063724 4232 0
1785396713283 55135720 55131488 4232 0
1785396713373 55187584 55183968 3616 0
1785396713471 55236228 55231952 4276 0
1785396713571 55236228 55231952 4276 0
1785396713619 55236092 55231816 4276 0
1785396713670 55244004 55239648 4356 0
1785396713769 55271264 55264172 7092 0
1785396713867 55271264 55264172 7092 0
1785396713917 55271264 55264172 7092 0
1785396713966 55271264 55264172 7092 0
1785396714016 55271264 55264172 7092 0
1785396714064 55271264 55264172 7092 0
1785396714113 55271264 55264172 7092 0
1785396714163 55271264 55264172 7092 0
1785396714212 55273312 55266220 7092 0
1785396714262 55273312 55266220 7092 0
1785396714359 55273312 55266220 7092 0
1785396714407 55275360 55268268 7092 0
1785396714458 55275360 55268268 7092 0
1785396714553 55275360 55268268 7092 0
1785396714602 55275360 55268268 7092 0
1785396714650 55275360 55268268 7092 0
1785396714700 55277408 55270316 7092 0
1785396714792 55277408 55270316 7092 0
1785396714834 55277408 55270316 7092 0
1785396714876 55277408 55270316 7092 0
1785396714916 55277408 55270316 7092 0
1785396714959 55277408 55270316 7092 0
1785396715009 55277408 55270316 7092 0
1785396715056 55277480 55270388 7092 0
1785396715156 55277852 55270760 7092 0
1785396715206 55277852 55270760 7092 0
1785396715305 55278512 55271420 7092 0
1785396715406 55279024 55271932 7092 0
1785396715505 55279196 55272104 7092 0
1785396715606 55279452 55272360 7092 0
1785396715708 55279552 55272460 7092 0
1785396715936 55279552 55272460 7092 0
1785396715984 55279552 55272460 7092 0
1785396716027 55279552 55272460 7092 0
1785396716066 55279552 55272460 7092 0
1785396716107 55279552 55272460 7092 0
1785396716148 55279552 55272460 7092 0
1785396716190 55279552 55272460 7092 0
1785396716230 55279552 55272460 7092 0
1785396716269 55279552 55272460 7092 0
1785396716310 55279552 55272460 7092 0
1785396716351 55279552 55272460 7092 0
1785396716391 55279552 55272460 7092 0
1785396716433 55279552 55272460 7092 0
1785396716473 55279552 55272460 7092 0
1785396716513 55279552 55272460 7092 0
1785396716554 55279552 55272460 7092 0
1785396716592 55279552 55272460 7092 0
1785396716633 55279552 55272460 7092 0
1785396716673 55279552 55272460 7092 0
1785396716713 55279552 55272460 7092 0
1785396716754 55279552 55272460 7092 0
1785396716794 55279552 55272460 7092 0
1785396716834 55279552 55272460 7092 0
1785396716873 55279552 55272460 7092 0
1785396716914 55279552 55272460 7092 0
1785396716954 55279552 55272460 7092 0
1785396716997 55279552 55272460 7092 0
1785396717038 55279552 55272460 7092 0
1785396717078 55279552 55272460 7092 0
1785396717118 55279552 55272460 7092 0
1785396717160 55279552 55272460 7092 0
1785396717200 55279552 55272460 7092 0
1785396717241 55279552 55272460 7092 0
1785396717281 55279552 55272460 7092 0
1785396717321 55279552 55272460 7092 0
1785396717361 55279552 55272460 7092 0
1785396717401 55279552 55272460 7092 0
1785396717443 55279552 55272460 7092 0
1785396717484 55279552 55272460 7092 0
1785396717524 55279552 55272460 7092 0
1785396717563 55279552 55272460 7092 0
1785396717606 55279552 55272460 7092 0
1785396717646 55279552 55272460 7092 0
1785396717685 55279552 55272460 7092 0
1785396717725 55279552 55272460 7092 0
1785396717766 55279552 55272460 7092 0
1785396717804 55279552 55272460 7092 0
1785396717846 55279552 55272460 7092 0
1785396717886 55279552 55272460 7092 0
1785396717927 55279552 55272460 7092 0
1785396717966 55279552 55272460 7092 0
1785396718008 55279552 55272460 7092 0
1785396718054 55279552 55272460 7092 0
1785396718094 55279552 55272460 7092 0
1785396718135 55279552 55272460 7092 0
1785396718177 55279552 55272460 7092 0
1785396718219 55279552 55272460 7092 0
1785396718258 55279552 55272460 7092 0
1785396718297 55279552 55272460 7092 0
1785396718340 54528660 54524152 4508 0
1785396718557 55409272 55402180 7092 0
1785396718648 55408696 55402228 6468 0
1785396718700 55441048 55438464 2584 0
1785396718792 55445768 55438676 7092 0
1785396718882 55481676 55474584 7092 0
1785396718978 55557296 55550204 7092 0
1785396719073 55557296 55550204 7092 0
1785396719123 55557296 55550204 7092 0
1785396719170 55557296 55550204 7092 0
1785396719217 55557296 55550204 7092 0
1785396719266 55557296 55550204 7092 0
1785396719312 55557684 55550592 7092 0
1785396719411 55517576 55510484 7092 0
1785396719459 55517440 55510348 7092 0
1785396719508 55480708 55473616 7092 0
1785396719557 55480708 55473616 7092 0
1785396719606 55480708 55473616 7092 0
1785396719656 55480708 55473616 7092 0
1785396719704 55480708 55473616 7092 0
1785396719754 55480708 55473616 7092 0
1785396719802 55480708 55473616 7092 0
1785396719851 55480708 55473616 7092 0
1785396719899 55480708 55473616 7092 0
1785396719945 55480708 55473616 7092 0
1785396719994 55480708 55473616 7092 0
1785396720040 55480708 55473616 7092 0
1785396720088 55480708 55473616 7092 0
1785396720135 55490108 55487524 2584 0
1785396720183 55537648 55530556 7092 0
1785396720233 55577724 55570632 7092 0
1785396720283 55590156 55583064 7092 0
1785396720377 55590156 55583064 7092 0
1785396720426 55590156 55583064 7092 0
1785396720474 55590020 55582928 7092 0
1785396720524 55618948 55611856 7092 0
1785396720619 55618948 55611856 7092 0
1785396720670 55618948 55611856 7092 0
1785396720721 55618948 55611856 7092 0
1785396720770 55618948 55611856 7092 0
1785396720819 55618948 55611856 7092 0
1785396720870 55618948 55611856 7092 0
1785396720921 55618948 55611856 7092 0
1785396720972 55618948 55611856 7092 0
1785396721023 55618948 55611856 7092 0
1785396721073 55618948 55611856 7092 0
1785396721124 55618948 55611856 7092 0
1785396721174 55618948 55611856 7092 0
1785396721225 55618948 55611856 7092 0
1785396721276 55618948 55611856 7092 0
1785396721328 55618948 55611856 7092 0
1785396721379 55618948 55611856 7092 0
1785396721429 55618948 55611856 7092 0
1785396721478 55618948 55611856 7092 0
1785396721527 55618948 55611856 7092 0
1785396721576 55620996 55613904 7092 0
1785396721809 55565684 55558592 7092 0
1785396721857 55565684 55558592 7092 0
1785396721908 55565684 55558592 7092 0
1785396721956 55565684 55558592 7092 0
1785396722005 55565684 55558592 7092 0
1785396722056 55565684 55558592 7092 0
1785396722106 55565684 55558592 7092 0
1785396722155 55565684 55558592 7092 0
1785396722203 55565684 55558592 7092 0
1785396722252 55565684 55558592 7092 0
1785396722301 55565684 55558592 7092 0
1785396722351 55565684 55558592 7092 0
1785396722401 55565684 55558592 7092 0
1785396722448 55565684 55558592 7092 0
1785396722497 55565684 55558592 7092 0
1785396722548 55565684 55558592 7092 0
1785396722597 55565684 55558592 7092 0
1785396722650 55565684 55558592 7092 0
1785396722699 55565684 55558592 7092 0
1785396722750 55506292 55499200 7092 0
1785396722798 55506292 55499200 7092 0
1785396722846 55506292 55499200 7092 0
1785396722894 55506292 55499200 7092 0
1785396722942 55506292 55499200 7092 0
1785396722992 55506292 55499200 7092 0
1785396723042 55506292 55499200 7092 0
1785396723092 55506292 55499200 7092 0
1785396723141 55506292 55499200 7092 0
1785396723190 55506292 55499200 7092 0
1785396723241 55506292 55499200 7092 0
1785396723289 55506292 55499200 7092 0
1785396723340 55506292 55499200 7092 0
1785396723388 55506292 55499200 7092 0
1785396723437 55506292 55499200 7092 0
1785396723485 55506292 55499200 7092 0
1785396723534 55506292 55499200 7092 0
1785396723583 55506292 55499200 7092 0
1785396723632 55506292 55499200 7092 0
1785396723682 55506292 55499200 7092 0
1785396723730 55506292 55499200 7092 0
1785396723780 55506292 55499200 7092 0
1785396723828 55506292 55499200 7092 0
1785396723877 55506292 55499200 7092 0
1785396723925 55506292 55499200 7092 0
1785396723974 55506292 55499200 7092 0
1785396724024 55506292 55499200 7092 0
1785396724072 55506292 55499200 7092 0
1785396724122 55506292 55499200 7092 0
1785396724170 55506292 55499200 7092 0
1785396724219 55506292 55499200 7092 0
1785396724267 55506292 55499200 7092 0
1785396724317 55506292 55499200 7092 0
1785396724365 55506292 55499200 7092 0
1785396724414 55506292 55499200 7092 0
1785396724463 55506292 55499200 7092 0
1785396724512 55506292 55499200 7092 0
1785396724562 55506292 55499200 7092 0
1785396724609 55506292 55499200 7092 0
1785396724658 55506292 55499200 7092 0
1785396724707 55506292 55499200 7092 0
1785396724753 55506292 55499200 7092 0
1785396724802 55506292 55499200 7092 0
1785396724851 55506292 55499200 7092 0
1785396724900 55506292 55499200 7092 0
1785396724947 55506292 55499200 7092 0
1785396724994 55506292 55499200 7092 0
1785396725042 55506292 55499200 7092 0
1785396725091 55506292 55499200 7092 0
1785396725140 55506292 55499200 7092 0
1785396725188 55506292 55499200 7092 0
1785396725236 55506292 55499200 7092 0
1785396725285 55506292 55499200 7092 0
1785396725332 55506292 55499200 7092 0
1785396725380 55506292 55499200 7092 0
1785396725428 55506292 55499200 7092 0
1785396725476 55506292 55499200 7092 0
1785396725525 55506292 55499200 7092 0
1785396725573 55506292 55499200 7092 0
1785396725622 55506292 55499200 7092 0
1785396725671 55506292 55499200 7092 0
1785396725719 55506292 55499200 7092 0
1785396725766 55506292 55499200 7092 0
1785396725816 55506292 55499200 7092 0
1785396725867 55506292 55499200 7092 0
1785396725916 55506292 55499200 7092 0
1785396725964 55506292 55499200 7092 0
1785396726014 55506292 55499200 7092 0
1785396726064 55506292 55499200 7092 0
1785396726111 55506292 55499200 7092 0
1785396726160 55506292 55499200 7092 0
1785396726208 55506292 55499200 7092 0
1785396726256 55506292 55499200 7092 0
1785396726305 55506292 55499200 7092 0
1785396726353 55504784 55501944 2840 0
1785396726403 55573756 55566664 7092 0
1785396726452 55573756 55566664 7092 0
1785396726500 55573756 55566664 7092 0
1785396726549 55573756 55566664 7092 0
1785396726597 55595252 55588160 7092 0
1785396726647 55595252 55588160 7092 0
1785396726695 55595252 55588160 7092 0
1785396726745 55595252 55588160 7092 0
1785396726796 55595252 55588160 7092 0
1785396726848 55595252 55588160 7092 0
1785396726899 55595252 55588160 7092 0
1785396726951 55595252 55588160 7092 0
1785396727001 55595252 55588160 7092 0
1785396727052 55595252 55588160 7092 0
1785396727101 55595252 55588160 7092 0
1785396727149 55595252 55588160 7092 0
1785396727199 55595252 55588160 7092 0
1785396727249 55595252 55588160 7092 0
1785396727298 55595252 55588160 7092 0
1785396727347 55601404 55594312 7092 0
1785396727397 55601404 55594312 7092 0
1785396727446 55601404 55594312 7092 0
1785396727496 55601404 55594312 7092 0
1785396727545 55601404 55594312 7092 0
1785396727595 55622900 55615808 7092 0
1785396727843 55622900 55615808 7092 0
1785396727895 55622900 55615808 7092 0
1785396727946 55622900 55615808 7092 0
1785396727999 55622900 55615808 7092 0
1785396728052 55622900 55615808 7092 0
1785396728103 55622900 55615808 7092 0
1785396728156 55622900 55615808 7092 0
1785396728208 55622900 55615808 7092 0
1785396728257 55622900 55615808 7092 0
1785396728307 55622900 55615808 7092 0
1785396728357 55622900 55615808 7092 0
1785396728410 55622900 55615808 7092 0
1785396728461 55622900 55615808 7092 0
1785396728513 55622900 55615808 7092 0
1785396728565 55622900 55615808 7092 0
1785396728616 55622900 55615808 7092 0
1785396728665 55622900 55615808 7092 0
1785396728715 55622900 55615808 7092 0
1785396728764 55622900 55615808 7092 0
1785396728816 55545788 55542276 3512 0
1785396728865 55549412 55542320 7092 0
1785396728916 55549412 55542320 7092 0
1785396728963 55549412 55542320 7092 0
1785396729011 55549412 55542320 7092 0
1785396729060 55549412 55542320 7092 0
1785396729111 55549412 55542320 7092 0
1785396729158 55549412 55542320 7092 0
1785396729207 55549412 55542320 7092 0
1785396729258 55549412 55542320 7092 0
1785396729308 55549412 55542320 7092 0
1785396729355 55549412 55542320 7092 0
1785396729404 55549412 55542320 7092 0
1785396729454 55549412 55542320 7092 0
1785396729502 55549412 55542320 7092 0
1785396729551 55549412 55542320 7092 0
1785396729600 55549412 55542320 7092 0
1785396729648 55549412 55542320 7092 0
1785396729696 55549412 55542320 7092 0
1785396729745 55549412 55542320 7092 0
1785396729796 55549412 55542320 7092 0
1785396729846 55549412 55542320 7092 0
1785396729896 55549412 55542320 7092 0
1785396729946 55333028 55329516 3512 0
1785396729989 55336652 55329560 7092 0
1785396730031 55336652 55329560 7092 0
1785396730073 55336652 55329560 7092 0
1785396730116 55336652 55329560 7092 0
1785396730158 55336652 55329560 7092 0
1785396730203 55336652 55329560 7092 0
1785396730248 55336652 55329560 7092 0
1785396730290 55336652 55329560 7092 0
1785396730334 55336652 55329560 7092 0
1785396730377 55336652 55329560 7092 0
1785396730421 55336652 55329560 7092 0
1785396730465 55336652 55329560 7092 0
1785396730508 55336652 55329560 7092 0
1785396730552 55336652 55329560 7092 0
1785396730595 55336652 55329560 7092 0
1785396730637 55336652 55329560 7092 0
1785396730680 55336652 55329560 7092 0
1785396730724 55336652 55329560 7092 0
1785396730767 55336652 55329560 7092 0
1785396730812 55336652 55329560 7092 0
1785396730855 55336652 55329560 7092 0
1785396730898 55336652 55329560 7092 0
1785396730942 55336652 55329560 7092 0
1785396730986 55336652 55329560 7092 0
1785396731030 55336652 55329560 7092 0
1785396731072 55336652 55329560 7092 0
1785396731116 55336652 55329560 7092 0
1785396731160 55336652 55329560 7092 0
1785396731203 55336652 55329560 7092 0
1785396731246 55336652 55329560 7092 0
1785396731292 55336652 55329560 7092 0
1785396731334 55336652 55329560 7092 0
1785396731378 55336652 55329560 7092 0
1785396731421 55336652 55329560 7092 0
1785396731463 55336652 55329560 7092 0
1785396731507 55336652 55329560 7092 0
1785396731549 55336652 55329560 7092 0
1785396731593 55336652 55329560 7092 0
1785396731636 55336652 55329560 7092 0
1785396731680 55336652 55329560 7092 0
1785396731724 55336652 55329560 7092 0
1785396731768 55336652 55329560 7092 0
1785396731811 55336652 55329560 7092 0
1785396731855 55336652 55329560 7092 0
1785396731900 55336652 55329560 7092 0
1785396731943 55336652 55329560 7092 0
1785396731985 55336652 55329560 7092 0
1785396732029 55336652 55329560 7092 0
1785396732072 55336652 55329560 7092 0
1785396732115 55336652 55329560 7092 0
1785396732158 55336652 55329560 7092 0
1785396732203 55336652 55329560 7092 0
1785396732246 55336652 55329560 7092 0
1785396732291 55336652 55329560 7092 0
1785396732334 55336652 55329560 7092 0
1785396732377 55336652 55329560 7092 0
1785396732420 55336652 55329560 7092 0
1785396732465 55336652 55329560 7092 0
1785396732509 55336652 55329560 7092 0
1785396732552 55336652 55329560 7092 0
1785396732596 55336652 55329560 7092 0
1785396732640 55336652 55329560 7092 0
1785396732683 55336652 55329560 7092 0
1785396732728 55336652 55329560 7092 0
1785396732771 55336652 55329560 7092 0
1785396732816 55336652 55329560 7092 0
1785396732859 55336652 55329560 7092 0
1785396732904 55336652 55329560 7092 0
1785396732955 55336652 55329560 7092 0
1785396733005 55336652 55329560 7092 0
1785396733056 55336652 55329560 7092 0
1785396733107 55336652 55329560 7092 0
1785396733158 55336652 55329560 7092 0
1785396733210 55336652 55329560 7092 0
1785396733260 55336652 55329560 7092 0
1785396733309 55336652 55329560 7092 0
1785396733359 55336652 55329560 7092 0
1785396733409 55336652 55329560 7092 0
1785396733459 55372432 55365340 7092 0
1785396733508 54501636 54498672 2964 0
1785396733538 55444808 55441888 2920 0
1785396733591 55483380 55480052 3328 0
1785396733644 55560920 55557304 3616 0
1785396733697 55570688 55563596 7092 0
1785396733750 55570688 55563596 7092 0
1785396733803 55570688 55563596 7092 0
1785396733858 55567492 55564112 3380 0
1785396733909 55593336 55586244 7092 0
1785396733958 55593336 55586244 7092 0
1785396734006 55556468 55549376 7092 0
1785396734055 55556468 55549376 7092 0
1785396734105 55556468 55549376 7092 0
1785396734154 55556468 55549376 7092 0
1785396734204 55556468 55549376 7092 0
1785396734255 55556468 55549376 7092 0
1785396734305 55556468 55549376 7092 0
1785396734355 55556468 55549376 7092 0
1785396734407 55556468 55549376 7092 0
1785396734454 55556468 55549376 7092 0
1785396734503 55556468 55549376 7092 0
1785396734551 55556468 55549376 7092 0
1785396734600 55556332 55549240 7092 0
1785396734651 55599484 55592392 7092 0
1785396734702 55599484 55592392 7092 0
1785396734752 55599484 55592392 7092 0
1785396734805 55599484 55592392 7092 0
1785396734859 55621364 55614272 7092 0
1785396734910 55621364 55614272 7092 0
1785396734962 55621364 55614272 7092 0
1785396735018 55621364 55614272 7092 0
1785396735074 55621364 55614272 7092 0
1785396735127 55621364 55614272 7092 0
1785396735181 55621364 55614272 7092 0
1785396735235 55621364 55614272 7092 0
1785396735289 55621364 55614272 7092 0
1785396735343 55621364 55614272 7092 0
1785396735397 55621364 55614272 7092 0
1785396735448 55621364 55614272 7092 0
1785396735499 55621364 55614272 7092 0
1785396735552 55621364 55614272 7092 0
1785396735607 55621364 55614272 7092 0
1785396735663 55621364 55614272 7092 0
1785396735717 55621364 55614272 7092 0
1785396735770 55621364 55614272 7092 0
1785396735825 55621364 55614272 7092 0
1785396735879 55621364 55614272 7092 0
1785396735932 55621364 55614272 7092 0
1785396735986 55621364 55614272 7092 0
1785396736039 55621364 55614272 7092 0
1785396736093 55621364 55614272 7092 0
1785396736149 55486516 55479424 7092 0
1785396736201 55486516 55479424 7092 0
1785396736252 55486516 55479424 7092 0
1785396736306 55486516 55479424 7092 0
1785396736358 55486516 55479424 7092 0
1785396736411 55486516 55479424 7092 0
1785396736464 55486516 55479424 7092 0
1785396736515 55486516 55479424 7092 0
1785396736568 55486516 55479424 7092 0
1785396736620 55486516 55479424 7092 0
1785396736670 55486516 55479424 7092 0
1785396736719 55486516 55479424 7092 0
1785396736768 55486516 55479424 7092 0
1785396736817 55486516 55479424 7092 0
1785396736869 55486516 55479424 7092 0
1785396736918 55486516 55479424 7092 0
1785396736967 55486516 55479424 7092 0
1785396737017 55486516 55479424 7092 0
1785396737067 55486516 55479424 7092 0
1785396737117 55486516 55479424 7092 0
1785396737167 55486516 55479424 7092 0
1785396737218 55486380 55479288 7092 0
1785396737268 55188984 55181892 7092 0
1785396737310 55188984 55181892 7092 0
1785396737351 55188984 55181892 7092 0
1785396737390 55188984 55181892 7092 0
1785396737433 55188984 55181892 7092 0
1785396737472 55188984 55181892 7092 0
1785396737512 55188984 55181892 7092 0
1785396737552 55188984 55181892 7092 0
1785396737591 55188984 55181892 7092 0
1785396737629 55188984 55181892 7092 0
1785396737670 55188984 55181892 7092 0
1785396737708 55188984 55181892 7092 0
1785396737750 55188984 55181892 7092 0
1785396737792 55188984 55181892 7092 0
1785396737831 55188984 55181892 7092 0
1785396737872 55188984 55181892 7092 0
1785396737914 55188984 55181892 7092 0
1785396737952 55188984 55181892 7092 0
1785396737992 55188984 55181892 7092 0
1785396738033 55188984 55181892 7092 0
1785396738074 55188984 55181892 7092 0
1785396738113 55188984 55181892 7092 0
1785396738151 55188984 55181892 7092 0
1785396738192 55188984 55181892 7092 0
1785396738232 55188984 55181892 7092 0
1785396738273 55188984 55181892 7092 0
1785396738313 55188984 55181892 7092 0
1785396738353 55188984 55181892 7092 0
1785396738393 55188984 55181892 7092 0
1785396738435 55188984 55181892 7092 0
1785396738475 55188984 55181892 7092 0
1785396738515 55188984 55181892 7092 0
1785396738555 55188984 55181892 7092 0
1785396738595 55188984 55181892 7092 0
1785396738636 55188984 55181892 7092 0
1785396738675 55188984 55181892 7092 0
1785396738714 55188984 55181892 7092 0
1785396738757 55188984 55181892 7092 0
1785396738799 55188984 55181892 7092 0
1785396738841 55188984 55181892 7092 0
1785396738881 55188984 55181892 7092 0
1785396738922 55188984 55181892 7092 0
1785396738962 55188984 55181892 7092 0
1785396739003 55188984 55181892 7092 0
1785396739043 55188984 55181892 7092 0
1785396739084 55188984 55181892 7092 0
1785396739124 55188984 55181892 7092 0
1785396739163 55188984 55181892 7092 0
1785396739204 55188984 55181892 7092 0
1785396739245 55188984 55181892 7092 0
1785396739285 55188984 55181892 7092 0
1785396739327 55188984 55181892 7092 0
1785396739369 55188984 55181892 7092 0
1785396739410 55188984 55181892 7092 0
1785396739449 55188984 55181892 7092 0
1785396739491 55188984 55181892 7092 0
1785396739532 55188984 55181892 7092 0
1785396739574 55188984 55181892 7092 0
1785396739620 55188984 55181892 7092 0
1785396739663 55188984 55181892 7092 0
1785396739706 55188984 55181892 7092 0
1785396739750 55188984 55181892 7092 0
1785396739792 55188984 55181892 7092 0
1785396739833 55188984 55181892 7092 0
1785396739875 55188984 55181892 7092 0
1785396739920 55188984 55181892 7092 0
1785396739964 55188984 55181892 7092 0
1785396740006 55188984 55181892 7092 0
1785396740051 55188984 55181892 7092 0
1785396740094 55188984 55181892 7092 0
1785396740138 55188984 55181892 7092 0
1785396740180 55188984 55181892 7092 0
1785396740225 55188984 55181892 7092 0
1785396740268 55188984 55181892 7092 0
1785396740311 55188984 55181892 7092 0
1785396740355 55188984 55181892 7092 0
1785396740396 55188984 55181892 7092 0
1785396740439 55188984 55181892 7092 0
1785396740482 55188984 55181892 7092 0
1785396740526 55188984 55181892 7092 0
1785396740567 55188984 55181892 7092 0
1785396740610 55188984 55181892 7092 0
1785396740653 55188984 55181892 7092 0
1785396740696 55188984 55181892 7092 0
1785396740740 55188984 55181892 7092 0
1785396740784 55188984 55181892 7092 0
1785396740829 55188984 55181892 7092 0
1785396740873 55178608 55175688 2920 0
1785396740921 34900 30392 4508 0
1785396740945 864788 858176 6612 0
1785396740989 55368092 55364476 3616 0
1785396741039 55406108 55402492 3616 0
1785396741092 977008 972420 4588 0
1785396741141 55483144 55480560 2584 0
1785396741195 55553668 55551084 2584 0
1785396741250 55570688 55563596 7092 0
1785396741307 55570688 55563596 7092 0
1785396741364 55570552 55563460 7092 0
1785396741421 55593336 55586244 7092 0
1785396741477 55593200 55586108 7092 0
1785396741533 55556468 55549376 7092 0
1785396741590 55556468 55549376 7092 0
1785396741645 55556468 55549376 7092 0
1785396741704 55556468 55549376 7092 0
1785396741759 55556468 55549376 7092 0
1785396741816 55556468 55549376 7092 0
1785396741871 55556468 55549376 7092 0
1785396741927 55556468 55549376 7092 0
1785396741983 55556468 55549376 7092 0
1785396742038 55556332 55549240 7092 0
1785396742095 55599484 55592392 7092 0
1785396742150 55599484 55592392 7092 0
1785396742205 55599484 55592392 7092 0
1785396742260 55599484 55592392 7092 0
1785396742316 55607692 55604860 2832 0
1785396742372 55621364 55614272 7092 0
1785396742429 55621364 55614272 7092 0
1785396742486 55621364 55614272 7092 0
1785396742542 55621364 55614272 7092 0
1785396742600 55621364 55614272 7092 0
1785396742657 55621364 55614272 7092 0
1785396742714 55621364 55614272 7092 0
1785396742767 55621364 55614272 7092 0
1785396742822 55621364 55614272 7092 0
1785396742880 55621364 55614272 7092 0
1785396742937 55621364 55614272 7092 0
1785396742997 55621364 55614272 7092 0
1785396743055 55621364 55614272 7092 0
1785396743113 55621364 55614272 7092 0
1785396743169 55621364 55614272 7092 0
1785396743225 55621364 55614272 7092 0
1785396743283 55621364 55614272 7092 0
1785396743339 55621364 55614272 7092 0
1785396743397 55621364 55614272 7092 0
1785396743454 55621364 55614272 7092 0
1785396743509 55621364 55614272 7092 0
1785396743563 55621364 55614272 7092 0
1785396743619 55621364 55614272 7092 0
1785396743677 55621364 55614272 7092 0
1785396743734 55621364 55614272 7092 0
1785396743792 55621364 55614272 7092 0
1785396743848 55621364 55614272 7092 0
1785396743904 55621364 55614272 7092 0
1785396743958 55621364 55614272 7092 0
1785396744013 55621364 55614272 7092 0
1785396744067 55621364 55614272 7092 0
1785396744124 55621364 55614272 7092 0
1785396744181 55621364 55614272 7092 0
1785396744235 55621364 55614272 7092 0
1785396744290 55621364 55614272 7092 0
1785396744346 55621364 55614272 7092 0
1785396744403 55466580 55459488 7092 0
1785396744458 55466580 55459488 7092 0
1785396744512 55466444 55459352 7092 0
1785396744565 55188984 55181892 7092 0
1785396744611 55188984 55181892 7092 0
1785396744657 55188984 55181892 7092 0
1785396744700 55188984 55181892 7092 0
1785396744744 55188984 55181892 7092 0
1785396744789 55188984 55181892 7092 0
1785396744833 55188984 55181892 7092 0
1785396744878 55188984 55181892 7092 0
1785396744920 55188984 55181892 7092 0
1785396744963 55188984 55181892 7092 0
1785396745005 55188984 55181892 7092 0
1785396745047 55188984 55181892 7092 0
1785396745092 55188984 55181892 7092 0
1785396745138 55188984 55181892 7092 0
1785396745180 55188984 55181892 7092 0
1785396745223 55188984 55181892 7092 0
1785396745267 55188984 55181892 7092 0
1785396745313 55188984 55181892 7092 0
1785396745357 55188984 55181892 7092 0
1785396745401 55188984 55181892 7092 0
1785396745446 55188984 55181892 7092 0
1785396745492 55188984 55181892 7092 0
1785396745538 55188984 55181892 7092 0
1785396745583 55188984 55181892 7092 0
1785396745627 55188984 55181892 7092 0
1785396745672 55188984 55181892 7092 0
1785396745718 55188984 55181892 7092 0
1785396745763 55188984 55181892 7092 0
1785396745809 55188984 55181892 7092 0
1785396745853 55188984 55181892 7092 0
1785396745899 55188984 55181892 7092 0
1785396745944 55188984 55181892 7092 0
1785396745988 55188984 55181892 7092 0
1785396746032 55188984 55181892 7092 0
1785396746078 55188984 55181892 7092 0
1785396746120 55188984 55181892 7092 0
1785396746166 55188984 55181892 7092 0
1785396746209 55188984 55181892 7092 0
1785396746256 55188984 55181892 7092 0
1785396746302 55188984 55181892 7092 0
1785396746346 55188984 55181892 7092 0
1785396746393 55188984 55181892 7092 0
1785396746440 55188984 55181892 7092 0
1785396746484 55188984 55181892 7092 0
1785396746531 55188984 55181892 7092 0
1785396746576 55188984 55181892 7092 0
1785396746619 55188984 55181892 7092 0
1785396746665 55188984 55181892 7092 0
1785396746711 55188984 55181892 7092 0
1785396746758 55188984 55181892 7092 0
1785396746803 55188984 55181892 7092 0
1785396746849 55188984 55181892 7092 0
1785396746893 55188984 55181892 7092 0
1785396746940 55188984 55181892 7092 0
1785396746985 55188984 55181892 7092 0
1785396747031 55188984 55181892 7092 0
1785396747076 55188984 55181892 7092 0
1785396747121 55188984 55181892 7092 0
1785396747169 55188984 55181892 7092 0
1785396747216 55188984 55181892 7092 0
1785396747262 55188984 55181892 7092 0
1785396747308 55188984 55181892 7092 0
1785396747353 55188984 55181892 7092 0
1785396747397 55188984 55181892 7092 0
1785396747443 55188984 55181892 7092 0
1785396747487 55188984 55181892 7092 0
1785396747532 55188984 55181892 7092 0
1785396747578 55188984 55181892 7092 0
1785396747623 55188984 55181892 7092 0
1785396747668 55188984 55181892 7092 0
1785396747715 55188984 55181892 7092 0
1785396747756 55205776 55203192 2584 0
1785396747802 55222068 55218988 3080 0
1785396747850 55295256 55291744 3512 0
1785396747900 897280 892692 4588 0
1785396747946 55373120 55369460 3660 0
1785396747998 36896 30408 6488 0
1785396748022 1014364 1008668 5696 0
1785396748070 55561264 55557304 3960 0
1785396748123 55570688 55563596 7092 0
1785396748178 55570688 55563596 7092 0
1785396748234 55570688 55563596 7092 0
1785396748289 55579396 55576812 2584 0
1785396748345 55593336 55586244 7092 0
1785396748400 55593200 55586108 7092 0
1785396748456 55556468 55549376 7092 0
1785396748511 55556468 55549376 7092 0
1785396748569 55556468 55549376 7092 0
1785396748626 55556468 55549376 7092 0
1785396748682 55556468 55549376 7092 0
1785396748737 55556468 55549376 7092 0
1785396748793 55556468 55549376 7092 0
1785396748848 55556468 55549376 7092 0
1785396748902 55556468 55549376 7092 0
1785396748955 55556468 55549376 7092 0
1785396749010 55599484 55592392 7092 0
1785396749067 55599484 55592392 7092 0
1785396749123 55599484 55592392 7092 0
1785396749179 55599348 55592256 7092 0
1785396749236 55621368 55614276 7092 0
1785396749290 55621368 55614276 7092 0
1785396749346 55621368 55614276 7092 0
1785396749402 55621368 55614276 7092 0
1785396749459 55621368 55614276 7092 0
1785396749516 55621368 55614276 7092 0
1785396749574 55621368 55614276 7092 0
1785396749631 55621368 55614276 7092 0
1785396749689 55621368 55614276 7092 0
1785396749746 55621368 55614276 7092 0
1785396749804 55621368 55614276 7092 0
1785396749859 55621368 55614276 7092 0
1785396749918 55621368 55614276 7092 0
1785396749976 55621368 55614276 7092 0
1785396750031 55621368 55614276 7092 0
1785396750086 55621368 55614276 7092 0
1785396750143 55621368 55614276 7092 0
1785396750199 55550452 55543360 7092 0
1785396750257 55550452 55543360 7092 0
1785396750313 55550452 55543360 7092 0
1785396750367 55550452 55543360 7092 0
1785396750421 55550452 55543360 7092 0
1785396750478 55550452 55543360 7092 0
1785396750534 55550452 55543360 7092 0
1785396750589 55550452 55543360 7092 0
1785396750645 55550452 55543360 7092 0
1785396750700 55550452 55543360 7092 0
1785396750754 55550452 55543360 7092 0
1785396750809 55550452 55543360 7092 0
1785396750864 55550452 55543360 7092 0
1785396750918 55550452 55543360 7092 0
1785396750973 55550452 55543360 7092 0
1785396751027 55550452 55543360 7092 0
1785396751082 55550452 55543360 7092 0
1785396751139 55550452 55543360 7092 0
1785396751195 55550452 55543360 7092 0
1785396751253 55550452 55543360 7092 0
1785396751309 55550316 55543224 7092 0
1785396751358 55188984 55181892 7092 0
1785396751401 55188984 55181892 7092 0
1785396751448 55188984 55181892 7092 0
1785396751495 55188984 55181892 7092 0
1785396751541 55188984 55181892 7092 0
1785396751587 55188984 55181892 7092 0
1785396751632 55188984 55181892 7092 0
1785396751676 55188984 55181892 7092 0
1785396751723 55188984 55181892 7092 0
1785396751769 55188984 55181892 7092 0
1785396751814 55188984 55181892 7092 0
1785396751862 55188984 55181892 7092 0
1785396751908 55188984 55181892 7092 0
1785396751956 55188984 55181892 7092 0
1785396752001 55188984 55181892 7092 0
1785396752046 55188984 55181892 7092 0
1785396752091 55188984 55181892 7092 0
1785396752136 55188984 55181892 7092 0
1785396752182 55188984 55181892 7092 0
1785396752229 55188984 55181892 7092 0
1785396752277 55188984 55181892 7092 0
1785396752322 55188984 55181892 7092 0
1785396752366 55188984 55181892 7092 0
1785396752412 55188984 55181892 7092 0
1785396752458 55188984 55181892 7092 0
1785396752502 55188984 55181892 7092 0
1785396752548 55188984 55181892 7092 0
1785396752592 55188984 55181892 7092 0
1785396752635 55188984 55181892 7092 0
1785396752677 55188984 55181892 7092 0
1785396752724 55188984 55181892 7092 0
1785396752770 55188984 55181892 7092 0
1785396752813 55188984 55181892 7092 0
1785396752856 55188984 55181892 7092 0
1785396752902 55188984 55181892 7092 0
1785396752948 55188984 55181892 7092 0
1785396752991 55188984 55181892 7092 0
1785396753038 55188984 55181892 7092 0
1785396753085 55188984 55181892 7092 0
1785396753129 55188984 55181892 7092 0
1785396753172 55188984 55181892 7092 0
1785396753220 55188984 55181892 7092 0
1785396753267 55188984 55181892 7092 0
1785396753315 55188984 55181892 7092 0
1785396753359 55188984 55181892 7092 0
1785396753405 55188984 55181892 7092 0
1785396753450 55188984 55181892 7092 0
1785396753495 55188984 55181892 7092 0
1785396753541 55188984 55181892 7092 0
1785396753587 55188984 55181892 7092 0
1785396753635 55188984 55181892 7092 0
1785396753680 55188984 55181892 7092 0
1785396753727 55188984 55181892 7092 0
1785396753772 55188984 55181892 7092 0
1785396753816 55188984 55181892 7092 0
1785396753862 55188984 55181892 7092 0
1785396753909 55188984 55181892 7092 0
1785396753956 55188984 55181892 7092 0
1785396754002 55188984 55181892 7092 0
1785396754048 55188984 55181892 7092 0
1785396754095 55188984 55181892 7092 0
1785396754143 55188984 55181892 7092 0
1785396754188 55188984 55181892 7092 0
1785396754231 55188984 55181892 7092 0
1785396754279 55188984 55181892 7092 0
1785396754327 55188984 55181892 7092 0
1785396754372 55188984 55181892 7092 0
1785396754416 55188984 55181892 7092 0
1785396754460 34900 30392 4508 0
1785396754484 813068 807080 5988 0
1785396754527 34900 30392 4508 0
1785396754551 888868 884112 4756 0
1785396754594 55393304 55389688 3616 0
1785396754644 55430792 55427176 3616 0
1785396754696 55468148 55464532 3616 0
1785396754751 55529096 55526512 2584 0
1785396754806 55570692 55563600 7092 0
1785396754861 55570692 55563600 7092 0
1785396754919 55570692 55563600 7092 0
1785396754974 55579564 55576820 2744 0
1785396755030 55593340 55586248 7092 0
1785396755086 55593204 55586112 7092 0
1785396755142 55556472 55549380 7092 0
1785396755198 55556472 55549380 7092 0
1785396755255 55556472 55549380 7092 0
1785396755312 55556472 55549380 7092 0
1785396755369 55556472 55549380 7092 0
1785396755423 55556472 55549380 7092 0
1785396755478 55556472 55549380 7092 0
1785396755533 55556472 55549380 7092 0
1785396755589 55556472 55549380 7092 0
1785396755645 55599488 55592396 7092 0
1785396755701 55599488 55592396 7092 0
1785396755757 55599488 55592396 7092 0
1785396755813 55611632 55604540 7092 0
1785396755871 55620984 55613892 7092 0
1785396755931 55620984 55613892 7092 0
1785396755988 55620984 55613892 7092 0
1785396756046 55620984 55613892 7092 0
1785396756103 55620984 55613892 7092 0
1785396756160 55620984 55613892 7092 0
1785396756216 55620984 55613892 7092 0
1785396756271 55620984 55613892 7092 0
1785396756328 55620984 55613892 7092 0
1785396756386 55620984 55613892 7092 0
1785396756444 55620984 55613892 7092 0
1785396756503 55620984 55613892 7092 0
1785396756562 55620984 55613892 7092 0
1785396756620 55620984 55613892 7092 0
1785396756675 55620984 55613892 7092 0
1785396756730 55620984 55613892 7092 0
1785396756787 55620984 55613892 7092 0
1785396756845 55620984 55613892 7092 0
1785396756903 55620984 55613892 7092 0
1785396756960 55620984 55613892 7092 0
1785396757014 55620984 55613892 7092 0
1785396757070 55620984 55613892 7092 0
1785396757126 55620984 55613892 7092 0
1785396757184 55620984 55613892 7092 0
1785396757241 55620984 55613892 7092 0
1785396757296 55620984 55613892 7092 0
1785396757352 55620984 55613892 7092 0
1785396757407 55620984 55613892 7092 0
1785396757461 55620984 55613892 7092 0
1785396757519 55620984 55613892 7092 0
1785396757577 55620984 55613892 7092 0
1785396757635 55620984 55613892 7092 0
1785396757692 55620984 55613892 7092 0
1785396757750 55620984 55613892 7092 0
1785396757807 55620984 55613892 7092 0
1785396757865 55620984 55613892 7092 0
1785396757922 55616260 55613676 2584 0
1785396757980 55336652 55329560 7092 0
1785396758031 55336652 55329560 7092 0
1785396758081 55336652 55329560 7092 0
1785396758132 55336652 55329560 7092 0
1785396758183 55336652 55329560 7092 0
1785396758233 55336652 55329560 7092 0
1785396758283 55336652 55329560 7092 0
1785396758335 55336652 55329560 7092 0
1785396758387 55336652 55329560 7092 0
1785396758437 55336652 55329560 7092 0
1785396758489 55336652 55329560 7092 0
1785396758541 55336652 55329560 7092 0
1785396758591 55336652 55329560 7092 0
1785396758642 55336652 55329560 7092 0
1785396758693 55336652 55329560 7092 0
1785396758743 55336652 55329560 7092 0
1785396758794 55336652 55329560 7092 0
1785396758845 55336652 55329560 7092 0
1785396758895 55336652 55329560 7092 0
1785396758946 55336652 55329560 7092 0
1785396758998 55336652 55329560 7092 0
1785396759050 55336652 55329560 7092 0
1785396759103 55336652 55329560 7092 0
1785396759153 55336652 55329560 7092 0
1785396759205 55336652 55329560 7092 0
1785396759255 55336652 55329560 7092 0
1785396759306 55336652 55329560 7092 0
1785396759358 55336652 55329560 7092 0
1785396759408 55336652 55329560 7092 0
1785396759458 55336652 55329560 7092 0
1785396759510 55336652 55329560 7092 0
1785396759561 55336652 55329560 7092 0
1785396759612 55336652 55329560 7092 0
1785396759663 55336652 55329560 7092 0
1785396759712 55336652 55329560 7092 0
1785396759760 55336652 55329560 7092 0
1785396759812 55336652 55329560 7092 0
1785396759862 55336652 55329560 7092 0
1785396759914 55336652 55329560 7092 0
1785396759965 55336652 55329560 7092 0
1785396760016 55336652 55329560 7092 0
1785396760068 55336652 55329560 7092 0
1785396760122 55336652 55329560 7092 0
1785396760172 55336652 55329560 7092 0
1785396760224 55336652 55329560 7092 0
1785396760276 55336652 55329560 7092 0
1785396760328 55257244 55250152 7092 0
1785396760376 55257244 55250152 7092 0
1785396760425 55257244 55250152 7092 0
1785396760472 55257244 55250152 7092 0
1785396760521 55257244 55250152 7092 0
1785396760569 55257244 55250152 7092 0
1785396760618 55257244 55250152 7092 0
1785396760666 55257244 55250152 7092 0
1785396760716 55257244 55250152 7092 0
1785396760765 55257244 55250152 7092 0
1785396760814 55257244 55250152 7092 0
1785396760862 55257244 55250152 7092 0
1785396760910 55257108 55250016 7092 0
1785396760959 858260 852536 5724 0
1785396761003 34900 30392 4508 0
1785396761027 34900 30392 4508 0
1785396761050 968676 961816 6860 0
1785396761100 34900 30392 4508 0
1785396761123 55529096 55526512 2584 0
1785396761178 55570692 55563600 7092 0
1785396761233 55570692 55563600 7092 0
1785396761289 55570692 55563600 7092 0
1785396761345 55571080 55563988 7092 0
1785396761403 55571080 55563988 7092 0
1785396761459 55571080 55563988 7092 0
1785396761516 55571324 55564232 7092 0
1785396761572 55593340 55586248 7092 0
1785396761629 55593204 55586112 7092 0
1785396761686 55556472 55549380 7092 0
1785396761742 55556472 55549380 7092 0
1785396761800 55556472 55549380 7092 0
1785396761857 55556472 55549380 7092 0
1785396761916 55556472 55549380 7092 0
1785396761970 55556472 55549380 7092 0
1785396762025 55556472 55549380 7092 0
1785396762079 55556472 55549380 7092 0
1785396762135 55556472 55549380 7092 0
1785396762189 55556336 55549244 7092 0
1785396762244 55599488 55592396 7092 0
1785396762299 55599488 55592396 7092 0
1785396762355 55599488 55592396 7092 0
1785396762412 55599488 55592396 7092 0
1785396762468 55621368 55614276 7092 0
1785396762525 55621368 55614276 7092 0
1785396762584 55621368 55614276 7092 0
1785396762641 55621368 55614276 7092 0
1785396762698 55621368 55614276 7092 0
1785396762756 55621368 55614276 7092 0
1785396762812 55621368 55614276 7092 0
1785396762868 55621368 55614276 7092 0
1785396762924 55621368 55614276 7092 0
1785396762981 55621368 55614276 7092 0
1785396763036 55621368 55614276 7092 0
1785396763095 55621368 55614276 7092 0
1785396763152 55621368 55614276 7092 0
1785396763209 55621368 55614276 7092 0
1785396763267 55621368 55614276 7092 0
1785396763324 55621368 55614276 7092 0
1785396763379 55621368 55614276 7092 0
1785396763434 55621368 55614276 7092 0
1785396763490 55621368 55614276 7092 0
1785396763546 55621232 55614140 7092 0
1785396763604 55476344 55469252 7092 0
1785396763658 55188984 55181892 7092 0
1785396763706 55188984 55181892 7092 0
1785396763752 55188984 55181892 7092 0
1785396763798 55188984 55181892 7092 0
1785396763844 55188984 55181892 7092 0
1785396763892 55188984 55181892 7092 0
1785396763941 55188984 55181892 7092 0
1785396763988 55188984 55181892 7092 0
1785396764034 55188984 55181892 7092 0
1785396764080 55188984 55181892 7092 0
1785396764127 55188984 55181892 7092 0
1785396764173 55188984 55181892 7092 0
1785396764219 55203452 55199836 3616 0
1785396764265 34900 30392 4508 0
1785396764288 55310212 55307628 2584 0
1785396764338 55324160 55317068 7092 0
1785396764386 55324160 55317068 7092 0
1785396764437 55319736 55316888 2848 0
1785396764488 55341144 55334052 7092 0
1785396764538 55341144 55334052 7092 0
1785396764587 55341144 55334052 7092 0
1785396764639 55341144 55334052 7092 0
1785396764687 55341144 55334052 7092 0
1785396764737 55341144 55334052 7092 0
1785396764787 55341144 55334052 7092 0
1785396764838 55341144 55334052 7092 0
1785396764888 55341144 55334052 7092 0
1785396764938 55341144 55334052 7092 0
1785396764988 55341144 55334052 7092 0
1785396765038 55341144 55334052 7092 0
1785396765088 55341144 55334052 7092 0
1785396765136 55341144 55334052 7092 0
1785396765186 55341144 55334052 7092 0
1785396765236 55341144 55334052 7092 0
1785396765283 55341144 55334052 7092 0
1785396765333 55341144 55334052 7092 0
1785396765384 55341144 55334052 7092 0
1785396765432 55341144 55334052 7092 0
1785396765484 55341144 55334052 7092 0
1785396765532 55341144 55334052 7092 0
1785396765579 55341144 55334052 7092 0
1785396765628 55341144 55334052 7092 0
1785396765679 55341144 55334052 7092 0
1785396765729 55341144 55334052 7092 0
1785396765779 55341144 55334052 7092 0
1785396765827 55341144 55334052 7092 0
1785396765876 55341144 55334052 7092 0
1785396765925 55341144 55334052 7092 0
1785396765975 55341144 55334052 7092 0
1785396766024 55341144 55334052 7092 0
1785396766073 55341144 55334052 7092 0
1785396766124 55341144 55334052 7092 0
1785396766174 55341144 55334052 7092 0
1785396766226 55341144 55334052 7092 0
1785396766276 55341144 55334052 7092 0
1785396766326 55341144 55334052 7092 0
1785396766377 55341144 55334052 7092 0
1785396766425 55341144 55334052 7092 0
1785396766473 55341144 55334052 7092 0
1785396766519 55341144 55334052 7092 0
1785396766570 55341144 55334052 7092 0
1785396766619 55341144 55334052 7092 0
1785396766669 55341144 55334052 7092 0
1785396766719 55341144 55334052 7092 0
1785396766769 55341144 55334052 7092 0
1785396766816 55341144 55334052 7092 0
1785396766863 55341144 55334052 7092 0
1785396766913 55341144 55334052 7092 0
1785396766962 55237364 55230272 7092 0
1785396767011 55237364 55230272 7092 0
1785396767057 55237364 55230272 7092 0
1785396767105 55237364 55230272 7092 0
1785396767151 55237364 55230272 7092 0
1785396767201 55237364 55230272 7092 0
1785396767250 55237364 55230272 7092 0
1785396767300 55237364 55230272 7092 0
1785396767348 55237364 55230272 7092 0
1785396767397 55237364 55230272 7092 0
1785396767445 55237364 55230272 7092 0
1785396767492 55237364 55230272 7092 0
1785396767540 55286548 55283964 2584 0
1785396767590 883920 878196 5724 0
1785396767634 55387036 55383420 3616 0
1785396767684 54502304 54498752 3552 0
1785396767712 55463068 55459452 3616 0
1785396767767 55533684 55526592 7092 0
1785396767823 55570692 55563600 7092 0
1785396767878 55570692 55563600 7092 0
1785396767935 55570692 55563600 7092 0
1785396767990 55593340 55586248 7092 0
1785396768046 55593204 55586112 7092 0
1785396768102 55556472 55549380 7092 0
1785396768160 55556472 55549380 7092 0
1785396768217 55556472 55549380 7092 0
1785396768274 55556472 55549380 7092 0
1785396768330 55556472 55549380 7092 0
1785396768384 55556472 55549380 7092 0
1785396768440 55556472 55549380 7092 0
1785396768495 55556472 55549380 7092 0
1785396768551 55556472 55549380 7092 0
1785396768606 55599488 55592396 7092 0
1785396768660 55599488 55592396 7092 0
1785396768717 55599488 55592396 7092 0
1785396768773 55599488 55592396 7092 0
1785396768829 55607724 55604876 2848 0
1785396768888 55621368 55614276 7092 0
1785396768945 55621368 55614276 7092 0
1785396769003 55621368 55614276 7092 0
1785396769061 55621368 55614276 7092 0
1785396769117 55621368 55614276 7092 0
1785396769176 55621368 55614276 7092 0
1785396769232 55621368 55614276 7092 0
1785396769286 55621368 55614276 7092 0
1785396769343 55621368 55614276 7092 0
1785396769403 55621368 55614276 7092 0
1785396769462 55621368 55614276 7092 0
1785396769519 55621368 55614276 7092 0
1785396769576 55621368 55614276 7092 0
1785396769632 55621368 55614276 7092 0
1785396769688 55621368 55614276 7092 0
1785396769746 55621368 55614276 7092 0
1785396769805 55550456 55543364 7092 0
1785396769862 55486280 55479188 7092 0
1785396769919 55486280 55479188 7092 0
1785396769974 55486280 55479188 7092 0
1785396770029 55486280 55479188 7092 0
1785396770088 55486280 55479188 7092 0
1785396770145 55486280 55479188 7092 0
1785396770203 55486280 55479188 7092 0
1785396770258 55486280 55479188 7092 0
1785396770313 55486280 55479188 7092 0
1785396770367 55486280 55479188 7092 0
1785396770422 55486280 55479188 7092 0
1785396770477 55486280 55479188 7092 0
1785396770531 55486280 55479188 7092 0
1785396770587 55486280 55479188 7092 0
1785396770643 55486280 55479188 7092 0
1785396770699 55486280 55479188 7092 0
1785396770755 55486144 55479052 7092 0
1785396770812 55188984 55181892 7092 0
1785396770859 55188984 55181892 7092 0
1785396770907 55188984 55181892 7092 0
1785396770953 55188984 55181892 7092 0
1785396770999 55188984 55181892 7092 0
1785396771045 55188984 55181892 7092 0
1785396771092 55188984 55181892 7092 0
1785396771138 55188984 55181892 7092 0
1785396771184 55188984 55181892 7092 0
1785396771229 55188984 55181892 7092 0
1785396771274 55188984 55181892 7092 0
1785396771320 55188984 55181892 7092 0
1785396771366 55188984 55181892 7092 0
1785396771413 55188984 55181892 7092 0
1785396771461 55188984 55181892 7092 0
1785396771508 55188984 55181892 7092 0
1785396771556 55188984 55181892 7092 0
1785396771601 55188984 55181892 7092 0
1785396771647 55188984 55181892 7092 0
1785396771694 55188984 55181892 7092 0
1785396771741 55188984 55181892 7092 0
1785396771786 55188984 55181892 7092 0
1785396771834 55188984 55181892 7092 0
1785396771882 55188984 55181892 7092 0
1785396771928 55188984 55181892 7092 0
1785396771975 55188984 55181892 7092 0
1785396772021 55188984 55181892 7092 0
1785396772065 55188984 55181892 7092 0
1785396772110 55188984 55181892 7092 0
1785396772159 55188984 55181892 7092 0
1785396772204 55188984 55181892 7092 0
1785396772251 55188984 55181892 7092 0
1785396772299 55188984 55181892 7092 0
1785396772345 55188984 55181892 7092 0
1785396772392 55188984 55181892 7092 0
1785396772439 55188984 55181892 7092 0
1785396772483 55188984 55181892 7092 0
1785396772531 55188984 55181892 7092 0
1785396772574 55188984 55181892 7092 0
1785396772622 55188984 55181892 7092 0
1785396772667 55188984 55181892 7092 0
1785396772713 55188984 55181892 7092 0
1785396772761 55188984 55181892 7092 0
1785396772803 55188984 55181892 7092 0
1785396772846 55188984 55181892 7092 0
1785396772891 55188984 55181892 7092 0
1785396772938 55188984 55181892 7092 0
1785396772984 55188984 55181892 7092 0
1785396773028 55188984 55181892 7092 0
1785396773077 55188984 55181892 7092 0
1785396773121 55188984 55181892 7092 0
1785396773167 55188984 55181892 7092 0
1785396773211 55188984 55181892 7092 0
1785396773259 55188984 55181892 7092 0
1785396773305 55188984 55181892 7092 0
1785396773351 55188984 55181892 7092 0
1785396773398 55188984 55181892 7092 0
1785396773442 55188984 55181892 7092 0
1785396773489 55188984 55181892 7092 0
1785396773538 55188984 55181892 7092 0
1785396773585 55188984 55181892 7092 0
1785396773633 55188984 55181892 7092 0
1785396773679 55188848 55181756 7092 0
1785396773726 36092 30412 5680 0
1785396773749 34900 30392 4508 0
1785396773773 55343144 55339528 3616 0
1785396773821 912592 908004 4588 0
1785396773866 55419172 55415556 3616 0
1785396773921 54502092 54498672 3420 0
1785396773951 55505628 55502012 3616 0
1785396774005 55570692 55563600 7092 0
1785396774060 55570692 55563600 7092 0
1785396774113 55570692 55563600 7092 0
1785396774169 55589040 55586172 2868 0
1785396774226 55593340 55586248 7092 0
1785396774282 55589716 55586204 3512 0
1785396774338 55556472 55549380 7092 0
1785396774394 55556472 55549380 7092 0
1785396774449 55556472 55549380 7092 0
1785396774508 55556472 55549380 7092 0
1785396774563 55556472 55549380 7092 0
1785396774618 55556472 55549380 7092 0
1785396774673 55556472 55549380 7092 0
1785396774727 55556472 55549380 7092 0
1785396774781 55556336 55549244 7092 0
1785396774835 55599488 55592396 7092 0
1785396774889 55599488 55592396 7092 0
1785396774943 55599488 55592396 7092 0
1785396774998 55599352 55592260 7092 0
1785396775053 55621368 55614276 7092 0
1785396775111 55621368 55614276 7092 0
1785396775166 55621368 55614276 7092 0
1785396775224 55621368 55614276 7092 0
1785396775281 55621368 55614276 7092 0
1785396775338 55621368 55614276 7092 0
1785396775396 55621368 55614276 7092 0
1785396775450 55621368 55614276 7092 0
1785396775505 55621368 55614276 7092 0
1785396775562 55621368 55614276 7092 0
1785396775621 55621368 55614276 7092 0
1785396775678 55621368 55614276 7092 0
1785396775736 55621368 55614276 7092 0
1785396775794 55621368 55614276 7092 0
1785396775849 55621368 55614276 7092 0
1785396775903 55621368 55614276 7092 0
1785396775959 55621368 55614276 7092 0
1785396776017 55558860 55551768 7092 0
1785396776074 55558860 55551768 7092 0
1785396776133 55558860 55551768 7092 0
1785396776186 55558860 55551768 7092 0
1785396776243 55558860 55551768 7092 0
1785396776299 55558860 55551768 7092 0
1785396776356 55558860 55551768 7092 0
1785396776412 55558860 55551768 7092 0
1785396776466 55558860 55551768 7092 0
1785396776520 55558860 55551768 7092 0
1785396776575 55558860 55551768 7092 0
1785396776629 55558860 55551768 7092 0
1785396776684 55558860 55551768 7092 0
1785396776738 55558860 55551768 7092 0
1785396776793 55558860 55551768 7092 0
1785396776849 55558860 55551768 7092 0
1785396776906 55558860 55551768 7092 0
1785396776962 55558724 55551632 7092 0
1785396777020 55440852 55433760 7092 0
1785396777075 55188984 55181892 7092 0
1785396777122 55188984 55181892 7092 0
1785396777168 55188984 55181892 7092 0
1785396777215 55188984 55181892 7092 0
1785396777258 55188984 55181892 7092 0
1785396777307 55188984 55181892 7092 0
1785396777351 55188984 55181892 7092 0
1785396777395 55188984 55181892 7092 0
1785396777444 55188984 55181892 7092 0
1785396777490 55188984 55181892 7092 0
1785396777537 55188984 55181892 7092 0
1785396777581 55188984 55181892 7092 0
1785396777630 55188984 55181892 7092 0
1785396777677 55188984 55181892 7092 0
1785396777721 55188984 55181892 7092 0
1785396777769 55188984 55181892 7092 0
1785396777817 55188984 55181892 7092 0
1785396777867 55188984 55181892 7092 0
1785396777911 55188984 55181892 7092 0
1785396777957 55188984 55181892 7092 0
1785396778004 55188984 55181892 7092 0
1785396778049 55188984 55181892 7092 0
1785396778097 55188984 55181892 7092 0
1785396778142 55188984 55181892 7092 0
1785396778189 55188984 55181892 7092 0
1785396778236 55188984 55181892 7092 0
1785396778284 55188984 55181892 7092 0
1785396778331 55188984 55181892 7092 0
1785396778379 55188984 55181892 7092 0
1785396778427 55188984 55181892 7092 0
1785396778474 55188984 55181892 7092 0
1785396778520 55188984 55181892 7092 0
1785396778566 55188984 55181892 7092 0
1785396778613 55188984 55181892 7092 0
1785396778660 55188984 55181892 7092 0
1785396778707 55188984 55181892 7092 0
1785396778753 55188984 55181892 7092 0
1785396778795 55188984 55181892 7092 0
1785396778841 55188984 55181892 7092 0
1785396778888 55188984 55181892 7092 0
1785396778936 55188984 55181892 7092 0
1785396778982 55188984 55181892 7092 0
1785396779028 55188984 55181892 7092 0
1785396779076 55188984 55181892 7092 0
1785396779122 55188984 55181892 7092 0
1785396779170 55188984 55181892 7092 0
1785396779218 55188984 55181892 7092 0
1785396779266 55188984 55181892 7092 0
1785396779309 55188984 55181892 7092 0
1785396779358 55188984 55181892 7092 0
1785396779403 55188984 55181892 7092 0
1785396779451 55188984 55181892 7092 0
1785396779500 55188984 55181892 7092 0
1785396779544 55188984 55181892 7092 0
1785396779592 55188984 55181892 7092 0
1785396779639 55188984 55181892 7092 0
1785396779682 55188984 55181892 7092 0
1785396779729 55188984 55181892 7092 0
1785396779773 765520 760632 4888 0
1785396779815 55212176 55208516 3660 0
1785396779862 55315960 55312132 3828 0
1785396779911 55323220 55319884 3336 0
1785396779965 925196 919692 5504 0
1785396780009 55397796 55394468 3328 0
1785396780060 36896 30408 6488 0
1785396780082 55532772 55526560 6212 0
1785396780139 55570692 55563600 7092 0
1785396780193 55570692 55563600 7092 0
1785396780252 55570692 55563600 7092 0
1785396780310 55593344 55586252 7092 0
1785396780368 55593208 55586116 7092 0
1785396780426 55556476 55549384 7092 0
1785396780484 55556476 55549384 7092 0
1785396780541 55556476 55549384 7092 0
1785396780596 55556476 55549384 7092 0
1785396780654 55556476 55549384 7092 0
1785396780710 55556476 55549384 7092 0
1785396780765 55556476 55549384 7092 0
1785396780820 55556476 55549384 7092 0
1785396780877 55556340 55549248 7092 0
1785396780933 55599492 55592400 7092 0
1785396780988 55599492 55592400 7092 0
1785396781045 55599492 55592400 7092 0
1785396781102 55599356 55592264 7092 0
1785396781159 55621372 55614280 7092 0
1785396781216 55621372 55614280 7092 0
1785396781276 55621372 55614280 7092 0
1785396781332 55621372 55614280 7092 0
1785396781390 55621372 55614280 7092 0
1785396781449 55621372 55614280 7092 0
1785396781507 55621372 55614280 7092 0
1785396781562 55621372 55614280 7092 0
1785396781617 55621372 55614280 7092 0
1785396781674 55621372 55614280 7092 0
1785396781733 55621372 55614280 7092 0
1785396781790 55621372 55614280 7092 0
1785396781850 55621372 55614280 7092 0
1785396781909 55621372 55614280 7092 0
1785396781966 55621372 55614280 7092 0
1785396782024 55621372 55614280 7092 0
1785396782083 55621236 55614144 7092 0
1785396782140 55550460 55543368 7092 0
1785396782197 55550460 55543368 7092 0
1785396782256 55550460 55543368 7092 0
1785396782311 55550460 55543368 7092 0
1785396782367 55550460 55543368 7092 0
1785396782425 55550460 55543368 7092 0
1785396782482 55550460 55543368 7092 0
1785396782541 55550460 55543368 7092 0
1785396782597 55550460 55543368 7092 0
1785396782653 55550460 55543368 7092 0
1785396782708 55550460 55543368 7092 0
1785396782763 55550460 55543368 7092 0
1785396782819 55550460 55543368 7092 0
1785396782875 55550460 55543368 7092 0
1785396782930 55550460 55543368 7092 0
1785396782985 55550460 55543368 7092 0
1785396783044 55550460 55543368 7092 0
1785396783102 55550460 55543368 7092 0
1785396783160 55550460 55543368 7092 0
1785396783213 55550460 55543368 7092 0
1785396783271 55550460 55543368 7092 0
1785396783326 55550460 55543368 7092 0
1785396783380 55550460 55543368 7092 0
1785396783438 55550460 55543368 7092 0
1785396783492 55550460 55543368 7092 0
1785396783546 55550460 55543368 7092 0
1785396783604 55550460 55543368 7092 0
1785396783662 55550460 55543368 7092 0
1785396783720 55550460 55543368 7092 0
1785396783777 55550460 55543368 7092 0
1785396783835 55550460 55543368 7092 0
1785396783893 55550460 55543368 7092 0
1785396783949 55550460 55543368 7092 0
1785396784003 55550460 55543368 7092 0
1785396784060 55550460 55543368 7092 0
1785396784117 55550460 55543368 7092 0
1785396784174 55550460 55543368 7092 0
1785396784231 55550460 55543368 7092 0
1785396784288 55550460 55543368 7092 0
1785396784344 55550460 55543368 7092 0
1785396784401 55550460 55543368 7092 0
1785396784457 55550460 55543368 7092 0
1785396784511 55550460 55543368 7092 0
1785396784569 55550460 55543368 7092 0
1785396784627 55550460 55543368 7092 0
1785396784683 55550460 55543368 7092 0
1785396784742 55550460 55543368 7092 0
1785396784799 55550460 55543368 7092 0
1785396784857 55550460 55543368 7092 0
1785396784915 55550460 55543368 7092 0
1785396784972 55550460 55543368 7092 0
1785396785029 55550460 55543368 7092 0
1785396785086 55550460 55543368 7092 0
1785396785141 55550460 55543368 7092 0
1785396785196 55550460 55543368 7092 0
1785396785252 55550460 55543368 7092 0
1785396785309 55550460 55543368 7092 0
1785396785364 55550460 55543368 7092 0
1785396785420 55550460 55543368 7092 0
1785396785475 55550460 55543368 7092 0
1785396785531 55550460 55543368 7092 0
1785396785581 55550460 55543368 7092 0
1785396785636 55550460 55543368 7092 0
1785396785691 55550460 55543368 7092 0
1785396785747 55550460 55543368 7092 0
1785396785805 55550460 55543368 7092 0
1785396785864 55550460 55543368 7092 0
1785396785919 55550460 55543368 7092 0
1785396785972 55550460 55543368 7092 0
1785396786031 55550460 55543368 7092 0
1785396786085 55550460 55543368 7092 0
1785396786141 55550460 55543368 7092 0
1785396786197 55550460 55543368 7092 0
1785396786253 55550324 55543232 7092 0
1785396786307 55575228 55568136 7092 0
1785396786365 55575228 55568136 7092 0
1785396786422 55575228 55568136 7092 0
1785396786480 55575228 55568136 7092 0
1785396786537 55538484 55531392 7092 0
1785396786593 55538484 55531392 7092 0
1785396786650 55538484 55531392 7092 0
1785396786710 55538484 55531392 7092 0
1785396786766 55538484 55531392 7092 0
1785396786825 55538484 55531392 7092 0
1785396786883 55538484 55531392 7092 0
1785396786937 55538484 55531392 7092 0
1785396786994 55538484 55531392 7092 0
1785396787049 55538484 55531392 7092 0
1785396787104 55538484 55531392 7092 0
1785396787160 55598336 55591244 7092 0
1785396787216 55598336 55591244 7092 0
1785396787272 55598336 55591244 7092 0
1785396787331 55598200 55591108 7092 0
1785396787390 55620984 55613892 7092 0
1785396787448 55620984 55613892 7092 0
1785396787506 55620984 55613892 7092 0
1785396787564 55620984 55613892 7092 0
1785396787623 55620984 55613892 7092 0
1785396787681 55620984 55613892 7092 0
1785396787738 55620984 55613892 7092 0
1785396787794 55620984 55613892 7092 0
1785396787850 55620984 55613892 7092 0
1785396787909 55620984 55613892 7092 0
1785396787967 55620984 55613892 7092 0
1785396788023 55620984 55613892 7092 0
1785396788083 55620984 55613892 7092 0
1785396788141 55620984 55613892 7092 0
1785396788199 55620984 55613892 7092 0
1785396788255 55620984 55613892 7092 0
1785396788312 55620984 55613892 7092 0
1785396788371 55620984 55613892 7092 0
1785396788429 55620984 55613892 7092 0
1785396788486 55620984 55613892 7092 0
1785396788542 55620984 55613892 7092 0
1785396788601 55620984 55613892 7092 0
1785396788659 55620984 55613892 7092 0
1785396788715 55620984 55613892 7092 0
1785396788774 55620984 55613892 7092 0
1785396788830 55620984 55613892 7092 0
1785396788887 55620984 55613892 7092 0
1785396788943 55620984 55613892 7092 0
1785396789000 55620984 55613892 7092 0
1785396789055 55620984 55613892 7092 0
1785396789114 55620984 55613892 7092 0
1785396789172 55620984 55613892 7092 0
1785396789229 55620984 55613892 7092 0
1785396789287 55620984 55613892 7092 0
1785396789347 55543160 55536068 7092 0
1785396789404 55543160 55536068 7092 0
1785396789460 55543160 55536068 7092 0
1785396789518 55543160 55536068 7092 0
1785396789572 55543160 55536068 7092 0
1785396789629 55543160 55536068 7092 0
1785396789684 55543160 55536068 7092 0
1785396789740 55543160 55536068 7092 0
1785396789801 55543160 55536068 7092 0
1785396789860 55543160 55536068 7092 0
1785396789917 55543160 55536068 7092 0
1785396789975 55543160 55536068 7092 0
1785396790033 55543160 55536068 7092 0
1785396790089 55543160 55536068 7092 0
1785396790147 55543160 55536068 7092 0
1785396790203 55543160 55536068 7092 0
1785396790261 55543160 55536068 7092 0
1785396790319 55543160 55536068 7092 0
1785396790377 55543160 55536068 7092 0
1785396790435 55543160 55536068 7092 0
1785396790492 55543160 55536068 7092 0
1785396790551 55543160 55536068 7092 0
1785396790609 55543160 55536068 7092 0
1785396790667 55543160 55536068 7092 0
1785396790719 55543160 55536068 7092 0
1785396790776 55543160 55536068 7092 0
1785396790828 55543160 55536068 7092 0
1785396790886 55543160 55536068 7092 0
1785396790943 55543160 55536068 7092 0
1785396791001 55543160 55536068 7092 0
1785396791056 55543160 55536068 7092 0
1785396791112 55543160 55536068 7092 0
1785396791168 55543160 55536068 7092 0
1785396791223 55543160 55536068 7092 0
1785396791282 55543160 55536068 7092 0
1785396791339 55543160 55536068 7092 0
1785396791394 55543160 55536068 7092 0
1785396791450 55543160 55536068 7092 0
1785396791506 55543160 55536068 7092 0
1785396791562 55543160 55536068 7092 0
1785396791616 55543160 55536068 7092 0
1785396791675 55543160 55536068 7092 0
1785396791730 55543160 55536068 7092 0
1785396791787 55543160 55536068 7092 0
1785396791843 55543160 55536068 7092 0
1785396791901 55543160 55536068 7092 0
1785396791957 55543160 55536068 7092 0
1785396792016 55543160 55536068 7092 0
1785396792072 55543160 55536068 7092 0
1785396792127 55543160 55536068 7092 0
1785396792182 55543160 55536068 7092 0
1785396792237 55543160 55536068 7092 0
1785396792292 55543024 55535932 7092 0
1785396792347 55573760 55566668 7092 0
1785396792404 55573760 55566668 7092 0
1785396792460 55573760 55566668 7092 0
1785396792517 55585904 55578812 7092 0
1785396792573 55595256 55588164 7092 0
1785396792628 55595256 55588164 7092 0
1785396792685 55595256 55588164 7092 0
1785396792743 55595256 55588164 7092 0
1785396792804 55595256 55588164 7092 0
1785396792861 55595256 55588164 7092 0
1785396792919 55595256 55588164 7092 0
1785396792974 55595256 55588164 7092 0
1785396793030 55595256 55588164 7092 0
1785396793085 55595256 55588164 7092 0
1785396793140 55595256 55588164 7092 0
1785396793198 55601408 55594316 7092 0
1785396793254 55601408 55594316 7092 0
1785396793311 55601408 55594316 7092 0
1785396793369 55601408 55594316 7092 0
1785396793427 55622904 55615812 7092 0
1785396793484 55622904 55615812 7092 0
1785396793746 55622904 55615812 7092 0
1785396793804 55622904 55615812 7092 0
1785396793860 55622904 55615812 7092 0
1785396793920 55622904 55615812 7092 0
1785396793978 55622904 55615812 7092 0
1785396794038 55622904 55615812 7092 0
1785396794097 55622904 55615812 7092 0
1785396794158 55622904 55615812 7092 0
1785396794216 55622904 55615812 7092 0
1785396794270 55622904 55615812 7092 0
1785396794328 55622904 55615812 7092 0
1785396794384 55543160 55536068 7092 0
1785396794441 55540000 55535932 4068 0
