>>> Evaluating Bert
-> Role: 1
-> Address: 127.0.0.1
-> Port: 8709
<<<

> Setup Linear
> HE instance initialized: 
-> Poly Mod Degree: 8192
-> Coeff Mod: 54 54 55 55 
-> Plaintext Mod: 536903681(29 bits)

> HE instance initialized: 
-> Poly Mod Degree: 8192
-> Coeff Mod: 60 60 60 
-> Plaintext Mod: 557057(19 bits)

> HE instance initialized: 
-> Poly Mod Degree: 8192
-> Coeff Mod: 54 54 55 55 
-> Plaintext Mod: 4295049217(32 bits)

> Setup NonLinear
> Loading and preprocessing weights on server
> [TIMING]: Loading Model takes: 6.36636sec
> [TIMING]: Model Preprocessing (tail only) takes: 4.79427sec
> Bert intialized done!

==>> Inference sample #0
> Receive input cts from client 
> --- Entering Attention Layers ---
-> Layer - 0: Linear #1 HE
-> Layer - 0: Linear #1 done HE
-> Layer - 0: Linear #2 HE
-> Layer - 0: Linear #2 HE done 
-> Layer - 0: Linear #3 HE
-> Layer - 0: Linear #3 HE done 
-> Layer - 0: Linear #4 HE 
-> Layer - 0: Linear #4 HE done
-> Layer - 1: Linear #1 HE
-> Layer - 1: Linear #1 done HE
-> Layer - 1: Linear #2 HE
-> Layer - 1: Linear #2 HE done 
-> Layer - 1: Linear #3 HE
-> Layer - 1: Linear #3 HE done 
-> Layer - 1: Linear #4 HE 
-> Layer - 1: Linear #4 HE done
-> Layer - 2: Linear #1 HE
-> Layer - 2: Linear #1 done HE
-> Layer - 2: Linear #2 HE
-> Layer - 2: Linear #2 HE done 
-> Layer - 2: Linear #3 HE
-> Layer - 2: Linear #3 HE done 
-> Layer - 2: Linear #4 HE 
-> Layer - 2: Linear #4 HE done
-> Layer - 3: Linear #1 HE
-> Layer - 3: Linear #1 done HE
-> Layer - 3: Linear #2 HE
-> Layer - 3: Linear #2 HE done 
-> Layer - 3: Linear #3 HE
-> Layer - 3: Linear #3 HE done 
-> Layer - 3: Linear #4 HE 
-> Layer - 3: Linear #4 HE done
-> Layer - 4: Linear #1 HE
-> Layer - 4: Linear #1 done HE
-> Layer - 4: Linear #2 HE
-> Layer - 4: Linear #2 HE done 
-> Layer - 4: Linear #3 HE
-> Layer - 4: Linear #3 HE done 
-> Layer - 4: Linear #4 HE 
-> Layer - 4: Linear #4 HE done
-> Layer - 5: Linear #1 HE
-> Layer - 5: Linear #1 done HE
-> Layer - 5: Linear #2 HE
-> Layer - 5: Linear #2 HE done 
-> Layer - 5: Linear #3 HE
-> Layer - 5: Linear #3 HE done 
-> Layer - 5: Linear #4 HE 
-> Layer - 5: Linear #4 HE done
-> Layer - 6: Linear #1 HE
-> Layer - 6: Linear #1 done HE
-> Layer - 6: Linear #2 HE
-> Layer - 6: Linear #2 HE done 
-> Layer - 6: Linear #3 HE
-> Layer - 6: Linear #3 HE done 
-> Layer - 6: Linear #4 HE 
-> Layer - 6: Linear #4 HE done
-> Layer - 7: Linear #1 HE
-> Layer - 7: Linear #1 done HE
-> Layer - 7: Linear #2 HE
-> Layer - 7: Linear #2 HE done 
-> Layer - 7: Linear #3 HE
-> Layer - 7: Linear #3 HE done 
-> Layer - 7: Linear #4 HE 
-> Layer - 7: Linear #4 HE done
-> Layer - 8: Linear #1 HE
-> Layer - 8: Linear #1 done HE
-> Layer - 8: Linear #2 HE
-> Layer - 8: Linear #2 HE done 
-> Layer - 8: Linear #3 HE
-> Layer - 8: Linear #3 HE done 
-> Layer - 8: Linear #4 HE 
-> Layer - 8: Linear #4 HE done
-> Layer - 9: Linear #1 HE
-> Layer - 9: Linear #1 done HE
-> Layer - 9: Linear #2 HE
-> Layer - 9: Linear #2 HE done 
-> Layer - 9: Linear #3 HE
-> Layer - 9: Linear #3 HE done 
-> Layer - 9: Linear #4 HE 
-> Layer - 9: Linear #4 HE done
-> Layer - 10: Linear #1 HE
-> Layer - 10: Linear #1 done HE
-> Layer - 10: Linear #2 HE
-> Layer - 10: Linear #2 HE done 
-> Layer - 10: Linear #3 HE
-> Layer - 10: Linear #3 HE done 
-> Layer - 10: Linear #4 HE 
-> Layer - 10: Linear #4 HE done
-> Layer - 11: Linear #1 HE
-> Layer - 11: Linear #1 done HE
-> Layer - 11: Linear #2 HE
-> Layer - 11: Linear #2 HE done 
-> Layer - 11: Linear #3 HE
-> Layer - 11: Linear #3 HE done 
-> Layer - 11: Linear #4 HE 
-> Layer - 11: Linear #4 HE done
-> Sharing Pooling and Classification params...
-> Layer - Pooling
-> Layer - Classification
> [TIMING]: linear1 takes 296.537 sec
> [TIMING]: linear2 takes 7.56332 sec
> [TIMING]: linear3 takes 31.6096 sec
> [TIMING]: linear4 takes 25.7536 sec
> [TIMING]: softmax takes 32.1806 sec
> [TIMING]: pruning takes 0.00367577 sec
> [TIMING]: mul v takes 143.234 sec
> [TIMING]: gelu takes 27.4188 sec
> [TIMING]: ln_1 takes 18.1393 sec
> [TIMING]: ln_2 takes 17.3192 sec
> [TIMING]: tanh takes 0.227861 sec
> [TIMING]: repacking takes 0.0753703 sec
> [TIMING]: gt_sub takes 16.3771 sec
> [TIMING]: shift takes 8.39128 sec
> [TIMING]: conversion takes 8.1706 sec
> [TIMING]: ln_share takes 0.0125933 sec
> [TIMING]: Pool/Class takes 2.15968 sec
> [NETWORK]: Linear 1 consumes: 35538003 bytes
> [NETWORK]: Linear 2 consumes: 19041408 bytes
> [NETWORK]: Linear 3 consumes: 75575808 bytes
> [NETWORK]: Linear 4 consumes: 19041408 bytes
> [NETWORK]: Softmax consumes: 9107802624 bytes
> [NETWORK]: GELU consumes: 9258958848 bytes
> [NETWORK]: Layer Norm 1 consumes: 3753344210 bytes
> [NETWORK]: Layer Norm 2 consumes: 3753344507 bytes
> [NETWORK]: Tanh consumes: 8724480 bytes
> [NETWORK]: Softmax * V: 17769028 bytes
> [NETWORK]: Pruning: 0 bytes
> [NETWORK]: Shift consumes: 2105315328 bytes
> [NETWORK]: gt_sub consumes: 3382149120 bytes
> [NETWORK]: Pooling / C consumes: 310785796 bytes
> [NETWORK]: Linear 1 consumes: 23 rounds
> [NETWORK]: Linear 2 consumes: 24 rounds
> [NETWORK]: Linear 3 consumes: 24 rounds
> [NETWORK]: Linear 4 consumes: 24 rounds
> [NETWORK]: Softmax consumes: 89088 rounds
> [NETWORK]: GELU consumes: 33792 rounds
> [NETWORK]: Layer Norm 1 consumes: 83736 rounds
> [NETWORK]: Layer Norm 2 consumes: 83736 rounds
> [NETWORK]: Tanh consumes: 3520 rounds
> [NETWORK]: Softmax * V: 24 rounds
> [NETWORK]: Pruning: 0 rounds
> [NETWORK]: Shift consumes: 18368 rounds
> [NETWORK]: gt_sub consumes: 16864 rounds
> [NETWORK]: Pooling / C consumes: 988 rounds
-> End to end takes: 626.798sec
