# timestamp_ms Rss_kB Anonymous_kB Filemapped_kB Shmem_kB
1790702814823 195680 188160 7520 0
1790702814852 195680 188160 7520 0
1790702814873 195680 188160 7520 0
1790702814895 195680 188160 7520 0
1790702814916 195680 188160 7520 0
1790702814937 195680 188160 7520 0
1790702814958 195680 188160 7520 0
1790702814979 218260 210740 7520 0
1790702815008 265420 257900 7520 0
1790702815040 307532 300012 7520 0
1790702815070 351564 344044 7520 0
1790702815102 396676 389156 7520 0
1790702815133 441820 434300 7520 0
1790702815165 455920 447928 7992 0
1790702815199 455920 447928 7992 0
1790702815222 455920 447928 7992 0
1790702815244 455920 447928 7992 0
1790702815267 455924 447932 7992 0
1790702815289 462252 449784 12468 0
1790702815311 460404 448420 11984 0
1790702815333 463968 450160 13808 0
1790702815355 523952 450636 73316 0
1790702815388 519320 448492 70828 0
1790702815409 524788 451364 73424 0
1790702815431 541384 457480 83904 0
1790702815464 574076 471252 102824 0
1790702815498 767984 664484 103500 0
1790702815532 1269744 1166244 103500 0
1790702815570 1804272 1700772 103500 0
1790702815610 2373616 2270116 103500 0
1790702815653 2985968 2882468 103500 0
1790702815698 3600368 3496868 103500 0
1790702815745 4286448 4182948 103500 0
1790702815797 5021680 4918180 103500 0
1790702815852 5824496 5720996 103500 0
1790702815913 6635504 6532004 103500 0
1790702815973 7495664 7392164 103500 0
1790702816039 8431600 8328100 103500 0
1790702816109 9412592 9309092 103500 0
1790702816183 10448880 10345380 103500 0
1790702816261 11534320 11430820 103500 0
1790702816343 12683248 12579748 103500 0
1790702816430 13905904 13802404 103500 0
1790702816522 15214576 15111076 103500 0
1790702816621 16621552 16518052 103500 0
1790702816727 18102256 17998756 103500 0
1790702816839 19689456 19585956 103500 0
1790702816959 21334000 21230500 103500 0
1790702817083 21553136 21449636 103500 0
1790702817209 21553136 21449636 103500 0
1790702817279 21553136 21449636 103500 0
1790702817349 21553136 21449636 103500 0
1790702817419 21553136 21449636 103500 0
1790702817489 21069944 20990112 79832 0
1790702817556 21846012 21742512 103500 0
1790702817627 22759432 22655932 103500 0
1790702817761 23699976 23598496 101480 0
1790702817897 23790340 23688860 101480 0
1790702817972 23882060 23780580 101480 0
1790702818048 23969936 23868456 101480 0
1790702818126 24016780 23907520 109260 0
1790702818203 24001180 23905324 95856 0
1790702818285 24029252 23908520 120732 0
1790702818374 24029792 23908772 121020 0
1790702818458 24030408 23909228 121180 0
1790702818537 24030600 23909268 121332 0
1790702818618 24030928 23909456 121472 0
1790702818696 24031312 23909696 121616 0
1790702818779 24029716 23910024 119692 0
1790702818862 23197128 23109564 87564 0
1790702818942 24002808 23899040 103768 0
1790702819021 23199612 23111516 88096 0
1790702819113 23977352 23881664 95688 0
1790702819196 24033820 23911392 122428 0
1790702819274 24029240 23911568 117672 0
1790702819352 23977788 23882304 95484 0
1790702819435 23978280 23882512 95768 0
1790702819519 23199928 23102912 97016 0
1790702819599 23198524 23103480 95044 0
1790702819678 24002268 23909040 93228 0
1790702819759 24020324 23911512 108812 0
1790702819843 24037364 23914060 123304 0
1790702819921 23979200 23883688 95512 0
1790702819999 24009984 23912068 97916 0
1790702820088 24038280 23914756 123524 0
1790702820167 24011412 23912996 98416 0
1790702820251 24008456 23912976 95480 0
1790702820329 24039988 23916220 123768 0
1790702820409 24039988 23916220 123768 0
1790702820488 24039988 23916220 123768 0
1790702820566 24039988 23916220 123768 0
1790702820645 24039988 23916220 123768 0
1790702820724 24039988 23916220 123768 0
1790702820802 24039988 23916220 123768 0
1790702820881 24039988 23916220 123768 0
1790702820959 24039988 23916220 123768 0
1790702821038 24039988 23916220 123768 0
1790702821116 24039988 23916220 123768 0
1790702821195 24039988 23916220 123768 0
1790702821274 24039988 23916220 123768 0
1790702821353 24171076 24047308 123768 0
1790702821497 24171076 24047308 123768 0
1790702821575 24171596 24047644 123952 0
1790702821654 24171632 24047668 123964 0
1790702821733 24171804 24047792 124012 0
1790702821818 24171820 24047800 124020 0
1790702821912 24171820 24047800 124020 0
1790702821994 24171848 24047800 124048 0
1790702822089 24171856 24047800 124056 0
1790702822168 24171900 24047836 124064 0
1790702822248 24171916 24047840 124076 0
1790702822328 24171992 24047912 124080 0
1790702822416 24171992 24047912 124080 0
1790702822523 24171992 24047912 124080 0
1790702822607 24172120 24047912 124208 0
1790702822712 24172124 24047912 124212 0
1790702822791 24172124 24047912 124212 0
1790702822870 24172236 24047980 124256 0
1790702822950 24172244 24047988 124256 0
1790702823036 24172244 24047988 124256 0
1790702823133 24172276 24047988 124288 0
1790702823260 24172276 24047988 124288 0
1790702823339 24172388 24048048 124340 0
1790702823427 24172388 24048048 124340 0
1790702823523 24172388 24048048 124340 0
1790702823619 24172500 24048048 124452 0
1790702823725 24172508 24048048 124460 0
1790702823804 24165772 24047920 117852 0
1790702823888 24172668 24048128 124540 0
1790702823975 24172668 24048128 124540 0
1790702824062 24172668 24048128 124540 0
1790702824169 24172780 24048184 124596 0
1790702824256 24172780 24048184 124596 0
1790702824336 24172784 24048188 124596 0
1790702824418 24172784 24048188 124596 0
1790702824531 24172784 24048188 124596 0
1790702824623 24172848 24048188 124660 0
1790702824703 24173004 24048188 124816 0
1790702824783 24173028 24048188 124840 0
1790702824862 24173132 24048264 124868 0
1790702824952 24173132 24048264 124868 0
1790702825031 24173132 24048264 124868 0
1790702825129 24173152 24048264 124888 0
1790702825222 24173160 24048264 124896 0
1790702825301 24173296 24048324 124972 0
1790702825389 24173300 24048328 124972 0
1790702825468 24173300 24048328 124972 0
1790702825562 24173320 24048328 124992 0
1790702825657 24173496 24048328 125168 0
1790702825737 24173496 24048328 125168 0
1790702825817 24173512 24048328 125184 0
1790702825897 24173608 24048404 125204 0
1790702825978 24173608 24048404 125204 0
1790702826057 24173608 24048404 125204 0
1790702826201 24173656 24048404 125252 0
1790702826309 24173692 24048404 125288 0
1790702826391 24173768 24048468 125300 0
1790702826476 24173768 24048468 125300 0
1790702826562 24173768 24048468 125300 0
1790702826651 24173804 24048468 125336 0
1790702826748 24173872 24048468 125404 0
1790702826845 24173964 24048492 125472 0
1790702826925 24174012 24048540 125472 0
1790702827012 24174016 24048544 125472 0
1790702827123 24174016 24048544 125472 0
1790702827207 24174016 24048544 125472 0
1790702827287 24174016 24048544 125472 0
1790702827369 24174100 24048544 125556 0
1790702827450 24174164 24048608 125556 0
1790702827530 24174168 24048612 125556 0
1790702827662 24174168 24048612 125556 0
1790702827753 24174212 24048612 125600 0
1790702827834 24174348 24048612 125736 0
1790702827914 24174372 24048612 125760 0
1790702827994 24174448 24048688 125760 0
1790702828075 24174448 24048688 125760 0
1790702828156 24174448 24048688 125760 0
1790702828302 24174488 24048688 125800 0
1790702828393 24174532 24048688 125844 0
1790702828474 24174600 24048748 125852 0
1790702828564 24174600 24048748 125852 0
1790702828644 24174600 24048748 125852 0
1790702828736 24174656 24048748 125908 0
1790702828871 24174760 24048748 126012 0
1790702828951 24174784 24048752 126032 0
1790702829032 24174864 24048824 126040 0
1790702829112 24174864 24048824 126040 0
1790702829201 24174864 24048824 126040 0
1790702829305 24174920 24048824 126096 0
1790702829400 24174920 24048824 126096 0
1790702829480 24175040 24048888 126152 0
1790702829574 24175040 24048888 126152 0
1790702829656 24175040 24048888 126152 0
1790702829745 24175060 24048888 126172 0
1790702829858 24175096 24048888 126208 0
1790702829939 24175192 24048888 126304 0
1790702830019 24175192 24048888 126304 0
1790702830099 24175280 24048956 126324 0
1790702830179 24175288 24048964 126324 0
1790702830259 24175288 24048964 126324 0
1790702830365 24175288 24048964 126324 0
1790702830486 24175436 24049028 126408 0
1790702830585 24175436 24049028 126408 0
1790702830679 24175436 24049028 126408 0
1790702830759 24175436 24049028 126408 0
1790702830857 24175436 24049028 126408 0
1790702830936 24175568 24049028 126540 0
1790702831017 24175580 24049028 126552 0
1790702831097 24175668 24049096 126572 0
1790702831183 24175676 24049104 126572 0
1790702831281 24175676 24049104 126572 0
1790702831393 24175716 24049104 126612 0
1790702831488 24175740 24049104 126636 0
1790702831569 24175740 24049104 126636 0
1790702831648 24175816 24049168 126648 0
1790702831732 24175816 24049168 126648 0
1790702831829 24175816 24049168 126648 0
1790702831920 24175888 24049168 126720 0
1790702832012 24175888 24049168 126720 0
1790702832092 24175984 24049156 126828 0
1790702832174 24176068 24049240 126828 0
1790702832257 24176072 24049244 126828 0
1790702832359 24176072 24049244 126828 0
1790702832468 24176096 24049244 126852 0
1790702832549 24176192 24049304 126888 0
1790702832640 24176200 24049312 126888 0
1790702832731 24176200 24049312 126888 0
1790702832827 24176232 24049312 126920 0
1790702832922 24176356 24049312 127044 0
1790702833002 24176356 24049312 127044 0
1790702833082 24176456 24049384 127072 0
1790702833169 24176460 24049388 127072 0
1790702833263 24176460 24049388 127072 0
1790702833350 24176480 24049388 127092 0
1790702833460 24176496 24049388 127108 0
1790702833541 24176584 24049444 127140 0
1790702833622 24176592 24049452 127140 0
1790702833706 24176592 24049452 127140 0
1790702833797 24176604 24049452 127152 0
1790702833934 24169560 24049452 120108 0
1790702834015 24176668 24049456 127212 0
1790702834096 24176668 24049456 127212 0
1790702834176 24176668 24049456 127212 0
1790702834256 24176668 24049456 127212 0
1790702834337 24176668 24049456 127212 0
