# timestamp_ms Rss_kB Anonymous_kB Filemapped_kB Shmem_kB
1785388462533 250900 153012 97888 0
1785388462637 252096 154208 97888 0
1785388462699 253148 155248 97900 0
1785388462760 255768 156508 99260 0
1785388462847 256960 157700 99260 0
1785388462921 257028 157768 99260 0
1785388462984 257124 157864 99260 0
1785388463049 259228 158688 100540 0
1785388463111 260500 158908 101592 0
1785388463195 261408 159816 101592 0
1785388463257 261544 159952 101592 0
1785388463321 262608 161016 101592 0
1785388463396 264936 162644 102292 0
1785388463482 267648 165356 102292 0
1785388463545 267716 165424 102292 0
1785388463628 267716 165424 102292 0
1785388463655 268044 165748 102296 0
1785388463730 280004 175668 104336 0
1785388463826 280496 176160 104336 0
1785388463887 280596 176260 104336 0
1785388463949 281304 176968 104336 0
1785388464010 282420 177472 104948 0
1785388464074 284732 177508 107224 0
1785388464159 286084 177516 108568 0
1785388464237 287952 177536 110416 0
1785388464321 290188 177588 112600 0
1785388464385 314452 198312 116140 0
1785388464491 416032 250296 165736 0
1785388464607 479416 276460 202956 0
1785388464723 515056 294712 220344 0
1785388464840 535344 301016 234328 0
1785388464957 565612 318556 247056 0
1785388465076 586500 327684 258816 0
1785388465193 591144 329004 262140 0
1785388465292 611504 340788 270716 0
1785388465410 632508 350752 281756 0
1785388465527 662004 368408 293596 0
1785388465643 677656 375736 301920 0
1785388465743 684892 377144 307748 0
1785388465863 698452 383228 315224 0
1785388465984 715168 394088 321080 0
1785388466104 735332 405332 330000 0
1785388466225 741280 405516 335764 0
1785388466301 745176 406792 338384 0
1785388466404 754168 411336 342832 0
1785388466500 774984 423928 351056 0
1785388466630 807964 438336 369628 0
1785388466760 878996 476836 402160 0
1785388466895 927428 498336 429092 0
1785388467032 967568 518992 448576 0
1785388467173 997060 534852 462208 0
1785388467316 1027392 549084 478308 0
1785388467456 1065256 571304 493952 0
1785388467605 1091004 581096 509908 0
1785388467755 1120260 598244 522016 0
1785388467881 710236 601832 108404 0
1785388467909 642948 595760 47188 0
1785388467941 882132 775292 106840 0
1785388467974 956836 856452 100384 0
1785388468008 972580 935056 37524 0
1785388468041 1134380 1024780 109600 0
1785388468149 1142264 1027132 115132 0
1785388468246 1151380 1033824 117556 0
1785388468350 1175744 1065600 110144 0
1785388468478 1188028 1084328 103700 0
1785388468586 1211088 1102308 108780 0
1785388468712 1228568 1118444 110124 0
1785388468825 1240928 1129220 111708 0
1785388468959 387268 278396 108872 0
1785388469067 1273708 1154024 119684 0
1785388469141 1187640 1067032 120608 0
1785388469175 1187740 1067036 120704 0
1785388469208 1188444 1067036 121408 0
1785388469241 1189404 1067040 122364 0
1785388469274 1189412 1067048 122364 0
1785388469307 1189420 1067056 122364 0
1785388469340 1189420 1067056 122364 0
1785388469372 1189424 1067060 122364 0
1785388469405 1189424 1067060 122364 0
1785388469438 1189432 1067068 122364 0
1785388469471 1189436 1067072 122364 0
1785388469504 1189436 1067072 122364 0
1785388469538 1189436 1067072 122364 0
1785388469571 1189440 1067076 122364 0
1785388469605 1189444 1067080 122364 0
1785388469638 1189444 1067080 122364 0
1785388469672 1189452 1067088 122364 0
1785388469705 1189456 1067092 122364 0
1785388469738 1189464 1067100 122364 0
1785388469772 1189468 1067104 122364 0
1785388469805 1189476 1067112 122364 0
1785388469838 1189476 1067112 122364 0
1785388469872 1189480 1067116 122364 0
1785388469905 1189488 1067124 122364 0
1785388469938 1189492 1067128 122364 0
1785388469971 1189500 1067136 122364 0
1785388470005 1189500 1067136 122364 0
1785388470038 1189500 1067136 122364 0
1785388470072 1189500 1067136 122364 0
1785388470106 1189500 1067136 122364 0
1785388470140 1189500 1067136 122364 0
1785388470173 1189500 1067136 122364 0
1785388470207 1189500 1067136 122364 0
1785388470240 1189500 1067136 122364 0
1785388470275 1189500 1067136 122364 0
1785388470309 1189500 1067136 122364 0
1785388470342 1189500 1067136 122364 0
1785388470377 1189500 1067136 122364 0
1785388470411 1189500 1067136 122364 0
1785388470444 1189500 1067136 122364 0
1785388470478 1189500 1067136 122364 0
1785388470511 1189500 1067136 122364 0
1785388470545 1189500 1067136 122364 0
1785388470580 1189500 1067136 122364 0
1785388470614 1189500 1067136 122364 0
1785388470648 1189500 1067136 122364 0
1785388470682 1189500 1067136 122364 0
1785388470715 1189500 1067136 122364 0
1785388470749 1189500 1067136 122364 0
1785388470783 1189500 1067136 122364 0
1785388470817 1189500 1067136 122364 0
1785388470851 1189500 1067136 122364 0
1785388470885 1189500 1067136 122364 0
1785388470919 1188360 1066976 121384 0
1785388470953 1189520 1067156 122364 0
1785388470987 1189520 1067156 122364 0
1785388471020 1189520 1067156 122364 0
1785388471053 1189520 1067156 122364 0
1785388471086 1189520 1067156 122364 0
1785388471120 1189520 1067156 122364 0
1785388471154 1189520 1067156 122364 0
1785388471186 1189520 1067156 122364 0
1785388471219 1189520 1067156 122364 0
1785388471252 1189520 1067156 122364 0
1785388471285 1189520 1067156 122364 0
1785388471318 1189520 1067156 122364 0
1785388471351 1189520 1067156 122364 0
1785388471385 1189520 1067156 122364 0
1785388471418 1189520 1067156 122364 0
1785388471452 1189520 1067156 122364 0
1785388471485 1189520 1067156 122364 0
1785388471518 1189520 1067156 122364 0
1785388471551 1189520 1067156 122364 0
1785388471584 1189520 1067156 122364 0
1785388471617 1189520 1067156 122364 0
1785388471650 1189520 1067156 122364 0
1785388471684 1189520 1067156 122364 0
1785388471717 1189368 1067008 122360 0
1785388471750 1207956 1085592 122364 0
1785388471784 1207956 1085592 122364 0
1785388471817 1180672 1066124 114548 0
1785388471850 1189648 1067284 122364 0
1785388471883 1189648 1067284 122364 0
1785388471917 1189648 1067284 122364 0
1785388471949 1189648 1067284 122364 0
1785388471982 1221288 1107308 113980 0
1785388472016 1245352 1122988 122364 0
1785388472053 1245352 1122988 122364 0
1785388472087 1270076 1147716 122360 0
1785388472122 1318032 1195668 122364 0
1785388472256 1592464 1470100 122364 0
1785388472393 1705104 1582740 122364 0
1785388472520 1727044 1604680 122364 0
1785388472599 1817156 1694792 122364 0
1785388472732 2019908 1897544 122364 0
1785388472863 1632964 1519988 112976 0
1785388472897 1699324 1577836 121488 0
1785388472933 1624604 1502240 122364 0
1785388472968 1624604 1502240 122364 0
1785388473004 1624604 1502240 122364 0
1785388473040 1624604 1502240 122364 0
1785388473076 1624604 1502240 122364 0
1785388473112 1667024 1544660 122364 0
1785388473145 1757136 1634772 122364 0
1785388473178 1847248 1724884 122364 0
1785388473212 1937360 1814996 122364 0
1785388473245 2025424 1903060 122364 0
1785388473278 2047952 1925588 122364 0
1785388473388 2069612 1947248 122364 0
1785388473514 2128540 2006176 122364 0
1785388473637 1189740 1067376 122364 0
1785388473672 1189760 1067396 122364 0
1785388473709 1266988 1153624 113364 0
1785388473745 1272272 1157728 114544 0
1785388473780 1282044 1163940 118104 0
1785388473815 1294216 1175864 118352 0
1785388473850 1308384 1192472 115912 0
1785388473885 1308816 1188604 120212 0
1785388473921 1337716 1215356 122360 0
1785388473957 1344284 1227848 116436 0
1785388473993 1360908 1238764 122144 0
1785388474029 1373048 1250688 122360 0
1785388474065 1377808 1255444 122364 0
1785388474103 1377808 1255444 122364 0
1785388474138 1377808 1255444 122364 0
1785388474172 1377808 1255444 122364 0
1785388474207 1377808 1255444 122364 0
1785388474241 1377808 1255444 122364 0
1785388474275 1377816 1255452 122364 0
1785388474309 1377844 1255480 122364 0
1785388474344 1377908 1255544 122364 0
1785388474379 1378528 1255868 122660 0
1785388474415 1378564 1255904 122660 0
1785388474451 1378568 1255908 122660 0
1785388474485 1378572 1255912 122660 0
1785388474520 1378580 1255920 122660 0
1785388474556 1378584 1255924 122660 0
1785388474592 1378596 1255936 122660 0
1785388474627 1378604 1255944 122660 0
1785388474663 1378612 1255952 122660 0
1785388474698 1378620 1255960 122660 0
1785388474733 1378624 1255964 122660 0
1785388474769 1378636 1255976 122660 0
1785388474805 1378640 1255980 122660 0
1785388474841 1378644 1255984 122660 0
1785388474877 1378652 1255992 122660 0
1785388474912 1378656 1255996 122660 0
1785388474947 1378668 1256008 122660 0
1785388474983 1378672 1256012 122660 0
1785388475018 1378680 1256020 122660 0
1785388475053 1378684 1256024 122660 0
1785388475089 1378688 1256028 122660 0
1785388475125 1378696 1256036 122660 0
1785388475160 1378700 1256040 122660 0
1785388475196 1378704 1256044 122660 0
1785388475231 1378704 1256044 122660 0
1785388475267 1378704 1256044 122660 0
1785388475304 1378704 1256044 122660 0
1785388475341 1378704 1256044 122660 0
1785388475379 1378704 1256044 122660 0
1785388475415 1378704 1256044 122660 0
1785388475453 1378704 1256044 122660 0
1785388475489 1378704 1256044 122660 0
1785388475527 1378704 1256044 122660 0
1785388475563 1378704 1256044 122660 0
1785388475600 1378704 1256044 122660 0
1785388475636 1378704 1256044 122660 0
1785388475673 1378704 1256044 122660 0
1785388475709 1378704 1256044 122660 0
1785388475746 1378704 1256044 122660 0
1785388475783 1378704 1256044 122660 0
1785388475820 1378704 1256044 122660 0
1785388475856 1378704 1256044 122660 0
1785388475893 1378704 1256044 122660 0
1785388475929 1378704 1256044 122660 0
1785388475965 1378724 1256064 122660 0
1785388476000 1378724 1256064 122660 0
1785388476037 1378724 1256064 122660 0
1785388476073 1378724 1256064 122660 0
1785388476109 1378724 1256064 122660 0
1785388476147 1378724 1256064 122660 0
1785388476185 1378724 1256064 122660 0
1785388476222 1378724 1256064 122660 0
1785388476259 1378724 1256064 122660 0
1785388476296 1378724 1256064 122660 0
1785388476332 1378724 1256064 122660 0
1785388476369 1378724 1256064 122660 0
1785388476405 1378724 1256064 122660 0
1785388476442 1378724 1256064 122660 0
1785388476479 1378724 1256064 122660 0
1785388476517 1378724 1256064 122660 0
1785388476554 1378724 1256064 122660 0
1785388476591 1378724 1256064 122660 0
1785388476628 1378724 1256064 122660 0
1785388476665 1378724 1256064 122660 0
1785388476701 1378724 1256064 122660 0
1785388476737 1378724 1256064 122660 0
1785388476774 1378724 1256064 122660 0
1785388476811 1378724 1256064 122660 0
1785388476848 1378724 1256064 122660 0
1785388476885 1378724 1256064 122660 0
1785388476920 1378724 1256064 122660 0
1785388476957 1436520 1313860 122660 0
1785388476995 1608552 1485892 122660 0
1785388477033 1780584 1657924 122660 0
1785388477070 1811304 1688644 122660 0
1785388477107 1811304 1688644 122660 0
1785388477142 1855784 1733124 122660 0
1785388477179 1960232 1837572 122660 0
1785388477217 2066728 1944068 122660 0
1785388477254 2173224 2050564 122660 0
1785388477371 1811392 1688732 122660 0
1785388477408 1811392 1688732 122660 0
1785388477444 1811392 1688732 122660 0
1785388477482 1811392 1688732 122660 0
1785388477520 1811392 1688732 122660 0
1785388477556 1812376 1689716 122660 0
1785388477592 1913216 1790556 122660 0
1785388477627 2011520 1888860 122660 0
1785388477665 2120064 1997404 122660 0
1785388477703 2226560 2103900 122660 0
1785388477836 2234752 2112092 122660 0
1785388477915 2236144 2112092 124052 0
1785388477994 1518124 1393824 124300 0
1785388478033 1632812 1508512 124300 0
1785388478071 1743404 1619104 124300 0
1785388478109 1813036 1688736 124300 0
1785388478147 1813036 1688736 124300 0
1785388478182 1813036 1688736 124300 0
1785388478219 1437756 1313456 124300 0
1785388478256 1515328 1399416 115912 0
1785388478293 1570432 1454692 115740 0
1785388478330 1584816 1460516 124300 0
1785388478365 1584816 1460516 124300 0
1785388478399 1625248 1501532 123716 0
1785388478434 1584464 1543280 41184 0
1785388478468 1724716 1600704 124012 0
1785388478507 1767612 1652832 114780 0
1785388478545 1804036 1679736 124300 0
1785388478584 1805180 1680880 124300 0
1785388478622 1718068 1593756 124312 0
1785388478661 1727444 1602980 124464 0
1785388478699 1743828 1619364 124464 0
1785388478736 1762260 1637796 124464 0
1785388478773 1778644 1654180 124464 0
1785388478811 1795028 1670564 124464 0
1785388478849 1811412 1686948 124464 0
1785388478886 1827796 1703332 124464 0
1785388478922 1844180 1719716 124464 0
1785388478960 1860564 1736100 124464 0
1785388478998 1876948 1752484 124464 0
1785388479035 1893132 1768668 124464 0
1785388479073 1911564 1787100 124464 0
1785388479112 1927948 1803484 124464 0
1785388479149 1944332 1819868 124464 0
1785388479188 1960716 1836252 124464 0
1785388479226 1975052 1850588 124464 0
1785388479265 1993484 1869020 124464 0
1785388479303 2009868 1885404 124464 0
1785388479341 2026252 1901788 124464 0
1785388479379 2044684 1920220 124464 0
1785388479417 2061068 1936604 124464 0
1785388479455 1805396 1680908 124488 0
1785388479494 1805400 1680912 124488 0
1785388479533 1805404 1680916 124488 0
1785388479571 1805408 1680920 124488 0
1785388479609 1805408 1680920 124488 0
1785388479647 1805412 1680924 124488 0
1785388479685 1805412 1680924 124488 0
1785388479723 1805412 1680924 124488 0
1785388479761 1805420 1680932 124488 0
1785388479799 1805424 1680936 124488 0
1785388479836 1805428 1680940 124488 0
1785388479874 1805428 1680940 124488 0
1785388479911 1805428 1680940 124488 0
1785388479952 1805428 1680940 124488 0
1785388479988 1805432 1680944 124488 0
1785388480024 1805436 1680948 124488 0
1785388480062 1805440 1680952 124488 0
1785388480100 1805440 1680952 124488 0
1785388480137 1805440 1680952 124488 0
1785388480175 1805444 1680956 124488 0
1785388480212 1805444 1680956 124488 0
1785388480250 1805452 1680964 124488 0
1785388480286 1805452 1680964 124488 0
1785388480323 1805456 1680968 124488 0
1785388480362 1805460 1680972 124488 0
1785388480398 1805460 1680972 124488 0
1785388480435 1805464 1680976 124488 0
1785388480472 1805464 1680976 124488 0
1785388480510 1805468 1680980 124488 0
1785388480547 1805472 1680984 124488 0
1785388480584 1805476 1680988 124488 0
1785388480621 1805484 1680996 124488 0
1785388480657 1805484 1680996 124488 0
1785388480694 1805484 1680996 124488 0
1785388480731 1805484 1680996 124488 0
1785388480769 1805488 1681000 124488 0
1785388480807 1805488 1681000 124488 0
1785388480844 1805488 1681000 124488 0
1785388480882 1805496 1681008 124488 0
1785388480920 1805496 1681008 124488 0
1785388480957 1805500 1681012 124488 0
1785388480995 1805500 1681012 124488 0
1785388481031 1805500 1681012 124488 0
1785388481069 1805508 1681020 124488 0
1785388481107 1805512 1681024 124488 0
1785388481144 1805512 1681024 124488 0
1785388481179 1805512 1681024 124488 0
1785388481217 1805516 1681028 124488 0
1785388481253 1805516 1681028 124488 0
1785388481288 1805516 1681028 124488 0
1785388481326 1805528 1681040 124488 0
1785388481365 1805528 1681040 124488 0
1785388481412 1805528 1681040 124488 0
1785388481447 1805528 1681040 124488 0
1785388481482 1805528 1681040 124488 0
1785388481519 1805528 1681040 124488 0
1785388481555 1805532 1681044 124488 0
1785388481593 1805536 1681048 124488 0
1785388481632 1805544 1681056 124488 0
1785388481670 1805544 1681056 124488 0
1785388481708 1805544 1681056 124488 0
1785388481745 1805392 1680908 124484 0
1785388481781 1816040 1691552 124488 0
1785388481820 1823988 1699500 124488 0
1785388481859 1823992 1699504 124488 0
1785388481898 1823996 1699508 124488 0
1785388481936 1824252 1699764 124488 0
1785388481974 1840700 1716216 124484 0
1785388482009 1842432 1717944 124488 0
1785388482045 1842432 1717944 124488 0
1785388482082 1860872 1736384 124488 0
1785388482120 1860880 1736392 124488 0
1785388482158 1860880 1736392 124488 0
1785388482197 1860884 1736396 124488 0
1785388482235 1860732 1736248 124484 0
1785388482272 1879324 1754836 124488 0
1785388482310 1888008 1763520 124488 0
1785388482349 1897760 1773272 124488 0
1785388482387 1897764 1773276 124488 0
1785388482424 1897764 1773276 124488 0
1785388482463 1897776 1773288 124488 0
1785388482501 1897624 1773140 124484 0
1785388482539 1916216 1791728 124488 0
1785388482577 1916216 1791728 124488 0
1785388482614 1934500 1810016 124484 0
1785388482653 1897920 1773432 124488 0
1785388482690 1897920 1773432 124488 0
1785388482728 1723940 1599452 124488 0
1785388482766 1723940 1599452 124488 0
1785388482806 1723948 1599460 124488 0
1785388482844 1723948 1599460 124488 0
1785388482883 1723948 1599460 124488 0
1785388482921 1723956 1599468 124488 0
1785388482961 1714400 1598296 116104 0
1785388482999 1668504 1544020 124484 0
1785388483037 1622808 1506136 116672 0
1785388483075 839724 715240 124484 0
1785388483110 905480 780992 124488 0
1785388483146 1007220 891244 115976 0
1785388483182 1025320 901832 123488 0
1785388483218 1008020 891352 116668 0
1785388483254 1026396 901908 124488 0
1785388483291 1017208 892720 124488 0
1785388483326 1017080 892596 124484 0
1785388483362 1017116 892632 124484 0
1785388483397 1017152 892668 124484 0
1785388483432 1017160 892676 124484 0
1785388483468 1329912 1205428 124484 0
1785388483502 1385228 1260744 124484 0
1785388483538 1072748 948260 124488 0
1785388483573 1676864 1560196 116668 0
1785388483612 1773420 1648388 125032 0
1785388483650 1532748 1407720 125028 0
1785388483686 1791148 1666116 125032 0
1785388483724 1830224 1706344 123880 0
1785388483764 1831724 1706384 125340 0
1785388483804 1831724 1706384 125340 0
1785388483839 1831724 1706384 125340 0
1785388483874 1831724 1706384 125340 0
1785388483909 1831724 1706384 125340 0
1785388483944 1831724 1706384 125340 0
1785388483978 1831724 1706384 125340 0
1785388484017 1831724 1706384 125340 0
1785388484052 1831724 1706384 125340 0
1785388484087 1831724 1706384 125340 0
1785388484122 1828280 1710252 118028 0
1785388484163 1853624 1727796 125828 0
1785388484202 1863292 1737464 125828 0
1785388484242 1881724 1755896 125828 0
1785388484280 1900156 1774328 125828 0
1785388484320 1916540 1790712 125828 0
1785388484357 1932924 1807096 125828 0
1785388484395 1951356 1825528 125828 0
1785388484434 1967740 1841912 125828 0
1785388484473 1986172 1860344 125828 0
1785388484512 2002556 1876728 125828 0
1785388484552 2018940 1893112 125828 0
1785388484590 2035856 1909696 126160 0
1785388484629 2035856 1909696 126160 0
1785388484667 2035952 1909792 126160 0
1785388484703 2036048 1909888 126160 0
1785388484739 2036048 1909888 126160 0
1785388484776 2036144 1909984 126160 0
1785388484813 2036144 1909984 126160 0
1785388484850 2036240 1910080 126160 0
1785388484886 2036336 1910176 126160 0
1785388484923 2036336 1910176 126160 0
1785388484960 2036432 1910272 126160 0
1785388484996 2036524 1910364 126160 0
1785388485033 2036524 1910364 126160 0
1785388485069 2049184 1923024 126160 0
1785388485107 2065568 1939408 126160 0
1785388485146 2081956 1955796 126160 0
1785388485184 1249688 1123528 126160 0
1785388485221 2077696 1951480 126216 0
1785388485259 2094080 1967864 126216 0
1785388485298 2110464 1984248 126216 0
1785388485337 2128896 2002680 126216 0
1785388485376 2145280 2019064 126216 0
1785388485413 2163712 2037496 126216 0
1785388485452 2180096 2053880 126216 0
1785388485491 2196480 2070264 126216 0
1785388485529 2214912 2088696 126216 0
1785388485569 2231296 2105080 126216 0
1785388485607 2243684 2117468 126216 0
1785388485733 2264164 2137948 126216 0
1785388485838 2276452 2150236 126216 0
1785388485959 2311268 2185052 126216 0
1785388486084 2329700 2203484 126216 0
1785388486194 2348132 2221916 126216 0
1785388486322 2382948 2256732 126216 0
1785388486466 2407524 2281308 126216 0
1785388486602 2245208 2118992 126216 0
1785388486642 2245208 2118992 126216 0
1785388486682 2245208 2118992 126216 0
1785388486722 2245208 2118992 126216 0
1785388486760 2245208 2118992 126216 0
1785388486797 2245208 2118992 126216 0
1785388486834 2245208 2118992 126216 0
1785388486871 2245208 2118992 126216 0
1785388486906 2245208 2118992 126216 0
1785388486941 2245208 2118992 126216 0
1785388486978 2245208 2118992 126216 0
1785388487015 2245208 2118992 126216 0
1785388487052 2245208 2118992 126216 0
1785388487088 2245208 2118992 126216 0
1785388487125 2245208 2118992 126216 0
1785388487162 2245208 2118992 126216 0
1785388487199 2245208 2118992 126216 0
1785388487235 2245208 2118992 126216 0
1785388487272 2245208 2118992 126216 0
1785388487309 2245208 2118992 126216 0
1785388487344 2245208 2118992 126216 0
1785388487380 2245208 2118992 126216 0
1785388487417 2245208 2118992 126216 0
1785388487454 2245208 2118992 126216 0
1785388487490 2245208 2118992 126216 0
1785388487526 2245208 2118992 126216 0
1785388487561 2245208 2118992 126216 0
1785388487598 2245208 2118992 126216 0
1785388487634 2245208 2118992 126216 0
1785388487671 2245208 2118992 126216 0
1785388487707 2245208 2118992 126216 0
1785388487754 2245208 2118992 126216 0
1785388487790 2245208 2118992 126216 0
1785388487828 2245208 2118992 126216 0
1785388487864 2245208 2118992 126216 0
1785388487899 2245208 2118992 126216 0
1785388487935 2245208 2118992 126216 0
1785388487970 2245208 2118992 126216 0
1785388488007 2245208 2118992 126216 0
1785388488044 2245208 2118992 126216 0
1785388488081 2245208 2118992 126216 0
1785388488117 2245208 2118992 126216 0
1785388488154 1430012 1303796 126216 0
1785388488188 1280468 1154108 126360 0
1785388488222 1709640 1582764 126876 0
1785388488260 1709832 1582784 127048 0
1785388488299 1715232 1588184 127048 0
1785388488338 1724756 1597708 127048 0
1785388488377 1725224 1598176 127048 0
1785388488416 1725224 1598176 127048 0
1785388488455 1725224 1598176 127048 0
1785388488494 1725224 1598176 127048 0
1785388488533 1725260 1598180 127080 0
1785388488573 1726024 1598944 127080 0
1785388488612 1726792 1599712 127080 0
1785388488651 1728328 1601248 127080 0
1785388488690 1750388 1623184 127204 0
1785388488729 1775032 1647696 127336 0
1785388488769 1166192 1038796 127396 0
1785388488806 1744876 1620992 123884 0
1785388488846 1166200 1038800 127400 0
1785388488881 1840504 1713104 127400 0
1785388488919 1840516 1713116 127400 0
1785388488961 1854848 1727448 127400 0
1785388489001 1854848 1727448 127400 0
1785388489040 1854848 1727448 127400 0
1785388489081 1168256 1040856 127400 0
1785388489117 1168256 1040856 127400 0
1785388489153 1842560 1715160 127400 0
1785388489191 1842560 1715160 127400 0
1785388489233 1854848 1727448 127400 0
1785388489272 1854848 1727448 127400 0
1785388489311 1854848 1727448 127400 0
1785388489350 1854364 1732060 122304 0
1785388489389 1860992 1733592 127400 0
1785388489428 1860992 1733592 127400 0
1785388489467 1860992 1733592 127400 0
1785388489507 1730260 1602864 127396 0
1785388489546 1531160 1403764 127396 0
1785388489582 1848704 1721304 127400 0
1785388489622 1456456 1337472 118984 0
1785388489662 1793744 1666136 127608 0
1785388489701 1793748 1666140 127608 0
1785388489741 1796052 1668444 127608 0
1785388489781 1796128 1668456 127672 0
1785388489821 1796128 1668456 127672 0
1785388489860 1796128 1668456 127672 0
1785388489899 1796128 1668456 127672 0
1785388489939 1796128 1668456 127672 0
1785388489979 1796128 1668456 127672 0
1785388490018 1796128 1668456 127672 0
1785388490058 1796128 1668456 127672 0
1785388490098 1796128 1668456 127672 0
1785388490137 1796128 1668456 127672 0
1785388490177 1796128 1668456 127672 0
1785388490216 1796128 1668456 127672 0
1785388490255 1796128 1668456 127672 0
1785388490295 1796128 1668456 127672 0
1785388490335 1796128 1668456 127672 0
1785388490374 1796128 1668456 127672 0
1785388490414 1796128 1668456 127672 0
1785388490453 1796128 1668456 127672 0
1785388490493 1796128 1668456 127672 0
1785388490533 1796132 1668460 127672 0
1785388490573 1796132 1668460 127672 0
1785388490613 1796132 1668460 127672 0
1785388490652 1796132 1668460 127672 0
1785388490692 1796132 1668460 127672 0
1785388490732 1796132 1668460 127672 0
1785388490772 1796132 1668460 127672 0
1785388490811 1796132 1668460 127672 0
1785388490851 1796132 1668460 127672 0
1785388490891 1796900 1669228 127672 0
1785388490931 1799208 1671536 127672 0
1785388490971 1802332 1674660 127672 0
1785388491011 1802616 1674944 127672 0
1785388491051 1802620 1674948 127672 0
1785388491091 1490888 1363220 127668 0
1785388491127 1806860 1679188 127672 0
1785388491165 1808640 1680968 127672 0
1785388491205 1819148 1691476 127672 0
1785388491245 1835532 1707860 127672 0
1785388491283 1823812 1698380 125432 0
1785388491321 1827200 1699528 127672 0
1785388491362 1835884 1716628 119256 0
1785388491401 1845504 1717832 127672 0
1785388491441 1845504 1717832 127672 0
1785388491481 1845504 1717832 127672 0
1785388491521 1484616 1356948 127668 0
1785388491561 1177372 1049700 127672 0
1785388491596 1481500 1353828 127672 0
1785388491635 1514140 1386472 127668 0
1785388491671 1177372 1049700 127672 0
1785388491707 1863968 1736296 127672 0
1785388491747 1865028 1747312 117716 0
1785388491788 1876256 1748584 127672 0
1785388491827 1876256 1748584 127672 0
1785388491867 1557152 1429484 127668 0
1785388491906 1888544 1760872 127672 0
1785388491946 1888544 1760872 127672 0
1785388491985 1888544 1760872 127672 0
1785388492024 1837692 1713572 124120 0
1785388492065 1177372 1049700 127672 0
1785388492100 1876256 1748584 127672 0
1785388492139 1872444 1758520 113924 0
1785388492181 1888548 1760876 127672 0
1785388492222 1888548 1760876 127672 0
1785388492261 1481504 1353832 127672 0
1785388492301 1260208 1132636 127572 0
1785388492338 1307940 1180268 127672 0
1785388492374 1870116 1742444 127672 0
1785388492412 1497092 1378864 118228 0
1785388492453 1821088 1693416 127672 0
1785388492493 1821088 1693416 127672 0
1785388492531 1821088 1693416 127672 0
1785388492571 1489132 1361464 127668 0
1785388492606 1770972 1656112 114860 0
1785388492644 1863464 1739304 124160 0
1785388492686 1177376 1049704 127672 0
1785388492722 1177376 1049704 127672 0
1785388492758 1502440 1374768 127672 0
1785388492797 1935592 1816988 118604 0
1785388492840 1946916 1819244 127672 0
1785388492879 1946916 1819244 127672 0
1785388492919 1177376 1049704 127672 0
1785388492956 1977636 1849964 127672 0
1785388492996 1977636 1849964 127672 0
1785388493035 1977636 1849964 127672 0
1785388493076 1977636 1849964 127672 0
1785388493116 1977636 1849964 127672 0
1785388493153 1977636 1849964 127672 0
1785388493191 1977636 1849964 127672 0
1785388493235 1977636 1849964 127672 0
1785388493275 1977636 1849964 127672 0
1785388493313 1977636 1849964 127672 0
1785388493354 1977636 1849964 127672 0
1785388493394 1977636 1849964 127672 0
1785388493434 1977636 1849964 127672 0
1785388493474 1959332 1831660 127672 0
1785388493516 1961720 1834048 127672 0
1785388493559 1962064 1834048 128016 0
1785388493599 1961596 1833708 127888 0
1785388493639 1979608 1851592 128016 0
1785388493678 2004944 1876928 128016 0
1785388493719 2014424 1886408 128016 0
1785388493759 1944872 1816860 128012 0
1785388493799 1486872 1358856 128016 0
1785388493842 2130636 2002572 128064 0
1785388493883 2130636 2002572 128064 0
1785388493924 1958604 1830540 128064 0
1785388493964 1958604 1830540 128064 0
1785388494004 1958604 1830540 128064 0
1785388494044 1958604 1830540 128064 0
1785388494083 1958604 1830540 128064 0
1785388494124 1958604 1830540 128064 0
1785388494165 1958604 1830540 128064 0
1785388494206 1958604 1830540 128064 0
1785388494245 1958604 1830540 128064 0
1785388494285 1958604 1830540 128064 0
1785388494327 1959380 1831316 128064 0
1785388494367 1959380 1831316 128064 0
1785388494406 1960148 1832084 128064 0
1785388494446 1960148 1832084 128064 0
1785388494487 1960148 1832084 128064 0
1785388494527 1960148 1832084 128064 0
1785388494568 1960148 1832084 128064 0
1785388494608 1960148 1832084 128064 0
1785388494648 1960916 1832852 128064 0
1785388494689 1960916 1832852 128064 0
1785388494727 1961160 1833096 128064 0
1785388494764 1961160 1833096 128064 0
1785388494804 1961164 1833100 128064 0
1785388494843 1961172 1833108 128064 0
1785388494884 1961172 1833108 128064 0
1785388494924 1961172 1833108 128064 0
1785388494964 1961172 1833108 128064 0
1785388495004 1979476 1851412 128064 0
1785388495045 1979476 1851412 128064 0
1785388495083 1979476 1851412 128064 0
1785388495122 1998036 1869972 128064 0
1785388495161 1998036 1869972 128064 0
1785388495202 1998036 1869972 128064 0
1785388495242 1995092 1874828 120264 0
1785388495282 2004052 1875988 128064 0
1785388495322 2004052 1875988 128064 0
1785388495362 2004052 1875988 128064 0
1785388495404 2004052 1875988 128064 0
1785388495445 2004052 1875988 128064 0
1785388495485 2004052 1875988 128064 0
1785388495527 2022488 1894424 128064 0
1785388495567 2022488 1894424 128064 0
1785388495608 2022488 1894424 128064 0
1785388495649 2010328 1882264 128064 0
1785388495690 2010328 1882264 128064 0
1785388495731 1572436 1444372 128064 0
1785388495769 1955032 1826968 128064 0
1785388495811 1955032 1826968 128064 0
1785388495851 1955032 1826968 128064 0
1785388495892 1955032 1826968 128064 0
1785388495933 1955032 1826968 128064 0
1785388495972 1955032 1826968 128064 0
1785388496013 1955032 1826968 128064 0
1785388496054 1955032 1826968 128064 0
1785388496094 1955032 1826968 128064 0
1785388496134 1955032 1826968 128064 0
1785388496174 1955032 1826968 128064 0
1785388496213 1955032 1826968 128064 0
1785388496254 1955032 1826968 128064 0
1785388496295 1955032 1826968 128064 0
1785388496334 1955032 1826968 128064 0
1785388496373 1955032 1826968 128064 0
1785388496412 1955032 1826968 128064 0
1785388496451 1955032 1826968 128064 0
1785388496490 1955032 1826968 128064 0
1785388496529 1955032 1826968 128064 0
1785388496568 1955032 1826968 128064 0
1785388496607 1955032 1826968 128064 0
1785388496646 1955032 1826968 128064 0
1785388496687 1955032 1826968 128064 0
1785388496727 1955032 1826968 128064 0
1785388496766 1955032 1826968 128064 0
1785388496805 1955032 1826968 128064 0
1785388496846 1955032 1826968 128064 0
1785388496886 1955032 1826968 128064 0
1785388496927 1955032 1826968 128064 0
1785388496966 1955036 1826972 128064 0
1785388497004 1955036 1826972 128064 0
1785388497043 1955036 1826972 128064 0
1785388497082 1955036 1826972 128064 0
1785388497119 1955036 1826972 128064 0
1785388497158 1955036 1826972 128064 0
1785388497196 1955036 1826972 128064 0
1785388497234 1955036 1826972 128064 0
1785388497274 1955036 1826972 128064 0
1785388497313 1955036 1826972 128064 0
1785388497353 1955036 1826972 128064 0
1785388497392 1955036 1826972 128064 0
1785388497429 1955036 1826972 128064 0
1785388497467 1955036 1826972 128064 0
1785388497506 1955036 1826972 128064 0
1785388497546 1955040 1826976 128064 0
1785388497587 1955040 1826976 128064 0
1785388497626 1547028 1418964 128064 0
1785388497662 1563216 1448276 114940 0
1785388497703 1955040 1826976 128064 0
1785388497743 1547048 1418984 128064 0
1785388497781 1973344 1845280 128064 0
1785388497823 2004064 1876000 128064 0
1785388497864 2004064 1876000 128064 0
1785388497904 2004064 1876000 128064 0
1785388497945 2004064 1876000 128064 0
1785388497986 2004064 1876000 128064 0
1785388498026 2004064 1876000 128064 0
1785388498064 2010208 1882144 128064 0
1785388498105 2010208 1882144 128064 0
1785388498145 2010208 1882144 128064 0
1785388498185 2010208 1882144 128064 0
1785388498226 2010208 1882144 128064 0
1785388498267 2010208 1882144 128064 0
1785388498307 2010208 1882144 128064 0
1785388498348 1991904 1863840 128064 0
1785388498389 1991904 1863840 128064 0
1785388498430 1991904 1863840 128064 0
1785388498469 1991904 1863840 128064 0
1785388498509 1991904 1863840 128064 0
1785388498550 1991904 1863840 128064 0
1785388498589 1991904 1863840 128064 0
1785388498629 1991904 1863840 128064 0
1785388498668 1991904 1863840 128064 0
1785388498707 1991904 1863840 128064 0
1785388498746 2004064 1876000 128064 0
1785388498786 2004064 1876000 128064 0
1785388498827 2004064 1876000 128064 0
1785388498866 2016352 1888288 128064 0
1785388498907 2016352 1888288 128064 0
1785388498947 2016352 1888288 128064 0
1785388498987 2016352 1888288 128064 0
1785388499027 2016352 1888288 128064 0
1785388499068 2016352 1888288 128064 0
1785388499108 2022496 1894432 128064 0
1785388499148 2022496 1894432 128064 0
1785388499189 2022496 1894432 128064 0
1785388499229 2004192 1876128 128064 0
1785388499269 2004192 1876128 128064 0
1785388499311 2004192 1876128 128064 0
1785388499349 2011496 1883432 128064 0
1785388499386 2046064 1918956 127108 0
1785388499426 2047072 1919008 128064 0
1785388499462 2047072 1919008 128064 0
1785388499500 2071648 1943584 128064 0
1785388499541 1971876 1843956 127920 0
1785388499583 1998048 1869984 128064 0
1785388499622 1998048 1869984 128064 0
1785388499662 1998048 1869984 128064 0
1785388499701 1998048 1869984 128064 0
1785388499739 1998048 1869984 128064 0
1785388499777 1998048 1869984 128064 0
1785388499816 1998048 1869984 128064 0
1785388499856 1998048 1869984 128064 0
1785388499897 1998048 1869984 128064 0
1785388499937 1998048 1869984 128064 0
1785388499975 1998048 1869984 128064 0
1785388500012 1998048 1869984 128064 0
1785388500047 1998052 1869988 128064 0
1785388500088 1998056 1869992 128064 0
1785388500128 1998056 1869992 128064 0
1785388500165 1998056 1869992 128064 0
1785388500205 1998056 1869992 128064 0
1785388500243 1998056 1869992 128064 0
1785388500281 1998056 1869992 128064 0
1785388500320 1998056 1869992 128064 0
1785388500358 1998056 1869992 128064 0
1785388500396 1998056 1869992 128064 0
1785388500438 1998060 1869996 128064 0
1785388500476 1998068 1870004 128064 0
1785388500515 1998072 1870008 128064 0
1785388500555 1998072 1870008 128064 0
1785388500596 1998072 1870008 128064 0
1785388500635 1998072 1870008 128064 0
1785388500674 1998072 1870008 128064 0
1785388500713 2010232 1882168 128064 0
1785388500753 2010232 1882168 128064 0
1785388500792 2010080 1882020 128060 0
1785388500831 2034812 1906748 128064 0
1785388500871 2034812 1906748 128064 0
1785388500912 2034812 1906748 128064 0
1785388500952 2047100 1919036 128064 0
1785388500992 2047100 1919036 128064 0
1785388501033 2047100 1919036 128064 0
1785388501073 2028796 1900732 128064 0
1785388501112 2028796 1900732 128064 0
1785388501150 2028796 1900732 128064 0
1785388501189 2028796 1900732 128064 0
1785388501230 2028796 1900732 128064 0
1785388501269 2028796 1900732 128064 0
1785388501308 1185400 1057336 128064 0
1785388501345 1998076 1870012 128064 0
1785388501385 1998076 1870012 128064 0
1785388501424 1998076 1870012 128064 0
1785388501464 1998076 1870012 128064 0
1785388501503 1998076 1870012 128064 0
1785388501542 1998076 1870012 128064 0
1785388501582 1998076 1870012 128064 0
1785388501621 1998076 1870012 128064 0
1785388501662 1998080 1870016 128064 0
1785388501702 1998080 1870016 128064 0
1785388501741 1998080 1870016 128064 0
1785388501780 1998080 1870016 128064 0
1785388501820 1998080 1870016 128064 0
1785388501859 1998080 1870016 128064 0
1785388501898 1998080 1870016 128064 0
1785388501938 1998080 1870016 128064 0
1785388501977 1998080 1870016 128064 0
1785388502016 1998080 1870016 128064 0
1785388502055 1998080 1870016 128064 0
1785388502094 1998080 1870016 128064 0
1785388502135 1998080 1870016 128064 0
1785388502175 1998080 1870016 128064 0
1785388502214 1998080 1870016 128064 0
1785388502254 1998080 1870016 128064 0
1785388502295 1998080 1870016 128064 0
1785388502335 1998080 1870016 128064 0
1785388502374 1998080 1870016 128064 0
1785388502414 1998080 1870016 128064 0
1785388502453 1998080 1870016 128064 0
1785388502494 1998080 1870016 128064 0
1785388502534 1998080 1870016 128064 0
1785388502573 1998080 1870016 128064 0
1785388502612 1998088 1870024 128064 0
1785388502650 1998088 1870024 128064 0
1785388502689 1998088 1870024 128064 0
1785388502727 1998088 1870024 128064 0
1785388502764 1998088 1870024 128064 0
1785388502804 1998088 1870024 128064 0
1785388502842 1998088 1870024 128064 0
1785388502881 1998088 1870024 128064 0
1785388502919 1998088 1870024 128064 0
1785388502960 1998088 1870024 128064 0
1785388502999 1998088 1870024 128064 0
1785388503038 1998088 1870024 128064 0
1785388503077 1998088 1870024 128064 0
1785388503115 1998088 1870024 128064 0
1785388503155 1998088 1870024 128064 0
1785388503196 1998088 1870024 128064 0
1785388503236 1998088 1870024 128064 0
1785388503274 1800500 1672440 128060 0
1785388503316 1998088 1870024 128064 0
1785388503356 1955844 1831552 124292 0
1785388503393 2028680 1900616 128064 0
1785388503431 2057224 1929828 127396 0
1785388503473 2059404 1931340 128064 0
1785388503512 2059404 1931340 128064 0
1785388503551 2059404 1931340 128064 0
1785388503595 2059404 1931340 128064 0
1785388503635 2059404 1931340 128064 0
1785388503672 2059404 1931340 128064 0
1785388503713 2059404 1931340 128064 0
1785388503751 2059404 1931340 128064 0
1785388503790 2059404 1931340 128064 0
1785388503830 2041100 1913036 128064 0
1785388503872 2041100 1913036 128064 0
1785388503911 1956452 1828392 128060 0
1785388503951 1998092 1870028 128064 0
1785388503990 1998092 1870028 128064 0
1785388504029 1998092 1870028 128064 0
1785388504069 1998092 1870028 128064 0
1785388504109 1998092 1870028 128064 0
1785388504148 1998092 1870028 128064 0
1785388504187 1998092 1870028 128064 0
1785388504227 1997940 1869880 128060 0
1785388504266 2022544 1894480 128064 0
1785388504306 2022544 1894480 128064 0
1785388504346 2022544 1894480 128064 0
1785388504386 2036408 1910732 125676 0
1785388504428 2047120 1919056 128064 0
1785388504467 2047120 1919056 128064 0
1785388504506 2047120 1919056 128064 0
1785388504548 2047120 1919056 128064 0
1785388504587 2047120 1919056 128064 0
1785388504627 1681684 1562872 118812 0
1785388504666 2065552 1937488 128064 0
1785388504706 2065552 1937488 128064 0
1785388504745 2065552 1937488 128064 0
1785388504786 2065552 1937488 128064 0
1785388504825 2065552 1937488 128064 0
1785388504865 2065400 1937340 128060 0
1785388504905 2071696 1943632 128064 0
1785388504945 2071696 1943632 128064 0
1785388504985 2071696 1943632 128064 0
1785388505024 2071696 1943632 128064 0
1785388505060 2083984 1955920 128064 0
1785388505099 2083984 1955920 128064 0
1785388505137 1982432 1854372 128060 0
1785388505174 1489548 1361484 128064 0
1785388505215 2034960 1906896 128064 0
1785388505256 2034960 1906896 128064 0
1785388505296 2034960 1906896 128064 0
1785388505335 2034960 1906896 128064 0
1785388505372 2034960 1906896 128064 0
1785388505411 2034960 1906896 128064 0
1785388505449 2034960 1906896 128064 0
1785388505489 2034960 1906896 128064 0
1785388505527 2034960 1906896 128064 0
1785388505565 2034960 1906896 128064 0
1785388505604 2034960 1906896 128064 0
1785388505644 2034960 1906896 128064 0
1785388505683 1998100 1870036 128064 0
1785388505723 1998100 1870036 128064 0
1785388505762 1998100 1870036 128064 0
1785388505800 1998100 1870036 128064 0
1785388505838 1998100 1870036 128064 0
1785388505877 1998100 1870036 128064 0
1785388505916 1998100 1870036 128064 0
1785388505955 1998100 1870036 128064 0
1785388505993 1998104 1870040 128064 0
1785388506033 1998104 1870040 128064 0
1785388506071 1998108 1870044 128064 0
1785388506110 1998116 1870052 128064 0
1785388506148 1998116 1870052 128064 0
1785388506188 1998116 1870052 128064 0
1785388506228 1998116 1870052 128064 0
1785388506267 1185440 1057376 128064 0
1785388506302 2007352 1887056 120296 0
1785388506341 2047144 1919080 128064 0
1785388506383 2047144 1919080 128064 0
1785388506424 2047144 1919080 128064 0
1785388506464 2059432 1931368 128064 0
1785388506506 2059432 1931368 128064 0
1785388506545 2059432 1931368 128064 0
1785388506583 2077864 1949800 128064 0
1785388506623 2077864 1949800 128064 0
1785388506663 2077864 1949800 128064 0
1785388506702 2107416 1980488 126928 0
1785388506743 2108584 1980520 128064 0
1785388506782 2108584 1980520 128064 0
1785388506822 2108584 1980520 128064 0
1785388506866 2108584 1980520 128064 0
1785388506907 2108584 1980520 128064 0
1785388506946 1489572 1361508 128064 0
1785388506986 2071848 1943784 128064 0
1785388507029 2071848 1943784 128064 0
1785388507072 2071848 1943784 128064 0
1785388507112 2071848 1943784 128064 0
1785388507153 2071848 1943784 128064 0
1785388507193 2071848 1943784 128064 0
1785388507233 2071848 1943784 128064 0
1785388507273 2071848 1943784 128064 0
1785388507315 2071848 1943784 128064 0
1785388507356 2071848 1943784 128064 0
1785388507398 2071848 1943784 128064 0
1785388507438 2071848 1943784 128064 0
1785388507480 2071848 1943784 128064 0
1785388507521 2071848 1943784 128064 0
1785388507563 2071848 1943784 128064 0
1785388507603 2071848 1943784 128064 0
1785388507642 2071848 1943784 128064 0
1785388507684 2071848 1943784 128064 0
1785388507725 2071848 1943784 128064 0
1785388507766 2071848 1943784 128064 0
1785388507805 2071848 1943784 128064 0
1785388507846 2071848 1943784 128064 0
1785388507887 2071848 1943784 128064 0
1785388507928 2071848 1943784 128064 0
1785388507970 2071848 1943784 128064 0
1785388508012 2071848 1943784 128064 0
1785388508052 2071848 1943784 128064 0
1785388508094 2071848 1943784 128064 0
1785388508136 2071848 1943784 128064 0
1785388508176 2071848 1943784 128064 0
1785388508219 2071848 1943784 128064 0
1785388508258 2071848 1943784 128064 0
1785388508300 2071848 1943784 128064 0
1785388508341 2071856 1943792 128064 0
1785388508382 2071856 1943792 128064 0
1785388508422 2071856 1943792 128064 0
1785388508461 2071856 1943792 128064 0
1785388508501 2071856 1943792 128064 0
1785388508540 2071856 1943792 128064 0
1785388508579 2071856 1943792 128064 0
1785388508622 2071856 1943792 128064 0
1785388508662 2071856 1943792 128064 0
1785388508703 2071856 1943792 128064 0
1785388508745 2071856 1943792 128064 0
1785388508785 2071856 1943792 128064 0
1785388508825 2071856 1943792 128064 0
1785388508865 2071856 1943792 128064 0
1785388508908 2071856 1943792 128064 0
1785388508949 2071856 1943792 128064 0
1785388508990 2071856 1943792 128064 0
1785388509031 2071860 1943796 128064 0
1785388509072 2071860 1943796 128064 0
1785388509113 2071860 1943796 128064 0
1785388509156 2071860 1943796 128064 0
1785388509197 2071860 1943796 128064 0
1785388509238 2071860 1943796 128064 0
1785388509280 2071860 1943796 128064 0
1785388509322 2071860 1943796 128064 0
1785388509362 2071860 1943796 128064 0
1785388509405 2071864 1943800 128064 0
1785388509446 2071864 1943800 128064 0
1785388509487 2071864 1943800 128064 0
1785388509530 2071864 1943800 128064 0
1785388509571 2071864 1943800 128064 0
1785388509612 2071864 1943800 128064 0
1785388509651 2071864 1943800 128064 0
1785388509694 2071864 1943800 128064 0
1785388509735 2071864 1943800 128064 0
1785388509776 2071864 1943800 128064 0
1785388509818 2071864 1943800 128064 0
1785388509860 2071864 1943800 128064 0
1785388509901 2071864 1943800 128064 0
1785388509942 2071864 1943800 128064 0
1785388509984 2071864 1943800 128064 0
1785388510026 2071864 1943800 128064 0
1785388510066 1659548 1539304 120244 0
1785388510106 2101692 1973628 128064 0
1785388510148 2101692 1973628 128064 0
1785388510188 2101692 1973628 128064 0
1785388510229 2101692 1973628 128064 0
1785388510268 2101692 1973628 128064 0
1785388510306 2101692 1973628 128064 0
1785388510345 2083384 1955320 128064 0
1785388510387 2083384 1955320 128064 0
1785388510428 2083384 1955320 128064 0
1785388510468 2101692 1973628 128064 0
1785388510509 2101692 1973628 128064 0
1785388510550 2101692 1973628 128064 0
1785388510590 2063344 1935852 127492 0
1785388510632 2064952 1936888 128064 0
1785388510676 2064952 1936888 128064 0
1785388510716 2064952 1936888 128064 0
1785388510754 2079824 1960144 119680 0
1785388510795 2089404 1961340 128064 0
1785388510834 2107836 1979772 128064 0
1785388510873 1489588 1361524 128064 0
1785388510916 2064952 1936888 128064 0
1785388510958 2064952 1936888 128064 0
1785388511000 2064952 1936888 128064 0
1785388511040 2064952 1936888 128064 0
1785388511079 2064952 1936888 128064 0
1785388511118 2064952 1936888 128064 0
1785388511156 2064952 1936888 128064 0
1785388511195 2064952 1936888 128064 0
1785388511236 2064952 1936888 128064 0
1785388511278 2064952 1936888 128064 0
1785388511317 2064952 1936888 128064 0
1785388511358 2064952 1936888 128064 0
1785388511399 2064956 1936892 128064 0
1785388511439 2064956 1936892 128064 0
1785388511480 2064956 1936892 128064 0
1785388511521 2064956 1936892 128064 0
1785388511561 2064956 1936892 128064 0
1785388511602 2064956 1936892 128064 0
1785388511643 2064956 1936892 128064 0
1785388511684 2064956 1936892 128064 0
1785388511724 2064956 1936892 128064 0
1785388511765 2064968 1936904 128064 0
1785388511806 2064980 1936916 128064 0
1785388511847 2064984 1936920 128064 0
1785388511889 2064984 1936920 128064 0
1785388511928 2064984 1936920 128064 0
1785388511970 2064984 1936920 128064 0
1785388512010 2064984 1936920 128064 0
1785388512052 2071004 1942940 128064 0
1785388512093 1986356 1858296 128060 0
1785388512132 1672668 1544604 128064 0
1785388512169 2113488 1988952 124536 0
1785388512212 2120156 1992092 128064 0
1785388512254 2120156 1992092 128064 0
1785388512294 2066480 1942220 124260 0
1785388512335 2126300 1998236 128064 0
1785388512375 2126300 1998236 128064 0
1785388512414 1717728 1589664 128064 0
1785388512454 2132448 2004384 128064 0
1785388512494 2132448 2004384 128064 0
1785388512532 1185496 1057432 128064 0
1785388512568 2114016 1985952 128064 0
1785388512609 2114016 1985952 128064 0
1785388512648 2114016 1985952 128064 0
1785388512689 2114016 1985952 128064 0
1785388512731 2095708 1967644 128064 0
1785388512773 2095708 1967644 128064 0
1785388512815 2095708 1967644 128064 0
1785388512857 2095708 1967644 128064 0
1785388512898 2095708 1967644 128064 0
1785388512938 2095708 1967644 128064 0
1785388512979 2095708 1967644 128064 0
1785388513020 2095708 1967644 128064 0
1785388513062 2095708 1967644 128064 0
1785388513103 2095708 1967644 128064 0
1785388513145 2095708 1967644 128064 0
1785388513186 2095708 1967644 128064 0
1785388513225 2095708 1967644 128064 0
1785388513264 2095708 1967644 128064 0
1785388513306 2095708 1967644 128064 0
1785388513347 2095708 1967644 128064 0
1785388513387 2095708 1967644 128064 0
1785388513426 2095708 1967644 128064 0
1785388513468 2095708 1967644 128064 0
1785388513509 2095708 1967644 128064 0
1785388513550 2095708 1967644 128064 0
1785388513589 2095708 1967644 128064 0
1785388513630 2095708 1967644 128064 0
1785388513671 2095708 1967644 128064 0
1785388513711 2095708 1967644 128064 0
1785388513750 2095708 1967644 128064 0
1785388513792 2095708 1967644 128064 0
1785388513832 2095708 1967644 128064 0
1785388513874 2095708 1967644 128064 0
1785388513914 2095708 1967644 128064 0
1785388513955 2095708 1967644 128064 0
1785388513996 2095708 1967644 128064 0
1785388514037 2095716 1967652 128064 0
1785388514078 1751652 1623588 128064 0
1785388514117 2064996 1936932 128064 0
1785388514158 2064996 1936932 128064 0
1785388514196 2064996 1936932 128064 0
1785388514234 2064996 1936932 128064 0
1785388514274 2064996 1936932 128064 0
1785388514313 2064996 1936932 128064 0
1785388514354 2064996 1936932 128064 0
1785388514395 2064996 1936932 128064 0
1785388514436 2064996 1936932 128064 0
1785388514477 2064996 1936932 128064 0
1785388514517 2065020 1936956 128064 0
1785388514559 2065020 1936956 128064 0
1785388514599 2065024 1936960 128064 0
1785388514640 1558784 1430720 128064 0
1785388514678 1776136 1648072 128064 0
1785388514717 1489664 1361600 128064 0
1785388514756 2114056 1985992 128064 0
1785388514798 2114056 1985992 128064 0
1785388514839 1397504 1269440 128064 0
1785388514878 2138632 2010568 128064 0
1785388514919 2138632 2010568 128064 0
1785388514960 2138632 2010568 128064 0
1785388515001 2144776 2016712 128064 0
1785388515042 2144776 2016712 128064 0
1785388515083 2144776 2016712 128064 0
1785388515123 2163212 2035148 128064 0
1785388515165 2163212 2035148 128064 0
1785388515206 2163212 2035148 128064 0
1785388515247 2163212 2035148 128064 0
1785388515288 2163212 2035148 128064 0
1785388515329 2163212 2035148 128064 0
1785388515369 2144904 2016840 128064 0
1785388515412 2065032 1936968 128064 0
1785388515453 2065032 1936968 128064 0
1785388515495 2065032 1936968 128064 0
1785388515537 2065032 1936968 128064 0
1785388515578 2065032 1936968 128064 0
1785388515617 1185540 1057476 128064 0
1785388515654 1699340 1571276 128064 0
1785388515692 1788464 1660404 128060 0
1785388515732 2138636 2010572 128064 0
1785388515774 2138636 2010572 128064 0
1785388515814 2138636 2010572 128064 0
1785388515854 2157068 2029004 128064 0
1785388515895 2157068 2029004 128064 0
1785388515934 2157068 2029004 128064 0
1785388515973 2163212 2035148 128064 0
1785388516015 2163212 2035148 128064 0
1785388516054 2163212 2035148 128064 0
1785388516094 2181644 2053580 128064 0
1785388516137 2181644 2053580 128064 0
1785388516177 2181644 2053580 128064 0
1785388516218 2181644 2053580 128064 0
1785388516261 2181644 2053580 128064 0
1785388516301 2181644 2053580 128064 0
1785388516342 2181644 2053580 128064 0
1785388516385 2138760 2010696 128064 0
1785388516428 2138760 2010696 128064 0
1785388516468 2138760 2010696 128064 0
1785388516507 2138760 2010696 128064 0
1785388516549 1821616 1693556 128060 0
1785388516586 2159116 2031052 128064 0
1785388516626 1480728 1360448 120280 0
1785388516669 2187912 2059848 128064 0
1785388516710 2187912 2059848 128064 0
1785388516751 2065032 1936968 128064 0
1785388516791 2065032 1936968 128064 0
1785388516830 2065032 1936968 128064 0
1785388516869 2072980 1945024 127956 0
1785388516908 1185540 1057476 128064 0
1785388516942 2065032 1936968 128064 0
1785388516982 2081548 1954188 127360 0
1785388517021 2083340 1955276 128064 0
1785388517060 2083340 1955276 128064 0
1785388517100 2083340 1955276 128064 0
1785388517137 2065032 1936968 128064 0
1785388517177 2065036 1936972 128064 0
1785388517215 2065036 1936972 128064 0
1785388517255 2065036 1936972 128064 0
1785388517296 2065036 1936972 128064 0
1785388517336 2065036 1936972 128064 0
1785388517376 2065036 1936972 128064 0
1785388517417 2065036 1936972 128064 0
1785388517457 2065036 1936972 128064 0
1785388517497 2065036 1936972 128064 0
1785388517537 2065036 1936972 128064 0
1785388517577 2065048 1936984 128064 0
1785388517617 2065052 1936988 128064 0
1785388517657 2065052 1936988 128064 0
1785388517697 2065052 1936988 128064 0
1785388517737 1885760 1757700 128060 0
1785388517775 1185560 1057496 128064 0
1785388517810 1234528 1116184 118344 0
1785388517847 2150944 2022880 128064 0
1785388517889 2150944 2022880 128064 0
1785388517929 1185560 1057496 128064 0
1785388517966 2144924 2016860 128064 0
1785388518008 1831584 1703520 128064 0
1785388518045 2152504 2029636 122868 0
1785388518086 1234832 1116180 118652 0
1785388518125 2166428 2038364 128064 0
1785388518167 2166428 2038364 128064 0
1785388518207 1185560 1057496 128064 0
1785388518244 2166428 2038364 128064 0
1785388518286 2166428 2038364 128064 0
1785388518326 2166428 2038364 128064 0
1785388518368 2166428 2038364 128064 0
1785388518411 1489688 1361624 128064 0
1785388518449 1185560 1057496 128064 0
1785388518483 2116812 1997132 119680 0
1785388518525 2151068 2023004 128064 0
1785388518566 2095772 1967708 128064 0
1785388518606 2095772 1967708 128064 0
1785388518647 2095772 1967708 128064 0
1785388518688 2095776 1967712 128064 0
1785388518730 2095776 1967712 128064 0
1785388518771 2095776 1967712 128064 0
1785388518812 2095776 1967712 128064 0
1785388518853 2095776 1967712 128064 0
1785388518895 2095776 1967712 128064 0
1785388518936 2095776 1967712 128064 0
1785388518976 2095776 1967712 128064 0
1785388519017 2095776 1967712 128064 0
1785388519058 2095776 1967712 128064 0
1785388519100 2095776 1967712 128064 0
1785388519141 2095776 1967712 128064 0
1785388519182 2095776 1967712 128064 0
1785388519224 2095776 1967712 128064 0
1785388519265 2095776 1967712 128064 0
1785388519305 2095776 1967712 128064 0
1785388519346 2095776 1967712 128064 0
1785388519386 2095776 1967712 128064 0
1785388519426 2095776 1967712 128064 0
1785388519466 2095776 1967712 128064 0
1785388519507 2095776 1967712 128064 0
1785388519548 2095776 1967712 128064 0
1785388519589 2095776 1967712 128064 0
1785388519631 2095776 1967712 128064 0
1785388519671 2095776 1967712 128064 0
1785388519713 2095776 1967712 128064 0
1785388519753 2095780 1967716 128064 0
1785388519793 2095780 1967716 128064 0
1785388519834 2095780 1967716 128064 0
1785388519874 2095788 1967724 128064 0
1785388519915 2095788 1967724 128064 0
1785388519954 2095788 1967724 128064 0
1785388519992 2095788 1967724 128064 0
1785388520032 2095788 1967724 128064 0
1785388520070 2095788 1967724 128064 0
1785388520111 2095788 1967724 128064 0
1785388520150 2095788 1967724 128064 0
1785388520189 2095788 1967724 128064 0
1785388520228 2095788 1967724 128064 0
1785388520267 2095792 1967728 128064 0
1785388520306 2095792 1967728 128064 0
1785388520346 2095792 1967728 128064 0
1785388520387 2095792 1967728 128064 0
1785388520429 1494316 1366252 128064 0
1785388520467 1185580 1057516 128064 0
1785388520502 2126388 1998324 128064 0
1785388520544 2150964 2022900 128064 0
1785388520586 2150964 2022900 128064 0
1785388520627 2150964 2022900 128064 0
1785388520667 1981728 1854816 126912 0
1785388520711 2157232 2029168 128064 0
1785388520752 2157232 2029168 128064 0
1785388520793 2167936 2044360 123576 0
1785388520836 2175540 2047476 128064 0
1785388520877 2175540 2047476 128064 0
1785388520916 1185580 1057516 128064 0
1785388520953 2181684 2053620 128064 0
1785388520993 2181684 2053620 128064 0
1785388521033 2126236 1998176 128060 0
1785388521075 2187828 2059764 128064 0
1785388521115 2187828 2059764 128064 0
1785388521156 2187828 2059764 128064 0
1785388521196 2163376 2035312 128064 0
1785388521236 2163376 2035312 128064 0
1785388521277 1807024 1678960 128064 0
1785388521316 2120368 1992304 128064 0
1785388521358 2120368 1992304 128064 0
1785388521400 2120368 1992304 128064 0
1785388521441 2125856 1997972 127884 0
1785388521481 1185580 1057516 128064 0
1785388521517 2151088 2023024 128064 0
1785388521559 2151088 2023024 128064 0
1785388521599 2151088 2023024 128064 0
1785388521640 2144944 2016880 128064 0
1785388521684 1736244 1608180 128064 0
1785388521722 2162472 2035120 127352 0
1785388521763 2175540 2047476 128064 0
1785388521806 2175540 2047476 128064 0
1785388521848 2175540 2047476 128064 0
1785388521889 2175540 2047476 128064 0
1785388521932 2175540 2047476 128064 0
1785388521972 2175540 2047476 128064 0
1785388522011 2175540 2047476 128064 0
1785388522054 2175540 2047476 128064 0
1785388522095 2175540 2047476 128064 0
1785388522135 2090892 1962832 128060 0
1785388522177 2178456 2050396 128060 0
1785388522218 2138680 2010616 128064 0
1785388522259 2060932 1932872 128060 0
1785388522297 2171448 2043384 128064 0
1785388522336 2203184 2075120 128064 0
1785388522377 1185580 1057516 128064 0
1785388522410 2220600 2092536 128064 0
1785388522448 1489208 1361292 127916 0
1785388522492 2123440 1995376 128064 0
1785388522533 2038792 1910732 128060 0
1785388522573 2095792 1967728 128064 0
1785388522611 2095792 1967728 128064 0
1785388522649 2095792 1967728 128064 0
1785388522688 2103532 1975760 127772 0
1785388522726 1782448 1654384 128064 0
1785388522765 2095792 1967728 128064 0
1785388522804 2114100 1986036 128064 0
1785388522844 2114100 1986036 128064 0
1785388522883 2114100 1986036 128064 0
1785388522924 2095792 1967728 128064 0
1785388522963 2095792 1967728 128064 0
1785388523003 2095792 1967728 128064 0
1785388523044 2095792 1967728 128064 0
1785388523085 2095792 1967728 128064 0
1785388523125 2095792 1967728 128064 0
1785388523165 2095792 1967728 128064 0
1785388523205 2095792 1967728 128064 0
1785388523244 2095800 1967736 128064 0
1785388523284 2095800 1967736 128064 0
1785388523324 2095800 1967736 128064 0
1785388523363 2095800 1967736 128064 0
1785388523403 2095808 1967744 128064 0
1785388523444 2095812 1967748 128064 0
1785388523485 1185600 1057536 128064 0
1785388523521 1185600 1057536 128064 0
1785388523556 1821184 1693120 128064 0
1785388523592 2163272 2035208 128064 0
1785388523633 2181708 2053644 128064 0
1785388523673 2181708 2053644 128064 0
1785388523713 2181708 2053644 128064 0
1785388523753 1864564 1736504 128060 0
1785388523792 2193996 2065932 128064 0
1785388523833 2193996 2065932 128064 0
1785388523874 1868400 1740340 128060 0
1785388523914 2169544 2041480 128064 0
1785388523956 2164600 2045224 119376 0
1785388523997 2187852 2059788 128064 0
1785388524038 2018708 1891796 126912 0
1785388524081 2194124 2066060 128064 0
1785388524122 2194124 2066060 128064 0
1785388524163 2218572 2090508 128064 0
1785388524206 2218572 2090508 128064 0
1785388524247 2200268 2072204 128064 0
1785388524288 1232028 1114704 117324 0
1785388524326 2175688 2047624 128064 0
1785388524369 2175688 2047624 128064 0
1785388524410 2175688 2047624 128064 0
1785388524453 2175688 2047624 128064 0
1785388524494 2175688 2047624 128064 0
1785388524536 2175688 2047624 128064 0
1785388524578 2175688 2047624 128064 0
1785388524619 2175688 2047624 128064 0
1785388524659 2175688 2047624 128064 0
1785388524701 2175688 2047624 128064 0
1785388524743 2175688 2047624 128064 0
1785388524784 2175688 2047624 128064 0
1785388524826 2175688 2047624 128064 0
1785388524868 2175688 2047624 128064 0
1785388524910 2175688 2047624 128064 0
1785388524950 2175688 2047624 128064 0
1785388524992 2175688 2047624 128064 0
1785388525033 2175688 2047624 128064 0
1785388525073 2175688 2047624 128064 0
1785388525113 2175688 2047624 128064 0
1785388525153 2175688 2047624 128064 0
1785388525196 2175688 2047624 128064 0
1785388525238 2175688 2047624 128064 0
1785388525279 2175688 2047624 128064 0
1785388525321 2175688 2047624 128064 0
1785388525363 2175688 2047624 128064 0
1785388525405 2175688 2047624 128064 0
1785388525447 2175688 2047624 128064 0
1785388525489 2175688 2047624 128064 0
1785388525531 2175688 2047624 128064 0
1785388525573 2175688 2047624 128064 0
1785388525614 2175688 2047624 128064 0
1785388525655 2175688 2047624 128064 0
1785388525695 2175692 2047628 128064 0
1785388525736 2175692 2047628 128064 0
1785388525777 2175692 2047628 128064 0
1785388525816 2175692 2047628 128064 0
1785388525857 2175692 2047628 128064 0
1785388525897 2175692 2047628 128064 0
1785388525936 2175692 2047628 128064 0
1785388525977 2175692 2047628 128064 0
1785388526016 2175692 2047628 128064 0
1785388526057 2175692 2047628 128064 0
1785388526100 2175692 2047628 128064 0
1785388526140 2175692 2047628 128064 0
1785388526181 2119628 1991564 128064 0
1785388526223 2119632 1991568 128064 0
1785388526265 1791600 1663540 128060 0
1785388526303 2137936 2009872 128064 0
1785388526344 1735504 1607440 128064 0
1785388526383 2168660 2040596 128064 0
1785388526426 2168508 2040448 128060 0
1785388526467 2180948 2052884 128064 0
1785388526507 2199380 2071316 128064 0
1785388526549 2199380 2071316 128064 0
1785388526587 2199380 2071316 128064 0
1785388526628 2217820 2089756 128064 0
1785388526671 2217820 2089756 128064 0
1785388526713 2217820 2089756 128064 0
1785388526755 2217820 2089756 128064 0
1785388526799 2217820 2089756 128064 0
1785388526840 2217820 2089756 128064 0
1785388526882 2236252 2108188 128064 0
1785388526925 2236252 2108188 128064 0
1785388526965 2236252 2108188 128064 0
1785388527006 2217948 2089884 128064 0
1785388527047 2217948 2089884 128064 0
1785388527090 2174936 2046872 128064 0
1785388527132 2150360 2022296 128064 0
1785388527173 2150360 2022296 128064 0
1785388527215 2150360 2022296 128064 0
1785388527257 1371000 1258156 112844 0
1785388527290 1798240 1670176 128064 0
1785388527330 2185776 2058852 126924 0
1785388527373 2217824 2089760 128064 0
1785388527414 2217824 2089760 128064 0
1785388527453 2217824 2089760 128064 0
1785388527491 2223968 2095904 128064 0
1785388527533 2223968 2095904 128064 0
1785388527572 2223968 2095904 128064 0
1785388527609 2223968 2095904 128064 0
1785388527651 2230112 2102048 128064 0
1785388527694 2230112 2102048 128064 0
1785388527734 2230112 2102048 128064 0
1785388527778 2230112 2102048 128064 0
1785388527820 2230112 2102048 128064 0
1785388527859 2230112 2102048 128064 0
1785388527902 2236256 2108192 128064 0
1785388527944 2236256 2108192 128064 0
1785388527985 2236256 2108192 128064 0
1785388528028 2156360 2028300 128060 0
1785388528071 2181732 2053668 128064 0
1785388528113 1558872 1430808 128064 0
1785388528151 2214500 2086436 128064 0
1785388528192 2255460 2127396 128064 0
1785388528232 1558872 1430808 128064 0
1785388528268 2288228 2160164 128064 0
1785388528309 2234552 2106492 128060 0
1785388528356 2245600 2117536 128064 0
1785388528399 2245448 2117388 128060 0
1785388528441 2171868 2043804 128064 0
1785388528482 2171868 2043804 128064 0
1785388528523 2110652 1990408 120244 0
1785388528564 2119644 1991580 128064 0
1785388528603 2119644 1991580 128064 0
1785388528643 2119644 1991580 128064 0
1785388528684 2119644 1991580 128064 0
1785388528727 2119644 1991580 128064 0
1785388528768 2119644 1991580 128064 0
1785388528810 2119644 1991580 128064 0
1785388528850 2119644 1991580 128064 0
1785388528889 2119644 1991580 128064 0
1785388528928 2119644 1991580 128064 0
1785388528969 2119644 1991580 128064 0
1785388529011 2119644 1991580 128064 0
1785388529053 2119644 1991580 128064 0
1785388529094 2119644 1991580 128064 0
1785388529135 2119648 1991584 128064 0
1785388529176 2119648 1991584 128064 0
1785388529217 2119648 1991584 128064 0
1785388529256 2119652 1991588 128064 0
1785388529298 2119660 1991596 128064 0
1785388529339 1710956 1582892 128064 0
1785388529378 2141036 2012972 128064 0
1785388529419 2143204 2015468 127736 0
1785388529460 1185640 1057576 128064 0
1785388529496 1720168 1592104 128064 0
1785388529538 2162668 2034604 128064 0
1785388529579 1558888 1430824 128064 0
1785388529617 2185536 2058172 127364 0
1785388529659 2211696 2083632 128064 0
1785388529702 2211696 2083632 128064 0
1785388529741 2211696 2083632 128064 0
1785388529782 2230132 2102068 128064 0
1785388529826 2248564 2120500 128064 0
1785388529867 2248564 2120500 128064 0
1785388529909 2248564 2120500 128064 0
1785388529951 2248564 2120500 128064 0
1785388529994 2248564 2120500 128064 0
1785388530036 2248564 2120500 128064 0
1785388530077 2248564 2120500 128064 0
1785388530119 2248564 2120500 128064 0
1785388530161 2248564 2120500 128064 0
1785388530204 2257628 2129568 128060 0
1785388530246 2217972 2089908 128064 0
1785388530287 2217972 2089908 128064 0
1785388530330 2217972 2089908 128064 0
1785388530372 2217972 2089908 128064 0
1785388530412 2217972 2089908 128064 0
1785388530454 2217972 2089908 128064 0
1785388530496 2217972 2089908 128064 0
1785388530538 2217972 2089908 128064 0
1785388530581 2217972 2089908 128064 0
1785388530623 2217972 2089908 128064 0
1785388530665 2217972 2089908 128064 0
1785388530708 2217972 2089908 128064 0
1785388530748 2217972 2089908 128064 0
1785388530789 2217972 2089908 128064 0
1785388530831 2217972 2089908 128064 0
1785388530874 2217972 2089908 128064 0
1785388530917 2217972 2089908 128064 0
1785388530959 2217972 2089908 128064 0
1785388530999 2217972 2089908 128064 0
1785388531038 2217972 2089908 128064 0
1785388531080 2217972 2089908 128064 0
1785388531123 2217972 2089908 128064 0
1785388531166 2217972 2089908 128064 0
1785388531208 2217972 2089908 128064 0
1785388531249 2217972 2089908 128064 0
1785388531291 2217972 2089908 128064 0
1785388531334 2217972 2089908 128064 0
1785388531377 2217972 2089908 128064 0
1785388531420 2217972 2089908 128064 0
1785388531462 2217972 2089908 128064 0
1785388531504 2217972 2089908 128064 0
1785388531546 2217976 2089912 128064 0
1785388531589 2217976 2089912 128064 0
1785388531629 2217976 2089912 128064 0
1785388531668 2217976 2089912 128064 0
1785388531708 2217976 2089912 128064 0
1785388531750 2217976 2089912 128064 0
1785388531790 2217976 2089912 128064 0
1785388531830 2217976 2089912 128064 0
1785388531872 2217976 2089912 128064 0
1785388531914 2217976 2089912 128064 0
1785388531957 2217976 2089912 128064 0
1785388531997 2217976 2089912 128064 0
1785388532040 2217976 2089912 128064 0
1785388532082 2217980 2089916 128064 0
1785388532124 2217980 2089916 128064 0
1785388532165 2217980 2089916 128064 0
1785388532206 1240916 1117384 123532 0
1785388532243 2211836 2083772 128064 0
1785388532284 1489780 1361716 128064 0
1785388532322 1913472 1785408 128064 0
1785388532363 2254716 2126652 128064 0
1785388532407 2254716 2126652 128064 0
1785388532446 2254716 2126652 128064 0
1785388532488 2260860 2132796 128064 0
1785388532531 2260860 2132796 128064 0
1785388532570 2260860 2132796 128064 0
1785388532611 2260860 2132796 128064 0
1785388532654 2260860 2132796 128064 0
1785388532693 2260860 2132796 128064 0
1785388532733 2260860 2132796 128064 0
1785388532775 2260860 2132796 128064 0
1785388532818 2260860 2132796 128064 0
1785388532858 2234976 2108304 126672 0
1785388532900 2203972 2077576 126396 0
1785388532943 2205692 2077628 128064 0
1785388532984 2205692 2077628 128064 0
1785388533027 2205692 2077628 128064 0
1785388533069 2205696 2077632 128064 0
1785388533110 2205696 2077632 128064 0
1785388533151 2211716 2083652 128064 0
1785388533193 2224132 2096068 128064 0
1785388533235 2224132 2096068 128064 0
1785388533277 2177000 2048940 128060 0
1785388533318 1235096 1115968 119128 0
1785388533356 2254852 2126788 128064 0
1785388533397 2254852 2126788 128064 0
1785388533439 1947468 1819404 128064 0
1785388533479 2279300 2151236 128064 0
1785388533523 2279300 2151236 128064 0
1785388533565 2279300 2151236 128064 0
1785388533608 2279300 2151236 128064 0
1785388533649 2279300 2151236 128064 0
1785388533691 2279300 2151236 128064 0
1785388533732 2279304 2151240 128064 0
1785388533772 2279304 2151240 128064 0
1785388533811 2279304 2151240 128064 0
1785388533856 2254856 2126792 128064 0
1785388533899 2254856 2126792 128064 0
1785388533941 2254856 2126792 128064 0
1785388533981 2254856 2126792 128064 0
1785388534021 2279304 2151240 128064 0
1785388534061 2290316 2162252 128064 0
1785388534101 1489792 1361728 128064 0
1785388534139 1480816 1360568 120248 0
1785388534182 2328584 2200520 128064 0
1785388534225 2328584 2200520 128064 0
1785388534267 2328584 2200520 128064 0
1785388534307 2328584 2200520 128064 0
1785388534349 2328584 2200520 128064 0
1785388534389 2328584 2200520 128064 0
1785388534428 2328584 2200520 128064 0
1785388534470 2328584 2200520 128064 0
1785388534509 2328584 2200520 128064 0
1785388534548 2328584 2200520 128064 0
1785388534589 2328584 2200520 128064 0
1785388534631 2205704 2077640 128064 0
1785388534672 2205704 2077640 128064 0
1785388534714 2205704 2077640 128064 0
1785388534754 2205704 2077640 128064 0
1785388534797 2205704 2077640 128064 0
1785388534839 2205704 2077640 128064 0
1785388534880 2205704 2077640 128064 0
1785388534922 2205704 2077640 128064 0
1785388534961 2205704 2077640 128064 0
1785388535003 2205708 2077644 128064 0
1785388535044 2205712 2077648 128064 0
1785388535086 2205716 2077652 128064 0
1785388535128 2205720 2077656 128064 0
1785388535170 2205720 2077656 128064 0
1785388535213 1880124 1752064 128060 0
1785388535251 1809304 1681240 128064 0
1785388535290 1175692 1056332 119360 0
1785388535327 2242584 2114520 128064 0
1785388535370 2242584 2114520 128064 0
1785388535412 2242432 2114372 128060 0
1785388535456 2248728 2120664 128064 0
1785388535499 2248728 2120664 128064 0
1785388535539 1650844 1522780 128064 0
1785388535578 2285464 2157400 128064 0
1785388535623 2285464 2157400 128064 0
1785388535667 2285464 2157400 128064 0
1785388535708 2267160 2139096 128064 0
1785388535751 2267160 2139096 128064 0
1785388535790 2267160 2139096 128064 0
1785388535829 2271720 2145112 126608 0
1785388535871 2273176 2145112 128064 0
1785388535913 2273176 2145112 128064 0
1785388535954 2273180 2145116 128064 0
1785388535999 2273180 2145116 128064 0
1785388536041 2273180 2145116 128064 0
1785388536084 2273180 2145116 128064 0
1785388536126 2248732 2120668 128064 0
1785388536166 2248732 2120668 128064 0
1785388536206 2248732 2120668 128064 0
1785388536249 2248732 2120668 128064 0
1785388536292 2248732 2120668 128064 0
1785388536335 2248732 2120668 128064 0
1785388536378 2248732 2120668 128064 0
1785388536420 2248732 2120668 128064 0
1785388536463 2248732 2120668 128064 0
1785388536503 2248732 2120668 128064 0
1785388536543 2248732 2120668 128064 0
1785388536583 2248732 2120668 128064 0
1785388536624 2248732 2120668 128064 0
1785388536664 2248732 2120668 128064 0
1785388536703 2248732 2120668 128064 0
1785388536743 2248732 2120668 128064 0
1785388536783 2248732 2120668 128064 0
1785388536824 2248732 2120668 128064 0
1785388536864 2248732 2120668 128064 0
1785388536904 2248732 2120668 128064 0
1785388536943 2248732 2120668 128064 0
1785388536983 2248732 2120668 128064 0
1785388537022 2248732 2120668 128064 0
1785388537062 2248732 2120668 128064 0
1785388537101 2248732 2120668 128064 0
1785388537141 2248732 2120668 128064 0
1785388537181 2248732 2120668 128064 0
1785388537221 2248732 2120668 128064 0
1785388537262 2248732 2120668 128064 0
1785388537305 2248740 2120676 128064 0
1785388537345 2248740 2120676 128064 0
1785388537385 2248740 2120676 128064 0
1785388537424 2248740 2120676 128064 0
1785388537462 2248740 2120676 128064 0
1785388537502 2248740 2120676 128064 0
1785388537540 2248740 2120676 128064 0
1785388537581 2248740 2120676 128064 0
1785388537620 2248740 2120676 128064 0
1785388537660 2248740 2120676 128064 0
1785388537699 2248740 2120676 128064 0
1785388537740 2248740 2120676 128064 0
1785388537781 2248740 2120676 128064 0
1785388537821 2248740 2120676 128064 0
1785388537862 2248740 2120676 128064 0
1785388537906 2248740 2120676 128064 0
1785388537946 2248740 2120676 128064 0
1785388537985 1245600 1117536 128064 0
1785388538024 2267176 2139112 128064 0
1785388538066 2267176 2139112 128064 0
1785388538108 1185696 1057632 128064 0
1785388538144 2285480 2157416 128064 0
1785388538187 2285480 2157416 128064 0
1785388538229 2291472 2163412 128060 0
1785388538271 2322344 2194280 128064 0
1785388538313 1185696 1057632 128064 0
1785388538347 2304040 2175976 128064 0
1785388538388 2304040 2175976 128064 0
1785388538433 2304040 2175976 128064 0
1785388538475 2304040 2175976 128064 0
1785388538518 2304040 2175976 128064 0
1785388538560 2304040 2175976 128064 0
1785388538600 2304040 2175976 128064 0
1785388538639 2246332 2120572 125760 0
1785388538682 2248744 2120680 128064 0
1785388538724 2248744 2120680 128064 0
1785388538767 2248744 2120680 128064 0
1785388538809 2248744 2120680 128064 0
1785388538852 2248744 2120680 128064 0
1785388538894 2248744 2120680 128064 0
1785388538936 2260904 2132840 128064 0
1785388538977 2291624 2163560 128064 0
1785388539020 2291624 2163560 128064 0
1785388539061 2291624 2163560 128064 0
1785388539102 1489824 1361760 128064 0
1785388539142 2310056 2181992 128064 0
1785388539183 2310056 2181992 128064 0
1785388539222 2310056 2181992 128064 0
1785388539263 2316200 2188136 128064 0
1785388539302 2316200 2188136 128064 0
1785388539342 2316200 2188136 128064 0
1785388539381 2334632 2206568 128064 0
1785388539421 2334632 2206568 128064 0
1785388539463 2334632 2206568 128064 0
1785388539504 2334632 2206568 128064 0
1785388539546 2334632 2206568 128064 0
1785388539585 2334632 2206568 128064 0
1785388539624 2258600 2137360 121240 0
1785388539666 2279464 2151400 128064 0
1785388539708 2279464 2151400 128064 0
1785388539750 2288300 2160236 128064 0
1785388539790 1558944 1430880 128064 0
1785388539828 2328488 2200424 128064 0
1785388539868 2339500 2211436 128064 0
1785388539908 1185696 1057632 128064 0
1785388539944 1193268 1066808 126460 0
1785388539985 2377768 2249704 128064 0
1785388540027 2276216 2148156 128060 0
1785388540069 2279464 2151400 128064 0
1785388540108 2279464 2151400 128064 0
1785388540146 2279464 2151400 128064 0
1785388540188 2279464 2151400 128064 0
1785388540228 2279464 2151400 128064 0
1785388540270 2279464 2151400 128064 0
1785388540311 2279464 2151400 128064 0
1785388540354 2279464 2151400 128064 0
1785388540395 2279464 2151400 128064 0
1785388540434 2279464 2151400 128064 0
1785388540474 2081868 1953808 128060 0
1785388540514 2205744 2077680 128064 0
1785388540555 2205744 2077680 128064 0
1785388540594 2205744 2077680 128064 0
1785388540636 2205744 2077680 128064 0
1785388540678 2205744 2077680 128064 0
1785388540719 2205744 2077680 128064 0
1785388540759 2205744 2077680 128064 0
1785388540800 2205744 2077680 128064 0
1785388540842 2205744 2077680 128064 0
1785388540881 2205748 2077684 128064 0
1785388540924 2205752 2077688 128064 0
1785388540966 2216304 2088812 127492 0
1785388541008 1558968 1430904 128064 0
1785388541045 1185720 1057656 128064 0
1785388541081 1185720 1057656 128064 0
1785388541117 1509544 1383360 126184 0
1785388541153 2285632 2157568 128064 0
1785388541195 2285632 2157568 128064 0
1785388541235 2297792 2169728 128064 0
1785388541278 2297924 2169860 128064 0
1785388541324 2297924 2169860 128064 0
1785388541366 2297924 2169860 128064 0
1785388541408 2316228 2188164 128064 0
1785388541452 2316228 2188164 128064 0
1785388541494 2316228 2188164 128064 0
1785388541535 1185724 1057660 128064 0
1785388541572 2316356 2188292 128064 0
1785388541613 2316356 2188292 128064 0
1785388541654 2316356 2188292 128064 0
1785388541696 2334660 2206596 128064 0
1785388541738 2334660 2206596 128064 0
1785388541777 2334660 2206596 128064 0
1785388541820 2328644 2200580 128064 0
1785388541863 2328644 2200580 128064 0
1785388541903 2328644 2200580 128064 0
1785388541944 2310212 2182148 128064 0
1785388541984 2310212 2182148 128064 0
1785388542025 2310212 2182148 128064 0
1785388542066 2310212 2182148 128064 0
1785388542107 2310212 2182148 128064 0
1785388542150 2310212 2182148 128064 0
1785388542192 2310212 2182148 128064 0
1785388542235 2310212 2182148 128064 0
1785388542278 2310212 2182148 128064 0
1785388542320 2310212 2182148 128064 0
1785388542363 2310212 2182148 128064 0
1785388542406 2310212 2182148 128064 0
1785388542449 2310212 2182148 128064 0
1785388542492 2310212 2182148 128064 0
1785388542535 2310212 2182148 128064 0
1785388542577 2310212 2182148 128064 0
1785388542619 2310212 2182148 128064 0
1785388542660 2310212 2182148 128064 0
1785388542703 2310212 2182148 128064 0
1785388542746 2310212 2182148 128064 0
1785388542788 2310212 2182148 128064 0
1785388542830 2310212 2182148 128064 0
1785388542873 2310212 2182148 128064 0
1785388542916 2310212 2182148 128064 0
1785388542959 2310212 2182148 128064 0
1785388543001 2310212 2182148 128064 0
1785388543044 2310212 2182148 128064 0
1785388543087 2310212 2182148 128064 0
1785388543130 2310216 2182152 128064 0
1785388543170 2310216 2182152 128064 0
1785388543211 2310216 2182152 128064 0
1785388543251 2310216 2182152 128064 0
1785388543292 2310216 2182152 128064 0
1785388543332 2310216 2182152 128064 0
1785388543373 2310216 2182152 128064 0
1785388543416 2310216 2182152 128064 0
1785388543457 2310216 2182152 128064 0
1785388543497 2310216 2182152 128064 0
1785388543539 2310216 2182152 128064 0
1785388543578 2310216 2182152 128064 0
1785388543620 2310216 2182152 128064 0
1785388543664 2310216 2182152 128064 0
1785388543707 2310216 2182152 128064 0
1785388543750 2310216 2182152 128064 0
1785388543790 2002892 1874828 128064 0
1785388543833 2316236 2188172 128064 0
1785388543874 1489860 1361796 128064 0
1785388543911 2318912 2199256 119656 0
1785388543955 2334668 2206604 128064 0
1785388543997 2334668 2206604 128064 0
1785388544037 2334668 2206604 128064 0
1785388544080 2353104 2225040 128064 0
1785388544122 2353104 2225040 128064 0
1785388544164 2353104 2225040 128064 0
1785388544208 2359248 2231184 128064 0
1785388544249 2359248 2231184 128064 0
1785388544290 2359248 2231184 128064 0
1785388544333 2359248 2231184 128064 0
1785388544377 2359248 2231184 128064 0
1785388544419 2359248 2231184 128064 0
1785388544463 2359376 2231312 128064 0
1785388544507 2310224 2182160 128064 0
1785388544550 2310224 2182160 128064 0
1785388544593 2310224 2182160 128064 0
1785388544635 2310224 2182160 128064 0
1785388544678 2310224 2182160 128064 0
1785388544719 2310072 2182012 128060 0
1785388544761 1062172 942092 120080 0
1785388544800 2346960 2218896 128064 0
1785388544842 2346960 2218896 128064 0
1785388544884 1747912 1619848 128064 0
1785388544925 2365392 2237328 128064 0
1785388544967 2365392 2237328 128064 0
1785388545009 2365240 2237180 128060 0
1785388545053 2383824 2255760 128064 0
1785388545096 2365520 2237456 128064 0
1785388545139 2280872 2152812 128060 0
1785388545183 2347088 2219024 128064 0
1785388545226 2347088 2219024 128064 0
1785388545269 2347088 2219024 128064 0
1785388545312 2316368 2188304 128064 0
1785388545353 2316368 2188304 128064 0
1785388545394 2316216 2188156 128060 0
1785388545437 2334672 2206608 128064 0
1785388545481 2310224 2182160 128064 0
1785388545523 2249788 2130568 119220 0
1785388545564 2334652 2206588 128064 0
1785388545605 2359248 2231184 128064 0
1785388545648 2372308 2244244 128064 0
1785388545689 2399424 2279176 120248 0
1785388545735 2457552 2329488 128064 0
1785388545899 2408528 2280464 128064 0
1785388545939 2359376 2231312 128064 0
1785388545982 2359376 2231312 128064 0
1785388546022 2359376 2231312 128064 0
1785388546065 2359376 2231312 128064 0
1785388546106 2359376 2231312 128064 0
1785388546146 2359376 2231312 128064 0
1785388546188 2359376 2231312 128064 0
1785388546231 2359376 2231312 128064 0
1785388546274 2359376 2231312 128064 0
1785388546316 2359376 2231312 128064 0
1785388546359 2359380 2231316 128064 0
1785388546402 2359380 2231316 128064 0
1785388546442 2359380 2231316 128064 0
1785388546485 2359380 2231316 128064 0
1785388546527 2359380 2231316 128064 0
1785388546567 2359380 2231316 128064 0
1785388546607 2359380 2231316 128064 0
1785388546649 2359384 2231320 128064 0
1785388546691 2359388 2231324 128064 0
1785388546732 2359388 2231324 128064 0
1785388546775 2359388 2231324 128064 0
1785388546818 2359396 2231332 128064 0
1785388546861 2359396 2231332 128064 0
1785388546905 2359396 2231332 128064 0
1785388546948 2359396 2231332 128064 0
1785388546989 2359396 2231332 128064 0
1785388547034 2359396 2231332 128064 0
1785388547077 2359396 2231332 128064 0
1785388547117 2359400 2231336 128064 0
1785388547161 2371560 2243496 128064 0
1785388547204 2371560 2243496 128064 0
1785388547245 1962984 1834920 128064 0
1785388547286 2389992 2261928 128064 0
1785388547330 2371688 2243624 128064 0
1785388547372 2371688 2243624 128064 0
1785388547416 2383848 2255784 128064 0
1785388547457 2383848 2255784 128064 0
1785388547499 2383848 2255784 128064 0
1785388547542 2383848 2255784 128064 0
1785388547585 2383848 2255784 128064 0
1785388547626 2383848 2255784 128064 0
1785388547669 2365544 2237480 128064 0
1785388547712 2365544 2237480 128064 0
1785388547754 2365544 2237480 128064 0
1785388547798 2365544 2237480 128064 0
1785388547841 2365544 2237480 128064 0
1785388547884 2365544 2237480 128064 0
1785388547927 2365544 2237480 128064 0
1785388547970 2365544 2237480 128064 0
1785388548013 2365544 2237480 128064 0
1785388548056 2365544 2237480 128064 0
1785388548099 2365544 2237480 128064 0
1785388548142 2365544 2237480 128064 0
1785388548182 2365544 2237480 128064 0
1785388548225 2365544 2237480 128064 0
1785388548268 2365544 2237480 128064 0
1785388548309 2365544 2237480 128064 0
1785388548351 2365544 2237480 128064 0
1785388548394 2365544 2237480 128064 0
1785388548437 2365544 2237480 128064 0
1785388548480 2365544 2237480 128064 0
1785388548523 2365544 2237480 128064 0
1785388548566 2365544 2237480 128064 0
1785388548608 2365544 2237480 128064 0
1785388548649 2365544 2237480 128064 0
1785388548690 2365544 2237480 128064 0
1785388548731 2365544 2237480 128064 0
1785388548774 2365544 2237480 128064 0
1785388548816 2365544 2237480 128064 0
1785388548859 2365544 2237480 128064 0
1785388548902 2365544 2237480 128064 0
1785388548944 2365544 2237480 128064 0
1785388548987 2365544 2237480 128064 0
1785388549029 2365624 2237560 128064 0
1785388549070 2365624 2237560 128064 0
1785388549112 2365624 2237560 128064 0
1785388549154 2365624 2237560 128064 0
1785388549196 2365624 2237560 128064 0
1785388549239 2365624 2237560 128064 0
1785388549280 2365624 2237560 128064 0
1785388549321 2365624 2237560 128064 0
1785388549360 2365624 2237560 128064 0
1785388549403 2365624 2237560 128064 0
1785388549445 2365624 2237560 128064 0
1785388549487 2365624 2237560 128064 0
1785388549529 2365624 2237560 128064 0
1785388549569 2365624 2237560 128064 0
1785388549611 2365628 2237564 128064 0
1785388549651 2365628 2237564 128064 0
1785388549692 2365628 2237564 128064 0
1785388549737 2365628 2237564 128064 0
1785388549780 2365628 2237564 128064 0
1785388549823 2045976 1917916 128060 0
1785388549864 2371772 2243708 128064 0
1785388549907 2371772 2243708 128064 0
1785388549949 1489972 1361908 128064 0
1785388549987 2408508 2280444 128064 0
1785388550031 2408508 2280444 128064 0
1785388550073 2408508 2280444 128064 0
1785388550114 2408508 2280444 128064 0
1785388550156 2082840 1954780 128060 0
1785388550196 2390204 2262140 128064 0
1785388550239 2359484 2231420 128064 0
1785388550282 2359484 2231420 128064 0
1785388550325 2359484 2231420 128064 0
1785388550368 2383780 2255720 128060 0
1785388550413 2365628 2237564 128064 0
1785388550456 2365628 2237564 128064 0
1785388550499 2365628 2237564 128064 0
1785388550543 2365628 2237564 128064 0
1785388550586 2365628 2237564 128064 0
1785388550629 2365628 2237564 128064 0
1785388550672 2365628 2237564 128064 0
1785388550716 2365628 2237564 128064 0
1785388550759 1806144 1678080 128064 0
1785388550797 2379348 2259792 119556 0
1785388550840 2402364 2274300 128064 0
1785388550883 2402364 2274300 128064 0
1785388550926 2402364 2274300 128064 0
1785388550969 2414652 2286588 128064 0
1785388551013 2414652 2286588 128064 0
1785388551055 2414652 2286588 128064 0
1785388551100 2426944 2298880 128064 0
1785388551143 2426944 2298880 128064 0
1785388551184 2426944 2298880 128064 0
1785388551228 2408640 2280576 128064 0
1785388551270 2408640 2280576 128064 0
1785388551312 2408640 2280576 128064 0
1785388551356 2384064 2256000 128064 0
1785388551399 2286692 2234428 52264 0
1785388551441 2383648 2255584 128064 0
1785388551482 2403140 2275076 128064 0
1785388551523 2433088 2305024 128064 0
1785388551565 1185848 1057784 128064 0
1785388551599 2452292 2324228 128064 0
1785388551641 1184696 1057752 126944 0
1785388551779 2482368 2354304 128064 0
1785388551871 2482368 2354304 128064 0
1785388551914 2482368 2354304 128064 0
1785388551955 2482368 2354304 128064 0
1785388551994 2359488 2231424 128064 0
1785388552036 2359488 2231424 128064 0
1785388552076 2359488 2231424 128064 0
1785388552120 2359488 2231424 128064 0
1785388552162 2359488 2231424 128064 0
1785388552202 2359488 2231424 128064 0
1785388552243 2359488 2231424 128064 0
1785388552284 2359492 2231428 128064 0
1785388552327 2359492 2231428 128064 0
1785388552368 2359492 2231428 128064 0
1785388552410 2359492 2231428 128064 0
1785388552452 2359492 2231428 128064 0
1785388552495 2359492 2231428 128064 0
1785388552537 2359492 2231428 128064 0
1785388552579 2359492 2231428 128064 0
1785388552621 2359492 2231428 128064 0
1785388552664 2359496 2231432 128064 0
1785388552706 2359504 2231440 128064 0
1785388552749 2359508 2231444 128064 0
1785388552792 2359508 2231444 128064 0
1785388552835 2359508 2231444 128064 0
1785388552877 2359508 2231444 128064 0
1785388552919 2359508 2231444 128064 0
1785388552961 2365524 2237460 128064 0
1785388553006 1559116 1431052 128064 0
1785388553045 2377812 2249748 128064 0
1785388553088 1244880 1117624 127256 0
1785388553127 2414804 2286740 128064 0
1785388553170 2414804 2286740 128064 0
1785388553212 2414804 2286740 128064 0
1785388553256 2414804 2286740 128064 0
1785388553296 2414804 2286740 128064 0
1785388553336 2414804 2286740 128064 0
1785388553379 2396372 2268308 128064 0
1785388553421 2396372 2268308 128064 0
1785388553460 2396372 2268308 128064 0
1785388553499 2384088 2256024 128064 0
1785388553541 2384088 2256024 128064 0
1785388553581 2384088 2256024 128064 0
1785388553621 2408536 2280472 128064 0
1785388553664 2408536 2280472 128064 0
1785388553707 2408536 2280472 128064 0
1785388553749 2408536 2280472 128064 0
1785388553789 2280380 2242700 37680 0
1785388553827 2377944 2249880 128064 0
1785388553868 2377944 2249880 128064 0
1785388553908 2377944 2249880 128064 0
1785388553949 2377944 2249880 128064 0
1785388553990 2377944 2249880 128064 0
1785388554029 2377944 2249880 128064 0
1785388554069 2377944 2249880 128064 0
1785388554110 2377944 2249880 128064 0
1785388554153 2377944 2249880 128064 0
1785388554196 2377944 2249880 128064 0
1785388554239 2377944 2249880 128064 0
1785388554282 2377944 2249880 128064 0
1785388554324 2377944 2249880 128064 0
1785388554364 2377944 2249880 128064 0
1785388554405 2377944 2249880 128064 0
1785388554445 2377944 2249880 128064 0
1785388554489 2377944 2249880 128064 0
1785388554532 2377944 2249880 128064 0
1785388554574 2377944 2249880 128064 0
1785388554615 2377944 2249880 128064 0
1785388554658 2377944 2249880 128064 0
1785388554700 2377944 2249880 128064 0
1785388554743 2377944 2249880 128064 0
1785388554785 2377944 2249880 128064 0
1785388554828 2377944 2249880 128064 0
1785388554871 2377944 2249880 128064 0
1785388554914 2377948 2249884 128064 0
1785388554956 2377948 2249884 128064 0
1785388554999 2359524 2231460 128064 0
1785388555040 2359524 2231460 128064 0
1785388555080 2359524 2231460 128064 0
1785388555119 2359524 2231460 128064 0
1785388555162 2359524 2231460 128064 0
1785388555203 2359524 2231460 128064 0
1785388555243 2359524 2231460 128064 0
1785388555286 2359524 2231460 128064 0
1785388555329 2359524 2231460 128064 0
1785388555370 2359524 2231460 128064 0
1785388555412 2359524 2231460 128064 0
1785388555452 2359524 2231460 128064 0
1785388555495 2359524 2231460 128064 0
1785388555538 2359524 2231460 128064 0
1785388555579 2016952 1888892 128060 0
1785388555617 2371536 2243604 127932 0
1785388555660 2060612 1932552 128060 0
1785388555701 2033856 1905796 128060 0
1785388555741 1185884 1057820 128064 0
1785388555775 2091332 1963272 128060 0
1785388555814 2009460 1884140 125320 0
1785388555855 2433252 2305188 128064 0
1785388555898 2433252 2305188 128064 0
1785388555939 2436888 2310976 125912 0
1785388555983 2476132 2348068 128064 0
1785388556025 2476132 2348068 128064 0
1785388556065 2476132 2348068 128064 0
1785388556105 2476132 2348068 128064 0
1785388556147 2476132 2348068 128064 0
1785388556189 2476132 2348068 128064 0
1785388556232 2457828 2329764 128064 0
1785388556276 2457828 2329764 128064 0
1785388556318 2457828 2329764 128064 0
1785388556360 2420964 2292900 128064 0
1785388556405 2396388 2268324 128064 0
1785388556447 2396388 2268324 128064 0
1785388556491 2396388 2268324 128064 0
1785388556533 2396388 2268324 128064 0
1785388556578 2396388 2268324 128064 0
1785388556620 1185884 1057820 128064 0
1785388556654 2104168 1976104 128064 0
1785388556698 2433124 2305060 128064 0
1785388556743 2433124 2305060 128064 0
1785388556785 2105148 1977088 128060 0
1785388556825 2034344 1920312 114032 0
1785388556868 2476132 2348068 128064 0
1785388556909 2476132 2348068 128064 0
1785388556952 2476132 2348068 128064 0
1785388556995 2476132 2348068 128064 0
1785388557038 2476132 2348068 128064 0
1785388557080 2142012 2013952 128060 0
1785388557122 2482276 2354212 128064 0
1785388557166 2482276 2354212 128064 0
1785388557209 2482276 2354212 128064 0
1785388557252 2482276 2354212 128064 0
1785388557296 2482276 2354212 128064 0
1785388557337 2482276 2354212 128064 0
1785388557377 2482276 2354212 128064 0
1785388557419 2482276 2354212 128064 0
1785388557462 2482276 2354212 128064 0
1785388557504 1972300 1844240 128060 0
1785388557544 2413416 2285352 128064 0
1785388557586 2431848 2303784 128064 0
1785388557629 1185884 1057820 128064 0
1785388557665 2469988 2341924 128064 0
1785388557707 2483048 2354984 128064 0
1785388557748 2493288 2365224 128064 0
1785388557897 2384100 2256036 128064 0
1785388557939 2384100 2256036 128064 0
1785388557979 2384100 2256036 128064 0
1785388558019 2359524 2231460 128064 0
1785388558061 2359524 2231460 128064 0
1785388558101 2304076 2176016 128060 0
1785388558141 2377388 2249324 128064 0
1785388558183 2395044 2266980 128064 0
1785388558223 2396260 2268196 128064 0
1785388558267 2396260 2268196 128064 0
1785388558308 2396260 2268196 128064 0
1785388558348 2396260 2268196 128064 0
1785388558391 2079044 1950984 128060 0
1785388558431 2377960 2249896 128064 0
1785388558473 2377960 2249896 128064 0
1785388558516 1185896 1057832 128064 0
1785388558552 2359688 2231624 128064 0
1785388558594 1945100 1817036 128064 0
1785388558633 2144556 2016492 128064 0
1785388558673 2144556 2016492 128064 0
1785388558710 2144556 2016492 128064 0
1785388558748 2144556 2016492 128064 0
1785388558785 2144560 2016496 128064 0
1785388558826 2144560 2016496 128064 0
1785388558868 2144560 2016496 128064 0
1785388558910 2144560 2016496 128064 0
1785388558953 2144612 2016548 128064 0
1785388558996 2144612 2016548 128064 0
1785388559038 2144612 2016548 128064 0
1785388559080 2144612 2016548 128064 0
1785388559121 2144680 2016564 128116 0
1785388559161 2144684 2016568 128116 0
1785388559200 2144684 2016568 128116 0
1785388559241 2143096 2013996 129100 0
1785388559280 2143204 2013996 129208 0
1785388559319 2143404 2013996 129408 0
1785388559361 991388 877112 114276 0
