# timestamp_ms VmRSS_kB VmPeak_kB VmHWM_kB
1785388462533 251004 1124128 251004
1785388462637 252124 1125140 252124
1785388462699 253168 1126184 253168
1785388462760 255768 1136448 255768
1785388462847 256960 1136448 256960
1785388462921 257028 1136448 257028
1785388462984 257116 1136448 257116
1785388463049 258092 1144960 258092
1785388463111 260500 1144960 260500
1785388463195 261396 1145984 261396
1785388463257 261544 1145984 261544
1785388463321 262608 1146156 262608
1785388463396 264936 1148756 264936
1785388463482 267208 1151592 267208
1785388463545 267716 1151996 267716
1785388463628 267716 1151996 267716
1785388463655 268036 1152280 268036
1785388463730 279944 1162180 279944
1785388463826 280456 1162180 280456
1785388463887 280596 1162180 280596
1785388463949 281304 1163204 281304
1785388464010 282420 2010460 282420
1785388464074 284552 2010460 284552
1785388464159 285908 2010460 285908
1785388464237 287824 2010460 287824
1785388464321 290188 2010460 290188
1785388464385 314452 2945160 314452
1785388464491 411088 2945160 411088
1785388464607 473920 2945160 473920
1785388464723 514820 2945160 514820
1785388464840 534368 2945160 534368
1785388464957 558756 2945160 558756
1785388465076 584252 2945160 584252
1785388465193 590892 2945160 590892
1785388465292 611504 2945160 611504
1785388465410 632508 2945160 632508
1785388465527 662004 2945160 662004
1785388465643 671312 2945160 671312
1785388465743 683628 2945160 683628
1785388465863 697872 2945160 697872
1785388465984 715168 2945160 715168
1785388466104 735332 2945160 735332
1785388466225 741280 2945160 741280
1785388466301 744496 2945160 744496
1785388466404 751404 2945160 751404
1785388466500 774984 2945160 774984
1785388466630 807964 2945160 807964
1785388466760 878996 2945160 878996
1785388466895 922328 2945160 922328
1785388467032 963604 2945160 963604
1785388467173 995436 2945160 995436
1785388467316 1023608 2945160 1023608
1785388467456 1055788 2945160 1055788
1785388467605 1088948 2945160 1088948
1785388467755 1118564 2945160 1118564
1785388467881 710236 2945160 1125088
1785388467909 710536 2945160 1125088
1785388467941 861748 2945160 1125088
1785388467974 945496 2945160 1125088
1785388468008 1038492 2945160 1125088
1785388468041 1133972 2945160 1133972
1785388468149 1142092 2945160 1142092
1785388468246 1151380 2945160 1151380
1785388468350 1185232 2945160 1185232
1785388468478 1206356 2945160 1206356
1785388468586 1220564 2945160 1220564
1785388468712 1236696 2945160 1236696
1785388468825 1250520 2945160 1250520
1785388468959 1268188 2945160 1268188
1785388469067 1273708 2945160 1273708
1785388469141 1187640 2945160 1265968
1785388469175 1187680 2945160 1265968
1785388469208 1187828 2945160 1265968
1785388469241 1189404 2945160 1265968
1785388469274 1189412 2945160 1265968
1785388469307 1189420 2945160 1265968
1785388469340 1189420 2945160 1265968
1785388469372 1189424 2945160 1265968
1785388469405 1189424 2945160 1265968
1785388469438 1189432 2945160 1265968
1785388469471 1189436 2945160 1265968
1785388469504 1189436 2945160 1265968
1785388469538 1189436 2945160 1265968
1785388469571 1189440 2945160 1265968
1785388469605 1189444 2945160 1265968
1785388469638 1189444 2945160 1265968
1785388469672 1189452 2945160 1265968
1785388469705 1189456 2945160 1265968
1785388469738 1189464 2945160 1265968
1785388469772 1189468 2945160 1265968
1785388469805 1189472 2945160 1265968
1785388469838 1189476 2945160 1265968
1785388469872 1189480 2945160 1265968
1785388469905 1189488 2945160 1265968
1785388469938 1189492 2945160 1265968
1785388469971 1189496 2945160 1265968
1785388470005 1189500 2945160 1265968
1785388470038 1189500 2945160 1265968
1785388470072 1189500 2945160 1265968
1785388470106 1189500 2945160 1265968
1785388470140 1189500 2945160 1265968
1785388470173 1189500 2945160 1265968
1785388470207 1189500 2945160 1265968
1785388470240 1189500 2945160 1265968
1785388470275 1189500 2945160 1265968
1785388470309 1189500 2945160 1265968
1785388470342 1189500 2945160 1265968
1785388470377 1189500 2945160 1265968
1785388470411 1189500 2945160 1265968
1785388470444 1189500 2945160 1265968
1785388470478 1189500 2945160 1265968
1785388470511 1189500 2945160 1265968
1785388470545 1189500 2945160 1265968
1785388470580 1189500 2945160 1265968
1785388470614 1189500 2945160 1265968
1785388470648 1189500 2945160 1265968
1785388470682 1189500 2945160 1265968
1785388470715 1189500 2945160 1265968
1785388470749 1189500 2945160 1265968
1785388470783 1189500 2945160 1265968
1785388470817 1189500 2945160 1265968
1785388470851 1189500 2945160 1265968
1785388470885 1189500 2945160 1265968
1785388470919 1189500 2945160 1265968
1785388470953 1189520 2945160 1265968
1785388470987 1189520 2945160 1265968
1785388471020 1189520 2945160 1265968
1785388471053 1189520 2945160 1265968
1785388471086 1189520 2945160 1265968
1785388471120 1189520 2945160 1265968
1785388471154 1189520 2945160 1265968
1785388471186 1189520 2945160 1265968
1785388471219 1189520 2945160 1265968
1785388471252 1189520 2945160 1265968
1785388471285 1189520 2945160 1265968
1785388471318 1189520 2945160 1265968
1785388471351 1189520 2945160 1265968
1785388471385 1189520 2945160 1265968
1785388471418 1189520 2945160 1265968
1785388471452 1189520 2945160 1265968
1785388471485 1189520 2945160 1265968
1785388471518 1189520 2945160 1265968
1785388471551 1189520 2945160 1265968
1785388471584 1189520 2945160 1265968
1785388471617 1189520 2945160 1265968
1785388471650 1189520 2945160 1265968
1785388471684 1189520 2945160 1265968
1785388471717 1189520 2945160 1265968
1785388471750 1207956 2945160 1265968
1785388471784 1207956 2945160 1265968
1785388471817 1207956 2945160 1265968
1785388471850 1189648 2945160 1265968
1785388471883 1189648 2945160 1265968
1785388471917 1189648 2945160 1265968
1785388471949 1189648 2945160 1265968
1785388471982 1220776 2945160 1265968
1785388472016 1245352 2945160 1265968
1785388472053 1245352 2945160 1265968
1785388472087 1257828 2945160 1265968
1785388472122 1303696 3029332 1303696
1785388472256 1578128 3029332 1578128
1785388472393 1705104 3029332 1705104
1785388472520 1718852 3452680 1718852
1785388472599 1817156 3452680 1817156
1785388472732 2019908 3452680 2019908
1785388472863 1633932 3452680 2121076
1785388472897 1687220 3452680 2121076
1785388472933 1624604 3452680 2121076
1785388472968 1624604 3452680 2121076
1785388473004 1624604 3452680 2121076
1785388473040 1624604 3452680 2121076
1785388473076 1624604 3452680 2121076
1785388473112 1658832 3452680 2121076
1785388473145 1748944 3452680 2121076
1785388473178 1839056 3452680 2121076
1785388473212 1929168 3452680 2121076
1785388473245 2017232 3452680 2121076
1785388473278 2047952 3452680 2121076
1785388473388 2069612 3452680 2121076
1785388473514 2128540 3452680 2128540
1785388473637 1189740 3452680 2121080
1785388473672 1189760 3452680 2121080
1785388473709 1249556 3452680 2121080
1785388473745 1279488 3452680 2121080
1785388473780 1289844 3452680 2121080
1785388473815 1299456 3452680 2121080
1785388473850 1311364 3452680 2121080
1785388473885 1324420 3452680 2121080
1785388473921 1334792 3452680 2121080
1785388473957 1346700 3452680 2121080
1785388473993 1359664 3452680 2121080
1785388474029 1370124 3452680 2121080
1785388474065 1377808 3452680 2121080
1785388474103 1377808 3452680 2121080
1785388474138 1377808 3452680 2121080
1785388474172 1377808 3452680 2121080
1785388474207 1377808 3452680 2121080
1785388474241 1377808 3452680 2121080
1785388474275 1377816 3452680 2121080
1785388474309 1377840 3452680 2121080
1785388474344 1377900 3452680 2121080
1785388474379 1378528 3452680 2121080
1785388474415 1378564 3452680 2121080
1785388474451 1378568 3452680 2121080
1785388474485 1378572 3452680 2121080
1785388474520 1378580 3452680 2121080
1785388474556 1378584 3452680 2121080
1785388474592 1378592 3452680 2121080
1785388474627 1378600 3452680 2121080
1785388474663 1378612 3452680 2121080
1785388474698 1378616 3452680 2121080
1785388474733 1378624 3452680 2121080
1785388474769 1378628 3452680 2121080
1785388474805 1378640 3452680 2121080
1785388474841 1378644 3452680 2121080
1785388474877 1378652 3452680 2121080
1785388474912 1378656 3452680 2121080
1785388474947 1378668 3452680 2121080
1785388474983 1378672 3452680 2121080
1785388475018 1378680 3452680 2121080
1785388475053 1378684 3452680 2121080
1785388475089 1378684 3452680 2121080
1785388475125 1378696 3452680 2121080
1785388475160 1378700 3452680 2121080
1785388475196 1378704 3452680 2121080
1785388475231 1378704 3452680 2121080
1785388475267 1378704 3452680 2121080
1785388475304 1378704 3452680 2121080
1785388475341 1378704 3452680 2121080
1785388475379 1378704 3452680 2121080
1785388475415 1378704 3452680 2121080
1785388475453 1378704 3452680 2121080
1785388475489 1378704 3452680 2121080
1785388475527 1378704 3452680 2121080
1785388475563 1378704 3452680 2121080
1785388475600 1378704 3452680 2121080
1785388475636 1378704 3452680 2121080
1785388475673 1378704 3452680 2121080
1785388475709 1378704 3452680 2121080
1785388475746 1378704 3452680 2121080
1785388475783 1378704 3452680 2121080
1785388475820 1378704 3452680 2121080
1785388475856 1378704 3452680 2121080
1785388475893 1378704 3452680 2121080
1785388475929 1378704 3452680 2121080
1785388475965 1378724 3452680 2121080
1785388476000 1378724 3452680 2121080
1785388476037 1378724 3452680 2121080
1785388476073 1378724 3452680 2121080
1785388476109 1378724 3452680 2121080
1785388476147 1378724 3452680 2121080
1785388476185 1378724 3452680 2121080
1785388476222 1378724 3452680 2121080
1785388476259 1378724 3452680 2121080
1785388476296 1378724 3452680 2121080
1785388476332 1378724 3452680 2121080
1785388476369 1378724 3452680 2121080
1785388476405 1378724 3452680 2121080
1785388476442 1378724 3452680 2121080
1785388476479 1378724 3452680 2121080
1785388476517 1378724 3452680 2121080
1785388476554 1378724 3452680 2121080
1785388476591 1378724 3452680 2121080
1785388476628 1378724 3452680 2121080
1785388476665 1378724 3452680 2121080
1785388476701 1378724 3452680 2121080
1785388476737 1378724 3452680 2121080
1785388476774 1378724 3452680 2121080
1785388476811 1378724 3452680 2121080
1785388476848 1378724 3452680 2121080
1785388476885 1378724 3452680 2121080
1785388476920 1378724 3452680 2121080
1785388476957 1422184 3452680 2121080
1785388476995 1594216 3452680 2121080
1785388477033 1766248 3452680 2121080
1785388477070 1811304 3452680 2121080
1785388477107 1811304 3452680 2121080
1785388477142 1847592 3557860 2121080
1785388477179 1952040 3557860 2121080
1785388477217 2058536 3557860 2121080
1785388477254 2162984 3557860 2162984
1785388477371 1811392 3557860 2227460
1785388477408 1811392 3557860 2227460
1785388477444 1811392 3557860 2227460
1785388477482 1811392 3557860 2227460
1785388477520 1811392 3557860 2227460
1785388477556 1811392 3557860 2227460
1785388477592 1905024 3557860 2227460
1785388477627 2003328 3557860 2227460
1785388477665 2109824 3557860 2227460
1785388477703 2216320 3557860 2227460
1785388477836 2234752 3557860 2234752
1785388477915 2235788 3557860 2235788
1785388477994 1507884 3557860 2228988
1785388478033 1622572 3557860 2228988
1785388478071 1735212 3557860 2228988
1785388478109 1813036 3557860 2228988
1785388478147 1813036 3557860 2228988
1785388478182 1813036 3557860 2228988
1785388478219 1429564 3557860 2228988
1785388478256 1503744 3557860 2228988
1785388478293 1560380 3557860 2228988
1785388478330 1584816 3557860 2228988
1785388478365 1584816 3557860 2228988
1785388478399 1612620 3557860 2228988
1785388478434 1664736 3557860 2228988
1785388478468 1711964 3557860 2228988
1785388478507 1763952 3557860 2228988
1785388478545 1803968 3557860 2228988
1785388478584 1805084 3557860 2228988
1785388478622 1718220 3557860 2228988
1785388478661 1727444 3557860 2228988
1785388478699 1743828 3557860 2228988
1785388478736 1760212 3557860 2228988
1785388478773 1776596 3557860 2228988
1785388478811 1792980 3557860 2228988
1785388478849 1809364 3557860 2228988
1785388478886 1825748 3557860 2228988
1785388478922 1842132 3557860 2228988
1785388478960 1858516 3557860 2228988
1785388478998 1876948 3557860 2228988
1785388479035 1892028 3557860 2228988
1785388479073 1909516 3557860 2228988
1785388479112 1925900 3557860 2228988
1785388479149 1942284 3557860 2228988
1785388479188 1958668 3557860 2228988
1785388479226 1973004 3557860 2228988
1785388479265 1991436 3557860 2228988
1785388479303 2007820 3557860 2228988
1785388479341 2026252 3557860 2228988
1785388479379 2042636 3557860 2228988
1785388479417 2059020 3557860 2228988
1785388479455 1805396 3562292 2234148
1785388479494 1805400 3562292 2234148
1785388479533 1805404 3562292 2234148
1785388479571 1805408 3562292 2234148
1785388479609 1805408 3562292 2234148
1785388479647 1805412 3562292 2234148
1785388479685 1805412 3562292 2234148
1785388479723 1805412 3562292 2234148
1785388479761 1805420 3562292 2234148
1785388479799 1805424 3562292 2234148
1785388479836 1805428 3562292 2234148
1785388479874 1805428 3562292 2234148
1785388479911 1805428 3562292 2234148
1785388479952 1805428 3562292 2234148
1785388479988 1805432 3562292 2234148
1785388480024 1805436 3562292 2234148
1785388480062 1805440 3562292 2234148
1785388480100 1805440 3562292 2234148
1785388480137 1805440 3562292 2234148
1785388480175 1805444 3562292 2234148
1785388480212 1805444 3562292 2234148
1785388480250 1805452 3562292 2234148
1785388480286 1805452 3562292 2234148
1785388480323 1805456 3562292 2234148
1785388480362 1805460 3562292 2234148
1785388480398 1805460 3562292 2234148
1785388480435 1805464 3562292 2234148
1785388480472 1805464 3562292 2234148
1785388480510 1805468 3562292 2234148
1785388480547 1805472 3562292 2234148
1785388480584 1805476 3562292 2234148
1785388480621 1805484 3562292 2234148
1785388480657 1805484 3562292 2234148
1785388480694 1805484 3562292 2234148
1785388480731 1805484 3562292 2234148
1785388480769 1805488 3562292 2234148
1785388480807 1805488 3562292 2234148
1785388480844 1805488 3562292 2234148
1785388480882 1805496 3562292 2234148
1785388480920 1805496 3562292 2234148
1785388480957 1805500 3562292 2234148
1785388480995 1805500 3562292 2234148
1785388481031 1805500 3562292 2234148
1785388481069 1805508 3562292 2234148
1785388481107 1805512 3562292 2234148
1785388481144 1805512 3562292 2234148
1785388481179 1805512 3562292 2234148
1785388481217 1805516 3562292 2234148
1785388481253 1805516 3562292 2234148
1785388481288 1805516 3562292 2234148
1785388481326 1805520 3562292 2234148
1785388481365 1805528 3562292 2234148
1785388481412 1805528 3562292 2234148
1785388481447 1805528 3562292 2234148
1785388481482 1805528 3562292 2234148
1785388481519 1805528 3562292 2234148
1785388481555 1805532 3562292 2234148
1785388481593 1805536 3562292 2234148
1785388481632 1805540 3562292 2234148
1785388481670 1805544 3562292 2234148
1785388481708 1805544 3562292 2234148
1785388481745 1805544 3562292 2234148
1785388481781 1816040 3562292 2234148
1785388481820 1823988 3562292 2234148
1785388481859 1823992 3562292 2234148
1785388481898 1823996 3562292 2234148
1785388481936 1823996 3562292 2234148
1785388481974 1840636 3562292 2234148
1785388482009 1842432 3562292 2234148
1785388482045 1842432 3562292 2234148
1785388482082 1860872 3562292 2234148
1785388482120 1860880 3562292 2234148
1785388482158 1860880 3562292 2234148
1785388482197 1860884 3562292 2234148
1785388482235 1860884 3562292 2234148
1785388482272 1879324 3562292 2234148
1785388482310 1885960 3562292 2234148
1785388482349 1897760 3562292 2234148
1785388482387 1897760 3562292 2234148
1785388482424 1897764 3562292 2234148
1785388482463 1897776 3562292 2234148
1785388482501 1897776 3562292 2234148
1785388482539 1916216 3562292 2234148
1785388482577 1916216 3562292 2234148
1785388482614 1934652 3562292 2234148
1785388482653 1897920 3562292 2234148
1785388482690 1897920 3562292 2234148
1785388482728 1723940 3562292 2234148
1785388482766 1723940 3562292 2234148
1785388482806 1723948 3562292 2234148
1785388482844 1723948 3562292 2234148
1785388482883 1723948 3562292 2234148
1785388482921 1723956 3562292 2234148
1785388482961 1723956 3562292 2234148
1785388482999 1668656 3562292 2234148
1785388483037 1631784 3562292 2234148
1785388483075 1220460 3562292 2234148
1785388483110 895240 3562292 2234148
1785388483146 1007880 3562292 2234148
1785388483182 1064488 3562292 2234148
1785388483218 1119728 3562292 2234148
1785388483254 1168992 3562292 2234148
1785388483291 1219992 3562292 2234148
1785388483326 1277588 3562292 2234148
1785388483362 1330964 3562292 2234148
1785388483397 1384220 3562292 2234148
1785388483432 1439532 3562292 2234148
1785388483468 1495868 3562292 2234148
1785388483502 1551896 3562292 2234148
1785388483538 1606568 3562292 2234148
1785388483573 1667164 3562292 2234148
1785388483612 1773420 3562292 2234148
1785388483650 1773420 3562292 2234148
1785388483686 1782956 3562292 2234148
1785388483724 1801388 3562292 2234148
1785388483764 1831724 3562292 2234148
1785388483804 1831724 3562292 2234148
1785388483839 1831724 3562292 2234148
1785388483874 1831724 3562292 2234148
1785388483909 1831724 3562292 2234148
1785388483944 1831724 3562292 2234148
1785388483978 1831724 3562292 2234148
1785388484017 1831724 3562292 2234148
1785388484052 1831724 3562292 2234148
1785388484087 1831724 3562292 2234148
1785388484122 1832388 3562292 2234148
1785388484163 1847480 3562292 2234148
1785388484202 1862260 3562292 2234148
1785388484242 1879676 3562292 2234148
1785388484280 1898108 3562292 2234148
1785388484320 1914492 3562292 2234148
1785388484357 1930876 3562292 2234148
1785388484395 1949308 3562292 2234148
1785388484434 1965692 3562292 2234148
1785388484473 1984124 3562292 2234148
1785388484512 2000508 3562292 2234148
1785388484552 2018940 3562292 2234148
1785388484590 2035324 3562292 2234148
1785388484629 2035856 3562292 2234148
1785388484667 2035952 3562292 2234148
1785388484703 2035952 3562292 2234148
1785388484739 2036048 3562292 2234148
1785388484776 2036144 3562292 2234148
1785388484813 2036144 3562292 2234148
1785388484850 2036240 3562292 2234148
1785388484886 2036240 3562292 2234148
1785388484923 2036336 3562292 2234148
1785388484960 2036432 3562292 2234148
1785388484996 2036432 3562292 2234148
1785388485033 2036524 3562292 2234148
1785388485069 2040992 3562292 2234148
1785388485107 2057376 3562292 2234148
1785388485146 2073764 3562292 2234148
1785388485184 2090148 3562292 2234148
1785388485221 2075648 3696832 2234148
1785388485259 2092032 3696832 2234148
1785388485298 2110464 3696832 2234148
1785388485337 2126848 3696832 2234148
1785388485376 2145280 3696832 2234148
1785388485413 2161664 3696832 2234148
1785388485452 2178048 3696832 2234148
1785388485491 2196480 3696832 2234148
1785388485529 2212864 3696832 2234148
1785388485569 2229248 3696832 2234148
1785388485607 2243684 3870812 2243684
1785388485733 2264164 3870812 2264164
1785388485838 2274404 3870812 2274404
1785388485959 2309220 3870812 2309220
1785388486084 2329700 3870812 2329700
1785388486194 2348132 3870812 2348132
1785388486322 2382948 3870812 2382948
1785388486466 2407524 3870812 2407524
1785388486602 2245208 3870812 2407312
1785388486642 2245208 3870812 2407312
1785388486682 2245208 3870812 2407312
1785388486722 2245208 3870812 2407312
1785388486760 2245208 3870812 2407312
1785388486797 2245208 3870812 2407312
1785388486834 2245208 3870812 2407312
1785388486871 2245208 3870812 2407312
1785388486906 2245208 3870812 2407312
1785388486941 2245208 3870812 2407312
1785388486978 2245208 3870812 2407312
1785388487015 2245208 3870812 2407312
1785388487052 2245208 3870812 2407312
1785388487088 2245208 3870812 2407312
1785388487125 2245208 3870812 2407312
1785388487162 2245208 3870812 2407312
1785388487199 2245208 3870812 2407312
1785388487235 2245208 3870812 2407312
1785388487272 2245208 3870812 2407312
1785388487309 2245208 3870812 2407312
1785388487344 2245208 3870812 2407312
1785388487380 2245208 3870812 2407312
1785388487417 2245208 3870812 2407312
1785388487454 2245208 3870812 2407312
1785388487490 2245208 3870812 2407312
1785388487526 2245208 3870812 2407312
1785388487561 2245208 3870812 2407312
1785388487598 2245208 3870812 2407312
1785388487634 2245208 3870812 2407312
1785388487671 2245208 3870812 2407312
1785388487707 2245208 3870812 2407312
1785388487754 2245208 3870812 2407312
1785388487790 2245208 3870812 2407312
1785388487828 2245208 3870812 2407312
1785388487864 2245208 3870812 2407312
1785388487899 2245208 3870812 2407312
1785388487935 2245208 3870812 2407312
1785388487970 2245208 3870812 2407312
1785388488007 2245208 3870812 2407312
1785388488044 2245208 3870812 2407312
1785388488081 2245208 3870812 2407312
1785388488117 2245208 3870812 2407312
1785388488154 2245208 3870812 2407312
1785388488188 1811172 3870812 2407312
1785388488222 1700124 3870812 2407312
1785388488260 1709832 3870812 2407312
1785388488299 1709848 3870812 2407312
1785388488338 1720616 3870812 2407312
1785388488377 1725224 3870812 2407312
1785388488416 1725224 3870812 2407312
1785388488455 1725224 3870812 2407312
1785388488494 1725224 3870812 2407312
1785388488533 1725260 3870812 2407312
1785388488573 1725264 3870812 2407312
1785388488612 1726792 3870812 2407312
1785388488651 1728328 3870812 2407312
1785388488690 1740124 3870812 2407312
1785388488729 1764008 3870812 2407312
1785388488769 1785200 3870812 2407312
1785388488806 1802384 3870812 2407312
1785388488846 1830532 3870812 2407312
1785388488881 1840504 3870812 2407312
1785388488919 1840516 3870812 2407312
1785388488961 1854848 3870812 2407312
1785388489001 1854848 3870812 2407312
1785388489040 1854848 3870812 2407312
1785388489081 1805824 3870812 2407312
1785388489117 1826444 3870812 2407312
1785388489153 1842560 3870812 2407312
1785388489191 1842560 3870812 2407312
1785388489233 1854848 3870812 2407312
1785388489272 1854848 3870812 2407312
1785388489311 1854848 3870812 2407312
1785388489350 1854848 3870812 2407312
1785388489389 1860992 3870812 2407312
1785388489428 1860992 3870812 2407312
1785388489467 1860992 3870812 2407312
1785388489507 1811840 3870812 2407312
1785388489546 1838732 3870812 2407312
1785388489582 1848704 3870812 2407312
1785388489622 1848704 3870812 2407312
1785388489662 1793744 3870812 2407312
1785388489701 1793748 3870812 2407312
1785388489741 1793748 3870812 2407312
1785388489781 1796128 3870812 2407312
1785388489821 1796128 3870812 2407312
1785388489860 1796128 3870812 2407312
1785388489899 1796128 3870812 2407312
1785388489939 1796128 3870812 2407312
1785388489979 1796128 3870812 2407312
1785388490018 1796128 3870812 2407312
1785388490058 1796128 3870812 2407312
1785388490098 1796128 3870812 2407312
1785388490137 1796128 3870812 2407312
1785388490177 1796128 3870812 2407312
1785388490216 1796128 3870812 2407312
1785388490255 1796128 3870812 2407312
1785388490295 1796128 3870812 2407312
1785388490335 1796128 3870812 2407312
1785388490374 1796128 3870812 2407312
1785388490414 1796128 3870812 2407312
1785388490453 1796128 3870812 2407312
1785388490493 1796128 3870812 2407312
1785388490533 1796132 3870812 2407312
1785388490573 1796132 3870812 2407312
1785388490613 1796132 3870812 2407312
1785388490652 1796132 3870812 2407312
1785388490692 1796132 3870812 2407312
1785388490732 1796132 3870812 2407312
1785388490772 1796132 3870812 2407312
1785388490811 1796132 3870812 2407312
1785388490851 1796132 3870812 2407312
1785388490891 1796900 3870812 2407312
1785388490931 1798728 3870812 2407312
1785388490971 1801848 3870812 2407312
1785388491011 1802616 3870812 2407312
1785388491051 1802620 3870812 2407312
1785388491091 1802624 3870812 2407312
1785388491127 1802628 3870812 2407312
1785388491165 1808640 3870812 2407312
1785388491205 1810956 3870812 2407312
1785388491245 1826944 3870812 2407312
1785388491283 1843996 3870812 2407312
1785388491321 1827200 3870812 2407312
1785388491362 1827200 3870812 2407312
1785388491401 1845504 3870812 2407312
1785388491441 1845504 3870812 2407312
1785388491481 1845504 3870812 2407312
1785388491521 1796376 3870812 2407312
1785388491561 1811112 3870812 2407312
1785388491596 1817884 3870812 2407312
1785388491635 1829416 3870812 2407312
1785388491671 1853992 3870812 2407312
1785388491707 1863968 3870812 2407312
1785388491747 1863968 3870812 2407312
1785388491788 1876256 3870812 2407312
1785388491827 1876256 3870812 2407312
1785388491867 1876256 3870812 2407312
1785388491906 1888544 3870812 2407312
1785388491946 1888544 3870812 2407312
1785388491985 1888544 3870812 2407312
1785388492024 1839388 3870812 2407312
1785388492065 1866280 3870812 2407312
1785388492100 1876256 3870812 2407312
1785388492139 1876260 3870812 2407312
1785388492181 1888548 3870812 2407312
1785388492222 1888548 3870812 2407312
1785388492261 1888548 3870812 2407312
1785388492301 1839520 3870812 2407312
1785388492338 1862188 3870812 2407312
1785388492374 1870116 3870812 2407312
1785388492412 1870116 3870812 2407312
1785388492453 1821088 3870812 2407312
1785388492493 1821088 3870812 2407312
1785388492531 1821088 3870812 2407312
1785388492571 1821088 3870812 2407312
1785388492606 1841708 3870812 2407312
1785388492644 1857824 3870812 2407312
1785388492686 1882668 3870812 2407312
1785388492722 1901104 3870812 2407312
1785388492758 1916196 3870812 2407312
1785388492797 1928484 3870812 2407312
1785388492840 1946916 3870812 2407312
1785388492879 1946916 3870812 2407312
1785388492919 1953060 3870812 2407312
1785388492956 1977636 3870812 2407312
1785388492996 1977636 3870812 2407312
1785388493035 1977636 3870812 2407312
1785388493076 1977636 3870812 2407312
1785388493116 1977636 3870812 2407312
1785388493153 1977636 3870812 2407312
1785388493191 1977636 3870812 2407312
1785388493235 1977636 3870812 2407312
1785388493275 1977636 3870812 2407312
1785388493313 1977636 3870812 2407312
1785388493354 1977636 3870812 2407312
1785388493394 1977636 3870812 2407312
1785388493434 1977636 3870812 2407312
1785388493474 1977636 3870812 2407312
1785388493516 1959332 3870812 2407312
1785388493559 1962064 3870812 2407312
1785388493599 1962064 3870812 2407312
1785388493639 1971416 3870812 2407312
1785388493678 2004944 3870812 2407312
1785388493719 2004992 3870812 2407312
1785388493759 2022616 3870812 2407312
1785388493799 2054096 3870812 2407312
1785388493842 2130636 3870812 2407312
1785388493883 2130636 3870812 2407312
1785388493924 1958604 3870812 2407312
1785388493964 1958604 3870812 2407312
1785388494004 1958604 3870812 2407312
1785388494044 1958604 3870812 2407312
1785388494083 1958604 3870812 2407312
1785388494124 1958604 3870812 2407312
1785388494165 1958604 3870812 2407312
1785388494206 1958604 3870812 2407312
1785388494245 1958604 3870812 2407312
1785388494285 1958604 3870812 2407312
1785388494327 1959376 3870812 2407312
1785388494367 1959380 3870812 2407312
1785388494406 1960148 3870812 2407312
1785388494446 1960148 3870812 2407312
1785388494487 1960148 3870812 2407312
1785388494527 1960148 3870812 2407312
1785388494568 1960148 3870812 2407312
1785388494608 1960148 3870812 2407312
1785388494648 1960916 3870812 2407312
1785388494689 1960916 3870812 2407312
1785388494727 1960924 3870812 2407312
1785388494764 1961160 3870812 2407312
1785388494804 1961164 3870812 2407312
1785388494843 1961172 3870812 2407312
1785388494884 1961172 3870812 2407312
1785388494924 1961172 3870812 2407312
1785388494964 1961172 3870812 2407312
1785388495004 1979476 3870812 2407312
1785388495045 1979476 3870812 2407312
1785388495083 1979476 3870812 2407312
1785388495122 2016232 3870812 2407312
1785388495161 1998036 3870812 2407312
1785388495202 1998036 3870812 2407312
1785388495242 1998036 3870812 2407312
1785388495282 2004052 3870812 2407312
1785388495322 2004052 3870812 2407312
1785388495362 2004052 3870812 2407312
1785388495404 2004052 3870812 2407312
1785388495445 2004052 3870812 2407312
1785388495485 2004052 3870812 2407312
1785388495527 2022488 3870812 2407312
1785388495567 2022488 3870812 2407312
1785388495608 2022488 3870812 2407312
1785388495649 2010328 3870812 2407312
1785388495690 2010328 3870812 2407312
1785388495731 2010328 3870812 2407312
1785388495769 1955032 3870812 2407312
1785388495811 1955032 3870812 2407312
1785388495851 1955032 3870812 2407312
1785388495892 1955032 3870812 2407312
1785388495933 1955032 3870812 2407312
1785388495972 1955032 3870812 2407312
1785388496013 1955032 3870812 2407312
1785388496054 1955032 3870812 2407312
1785388496094 1955032 3870812 2407312
1785388496134 1955032 3870812 2407312
1785388496174 1955032 3870812 2407312
1785388496213 1955032 3870812 2407312
1785388496254 1955032 3870812 2407312
1785388496295 1955032 3870812 2407312
1785388496334 1955032 3870812 2407312
1785388496373 1955032 3870812 2407312
1785388496412 1955032 3870812 2407312
1785388496451 1955032 3870812 2407312
1785388496490 1955032 3870812 2407312
1785388496529 1955032 3870812 2407312
1785388496568 1955032 3870812 2407312
1785388496607 1955032 3870812 2407312
1785388496646 1955032 3870812 2407312
1785388496687 1955032 3870812 2407312
1785388496727 1955032 3870812 2407312
1785388496766 1955032 3870812 2407312
1785388496805 1955032 3870812 2407312
1785388496846 1955032 3870812 2407312
1785388496886 1955032 3870812 2407312
1785388496927 1955032 3870812 2407312
1785388496966 1955032 3870812 2407312
1785388497004 1955036 3870812 2407312
1785388497043 1955036 3870812 2407312
1785388497082 1955036 3870812 2407312
1785388497119 1955036 3870812 2407312
1785388497158 1955036 3870812 2407312
1785388497196 1955036 3870812 2407312
1785388497234 1955036 3870812 2407312
1785388497274 1955036 3870812 2407312
1785388497313 1955036 3870812 2407312
1785388497353 1955036 3870812 2407312
1785388497392 1955036 3870812 2407312
1785388497429 1955036 3870812 2407312
1785388497467 1955036 3870812 2407312
1785388497506 1955036 3870812 2407312
1785388497546 1955040 3870812 2407312
1785388497587 1955040 3870812 2407312
1785388497626 1958248 3870812 2407312
1785388497662 1979488 3870812 2407312
1785388497703 1955040 3870812 2407312
1785388497743 1961056 3870812 2407312
1785388497781 1973344 3870812 2407312
1785388497823 2004064 3870812 2407312
1785388497864 2004064 3870812 2407312
1785388497904 2004064 3870812 2407312
1785388497945 2004064 3870812 2407312
1785388497986 2004064 3870812 2407312
1785388498026 2004064 3870812 2407312
1785388498064 2010208 3870812 2407312
1785388498105 2010208 3870812 2407312
1785388498145 2010208 3870812 2407312
1785388498185 2010208 3870812 2407312
1785388498226 2010208 3870812 2407312
1785388498267 2010208 3870812 2407312
1785388498307 2010208 3870812 2407312
1785388498348 1991904 3870812 2407312
1785388498389 1991904 3870812 2407312
1785388498430 1991904 3870812 2407312
1785388498469 1991904 3870812 2407312
1785388498509 1991904 3870812 2407312
1785388498550 1991904 3870812 2407312
1785388498589 1991904 3870812 2407312
1785388498629 1991904 3870812 2407312
1785388498668 1991904 3870812 2407312
1785388498707 1991904 3870812 2407312
1785388498746 2004064 3870812 2407312
1785388498786 2004064 3870812 2407312
1785388498827 2004064 3870812 2407312
1785388498866 2016352 3870812 2407312
1785388498907 2016352 3870812 2407312
1785388498947 2016352 3870812 2407312
1785388498987 2016352 3870812 2407312
1785388499027 2016352 3870812 2407312
1785388499068 2016352 3870812 2407312
1785388499108 2022496 3870812 2407312
1785388499148 2022496 3870812 2407312
1785388499189 2022496 3870812 2407312
1785388499229 2004192 3870812 2407312
1785388499269 2004192 3870812 2407312
1785388499311 2004192 3870812 2407312
1785388499349 2004196 3870812 2407312
1785388499386 2021736 3870812 2407312
1785388499426 2047072 3870812 2407312
1785388499462 2047072 3870812 2407312
1785388499500 2071648 3870812 2407312
1785388499541 2120392 3870812 2407312
1785388499583 1998048 3870812 2407312
1785388499622 1998048 3870812 2407312
1785388499662 1998048 3870812 2407312
1785388499701 1998048 3870812 2407312
1785388499739 1998048 3870812 2407312
1785388499777 1998048 3870812 2407312
1785388499816 1998048 3870812 2407312
1785388499856 1998048 3870812 2407312
1785388499897 1998048 3870812 2407312
1785388499937 1998048 3870812 2407312
1785388499975 1998048 3870812 2407312
1785388500012 1998048 3870812 2407312
1785388500047 1998052 3870812 2407312
1785388500088 1998056 3870812 2407312
1785388500128 1998056 3870812 2407312
1785388500165 1998056 3870812 2407312
1785388500205 1998056 3870812 2407312
1785388500243 1998056 3870812 2407312
1785388500281 1998056 3870812 2407312
1785388500320 1998056 3870812 2407312
1785388500358 1998056 3870812 2407312
1785388500396 1998056 3870812 2407312
1785388500438 1998060 3870812 2407312
1785388500476 1998064 3870812 2407312
1785388500515 1998072 3870812 2407312
1785388500555 1998072 3870812 2407312
1785388500596 1998072 3870812 2407312
1785388500635 1998072 3870812 2407312
1785388500674 1998072 3870812 2407312
1785388500713 2010232 3870812 2407312
1785388500753 2010232 3870812 2407312
1785388500792 2010232 3870812 2407312
1785388500831 2034812 3870812 2407312
1785388500871 2034812 3870812 2407312
1785388500912 2034812 3870812 2407312
1785388500952 2047100 3870812 2407312
1785388500992 2047100 3870812 2407312
1785388501033 2047100 3870812 2407312
1785388501073 2047100 3870812 2407312
1785388501112 2028796 3870812 2407312
1785388501150 2028796 3870812 2407312
1785388501189 2028796 3870812 2407312
1785388501230 2028796 3870812 2407312
1785388501269 2028796 3870812 2407312
1785388501308 2028796 3870812 2407312
1785388501345 1998076 3870812 2407312
1785388501385 1998076 3870812 2407312
1785388501424 1998076 3870812 2407312
1785388501464 1998076 3870812 2407312
1785388501503 1998076 3870812 2407312
1785388501542 1998076 3870812 2407312
1785388501582 1998076 3870812 2407312
1785388501621 1998076 3870812 2407312
1785388501662 1998080 3870812 2407312
1785388501702 1998080 3870812 2407312
1785388501741 1998080 3870812 2407312
1785388501780 1998080 3870812 2407312
1785388501820 1998080 3870812 2407312
1785388501859 1998080 3870812 2407312
1785388501898 1998080 3870812 2407312
1785388501938 1998080 3870812 2407312
1785388501977 1998080 3870812 2407312
1785388502016 1998080 3870812 2407312
1785388502055 1998080 3870812 2407312
1785388502094 1998080 3870812 2407312
1785388502135 1998080 3870812 2407312
1785388502175 1998080 3870812 2407312
1785388502214 1998080 3870812 2407312
1785388502254 1998080 3870812 2407312
1785388502295 1998080 3870812 2407312
1785388502335 1998080 3870812 2407312
1785388502374 1998080 3870812 2407312
1785388502414 1998080 3870812 2407312
1785388502453 1998080 3870812 2407312
1785388502494 1998080 3870812 2407312
1785388502534 1998080 3870812 2407312
1785388502573 1998080 3870812 2407312
1785388502612 1998088 3870812 2407312
1785388502650 1998088 3870812 2407312
1785388502689 1998088 3870812 2407312
1785388502727 1998088 3870812 2407312
1785388502764 1998088 3870812 2407312
1785388502804 1998088 3870812 2407312
1785388502842 1998088 3870812 2407312
1785388502881 1998088 3870812 2407312
1785388502919 1998088 3870812 2407312
1785388502960 1998088 3870812 2407312
1785388502999 1998088 3870812 2407312
1785388503038 1998088 3870812 2407312
1785388503077 1998088 3870812 2407312
1785388503115 1998088 3870812 2407312
1785388503155 1998088 3870812 2407312
1785388503196 1998088 3870812 2407312
1785388503236 1998088 3870812 2407312
1785388503274 1998088 3870812 2407312
1785388503316 1998088 3870812 2407312
1785388503356 2003344 3870812 2407312
1785388503393 2028680 3870812 2407312
1785388503431 2059368 3870812 2407312
1785388503473 2059404 3870812 2407312
1785388503512 2059404 3870812 2407312
1785388503551 2059404 3870812 2407312
1785388503595 2059404 3870812 2407312
1785388503635 2059404 3870812 2407312
1785388503672 2059404 3870812 2407312
1785388503713 2059404 3870812 2407312
1785388503751 2059404 3870812 2407312
1785388503790 2059404 3870812 2407312
1785388503830 2041100 3870812 2407312
1785388503872 2041100 3870812 2407312
1785388503911 2041100 3870812 2407312
1785388503951 1998092 3870812 2407312
1785388503990 1998092 3870812 2407312
1785388504029 1998092 3870812 2407312
1785388504069 1998092 3870812 2407312
1785388504109 1998092 3870812 2407312
1785388504148 1998092 3870812 2407312
1785388504187 1998092 3870812 2407312
1785388504227 1998092 3870812 2407312
1785388504266 2022544 3870812 2407312
1785388504306 2022544 3870812 2407312
1785388504346 2022544 3870812 2407312
1785388504386 2028688 3870812 2407312
1785388504428 2047120 3870812 2407312
1785388504467 2047120 3870812 2407312
1785388504506 2047120 3870812 2407312
1785388504548 2047120 3870812 2407312
1785388504587 2047120 3870812 2407312
1785388504627 2047120 3870812 2407312
1785388504666 2065552 3870812 2407312
1785388504706 2065552 3870812 2407312
1785388504745 2065552 3870812 2407312
1785388504786 2065552 3870812 2407312
1785388504825 2065552 3870812 2407312
1785388504865 2065552 3870812 2407312
1785388504905 2071696 3870812 2407312
1785388504945 2071696 3870812 2407312
1785388504985 2071696 3870812 2407312
1785388505024 2071696 3870812 2407312
1785388505060 2083984 3870812 2407312
1785388505099 2083984 3870812 2407312
1785388505137 2083984 3870812 2407312
1785388505174 2108560 3870812 2407312
1785388505215 2034960 3870812 2407312
1785388505256 2034960 3870812 2407312
1785388505296 2034960 3870812 2407312
1785388505335 2034960 3870812 2407312
1785388505372 2034960 3870812 2407312
1785388505411 2034960 3870812 2407312
1785388505449 2034960 3870812 2407312
1785388505489 2034960 3870812 2407312
1785388505527 2034960 3870812 2407312
1785388505565 2034960 3870812 2407312
1785388505604 2034960 3870812 2407312
1785388505644 2034960 3870812 2407312
1785388505683 2034964 3870812 2407312
1785388505723 1998100 3870812 2407312
1785388505762 1998100 3870812 2407312
1785388505800 1998100 3870812 2407312
1785388505838 1998100 3870812 2407312
1785388505877 1998100 3870812 2407312
1785388505916 1998100 3870812 2407312
1785388505955 1998100 3870812 2407312
1785388505993 1998104 3870812 2407312
1785388506033 1998104 3870812 2407312
1785388506071 1998108 3870812 2407312
1785388506110 1998116 3870812 2407312
1785388506148 1998116 3870812 2407312
1785388506188 1998116 3870812 2407312
1785388506228 1998116 3870812 2407312
1785388506267 2001324 3870812 2407312
1785388506302 2010276 3870812 2407312
1785388506341 2047144 3870812 2407312
1785388506383 2047144 3870812 2407312
1785388506424 2047144 3870812 2407312
1785388506464 2059432 3870812 2407312
1785388506506 2059432 3870812 2407312
1785388506545 2059432 3870812 2407312
1785388506583 2077864 3870812 2407312
1785388506623 2077864 3870812 2407312
1785388506663 2077864 3870812 2407312
1785388506702 2084008 3870812 2407312
1785388506743 2108584 3870812 2407312
1785388506782 2108584 3870812 2407312
1785388506822 2108584 3870812 2407312
1785388506866 2108584 3870812 2407312
1785388506907 2108584 3870812 2407312
1785388506946 2108584 3870812 2407312
1785388506986 2071848 3870812 2407312
1785388507029 2071848 3870812 2407312
1785388507072 2071848 3870812 2407312
1785388507112 2071848 3870812 2407312
1785388507153 2071848 3870812 2407312
1785388507193 2071848 3870812 2407312
1785388507233 2071848 3870812 2407312
1785388507273 2071848 3870812 2407312
1785388507315 2071848 3870812 2407312
1785388507356 2071848 3870812 2407312
1785388507398 2071848 3870812 2407312
1785388507438 2071848 3870812 2407312
1785388507480 2071848 3870812 2407312
1785388507521 2071848 3870812 2407312
1785388507563 2071848 3870812 2407312
1785388507603 2071848 3870812 2407312
1785388507642 2071848 3870812 2407312
1785388507684 2071848 3870812 2407312
1785388507725 2071848 3870812 2407312
1785388507766 2071848 3870812 2407312
1785388507805 2071848 3870812 2407312
1785388507846 2071848 3870812 2407312
1785388507887 2071848 3870812 2407312
1785388507928 2071848 3870812 2407312
1785388507970 2071848 3870812 2407312
1785388508012 2071848 3870812 2407312
1785388508052 2071848 3870812 2407312
1785388508094 2071848 3870812 2407312
1785388508136 2071848 3870812 2407312
1785388508176 2071848 3870812 2407312
1785388508219 2071848 3870812 2407312
1785388508258 2071848 3870812 2407312
1785388508300 2071848 3870812 2407312
1785388508341 2071856 3870812 2407312
1785388508382 2071856 3870812 2407312
1785388508422 2071856 3870812 2407312
1785388508461 2071856 3870812 2407312
1785388508501 2071856 3870812 2407312
1785388508540 2071856 3870812 2407312
1785388508579 2071856 3870812 2407312
1785388508622 2071856 3870812 2407312
1785388508662 2071856 3870812 2407312
1785388508703 2071856 3870812 2407312
1785388508745 2071856 3870812 2407312
1785388508785 2071856 3870812 2407312
1785388508825 2071856 3870812 2407312
1785388508865 2071856 3870812 2407312
1785388508908 2071856 3870812 2407312
1785388508949 2071856 3870812 2407312
1785388508990 2071856 3870812 2407312
1785388509031 2071860 3870812 2407312
1785388509072 2071860 3870812 2407312
1785388509113 2071860 3870812 2407312
1785388509156 2071860 3870812 2407312
1785388509197 2071860 3870812 2407312
1785388509238 2071860 3870812 2407312
1785388509280 2071860 3870812 2407312
1785388509322 2071860 3870812 2407312
1785388509362 2071860 3870812 2407312
1785388509405 2071864 3870812 2407312
1785388509446 2071864 3870812 2407312
1785388509487 2071864 3870812 2407312
1785388509530 2071864 3870812 2407312
1785388509571 2071864 3870812 2407312
1785388509612 2071864 3870812 2407312
1785388509651 2071864 3870812 2407312
1785388509694 2071864 3870812 2407312
1785388509735 2071864 3870812 2407312
1785388509776 2071864 3870812 2407312
1785388509818 2071864 3870812 2407312
1785388509860 2071864 3870812 2407312
1785388509901 2071864 3870812 2407312
1785388509942 2071864 3870812 2407312
1785388509984 2071864 3870812 2407312
1785388510026 2071864 3870812 2407312
1785388510066 2071864 3870812 2407312
1785388510106 2101692 3870812 2407312
1785388510148 2101692 3870812 2407312
1785388510188 2101692 3870812 2407312
1785388510229 2101692 3870812 2407312
1785388510268 2101692 3870812 2407312
1785388510306 2101692 3870812 2407312
1785388510345 2083384 3870812 2407312
1785388510387 2083384 3870812 2407312
1785388510428 2083384 3870812 2407312
1785388510468 2095548 3870812 2407312
1785388510509 2101692 3870812 2407312
1785388510550 2101692 3870812 2407312
1785388510590 2101692 3870812 2407312
1785388510632 2064952 3870812 2407312
1785388510676 2064952 3870812 2407312
1785388510716 2064952 3870812 2407312
1785388510754 2064952 3870812 2407312
1785388510795 2089404 3870812 2407312
1785388510834 2099644 3870812 2407312
1785388510873 2132412 3870812 2407312
1785388510916 2064952 3870812 2407312
1785388510958 2064952 3870812 2407312
1785388511000 2064952 3870812 2407312
1785388511040 2064952 3870812 2407312
1785388511079 2064952 3870812 2407312
1785388511118 2064952 3870812 2407312
1785388511156 2064952 3870812 2407312
1785388511195 2064952 3870812 2407312
1785388511236 2064952 3870812 2407312
1785388511278 2064952 3870812 2407312
1785388511317 2064952 3870812 2407312
1785388511358 2064952 3870812 2407312
1785388511399 2064956 3870812 2407312
1785388511439 2064956 3870812 2407312
1785388511480 2064956 3870812 2407312
1785388511521 2064956 3870812 2407312
1785388511561 2064956 3870812 2407312
1785388511602 2064956 3870812 2407312
1785388511643 2064956 3870812 2407312
1785388511684 2064956 3870812 2407312
1785388511724 2064956 3870812 2407312
1785388511765 2064956 3870812 2407312
1785388511806 2064980 3870812 2407312
1785388511847 2064984 3870812 2407312
1785388511889 2064984 3870812 2407312
1785388511928 2064984 3870812 2407312
1785388511970 2064984 3870812 2407312
1785388512010 2064984 3870812 2407312
1785388512052 2071004 3870812 2407312
1785388512093 2071004 3870812 2407312
1785388512132 2083292 3870812 2407312
1785388512169 2095580 3870812 2407312
1785388512212 2120156 3870812 2407312
1785388512254 2120156 3870812 2407312
1785388512294 2120156 3870812 2407312
1785388512335 2126300 3870812 2407312
1785388512375 2126300 3870812 2407312
1785388512414 2126304 3870812 2407312
1785388512454 2132448 3870812 2407312
1785388512494 2132448 3870812 2407312
1785388512532 2132448 3870812 2407312
1785388512568 2114016 3870812 2407312
1785388512609 2114016 3870812 2407312
1785388512648 2114016 3870812 2407312
1785388512689 2114016 3870812 2407312
1785388512731 2095708 3870812 2407312
1785388512773 2095708 3870812 2407312
1785388512815 2095708 3870812 2407312
1785388512857 2095708 3870812 2407312
1785388512898 2095708 3870812 2407312
1785388512938 2095708 3870812 2407312
1785388512979 2095708 3870812 2407312
1785388513020 2095708 3870812 2407312
1785388513062 2095708 3870812 2407312
1785388513103 2095708 3870812 2407312
1785388513145 2095708 3870812 2407312
1785388513186 2095708 3870812 2407312
1785388513225 2095708 3870812 2407312
1785388513264 2095708 3870812 2407312
1785388513306 2095708 3870812 2407312
1785388513347 2095708 3870812 2407312
1785388513387 2095708 3870812 2407312
1785388513426 2095708 3870812 2407312
1785388513468 2095708 3870812 2407312
1785388513509 2095708 3870812 2407312
1785388513550 2095708 3870812 2407312
1785388513589 2095708 3870812 2407312
1785388513630 2095708 3870812 2407312
1785388513671 2095708 3870812 2407312
1785388513711 2095708 3870812 2407312
1785388513750 2095708 3870812 2407312
1785388513792 2095708 3870812 2407312
1785388513832 2095708 3870812 2407312
1785388513874 2095708 3870812 2407312
1785388513914 2095708 3870812 2407312
1785388513955 2095708 3870812 2407312
1785388513996 2095708 3870812 2407312
1785388514037 2095716 3870812 2407312
1785388514078 2095716 3870812 2407312
1785388514117 2064996 3870812 2407312
1785388514158 2064996 3870812 2407312
1785388514196 2064996 3870812 2407312
1785388514234 2064996 3870812 2407312
1785388514274 2064996 3870812 2407312
1785388514313 2064996 3870812 2407312
1785388514354 2064996 3870812 2407312
1785388514395 2064996 3870812 2407312
1785388514436 2064996 3870812 2407312
1785388514477 2064996 3870812 2407312
1785388514517 2065020 3870812 2407312
1785388514559 2065020 3870812 2407312
1785388514599 2065024 3870812 2407312
1785388514640 2065028 3870812 2407312
1785388514678 2081288 3870812 2407312
1785388514717 2089480 3870812 2407312
1785388514756 2114056 3870812 2407312
1785388514798 2114056 3870812 2407312
1785388514839 2122248 3870812 2407312
1785388514878 2138632 3870812 2407312
1785388514919 2138632 3870812 2407312
1785388514960 2138632 3870812 2407312
1785388515001 2144776 3870812 2407312
1785388515042 2144776 3870812 2407312
1785388515083 2144776 3870812 2407312
1785388515123 2163212 3870812 2407312
1785388515165 2163212 3870812 2407312
1785388515206 2163212 3870812 2407312
1785388515247 2163212 3870812 2407312
1785388515288 2163212 3870812 2407312
1785388515329 2163212 3870812 2407312
1785388515369 2163212 3870812 2407312
1785388515412 2065032 3870812 2407312
1785388515453 2065032 3870812 2407312
1785388515495 2065032 3870812 2407312
1785388515537 2065032 3870812 2407312
1785388515578 2065032 3870812 2407312
1785388515617 2087436 3870812 2407312
1785388515654 2105868 3870812 2407312
1785388515692 2114060 3870812 2407312
1785388515732 2138636 3870812 2407312
1785388515774 2138636 3870812 2407312
1785388515814 2138636 3870812 2407312
1785388515854 2157068 3870812 2407312
1785388515895 2157068 3870812 2407312
1785388515934 2157068 3870812 2407312
1785388515973 2163212 3870812 2407312
1785388516015 2163212 3870812 2407312
1785388516054 2163212 3870812 2407312
1785388516094 2169356 3870812 2407312
1785388516137 2181644 3870812 2407312
1785388516177 2181644 3870812 2407312
1785388516218 2181644 3870812 2407312
1785388516261 2181644 3870812 2407312
1785388516301 2181644 3870812 2407312
1785388516342 2181644 3870812 2407312
1785388516385 2138760 3870812 2407312
1785388516428 2138760 3870812 2407312
1785388516468 2138760 3870812 2407312
1785388516507 2138760 3870812 2407312
1785388516549 2138760 3870812 2407312
1785388516586 2150924 3870812 2407312
1785388516626 2187788 3870812 2407312
1785388516669 2187912 3870812 2407312
1785388516710 2187912 3870812 2407312
1785388516751 2065032 3870812 2407312
1785388516791 2065032 3870812 2407312
1785388516830 2065032 3870812 2407312
1785388516869 2065032 3870812 2407312
1785388516908 2081292 3870812 2407312
1785388516942 2065032 3870812 2407312
1785388516982 2065032 3870812 2407312
1785388517021 2083340 3870812 2407312
1785388517060 2083340 3870812 2407312
1785388517100 2083340 3870812 2407312
1785388517137 2065032 3870812 2407312
1785388517177 2065032 3870812 2407312
1785388517215 2065036 3870812 2407312
1785388517255 2065036 3870812 2407312
1785388517296 2065036 3870812 2407312
1785388517336 2065036 3870812 2407312
1785388517376 2065036 3870812 2407312
1785388517417 2065036 3870812 2407312
1785388517457 2065036 3870812 2407312
1785388517497 2065036 3870812 2407312
1785388517537 2065036 3870812 2407312
1785388517577 2065048 3870812 2407312
1785388517617 2065052 3870812 2407312
1785388517657 2065052 3870812 2407312
1785388517697 2065052 3870812 2407312
1785388517737 2077216 3870812 2407312
1785388517775 2101792 3870812 2407312
1785388517810 2126368 3870812 2407312
1785388517847 2150944 3870812 2407312
1785388517889 2150944 3870812 2407312
1785388517929 2150944 3870812 2407312
1785388517966 2144924 3870812 2407312
1785388518008 2144924 3870812 2407312
1785388518045 2152996 3870812 2407312
1785388518086 2184736 3870812 2407312
1785388518125 2166428 3870812 2407312
1785388518167 2166428 3870812 2407312
1785388518207 2172444 3870812 2407312
1785388518244 2166428 3870812 2407312
1785388518286 2166428 3870812 2407312
1785388518326 2166428 3870812 2407312
1785388518368 2166428 3870812 2407312
1785388518411 2166428 3870812 2407312
1785388518449 2112032 3870812 2407312
1785388518483 2120224 3870812 2407312
1785388518525 2151068 3870812 2407312
1785388518566 2095772 3870812 2407312
1785388518606 2095772 3870812 2407312
1785388518647 2095772 3870812 2407312
1785388518688 2095776 3870812 2407312
1785388518730 2095776 3870812 2407312
1785388518771 2095776 3870812 2407312
1785388518812 2095776 3870812 2407312
1785388518853 2095776 3870812 2407312
1785388518895 2095776 3870812 2407312
1785388518936 2095776 3870812 2407312
1785388518976 2095776 3870812 2407312
1785388519017 2095776 3870812 2407312
1785388519058 2095776 3870812 2407312
1785388519100 2095776 3870812 2407312
1785388519141 2095776 3870812 2407312
1785388519182 2095776 3870812 2407312
1785388519224 2095776 3870812 2407312
1785388519265 2095776 3870812 2407312
1785388519305 2095776 3870812 2407312
1785388519346 2095776 3870812 2407312
1785388519386 2095776 3870812 2407312
1785388519426 2095776 3870812 2407312
1785388519466 2095776 3870812 2407312
1785388519507 2095776 3870812 2407312
1785388519548 2095776 3870812 2407312
1785388519589 2095776 3870812 2407312
1785388519631 2095776 3870812 2407312
1785388519671 2095776 3870812 2407312
1785388519713 2095776 3870812 2407312
1785388519753 2095780 3870812 2407312
1785388519793 2095780 3870812 2407312
1785388519834 2095780 3870812 2407312
1785388519874 2095788 3870812 2407312
1785388519915 2095788 3870812 2407312
1785388519954 2095788 3870812 2407312
1785388519992 2095788 3870812 2407312
1785388520032 2095788 3870812 2407312
1785388520070 2095788 3870812 2407312
1785388520111 2095788 3870812 2407312
1785388520150 2095788 3870812 2407312
1785388520189 2095788 3870812 2407312
1785388520228 2095788 3870812 2407312
1785388520267 2095792 3870812 2407312
1785388520306 2095792 3870812 2407312
1785388520346 2095792 3870812 2407312
1785388520387 2095792 3870812 2407312
1785388520429 2095792 3870812 2407312
1785388520467 2112052 3870812 2407312
1785388520502 2126388 3870812 2407312
1785388520544 2150964 3870812 2407312
1785388520586 2150964 3870812 2407312
1785388520627 2150964 3870812 2407312
1785388520667 2150964 3870812 2407312
1785388520711 2157232 3870812 2407312
1785388520752 2157232 3870812 2407312
1785388520793 2157232 3870812 2407312
1785388520836 2175540 3870812 2407312
1785388520877 2175540 3870812 2407312
1785388520916 2175540 3870812 2407312
1785388520953 2181684 3870812 2407312
1785388520993 2181684 3870812 2407312
1785388521033 2181684 3870812 2407312
1785388521075 2187828 3870812 2407312
1785388521115 2187828 3870812 2407312
1785388521156 2187828 3870812 2407312
1785388521196 2163376 3870812 2407312
1785388521236 2163376 3870812 2407312
1785388521277 2163376 3870812 2407312
1785388521316 2120368 3870812 2407312
1785388521358 2120368 3870812 2407312
1785388521400 2120368 3870812 2407312
1785388521441 2120368 3870812 2407312
1785388521481 2136628 3870812 2407312
1785388521517 2151088 3870812 2407312
1785388521559 2151088 3870812 2407312
1785388521599 2151088 3870812 2407312
1785388521640 2144944 3870812 2407312
1785388521684 2144944 3870812 2407312
1785388521722 2157108 3870812 2407312
1785388521763 2169396 3870812 2407312
1785388521806 2175540 3870812 2407312
1785388521848 2175540 3870812 2407312
1785388521889 2175540 3870812 2407312
1785388521932 2175540 3870812 2407312
1785388521972 2175540 3870812 2407312
1785388522011 2175540 3870812 2407312
1785388522054 2175540 3870812 2407312
1785388522095 2175540 3870812 2407312
1785388522135 2175540 3870812 2407312
1785388522177 2178608 3870812 2407312
1785388522218 2129584 3870812 2407312
1785388522259 2148920 3870812 2407312
1785388522297 2163256 3870812 2407312
1785388522336 2203184 3870812 2407312
1785388522377 2203184 3870812 2407312
1785388522410 2212408 3870812 2407312
1785388522448 2252336 3870812 2407312
1785388522492 2123440 3870812 2407312
1785388522533 2123440 3870812 2407312
1785388522573 2095792 3870812 2407312
1785388522611 2095792 3870812 2407312
1785388522649 2095792 3870812 2407312
1785388522688 2095792 3870812 2407312
1785388522726 2114100 3870812 2407312
1785388522765 2095792 3870812 2407312
1785388522804 2098568 3870812 2407312
1785388522844 2114100 3870812 2407312
1785388522883 2114100 3870812 2407312
1785388522924 2114100 3870812 2407312
1785388522963 2095792 3870812 2407312
1785388523003 2095792 3870812 2407312
1785388523044 2095792 3870812 2407312
1785388523085 2095792 3870812 2407312
1785388523125 2095792 3870812 2407312
1785388523165 2095792 3870812 2407312
1785388523205 2095792 3870812 2407312
1785388523244 2095800 3870812 2407312
1785388523284 2095800 3870812 2407312
1785388523324 2095800 3870812 2407312
1785388523363 2095800 3870812 2407312
1785388523403 2095808 3870812 2407312
1785388523444 2095812 3870812 2407312
1785388523485 2098940 3870812 2407312
1785388523521 2124360 3870812 2407312
1785388523556 2148936 3870812 2407312
1785388523592 2163272 3870812 2407312
1785388523633 2181708 3870812 2407312
1785388523673 2181708 3870812 2407312
1785388523713 2181708 3870812 2407312
1785388523753 2181708 3870812 2407312
1785388523792 2193996 3870812 2407312
1785388523833 2193996 3870812 2407312
1785388523874 2193996 3870812 2407312
1785388523914 2169544 3870812 2407312
1785388523956 2169544 3870812 2407312
1785388523997 2187852 3870812 2407312
1785388524038 2187852 3870812 2407312
1785388524081 2194124 3870812 2407312
1785388524122 2194124 3870812 2407312
1785388524163 2212428 3870812 2407312
1785388524206 2218572 3870812 2407312
1785388524247 2218572 3870812 2407312
1785388524288 2200268 3870812 2407312
1785388524326 2175688 3870812 2407312
1785388524369 2175688 3870812 2407312
1785388524410 2175688 3870812 2407312
1785388524453 2175688 3870812 2407312
1785388524494 2175688 3870812 2407312
1785388524536 2175688 3870812 2407312
1785388524578 2175688 3870812 2407312
1785388524619 2175688 3870812 2407312
1785388524659 2175688 3870812 2407312
1785388524701 2175688 3870812 2407312
1785388524743 2175688 3870812 2407312
1785388524784 2175688 3870812 2407312
1785388524826 2175688 3870812 2407312
1785388524868 2175688 3870812 2407312
1785388524910 2175688 3870812 2407312
1785388524950 2175688 3870812 2407312
1785388524992 2175688 3870812 2407312
1785388525033 2175688 3870812 2407312
1785388525073 2175688 3870812 2407312
1785388525113 2175688 3870812 2407312
1785388525153 2175688 3870812 2407312
1785388525196 2175688 3870812 2407312
1785388525238 2175688 3870812 2407312
1785388525279 2175688 3870812 2407312
1785388525321 2175688 3870812 2407312
1785388525363 2175688 3870812 2407312
1785388525405 2175688 3870812 2407312
1785388525447 2175688 3870812 2407312
1785388525489 2175688 3870812 2407312
1785388525531 2175688 3870812 2407312
1785388525573 2175688 3870812 2407312
1785388525614 2175688 3870812 2407312
1785388525655 2175688 3870812 2407312
1785388525695 2175692 3870812 2407312
1785388525736 2175692 3870812 2407312
1785388525777 2175692 3870812 2407312
1785388525816 2175692 3870812 2407312
1785388525857 2175692 3870812 2407312
1785388525897 2175692 3870812 2407312
1785388525936 2175692 3870812 2407312
1785388525977 2175692 3870812 2407312
1785388526016 2175692 3870812 2407312
1785388526057 2175692 3870812 2407312
1785388526100 2175692 3870812 2407312
1785388526140 2175692 3870812 2407312
1785388526181 2119628 3870812 2407312
1785388526223 2119628 3870812 2407312
1785388526265 2122328 3870812 2407312
1785388526303 2137936 3870812 2407312
1785388526344 2144080 3870812 2407312
1785388526383 2168660 3870812 2407312
1785388526426 2168660 3870812 2407312
1785388526467 2180948 3870812 2407312
1785388526507 2199380 3870812 2407312
1785388526549 2199380 3870812 2407312
1785388526587 2199380 3870812 2407312
1785388526628 2217820 3870812 2407312
1785388526671 2217820 3870812 2407312
1785388526713 2217820 3870812 2407312
1785388526755 2217820 3870812 2407312
1785388526799 2217820 3870812 2407312
1785388526840 2217820 3870812 2407312
1785388526882 2230268 3870812 2407312
1785388526925 2236252 3870812 2407312
1785388526965 2236252 3870812 2407312
1785388527006 2236252 3870812 2407312
1785388527047 2217948 3870812 2407312
1785388527090 2174936 3870812 2407312
1785388527132 2150360 3870812 2407312
1785388527173 2150360 3870812 2407312
1785388527215 2150360 3870812 2407312
1785388527257 2155104 3870812 2407312
1785388527290 2168664 3870812 2407312
1785388527330 2180952 3870812 2407312
1785388527373 2217824 3870812 2407312
1785388527414 2217824 3870812 2407312
1785388527453 2217824 3870812 2407312
1785388527491 2217824 3870812 2407312
1785388527533 2223968 3870812 2407312
1785388527572 2223968 3870812 2407312
1785388527609 2223968 3870812 2407312
1785388527651 2230112 3870812 2407312
1785388527694 2230112 3870812 2407312
1785388527734 2230112 3870812 2407312
1785388527778 2230112 3870812 2407312
1785388527820 2230112 3870812 2407312
1785388527859 2230112 3870812 2407312
1785388527902 2236256 3870812 2407312
1785388527944 2236256 3870812 2407312
1785388527985 2236256 3870812 2407312
1785388528028 2211808 3870812 2407312
1785388528071 2178012 3870812 2407312
1785388528113 2189924 3870812 2407312
1785388528151 2206308 3870812 2407312
1785388528192 2246296 3870812 2407312
1785388528232 2263652 3870812 2407312
1785388528268 2280036 3870812 2407312
1785388528309 2319200 3870812 2407312
1785388528356 2245600 3870812 2407312
1785388528399 2245600 3870812 2407312
1785388528441 2171868 3870812 2407312
1785388528482 2171868 3870812 2407312
1785388528523 2171868 3870812 2407312
1785388528564 2119644 3870812 2407312
1785388528603 2119644 3870812 2407312
1785388528643 2119644 3870812 2407312
1785388528684 2119644 3870812 2407312
1785388528727 2119644 3870812 2407312
1785388528768 2119644 3870812 2407312
1785388528810 2119644 3870812 2407312
1785388528850 2119644 3870812 2407312
1785388528889 2119644 3870812 2407312
1785388528928 2119644 3870812 2407312
1785388528969 2119644 3870812 2407312
1785388529011 2119644 3870812 2407312
1785388529053 2119644 3870812 2407312
1785388529094 2119644 3870812 2407312
1785388529135 2119648 3870812 2407312
1785388529176 2119648 3870812 2407312
1785388529217 2119648 3870812 2407312
1785388529256 2119648 3870812 2407312
1785388529298 2119660 3870812 2407312
1785388529339 2119660 3870812 2407312
1785388529378 2141036 3870812 2407312
1785388529419 2142928 3870812 2407312
1785388529460 2165364 3870812 2407312
1785388529496 2174832 3870812 2407312
1785388529538 2162668 3870812 2407312
1785388529579 2168680 3870812 2407312
1785388529617 2180976 3870812 2407312
1785388529659 2211696 3870812 2407312
1785388529702 2211696 3870812 2407312
1785388529741 2211696 3870812 2407312
1785388529782 2230132 3870812 2407312
1785388529826 2248564 3870812 2407312
1785388529867 2248564 3870812 2407312
1785388529909 2248564 3870812 2407312
1785388529951 2248564 3870812 2407312
1785388529994 2248564 3870812 2407312
1785388530036 2248564 3870812 2407312
1785388530077 2248564 3870812 2407312
1785388530119 2248564 3870812 2407312
1785388530161 2248564 3870812 2407312
1785388530204 2257780 3870812 2407312
1785388530246 2217972 3870812 2407312
1785388530287 2217972 3870812 2407312
1785388530330 2217972 3870812 2407312
1785388530372 2217972 3870812 2407312
1785388530412 2217972 3870812 2407312
1785388530454 2217972 3870812 2407312
1785388530496 2217972 3870812 2407312
1785388530538 2217972 3870812 2407312
1785388530581 2217972 3870812 2407312
1785388530623 2217972 3870812 2407312
1785388530665 2217972 3870812 2407312
1785388530708 2217972 3870812 2407312
1785388530748 2217972 3870812 2407312
1785388530789 2217972 3870812 2407312
1785388530831 2217972 3870812 2407312
1785388530874 2217972 3870812 2407312
1785388530917 2217972 3870812 2407312
1785388530959 2217972 3870812 2407312
1785388530999 2217972 3870812 2407312
1785388531038 2217972 3870812 2407312
1785388531080 2217972 3870812 2407312
1785388531123 2217972 3870812 2407312
1785388531166 2217972 3870812 2407312
1785388531208 2217972 3870812 2407312
1785388531249 2217972 3870812 2407312
1785388531291 2217972 3870812 2407312
1785388531334 2217972 3870812 2407312
1785388531377 2217972 3870812 2407312
1785388531420 2217972 3870812 2407312
1785388531462 2217972 3870812 2407312
1785388531504 2217972 3870812 2407312
1785388531546 2217976 3870812 2407312
1785388531589 2217976 3870812 2407312
1785388531629 2217976 3870812 2407312
1785388531668 2217976 3870812 2407312
1785388531708 2217976 3870812 2407312
1785388531750 2217976 3870812 2407312
1785388531790 2217976 3870812 2407312
1785388531830 2217976 3870812 2407312
1785388531872 2217976 3870812 2407312
1785388531914 2217976 3870812 2407312
1785388531957 2217976 3870812 2407312
1785388531997 2217976 3870812 2407312
1785388532040 2217976 3870812 2407312
1785388532082 2217976 3870812 2407312
1785388532124 2217980 3870812 2407312
1785388532165 2217980 3870812 2407312
1785388532206 2230140 3870812 2407312
1785388532243 2211836 3870812 2407312
1785388532284 2211836 3870812 2407312
1785388532322 2223996 3870812 2407312
1785388532363 2248572 3870812 2407312
1785388532407 2254716 3870812 2407312
1785388532446 2254716 3870812 2407312
1785388532488 2254716 3870812 2407312
1785388532531 2260860 3870812 2407312
1785388532570 2260860 3870812 2407312
1785388532611 2260860 3870812 2407312
1785388532654 2260860 3870812 2407312
1785388532693 2260860 3870812 2407312
1785388532733 2260860 3870812 2407312
1785388532775 2260860 3870812 2407312
1785388532818 2260860 3870812 2407312
1785388532858 2260860 3870812 2407312
1785388532900 2236412 3870812 2407312
1785388532943 2205692 3870812 2407312
1785388532984 2205692 3870812 2407312
1785388533027 2205692 3870812 2407312
1785388533069 2205696 3870812 2407312
1785388533110 2205696 3870812 2407312
1785388533151 2211716 3870812 2407312
1785388533193 2224132 3870812 2407312
1785388533235 2224132 3870812 2407312
1785388533277 2229580 3870812 2407312
1785388533318 2248580 3870812 2407312
1785388533356 2254852 3870812 2407312
1785388533397 2254852 3870812 2407312
1785388533439 2254852 3870812 2407312
1785388533479 2279300 3870812 2407312
1785388533523 2279300 3870812 2407312
1785388533565 2279300 3870812 2407312
1785388533608 2279300 3870812 2407312
1785388533649 2279300 3870812 2407312
1785388533691 2279300 3870812 2407312
1785388533732 2279304 3870812 2407312
1785388533772 2279304 3870812 2407312
1785388533811 2279304 3870812 2407312
1785388533856 2254856 3870812 2407312
1785388533899 2254856 3870812 2407312
1785388533941 2254856 3870812 2407312
1785388533981 2254856 3870812 2407312
1785388534021 2279304 3870812 2407312
1785388534061 2280076 3870812 2407312
1785388534101 2298508 3870812 2407312
1785388534139 2353288 3870812 2407312
1785388534182 2328584 3870812 2407312
1785388534225 2328584 3870812 2407312
1785388534267 2328584 3870812 2407312
1785388534307 2328584 3870812 2407312
1785388534349 2328584 3870812 2407312
1785388534389 2328584 3870812 2407312
1785388534428 2328584 3870812 2407312
1785388534470 2328584 3870812 2407312
1785388534509 2328584 3870812 2407312
1785388534548 2328584 3870812 2407312
1785388534589 2328584 3870812 2407312
1785388534631 2205704 3870812 2407312
1785388534672 2205704 3870812 2407312
1785388534714 2205704 3870812 2407312
1785388534754 2205704 3870812 2407312
1785388534797 2205704 3870812 2407312
1785388534839 2205704 3870812 2407312
1785388534880 2205704 3870812 2407312
1785388534922 2205704 3870812 2407312
1785388534961 2205704 3870812 2407312
1785388535003 2205708 3870812 2407312
1785388535044 2205712 3870812 2407312
1785388535086 2205716 3870812 2407312
1785388535128 2205720 3870812 2407312
1785388535170 2205720 3870812 2407312
1785388535213 2205720 3870812 2407312
1785388535251 2214556 3870812 2407312
1785388535290 2228892 3870812 2407312
1785388535327 2242584 3870812 2407312
1785388535370 2242584 3870812 2407312
1785388535412 2242584 3870812 2407312
1785388535456 2248728 3870812 2407312
1785388535499 2248728 3870812 2407312
1785388535539 2260888 3870812 2407312
1785388535578 2273176 3870812 2407312
1785388535623 2285464 3870812 2407312
1785388535667 2285464 3870812 2407312
1785388535708 2285464 3870812 2407312
1785388535751 2267160 3870812 2407312
1785388535790 2267160 3870812 2407312
1785388535829 2267160 3870812 2407312
1785388535871 2273176 3870812 2407312
1785388535913 2273176 3870812 2407312
1785388535954 2273180 3870812 2407312
1785388535999 2273180 3870812 2407312
1785388536041 2273180 3870812 2407312
1785388536084 2273180 3870812 2407312
1785388536126 2248732 3870812 2407312
1785388536166 2248732 3870812 2407312
1785388536206 2248732 3870812 2407312
1785388536249 2248732 3870812 2407312
1785388536292 2248732 3870812 2407312
1785388536335 2248732 3870812 2407312
1785388536378 2248732 3870812 2407312
1785388536420 2248732 3870812 2407312
1785388536463 2248732 3870812 2407312
1785388536503 2248732 3870812 2407312
1785388536543 2248732 3870812 2407312
1785388536583 2248732 3870812 2407312
1785388536624 2248732 3870812 2407312
1785388536664 2248732 3870812 2407312
1785388536703 2248732 3870812 2407312
1785388536743 2248732 3870812 2407312
1785388536783 2248732 3870812 2407312
1785388536824 2248732 3870812 2407312
1785388536864 2248732 3870812 2407312
1785388536904 2248732 3870812 2407312
1785388536943 2248732 3870812 2407312
1785388536983 2248732 3870812 2407312
1785388537022 2248732 3870812 2407312
1785388537062 2248732 3870812 2407312
1785388537101 2248732 3870812 2407312
1785388537141 2248732 3870812 2407312
1785388537181 2248732 3870812 2407312
1785388537221 2248732 3870812 2407312
1785388537262 2248732 3870812 2407312
1785388537305 2248740 3870812 2407312
1785388537345 2248740 3870812 2407312
1785388537385 2248740 3870812 2407312
1785388537424 2248740 3870812 2407312
1785388537462 2248740 3870812 2407312
1785388537502 2248740 3870812 2407312
1785388537540 2248740 3870812 2407312
1785388537581 2248740 3870812 2407312
1785388537620 2248740 3870812 2407312
1785388537660 2248740 3870812 2407312
1785388537699 2248740 3870812 2407312
1785388537740 2248740 3870812 2407312
1785388537781 2248740 3870812 2407312
1785388537821 2248740 3870812 2407312
1785388537862 2248740 3870812 2407312
1785388537906 2248740 3870812 2407312
1785388537946 2248740 3870812 2407312
1785388537985 2260900 3870812 2407312
1785388538024 2267176 3870812 2407312
1785388538066 2267176 3870812 2407312
1785388538108 2273192 3870812 2407312
1785388538144 2285480 3870812 2407312
1785388538187 2285480 3870812 2407312
1785388538229 2291624 3870812 2407312
1785388538271 2322344 3870812 2407312
1785388538313 2322344 3870812 2407312
1785388538347 2304040 3870812 2407312
1785388538388 2304040 3870812 2407312
1785388538433 2304040 3870812 2407312
1785388538475 2304040 3870812 2407312
1785388538518 2304040 3870812 2407312
1785388538560 2304040 3870812 2407312
1785388538600 2304040 3870812 2407312
1785388538639 2304040 3870812 2407312
1785388538682 2248744 3870812 2407312
1785388538724 2248744 3870812 2407312
1785388538767 2248744 3870812 2407312
1785388538809 2248744 3870812 2407312
1785388538852 2248744 3870812 2407312
1785388538894 2248744 3870812 2407312
1785388538936 2260904 3870812 2407312
1785388538977 2267520 3870812 2407312
1785388539020 2291624 3870812 2407312
1785388539061 2291624 3870812 2407312
1785388539102 2291624 3870812 2407312
1785388539142 2310056 3870812 2407312
1785388539183 2310056 3870812 2407312
1785388539222 2310056 3870812 2407312
1785388539263 2316200 3870812 2407312
1785388539302 2316200 3870812 2407312
1785388539342 2316200 3870812 2407312
1785388539381 2334632 3870812 2407312
1785388539421 2334632 3870812 2407312
1785388539463 2334632 3870812 2407312
1785388539504 2334632 3870812 2407312
1785388539546 2334632 3870812 2407312
1785388539585 2334632 3870812 2407312
1785388539624 2334632 3870812 2407312
1785388539666 2279464 3870812 2407312
1785388539708 2279464 3870812 2407312
1785388539750 2279464 3870812 2407312
1785388539790 2298540 3870812 2407312
1785388539828 2328488 3870812 2407312
1785388539868 2331308 3870812 2407312
1785388539908 2349740 3870812 2407312
1785388539944 2402216 3870812 2407312
1785388539985 2377768 3870812 2420356
1785388540027 2377768 3870812 2420356
1785388540069 2279464 3870812 2420356
1785388540108 2279464 3870812 2420356
1785388540146 2279464 3870812 2420356
1785388540188 2279464 3870812 2420356
1785388540228 2279464 3870812 2420356
1785388540270 2279464 3870812 2420356
1785388540311 2279464 3870812 2420356
1785388540354 2279464 3870812 2420356
1785388540395 2279464 3870812 2420356
1785388540434 2279464 3870812 2420356
1785388540474 2279468 3870812 2420356
1785388540514 2205744 3870812 2420356
1785388540555 2205744 3870812 2420356
1785388540594 2205744 3870812 2420356
1785388540636 2205744 3870812 2420356
1785388540678 2205744 3870812 2420356
1785388540719 2205744 3870812 2420356
1785388540759 2205744 3870812 2420356
1785388540800 2205744 3870812 2420356
1785388540842 2205744 3870812 2420356
1785388540881 2205748 3870812 2420356
1785388540924 2205752 3870812 2420356
1785388540966 2214588 3870812 2420356
1785388541008 2236352 3870812 2420356
1785388541045 2251460 3870812 2420356
1785388541081 2269892 3870812 2420356
1785388541117 2279360 3870812 2420356
1785388541153 2285632 3870812 2420356
1785388541195 2285632 3870812 2420356
1785388541235 2291652 3870812 2420356
1785388541278 2316228 3870812 2420356
1785388541324 2297924 3870812 2420356
1785388541366 2297924 3870812 2420356
1785388541408 2303940 3870812 2420356
1785388541452 2316228 3870812 2420356
1785388541494 2316228 3870812 2420356
1785388541535 2316228 3870812 2420356
1785388541572 2316356 3870812 2420356
1785388541613 2316356 3870812 2420356
1785388541654 2316356 3870812 2420356
1785388541696 2334660 3870812 2420356
1785388541738 2334660 3870812 2420356
1785388541777 2334660 3870812 2420356
1785388541820 2328644 3870812 2420356
1785388541863 2328644 3870812 2420356
1785388541903 2328644 3870812 2420356
1785388541944 2310212 3870812 2420356
1785388541984 2310212 3870812 2420356
1785388542025 2310212 3870812 2420356
1785388542066 2310212 3870812 2420356
1785388542107 2310212 3870812 2420356
1785388542150 2310212 3870812 2420356
1785388542192 2310212 3870812 2420356
1785388542235 2310212 3870812 2420356
1785388542278 2310212 3870812 2420356
1785388542320 2310212 3870812 2420356
1785388542363 2310212 3870812 2420356
1785388542406 2310212 3870812 2420356
1785388542449 2310212 3870812 2420356
1785388542492 2310212 3870812 2420356
1785388542535 2310212 3870812 2420356
1785388542577 2310212 3870812 2420356
1785388542619 2310212 3870812 2420356
1785388542660 2310212 3870812 2420356
1785388542703 2310212 3870812 2420356
1785388542746 2310212 3870812 2420356
1785388542788 2310212 3870812 2420356
1785388542830 2310212 3870812 2420356
1785388542873 2310212 3870812 2420356
1785388542916 2310212 3870812 2420356
1785388542959 2310212 3870812 2420356
1785388543001 2310212 3870812 2420356
1785388543044 2310212 3870812 2420356
1785388543087 2310212 3870812 2420356
1785388543130 2310216 3870812 2420356
1785388543170 2310216 3870812 2420356
1785388543211 2310216 3870812 2420356
1785388543251 2310216 3870812 2420356
1785388543292 2310216 3870812 2420356
1785388543332 2310216 3870812 2420356
1785388543373 2310216 3870812 2420356
1785388543416 2310216 3870812 2420356
1785388543457 2310216 3870812 2420356
1785388543497 2310216 3870812 2420356
1785388543539 2310216 3870812 2420356
1785388543578 2310216 3870812 2420356
1785388543620 2310216 3870812 2420356
1785388543664 2310216 3870812 2420356
1785388543707 2310216 3870812 2420356
1785388543750 2310216 3870812 2420356
1785388543790 2310220 3870812 2420356
1785388543833 2316236 3870812 2420356
1785388543874 2316236 3870812 2420356
1785388543911 2322380 3870812 2420356
1785388543955 2334668 3870812 2420356
1785388543997 2334668 3870812 2420356
1785388544037 2334668 3870812 2420356
1785388544080 2353104 3870812 2420356
1785388544122 2353104 3870812 2420356
1785388544164 2353104 3870812 2420356
1785388544208 2359248 3870812 2420356
1785388544249 2359248 3870812 2420356
1785388544290 2359248 3870812 2420356
1785388544333 2359248 3870812 2420356
1785388544377 2359248 3870812 2420356
1785388544419 2359248 3870812 2420356
1785388544463 2359376 3870812 2420356
1785388544507 2310224 3870812 2420356
1785388544550 2310224 3870812 2420356
1785388544593 2310224 3870812 2420356
1785388544635 2310224 3870812 2420356
1785388544678 2310224 3870812 2420356
1785388544719 2310224 3870812 2420356
1785388544761 2322384 3870812 2420356
1785388544800 2346960 3870812 2420356
1785388544842 2346960 3870812 2420356
1785388544884 2346960 3870812 2420356
1785388544925 2365392 3870812 2420356
1785388544967 2365392 3870812 2420356
1785388545009 2365392 3870812 2420356
1785388545053 2383824 3870812 2420356
1785388545096 2365520 3870812 2420356
1785388545139 2365520 3870812 2420356
1785388545183 2347088 3870812 2420356
1785388545226 2347088 3870812 2420356
1785388545269 2347088 3870812 2420356
1785388545312 2316368 3870812 2420356
1785388545353 2316368 3870812 2420356
1785388545394 2316368 3870812 2420356
1785388545437 2334672 3870812 2420356
1785388545481 2310224 3870812 2420356
1785388545523 2310224 3870812 2420356
1785388545564 2327252 3870812 2420356
1785388545605 2359248 3870812 2420356
1785388545648 2364116 3870812 2420356
1785388545689 2382548 3870812 2420356
1785388545735 2457552 3870812 2457552
1785388545899 2408528 3870812 2451376
1785388545939 2408528 3870812 2451376
1785388545982 2359376 3870812 2451376
1785388546022 2359376 3870812 2451376
1785388546065 2359376 3870812 2451376
1785388546106 2359376 3870812 2451376
1785388546146 2359376 3870812 2451376
1785388546188 2359376 3870812 2451376
1785388546231 2359376 3870812 2451376
1785388546274 2359376 3870812 2451376
1785388546316 2359376 3870812 2451376
1785388546359 2359376 3870812 2451376
1785388546402 2359380 3870812 2451376
1785388546442 2359380 3870812 2451376
1785388546485 2359380 3870812 2451376
1785388546527 2359380 3870812 2451376
1785388546567 2359380 3870812 2451376
1785388546607 2359380 3870812 2451376
1785388546649 2359384 3870812 2451376
1785388546691 2359388 3870812 2451376
1785388546732 2359388 3870812 2451376
1785388546775 2359388 3870812 2451376
1785388546818 2359396 3870812 2451376
1785388546861 2359396 3870812 2451376
1785388546905 2359396 3870812 2451376
1785388546948 2359396 3870812 2451376
1785388546989 2359396 3870812 2451376
1785388547034 2359396 3870812 2451376
1785388547077 2359396 3870812 2451376
1785388547117 2359396 3870812 2451376
1785388547161 2371560 3870812 2451376
1785388547204 2371560 3870812 2451376
1785388547245 2371560 3870812 2451376
1785388547286 2389992 3870812 2451376
1785388547330 2389992 3870812 2451376
1785388547372 2371688 3870812 2451376
1785388547416 2383848 3870812 2451376
1785388547457 2383848 3870812 2451376
1785388547499 2383848 3870812 2451376
1785388547542 2383848 3870812 2451376
1785388547585 2383848 3870812 2451376
1785388547626 2383848 3870812 2451376
1785388547669 2365544 3870812 2451376
1785388547712 2365544 3870812 2451376
1785388547754 2365544 3870812 2451376
1785388547798 2365544 3870812 2451376
1785388547841 2365544 3870812 2451376
1785388547884 2365544 3870812 2451376
1785388547927 2365544 3870812 2451376
1785388547970 2365544 3870812 2451376
1785388548013 2365544 3870812 2451376
1785388548056 2365544 3870812 2451376
1785388548099 2365544 3870812 2451376
1785388548142 2365544 3870812 2451376
1785388548182 2365544 3870812 2451376
1785388548225 2365544 3870812 2451376
1785388548268 2365544 3870812 2451376
1785388548309 2365544 3870812 2451376
1785388548351 2365544 3870812 2451376
1785388548394 2365544 3870812 2451376
1785388548437 2365544 3870812 2451376
1785388548480 2365544 3870812 2451376
1785388548523 2365544 3870812 2451376
1785388548566 2365544 3870812 2451376
1785388548608 2365544 3870812 2451376
1785388548649 2365544 3870812 2451376
1785388548690 2365544 3870812 2451376
1785388548731 2365544 3870812 2451376
1785388548774 2365544 3870812 2451376
1785388548816 2365544 3870812 2451376
1785388548859 2365544 3870812 2451376
1785388548902 2365544 3870812 2451376
1785388548944 2365544 3870812 2451376
1785388548987 2365544 3870812 2451376
1785388549029 2365624 3870812 2451376
1785388549070 2365624 3870812 2451376
1785388549112 2365624 3870812 2451376
1785388549154 2365624 3870812 2451376
1785388549196 2365624 3870812 2451376
1785388549239 2365624 3870812 2451376
1785388549280 2365624 3870812 2451376
1785388549321 2365624 3870812 2451376
1785388549360 2365624 3870812 2451376
1785388549403 2365624 3870812 2451376
1785388549445 2365624 3870812 2451376
1785388549487 2365624 3870812 2451376
1785388549529 2365624 3870812 2451376
1785388549569 2365624 3870812 2451376
1785388549611 2365628 3870812 2451376
1785388549651 2365628 3870812 2451376
1785388549692 2365628 3870812 2451376
1785388549737 2365628 3870812 2451376
1785388549780 2365628 3870812 2451376
1785388549823 2365628 3870812 2451376
1785388549864 2371772 3870812 2451376
1785388549907 2371772 3870812 2451376
1785388549949 2372028 3870812 2451376
1785388549987 2408508 3870812 2451376
1785388550031 2408508 3870812 2451376
1785388550073 2408508 3870812 2451376
1785388550114 2408508 3870812 2451376
1785388550156 2408508 3870812 2451376
1785388550196 2390204 3870812 2451376
1785388550239 2390204 3870812 2451376
1785388550282 2359484 3870812 2451376
1785388550325 2359484 3870812 2451376
1785388550368 2378464 3870812 2451376
1785388550413 2365628 3870812 2451376
1785388550456 2365628 3870812 2451376
1785388550499 2365628 3870812 2451376
1785388550543 2365628 3870812 2451376
1785388550586 2365628 3870812 2451376
1785388550629 2365628 3870812 2451376
1785388550672 2365628 3870812 2451376
1785388550716 2365628 3870812 2451376
1785388550759 2365628 3870812 2451376
1785388550797 2382656 3870812 2451376
1785388550840 2402364 3870812 2451376
1785388550883 2402364 3870812 2451376
1785388550926 2402364 3870812 2451376
1785388550969 2414652 3870812 2451376
1785388551013 2414652 3870812 2451376
1785388551055 2414652 3870812 2451376
1785388551100 2426944 3870812 2451376
1785388551143 2426944 3870812 2451376
1785388551184 2426944 3870812 2451376
1785388551228 2408640 3870812 2451376
1785388551270 2408640 3870812 2451376
1785388551312 2408640 3870812 2451376
1785388551356 2384064 3870812 2451376
1785388551399 2359488 3870812 2451376
1785388551441 2376516 3870812 2451376
1785388551482 2392900 3870812 2451376
1785388551523 2433088 3870812 2451376
1785388551565 2433088 3870812 2451376
1785388551599 2444100 3870812 2451376
1785388551641 2482240 3870812 2482240
1785388551779 2482368 3928756 2574468
1785388551871 2482368 3928756 2574468
1785388551914 2482368 3928756 2574468
1785388551955 2482368 3928756 2574468
1785388551994 2359488 3928756 2574468
1785388552036 2359488 3928756 2574468
1785388552076 2359488 3928756 2574468
1785388552120 2359488 3928756 2574468
1785388552162 2359488 3928756 2574468
1785388552202 2359488 3928756 2574468
1785388552243 2359488 3928756 2574468
1785388552284 2359492 3928756 2574468
1785388552327 2359492 3928756 2574468
1785388552368 2359492 3928756 2574468
1785388552410 2359492 3928756 2574468
1785388552452 2359492 3928756 2574468
1785388552495 2359492 3928756 2574468
1785388552537 2359492 3928756 2574468
1785388552579 2359492 3928756 2574468
1785388552621 2359492 3928756 2574468
1785388552664 2359496 3928756 2574468
1785388552706 2359504 3928756 2574468
1785388552749 2359508 3928756 2574468
1785388552792 2359508 3928756 2574468
1785388552835 2359508 3928756 2574468
1785388552877 2359508 3928756 2574468
1785388552919 2359508 3928756 2574468
1785388552961 2365524 3928756 2574468
1785388553006 2365524 3928756 2574468
1785388553045 2374488 3928756 2574468
1785388553088 2408504 3928756 2574468
1785388553127 2414804 3928756 2574468
1785388553170 2414804 3928756 2574468
1785388553212 2414804 3928756 2574468
1785388553256 2414804 3928756 2574468
1785388553296 2414804 3928756 2574468
1785388553336 2414804 3928756 2574468
1785388553379 2396372 3928756 2574468
1785388553421 2396372 3928756 2574468
1785388553460 2396372 3928756 2574468
1785388553499 2384088 3928756 2574468
1785388553541 2384088 3928756 2574468
1785388553581 2384088 3928756 2574468
1785388553621 2396952 3928756 2574468
1785388553664 2408536 3928756 2574468
1785388553707 2408536 3928756 2574468
1785388553749 2408536 3928756 2574468
1785388553789 2408536 3928756 2574468
1785388553827 2377944 3928756 2574468
1785388553868 2377944 3928756 2574468
1785388553908 2377944 3928756 2574468
1785388553949 2377944 3928756 2574468
1785388553990 2377944 3928756 2574468
1785388554029 2377944 3928756 2574468
1785388554069 2377944 3928756 2574468
1785388554110 2377944 3928756 2574468
1785388554153 2377944 3928756 2574468
1785388554196 2377944 3928756 2574468
1785388554239 2377944 3928756 2574468
1785388554282 2377944 3928756 2574468
1785388554324 2377944 3928756 2574468
1785388554364 2377944 3928756 2574468
1785388554405 2377944 3928756 2574468
1785388554445 2377944 3928756 2574468
1785388554489 2377944 3928756 2574468
1785388554532 2377944 3928756 2574468
1785388554574 2377944 3928756 2574468
1785388554615 2377944 3928756 2574468
1785388554658 2377944 3928756 2574468
1785388554700 2377944 3928756 2574468
1785388554743 2377944 3928756 2574468
1785388554785 2377944 3928756 2574468
1785388554828 2377944 3928756 2574468
1785388554871 2377944 3928756 2574468
1785388554914 2377948 3928756 2574468
1785388554956 2377948 3928756 2574468
1785388554999 2359524 3928756 2574468
1785388555040 2359524 3928756 2574468
1785388555080 2359524 3928756 2574468
1785388555119 2359524 3928756 2574468
1785388555162 2359524 3928756 2574468
1785388555203 2359524 3928756 2574468
1785388555243 2359524 3928756 2574468
1785388555286 2359524 3928756 2574468
1785388555329 2359524 3928756 2574468
1785388555370 2359524 3928756 2574468
1785388555412 2359524 3928756 2574468
1785388555452 2359524 3928756 2574468
1785388555495 2359524 3928756 2574468
1785388555538 2359524 3928756 2574468
1785388555579 2359524 3928756 2574468
1785388555617 2365540 3928756 2574468
1785388555660 2377828 3928756 2574468
1785388555701 2359524 3928756 2574468
1785388555741 2380648 3928756 2574468
1785388555775 2405224 3928756 2574468
1785388555814 2414692 3928756 2574468
1785388555855 2433252 3928756 2574468
1785388555898 2433252 3928756 2574468
1785388555939 2437992 3928756 2574468
1785388555983 2476132 3928756 2574468
1785388556025 2476132 3928756 2574468
1785388556065 2476132 3928756 2574468
1785388556105 2476132 3928756 2574468
1785388556147 2476132 3928756 2574468
1785388556189 2476132 3928756 2574468
1785388556232 2457828 3928756 2574468
1785388556276 2457828 3928756 2574468
1785388556318 2457828 3928756 2574468
1785388556360 2420964 3928756 2574468
1785388556405 2396388 3928756 2574468
1785388556447 2396388 3928756 2574468
1785388556491 2396388 3928756 2574468
1785388556533 2396388 3928756 2574468
1785388556578 2396388 3928756 2574468
1785388556620 2399080 3928756 2574468
1785388556654 2414692 3928756 2574468
1785388556698 2433124 3928756 2574468
1785388556743 2433124 3928756 2574468
1785388556785 2439268 3928756 2574468
1785388556825 2451556 3928756 2574468
1785388556868 2476132 3928756 2574468
1785388556909 2476132 3928756 2574468
1785388556952 2476132 3928756 2574468
1785388556995 2476132 3928756 2574468
1785388557038 2476132 3928756 2574468
1785388557080 2476132 3928756 2574468
1785388557122 2482276 3928756 2574468
1785388557166 2482276 3928756 2574468
1785388557209 2482276 3928756 2574468
1785388557252 2482276 3928756 2574468
1785388557296 2482276 3928756 2574468
1785388557337 2482276 3928756 2574468
1785388557377 2482276 3928756 2574468
1785388557419 2482276 3928756 2574468
1785388557462 2482276 3928756 2574468
1785388557504 2482276 3928756 2574468
1785388557544 2405224 3928756 2574468
1785388557586 2423656 3928756 2574468
1785388557629 2442088 3928756 2574468
1785388557665 2469988 3928756 2574468
1785388557707 2472808 3928756 2574468
1785388557748 2491240 3928756 2574468
1785388557897 2384100 3928756 2574468
1785388557939 2384100 3928756 2574468
1785388557979 2384100 3928756 2574468
1785388558019 2359524 3928756 2574468
1785388558061 2359524 3928756 2574468
1785388558101 2359524 3928756 2574468
1785388558141 2368360 3928756 2574468
1785388558183 2386792 3928756 2574468
1785388558223 2396260 3928756 2574468
1785388558267 2396260 3928756 2574468
1785388558308 2396260 3928756 2574468
1785388558348 2396260 3928756 2574468
1785388558391 2396260 3928756 2574468
1785388558431 2377960 3928756 2574468
1785388558473 2377960 3928756 2574468
1785388558516 2377968 3928756 2574468
1785388558552 2359564 3928756 2574468
1785388558594 2359804 3928756 2574468
1785388558633 2146672 3928756 2574468
1785388558673 2144556 3928756 2574468
1785388558710 2144556 3928756 2574468
1785388558748 2144556 3928756 2574468
1785388558785 2144556 3928756 2574468
1785388558826 2144560 3928756 2574468
1785388558868 2144560 3928756 2574468
1785388558910 2144560 3928756 2574468
1785388558953 2144612 3928756 2574468
1785388558996 2144612 3928756 2574468
1785388559038 2144612 3928756 2574468
1785388559080 2144612 3928756 2574468
1785388559121 2144680 3928756 2574468
1785388559161 2144684 3928756 2574468
1785388559200 2144684 3928756 2574468
1785388559241 2142560 3928756 2574468
1785388559280 2143204 3928756 2574468
1785388559319 2143404 3928756 2574468
1785388559361 2143524 3928756 2574468
1785388559396 0 0 0
1785388559421 0 0 0
1785388559445 0 0 0
1785388559469 0 0 0
# peak_kb=2491240
# hwm_kb=2574468
# frozen_ms=0
# polled_vs_hwm_pct=32promille
