# timestamp_ms Rss_kB Anonymous_kB Filemapped_kB Shmem_kB
1785449461393 256088 156864 99224 0
1785449461496 256524 157300 99224 0
1785449461558 256560 157336 99224 0
1785449461619 256628 157404 99224 0
1785449461682 256748 157524 99224 0
1785449461745 260728 159124 101604 0
1785449461840 261012 159408 101604 0
1785449461902 261160 159556 101604 0
1785449461965 261960 160356 101604 0
1785449462026 240728 156292 84436 0
1785449462086 265004 162716 102288 0
1785449462165 267308 165020 102288 0
1785449462236 267308 165020 102288 0
1785449462263 267308 165020 102288 0
1785449462290 267308 165020 102288 0
1785449462317 265860 164140 101720 0
1785449462343 271500 167588 103912 0
1785449462426 279780 175452 104328 0
1785449462521 280296 175968 104328 0
1785449462585 280908 176580 104328 0
1785449462648 282840 177052 105788 0
1785449462711 284064 177076 106988 0
1785449462799 285828 177088 108740 0
1785449462877 288400 177132 111268 0
1785449462961 304088 191020 113068 0
1785449463065 369152 231144 138008 0
1785449463179 456072 274152 181920 0
1785449463298 491932 283356 208576 0
1785449463414 531244 302372 228872 0
1785449463534 573852 326576 247276 0
1785449463654 594296 334196 260100 0
1785449463776 613948 344428 269520 0
1785449463896 636472 355012 281460 0
1785449464012 645916 358620 287296 0
1785449464111 665776 372464 293312 0
1785449464234 682700 380400 302300 0
1785449464354 695332 383652 311680 0
1785449464474 701784 387132 314652 0
1785449464576 707032 389660 317372 0
1785449464652 718296 398100 320196 0
1785449464773 728520 400976 327544 0
1785449464872 745736 409920 335816 0
1785449464997 753484 412740 340744 0
1785449465101 754208 413060 341148 0
1785449465175 757820 414968 342852 0
1785449465252 761784 417228 344556 0
1785449465381 778928 428304 350624 0
1785449465504 805040 438608 366432 0
1785449465641 883644 481164 402480 0
1785449465775 925112 497124 427988 0
1785449465913 966232 517708 448524 0
1785449466048 992264 534288 457976 0
1785449466164 1009028 541896 467132 0
1785449466310 1026104 549120 476984 0
1785449466450 1050204 562016 488188 0
1785449466596 1077364 573808 503556 0
1785449466740 1101048 589604 511444 0
1785449466884 1123296 597732 525564 0
1785449467012 785904 686360 99544 0
1785449467047 875024 775036 99988 0
1785449467082 935676 843908 91768 0
1785449467118 1054080 945100 108980 0
1785449467153 1054080 945100 108980 0
1785449467184 1054544 954328 100216 0
1785449467215 1132488 1023076 109412 0
1785449467328 379640 264376 115264 0
1785449467451 1175512 1057036 118476 0
1785449467579 1178436 1059964 118472 0
1785449467661 1181508 1063036 118472 0
1785449467743 1183044 1064572 118472 0
1785449467824 1184580 1066108 118472 0
1785449467905 1186424 1067028 119396 0
1785449467982 1186424 1067028 119396 0
1785449468015 1186424 1067028 119396 0
1785449468045 1099668 980036 119632 0
1785449468077 1100232 980036 120196 0
1785449468109 1100232 980036 120196 0
1785449468140 1100232 980036 120196 0
1785449468172 1100340 980040 120300 0
1785449468203 1101748 980040 121708 0
1785449468234 1101996 980044 121952 0
1785449468265 1102000 980048 121952 0
1785449468297 1102004 980052 121952 0
1785449468328 1102004 980052 121952 0
1785449468359 1102008 980056 121952 0
1785449468391 1102008 980056 121952 0
1785449468422 1102008 980056 121952 0
1785449468454 1102008 980056 121952 0
1785449468485 1102008 980056 121952 0
1785449468516 1102008 980056 121952 0
1785449468547 1102008 980056 121952 0
1785449468579 1102008 980056 121952 0
1785449468610 1102012 980060 121952 0
1785449468642 1102020 980068 121952 0
1785449468673 1102020 980068 121952 0
1785449468704 1102028 980076 121952 0
1785449468736 1102032 980080 121952 0
1785449468768 1102036 980084 121952 0
1785449468799 1102044 980092 121952 0
1785449468831 1102048 980096 121952 0
1785449468863 1102052 980100 121952 0
1785449468895 1102056 980104 121952 0
1785449468927 1102060 980108 121952 0
1785449468959 1102068 980116 121952 0
1785449468991 1121476 999524 121952 0
1785449469023 1102068 980116 121952 0
1785449469055 1102068 980116 121952 0
1785449469088 1102068 980116 121952 0
1785449469120 1102068 980116 121952 0
1785449469152 1102068 980116 121952 0
1785449469184 1102068 980116 121952 0
1785449469216 1102068 980116 121952 0
1785449469248 1102068 980116 121952 0
1785449469281 1102068 980116 121952 0
1785449469313 1102068 980116 121952 0
1785449469345 1102068 980116 121952 0
1785449469377 1102068 980116 121952 0
1785449469409 1102068 980116 121952 0
1785449469441 1102068 980116 121952 0
1785449469473 1102068 980116 121952 0
1785449469505 1102068 980116 121952 0
1785449469537 1102068 980116 121952 0
1785449469568 1102068 980116 121952 0
1785449469600 1102068 980116 121952 0
1785449469631 1102068 980116 121952 0
1785449469663 1102068 980116 121952 0
1785449469694 1102068 980116 121952 0
1785449469726 1102068 980116 121952 0
1785449469758 1102068 980116 121952 0
1785449469793 1102068 980116 121952 0
1785449469826 1102068 980116 121952 0
1785449469858 1102068 980116 121952 0
1785449469889 1102068 980116 121952 0
1785449469922 1102068 980116 121952 0
1785449469953 1102068 980116 121952 0
1785449469985 1154264 1032312 121952 0
1785449470017 1102088 980136 121952 0
1785449470049 1102088 980136 121952 0
1785449470082 1102088 980136 121952 0
1785449470114 1102088 980136 121952 0
1785449470147 1102088 980136 121952 0
1785449470179 1102088 980136 121952 0
1785449470211 1102088 980136 121952 0
1785449470243 1102088 980136 121952 0
1785449470275 1102088 980136 121952 0
1785449470307 1102088 980136 121952 0
1785449470338 1102088 980136 121952 0
1785449470371 1102088 980136 121952 0
1785449470403 1102088 980136 121952 0
1785449470434 1102088 980136 121952 0
1785449470466 1102088 980136 121952 0
1785449470498 1102088 980136 121952 0
1785449470529 1102088 980136 121952 0
1785449470561 1102088 980136 121952 0
1785449470594 1102088 980136 121952 0
1785449470626 1102088 980136 121952 0
1785449470658 1102088 980136 121952 0
1785449470690 1102088 980136 121952 0
1785449470722 1102088 980136 121952 0
1785449470755 1101936 979988 121948 0
1785449470788 1102092 980140 121952 0
1785449470823 1102092 980140 121952 0
1785449470853 1106696 984744 121952 0
1785449470887 1106696 984744 121952 0
1785449470920 1106696 984744 121952 0
1785449470954 1106696 984744 121952 0
1785449470985 1140440 1018488 121952 0
1785449471018 1106696 984744 121952 0
1785449471049 1106696 984744 121952 0
1785449471082 1106696 984744 121952 0
1785449471115 1106696 984744 121952 0
1785449471148 1106544 984596 121948 0
1785449471179 1150680 1028728 121952 0
1785449471212 1150680 1028728 121952 0
1785449471245 1162968 1041016 121952 0
1785449471278 1193688 1071736 121952 0
1785449471385 1193536 1071588 121948 0
1785449471417 1272160 1150208 121952 0
1785449471547 1619344 1497392 121952 0
1785449471667 1893188 1771236 121952 0
1785449471789 1532200 1410252 121948 0
1785449471906 1619428 1497476 121952 0
1785449471938 1619428 1497476 121952 0
1785449471970 1546184 1424232 121952 0
1785449472003 1585096 1463144 121952 0
1785449472037 1585096 1463144 121952 0
1785449472069 1634248 1512296 121952 0
1785449472102 1730504 1608552 121952 0
1785449472134 1763272 1641320 121952 0
1785449472168 1763272 1641320 121952 0
1785449472197 1808328 1686376 121952 0
1785449472230 1904584 1782632 121952 0
1785449472264 1908680 1786728 121952 0
1785449472297 1910728 1788776 121952 0
1785449472330 1999664 1877712 121952 0
1785449472438 2315056 2193104 121952 0
1785449472564 2465972 2344024 121948 0
1785449472701 1196108 1074156 121952 0
1785449472733 1196108 1074156 121952 0
1785449472764 1195956 1074008 121948 0
1785449472796 1199172 1077220 121952 0
1785449472829 1203744 1081828 121916 0
1785449472862 1205932 1083984 121948 0
1785449472895 1210692 1088740 121952 0
1785449472928 1210692 1088740 121952 0
1785449472962 1196924 1086480 110444 0
1785449472994 1123700 1001748 121952 0
1785449473025 1123700 1001748 121952 0
1785449473057 1123700 1001748 121952 0
1785449473088 1123708 1001756 121952 0
1785449473120 1123712 1001760 121952 0
1785449473152 1123764 1001812 121952 0
1785449473184 1123844 1001892 121952 0
1785449473216 1124584 1002192 122392 0
1785449473249 1124588 1002196 122392 0
1785449473283 1124600 1002208 122392 0
1785449473315 1124600 1002208 122392 0
1785449473347 1124608 1002216 122392 0
1785449473380 1124612 1002220 122392 0
1785449473411 1124620 1002228 122392 0
1785449473443 1124632 1002240 122392 0
1785449473475 1124636 1002244 122392 0
1785449473507 1124648 1002256 122392 0
1785449473538 1124652 1002260 122392 0
1785449473570 1124656 1002264 122392 0
1785449473603 1124664 1002272 122392 0
1785449473635 1124672 1002280 122392 0
1785449473669 1124680 1002288 122392 0
1785449473701 1124684 1002292 122392 0
1785449473733 1124692 1002300 122392 0
1785449473765 1124696 1002304 122392 0
1785449473798 1124700 1002308 122392 0
1785449473831 1124708 1002316 122392 0
1785449473863 1124712 1002320 122392 0
1785449473896 1124724 1002332 122392 0
1785449473928 1124728 1002336 122392 0
1785449473961 1124728 1002336 122392 0
1785449473994 1124728 1002336 122392 0
1785449474027 1124728 1002336 122392 0
1785449474059 1124728 1002336 122392 0
1785449474092 1124728 1002336 122392 0
1785449474124 1124728 1002336 122392 0
1785449474157 1124728 1002336 122392 0
1785449474189 1124728 1002336 122392 0
1785449474222 1124728 1002336 122392 0
1785449474253 1124728 1002336 122392 0
1785449474286 1124728 1002336 122392 0
1785449474317 1124728 1002336 122392 0
1785449474350 1124728 1002336 122392 0
1785449474382 1124728 1002336 122392 0
1785449474414 1124728 1002336 122392 0
1785449474447 1124728 1002336 122392 0
1785449474479 1124728 1002336 122392 0
1785449474511 1124728 1002336 122392 0
1785449474543 1124728 1002336 122392 0
1785449474575 1124728 1002336 122392 0
1785449474607 1124728 1002336 122392 0
1785449474639 1124728 1002336 122392 0
1785449474671 1124728 1002336 122392 0
1785449474703 1124728 1002336 122392 0
1785449474735 1124728 1002336 122392 0
1785449474769 1124728 1002336 122392 0
1785449474801 1124728 1002336 122392 0
1785449474834 1124744 1002352 122392 0
1785449474866 1124744 1002352 122392 0
1785449474898 1124744 1002352 122392 0
1785449474930 1124744 1002352 122392 0
1785449474962 1124744 1002352 122392 0
1785449474994 1124744 1002352 122392 0
1785449475027 1124744 1002352 122392 0
1785449475060 1124744 1002352 122392 0
1785449475093 1124744 1002352 122392 0
1785449475124 1124744 1002352 122392 0
1785449475157 1124744 1002352 122392 0
1785449475189 1124744 1002352 122392 0
1785449475222 1124744 1002352 122392 0
1785449475254 1124744 1002352 122392 0
1785449475286 1124744 1002352 122392 0
1785449475318 1124744 1002352 122392 0
1785449475351 1124744 1002352 122392 0
1785449475383 1124744 1002352 122392 0
1785449475416 1124744 1002352 122392 0
1785449475448 1124744 1002352 122392 0
1785449475480 1124744 1002352 122392 0
1785449475513 1124744 1002352 122392 0
1785449475545 1124744 1002352 122392 0
1785449475578 1124744 1002352 122392 0
1785449475610 1124744 1002352 122392 0
1785449475642 1124008 1001984 122024 0
1785449475675 1191836 1080948 110888 0
1785449475707 1124744 1002352 122392 0
1785449475740 1124744 1002352 122392 0
1785449475773 1176920 1054528 122392 0
1785449475806 1211736 1089344 122392 0
1785449475838 1211736 1089344 122392 0
1785449475870 1199456 1089176 110280 0
1785449475902 1264644 1142252 122392 0
1785449475934 1418244 1295852 122392 0
1785449475967 1573892 1451500 122392 0
1785449475999 1665076 1542684 122392 0
1785449476032 1665076 1542684 122392 0
1785449476064 1664924 1542536 122388 0
1785449476097 1734132 1611740 122392 0
1785449476129 1828340 1705948 122392 0
1785449476161 1924596 1802204 122392 0
1785449476193 2020852 1898460 122392 0
1785449476226 1529964 1415488 114476 0
1785449476258 1615852 1493460 122392 0
1785449476291 1626092 1503700 122392 0
1785449476323 1626092 1503700 122392 0
1785449476355 1583580 1461188 122392 0
1785449476387 1679836 1557444 122392 0
1785449476420 1698268 1575876 122392 0
1785449476452 1698268 1575876 122392 0
1785449476482 1743324 1620932 122392 0
1785449476513 1833436 1711044 122392 0
1785449476545 1929692 1807300 122392 0
1785449476580 2028892 1906500 122392 0
1785449476613 2047324 1924932 122392 0
1785449476645 2102620 1980228 122392 0
1785449476676 2196828 2074436 122392 0
1785449476708 2291036 2168644 122392 0
1785449476740 2376128 2261772 114356 0
1785449476773 2466096 2343704 122392 0
1785449476806 2472812 2350420 122392 0
1785449476916 1617988 1493956 124032 0
1785449476948 1714244 1590212 124032 0
1785449476980 1808452 1684420 124032 0
1785449477013 1904708 1780676 124032 0
1785449477046 1997268 1873236 124032 0
1785449477079 2051092 1927060 124032 0
1785449477113 2051092 1927060 124032 0
1785449477146 1661476 1537444 124032 0
1785449477178 1734204 1612340 121864 0
1785449477210 1702340 1579384 122956 0
1785449477242 1833112 1718156 114956 0
1785449477277 1885712 1771068 114644 0
1785449477309 1942704 1826580 116124 0
1785449477341 2007044 1883048 123996 0
1785449477374 2037304 1913272 124032 0
1785449477406 2038168 1914140 124028 0
1785449477440 1598628 1487604 111024 0
1785449477477 1627436 1503208 124228 0
1785449477511 1641772 1517544 124228 0
1785449477545 1658156 1533928 124228 0
1785449477579 1672492 1548264 124228 0
1785449477612 1688876 1564648 124228 0
1785449477645 1703212 1578984 124228 0
1785449477678 1719596 1595368 124228 0
1785449477711 1735980 1611752 124228 0
1785449477744 1750316 1626088 124228 0
1785449477778 1766700 1642472 124228 0
1785449477812 1783084 1658856 124228 0
1785449477844 1797220 1672992 124228 0
1785449477878 1813604 1689376 124228 0
1785449477911 1829988 1705760 124228 0
1785449477944 1846372 1722144 124228 0
1785449477978 1860708 1736480 124228 0
1785449478010 1877092 1752864 124228 0
1785449478046 1893476 1769248 124228 0
1785449478079 1909860 1785632 124228 0
1785449478113 1924196 1799968 124228 0
1785449478146 1940580 1816352 124228 0
1785449478180 1954916 1830688 124228 0
1785449478213 1721800 1606792 115008 0
1785449478249 1615376 1491124 124252 0
1785449478283 1615376 1491124 124252 0
1785449478315 1354404 1230152 124252 0
1785449478349 1354408 1230156 124252 0
1785449478383 1354416 1230164 124252 0
1785449478418 1354420 1230168 124252 0
1785449478451 1354420 1230168 124252 0
1785449478486 1354420 1230168 124252 0
1785449478521 1354420 1230168 124252 0
1785449478556 1354420 1230168 124252 0
1785449478589 1354420 1230168 124252 0
1785449478623 1354436 1230184 124252 0
1785449478657 1354436 1230184 124252 0
1785449478692 1354440 1230188 124252 0
1785449478727 1354440 1230188 124252 0
1785449478759 1354440 1230188 124252 0
1785449478795 1354444 1230192 124252 0
1785449478830 1354444 1230192 124252 0
1785449478862 1354444 1230192 124252 0
1785449478896 1354452 1230200 124252 0
1785449478929 1354452 1230200 124252 0
1785449478964 1354460 1230208 124252 0
1785449478998 1354460 1230208 124252 0
1785449479031 1354460 1230208 124252 0
1785449479066 1354460 1230208 124252 0
1785449479101 1354460 1230208 124252 0
1785449479133 1354460 1230208 124252 0
1785449479167 1354476 1230224 124252 0
1785449479202 1354476 1230224 124252 0
1785449479238 1354488 1230236 124252 0
1785449479272 1354488 1230236 124252 0
1785449479306 1354488 1230236 124252 0
1785449479340 1354492 1230240 124252 0
1785449479374 1354492 1230240 124252 0
1785449479406 1354492 1230240 124252 0
1785449479440 1354500 1230248 124252 0
1785449479475 1354500 1230248 124252 0
1785449479509 1354512 1230260 124252 0
1785449479544 1354512 1230260 124252 0
1785449479577 1354512 1230260 124252 0
1785449479612 1354512 1230260 124252 0
1785449479647 1354512 1230260 124252 0
1785449479680 1354512 1230260 124252 0
1785449479713 1354520 1230268 124252 0
1785449479747 1354520 1230268 124252 0
1785449479781 1354524 1230272 124252 0
1785449479815 1354524 1230272 124252 0
1785449479848 1354524 1230272 124252 0
1785449479881 1354532 1230280 124252 0
1785449479915 1354532 1230280 124252 0
1785449479947 1354532 1230280 124252 0
1785449479981 1354532 1230280 124252 0
1785449480014 1354544 1230292 124252 0
1785449480047 1354548 1230296 124252 0
1785449480082 1354548 1230296 124252 0
1785449480115 1354548 1230296 124252 0
1785449480148 1354552 1230300 124252 0
1785449480183 1354552 1230300 124252 0
1785449480215 1354552 1230300 124252 0
1785449480249 1354552 1230300 124252 0
1785449480284 1354560 1230308 124252 0
1785449480319 1354560 1230308 124252 0
1785449480353 1354560 1230308 124252 0
1785449480386 1354560 1230308 124252 0
1785449480419 1354564 1230312 124252 0
1785449480453 1354564 1230312 124252 0
1785449480486 1354564 1230312 124252 0
1785449480520 1354576 1230324 124252 0
1785449480557 1354580 1230328 124252 0
1785449480590 1354584 1230332 124252 0
1785449480625 1354584 1230332 124252 0
1785449480660 1354584 1230332 124252 0
1785449480693 1354584 1230332 124252 0
1785449480728 1354584 1230332 124252 0
1785449480761 1354584 1230332 124252 0
1785449480795 1354596 1230344 124252 0
1785449480829 1354600 1230348 124252 0
1785449480863 1354604 1230352 124252 0
1785449480898 1354608 1230356 124252 0
1785449480932 1354608 1230356 124252 0
1785449480965 1354608 1230356 124252 0
1785449481000 1354608 1230356 124252 0
1785449481032 1354608 1230356 124252 0
1785449481066 1354612 1230360 124252 0
1785449481099 1354616 1230364 124252 0
1785449481133 1354620 1230368 124252 0
1785449481168 1354628 1230376 124252 0
1785449481202 1354628 1230376 124252 0
1785449481236 1354628 1230376 124252 0
1785449481270 1354628 1230376 124252 0
1785449481304 1354628 1230376 124252 0
1785449481337 1354636 1230384 124252 0
1785449481371 1354640 1230388 124252 0
1785449481405 1354640 1230388 124252 0
1785449481438 1354640 1230388 124252 0
1785449481473 1354640 1230388 124252 0
1785449481507 1354644 1230392 124252 0
1785449481541 1354652 1230400 124252 0
1785449481576 1354652 1230400 124252 0
1785449481608 1354656 1230404 124252 0
1785449481641 1032072 907824 124248 0
1785449481674 1101876 977624 124252 0
1785449481706 1200028 1075780 124248 0
1785449481739 1146160 1030048 116112 0
1785449481771 1206004 1082076 123928 0
1785449481803 1016408 892156 124252 0
1785449481837 986740 876820 109920 0
1785449481869 1206288 1082140 124148 0
1785449481902 763896 639648 124248 0
1785449481932 993088 877304 115784 0
1785449481964 1085592 961340 124252 0
1785449481996 1204504 1081104 123400 0
1785449482029 1289248 1164460 124788 0
1785449482064 1305632 1180844 124788 0
1785449482098 1319268 1194480 124788 0
1785449482133 1335652 1210864 124788 0
1785449482166 1194212 1068704 125508 0
1785449482203 1385956 1260396 125560 0
1785449482237 1399992 1274432 125560 0
1785449482270 1412528 1286968 125560 0
1785449482303 1426864 1301304 125560 0
1785449482336 1443248 1317688 125560 0
1785449482369 1457584 1332024 125560 0
1785449482402 1471920 1346360 125560 0
1785449482435 1488304 1362744 125560 0
1785449482468 1502640 1377080 125560 0
1785449482502 1519024 1393464 125560 0
1785449482535 1533360 1407800 125560 0
1785449482567 1549744 1424184 125560 0
1785449482600 1564080 1438520 125560 0
1785449482633 1574428 1448536 125892 0
1785449482666 1574428 1448536 125892 0
1785449482699 1574428 1448536 125892 0
1785449482731 1574428 1448536 125892 0
1785449482764 1574428 1448536 125892 0
1785449482797 1574428 1448536 125892 0
1785449482829 1574428 1448536 125892 0
1785449482862 1574428 1448536 125892 0
1785449482896 1574428 1448536 125892 0
1785449482929 1574428 1448536 125892 0
1785449482962 1574428 1448536 125892 0
1785449482995 1582800 1456908 125892 0
1785449483028 1599184 1473292 125892 0
1785449483061 1613520 1487628 125892 0
1785449483093 1627856 1501964 125892 0
1785449483126 1638520 1512572 125948 0
1785449483158 1652856 1526908 125948 0
1785449483191 1669240 1543292 125948 0
1785449483224 1683576 1557628 125948 0
1785449483257 1699960 1574012 125948 0
1785449483289 1714296 1588348 125948 0
1785449483322 1728632 1602684 125948 0
1785449483355 1745016 1619068 125948 0
1785449483388 1761400 1635452 125948 0
1785449483421 1775736 1649788 125948 0
1785449483454 1792120 1666172 125948 0
1785449483488 1807100 1681152 125948 0
1785449483520 1822640 1696692 125948 0
1785449483553 1839024 1713076 125948 0
1785449483586 1853360 1727412 125948 0
1785449483619 1869744 1743796 125948 0
1785449483652 1884080 1758132 125948 0
1785449483686 1900464 1774516 125948 0
1785449483719 1914800 1788852 125948 0
1785449483752 1931184 1805236 125948 0
1785449483786 1945520 1819572 125948 0
1785449483818 1961904 1835956 125948 0
1785449483851 1976240 1850292 125948 0
1785449483884 1378940 1254780 124160 0
1785449483923 1230440 1104496 125944 0
1785449483959 1984360 1858412 125948 0
1785449483994 1984360 1858412 125948 0
1785449484028 1984360 1858412 125948 0
1785449484059 1733736 1611380 122356 0
1785449484090 1810380 1684432 125948 0
1785449484122 1810380 1684432 125948 0
1785449484155 1810380 1684432 125948 0
1785449484187 1810380 1684432 125948 0
1785449484219 1810380 1684432 125948 0
1785449484251 1810380 1684432 125948 0
1785449484283 1810380 1684432 125948 0
1785449484316 1810380 1684432 125948 0
1785449484348 1810380 1684432 125948 0
1785449484382 1810380 1684432 125948 0
1785449484416 1810380 1684432 125948 0
1785449484449 1810380 1684432 125948 0
1785449484482 1810380 1684432 125948 0
1785449484516 1810380 1684432 125948 0
1785449484549 1810380 1684432 125948 0
1785449484582 1810380 1684432 125948 0
1785449484614 1810380 1684432 125948 0
1785449484648 1810380 1684432 125948 0
1785449484681 1810380 1684432 125948 0
1785449484714 1810380 1684432 125948 0
1785449484746 1810380 1684432 125948 0
1785449484779 1810380 1684432 125948 0
1785449484812 1810380 1684432 125948 0
1785449484845 1810380 1684432 125948 0
1785449484878 1810380 1684432 125948 0
1785449484910 1810380 1684432 125948 0
1785449484943 1810380 1684432 125948 0
1785449484975 1810380 1684432 125948 0
1785449485007 1810380 1684432 125948 0
1785449485040 1810380 1684432 125948 0
1785449485073 1810380 1684432 125948 0
1785449485106 1810380 1684432 125948 0
1785449485139 1810380 1684432 125948 0
1785449485172 1810380 1684432 125948 0
1785449485204 1810380 1684432 125948 0
1785449485238 1810380 1684432 125948 0
1785449485270 1810380 1684432 125948 0
1785449485303 1810380 1684432 125948 0
1785449485336 1810380 1684432 125948 0
1785449485370 1405336 1293448 111888 0
1785449485402 1231220 1104636 126584 0
1785449485435 1231416 1104660 126756 0
1785449485469 1231424 1104668 126756 0
1785449485501 637080 510324 126756 0
1785449485531 1245120 1118364 126756 0
1785449485565 1245124 1118368 126756 0
1785449485599 1245124 1118368 126756 0
1785449485631 1245124 1118368 126756 0
1785449485665 1245124 1118368 126756 0
1785449485698 1245156 1118368 126788 0
1785449485732 1245156 1118368 126788 0
1785449485766 1245156 1118368 126788 0
1785449485801 1245164 1118376 126788 0
1785449485834 1243140 1119420 123720 0
1785449485867 1170744 1043692 127052 0
1785449485901 1271104 1145452 125652 0
1785449485936 1269748 1152344 117404 0
1785449485975 1121720 997432 124288 0
1785449486010 1320780 1193664 127116 0
1785449486047 1320780 1193664 127116 0
1785449486082 1335120 1208004 127116 0
1785449486119 1335120 1208004 127116 0
1785449486153 1335120 1208004 127116 0
1785449486187 1334968 1207856 127112 0
1785449486224 1347412 1220296 127116 0
1785449486260 1347412 1220296 127116 0
1785449486295 1347412 1220296 127116 0
1785449486328 1347412 1220296 127116 0
1785449486366 1347412 1220296 127116 0
1785449486401 1347412 1220296 127116 0
1785449486435 1347412 1220296 127116 0
1785449486472 1347412 1220296 127116 0
1785449486507 1347412 1220296 127116 0
1785449486541 1347412 1220296 127116 0
1785449486575 1353556 1226440 127116 0
1785449486611 1353556 1226440 127116 0
1785449486647 1353556 1226440 127116 0
1785449486682 1172916 1045800 127116 0
1785449486719 1280164 1152840 127324 0
1785449486754 1283112 1155788 127324 0
1785449486790 1173336 1046012 127324 0
1785449486823 1289324 1161936 127388 0
1785449486859 1289324 1161936 127388 0
1785449486894 1289324 1161936 127388 0
1785449486928 1289324 1161936 127388 0
1785449486963 1289324 1161936 127388 0
1785449486998 1289324 1161936 127388 0
1785449487033 1289324 1161936 127388 0
1785449487068 1289324 1161936 127388 0
1785449487103 1289324 1161936 127388 0
1785449487138 1289324 1161936 127388 0
1785449487174 1289324 1161936 127388 0
1785449487209 1289324 1161936 127388 0
1785449487245 1289324 1161936 127388 0
1785449487280 1289324 1161936 127388 0
1785449487316 1289324 1161936 127388 0
1785449487352 1289324 1161936 127388 0
1785449487388 1289324 1161936 127388 0
1785449487423 1289324 1161936 127388 0
1785449487459 1289324 1161936 127388 0
1785449487495 1289324 1161936 127388 0
1785449487530 1289324 1161936 127388 0
1785449487566 1289324 1161936 127388 0
1785449487601 1289324 1161936 127388 0
1785449487636 1289324 1161936 127388 0
1785449487672 1289324 1161936 127388 0
1785449487707 1289324 1161936 127388 0
1785449487744 1289324 1161936 127388 0
1785449487779 1289324 1161936 127388 0
1785449487814 1289324 1161936 127388 0
1785449487850 1289324 1161936 127388 0
1785449487885 1289324 1161936 127388 0
1785449487920 1289324 1161936 127388 0
1785449487954 1289324 1161936 127388 0
1785449487990 1289328 1161940 127388 0
1785449488025 1289336 1161948 127388 0
1785449488061 1289340 1161952 127388 0
1785449488096 1292404 1165016 127388 0
1785449488129 1287644 1160260 127384 0
1785449488162 1307516 1180128 127388 0
1785449488195 1321856 1194468 127388 0
1785449488228 1180620 1053232 127388 0
1785449488262 1366136 1238748 127388 0
1785449488298 1366136 1238748 127388 0
1785449488332 1366136 1238748 127388 0
1785449488365 1366136 1238748 127388 0
1785449488398 1366136 1238748 127388 0
1785449488431 1366136 1238748 127388 0
1785449488464 1366136 1238748 127388 0
1785449488498 1366136 1238748 127388 0
1785449488534 1366136 1238748 127388 0
1785449488572 1366140 1238752 127388 0
1785449488608 1184796 1057408 127388 0
1785449488642 1381500 1254112 127388 0
1785449488680 1418364 1290976 127388 0
1785449488718 1418364 1290976 127388 0
1785449488753 1418364 1290976 127388 0
1785449488789 1418212 1290828 127384 0
1785449488827 1436796 1309408 127388 0
1785449488864 1436796 1309408 127388 0
1785449488900 1436796 1309408 127388 0
1785449488935 1436796 1309408 127388 0
1785449488972 1436796 1309408 127388 0
1785449489008 1436796 1309408 127388 0
1785449489042 786916 659532 127384 0
1785449489077 1442940 1315552 127388 0
1785449489113 1442940 1315552 127388 0
1785449489148 1442940 1315552 127388 0
1785449489184 1455228 1327840 127388 0
1785449489221 1455228 1327840 127388 0
1785449489257 1455228 1327840 127388 0
1785449489292 1455228 1327840 127388 0
1785449489331 1455228 1327840 127388 0
1785449489368 1455228 1327840 127388 0
1785449489404 1455228 1327840 127388 0
1785449489441 1455228 1327840 127388 0
1785449489476 1455228 1327840 127388 0
1785449489514 1455228 1327840 127388 0
1785449489550 1455228 1327840 127388 0
1785449489583 1455228 1327840 127388 0
1785449489618 1455228 1327840 127388 0
1785449489656 1455228 1327840 127388 0
1785449489693 1455228 1327840 127388 0
1785449489730 1455228 1327840 127388 0
1785449489768 1455228 1327840 127388 0
1785449489805 1455228 1327840 127388 0
1785449489841 1455228 1327840 127388 0
1785449489878 1467516 1340128 127388 0
1785449489918 1467516 1340128 127388 0
1785449489953 1467516 1340128 127388 0
1785449489988 1467516 1340128 127388 0
1785449490027 1467516 1340128 127388 0
1785449490063 1467516 1340128 127388 0
1785449490099 1467516 1340128 127388 0
1785449490136 1467516 1340128 127388 0
1785449490173 1467516 1340128 127388 0
1785449490208 1467516 1340128 127388 0
1785449490245 1467516 1340128 127388 0
1785449490285 1467516 1340128 127388 0
1785449490323 1467876 1340128 127748 0
1785449490361 1467876 1340128 127748 0
1785449490397 1467876 1340128 127748 0
1785449490431 1229804 1102056 127748 0
1785449490464 1484008 1356260 127748 0
1785449490500 1498344 1370596 127748 0
1785449490534 1514728 1386980 127748 0
1785449490569 964980 837364 127616 0
1785449490605 1591012 1463136 127876 0
1785449490642 1591012 1463136 127876 0
1785449490679 1591012 1463136 127876 0
1785449490715 1591012 1463136 127876 0
1785449490750 1591012 1463136 127876 0
1785449490787 1591012 1463136 127876 0
1785449490823 1591012 1463136 127876 0
1785449490856 1591012 1463136 127876 0
1785449490894 1591012 1463136 127876 0
1785449490929 1591012 1463136 127876 0
1785449490965 1591012 1463136 127876 0
1785449490999 1591012 1463136 127876 0
1785449491035 1591012 1463136 127876 0
1785449491071 1591012 1463136 127876 0
1785449491108 1591016 1463140 127876 0
1785449491144 1591020 1463144 127876 0
1785449491181 1591020 1463144 127876 0
1785449491217 1591020 1463144 127876 0
1785449491254 1591020 1463144 127876 0
1785449491291 1591020 1463144 127876 0
1785449491328 1591020 1463144 127876 0
1785449491366 1591020 1463144 127876 0
1785449491403 1591020 1463144 127876 0
1785449491440 1591020 1463144 127876 0
1785449491477 1591020 1463144 127876 0
1785449491514 1591024 1463148 127876 0
1785449491551 1591028 1463152 127876 0
1785449491588 1591028 1463152 127876 0
1785449491625 1591028 1463152 127876 0
1785449491662 1591032 1463156 127876 0
1785449491699 1591036 1463160 127876 0
1785449491736 1591040 1463164 127876 0
1785449491772 1591040 1463164 127876 0
1785449491812 1591040 1463164 127876 0
1785449491848 1591040 1463164 127876 0
1785449491884 1591040 1463164 127876 0
1785449491921 1591040 1463164 127876 0
1785449491959 1591040 1463164 127876 0
1785449491995 1591040 1463164 127876 0
1785449492030 1591040 1463164 127876 0
1785449492070 1591040 1463164 127876 0
1785449492107 1591040 1463164 127876 0
1785449492143 1591040 1463164 127876 0
1785449492181 1591040 1463164 127876 0
1785449492218 1591040 1463164 127876 0
1785449492254 1591040 1463164 127876 0
1785449492291 1591040 1463164 127876 0
1785449492331 1591040 1463164 127876 0
1785449492367 1591040 1463164 127876 0
1785449492403 1591040 1463164 127876 0
1785449492440 1591040 1463164 127876 0
1785449492478 1591040 1463164 127876 0
1785449492514 1591040 1463164 127876 0
1785449492551 1591040 1463164 127876 0
1785449492587 1591044 1463168 127876 0
1785449492624 1591044 1463168 127876 0
1785449492660 1591044 1463168 127876 0
1785449492696 1591044 1463168 127876 0
1785449492733 1591044 1463168 127876 0
1785449492769 1591044 1463168 127876 0
1785449492805 1591044 1463168 127876 0
1785449492840 1591044 1463168 127876 0
1785449492876 1591044 1463168 127876 0
1785449492912 1591044 1463168 127876 0
1785449492948 1591044 1463168 127876 0
1785449492984 1591044 1463168 127876 0
1785449493020 1591044 1463168 127876 0
1785449493057 1591044 1463168 127876 0
1785449493093 1591044 1463168 127876 0
1785449493129 1591044 1463168 127876 0
1785449493165 1591044 1463168 127876 0
1785449493202 1591044 1463168 127876 0
1785449493238 1591044 1463168 127876 0
1785449493275 1591044 1463168 127876 0
1785449493311 1591044 1463168 127876 0
1785449493347 1591044 1463168 127876 0
1785449493383 1591044 1463168 127876 0
1785449493419 1591044 1463168 127876 0
1785449493456 1591044 1463168 127876 0
1785449493492 1591044 1463168 127876 0
1785449493528 1591044 1463168 127876 0
1785449493564 1591044 1463168 127876 0
1785449493599 1591044 1463168 127876 0
1785449493636 1591044 1463168 127876 0
1785449493672 1591044 1463168 127876 0
1785449493709 1591044 1463168 127876 0
1785449493746 1591044 1463168 127876 0
1785449493783 1591044 1463168 127876 0
1785449493821 1591044 1463168 127876 0
1785449493858 1591044 1463168 127876 0
1785449493895 1591048 1463172 127876 0
1785449493932 1591048 1463172 127876 0
1785449493970 1591048 1463172 127876 0
1785449494006 1591048 1463172 127876 0
1785449494040 1591048 1463172 127876 0
1785449494074 1591048 1463172 127876 0
1785449494107 1591048 1463172 127876 0
1785449494147 1591048 1463172 127876 0
1785449494183 1591048 1463172 127876 0
1785449494218 1591048 1463172 127876 0
1785449494253 1591048 1463172 127876 0
1785449494288 1591048 1463172 127876 0
1785449494322 1591048 1463172 127876 0
1785449494357 1591048 1463172 127876 0
1785449494394 1591052 1463176 127876 0
1785449494431 1591052 1463176 127876 0
1785449494469 1591052 1463176 127876 0
1785449494507 1591052 1463176 127876 0
1785449494544 1591052 1463176 127876 0
1785449494580 1591052 1463176 127876 0
1785449494619 1591052 1463176 127876 0
1785449494655 1591052 1463176 127876 0
1785449494693 1591052 1463176 127876 0
1785449494733 1591052 1463176 127876 0
1785449494771 1591052 1463176 127876 0
1785449494808 1591052 1463176 127876 0
1785449494845 1591056 1463180 127876 0
1785449494883 1591056 1463180 127876 0
1785449494920 1591056 1463180 127876 0
1785449494956 1591056 1463180 127876 0
1785449494997 1591056 1463180 127876 0
1785449495034 1591056 1463180 127876 0
1785449495071 1591056 1463180 127876 0
1785449495108 1591056 1463180 127876 0
1785449495146 1591056 1463180 127876 0
1785449495183 1591056 1463180 127876 0
1785449495218 1591056 1463180 127876 0
1785449495258 1591056 1463180 127876 0
1785449495296 1591056 1463180 127876 0
1785449495333 1591056 1463180 127876 0
1785449495370 1591056 1463180 127876 0
1785449495407 1591056 1463180 127876 0
1785449495444 1591056 1463180 127876 0
1785449495481 1591056 1463180 127876 0
1785449495517 1591056 1463180 127876 0
1785449495555 1591056 1463180 127876 0
1785449495594 1591056 1463180 127876 0
1785449495629 1591056 1463180 127876 0
1785449495667 1591056 1463180 127876 0
1785449495704 1591056 1463180 127876 0
1785449495741 1591056 1463180 127876 0
1785449495778 1591056 1463180 127876 0
1785449495814 1591056 1463180 127876 0
1785449495854 1591056 1463180 127876 0
1785449495892 1591056 1463180 127876 0
1785449495929 1591056 1463180 127876 0
1785449495966 1591056 1463180 127876 0
1785449496003 1591056 1463180 127876 0
1785449496041 1591056 1463180 127876 0
1785449496077 1591056 1463180 127876 0
1785449496116 1591056 1463180 127876 0
1785449496154 1591056 1463180 127876 0
1785449496191 1591056 1463180 127876 0
1785449496228 1591056 1463180 127876 0
1785449496265 1591056 1463180 127876 0
1785449496304 1591056 1463180 127876 0
1785449496340 1591056 1463180 127876 0
1785449496375 1591056 1463180 127876 0
1785449496411 1591056 1463180 127876 0
1785449496445 1591056 1463180 127876 0
1785449496480 1591056 1463180 127876 0
1785449496517 1615504 1487628 127876 0
1785449496557 1615504 1487628 127876 0
1785449496594 1615504 1487628 127876 0
1785449496631 1615504 1487628 127876 0
1785449496667 1615504 1487628 127876 0
1785449496701 1615504 1487628 127876 0
1785449496736 1615504 1487628 127876 0
1785449496770 1615504 1487628 127876 0
1785449496804 1615504 1487628 127876 0
1785449496843 1615504 1487628 127876 0
1785449496877 1615504 1487628 127876 0
1785449496915 1615504 1487628 127876 0
1785449496949 1615504 1487628 127876 0
1785449496986 1615504 1487628 127876 0
1785449497022 1615504 1487628 127876 0
1785449497057 1615508 1487632 127876 0
1785449497094 1615508 1487632 127876 0
1785449497131 1615508 1487632 127876 0
1785449497167 1615508 1487632 127876 0
1785449497204 1615508 1487632 127876 0
1785449497241 1615508 1487632 127876 0
1785449497278 1615512 1487636 127876 0
1785449497315 1615512 1487636 127876 0
1785449497353 1615512 1487636 127876 0
1785449497389 1615516 1487640 127876 0
1785449497427 1615516 1487640 127876 0
1785449497464 1615520 1487644 127876 0
1785449497500 1615524 1487648 127876 0
1785449497537 1615524 1487648 127876 0
1785449497575 1615524 1487648 127876 0
1785449497613 1615524 1487648 127876 0
1785449497651 1615528 1487652 127876 0
1785449497687 1615528 1487652 127876 0
1785449497724 1615528 1487652 127876 0
1785449497762 1615528 1487652 127876 0
1785449497799 1615528 1487652 127876 0
1785449497835 1615528 1487652 127876 0
1785449497875 1615528 1487652 127876 0
1785449497912 1615528 1487652 127876 0
1785449497949 1615528 1487652 127876 0
1785449497987 1615532 1487656 127876 0
1785449498025 1615532 1487656 127876 0
1785449498062 1615532 1487656 127876 0
1785449498098 1615532 1487656 127876 0
1785449498137 1615532 1487656 127876 0
1785449498175 1615532 1487656 127876 0
1785449498211 1615532 1487656 127876 0
1785449498248 1615532 1487656 127876 0
1785449498286 1615532 1487656 127876 0
1785449498323 1615532 1487656 127876 0
1785449498358 1615532 1487656 127876 0
1785449498396 1615532 1487656 127876 0
1785449498434 1615532 1487656 127876 0
1785449498471 1615532 1487656 127876 0
1785449498509 1615532 1487656 127876 0
1785449498546 1615532 1487656 127876 0
1785449498582 1615532 1487656 127876 0
1785449498618 1615532 1487656 127876 0
1785449498654 1615532 1487656 127876 0
1785449498690 1615532 1487656 127876 0
1785449498726 1615532 1487656 127876 0
1785449498764 1615532 1487656 127876 0
1785449498801 1615532 1487656 127876 0
1785449498837 1615532 1487656 127876 0
1785449498873 1615532 1487656 127876 0
1785449498909 1615532 1487656 127876 0
1785449498944 1615532 1487656 127876 0
1785449498982 1615532 1487656 127876 0
1785449499017 1615532 1487656 127876 0
1785449499054 1615532 1487656 127876 0
1785449499090 1615532 1487656 127876 0
1785449499126 1615532 1487656 127876 0
1785449499162 1615532 1487656 127876 0
1785449499199 1615532 1487656 127876 0
1785449499236 1615532 1487656 127876 0
1785449499273 1615532 1487656 127876 0
1785449499308 1615532 1487656 127876 0
1785449499344 1615532 1487656 127876 0
1785449499379 1615532 1487656 127876 0
1785449499415 1615532 1487656 127876 0
1785449499451 1615532 1487656 127876 0
1785449499487 1615532 1487656 127876 0
1785449499525 1615532 1487656 127876 0
1785449499562 1615532 1487656 127876 0
1785449499600 1615532 1487656 127876 0
1785449499638 1615532 1487656 127876 0
1785449499673 1615532 1487656 127876 0
1785449499711 1615532 1487656 127876 0
1785449499748 1615540 1487664 127876 0
1785449499786 1615540 1487664 127876 0
1785449499822 1615540 1487664 127876 0
1785449499857 1615540 1487664 127876 0
1785449499892 1615540 1487664 127876 0
1785449499928 1615540 1487664 127876 0
1785449499962 1615540 1487664 127876 0
1785449499997 1615540 1487664 127876 0
1785449500036 1615540 1487664 127876 0
1785449500072 1615540 1487664 127876 0
1785449500109 1615540 1487664 127876 0
1785449500143 1615540 1487664 127876 0
1785449500178 1615540 1487664 127876 0
1785449500212 1615540 1487664 127876 0
1785449500247 1615540 1487664 127876 0
1785449500285 1615540 1487664 127876 0
1785449500321 1615540 1487664 127876 0
1785449500360 1615540 1487664 127876 0
1785449500397 1615540 1487664 127876 0
1785449500434 1615540 1487664 127876 0
1785449500473 1615540 1487664 127876 0
1785449500509 1615540 1487664 127876 0
1785449500546 1615540 1487664 127876 0
1785449500583 1615544 1487668 127876 0
1785449500619 1615544 1487668 127876 0
1785449500655 1615544 1487668 127876 0
1785449500691 1615544 1487668 127876 0
1785449500730 1615544 1487668 127876 0
1785449500767 1615544 1487668 127876 0
1785449500802 1615544 1487668 127876 0
1785449500840 1615544 1487668 127876 0
1785449500876 1615544 1487668 127876 0
1785449500912 1615544 1487668 127876 0
1785449500948 1615544 1487668 127876 0
1785449500987 1615544 1487668 127876 0
1785449501025 1615544 1487668 127876 0
1785449501061 1615544 1487668 127876 0
1785449501099 1615544 1487668 127876 0
1785449501136 1615544 1487668 127876 0
1785449501174 1615544 1487668 127876 0
1785449501210 1615544 1487668 127876 0
1785449501248 1615544 1487668 127876 0
1785449501285 1615544 1487668 127876 0
1785449501324 1615544 1487668 127876 0
1785449501361 1615544 1487668 127876 0
1785449501398 1615544 1487668 127876 0
1785449501436 1615544 1487668 127876 0
1785449501473 1615544 1487668 127876 0
1785449501509 1615544 1487668 127876 0
1785449501546 1615544 1487668 127876 0
1785449501585 1615544 1487668 127876 0
1785449501621 1615544 1487668 127876 0
1785449501656 1615544 1487668 127876 0
1785449501695 1615544 1487668 127876 0
1785449501731 1615544 1487668 127876 0
1785449501768 1615544 1487668 127876 0
1785449501805 1615548 1487672 127876 0
1785449501843 1615548 1487672 127876 0
1785449501879 1615548 1487672 127876 0
1785449501914 1615548 1487672 127876 0
1785449501954 1615548 1487672 127876 0
1785449501991 1615548 1487672 127876 0
1785449502028 1615548 1487672 127876 0
1785449502064 1615548 1487672 127876 0
1785449502102 1615548 1487672 127876 0
1785449502141 1615548 1487672 127876 0
1785449502175 1615548 1487672 127876 0
1785449502208 1615548 1487672 127876 0
1785449502244 1615548 1487672 127876 0
1785449502278 1615548 1487672 127876 0
1785449502311 1615548 1487672 127876 0
1785449502348 1664700 1536824 127876 0
1785449502389 1664700 1536824 127876 0
1785449502426 1566524 1438648 127876 0
1785449502463 1566524 1438648 127876 0
1785449502499 1566524 1438648 127876 0
1785449502533 1566524 1438648 127876 0
1785449502569 1566524 1438648 127876 0
1785449502603 1566524 1438648 127876 0
1785449502637 1566524 1438648 127876 0
1785449502675 1566524 1438648 127876 0
1785449502712 1566524 1438648 127876 0
1785449502746 1566524 1438648 127876 0
1785449502780 1566524 1438648 127876 0
1785449502817 1566524 1438648 127876 0
1785449502852 1566528 1438652 127876 0
1785449502889 1566528 1438652 127876 0
1785449502925 1566528 1438652 127876 0
1785449502962 1566528 1438652 127876 0
1785449502999 1566528 1438652 127876 0
1785449503035 1566528 1438652 127876 0
1785449503071 1566528 1438652 127876 0
1785449503109 1566528 1438652 127876 0
1785449503146 1566528 1438652 127876 0
1785449503183 1566528 1438652 127876 0
1785449503219 1566532 1438656 127876 0
1785449503255 1566536 1438660 127876 0
1785449503290 1566540 1438664 127876 0
1785449503324 1566544 1438668 127876 0
1785449503360 1566544 1438668 127876 0
1785449503396 1566544 1438668 127876 0
1785449503433 1566544 1438668 127876 0
1785449503471 1566544 1438668 127876 0
1785449503506 1566544 1438668 127876 0
1785449503545 1566544 1438668 127876 0
1785449503581 1566544 1438668 127876 0
1785449503618 1566544 1438668 127876 0
1785449503655 1572560 1444684 127876 0
1785449503693 1572560 1444684 127876 0
1785449503728 1572560 1444684 127876 0
1785449503764 1047932 929692 118240 0
1785449503799 1603280 1475404 127876 0
1785449503835 1603280 1475404 127876 0
1785449503871 1603280 1475404 127876 0
1785449503909 1603280 1475404 127876 0
1785449503946 1603280 1475404 127876 0
1785449503983 1603280 1475404 127876 0
1785449504020 1603284 1475408 127876 0
1785449504059 1603284 1475408 127876 0
1785449504096 1603284 1475408 127876 0
1785449504132 1603284 1475408 127876 0
1785449504168 1603284 1475408 127876 0
1785449504206 1603284 1475408 127876 0
1785449504243 1603284 1475408 127876 0
1785449504280 1603284 1475408 127876 0
1785449504317 1603284 1475408 127876 0
1785449504354 1603284 1475408 127876 0
1785449504391 1603284 1475408 127876 0
1785449504428 1603284 1475408 127876 0
1785449504465 1603284 1475408 127876 0
1785449504502 1603284 1475408 127876 0
1785449504539 1603284 1475408 127876 0
1785449504576 1603284 1475408 127876 0
1785449504614 1603284 1475408 127876 0
1785449504650 1603284 1475408 127876 0
1785449504687 1603284 1475408 127876 0
1785449504724 1603284 1475408 127876 0
1785449504759 1603284 1475408 127876 0
1785449504796 1603284 1475408 127876 0
1785449504832 1603284 1475408 127876 0
1785449504869 1603284 1475408 127876 0
1785449504906 1603284 1475408 127876 0
1785449504944 1603284 1475408 127876 0
1785449504981 1603284 1475408 127876 0
1785449505018 1603284 1475408 127876 0
1785449505055 1603284 1475408 127876 0
1785449505091 1603284 1475408 127876 0
1785449505127 1603284 1475408 127876 0
1785449505164 1603284 1475408 127876 0
1785449505201 1603284 1475408 127876 0
1785449505238 1603284 1475408 127876 0
1785449505275 1603284 1475408 127876 0
1785449505313 1603284 1475408 127876 0
1785449505350 1603284 1475408 127876 0
1785449505387 1603284 1475408 127876 0
1785449505425 1603284 1475408 127876 0
1785449505462 1603284 1475408 127876 0
1785449505499 1603284 1475408 127876 0
1785449505536 1603296 1475420 127876 0
1785449505574 1603296 1475420 127876 0
1785449505611 1603296 1475420 127876 0
1785449505646 1603296 1475420 127876 0
1785449505680 1603296 1475420 127876 0
1785449505714 1603296 1475420 127876 0
1785449505748 1603296 1475420 127876 0
1785449505782 1603296 1475420 127876 0
1785449505821 1603296 1475420 127876 0
1785449505857 1603296 1475420 127876 0
1785449505892 1603296 1475420 127876 0
1785449505926 1603296 1475420 127876 0
1785449505961 1603296 1475420 127876 0
1785449505995 1603296 1475420 127876 0
1785449506029 1603296 1475420 127876 0
1785449506066 1603296 1475420 127876 0
1785449506104 1603296 1475420 127876 0
1785449506142 1603296 1475420 127876 0
1785449506178 1603296 1475420 127876 0
1785449506214 1603296 1475420 127876 0
1785449506251 1603296 1475420 127876 0
1785449506288 1603296 1475420 127876 0
1785449506324 1603296 1475420 127876 0
1785449506360 1603296 1475420 127876 0
1785449506398 1603296 1475420 127876 0
1785449506435 1603296 1475420 127876 0
1785449506471 1603296 1475420 127876 0
1785449506510 1603296 1475420 127876 0
1785449506546 1603296 1475420 127876 0
1785449506583 1603296 1475420 127876 0
1785449506621 1614816 1486940 127876 0
1785449506658 1614816 1486940 127876 0
1785449506695 1614816 1486940 127876 0
1785449506731 1614816 1486940 127876 0
1785449506769 1614816 1486940 127876 0
1785449506805 1614816 1486940 127876 0
1785449506842 1614816 1486940 127876 0
1785449506880 1614816 1486940 127876 0
1785449506917 1614816 1486940 127876 0
1785449506954 1614816 1486940 127876 0
1785449506992 1614816 1486940 127876 0
1785449507030 1614816 1486940 127876 0
1785449507066 1614816 1486940 127876 0
1785449507103 1614816 1486940 127876 0
1785449507140 1614816 1486940 127876 0
1785449507176 1614816 1486940 127876 0
1785449507216 1614816 1486940 127876 0
1785449507253 1614816 1486940 127876 0
1785449507289 1614816 1486940 127876 0
1785449507328 1614816 1486940 127876 0
1785449507364 1614816 1486940 127876 0
1785449507401 1614816 1486940 127876 0
1785449507439 1614816 1486940 127876 0
1785449507477 1614816 1486940 127876 0
1785449507513 1614816 1486940 127876 0
1785449507549 1614816 1486940 127876 0
1785449507589 1614816 1486940 127876 0
1785449507625 1614816 1486940 127876 0
1785449507662 1614816 1486940 127876 0
1785449507701 1614816 1486940 127876 0
1785449507738 1614816 1486940 127876 0
1785449507774 1614816 1486940 127876 0
1785449507810 1614816 1486940 127876 0
1785449507849 1614816 1486940 127876 0
1785449507888 1614816 1486940 127876 0
1785449507924 1614816 1486940 127876 0
1785449507960 1614816 1486940 127876 0
1785449507994 1614816 1486940 127876 0
1785449508030 1614816 1486940 127876 0
1785449508064 1614816 1486940 127876 0
1785449508100 1676988 1559232 117756 0
1785449508143 1688544 1560668 127876 0
1785449508181 1038664 910792 127872 0
1785449508215 1590368 1462492 127876 0
1785449508252 1590368 1462492 127876 0
1785449508289 1590368 1462492 127876 0
1785449508325 1590368 1462492 127876 0
1785449508360 1590368 1462492 127876 0
1785449508394 1590368 1462492 127876 0
1785449508432 1590368 1462492 127876 0
1785449508470 1590368 1462492 127876 0
1785449508507 1590368 1462492 127876 0
1785449508544 1590368 1462492 127876 0
1785449508582 1590372 1462496 127876 0
1785449508619 1590372 1462496 127876 0
1785449508655 1590372 1462496 127876 0
1785449508692 1590372 1462496 127876 0
1785449508728 1590372 1462496 127876 0
1785449508766 1590372 1462496 127876 0
1785449508802 1590372 1462496 127876 0
1785449508839 1590372 1462496 127876 0
1785449508876 1590376 1462500 127876 0
1785449508913 1590376 1462500 127876 0
1785449508951 1590376 1462500 127876 0
1785449508987 1590376 1462500 127876 0
1785449509024 1590384 1462508 127876 0
1785449509062 1590388 1462512 127876 0
1785449509100 1590388 1462512 127876 0
1785449509138 1590396 1462520 127876 0
1785449509176 1590396 1462520 127876 0
1785449509212 1590396 1462520 127876 0
1785449509249 1596412 1468536 127876 0
1785449509288 1596412 1468536 127876 0
1785449509325 1596412 1468536 127876 0
1785449509362 1190636 1062760 127876 0
1785449509399 1608700 1480824 127876 0
1785449509436 1608700 1480824 127876 0
1785449509473 1608700 1480824 127876 0
1785449509511 1633276 1505400 127876 0
1785449509548 1633276 1505400 127876 0
1785449509586 1633276 1505400 127876 0
1785449509623 1633276 1505400 127876 0
1785449509662 1633276 1505400 127876 0
1785449509698 1633276 1505400 127876 0
1785449509735 1633276 1505400 127876 0
1785449509774 1633276 1505400 127876 0
1785449509812 1633276 1505400 127876 0
1785449509849 1633276 1505400 127876 0
1785449509887 1633276 1505400 127876 0
1785449509925 1633276 1505400 127876 0
1785449509963 1633276 1505400 127876 0
1785449510001 1633276 1505400 127876 0
1785449510037 1633276 1505400 127876 0
1785449510073 1633276 1505400 127876 0
1785449510111 1633276 1505400 127876 0
1785449510149 1633276 1505400 127876 0
1785449510187 1633276 1505400 127876 0
1785449510224 1633276 1505400 127876 0
1785449510262 1633276 1505400 127876 0
1785449510300 1633276 1505400 127876 0
1785449510338 1633276 1505400 127876 0
1785449510375 1633276 1505400 127876 0
1785449510412 1633276 1505400 127876 0
1785449510451 1633276 1505400 127876 0
1785449510488 1633276 1505400 127876 0
1785449510526 1633276 1505400 127876 0
1785449510564 1633276 1505400 127876 0
1785449510602 1633276 1505400 127876 0
1785449510639 1633276 1505400 127876 0
1785449510677 1633276 1505400 127876 0
1785449510715 1633276 1505400 127876 0
1785449510752 1633276 1505400 127876 0
1785449510790 1633276 1505400 127876 0
1785449510827 1633276 1505400 127876 0
1785449510864 1633276 1505400 127876 0
1785449510902 1633276 1505400 127876 0
1785449510939 1633276 1505400 127876 0
1785449510976 1633276 1505400 127876 0
1785449511013 1633276 1505400 127876 0
1785449511050 1633276 1505400 127876 0
1785449511087 1633276 1505400 127876 0
1785449511124 1633276 1505400 127876 0
1785449511160 1633276 1505400 127876 0
1785449511196 1633276 1505400 127876 0
1785449511232 1633284 1505408 127876 0
1785449511269 1633284 1505408 127876 0
1785449511305 1633284 1505408 127876 0
1785449511340 1633284 1505408 127876 0
1785449511375 1633284 1505408 127876 0
1785449511412 1633284 1505408 127876 0
1785449511448 1633284 1505408 127876 0
1785449511484 1633284 1505408 127876 0
1785449511522 1633284 1505408 127876 0
1785449511560 1633284 1505408 127876 0
1785449511598 1633284 1505408 127876 0
1785449511635 1633284 1505408 127876 0
1785449511672 1633284 1505408 127876 0
1785449511709 1633284 1505408 127876 0
1785449511747 1633284 1505408 127876 0
1785449511785 1633284 1505408 127876 0
1785449511823 1633284 1505408 127876 0
1785449511859 1633284 1505408 127876 0
1785449511895 1633288 1505412 127876 0
1785449511935 1633288 1505412 127876 0
1785449511972 1633288 1505412 127876 0
1785449512009 1633288 1505412 127876 0
1785449512047 1639436 1511560 127876 0
1785449512085 1639436 1511560 127876 0
1785449512122 1639436 1511560 127876 0
1785449512160 1639436 1511560 127876 0
1785449512198 1639436 1511560 127876 0
1785449512235 1639436 1511560 127876 0
1785449512271 1038492 922124 116368 0
1785449512307 1657868 1529992 127876 0
1785449512345 1657868 1529992 127876 0
1785449512381 1657868 1529992 127876 0
1785449512418 1657868 1529992 127876 0
1785449512455 1657868 1529992 127876 0
1785449512491 1657868 1529992 127876 0
1785449512527 1657868 1529992 127876 0
1785449512568 1657868 1529992 127876 0
1785449512606 1657872 1529996 127876 0
1785449512644 1590416 1462540 127876 0
1785449512682 1590416 1462540 127876 0
1785449512720 1590416 1462540 127876 0
1785449512758 1590416 1462540 127876 0
1785449512795 1590416 1462540 127876 0
1785449512832 1590416 1462540 127876 0
1785449512868 1621008 1493132 127876 0
1785449512907 1621008 1493132 127876 0
1785449512944 1621008 1493132 127876 0
1785449512980 1621008 1493132 127876 0
1785449513018 1633296 1505420 127876 0
1785449513056 1633296 1505420 127876 0
1785449513093 1633296 1505420 127876 0
1785449513130 1633296 1505420 127876 0
1785449513169 1633296 1505420 127876 0
1785449513206 1633296 1505420 127876 0
1785449513243 985472 865612 119860 0
1785449513279 1657872 1529996 127876 0
1785449513316 1657872 1529996 127876 0
1785449513352 1657872 1529996 127876 0
1785449513390 1657872 1529996 127876 0
1785449513428 1657872 1529996 127876 0
1785449513463 1657872 1529996 127876 0
1785449513499 1657872 1529996 127876 0
1785449513539 1589944 1462196 127748 0
1785449513576 1590416 1462540 127876 0
1785449513613 1590264 1462392 127872 0
1785449513648 1607188 1479312 127876 0
1785449513683 1639440 1511564 127876 0
1785449513720 1639440 1511564 127876 0
1785449513755 1652244 1524368 127876 0
1785449513789 1679296 1559524 119772 0
1785449513828 1690348 1571804 118544 0
1785449513867 1701008 1573132 127876 0
1785449513904 1701008 1573132 127876 0
1785449513942 1701008 1573132 127876 0
1785449513976 1701008 1573132 127876 0
1785449514013 1701008 1573132 127876 0
1785449514049 1701008 1573132 127876 0
1785449514084 1701008 1573132 127876 0
1785449514121 1701008 1573132 127876 0
1785449514157 1701008 1573132 127876 0
1785449514194 1701008 1573132 127876 0
1785449514231 1701008 1573132 127876 0
1785449514268 1701008 1573132 127876 0
1785449514305 1590416 1462540 127876 0
1785449514343 1590420 1462544 127876 0
1785449514378 1590420 1462544 127876 0
1785449514414 1590420 1462544 127876 0
1785449514450 1590420 1462544 127876 0
1785449514488 1590420 1462544 127876 0
1785449514525 1590420 1462544 127876 0
1785449514561 1590420 1462544 127876 0
1785449514598 1590420 1462544 127876 0
1785449514636 1590420 1462544 127876 0
1785449514672 1590420 1462544 127876 0
1785449514709 1590420 1462544 127876 0
1785449514746 1590432 1462556 127876 0
1785449514783 1590432 1462556 127876 0
1785449514821 1590432 1462556 127876 0
1785449514858 1590436 1462560 127876 0
1785449514896 1590436 1462560 127876 0
1785449514931 1600988 1473668 127320 0
1785449514968 940392 828624 111768 0
1785449515004 1633316 1505440 127876 0
1785449515041 1633316 1505440 127876 0
1785449515077 1633316 1505440 127876 0
1785449515113 1639464 1511588 127876 0
1785449515151 1639464 1511588 127876 0
1785449515187 1639464 1511588 127876 0
1785449515223 1645180 1517308 127872 0
1785449515262 1657896 1530020 127876 0
1785449515298 1657896 1530020 127876 0
1785449515335 1657896 1530020 127876 0
1785449515371 1664040 1536164 127876 0
1785449515408 1664040 1536164 127876 0
1785449515444 1664040 1536164 127876 0
1785449515480 1176428 1048552 127876 0
1785449515518 1670184 1542308 127876 0
1785449515555 1670184 1542308 127876 0
1785449515592 1670184 1542308 127876 0
1785449515630 1676328 1548452 127876 0
1785449515668 1676328 1548452 127876 0
1785449515705 1676328 1548452 127876 0
1785449515743 1676328 1548452 127876 0
1785449515780 1676328 1548452 127876 0
1785449515819 1676328 1548452 127876 0
1785449515856 1676328 1548452 127876 0
1785449515894 1676328 1548452 127876 0
1785449515932 1676328 1548452 127876 0
1785449515970 1676328 1548452 127876 0
1785449516008 1676328 1548452 127876 0
1785449516046 1676328 1548452 127876 0
1785449516083 1676328 1548452 127876 0
1785449516120 1676328 1548452 127876 0
1785449516159 1676328 1548452 127876 0
1785449516196 1676328 1548452 127876 0
1785449516233 1676328 1548452 127876 0
1785449516271 1676328 1548452 127876 0
1785449516309 1676328 1548452 127876 0
1785449516346 1676328 1548452 127876 0
1785449516383 1676328 1548452 127876 0
1785449516420 1676328 1548452 127876 0
1785449516457 1676328 1548452 127876 0
1785449516493 1676328 1548452 127876 0
1785449516530 1676328 1548452 127876 0
1785449516568 1676328 1548452 127876 0
1785449516604 1676328 1548452 127876 0
1785449516641 1676328 1548452 127876 0
1785449516678 1676328 1548452 127876 0
1785449516715 1676328 1548452 127876 0
1785449516751 1676328 1548452 127876 0
1785449516788 1676328 1548452 127876 0
1785449516824 1676328 1548452 127876 0
1785449516861 1676328 1548452 127876 0
1785449516897 1676332 1548456 127876 0
1785449516933 1676332 1548456 127876 0
1785449516970 1608876 1481000 127876 0
1785449517006 1608884 1481008 127876 0
1785449517040 1608884 1481008 127876 0
1785449517076 1608884 1481008 127876 0
1785449517110 1608884 1481008 127876 0
1785449517143 1608884 1481008 127876 0
1785449517179 1608884 1481008 127876 0
1785449517212 1608884 1481008 127876 0
1785449517250 1608884 1481008 127876 0
1785449517285 1608884 1481008 127876 0
1785449517319 1608884 1481008 127876 0
1785449517352 1608884 1481008 127876 0
1785449517385 1608884 1481008 127876 0
1785449517419 1608884 1481008 127876 0
1785449517451 1608884 1481008 127876 0
1785449517487 1608884 1481008 127876 0
1785449517524 1608884 1481008 127876 0
1785449517561 1608884 1481008 127876 0
1785449517596 1608884 1481008 127876 0
1785449517632 1608732 1480860 127872 0
1785449517669 1633332 1505456 127876 0
1785449517707 1633332 1505456 127876 0
1785449517744 1633332 1505456 127876 0
1785449517781 1595660 1470984 124676 0
1785449517820 1651764 1523888 127876 0
1785449517856 1651764 1523888 127876 0
1785449517894 1651764 1523888 127876 0
1785449517931 1670196 1542320 127876 0
1785449517969 1670196 1542320 127876 0
1785449518005 1670196 1542320 127876 0
1785449518043 1682488 1554612 127876 0
1785449518081 1682488 1554612 127876 0
1785449518119 1682488 1554612 127876 0
1785449518156 1210604 1103176 107428 0
1785449518193 1700920 1573044 127876 0
1785449518231 1700920 1573044 127876 0
1785449518269 1700920 1573044 127876 0
1785449518306 1700920 1573044 127876 0
1785449518344 1615032 1487156 127876 0
1785449518382 1615032 1487156 127876 0
1785449518419 1615032 1487156 127876 0
1785449518457 1615032 1487156 127876 0
1785449518495 1615032 1487156 127876 0
1785449518534 1615032 1487156 127876 0
1785449518571 1615032 1487156 127876 0
1785449518607 1615032 1487156 127876 0
1785449518643 1633336 1505460 127876 0
1785449518680 1633336 1505460 127876 0
1785449518717 1633336 1505460 127876 0
1785449518753 1645624 1517748 127876 0
1785449518791 1645624 1517748 127876 0
1785449518827 1645624 1517748 127876 0
1785449518864 1645624 1517748 127876 0
1785449518901 1657912 1530036 127876 0
1785449518939 1657912 1530036 127876 0
1785449518976 1657912 1530036 127876 0
1785449519012 1657760 1529888 127872 0
1785449519051 1670200 1542324 127876 0
1785449519088 1670200 1542324 127876 0
1785449519124 1670200 1542324 127876 0
1785449519162 1688632 1560756 127876 0
1785449519200 1688632 1560756 127876 0
1785449519237 1688632 1560756 127876 0
1785449519273 1688632 1560756 127876 0
1785449519313 1688632 1560756 127876 0
1785449519352 1629756 1501880 127876 0
1785449519389 1644784 1516908 127876 0
1785449519425 1660476 1532600 127876 0
1785449519459 1694776 1566900 127876 0
1785449519497 1694776 1566900 127876 0
1785449519532 1707580 1579704 127876 0
1785449519567 1051004 939236 111768 0
1785449519600 1793080 1665204 127876 0
1785449519643 1793080 1665204 127876 0
1785449519680 1793080 1665204 127876 0
1785449519720 1793080 1665204 127876 0
1785449519755 1793080 1665204 127876 0
1785449519790 1793080 1665204 127876 0
1785449519826 1793080 1665204 127876 0
1785449519861 1793080 1665204 127876 0
1785449519898 1793080 1665204 127876 0
1785449519935 1793080 1665204 127876 0
1785449519973 1793080 1665204 127876 0
1785449520009 1793080 1665204 127876 0
1785449520045 1793080 1665204 127876 0
1785449520080 1618104 1490228 127876 0
1785449520115 1618108 1490232 127876 0
1785449520151 1618108 1490232 127876 0
1785449520188 1618108 1490232 127876 0
1785449520225 1618108 1490232 127876 0
1785449520263 1618108 1490232 127876 0
1785449520300 1618108 1490232 127876 0
1785449520336 1618108 1490232 127876 0
1785449520373 1618108 1490232 127876 0
1785449520409 1618112 1490236 127876 0
1785449520443 1618112 1490236 127876 0
1785449520479 1618112 1490236 127876 0
1785449520515 1618116 1490240 127876 0
1785449520551 1618120 1490244 127876 0
1785449520589 1618120 1490244 127876 0
1785449520627 1618124 1490248 127876 0
1785449520664 1618124 1490248 127876 0
1785449520701 962228 842156 120072 0
1785449520733 1174048 1046172 127876 0
1785449520767 1184692 1056820 127872 0
1785449520802 1676368 1548492 127876 0
1785449520841 1676368 1548492 127876 0
1785449520877 1676368 1548492 127876 0
1785449520913 1023384 909504 113880 0
1785449520949 1700944 1573068 127876 0
1785449520986 1700944 1573068 127876 0
1785449521023 1700944 1573068 127876 0
1785449521061 1700944 1573068 127876 0
1785449521097 1700944 1573068 127876 0
1785449521133 1700944 1573068 127876 0
1785449521168 1697908 1578040 119868 0
1785449521207 1707092 1579216 127876 0
1785449521245 1707092 1579216 127876 0
1785449521282 1707092 1579216 127876 0
1785449521320 1707092 1579216 127876 0
1785449521357 1707092 1579216 127876 0
1785449521394 1707092 1579216 127876 0
1785449521432 1707092 1579216 127876 0
1785449521471 1707092 1579216 127876 0
1785449521510 1707092 1579216 127876 0
1785449521548 1707092 1579216 127876 0
1785449521586 1707092 1579216 127876 0
1785449521623 1707092 1579216 127876 0
1785449521660 1707092 1579216 127876 0
1785449521698 1707092 1579216 127876 0
1785449521736 1707092 1579216 127876 0
1785449521774 1707092 1579216 127876 0
1785449521811 1707092 1579216 127876 0
1785449521848 1707092 1579216 127876 0
1785449521886 1707092 1579216 127876 0
1785449521923 1707092 1579216 127876 0
1785449521960 1707092 1579216 127876 0
1785449521997 1707092 1579216 127876 0
1785449522036 1707092 1579216 127876 0
1785449522074 1707092 1579216 127876 0
1785449522112 1707092 1579216 127876 0
1785449522150 1707092 1579216 127876 0
1785449522189 1707092 1579216 127876 0
1785449522227 1707092 1579216 127876 0
1785449522265 1707092 1579216 127876 0
1785449522304 1707092 1579216 127876 0
1785449522341 1707092 1579216 127876 0
1785449522379 1707092 1579216 127876 0
1785449522416 1707092 1579216 127876 0
1785449522454 1707092 1579216 127876 0
1785449522491 1707092 1579216 127876 0
1785449522529 1707092 1579216 127876 0
1785449522567 1707092 1579216 127876 0
1785449522606 1707092 1579216 127876 0
1785449522643 1707092 1579216 127876 0
1785449522682 1707092 1579216 127876 0
1785449522719 1707092 1579216 127876 0
1785449522756 1707348 1579472 127876 0
1785449522795 1707348 1579472 127876 0
1785449522832 1707352 1579476 127876 0
1785449522867 1707352 1579476 127876 0
1785449522904 1707352 1579476 127876 0
1785449522939 1707352 1579476 127876 0
1785449522974 1707352 1579476 127876 0
1785449523010 1707352 1579476 127876 0
1785449523044 1707352 1579476 127876 0
1785449523083 1707352 1579476 127876 0
1785449523119 1707352 1579476 127876 0
1785449523153 1707352 1579476 127876 0
1785449523188 1707352 1579476 127876 0
1785449523224 1707352 1579476 127876 0
1785449523258 1707352 1579476 127876 0
1785449523294 1707352 1579476 127876 0
1785449523332 1707352 1579476 127876 0
1785449523370 1707352 1579476 127876 0
1785449523408 1707352 1579476 127876 0
1785449523445 1707352 1579476 127876 0
1785449523482 1707356 1579480 127876 0
1785449523522 1707360 1579484 127876 0
1785449523559 1707360 1579484 127876 0
1785449523596 1707360 1579484 127876 0
1785449523635 1718884 1591008 127876 0
1785449523672 1718884 1591008 127876 0
1785449523709 1718884 1591008 127876 0
1785449523747 1731172 1603296 127876 0
1785449523785 1731172 1603296 127876 0
1785449523822 1731172 1603296 127876 0
1785449523859 1737316 1609440 127876 0
1785449523899 1737316 1609440 127876 0
1785449523936 1737316 1609440 127876 0
1785449523972 1737316 1609440 127876 0
1785449524010 1737316 1609440 127876 0
1785449524047 1737316 1609440 127876 0
1785449524085 1737316 1609440 127876 0
1785449524123 1737316 1609440 127876 0
1785449524160 1737316 1609440 127876 0
1785449524198 1737316 1609440 127876 0
1785449524235 1737316 1609440 127876 0
1785449524274 1737316 1609440 127876 0
1785449524312 1737316 1609440 127876 0
1785449524352 1737316 1609440 127876 0
1785449524389 1737316 1609440 127876 0
1785449524426 1737316 1609440 127876 0
1785449524464 1737316 1609440 127876 0
1785449524501 1737316 1609440 127876 0
1785449524539 1737316 1609440 127876 0
1785449524578 1737316 1609440 127876 0
1785449524615 1737316 1609440 127876 0
1785449524652 1737316 1609440 127876 0
1785449524690 1737316 1609440 127876 0
1785449524729 1737316 1609440 127876 0
1785449524767 1737316 1609440 127876 0
1785449524804 1737316 1609440 127876 0
1785449524843 1737316 1609440 127876 0
1785449524879 1737316 1609440 127876 0
1785449524917 1737316 1609440 127876 0
1785449524955 1737316 1609440 127876 0
1785449524992 1737316 1609440 127876 0
1785449525030 1737316 1609440 127876 0
1785449525068 1737316 1609440 127876 0
1785449525108 1737316 1609440 127876 0
1785449525147 1737316 1609440 127876 0
1785449525184 1737320 1609444 127876 0
1785449525219 1738708 1610832 127876 0
1785449525255 1779556 1651680 127876 0
1785449525292 1784668 1664828 119840 0
1785449525329 1810276 1682400 127876 0
1785449525364 1174168 1046292 127876 0
1785449525404 1838820 1710944 127876 0
1785449525442 1838820 1710944 127876 0
1785449525479 1694432 1566556 127876 0
1785449525517 1694432 1566556 127876 0
1785449525552 1694432 1566556 127876 0
1785449525588 1694432 1566556 127876 0
1785449525623 1694432 1566556 127876 0
1785449525658 1694432 1566556 127876 0
1785449525696 1694432 1566556 127876 0
1785449525732 1694432 1566556 127876 0
1785449525769 1694432 1566556 127876 0
1785449525805 1694432 1566556 127876 0
1785449525843 1694432 1566556 127876 0
1785449525878 1694432 1566556 127876 0
1785449525914 1694436 1566560 127876 0
1785449525950 1694436 1566560 127876 0
1785449525987 1694436 1566560 127876 0
1785449526025 1694436 1566560 127876 0
1785449526062 1694436 1566560 127876 0
1785449526097 1694436 1566560 127876 0
1785449526134 1694436 1566560 127876 0
1785449526170 1694436 1566560 127876 0
1785449526207 1694436 1566560 127876 0
1785449526244 1694436 1566560 127876 0
1785449526281 1694440 1566564 127876 0
1785449526319 1694444 1566568 127876 0
1785449526357 1694452 1566576 127876 0
1785449526394 1694452 1566576 127876 0
1785449526432 1694452 1566576 127876 0
1785449526469 1694452 1566576 127876 0
1785449526506 1694452 1566576 127876 0
1785449526543 1700468 1572592 127876 0
1785449526583 1700468 1572592 127876 0
1785449526620 1700468 1572592 127876 0
1785449526657 1695708 1567836 127872 0
1785449526695 1725048 1597172 127876 0
1785449526732 1725048 1597172 127876 0
1785449526769 1725048 1597172 127876 0
1785449526808 1725048 1597172 127876 0
1785449526846 1725048 1597172 127876 0
1785449526884 1725048 1597172 127876 0
1785449526921 1721996 1602088 119908 0
1785449526961 1731192 1603316 127876 0
1785449526998 1731192 1603316 127876 0
1785449527036 1731192 1603316 127876 0
1785449527074 1731192 1603316 127876 0
1785449527112 1731192 1603316 127876 0
1785449527148 1731192 1603316 127876 0
1785449527187 1731192 1603316 127876 0
1785449527225 1731192 1603316 127876 0
1785449527263 1731192 1603316 127876 0
1785449527301 1731192 1603316 127876 0
1785449527339 1731192 1603316 127876 0
1785449527377 1731192 1603316 127876 0
1785449527414 1731192 1603316 127876 0
1785449527452 1731192 1603316 127876 0
1785449527490 1731192 1603316 127876 0
1785449527528 1731192 1603316 127876 0
1785449527566 1731192 1603316 127876 0
1785449527603 1731192 1603316 127876 0
1785449527641 1731192 1603316 127876 0
1785449527678 1731192 1603316 127876 0
1785449527715 1731192 1603316 127876 0
1785449527753 1731192 1603316 127876 0
1785449527789 1731192 1603316 127876 0
1785449527826 1731192 1603316 127876 0
1785449527863 1731192 1603316 127876 0
1785449527900 1731192 1603316 127876 0
1785449527938 1731192 1603316 127876 0
1785449527975 1731192 1603316 127876 0
1785449528012 1731192 1603316 127876 0
1785449528050 1731192 1603316 127876 0
1785449528086 1731192 1603316 127876 0
1785449528124 1731192 1603316 127876 0
1785449528162 1731192 1603316 127876 0
1785449528200 1731192 1603316 127876 0
1785449528238 1731192 1603316 127876 0
1785449528275 1731192 1603316 127876 0
1785449528314 1731192 1603316 127876 0
1785449528352 1731192 1603316 127876 0
1785449528390 1731192 1603316 127876 0
1785449528427 1731192 1603316 127876 0
1785449528464 1731192 1603316 127876 0
1785449528500 1731192 1603316 127876 0
1785449528538 1731192 1603316 127876 0
1785449528575 1731200 1603324 127876 0
1785449528611 1731200 1603324 127876 0
1785449528649 1731200 1603324 127876 0
1785449528683 1731200 1603324 127876 0
1785449528718 1731200 1603324 127876 0
1785449528756 1731200 1603324 127876 0
1785449528789 1731200 1603324 127876 0
1785449528824 1731200 1603324 127876 0
1785449528861 1731200 1603324 127876 0
1785449528896 1731200 1603324 127876 0
1785449528931 1731200 1603324 127876 0
1785449528967 1731200 1603324 127876 0
1785449529002 1731200 1603324 127876 0
1785449529038 1731200 1603324 127876 0
1785449529076 1731200 1603324 127876 0
1785449529114 1731200 1603324 127876 0
1785449529153 1731200 1603324 127876 0
1785449529190 1731200 1603324 127876 0
1785449529229 1761156 1633280 127876 0
1785449529269 1761156 1633280 127876 0
1785449529307 1761156 1633280 127876 0
1785449529343 1761156 1633280 127876 0
1785449529383 1761156 1633280 127876 0
1785449529420 1761156 1633280 127876 0
1785449529458 1761156 1633280 127876 0
1785449529497 1767300 1639424 127876 0
1785449529534 1767300 1639424 127876 0
1785449529572 1767300 1639424 127876 0
1785449529611 1773444 1645568 127876 0
1785449529648 1773444 1645568 127876 0
1785449529686 1773444 1645568 127876 0
1785449529724 1785732 1657856 127876 0
1785449529763 1785732 1657856 127876 0
1785449529802 1785732 1657856 127876 0
1785449529840 1785732 1657856 127876 0
1785449529880 1785736 1657860 127876 0
1785449529918 1785736 1657860 127876 0
1785449529957 1785736 1657860 127876 0
1785449529995 1785736 1657860 127876 0
1785449530034 1785736 1657860 127876 0
1785449530072 1727496 1599620 127876 0
1785449530110 1727496 1599620 127876 0
1785449530146 1215880 1088004 127876 0
1785449530181 1770376 1642500 127876 0
1785449530222 1770376 1642500 127876 0
1785449530260 1770376 1642500 127876 0
1785449530298 773944 646068 127876 0
1785449530333 1782664 1654788 127876 0
1785449530372 1782664 1654788 127876 0
1785449530409 1782664 1654788 127876 0
1785449530448 1782664 1654788 127876 0
1785449530487 1782664 1654788 127876 0
1785449530523 1782664 1654788 127876 0
1785449530561 1782664 1654788 127876 0
1785449530601 1782664 1654788 127876 0
1785449530639 1782664 1654788 127876 0
1785449530676 1782664 1654788 127876 0
1785449530716 1782664 1654788 127876 0
1785449530754 1782664 1654788 127876 0
1785449530792 1782664 1654788 127876 0
1785449530831 1788808 1660932 127876 0
1785449530870 1788808 1660932 127876 0
1785449530909 1788808 1660932 127876 0
1785449530944 1788808 1660932 127876 0
1785449530979 1801096 1673220 127876 0
1785449531018 1801096 1673220 127876 0
1785449531052 1816456 1688580 127876 0
1785449531085 1850248 1722372 127876 0
1785449531122 1706100 1597552 108548 0
1785449531162 1813512 1685636 127876 0
1785449531200 1813512 1685636 127876 0
1785449531238 1813512 1685636 127876 0
1785449531274 1813512 1685636 127876 0
1785449531309 1813360 1685488 127872 0
1785449531344 1721352 1593476 127876 0
1785449531379 1721352 1593476 127876 0
1785449531414 1721352 1593476 127876 0
1785449531453 1721352 1593476 127876 0
1785449531490 1721352 1593476 127876 0
1785449531528 1721352 1593476 127876 0
1785449531562 1721352 1593476 127876 0
1785449531598 1721352 1593476 127876 0
1785449531632 1721356 1593480 127876 0
1785449531670 1721360 1593484 127876 0
1785449531706 1721360 1593484 127876 0
1785449531744 1721360 1593484 127876 0
1785449531782 1721360 1593484 127876 0
1785449531820 1721360 1593484 127876 0
1785449531857 1721360 1593484 127876 0
1785449531893 1721360 1593484 127876 0
1785449531930 1721360 1593484 127876 0
1785449531966 1721360 1593484 127876 0
1785449532006 1721364 1593488 127876 0
1785449532043 1721368 1593492 127876 0
1785449532079 1721368 1593492 127876 0
1785449532117 1721372 1593496 127876 0
1785449532154 1721376 1593500 127876 0
1785449532192 1721380 1593504 127876 0
1785449532231 1721380 1593504 127876 0
1785449532268 1721380 1593504 127876 0
1785449532306 756716 644944 111772 0
1785449532340 1756328 1628452 127876 0
1785449532378 1756328 1628452 127876 0
1785449532415 1767524 1640720 126804 0
1785449532454 1793192 1665316 127876 0
1785449532493 1793192 1665316 127876 0
1785449532531 1793192 1665316 127876 0
1785449532569 1793192 1665316 127876 0
1785449532609 1793192 1665316 127876 0
1785449532646 1793192 1665316 127876 0
1785449532684 1793192 1665316 127876 0
1785449532722 1793192 1665316 127876 0
1785449532760 1793192 1665316 127876 0
1785449532795 1793192 1665316 127876 0
1785449532833 1793192 1665316 127876 0
1785449532872 1793192 1665316 127876 0
1785449532910 1793192 1665316 127876 0
1785449532946 1175600 1047724 127876 0
1785449532982 1848488 1720612 127876 0
1785449533021 1848488 1720612 127876 0
1785449533060 1848488 1720612 127876 0
1785449533098 1848488 1720612 127876 0
1785449533137 1848488 1720612 127876 0
1785449533177 1848488 1720612 127876 0
1785449533216 1848488 1720612 127876 0
1785449533255 1848488 1720612 127876 0
1785449533293 1848488 1720612 127876 0
1785449533331 1848488 1720612 127876 0
1785449533369 1848488 1720612 127876 0
1785449533408 1848488 1720612 127876 0
1785449533447 1848488 1720612 127876 0
1785449533485 1848488 1720612 127876 0
1785449533523 1848488 1720612 127876 0
1785449533562 1848488 1720612 127876 0
1785449533600 1848488 1720612 127876 0
1785449533638 1848488 1720612 127876 0
1785449533677 1848488 1720612 127876 0
1785449533715 1848488 1720612 127876 0
1785449533754 1848488 1720612 127876 0
1785449533793 1848488 1720612 127876 0
1785449533831 1848488 1720612 127876 0
1785449533870 1848488 1720612 127876 0
1785449533909 1848488 1720612 127876 0
1785449533947 1848488 1720612 127876 0
1785449533985 1848488 1720612 127876 0
1785449534024 1848488 1720612 127876 0
1785449534062 1848488 1720612 127876 0
1785449534100 1848488 1720612 127876 0
1785449534139 1848488 1720612 127876 0
1785449534176 1848488 1720612 127876 0
1785449534215 1756456 1628580 127876 0
1785449534253 1756456 1628580 127876 0
1785449534290 1756456 1628580 127876 0
1785449534329 1756456 1628580 127876 0
1785449534367 1756460 1628584 127876 0
1785449534405 1756460 1628584 127876 0
1785449534442 1756460 1628584 127876 0
1785449534480 1756460 1628584 127876 0
1785449534516 1756460 1628584 127876 0
1785449534553 1756460 1628584 127876 0
1785449534589 1756460 1628584 127876 0
1785449534626 1756460 1628584 127876 0
1785449534666 1756460 1628584 127876 0
1785449534703 1756460 1628584 127876 0
1785449534741 1756460 1628584 127876 0
1785449534778 1756460 1628584 127876 0
1785449534817 1756460 1628584 127876 0
1785449534854 1756460 1628584 127876 0
1785449534892 1756460 1628584 127876 0
1785449534930 1756460 1628584 127876 0
1785449534969 1756460 1628584 127876 0
1785449535008 1753096 1633396 119700 0
1785449535046 1776184 1648308 127876 0
1785449535084 1819308 1691432 127876 0
1785449535123 1819308 1691432 127876 0
1785449535161 1819308 1691432 127876 0
1785449535199 1668548 1635416 33132 0
1785449535236 1825452 1697576 127876 0
1785449535274 1825452 1697576 127876 0
1785449535313 1825452 1697576 127876 0
1785449535351 1825452 1697576 127876 0
1785449535390 1825452 1697576 127876 0
1785449535427 1825452 1697576 127876 0
1785449535466 1825456 1697580 127876 0
1785449535504 1825456 1697580 127876 0
1785449535542 1825456 1697580 127876 0
1785449535581 1825456 1697580 127876 0
1785449535622 1825456 1697580 127876 0
1785449535661 1825456 1697580 127876 0
1785449535699 1825456 1697580 127876 0
1785449535739 1825456 1697580 127876 0
1785449535778 1745712 1617836 127876 0
1785449535816 1745712 1617836 127876 0
1785449535855 1745712 1617836 127876 0
1785449535892 1745712 1617836 127876 0
1785449535931 1745712 1617836 127876 0
1785449535970 1175564 1047688 127876 0
1785449536005 1764016 1636140 127876 0
1785449536043 1770008 1642136 127872 0
1785449536081 1794740 1666864 127876 0
1785449536119 1794740 1666864 127876 0
1785449536158 1794740 1666864 127876 0
1785449536195 1036440 919188 117252 0
1785449536231 1819316 1691440 127876 0
1785449536270 1819316 1691440 127876 0
1785449536309 1819316 1691440 127876 0
1785449536347 1825460 1697584 127876 0
1785449536387 1825460 1697584 127876 0
1785449536425 1825460 1697584 127876 0
1785449536464 1843892 1716016 127876 0
1785449536504 1843892 1716016 127876 0
1785449536542 1843892 1716016 127876 0
1785449536581 1843892 1716016 127876 0
1785449536622 1843892 1716016 127876 0
1785449536661 1843892 1716016 127876 0
1785449536700 1843892 1716016 127876 0
1785449536741 1843892 1716016 127876 0
1785449536781 1843892 1716016 127876 0
1785449536821 1843740 1715868 127872 0
1785449536858 1848500 1720624 127876 0
1785449536893 1889460 1761584 127876 0
1785449536934 1904864 1776988 127876 0
1785449536972 1920180 1792304 127876 0
1785449537006 1954488 1826612 127876 0
1785449537051 1905464 1777588 127876 0
1785449537089 1905464 1777588 127876 0
1785449537125 1819448 1691572 127876 0
1785449537162 1819448 1691572 127876 0
1785449537199 1819448 1691572 127876 0
1785449537236 1745720 1617844 127876 0
1785449537272 1739992 1614668 125324 0
1785449537308 1764024 1636148 127876 0
1785449537346 1800888 1673012 127876 0
1785449537383 1800888 1673012 127876 0
1785449537419 1800888 1673012 127876 0
1785449537455 1800888 1673012 127876 0
1785449537491 1800888 1673012 127876 0
1785449537526 1800888 1673012 127876 0
1785449537563 1800892 1673016 127876 0
1785449537599 1800892 1673016 127876 0
1785449537636 1800892 1673016 127876 0
1785449537674 1800892 1673016 127876 0
1785449537712 1800892 1673016 127876 0
1785449537751 1800892 1673016 127876 0
1785449537789 1800892 1673016 127876 0
1785449537826 1800892 1673016 127876 0
1785449537863 1800892 1673016 127876 0
1785449537900 1800896 1673020 127876 0
1785449537938 1800896 1673020 127876 0
1785449537974 1800900 1673024 127876 0
1785449538013 1800904 1673028 127876 0
1785449538052 1800904 1673028 127876 0
1785449538090 1800904 1673028 127876 0
1785449538129 1800904 1673028 127876 0
1785449538168 1800904 1673028 127876 0
1785449538204 1800904 1673028 127876 0
1785449538242 1813192 1685316 127876 0
1785449538280 1813192 1685316 127876 0
1785449538316 1813192 1685316 127876 0
1785449538353 1819336 1691460 127876 0
1785449538391 1819336 1691460 127876 0
1785449538428 1819336 1691460 127876 0
1785449538465 1042324 914448 127876 0
1785449538501 1837768 1709892 127876 0
1785449538540 1837768 1709892 127876 0
1785449538577 1837768 1709892 127876 0
1785449538616 1874636 1746760 127876 0
1785449538656 1874636 1746760 127876 0
1785449538694 1874636 1746760 127876 0
1785449538732 1874636 1746760 127876 0
1785449538773 1874636 1746760 127876 0
1785449538811 1874636 1746760 127876 0
1785449538849 1874636 1746760 127876 0
1785449538889 1874636 1746760 127876 0
1785449538928 1874636 1746760 127876 0
1785449538964 1874636 1746760 127876 0
1785449539002 1874636 1746760 127876 0
1785449539040 1874636 1746760 127876 0
1785449539078 1874640 1746764 127876 0
1785449539116 1874640 1746764 127876 0
1785449539154 1874640 1746764 127876 0
1785449539193 1874640 1746764 127876 0
1785449539231 1874640 1746764 127876 0
1785449539269 1874640 1746764 127876 0
1785449539307 1874640 1746764 127876 0
1785449539346 1874640 1746764 127876 0
1785449539384 1874640 1746764 127876 0
1785449539422 1874640 1746764 127876 0
1785449539460 1874640 1746764 127876 0
1785449539499 1874640 1746764 127876 0
1785449539538 1874640 1746764 127876 0
1785449539576 1874640 1746764 127876 0
1785449539614 1874640 1746764 127876 0
1785449539652 1874640 1746764 127876 0
1785449539690 1874640 1746764 127876 0
1785449539728 1874640 1746764 127876 0
1785449539766 1874640 1746764 127876 0
1785449539805 1874640 1746764 127876 0
1785449539844 1874640 1746764 127876 0
1785449539883 1874640 1746764 127876 0
1785449539921 1874640 1746764 127876 0
1785449539960 1874640 1746764 127876 0
1785449539999 1874640 1746764 127876 0
1785449540037 1874640 1746764 127876 0
1785449540075 1874640 1746764 127876 0
1785449540115 1874640 1746764 127876 0
1785449540153 1874640 1746764 127876 0
1785449540191 1874640 1746764 127876 0
1785449540229 1874640 1746764 127876 0
1785449540267 1874644 1746768 127876 0
1785449540305 1874644 1746768 127876 0
1785449540343 1874644 1746768 127876 0
1785449540380 1874644 1746768 127876 0
1785449540417 1874644 1746768 127876 0
1785449540455 1874644 1746768 127876 0
1785449540491 1874644 1746768 127876 0
1785449540531 1874644 1746768 127876 0
1785449540568 1874644 1746768 127876 0
1785449540606 1874644 1746768 127876 0
1785449540644 1874644 1746768 127876 0
1785449540683 1874644 1746768 127876 0
1785449540721 1874644 1746768 127876 0
1785449540761 1874644 1746768 127876 0
1785449540799 1874644 1746768 127876 0
1785449540838 1874648 1746772 127876 0
1785449540876 1874648 1746772 127876 0
1785449540913 1874648 1746772 127876 0
1785449540954 1874648 1746772 127876 0
1785449540991 1874648 1746772 127876 0
1785449541029 1874648 1746772 127876 0
1785449541067 1874648 1746772 127876 0
1785449541106 1874648 1746772 127876 0
1785449541144 1874648 1746772 127876 0
1785449541183 1874648 1746772 127876 0
1785449541223 1874648 1746772 127876 0
1785449541259 1874648 1746772 127876 0
1785449541297 1874648 1746772 127876 0
1785449541334 1874648 1746772 127876 0
1785449541373 1874648 1746772 127876 0
1785449541411 1874648 1746772 127876 0
1785449541449 1874648 1746772 127876 0
1785449541490 1874648 1746772 127876 0
1785449541529 1874648 1746772 127876 0
1785449541567 1874648 1746772 127876 0
1785449541607 1874648 1746772 127876 0
1785449541647 1874648 1746772 127876 0
1785449541686 1874648 1746772 127876 0
1785449541726 1874648 1746772 127876 0
1785449541764 1874648 1746772 127876 0
1785449541803 1874648 1746772 127876 0
1785449541841 1874648 1746772 127876 0
1785449541880 1874648 1746772 127876 0
1785449541918 1874648 1746772 127876 0
1785449541957 1874648 1746772 127876 0
1785449541994 1874648 1746772 127876 0
1785449542031 1874648 1746772 127876 0
1785449542072 1874648 1746772 127876 0
1785449542111 1874648 1746772 127876 0
1785449542148 1874648 1746772 127876 0
1785449542188 1874648 1746772 127876 0
1785449542226 1874648 1746772 127876 0
1785449542264 1874648 1746772 127876 0
1785449542303 1886936 1759060 127876 0
1785449542342 1886936 1759060 127876 0
1785449542379 1886936 1759060 127876 0
1785449542418 1893080 1765204 127876 0
1785449542458 1893080 1765204 127876 0
1785449542495 1893080 1765204 127876 0
1785449542533 1787980 1663484 124496 0
1785449542572 1899072 1771200 127872 0
1785449542611 1844440 1716564 127876 0
1785449542649 1860824 1732948 127876 0
1785449542686 1877208 1749332 127876 0
1785449542722 1910416 1783612 126804 0
1785449542760 1911512 1783636 127876 0
1785449542797 1911512 1783636 127876 0
1785449542834 1936088 1808212 127876 0
1785449542876 1985240 1857364 127876 0
1785449542915 1985240 1857364 127876 0
1785449542953 1850200 1722324 127876 0
1785449542990 1850200 1722324 127876 0
1785449543027 1850200 1722324 127876 0
1785449543064 1850200 1722324 127876 0
1785449543101 1850200 1722324 127876 0
1785449543137 1850200 1722324 127876 0
1785449543178 1850200 1722324 127876 0
1785449543215 1850200 1722324 127876 0
1785449543253 1850200 1722324 127876 0
1785449543291 1850200 1722324 127876 0
1785449543328 1850200 1722324 127876 0
1785449543367 1850204 1722328 127876 0
1785449543405 1775708 1647832 127876 0
1785449543443 1775708 1647832 127876 0
1785449543480 1775708 1647832 127876 0
1785449543519 1775708 1647832 127876 0
1785449543558 1775708 1647832 127876 0
1785449543596 1775708 1647832 127876 0
1785449543634 1775708 1647832 127876 0
1785449543671 1775712 1647836 127876 0
1785449543709 1775712 1647836 127876 0
1785449543747 1775712 1647836 127876 0
1785449543785 1775720 1647844 127876 0
1785449543824 1775724 1647848 127876 0
1785449543862 1775728 1647852 127876 0
1785449543901 1775728 1647852 127876 0
1785449543940 1797852 1671032 126820 0
1785449543977 1812464 1684588 127876 0
1785449544015 1825236 1700916 124320 0
1785449544053 1849328 1721452 127876 0
1785449544091 1849328 1721452 127876 0
1785449544128 1849328 1721452 127876 0
1785449544167 1861616 1733740 127876 0
1785449544207 1861616 1733740 127876 0
1785449544244 1861616 1733740 127876 0
1785449544282 1211736 1083864 127872 0
1785449544319 1892336 1764460 127876 0
1785449544358 1892336 1764460 127876 0
1785449544397 1892336 1764460 127876 0
1785449544436 1892336 1764460 127876 0
1785449544475 1892336 1764460 127876 0
1785449544513 1892336 1764460 127876 0
1785449544552 1892336 1764460 127876 0
1785449544592 1892336 1764460 127876 0
1785449544630 1892336 1764460 127876 0
1785449544668 1891796 1773416 118380 0
1785449544709 1904628 1776752 127876 0
1785449544749 1904628 1776752 127876 0
1785449544787 1904628 1776752 127876 0
1785449544826 1904628 1776752 127876 0
1785449544864 1904628 1776752 127876 0
1785449544902 1904628 1776752 127876 0
1785449544941 1904628 1776752 127876 0
1785449544979 1904628 1776752 127876 0
1785449545018 1904628 1776752 127876 0
1785449545057 1904628 1776752 127876 0
1785449545096 1904628 1776752 127876 0
1785449545135 1904628 1776752 127876 0
1785449545174 1904628 1776752 127876 0
1785449545214 1904628 1776752 127876 0
1785449545253 1904628 1776752 127876 0
1785449545292 1904628 1776752 127876 0
1785449545329 1904628 1776752 127876 0
1785449545368 1904628 1776752 127876 0
1785449545407 1904628 1776752 127876 0
1785449545446 1904628 1776752 127876 0
1785449545485 1904628 1776752 127876 0
1785449545524 1904628 1776752 127876 0
1785449545563 1904628 1776752 127876 0
1785449545602 1904628 1776752 127876 0
1785449545642 1904628 1776752 127876 0
1785449545681 1904628 1776752 127876 0
1785449545719 1904628 1776752 127876 0
1785449545757 1904628 1776752 127876 0
1785449545795 1904628 1776752 127876 0
1785449545834 1904628 1776752 127876 0
1785449545872 1904628 1776752 127876 0
1785449545910 1904628 1776752 127876 0
1785449545949 1904628 1776752 127876 0
1785449545987 1904628 1776752 127876 0
1785449546025 1904628 1776752 127876 0
1785449546064 1904636 1776760 127876 0
1785449546101 1904640 1776764 127876 0
1785449546139 1904640 1776764 127876 0
1785449546176 1904640 1776764 127876 0
1785449546213 1904640 1776764 127876 0
1785449546251 1904640 1776764 127876 0
1785449546288 1904640 1776764 127876 0
1785449546325 1904640 1776764 127876 0
1785449546364 1904640 1776764 127876 0
1785449546402 1904640 1776764 127876 0
1785449546440 1904640 1776764 127876 0
1785449546480 1904640 1776764 127876 0
1785449546518 1189872 1061996 127876 0
1785449546553 1775744 1647868 127876 0
1785449546592 1340764 1221016 119748 0
1785449546629 1117392 1008416 108976 0
1785449546662 1175688 1047812 127876 0
1785449546697 1175596 1047720 127876 0
1785449546730 1187176 1059304 127872 0
1785449546764 1867776 1739900 127876 0
1785449546803 1867776 1739900 127876 0
1785449546841 1867776 1739900 127876 0
1785449546879 1892352 1764476 127876 0
1785449546919 1892352 1764476 127876 0
1785449546958 1892352 1764476 127876 0
1785449546996 1365588 1245536 120052 0
1785449547034 1910784 1782908 127876 0
1785449547072 1910784 1782908 127876 0
1785449547110 1910784 1782908 127876 0
1785449547148 1929216 1801340 127876 0
1785449547187 1929216 1801340 127876 0
1785449547224 1929216 1801340 127876 0
1785449547261 1929216 1801340 127876 0
1785449547301 1929216 1801340 127876 0
1785449547338 1929216 1801340 127876 0
1785449547374 1929216 1801340 127876 0
1785449547415 1929216 1801340 127876 0
1785449547454 1929216 1801340 127876 0
1785449547493 1929216 1801340 127876 0
1785449547532 1929216 1801340 127876 0
1785449547571 1929216 1801340 127876 0
1785449547609 1929216 1801340 127876 0
1785449547648 1929216 1801340 127876 0
1785449547686 1929216 1801340 127876 0
1785449547726 1929216 1801340 127876 0
1785449547765 1929216 1801340 127876 0
1785449547803 1929216 1801340 127876 0
1785449547842 1929216 1801340 127876 0
1785449547883 1929216 1801340 127876 0
1785449547921 1929216 1801340 127876 0
1785449547960 1929216 1801340 127876 0
1785449548001 1929216 1801340 127876 0
1785449548038 1929216 1801340 127876 0
1785449548076 1929216 1801340 127876 0
1785449548115 1929216 1801340 127876 0
1785449548151 1929216 1801340 127876 0
1785449548190 1929216 1801340 127876 0
1785449548227 1929216 1801340 127876 0
1785449548265 1929216 1801340 127876 0
1785449548304 1929216 1801340 127876 0
1785449548342 1932288 1804412 127876 0
1785449548383 1932288 1804412 127876 0
1785449548423 1932288 1804412 127876 0
1785449548460 1932288 1804412 127876 0
1785449548495 1932288 1804412 127876 0
1785449548533 1932288 1804412 127876 0
1785449548569 1932288 1804412 127876 0
1785449548604 1741824 1613948 127876 0
1785449548640 1383784 1255912 127872 0
1785449548679 1960064 1832188 127876 0
1785449548717 1960064 1832188 127876 0
1785449548757 1960064 1832188 127876 0
1785449548795 1960064 1832188 127876 0
1785449548831 1960064 1832188 127876 0
1785449548868 1960064 1832188 127876 0
1785449548905 1960064 1832188 127876 0
1785449548941 1861588 1741896 119692 0
1785449548980 1870976 1743100 127876 0
1785449549016 1870976 1743100 127876 0
1785449549053 1870976 1743100 127876 0
1785449549089 1870976 1743100 127876 0
1785449549126 1870976 1743100 127876 0
1785449549162 1870980 1743104 127876 0
1785449549200 1870980 1743104 127876 0
1785449549237 1870980 1743104 127876 0
1785449549276 1870980 1743104 127876 0
1785449549313 1870980 1743104 127876 0
1785449549351 1870980 1743104 127876 0
1785449549390 1870980 1743104 127876 0
1785449549428 1870980 1743104 127876 0
1785449549466 1870980 1743104 127876 0
1785449549505 1870980 1743104 127876 0
1785449549543 1870984 1743108 127876 0
1785449549581 1870992 1743116 127876 0
1785449549620 1870992 1743116 127876 0
1785449549658 1870992 1743116 127876 0
1785449549697 1870992 1743116 127876 0
1785449549736 1870996 1743120 127876 0
1785449549774 1876860 1748988 127872 0
1785449549811 1175800 1047924 127876 0
1785449549844 1901440 1773568 127872 0
1785449549885 1913880 1786004 127876 0
1785449549924 1920024 1792148 127876 0
1785449549963 1926016 1798144 127872 0
1785449550003 1950744 1822868 127876 0
1785449550042 1950744 1822868 127876 0
1785449550081 1950744 1822868 127876 0
1785449550120 1950744 1822868 127876 0
1785449550159 1950744 1822868 127876 0
1785449550196 1950744 1822868 127876 0
1785449550236 1950744 1822868 127876 0
1785449550276 1950744 1822868 127876 0
1785449550315 1950744 1822868 127876 0
1785449550351 1950744 1822868 127876 0
1785449550392 1950744 1822868 127876 0
1785449550431 1950744 1822868 127876 0
1785449550469 1950744 1822868 127876 0
1785449550509 1950744 1822868 127876 0
1785449550548 1950744 1822868 127876 0
1785449550588 1950744 1822868 127876 0
1785449550627 1950744 1822868 127876 0
1785449550667 1284248 1156372 127876 0
1785449550702 1864856 1736980 127876 0
1785449550740 1864856 1736980 127876 0
1785449550779 1864856 1736980 127876 0
1785449550817 1864856 1736980 127876 0
1785449550856 1864856 1736980 127876 0
1785449550893 1864856 1736980 127876 0
1785449550931 1864856 1736980 127876 0
1785449550970 1864856 1736980 127876 0
1785449551008 1864856 1736980 127876 0
1785449551046 1864856 1736980 127876 0
1785449551085 1864856 1736980 127876 0
1785449551123 1864856 1736980 127876 0
1785449551162 1864856 1736980 127876 0
1785449551200 1864856 1736980 127876 0
1785449551238 1864856 1736980 127876 0
1785449551277 1864856 1736980 127876 0
1785449551316 1864856 1736980 127876 0
1785449551355 1864856 1736980 127876 0
1785449551394 1864856 1736980 127876 0
1785449551432 1864856 1736980 127876 0
1785449551472 1864856 1736980 127876 0
1785449551510 1864856 1736980 127876 0
1785449551549 1864856 1736980 127876 0
1785449551588 1864856 1736980 127876 0
1785449551628 1864856 1736980 127876 0
1785449551666 1864856 1736980 127876 0
1785449551705 1864856 1736980 127876 0
1785449551744 1864856 1736980 127876 0
1785449551782 1864856 1736980 127876 0
1785449551821 1864856 1736980 127876 0
1785449551860 1864868 1736992 127876 0
1785449551898 1864868 1736992 127876 0
1785449551937 1864868 1736992 127876 0
1785449551974 1864868 1736992 127876 0
1785449552011 1864868 1736992 127876 0
1785449552049 1871140 1743264 127876 0
1785449552085 1883172 1755296 127876 0
1785449552124 1920036 1792160 127876 0
1785449552164 1920036 1792160 127876 0
1785449552203 1920036 1792160 127876 0
1785449552241 1920036 1792160 127876 0
1785449552280 1920036 1792160 127876 0
1785449552318 1920036 1792160 127876 0
1785449552358 1920036 1792160 127876 0
1785449552397 1920036 1792160 127876 0
1785449552438 1920036 1792160 127876 0
1785449552476 1920036 1792160 127876 0
1785449552513 1920036 1792160 127876 0
1785449552551 1920036 1792160 127876 0
1785449552592 1920036 1792160 127876 0
1785449552630 1917224 1797148 120076 0
1785449552668 1187264 1059388 127876 0
1785449552705 1956900 1829024 127876 0
1785449552743 1956900 1829024 127876 0
1785449552781 1956900 1829024 127876 0
1785449552821 1956904 1829028 127876 0
1785449552859 1956904 1829028 127876 0
1785449552895 1956904 1829028 127876 0
1785449552932 1956904 1829028 127876 0
1785449552973 1956904 1829028 127876 0
1785449553010 1956904 1829028 127876 0
1785449553048 1956904 1829028 127876 0
1785449553088 1956904 1829028 127876 0
1785449553127 1956904 1829028 127876 0
1785449553165 1956904 1829028 127876 0
1785449553205 1956904 1829028 127876 0
1785449553245 1956904 1829028 127876 0
1785449553285 1956904 1829028 127876 0
1785449553325 1956904 1829028 127876 0
1785449553364 1956904 1829028 127876 0
1785449553404 1956904 1829028 127876 0
1785449553444 1956904 1829028 127876 0
1785449553482 1956904 1829028 127876 0
1785449553520 1956904 1829028 127876 0
1785449553559 1956904 1829028 127876 0
1785449553596 1956904 1829028 127876 0
1785449553635 1956904 1829028 127876 0
1785449553676 1956904 1829028 127876 0
1785449553713 1956904 1829028 127876 0
1785449553750 1307024 1179152 127872 0
1785449553787 1963048 1835172 127876 0
1785449553827 1963048 1835172 127876 0
1785449553866 1963048 1835172 127876 0
1785449553907 1963048 1835172 127876 0
1785449553946 1963048 1835172 127876 0
1785449553985 1963048 1835172 127876 0
1785449554024 1963048 1835172 127876 0
1785449554063 1963048 1835172 127876 0
1785449554103 1963048 1835172 127876 0
1785449554142 1963048 1835172 127876 0
1785449554183 1963048 1835172 127876 0
1785449554224 1963048 1835172 127876 0
1785449554262 1963048 1835172 127876 0
1785449554297 1184772 1056896 127876 0
1785449554330 1975336 1847460 127876 0
1785449554368 1975336 1847460 127876 0
1785449554405 1175832 1047956 127876 0
1785449554440 1875088 1747212 127876 0
1785449554483 2049064 1921188 127876 0
1785449554522 2049064 1921188 127876 0
1785449554562 2049064 1921188 127876 0
1785449554600 2049064 1921188 127876 0
1785449554638 2049064 1921188 127876 0
1785449554676 2049064 1921188 127876 0
1785449554711 2049064 1921188 127876 0
1785449554750 2049064 1921188 127876 0
1785449554790 2049064 1921188 127876 0
1785449554830 2049064 1921188 127876 0
1785449554870 2049064 1921188 127876 0
1785449554908 2049064 1921188 127876 0
1785449554948 2049068 1921192 127876 0
1785449554986 2049068 1921192 127876 0
1785449555025 2049068 1921192 127876 0
1785449555064 2049068 1921192 127876 0
1785449555101 1187392 1059516 127876 0
1785449555134 992480 864604 127876 0
1785449555169 1688896 1561020 127876 0
1785449555206 1688896 1561020 127876 0
1785449555243 1688896 1561020 127876 0
1785449555279 1688896 1561020 127876 0
1785449555315 1688896 1561020 127876 0
1785449555353 1688896 1561020 127876 0
1785449555391 1688896 1561020 127876 0
1785449555430 1467708 1339832 127876 0
1785449555467 1467708 1339832 127876 0
1785449555504 1467708 1339832 127876 0
1785449555541 1467716 1339840 127876 0
1785449555579 1467732 1339856 127876 0
1785449555615 1467740 1339864 127876 0
1785449555653 1467740 1339864 127876 0
1785449555691 1465624 1337292 128332 0
1785449555729 1466268 1337292 128976 0
1785449555764 1466448 1337292 129156 0
1785449555802 1466568 1337292 129276 0
