# timestamp_ms Rss_kB Anonymous_kB Filemapped_kB Shmem_kB
1785366028827 248088 154060 94028 0
1785366028893 249764 154920 94844 0
1785366028942 250148 155304 94844 0
1785366028990 250984 156140 94844 0
1785366029038 252168 157312 94856 0
1785366029087 254608 158404 96204 0
1785366029148 255620 159416 96204 0
1785366029201 255628 159424 96204 0
1785366029250 255640 159436 96204 0
1785366029299 255720 159516 96204 0
1785366029348 255792 159588 96204 0
1785366029398 254160 159624 94536 0
1785366029448 257872 160436 97436 0
1785366029499 259168 160604 98564 0
1785366029547 259668 161104 98564 0
1785366029596 259764 161200 98564 0
1785366029659 259844 161280 98564 0
1785366029706 259908 161344 98564 0
1785366029754 260592 162028 98564 0
1785366029801 261752 162500 99252 0
1785366029853 263376 164124 99252 0
1785366029903 264564 165312 99252 0
1785366029951 265300 166048 99252 0
1785366030010 265300 166048 99252 0
1785366030037 265300 166048 99252 0
1785366030064 265300 166048 99252 0
1785366030091 267180 167016 100164 0
1785366030139 257804 170092 87712 0
1785366030198 277784 176500 101284 0
1785366030250 278120 176836 101284 0
1785366030300 278400 177116 101284 0
1785366030349 279100 177816 101284 0
1785366030409 280972 178120 102852 0
1785366030459 281848 178140 103708 0
1785366030509 282624 178152 104472 0
1785366030562 283840 178156 105684 0
1785366030611 285464 178180 107284 0
1785366030671 287260 178220 109040 0
1785366030720 59744 26648 33096 0
1785366030778 244140 152136 92004 0
1785366030849 382604 241704 140900 0
1785366030925 451072 274472 176600 0
1785366031001 489524 285748 203776 0
1785366031076 525572 306220 219352 0
1785366031154 543604 312692 230912 0
1785366031235 564032 324628 239404 0
1785366031316 584092 333968 250124 0
1785366031398 597692 338832 258860 0
1785366031478 611368 348008 263360 0
1785366031556 631048 358820 272228 0
1785366031634 642684 360756 281928 0
1785366031696 648044 363652 284392 0
1785366031775 667796 377368 290428 0
1785366031839 673136 377840 295296 0
1785366031922 685952 384756 301196 0
1785366032002 699468 389364 310104 0
1785366032064 702120 390628 311492 0
1785366032146 705952 392168 313784 0
1785366032210 719820 401632 318188 0
1785366032275 727032 403556 323476 0
1785366032361 744020 412520 331500 0
1785366032444 754348 415868 338480 0
1785366032505 758668 418040 340628 0
1785366032588 779400 430684 348716 0
1785366032678 797532 439972 357560 0
1785366032747 814960 447676 367284 0
1785366032843 869488 474136 395352 0
1785366032939 911360 493896 417464 0
1785366033036 942900 509332 433568 0
1785366033133 974720 524764 449956 0
1785366033229 997608 537740 459868 0
1785366033329 1026372 551748 474624 0
1785366033433 1061652 571860 489792 0
1785366033537 1079144 577012 502132 0
1785366033638 1104644 590960 513684 0
1785366033747 1130900 602336 528564 0
1785366033822 797712 707992 89720 0
1785366033855 893500 801088 92412 0
1785366033889 938680 845708 92972 0
1785366033922 1132104 1025432 106672 0
1785366033957 1136824 1027004 109820 0
1785366034023 1139704 1027800 111904 0
1785366034088 1136900 1031560 105340 0
1785366034155 1151680 1036256 115424 0
1785366034235 1169252 1065408 103844 0
1785366034314 1205872 1090160 115712 0
1785366034374 1224308 1108596 115712 0
1785366034452 1233980 1128064 105916 0
1785366034518 383696 279108 104588 0
1785366034596 1269304 1152764 116540 0
1785366034658 1269304 1152764 116540 0
1785366034722 1183264 1065776 117488 0
1785366034756 1184052 1065776 118276 0
1785366034789 1185032 1065784 119248 0
1785366034822 1185040 1065792 119248 0
1785366034854 1185044 1065796 119248 0
1785366034886 1185048 1065800 119248 0
1785366034919 1185048 1065800 119248 0
1785366034950 1185048 1065800 119248 0
1785366034982 1185048 1065800 119248 0
1785366035015 1185048 1065800 119248 0
1785366035047 1185048 1065800 119248 0
1785366035078 1185048 1065800 119248 0
1785366035110 1185052 1065804 119248 0
1785366035143 1185060 1065812 119248 0
1785366035175 1185068 1065820 119248 0
1785366035207 1185072 1065824 119248 0
1785366035240 1185080 1065832 119248 0
1785366035273 1185084 1065836 119248 0
1785366035305 1185092 1065844 119248 0
1785366035339 1185100 1065852 119248 0
1785366035371 1185100 1065852 119248 0
1785366035406 1185100 1065852 119248 0
1785366035440 1185100 1065852 119248 0
1785366035474 1185100 1065852 119248 0
1785366035507 1185100 1065852 119248 0
1785366035543 1185100 1065852 119248 0
1785366035577 1185100 1065852 119248 0
1785366035611 1185100 1065852 119248 0
1785366035645 1185100 1065852 119248 0
1785366035680 1185100 1065852 119248 0
1785366035714 1185100 1065852 119248 0
1785366035748 1185100 1065852 119248 0
1785366035783 1185100 1065852 119248 0
1785366035817 1185100 1065852 119248 0
1785366035851 1185100 1065852 119248 0
1785366035887 1185100 1065852 119248 0
1785366035920 1185100 1065852 119248 0
1785366035956 1185100 1065852 119248 0
1785366035992 1185100 1065852 119248 0
1785366036027 1185100 1065852 119248 0
1785366036064 1185100 1065852 119248 0
1785366036097 1184468 1065632 118836 0
1785366036132 1185120 1065872 119248 0
1785366036168 1185120 1065872 119248 0
1785366036203 1185120 1065872 119248 0
1785366036236 1185120 1065872 119248 0
1785366036270 1185120 1065872 119248 0
1785366036306 1185120 1065872 119248 0
1785366036342 1185120 1065872 119248 0
1785366036378 1185120 1065872 119248 0
1785366036414 1185120 1065872 119248 0
1785366036450 1185120 1065872 119248 0
1785366036485 1185120 1065872 119248 0
1785366036520 1185120 1065872 119248 0
1785366036556 1185120 1065872 119248 0
1785366036592 1185120 1065872 119248 0
1785366036625 1185120 1065872 119248 0
1785366036659 1185120 1065872 119248 0
1785366036695 1185120 1065872 119248 0
1785366036731 1201568 1082852 118716 0
1785366036766 1203560 1084312 119248 0
1785366036799 1175988 1064824 111164 0
1785366036833 1185252 1066004 119248 0
1785366036867 1185252 1066004 119248 0
1785366036901 1185252 1066004 119248 0
1785366036933 1185252 1066004 119248 0
1785366036967 1185252 1066004 119248 0
1785366037000 1204676 1088988 115688 0
1785366037034 1229612 1110364 119248 0
1785366037068 1240192 1129328 110864 0
1785366037100 1305444 1186196 119248 0
1785366037188 1540964 1421716 119248 0
1785366037273 1700708 1581460 119248 0
1785366037358 1708312 1589064 119248 0
1785366037422 1827096 1707848 119248 0
1785366037505 1966360 1847112 119248 0
1785366037590 1608688 1489440 119248 0
1785366037624 1608688 1489440 119248 0
1785366037658 718380 615256 103124 0
1785366037685 1624784 1505536 119248 0
1785366037721 1730468 1611220 119248 0
1785366037757 1836964 1717716 119248 0
1785366037793 1882020 1762772 119248 0
1785366037827 1931172 1811924 119248 0
1785366037863 1996708 1877460 119248 0
1785366037951 2157324 2038076 119248 0
1785366038035 2321164 2201916 119248 0
1785366038120 2456332 2337084 119248 0
1785366038202 2469208 2349960 119248 0
1785366038266 2462996 2351268 111728 0
1785366038300 2521028 2412584 108444 0
1785366038384 1216600 1109208 107392 0
1785366038419 1267580 1156424 111156 0
1785366038457 1256180 1154360 101820 0
1785366038494 1290436 1183224 107212 0
1785366038529 1292952 1190400 102552 0
1785366038564 1339144 1221700 117444 0
1785366038602 1339696 1230852 108844 0
1785366038638 1362808 1252100 110708 0
1785366038674 1374556 1255308 119248 0
1785366038710 1374556 1255308 119248 0
1785366038747 1374556 1255308 119248 0
1785366038781 1374556 1255308 119248 0
1785366038816 1374572 1255324 119248 0
1785366038852 1374608 1255360 119248 0
1785366038885 1374668 1255420 119248 0
1785366038920 1375312 1255720 119592 0
1785366038956 1375352 1255760 119592 0
1785366038989 1375360 1255768 119592 0
1785366039024 1375364 1255772 119592 0
1785366039059 1375372 1255780 119592 0
1785366039093 1375388 1255796 119592 0
1785366039127 1375396 1255804 119592 0
1785366039163 1375408 1255816 119592 0
1785366039198 1375420 1255828 119592 0
1785366039233 1375428 1255836 119592 0
1785366039268 1375436 1255844 119592 0
1785366039304 1375448 1255856 119592 0
1785366039339 1375456 1255864 119592 0
1785366039374 1375464 1255872 119592 0
1785366039409 1375472 1255880 119592 0
1785366039444 1375480 1255888 119592 0
1785366039481 1375492 1255900 119592 0
1785366039518 1375492 1255900 119592 0
1785366039555 1375492 1255900 119592 0
1785366039593 1375492 1255900 119592 0
1785366039631 1375492 1255900 119592 0
1785366039668 1375492 1255900 119592 0
1785366039707 1375492 1255900 119592 0
1785366039745 1375492 1255900 119592 0
1785366039782 1375492 1255900 119592 0
1785366039820 1375492 1255900 119592 0
1785366039857 1375492 1255900 119592 0
1785366039894 1375492 1255900 119592 0
1785366039931 1375492 1255900 119592 0
1785366039966 1375492 1255900 119592 0
1785366040000 1375492 1255900 119592 0
1785366040037 1375492 1255900 119592 0
1785366040074 1375504 1255912 119592 0
1785366040112 1375504 1255912 119592 0
1785366040149 1375504 1255912 119592 0
1785366040183 1375504 1255912 119592 0
1785366040218 1375504 1255912 119592 0
1785366040255 1375504 1255912 119592 0
1785366040293 1375504 1255912 119592 0
1785366040327 1375504 1255912 119592 0
1785366040361 1375504 1255912 119592 0
1785366040396 1375504 1255912 119592 0
1785366040434 1375504 1255912 119592 0
1785366040471 1375504 1255912 119592 0
1785366040508 1375504 1255912 119592 0
1785366040543 1375504 1255912 119592 0
1785366040581 1375504 1255912 119592 0
1785366040617 1375504 1255912 119592 0
1785366040654 1375504 1255912 119592 0
1785366040689 1375504 1255912 119592 0
1785366040724 1375504 1255912 119592 0
1785366040761 1375504 1255912 119592 0
1785366040798 1375504 1255912 119592 0
1785366040835 1375504 1255912 119592 0
1785366040871 1385020 1273200 111820 0
1785366040908 1546968 1427376 119592 0
1785366040946 1733336 1613744 119592 0
1785366040982 1817304 1697712 119592 0
1785366041016 1817304 1697712 119592 0
1785366041050 1829016 1709424 119592 0
1785366041087 1937560 1817968 119592 0
1785366041124 2048152 1928560 119592 0
1785366041161 2158744 2039152 119592 0
1785366041199 1799080 1679488 119592 0
1785366041234 1799080 1679488 119592 0
1785366041268 1799080 1679488 119592 0
1785366041304 1855976 1736384 119592 0
1785366041342 1968616 1849024 119592 0
1785366041381 2083304 1963712 119592 0
1785366041419 2173416 2053824 119592 0
1785366041458 2179560 2059968 119592 0
1785366041496 2286952 2167360 119592 0
1785366041530 2289000 2169408 119592 0
1785366041564 2385256 2265664 119592 0
1785366041599 2452840 2333248 119592 0
1785366041636 2475368 2355776 119592 0
1785366041673 2567528 2447936 119592 0
1785366041739 2647976 2528384 119592 0
1785366041832 2223928 2102700 121228 0
1785366041899 1953748 1832516 121232 0
1785366041936 2060244 1939012 121232 0
1785366041972 2166740 2045508 121232 0
1785366042008 2224084 2102852 121232 0
1785366042044 2224084 2102852 121232 0
1785366042079 1803160 1681928 121232 0
1785366042117 1907568 1786872 120696 0
1785366042152 1958412 1839612 118800 0
1785366042188 2017276 1897164 120112 0
1785366042225 2050648 1939340 111308 0
1785366042261 2105392 1992144 113248 0
1785366042298 2144640 2029248 115392 0
1785366042337 2212332 2091104 121228 0
1785366042374 2224400 2103168 121232 0
1785366042410 1801816 1680588 121228 0
1785366042447 1719228 1597760 121468 0
1785366042483 1735612 1614144 121468 0
1785366042520 1751996 1630528 121468 0
1785366042557 1768380 1646912 121468 0
1785366042594 1784764 1663296 121468 0
1785366042633 1803196 1681728 121468 0
1785366042670 1819580 1698112 121468 0
1785366042708 1835964 1714496 121468 0
1785366042746 1854396 1732928 121468 0
1785366042785 1870780 1749312 121468 0
1785366042822 1889060 1767596 121464 0
1785366042859 1901300 1779832 121468 0
1785366042898 1917684 1796216 121468 0
1785366042935 1934068 1812600 121468 0
1785366042974 1952500 1831032 121468 0
1785366043012 1968884 1847416 121468 0
1785366043050 1985268 1863800 121468 0
1785366043089 2003700 1882232 121468 0
1785366043131 2020084 1898616 121468 0
1785366043168 2036468 1915000 121468 0
1785366043204 2050804 1929336 121468 0
1785366043245 2217796 2106944 110852 0
1785366043285 1802252 1680760 121492 0
1785366043325 1802256 1680764 121492 0
1785366043363 1802264 1680772 121492 0
1785366043403 1802264 1680772 121492 0
1785366043439 1802264 1680772 121492 0
1785366043476 1802268 1680776 121492 0
1785366043511 1802268 1680776 121492 0
1785366043545 1802268 1680776 121492 0
1785366043582 1802272 1680780 121492 0
1785366043619 1802280 1680788 121492 0
1785366043658 1802280 1680788 121492 0
1785366043696 1802280 1680788 121492 0
1785366043732 1802280 1680788 121492 0
1785366043770 1802280 1680788 121492 0
1785366043808 1802288 1680796 121492 0
1785366043847 1802292 1680800 121492 0
1785366043885 1802296 1680804 121492 0
1785366043924 1802296 1680804 121492 0
1785366043960 1802300 1680808 121492 0
1785366044000 1802300 1680808 121492 0
1785366044038 1802300 1680808 121492 0
1785366044076 1802308 1680816 121492 0
1785366044112 1802316 1680824 121492 0
1785366044153 1802316 1680824 121492 0
1785366044188 1802316 1680824 121492 0
1785366044226 1802316 1680824 121492 0
1785366044263 1802316 1680824 121492 0
1785366044301 1802324 1680832 121492 0
1785366044341 1802328 1680836 121492 0
1785366044379 1802328 1680836 121492 0
1785366044415 1802328 1680836 121492 0
1785366044453 1802336 1680844 121492 0
1785366044494 1802336 1680844 121492 0
1785366044531 1802340 1680848 121492 0
1785366044570 1802340 1680848 121492 0
1785366044608 1802344 1680852 121492 0
1785366044646 1802348 1680856 121492 0
1785366044684 1802348 1680856 121492 0
1785366044719 1802348 1680856 121492 0
1785366044754 1802348 1680856 121492 0
1785366044788 1802356 1680864 121492 0
1785366044827 1802356 1680864 121492 0
1785366044865 1802360 1680868 121492 0
1785366044904 1802360 1680868 121492 0
1785366044939 1802360 1680868 121492 0
1785366044978 1802368 1680876 121492 0
1785366045016 1802368 1680876 121492 0
1785366045052 1802376 1680884 121492 0
1785366045088 1802376 1680884 121492 0
1785366045126 1802384 1680892 121492 0
1785366045165 1802384 1680892 121492 0
1785366045203 1802384 1680892 121492 0
1785366045243 1802384 1680892 121492 0
1785366045282 1820820 1699328 121492 0
1785366045320 1820824 1699332 121492 0
1785366045360 1820828 1699336 121492 0
1785366045398 1820832 1699340 121492 0
1785366045437 1820832 1699340 121492 0
1785366045474 1820836 1699344 121492 0
1785366045510 1820836 1699344 121492 0
1785366045549 1820836 1699344 121492 0
1785366045587 1820840 1699348 121492 0
1785366045624 1820844 1699352 121492 0
1785366045662 1820844 1699352 121492 0
1785366045698 1814180 1696244 117936 0
1785366045734 1839284 1717792 121492 0
1785366045770 1839132 1717644 121488 0
1785366045805 1857728 1736236 121492 0
1785366045843 1857732 1736240 121492 0
1785366045883 1857736 1736244 121492 0
1785366045921 1857736 1736244 121492 0
1785366045958 1857736 1736244 121492 0
1785366045998 1857736 1736244 121492 0
1785366046036 1872788 1751296 121492 0
1785366046074 1876180 1754688 121492 0
1785366046114 1876184 1754692 121492 0
1785366046152 1876188 1754696 121492 0
1785366046192 1876036 1754548 121488 0
1785366046226 1894624 1773132 121492 0
1785366046266 1894624 1773132 121492 0
1785366046305 1857848 1744440 113408 0
1785366046343 1867092 1745604 121488 0
1785366046380 1934972 1812952 122020 0
1785366046419 1951204 1829188 122016 0
1785366046456 1966348 1844328 122020 0
1785366046492 1982580 1860564 122016 0
1785366046530 2040704 1919540 121164 0
1785366046571 2042496 1919640 122856 0
1785366046609 2042776 1919920 122856 0
1785366046647 2051628 1928772 122856 0
1785366046686 2068012 1945156 122856 0
1785366046725 2077408 1954552 122856 0
1785366046763 2095840 1972984 122856 0
1785366046803 2114272 1991416 122856 0
1785366046842 2130656 2007800 122856 0
1785366046881 2149088 2026232 122856 0
1785366046920 2165472 2042616 122856 0
1785366046959 2183904 2061048 122856 0
1785366046998 2202336 2079480 122856 0
1785366047038 2218720 2095864 122856 0
1785366047078 2237152 2114296 122856 0
1785366047118 2246088 2122900 123188 0
1785366047157 2246088 2122900 123188 0
1785366047196 2246088 2122900 123188 0
1785366047233 2246088 2122900 123188 0
1785366047272 2246088 2122900 123188 0
1785366047310 2246088 2122900 123188 0
1785366047348 2246088 2122900 123188 0
1785366047385 2246088 2122900 123188 0
1785366047420 2246088 2122900 123188 0
1785366047457 2246088 2122900 123188 0
1785366047495 2246088 2122900 123188 0
1785366047533 2246088 2122900 123188 0
1785366047570 2245936 2122752 123184 0
1785366047608 2291480 2168292 123188 0
1785366047647 2303928 2180744 123184 0
1785366047683 2320152 2196964 123188 0
1785366047718 2332924 2209740 123184 0
1785366047754 2541996 2418808 123188 0
1785366047794 2558380 2435192 123188 0
1785366047833 2576812 2453624 123188 0
1785366047872 2595244 2472056 123188 0
1785366047911 2611628 2488440 123188 0
1785366047950 2630060 2506872 123188 0
1785366047989 2646444 2523256 123188 0
1785366048028 2664876 2541688 123188 0
1785366048067 2681260 2558072 123188 0
1785366048139 2713828 2590640 123188 0
1785366048236 2740452 2617264 123188 0
1785366048309 2758884 2635696 123188 0
1785366048376 2781412 2658224 123188 0
1785366048473 2803940 2680752 123188 0
1785366048545 2818276 2695088 123188 0
1785366048613 2830564 2707376 123188 0
1785366048684 2848996 2725808 123188 0
1785366048778 2867428 2744240 123188 0
1785366048851 2883660 2760476 123184 0
1785366048931 2362072 2238884 123188 0
1785366048969 2420064 2296876 123188 0
1785366049007 2420064 2296876 123188 0
1785366049045 2554572 2431388 123184 0
1785366049090 2594044 2470856 123188 0
1785366049130 2594044 2470856 123188 0
1785366049169 2801052 2677864 123188 0
1785366049210 2801052 2677864 123188 0
1785366049249 2801052 2677864 123188 0
1785366049284 2801052 2677864 123188 0
1785366049319 2801056 2677868 123188 0
1785366049354 2627076 2503888 123188 0
1785366049393 2627076 2503888 123188 0
1785366049431 2627076 2503888 123188 0
1785366049469 2627076 2503888 123188 0
1785366049507 2627076 2503888 123188 0
1785366049542 2627076 2503888 123188 0
1785366049580 2627076 2503888 123188 0
1785366049618 2627076 2503888 123188 0
1785366049656 2627076 2503888 123188 0
1785366049694 2627076 2503888 123188 0
1785366049731 2627076 2503888 123188 0
1785366049769 2627076 2503888 123188 0
1785366049805 2627076 2503888 123188 0
1785366049843 2627076 2503888 123188 0
1785366049878 2627076 2503888 123188 0
1785366049913 2627076 2503888 123188 0
1785366049948 2627076 2503888 123188 0
1785366049982 2627076 2503888 123188 0
1785366050017 2627076 2503888 123188 0
1785366050051 2627076 2503888 123188 0
1785366050089 2627076 2503888 123188 0
1785366050126 2627076 2503888 123188 0
1785366050164 2627076 2503888 123188 0
1785366050202 2627076 2503888 123188 0
1785366050237 2627076 2503888 123188 0
1785366050272 2627076 2503888 123188 0
1785366050306 2627076 2503888 123188 0
1785366050343 2627076 2503888 123188 0
1785366050381 2627076 2503888 123188 0
1785366050416 2627076 2503888 123188 0
1785366050451 2627076 2503888 123188 0
1785366050489 2627076 2503888 123188 0
1785366050527 2627076 2503888 123188 0
1785366050564 2627076 2503888 123188 0
1785366050602 2627076 2503888 123188 0
1785366050640 2627076 2503888 123188 0
1785366050677 2627076 2503888 123188 0
1785366050715 2627076 2503888 123188 0
1785366050752 2627076 2503888 123188 0
1785366050789 2627076 2503888 123188 0
1785366050826 2627076 2503888 123188 0
1785366050863 2627076 2503888 123188 0
1785366050901 2627136 2503888 123248 0
1785366050938 2627136 2503888 123248 0
1785366050976 2105292 1981964 123328 0
1785366051013 2105292 1981964 123328 0
1785366051050 2106032 1981976 124056 0
1785366051087 2106036 1981980 124056 0
1785366051123 2106036 1981980 124056 0
1785366051162 2106036 1981980 124056 0
1785366051202 2106036 1981980 124056 0
1785366051242 2106036 1981980 124056 0
1785366051282 2106036 1981980 124056 0
1785366051322 2106036 1981980 124056 0
1785366051360 2106068 1981980 124088 0
1785366051396 2106068 1981980 124088 0
1785366051433 2106068 1981980 124088 0
1785366051470 2106076 1981988 124088 0
1785366051510 2106200 1982008 124192 0
1785366051550 2106400 1982016 124384 0
1785366051591 2106400 1982016 124384 0
1785366051633 2106408 1982020 124388 0
1785366051673 2106408 1982020 124388 0
1785366051711 2103764 1980524 123240 0
1785366051749 2108468 1984080 124388 0
1785366051787 2108468 1984080 124388 0
1785366051822 2108468 1984080 124388 0
1785366051858 2108468 1984080 124388 0
1785366051898 2108468 1984080 124388 0
1785366051937 2108468 1984080 124388 0
1785366051976 2108468 1984080 124388 0
1785366052013 2108468 1984080 124388 0
1785366052054 2108468 1984080 124388 0
1785366052092 2108468 1984080 124388 0
1785366052132 2108468 1984080 124388 0
1785366052171 2108468 1984080 124388 0
1785366052207 2108468 1984080 124388 0
1785366052243 2108472 1984084 124388 0
1785366052286 2108472 1984084 124388 0
1785366052325 2108472 1984084 124388 0
1785366052361 2108472 1984084 124388 0
1785366052399 2108680 1984084 124596 0
1785366052436 2108680 1984084 124596 0
1785366052473 2108680 1984084 124596 0
1785366052511 2108752 1984092 124660 0
1785366052549 2108752 1984092 124660 0
1785366052589 2108752 1984092 124660 0
1785366052630 2108752 1984092 124660 0
1785366052670 2108752 1984092 124660 0
1785366052708 2108752 1984092 124660 0
1785366052748 2108752 1984092 124660 0
1785366052787 2108752 1984092 124660 0
1785366052825 2108752 1984092 124660 0
1785366052864 2108752 1984092 124660 0
1785366052902 2108752 1984092 124660 0
1785366052941 2108752 1984092 124660 0
1785366052981 2108752 1984092 124660 0
1785366053020 2108752 1984092 124660 0
1785366053059 2108752 1984092 124660 0
1785366053098 2108752 1984092 124660 0
1785366053138 2108752 1984092 124660 0
1785366053177 2108752 1984092 124660 0
1785366053217 2108752 1984092 124660 0
1785366053256 2108752 1984092 124660 0
1785366053296 2108752 1984092 124660 0
1785366053335 2108752 1984092 124660 0
1785366053375 2108752 1984092 124660 0
1785366053415 2108752 1984092 124660 0
1785366053456 2108752 1984092 124660 0
1785366053496 2108752 1984092 124660 0
1785366053537 2108752 1984092 124660 0
1785366053576 2108752 1984092 124660 0
1785366053617 2108752 1984092 124660 0
1785366053657 2108752 1984092 124660 0
1785366053697 2108752 1984092 124660 0
1785366053737 2108752 1984092 124660 0
1785366053778 2108760 1984100 124660 0
1785366053818 2108760 1984100 124660 0
1785366053857 2108760 1984100 124660 0
1785366053896 2108760 1984100 124660 0
1785366053933 2108760 1984100 124660 0
1785366053969 2108760 1984100 124660 0
1785366054004 2108760 1984100 124660 0
1785366054039 2108760 1984100 124660 0
1785366054077 2108760 1984100 124660 0
1785366054112 2108760 1984100 124660 0
1785366054152 2108760 1984100 124660 0
1785366054189 2108760 1984100 124660 0
1785366054228 2108760 1984100 124660 0
1785366054265 2108760 1984100 124660 0
1785366054300 2108760 1984100 124660 0
1785366054336 2108760 1984100 124660 0
1785366054375 2108764 1984104 124660 0
1785366054413 2108764 1984104 124660 0
1785366054449 2108764 1984104 124660 0
1785366054488 2108768 1984108 124660 0
1785366054530 2108768 1984108 124660 0
1785366054569 2108768 1984108 124660 0
1785366054604 2108768 1984108 124660 0
1785366054646 2108768 1984108 124660 0
1785366054685 2108768 1984108 124660 0
1785366054725 2108768 1984108 124660 0
1785366054766 2108768 1984108 124660 0
1785366054803 2108768 1984108 124660 0
1785366054842 2108768 1984108 124660 0
1785366054883 2108768 1984108 124660 0
1785366054922 2108768 1984108 124660 0
1785366054961 2108768 1984108 124660 0
1785366055000 2108768 1984108 124660 0
1785366055037 2108768 1984108 124660 0
1785366055076 2108768 1984108 124660 0
1785366055115 2108768 1984108 124660 0
1785366055157 2108768 1984108 124660 0
1785366055197 2108768 1984108 124660 0
1785366055237 2108768 1984108 124660 0
1785366055276 2108768 1984108 124660 0
1785366055317 2108768 1984108 124660 0
1785366055357 2108768 1984108 124660 0
1785366055397 2108768 1984108 124660 0
1785366055435 2108768 1984108 124660 0
1785366055478 2108768 1984108 124660 0
1785366055517 2108768 1984108 124660 0
1785366055556 2108768 1984108 124660 0
1785366055599 2108768 1984108 124660 0
1785366055639 2108768 1984108 124660 0
1785366055679 2108768 1984108 124660 0
1785366055721 2108768 1984108 124660 0
1785366055760 2108768 1984108 124660 0
1785366055796 2108768 1984108 124660 0
1785366055837 2108768 1984108 124660 0
1785366055876 2108768 1984108 124660 0
1785366055913 2108768 1984108 124660 0
1785366055949 2108768 1984108 124660 0
1785366055990 2108768 1984108 124660 0
1785366056029 2108768 1984108 124660 0
1785366056068 2108768 1984108 124660 0
1785366056106 2108784 1984108 124676 0
1785366056147 2109120 1984108 125012 0
1785366056186 2109120 1984108 125012 0
1785366056224 2109120 1984108 125012 0
1785366056261 2109120 1984108 125012 0
1785366056297 2109120 1984108 125012 0
1785366056332 2109120 1984108 125012 0
1785366056370 2109120 1984108 125012 0
1785366056416 2109168 1984108 125060 0
1785366056456 2109168 1984108 125060 0
1785366056497 2109168 1984108 125060 0
1785366056536 2109168 1984108 125060 0
1785366056575 2109168 1984108 125060 0
1785366056615 2109168 1984108 125060 0
1785366056652 2109168 1984108 125060 0
1785366056693 2109168 1984108 125060 0
1785366056732 2109168 1984108 125060 0
1785366056771 2109168 1984108 125060 0
1785366056812 2109168 1984108 125060 0
1785366056851 2109168 1984108 125060 0
1785366056892 2109176 1984116 125060 0
1785366056931 2109176 1984116 125060 0
1785366056970 2109176 1984116 125060 0
1785366057009 2109176 1984116 125060 0
1785366057049 2109176 1984116 125060 0
1785366057088 2109176 1984116 125060 0
1785366057126 2109176 1984116 125060 0
1785366057163 2109176 1984116 125060 0
1785366057200 2109176 1984116 125060 0
1785366057240 2109176 1984116 125060 0
1785366057280 2109184 1984124 125060 0
1785366057320 2109192 1984132 125060 0
1785366057361 2109192 1984132 125060 0
1785366057402 2109192 1984132 125060 0
1785366057441 2109192 1984132 125060 0
1785366057481 2109192 1984132 125060 0
1785366057520 2109196 1984136 125060 0
1785366057562 2109196 1984136 125060 0
1785366057602 2109196 1984136 125060 0
1785366057641 2109196 1984136 125060 0
1785366057680 2109196 1984136 125060 0
1785366057716 2109196 1984136 125060 0
1785366057753 2109196 1984136 125060 0
1785366057796 2109196 1984136 125060 0
1785366057836 2109196 1984136 125060 0
1785366057877 2109196 1984136 125060 0
1785366057918 2109196 1984136 125060 0
1785366057957 2109196 1984136 125060 0
1785366057993 2109196 1984136 125060 0
1785366058031 2109196 1984136 125060 0
1785366058068 2109196 1984136 125060 0
1785366058108 2109196 1984136 125060 0
1785366058149 2109196 1984136 125060 0
1785366058190 2109196 1984136 125060 0
1785366058229 2109196 1984136 125060 0
1785366058270 2109196 1984136 125060 0
1785366058311 2109196 1984136 125060 0
1785366058351 2109196 1984136 125060 0
1785366058392 2109196 1984136 125060 0
1785366058431 2109196 1984136 125060 0
1785366058472 2109196 1984136 125060 0
1785366058512 2109196 1984136 125060 0
1785366058553 2109196 1984136 125060 0
1785366058592 2109196 1984136 125060 0
1785366058633 2109196 1984136 125060 0
1785366058673 2109196 1984136 125060 0
1785366058710 2109196 1984136 125060 0
1785366058747 2109196 1984136 125060 0
1785366058784 2109196 1984136 125060 0
1785366058822 2109196 1984136 125060 0
1785366058862 2109196 1984136 125060 0
1785366058903 2109196 1984136 125060 0
1785366058943 2109196 1984136 125060 0
1785366058980 2109196 1984136 125060 0
1785366059018 2109196 1984136 125060 0
1785366059055 2109196 1984136 125060 0
1785366059095 2109196 1984136 125060 0
1785366059137 2109196 1984136 125060 0
1785366059178 2109196 1984136 125060 0
1785366059218 2109196 1984136 125060 0
1785366059259 2109196 1984136 125060 0
1785366059299 2109196 1984136 125060 0
1785366059339 2109196 1984136 125060 0
1785366059379 2109196 1984136 125060 0
1785366059419 2109200 1984140 125060 0
1785366059459 2109200 1984140 125060 0
1785366059499 2109204 1984144 125060 0
1785366059537 2109208 1984148 125060 0
1785366059576 2109208 1984148 125060 0
1785366059616 2109208 1984148 125060 0
1785366059653 2109208 1984148 125060 0
1785366059694 2109208 1984148 125060 0
1785366059732 2109208 1984148 125060 0
1785366059770 2109208 1984148 125060 0
1785366059811 2109208 1984148 125060 0
1785366059851 2109208 1984148 125060 0
1785366059890 2109208 1984148 125060 0
1785366059927 2109208 1984148 125060 0
1785366059968 2109208 1984148 125060 0
1785366060008 2109208 1984148 125060 0
1785366060045 2109208 1984148 125060 0
1785366060084 2109208 1984148 125060 0
1785366060124 2109208 1984148 125060 0
1785366060163 2109212 1984152 125060 0
1785366060205 2109212 1984152 125060 0
1785366060245 2109212 1984152 125060 0
1785366060281 2109212 1984152 125060 0
1785366060323 2109212 1984152 125060 0
1785366060364 2109212 1984152 125060 0
1785366060403 2109212 1984152 125060 0
1785366060444 2109212 1984152 125060 0
1785366060484 2109212 1984152 125060 0
1785366060523 2109212 1984152 125060 0
1785366060564 2109212 1984152 125060 0
1785366060603 2109212 1984152 125060 0
1785366060640 2109212 1984152 125060 0
1785366060677 2109212 1984152 125060 0
1785366060717 2109212 1984152 125060 0
1785366060757 2109212 1984152 125060 0
1785366060794 2109212 1984152 125060 0
1785366060836 2109212 1984152 125060 0
1785366060876 2109212 1984152 125060 0
1785366060917 2109212 1984152 125060 0
1785366060958 2109212 1984152 125060 0
1785366060998 2109212 1984152 125060 0
1785366061035 2109212 1984152 125060 0
1785366061075 2109212 1984152 125060 0
1785366061114 2111256 1986196 125060 0
1785366061153 2111256 1986196 125060 0
1785366061191 2111256 1986196 125060 0
1785366061231 2111256 1986196 125060 0
1785366061273 2111260 1986200 125060 0
1785366061314 2111260 1986200 125060 0
1785366061354 2111260 1986200 125060 0
1785366061394 2111260 1986200 125060 0
1785366061431 2111260 1986200 125060 0
1785366061470 2111260 1986200 125060 0
1785366061510 2111260 1986200 125060 0
1785366061551 2111260 1986200 125060 0
1785366061591 2111260 1986200 125060 0
1785366061631 2111260 1986200 125060 0
1785366061670 2111260 1986200 125060 0
1785366061709 2111260 1986200 125060 0
1785366061748 2111260 1986200 125060 0
1785366061787 2111260 1986200 125060 0
1785366061829 2111260 1986200 125060 0
1785366061868 2111260 1986200 125060 0
1785366061905 2111260 1986200 125060 0
1785366061944 2111260 1986200 125060 0
1785366061982 2125156 2000096 125060 0
1785366062019 2153592 2032088 121504 0
1785366062063 2184860 2059800 125060 0
1785366062104 2184860 2059800 125060 0
1785366062144 2111260 1986200 125060 0
1785366062183 2111260 1986200 125060 0
1785366062222 2111260 1986200 125060 0
1785366062262 2111260 1986200 125060 0
1785366062297 2111260 1986200 125060 0
1785366062337 2111260 1986200 125060 0
1785366062377 2111260 1986200 125060 0
1785366062420 2111260 1986200 125060 0
1785366062459 2111260 1986200 125060 0
1785366062499 2111260 1986200 125060 0
1785366062538 2111264 1986204 125060 0
1785366062578 2111264 1986204 125060 0
1785366062618 2111264 1986204 125060 0
1785366062657 2111264 1986204 125060 0
1785366062697 2111264 1986204 125060 0
1785366062738 2111264 1986204 125060 0
1785366062778 2111264 1986204 125060 0
1785366062818 2111264 1986204 125060 0
1785366062857 2111268 1986208 125060 0
1785366062898 2111268 1986208 125060 0
1785366062938 2111272 1986212 125060 0
1785366062978 2111276 1986216 125060 0
1785366063018 2111276 1986216 125060 0
1785366063059 2111280 1986220 125060 0
1785366063099 2111280 1986220 125060 0
1785366063137 2111280 1986220 125060 0
1785366063173 2111284 1986224 125060 0
1785366063212 2111288 1986228 125060 0
1785366063253 2111288 1986228 125060 0
1785366063291 2111288 1986228 125060 0
1785366063332 2111288 1986228 125060 0
1785366063372 2111288 1986228 125060 0
1785366063411 2111288 1986228 125060 0
1785366063450 2111288 1986228 125060 0
1785366063491 2111288 1986228 125060 0
1785366063530 2111288 1986228 125060 0
1785366063568 2111288 1986228 125060 0
1785366063606 2111288 1986228 125060 0
1785366063643 2111288 1986228 125060 0
1785366063683 2111288 1986228 125060 0
1785366063723 2111288 1986228 125060 0
1785366063763 2111288 1986228 125060 0
1785366063803 2111288 1986228 125060 0
1785366063845 2111288 1986228 125060 0
1785366063886 2111288 1986228 125060 0
1785366063926 2111288 1986228 125060 0
1785366063965 2111288 1986228 125060 0
1785366064005 2111288 1986228 125060 0
1785366064046 2111288 1986228 125060 0
1785366064085 2111288 1986228 125060 0
1785366064123 2111288 1986228 125060 0
1785366064164 2111288 1986228 125060 0
1785366064204 2111288 1986228 125060 0
1785366064243 2111288 1986228 125060 0
1785366064282 2111288 1986228 125060 0
1785366064319 2111288 1986228 125060 0
1785366064357 2111288 1986228 125060 0
1785366064399 2111288 1986228 125060 0
1785366064440 2111288 1986228 125060 0
1785366064479 2111288 1986228 125060 0
1785366064517 2111288 1986228 125060 0
1785366064558 2111288 1986228 125060 0
1785366064597 2111288 1986228 125060 0
1785366064638 2111288 1986228 125060 0
1785366064676 2111288 1986228 125060 0
1785366064714 2111288 1986228 125060 0
1785366064753 2111288 1986228 125060 0
1785366064792 2111288 1986228 125060 0
1785366064831 2111292 1986232 125060 0
1785366064871 2111292 1986232 125060 0
1785366064911 2111292 1986232 125060 0
1785366064949 2111292 1986232 125060 0
1785366064988 2111292 1986232 125060 0
1785366065027 2111292 1986232 125060 0
1785366065066 2111292 1986232 125060 0
1785366065104 2111292 1986232 125060 0
1785366065143 2111296 1986236 125060 0
1785366065183 2111296 1986236 125060 0
1785366065221 2111296 1986236 125060 0
1785366065260 2111296 1986236 125060 0
1785366065297 2111296 1986236 125060 0
1785366065335 2111296 1986236 125060 0
1785366065373 2111296 1986236 125060 0
1785366065411 2111296 1986236 125060 0
1785366065451 2111296 1986236 125060 0
1785366065488 2111296 1986236 125060 0
1785366065527 2111296 1986236 125060 0
1785366065564 2111296 1986236 125060 0
1785366065603 2111296 1986236 125060 0
1785366065641 2111296 1986236 125060 0
1785366065680 2111296 1986236 125060 0
1785366065721 2111296 1986236 125060 0
1785366065761 2111296 1986236 125060 0
1785366065802 2111296 1986236 125060 0
1785366065842 2111296 1986236 125060 0
1785366065881 2111304 1986244 125060 0
1785366065920 2111304 1986244 125060 0
1785366065959 2111304 1986244 125060 0
1785366065999 2111304 1986244 125060 0
1785366066038 2111304 1986244 125060 0
1785366066075 2111304 1986244 125060 0
1785366066114 2111308 1986248 125060 0
1785366066153 2111308 1986248 125060 0
1785366066192 2111308 1986248 125060 0
1785366066230 2111308 1986248 125060 0
1785366066270 2111308 1986248 125060 0
1785366066308 2111308 1986248 125060 0
1785366066346 2111308 1986248 125060 0
1785366066388 2111308 1986248 125060 0
1785366066428 2111308 1986248 125060 0
1785366066467 2111308 1986248 125060 0
1785366066508 2111308 1986248 125060 0
1785366066549 2111308 1986248 125060 0
1785366066588 2111308 1986248 125060 0
1785366066626 2111308 1986248 125060 0
1785366066666 2111308 1986248 125060 0
1785366066706 2111308 1986248 125060 0
1785366066744 2111308 1986248 125060 0
1785366066782 2111308 1986248 125060 0
1785366066824 2111308 1986248 125060 0
1785366066862 2111308 1986248 125060 0
1785366066901 2111308 1986248 125060 0
1785366066941 2111308 1986248 125060 0
1785366066979 2111308 1986248 125060 0
1785366067017 2111308 1986248 125060 0
1785366067057 2111308 1986248 125060 0
1785366067095 2111308 1986248 125060 0
1785366067134 2111308 1986248 125060 0
1785366067174 2117324 1992264 125060 0
1785366067213 2117324 1992264 125060 0
1785366067252 2117324 1992264 125060 0
1785366067291 2117324 1992264 125060 0
1785366067329 2117324 1992264 125060 0
1785366067367 2117324 1992264 125060 0
1785366067406 2117324 1992264 125060 0
1785366067446 2117172 1992116 125056 0
1785366067486 2129300 2004240 125060 0
1785366067524 2145684 2020624 125060 0
1785366067560 2160180 2035124 125056 0
1785366067599 2184908 2059848 125060 0
1785366067638 2194836 2069776 125060 0
1785366067674 2209332 2084276 125056 0
1785366067713 2301188 2177440 123748 0
1785366067756 2234188 2109128 125060 0
1785366067796 2111308 1986248 125060 0
1785366067835 2111308 1986248 125060 0
1785366067872 2111308 1986248 125060 0
1785366067909 2111308 1986248 125060 0
1785366067947 2111308 1986248 125060 0
1785366067984 2111308 1986248 125060 0
1785366068024 2111308 1986248 125060 0
1785366068063 2111308 1986248 125060 0
1785366068100 2111308 1986248 125060 0
1785366068137 2111308 1986248 125060 0
1785366068178 2111308 1986248 125060 0
1785366068217 2111308 1986248 125060 0
1785366068256 2111312 1986252 125060 0
1785366068295 2111312 1986252 125060 0
1785366068336 2111312 1986252 125060 0
1785366068377 2111312 1986252 125060 0
1785366068416 2111312 1986252 125060 0
1785366068457 2111312 1986252 125060 0
1785366068498 2111316 1986256 125060 0
1785366068536 2111316 1986256 125060 0
1785366068577 2111316 1986256 125060 0
1785366068617 2111320 1986260 125060 0
1785366068657 2111324 1986264 125060 0
1785366068697 2111324 1986264 125060 0
1785366068738 2111324 1986264 125060 0
1785366068778 2111324 1986264 125060 0
1785366068817 2111324 1986264 125060 0
1785366068853 2111324 1986264 125060 0
1785366068896 2111324 1986264 125060 0
1785366068935 2111324 1986264 125060 0
1785366068975 2111328 1986268 125060 0
1785366069016 2111328 1986268 125060 0
1785366069056 2111328 1986268 125060 0
1785366069094 2111332 1986272 125060 0
1785366069137 2111332 1986272 125060 0
1785366069177 2111332 1986272 125060 0
1785366069216 2111332 1986272 125060 0
1785366069255 2111332 1986272 125060 0
1785366069295 2111332 1986272 125060 0
1785366069334 2111332 1986272 125060 0
1785366069376 2111332 1986272 125060 0
1785366069417 2111332 1986272 125060 0
1785366069456 2111332 1986272 125060 0
1785366069496 2111332 1986272 125060 0
1785366069537 2111332 1986272 125060 0
1785366069577 2111332 1986272 125060 0
1785366069615 2111332 1986272 125060 0
1785366069656 2111332 1986272 125060 0
1785366069695 2111332 1986272 125060 0
1785366069733 2111332 1986272 125060 0
1785366069773 2111332 1986272 125060 0
1785366069813 2111332 1986272 125060 0
1785366069853 2111332 1986272 125060 0
1785366069894 2111332 1986272 125060 0
1785366069934 2111332 1986272 125060 0
1785366069971 2111332 1986272 125060 0
1785366070012 2111332 1986272 125060 0
1785366070053 2111332 1986272 125060 0
1785366070093 2111332 1986272 125060 0
1785366070134 2111332 1986272 125060 0
1785366070174 2111332 1986272 125060 0
1785366070214 2111332 1986272 125060 0
1785366070251 2111332 1986272 125060 0
1785366070292 2111332 1986272 125060 0
1785366070332 2111332 1986272 125060 0
1785366070373 2111336 1986276 125060 0
1785366070412 2111336 1986276 125060 0
1785366070450 2111336 1986276 125060 0
1785366070487 2111336 1986276 125060 0
1785366070525 2111336 1986276 125060 0
1785366070562 2111336 1986276 125060 0
1785366070600 2111336 1986276 125060 0
1785366070638 2111336 1986276 125060 0
1785366070679 2111336 1986276 125060 0
1785366070719 2111336 1986276 125060 0
1785366070757 2111336 1986276 125060 0
1785366070794 2111336 1986276 125060 0
1785366070834 2111340 1986280 125060 0
1785366070874 2111340 1986280 125060 0
1785366070913 2111340 1986280 125060 0
1785366070953 2111340 1986280 125060 0
1785366070992 2111340 1986280 125060 0
1785366071031 2111340 1986280 125060 0
1785366071067 2111340 1986280 125060 0
1785366071105 2111340 1986280 125060 0
1785366071147 2111340 1986280 125060 0
1785366071186 2111340 1986280 125060 0
1785366071223 2111340 1986280 125060 0
1785366071260 2111340 1986280 125060 0
1785366071301 2111340 1986280 125060 0
1785366071341 2111340 1986280 125060 0
1785366071381 2111340 1986280 125060 0
1785366071423 2111344 1986284 125060 0
1785366071460 2111344 1986284 125060 0
1785366071500 2111344 1986284 125060 0
1785366071541 2111344 1986284 125060 0
1785366071581 2111344 1986284 125060 0
1785366071621 2111344 1986284 125060 0
1785366071661 2111344 1986284 125060 0
1785366071698 2111344 1986284 125060 0
1785366071739 2111344 1986284 125060 0
1785366071780 2111344 1986284 125060 0
1785366071819 2111344 1986284 125060 0
1785366071859 2111344 1986284 125060 0
1785366071899 2111344 1986284 125060 0
1785366071936 2111344 1986284 125060 0
1785366071976 2111344 1986284 125060 0
1785366072015 2117360 1992300 125060 0
1785366072053 2117360 1992300 125060 0
1785366072093 2117360 1992300 125060 0
1785366072132 2117360 1992300 125060 0
1785366072170 2117360 1992300 125060 0
1785366072208 2117360 1992300 125060 0
1785366072245 2117360 1992300 125060 0
1785366072284 2117360 1992300 125060 0
1785366072321 2117360 1992300 125060 0
1785366072360 2117360 1992300 125060 0
1785366072400 2117360 1992300 125060 0
1785366072441 2117360 1992300 125060 0
1785366072482 2117360 1992300 125060 0
1785366072520 2117360 1992300 125060 0
1785366072556 2117360 1992300 125060 0
1785366072597 2117360 1992300 125060 0
1785366072637 2117360 1992300 125060 0
1785366072673 2117360 1992300 125060 0
1785366072710 2117360 1992300 125060 0
1785366072751 2117360 1992300 125060 0
1785366072792 2117360 1992300 125060 0
1785366072831 2117360 1992300 125060 0
1785366072869 2117360 1992300 125060 0
1785366072906 2117360 1992300 125060 0
1785366072942 2117364 1992304 125060 0
1785366072985 2117364 1992304 125060 0
1785366073025 2117364 1992304 125060 0
1785366073064 2117364 1992304 125060 0
1785366073106 2117364 1992304 125060 0
1785366073145 2117364 1992304 125060 0
1785366073185 2117364 1992304 125060 0
1785366073222 2117364 1992304 125060 0
1785366073260 2135796 2010736 125060 0
1785366073299 2135796 2010736 125060 0
1785366073337 2135644 2010588 125056 0
1785366073376 2209524 2084464 125060 0
1785366073423 2209524 2084464 125060 0
1785366073462 2111348 1986288 125060 0
1785366073500 2111348 1986288 125060 0
1785366073535 2111348 1986288 125060 0
1785366073576 2111348 1986288 125060 0
1785366073617 2111348 1986288 125060 0
1785366073654 2111348 1986288 125060 0
1785366073696 2111348 1986288 125060 0
1785366073737 2111348 1986288 125060 0
1785366073776 2111348 1986288 125060 0
1785366073817 2111348 1986288 125060 0
1785366073856 2111348 1986288 125060 0
1785366073895 2111352 1986292 125060 0
1785366073935 2111352 1986292 125060 0
1785366073975 2111352 1986292 125060 0
1785366074015 2111352 1986292 125060 0
1785366074052 2111352 1986292 125060 0
1785366074089 2111352 1986292 125060 0
1785366074126 2111352 1986292 125060 0
1785366074164 2111360 1986300 125060 0
1785366074201 2111360 1986300 125060 0
1785366074242 2111360 1986300 125060 0
1785366074284 2111364 1986304 125060 0
1785366074324 2111364 1986304 125060 0
1785366074364 2111368 1986308 125060 0
1785366074401 2111368 1986308 125060 0
1785366074440 2111368 1986308 125060 0
1785366074476 2111368 1986308 125060 0
1785366074512 2111368 1986308 125060 0
1785366074552 2111368 1986308 125060 0
1785366074589 2111368 1986308 125060 0
1785366074629 2111216 1986160 125056 0
1785366074669 2141960 2016900 125060 0
1785366074710 2141960 2016900 125060 0
1785366074749 2141960 2016900 125060 0
1785366074787 2154248 2029188 125060 0
1785366074829 2154248 2029188 125060 0
1785366074868 2154248 2029188 125060 0
1785366074904 2154248 2029188 125060 0
1785366074947 2154248 2029188 125060 0
1785366074986 2154248 2029188 125060 0
1785366075027 2154248 2029188 125060 0
1785366075068 2154248 2029188 125060 0
1785366075105 2154248 2029188 125060 0
1785366075145 2154252 2029192 125060 0
1785366075187 2154252 2029192 125060 0
1785366075228 2154252 2029192 125060 0
1785366075268 2154252 2029192 125060 0
1785366075306 2154256 2029196 125060 0
1785366075346 2154256 2029196 125060 0
1785366075386 2154256 2029196 125060 0
1785366075427 2154256 2029196 125060 0
1785366075468 2154256 2029196 125060 0
1785366075508 2154256 2029196 125060 0
1785366075548 2154256 2029196 125060 0
1785366075589 2154256 2029196 125060 0
1785366075629 2154256 2029196 125060 0
1785366075669 2154256 2029196 125060 0
1785366075709 2154256 2029196 125060 0
1785366075750 2154256 2029196 125060 0
1785366075788 2154256 2029196 125060 0
1785366075825 2154256 2029196 125060 0
1785366075862 2154256 2029196 125060 0
1785366075898 2154256 2029196 125060 0
1785366075935 2154256 2029196 125060 0
1785366075971 2154256 2029196 125060 0
1785366076008 2154256 2029196 125060 0
1785366076045 2154256 2029196 125060 0
1785366076081 2154256 2029196 125060 0
1785366076118 2154256 2029196 125060 0
1785366076154 2154256 2029196 125060 0
1785366076191 2154256 2029196 125060 0
1785366076227 2154256 2029196 125060 0
1785366076264 2154256 2029196 125060 0
1785366076300 2154256 2029196 125060 0
1785366076336 2154256 2029196 125060 0
1785366076371 2154256 2029196 125060 0
1785366076408 2154256 2029196 125060 0
1785366076445 2154256 2029196 125060 0
1785366076482 2154260 2029200 125060 0
1785366076519 2154264 2029204 125060 0
1785366076555 2154264 2029204 125060 0
1785366076591 2154264 2029204 125060 0
1785366076625 2154264 2029204 125060 0
1785366076660 2154264 2029204 125060 0
1785366076695 2154264 2029204 125060 0
1785366076730 2154264 2029204 125060 0
1785366076768 2154264 2029204 125060 0
1785366076803 2154264 2029204 125060 0
1785366076839 2154264 2029204 125060 0
1785366076873 2154264 2029204 125060 0
1785366076913 2154264 2029204 125060 0
1785366076950 2154264 2029204 125060 0
1785366076986 2154264 2029204 125060 0
1785366077023 2154264 2029204 125060 0
1785366077064 2154264 2029204 125060 0
1785366077102 2154264 2029204 125060 0
1785366077137 2154264 2029204 125060 0
1785366077175 2154268 2029208 125060 0
1785366077215 2154268 2029208 125060 0
1785366077253 2154268 2029208 125060 0
1785366077289 2154268 2029208 125060 0
1785366077324 2154268 2029208 125060 0
1785366077364 2154268 2029208 125060 0
1785366077402 2154268 2029208 125060 0
1785366077440 2154268 2029208 125060 0
1785366077477 2154268 2029208 125060 0
1785366077514 2154268 2029208 125060 0
1785366077553 2154268 2029208 125060 0
1785366077589 2154268 2029208 125060 0
1785366077625 2154268 2029208 125060 0
1785366077662 2154268 2029208 125060 0
1785366077699 2154268 2029208 125060 0
1785366077734 2154268 2029208 125060 0
1785366077770 2154268 2029208 125060 0
1785366077809 2154272 2029212 125060 0
1785366077846 2154272 2029212 125060 0
1785366077882 2154272 2029212 125060 0
1785366077919 2154272 2029212 125060 0
1785366077955 2154272 2029212 125060 0
1785366077992 2154272 2029212 125060 0
1785366078028 2154272 2029212 125060 0
1785366078069 2154272 2029212 125060 0
1785366078111 2154272 2029212 125060 0
1785366078149 2154272 2029212 125060 0
1785366078189 2154272 2029212 125060 0
1785366078229 2154272 2029212 125060 0
1785366078266 2154272 2029212 125060 0
1785366078302 2154272 2029212 125060 0
1785366078340 2154272 2029212 125060 0
1785366078382 2154272 2029212 125060 0
1785366078420 2154272 2029212 125060 0
1785366078457 2154272 2029212 125060 0
1785366078494 2154272 2029212 125060 0
1785366078532 2154272 2029212 125060 0
1785366078568 2154272 2029212 125060 0
1785366078609 2154272 2029212 125060 0
1785366078645 2154272 2029212 125060 0
1785366078685 2154120 2029064 125056 0
1785366078725 2172704 2047644 125060 0
1785366078763 2172704 2047644 125060 0
1785366078802 2172704 2047644 125060 0
1785366078837 2172704 2047644 125060 0
1785366078872 2172704 2047644 125060 0
1785366078908 2172552 2047496 125056 0
1785366078943 2173832 2048772 125060 0
1785366078977 2206344 2081288 125056 0
1785366079018 2255652 2130592 125060 0
1785366079056 2255652 2130592 125060 0
1785366079093 2157472 2032412 125060 0
1785366079129 2157472 2032412 125060 0
1785366079164 2157472 2032412 125060 0
1785366079198 2157472 2032412 125060 0
1785366079238 2157472 2032412 125060 0
1785366079274 2157472 2032412 125060 0
1785366079315 2157472 2032412 125060 0
1785366079353 2157472 2032412 125060 0
1785366079389 2157472 2032412 125060 0
1785366079423 2157472 2032412 125060 0
1785366079463 2157472 2032412 125060 0
1785366079500 2157472 2032412 125060 0
1785366079540 2157476 2032416 125060 0
1785366079577 2157476 2032416 125060 0
1785366079613 2157476 2032416 125060 0
1785366079653 2157476 2032416 125060 0
1785366079692 2157476 2032416 125060 0
1785366079731 2157476 2032416 125060 0
1785366079770 2157476 2032416 125060 0
1785366079807 2157476 2032416 125060 0
1785366079842 2157480 2032420 125060 0
1785366079880 2157480 2032420 125060 0
1785366079916 2157484 2032424 125060 0
1785366079951 2157488 2032428 125060 0
1785366079987 2157488 2032428 125060 0
1785366080028 2157492 2032432 125060 0
1785366080070 2157492 2032432 125060 0
1785366080110 2157492 2032432 125060 0
1785366080149 2157492 2032432 125060 0
1785366080192 2157492 2032432 125060 0
1785366080232 2157492 2032432 125060 0
1785366080268 2157340 2032284 125056 0
1785366080311 2160436 2035376 125060 0
1785366080351 2160436 2035376 125060 0
1785366080390 2160436 2035376 125060 0
1785366080428 2178868 2053808 125060 0
1785366080470 2178868 2053808 125060 0
1785366080509 2178868 2053808 125060 0
1785366080549 2185012 2059952 125060 0
1785366080587 2185012 2059952 125060 0
1785366080628 2185012 2059952 125060 0
1785366080668 2185012 2059952 125060 0
1785366080709 2185012 2059952 125060 0
1785366080748 2185012 2059952 125060 0
1785366080787 2185016 2059956 125060 0
1785366080829 2185016 2059956 125060 0
1785366080870 2185016 2059956 125060 0
1785366080909 2185016 2059956 125060 0
1785366080947 2185016 2059956 125060 0
1785366080985 2185016 2059956 125060 0
1785366081022 2185020 2059960 125060 0
1785366081064 2185020 2059960 125060 0
1785366081105 2185020 2059960 125060 0
1785366081146 2185020 2059960 125060 0
1785366081187 2185020 2059960 125060 0
1785366081227 2185020 2059960 125060 0
1785366081264 2185020 2059960 125060 0
1785366081302 2185020 2059960 125060 0
1785366081343 2185020 2059960 125060 0
1785366081383 2185020 2059960 125060 0
1785366081424 2185020 2059960 125060 0
1785366081464 2185020 2059960 125060 0
1785366081502 2185020 2059960 125060 0
1785366081543 2185020 2059960 125060 0
1785366081583 2185020 2059960 125060 0
1785366081620 2185020 2059960 125060 0
1785366081658 2185020 2059960 125060 0
1785366081699 2185020 2059960 125060 0
1785366081739 2185020 2059960 125060 0
1785366081780 2185020 2059960 125060 0
1785366081822 2185020 2059960 125060 0
1785366081863 2185020 2059960 125060 0
1785366081902 2185020 2059960 125060 0
1785366081943 2185020 2059960 125060 0
1785366081982 2185020 2059960 125060 0
1785366082020 2185020 2059960 125060 0
1785366082061 2185020 2059960 125060 0
1785366082101 2185020 2059960 125060 0
1785366082138 2184872 2059816 125056 0
1785366082176 2111428 1986368 125060 0
1785366082215 2111428 1986368 125060 0
1785366082255 2111428 1986368 125060 0
1785366082293 2111428 1986368 125060 0
1785366082333 2111276 1986220 125056 0
1785366082372 2129420 2004360 125060 0
1785366082409 2148164 2023104 125060 0
1785366082451 2148164 2023104 125060 0
1785366082490 2148164 2023104 125060 0
1785366082530 2148164 2023104 125060 0
1785366082568 2148164 2023104 125060 0
1785366082605 2148164 2023104 125060 0
1785366082642 2148164 2023104 125060 0
1785366082683 2148164 2023104 125060 0
1785366082723 2148164 2023104 125060 0
1785366082764 2148164 2023104 125060 0
1785366082803 2148164 2023104 125060 0
1785366082840 2148164 2023104 125060 0
1785366082877 2148164 2023104 125060 0
1785366082917 2148012 2022956 125056 0
1785366082956 2168940 2053104 115836 0
1785366082995 2185028 2059968 125060 0
1785366083035 2185028 2059968 125060 0
1785366083075 2184876 2059820 125056 0
1785366083115 2197324 2072264 125060 0
1785366083152 2197324 2072264 125060 0
1785366083192 2197324 2072264 125060 0
1785366083233 2203468 2078408 125060 0
1785366083274 2203468 2078408 125060 0
1785366083313 2203468 2078408 125060 0
1785366083354 2215756 2090696 125060 0
1785366083395 2215756 2090696 125060 0
1785366083435 2215756 2090696 125060 0
1785366083474 2215756 2090696 125060 0
1785366083516 2215756 2090696 125060 0
1785366083557 2215756 2090696 125060 0
1785366083598 2215756 2090696 125060 0
1785366083638 2215756 2090696 125060 0
1785366083680 2215756 2090696 125060 0
1785366083720 2215756 2090696 125060 0
1785366083759 2215756 2090696 125060 0
1785366083799 2215756 2090696 125060 0
1785366083840 2215756 2090696 125060 0
1785366083880 2215756 2090696 125060 0
1785366083920 2215756 2090696 125060 0
1785366083961 2215756 2090696 125060 0
1785366084001 2215756 2090696 125060 0
1785366084041 2228044 2102984 125060 0
1785366084082 2228044 2102984 125060 0
1785366084121 2228044 2102984 125060 0
1785366084158 2228044 2102984 125060 0
1785366084197 2228044 2102984 125060 0
1785366084237 2228044 2102984 125060 0
1785366084275 2228044 2102984 125060 0
1785366084318 2228044 2102984 125060 0
1785366084357 2228044 2102984 125060 0
1785366084397 2228044 2102984 125060 0
1785366084438 2228044 2102984 125060 0
1785366084480 2145808 2020748 125060 0
1785366084520 2160304 2035248 125056 0
1785366084557 2176528 2051468 125060 0
1785366084593 2200244 2078828 121416 0
1785366084632 2231824 2106764 125060 0
1785366084669 2248208 2123148 125060 0
1785366084707 2283184 2158128 125056 0
1785366084751 2308040 2182980 125060 0
1785366084792 2307888 2182832 125056 0
1785366084832 2209736 2084676 125060 0
1785366084872 2209736 2084676 125060 0
1785366084910 2209736 2084676 125060 0
1785366084948 2209736 2084676 125060 0
1785366084984 2209736 2084676 125060 0
1785366085019 2209736 2084676 125060 0
1785366085057 2209736 2084676 125060 0
1785366085094 2209736 2084676 125060 0
1785366085135 2209736 2084676 125060 0
1785366085176 2209736 2084676 125060 0
1785366085216 2209736 2084676 125060 0
1785366085257 2209740 2084680 125060 0
1785366085296 2209740 2084680 125060 0
1785366085333 2209740 2084680 125060 0
1785366085374 2209740 2084680 125060 0
1785366085415 2209740 2084680 125060 0
1785366085455 2209740 2084680 125060 0
1785366085492 2209740 2084680 125060 0
1785366085530 2209744 2084684 125060 0
1785366085570 2209744 2084684 125060 0
1785366085612 2209744 2084684 125060 0
1785366085653 2209752 2084692 125060 0
1785366085694 2209756 2084696 125060 0
1785366085733 2209756 2084696 125060 0
1785366085775 2209756 2084696 125060 0
1785366085815 2209756 2084696 125060 0
1785366085852 2209756 2084696 125060 0
1785366085893 2209756 2084696 125060 0
1785366085934 2209756 2084696 125060 0
1785366085974 2209756 2084696 125060 0
1785366086015 2209760 2084700 125060 0
1785366086054 2209760 2084700 125060 0
1785366086091 2209760 2084700 125060 0
1785366086131 2209760 2084700 125060 0
1785366086171 2209760 2084700 125060 0
1785366086211 2209760 2084700 125060 0
1785366086251 2221924 2096864 125060 0
1785366086293 2221924 2096864 125060 0
1785366086333 2221924 2096864 125060 0
1785366086372 2221924 2096864 125060 0
1785366086415 2221924 2096864 125060 0
1785366086454 2221924 2096864 125060 0
1785366086495 2221924 2096864 125060 0
1785366086536 2221924 2096864 125060 0
1785366086574 2221924 2096864 125060 0
1785366086616 2221924 2096864 125060 0
1785366086656 2221924 2096864 125060 0
1785366086697 2221924 2096864 125060 0
1785366086737 2221924 2096864 125060 0
1785366086778 2221924 2096864 125060 0
1785366086820 2221928 2096868 125060 0
1785366086860 2221928 2096868 125060 0
1785366086900 2221928 2096868 125060 0
1785366086938 2221928 2096868 125060 0
1785366086976 2221928 2096868 125060 0
1785366087017 2221928 2096868 125060 0
1785366087058 2221928 2096868 125060 0
1785366087099 2221928 2096868 125060 0
1785366087138 2221928 2096868 125060 0
1785366087176 2221928 2096868 125060 0
1785366087218 2221928 2096868 125060 0
1785366087259 2221928 2096868 125060 0
1785366087299 2221928 2096868 125060 0
1785366087340 2221928 2096868 125060 0
1785366087381 2221928 2096868 125060 0
1785366087421 2221928 2096868 125060 0
1785366087462 2221928 2096868 125060 0
1785366087502 2221928 2096868 125060 0
1785366087543 2221928 2096868 125060 0
1785366087584 2221928 2096868 125060 0
1785366087625 2221928 2096868 125060 0
1785366087664 2221928 2096868 125060 0
1785366087702 2221928 2096868 125060 0
1785366087740 2221928 2096868 125060 0
1785366087781 2221928 2096868 125060 0
1785366087820 2221928 2096868 125060 0
1785366087858 2221928 2096868 125060 0
1785366087899 2221932 2096872 125060 0
1785366087940 2221932 2096872 125060 0
1785366087979 2221932 2096872 125060 0
1785366088015 2221932 2096872 125060 0
1785366088052 2221932 2096872 125060 0
1785366088092 2221932 2096872 125060 0
1785366088130 2221932 2096872 125060 0
1785366088167 2221932 2096872 125060 0
1785366088205 2221932 2096872 125060 0
1785366088246 2221932 2096872 125060 0
1785366088285 2221932 2096872 125060 0
1785366088326 2221932 2096872 125060 0
1785366088368 2221932 2096872 125060 0
1785366088408 2221932 2096872 125060 0
1785366088449 2221932 2096872 125060 0
1785366088488 2221932 2096872 125060 0
1785366088524 2221936 2096876 125060 0
1785366088563 2221940 2096880 125060 0
1785366088604 2221940 2096880 125060 0
1785366088644 2221940 2096880 125060 0
1785366088684 2221940 2096880 125060 0
1785366088722 2221940 2096880 125060 0
1785366088762 2221940 2096880 125060 0
1785366088803 2228084 2103024 125060 0
1785366088844 2228084 2103024 125060 0
1785366088883 2228084 2103024 125060 0
1785366088924 2228084 2103024 125060 0
1785366088964 2228084 2103024 125060 0
1785366089004 2228084 2103024 125060 0
1785366089045 2228084 2103024 125060 0
1785366089084 2228084 2103024 125060 0
1785366089123 2228084 2103024 125060 0
1785366089163 2246516 2121456 125060 0
1785366089203 2246516 2121456 125060 0
1785366089244 2246516 2121456 125060 0
1785366089284 2246516 2121456 125060 0
1785366089322 2246516 2121456 125060 0
1785366089363 2246516 2121456 125060 0
1785366089404 2246516 2121456 125060 0
1785366089443 2246516 2121456 125060 0
1785366089484 2246516 2121456 125060 0
1785366089525 2246516 2121456 125060 0
1785366089565 2246516 2121456 125060 0
1785366089604 2246516 2121456 125060 0
1785366089646 2246516 2121456 125060 0
1785366089687 2246516 2121456 125060 0
1785366089727 2252660 2127600 125060 0
1785366089769 2252660 2127600 125060 0
1785366089809 2252660 2127600 125060 0
1785366089849 2252664 2127604 125060 0
1785366089890 2252664 2127604 125060 0
1785366089929 2252664 2127604 125060 0
1785366089969 2252664 2127604 125060 0
1785366090010 2252664 2127604 125060 0
1785366090050 2252664 2127604 125060 0
1785366090090 2252664 2127604 125060 0
1785366090131 2252664 2127604 125060 0
1785366090170 2252664 2127604 125060 0
1785366090208 2252664 2127604 125060 0
1785366090243 2252664 2127604 125060 0
1785366090280 2252664 2127604 125060 0
1785366090321 2262588 2137528 125060 0
1785366090358 2277088 2152032 125056 0
1785366090398 2366056 2249120 116936 0
1785366090441 2301944 2176884 125060 0
1785366090482 2301944 2176884 125060 0
1785366090521 2301944 2176884 125060 0
1785366090560 2301944 2176884 125060 0
1785366090600 2301944 2176884 125060 0
1785366090639 2301944 2176884 125060 0
1785366090675 2301944 2176884 125060 0
1785366090717 2301944 2176884 125060 0
1785366090758 2301944 2176884 125060 0
1785366090797 2301944 2176884 125060 0
1785366090835 2301944 2176884 125060 0
1785366090877 2166772 2041712 125060 0
1785366090918 2166772 2041712 125060 0
1785366090956 2166772 2041712 125060 0
1785366090993 2166772 2041712 125060 0
1785366091030 2166772 2041712 125060 0
1785366091066 2166772 2041712 125060 0
1785366091103 2166772 2041712 125060 0
1785366091144 2166772 2041712 125060 0
1785366091184 2166772 2041712 125060 0
1785366091224 2166776 2041716 125060 0
1785366091265 2166776 2041716 125060 0
1785366091306 2166784 2041724 125060 0
1785366091346 2166788 2041728 125060 0
1785366091387 2166788 2041728 125060 0
1785366091427 2166788 2041728 125060 0
1785366091465 2179264 2057780 121484 0
1785366091505 2215664 2090608 125056 0
1785366091544 2221808 2096752 125056 0
1785366091582 2264968 2139908 125060 0
1785366091624 2264968 2139908 125060 0
1785366091664 2264968 2139908 125060 0
1785366091701 2277256 2152196 125060 0
1785366091740 2277256 2152196 125060 0
1785366091777 2277256 2152196 125060 0
1785366091818 2269312 2157748 111564 0
1785366091859 2295688 2170628 125060 0
1785366091899 2295688 2170628 125060 0
1785366091939 2295536 2170480 125056 0
1785366091982 2301832 2176772 125060 0
1785366092021 2301832 2176772 125060 0
1785366092061 2301832 2176772 125060 0
1785366092102 2301836 2176776 125060 0
1785366092141 2301836 2176776 125060 0
1785366092178 2301836 2176776 125060 0
1785366092216 2301836 2176776 125060 0
1785366092255 2301836 2176776 125060 0
1785366092297 2301836 2176776 125060 0
1785366092339 2301836 2176776 125060 0
1785366092379 2301836 2176776 125060 0
1785366092419 2301836 2176776 125060 0
1785366092460 2301836 2176776 125060 0
1785366092500 2301836 2176776 125060 0
1785366092540 2301836 2176776 125060 0
1785366092581 2301836 2176776 125060 0
1785366092622 2301836 2176776 125060 0
1785366092663 2301836 2176776 125060 0
1785366092702 2301836 2176776 125060 0
1785366092743 2301836 2176776 125060 0
1785366092783 2301836 2176776 125060 0
1785366092821 2301836 2176776 125060 0
1785366092859 2301836 2176776 125060 0
1785366092900 2301836 2176776 125060 0
1785366092940 2301836 2176776 125060 0
1785366092981 2301836 2176776 125060 0
1785366093021 2301836 2176776 125060 0
1785366093059 2301836 2176776 125060 0
1785366093101 2301836 2176776 125060 0
1785366093141 2301836 2176776 125060 0
1785366093179 2301836 2176776 125060 0
1785366093220 2301836 2176776 125060 0
1785366093261 2301836 2176776 125060 0
1785366093300 2301836 2176776 125060 0
1785366093338 2301836 2176776 125060 0
1785366093376 2301836 2176776 125060 0
1785366093413 2301836 2176776 125060 0
1785366093451 2301836 2176776 125060 0
1785366093492 2301836 2176776 125060 0
1785366093533 2301836 2176776 125060 0
1785366093571 2301844 2176784 125060 0
1785366093612 2301844 2176784 125060 0
1785366093652 2301844 2176784 125060 0
1785366093688 2301844 2176784 125060 0
1785366093729 2301844 2176784 125060 0
1785366093770 2301844 2176784 125060 0
1785366093808 2301844 2176784 125060 0
1785366093851 2301844 2176784 125060 0
1785366093891 2301844 2176784 125060 0
1785366093932 2301844 2176784 125060 0
1785366093973 2301844 2176784 125060 0
1785366094013 2301844 2176784 125060 0
1785366094054 2222100 2097040 125060 0
1785366094095 2222100 2097040 125060 0
1785366094136 2222104 2097044 125060 0
1785366094176 2222104 2097044 125060 0
1785366094215 2221952 2096896 125056 0
1785366094257 2228120 2103060 125060 0
1785366094296 2228120 2103060 125060 0
1785366094333 2234112 2109056 125056 0
1785366094375 2258840 2133780 125060 0
1785366094415 2258840 2133780 125060 0
1785366094454 2258840 2133780 125060 0
1785366094495 2264984 2139924 125060 0
1785366094536 2264984 2139924 125060 0
1785366094576 2264984 2139924 125060 0
1785366094613 2264984 2139924 125060 0
1785366094656 2264984 2139924 125060 0
1785366094696 2264984 2139924 125060 0
1785366094735 2295704 2170644 125060 0
1785366094779 2295704 2170644 125060 0
1785366094819 2295704 2170644 125060 0
1785366094859 2295704 2170644 125060 0
1785366094901 2295704 2170644 125060 0
1785366094938 2295704 2170644 125060 0
1785366094976 2295704 2170644 125060 0
1785366095018 2295704 2170644 125060 0
1785366095058 2295704 2170644 125060 0
1785366095098 2295704 2170644 125060 0
1785366095135 2232636 2108860 123776 0
1785366095175 2240408 2115348 125060 0
1785366095214 2264988 2139928 125060 0
1785366095252 2264988 2139928 125060 0
1785366095290 2264988 2139928 125060 0
1785366095327 2289564 2164504 125060 0
1785366095366 2289564 2164504 125060 0
1785366095407 2289564 2164504 125060 0
1785366095447 2289564 2164504 125060 0
1785366095487 2289564 2164504 125060 0
1785366095529 2289564 2164504 125060 0
1785366095568 2289564 2164504 125060 0
1785366095611 2289564 2164504 125060 0
1785366095650 2289564 2164504 125060 0
1785366095687 2289356 2164300 125056 0
1785366095731 2295708 2170648 125060 0
1785366095771 2295708 2170648 125060 0
1785366095811 2295708 2170648 125060 0
1785366095852 2295708 2170648 125060 0
1785366095890 2295708 2170648 125060 0
1785366095933 2295708 2170648 125060 0
1785366095972 2295708 2170648 125060 0
1785366096008 2314140 2189080 125060 0
1785366096049 2313988 2188932 125056 0
1785366096087 2330208 2205148 125060 0
1785366096124 2363140 2238084 125056 0
1785366096169 2219036 2093976 125060 0
1785366096209 2219036 2093976 125060 0
1785366096250 2219036 2093976 125060 0
1785366096289 2219036 2093976 125060 0
1785366096328 2218884 2093828 125056 0
1785366096368 2221664 2096604 125060 0
1785366096406 2238048 2112988 125060 0
1785366096442 2258840 2133780 125060 0
1785366096484 2258840 2133780 125060 0
1785366096524 2258840 2133780 125060 0
1785366096564 2258840 2133780 125060 0
1785366096602 2258840 2133780 125060 0
1785366096643 2166808 2041748 125060 0
1785366096683 2166808 2041748 125060 0
1785366096720 2166808 2041748 125060 0
1785366096760 2166808 2041748 125060 0
1785366096800 2166808 2041748 125060 0
1785366096840 2166808 2041748 125060 0
1785366096880 2166808 2041748 125060 0
1785366096918 2166808 2041748 125060 0
1785366096958 2166812 2041752 125060 0
1785366096997 2166812 2041752 125060 0
1785366097035 2166812 2041752 125060 0
1785366097073 2166816 2041756 125060 0
1785366097114 2166824 2041764 125060 0
1785366097155 2178144 2053540 124604 0
1785366097195 2194348 2069288 125060 0
1785366097237 2209560 2084504 125056 0
1785366097276 2227992 2102936 125056 0
1785366097313 2228412 2114736 113676 0
1785366097354 2283440 2158380 125060 0
1785366097396 2283440 2158380 125060 0
1785366097437 2283440 2158380 125060 0
1785366097477 2295728 2170668 125060 0
1785366097518 2295728 2170668 125060 0
1785366097558 2295728 2170668 125060 0
1785366097598 2295728 2170668 125060 0
1785366097640 2295728 2170668 125060 0
1785366097680 2295728 2170668 125060 0
1785366097720 2301872 2176812 125060 0
1785366097762 2301872 2176812 125060 0
1785366097799 2301872 2176812 125060 0
1785366097840 2298892 2181648 117244 0
1785366097881 2314160 2189100 125060 0
1785366097918 2314160 2189100 125060 0
1785366097959 2314160 2189100 125060 0
1785366097999 2314160 2189100 125060 0
1785366098041 2314160 2189100 125060 0
1785366098081 2314160 2189100 125060 0
1785366098119 2314160 2189100 125060 0
1785366098157 2314160 2189100 125060 0
1785366098196 2314160 2189100 125060 0
1785366098238 2314160 2189100 125060 0
1785366098278 2314160 2189100 125060 0
1785366098320 2314160 2189100 125060 0
1785366098360 2314160 2189100 125060 0
1785366098401 2314160 2189100 125060 0
1785366098442 2314160 2189100 125060 0
1785366098483 2314160 2189100 125060 0
1785366098524 2314160 2189100 125060 0
1785366098565 2314160 2189100 125060 0
1785366098607 2314160 2189100 125060 0
1785366098647 2314160 2189100 125060 0
1785366098685 2314160 2189100 125060 0
1785366098723 2314160 2189100 125060 0
1785366098764 2314160 2189100 125060 0
1785366098804 2314160 2189100 125060 0
1785366098842 2314160 2189100 125060 0
1785366098884 2314160 2189100 125060 0
1785366098924 2314160 2189100 125060 0
1785366098966 2314160 2189100 125060 0
1785366099007 2314160 2189100 125060 0
1785366099048 2314160 2189100 125060 0
1785366099089 2314160 2189100 125060 0
1785366099126 2314160 2189100 125060 0
1785366099164 2314160 2189100 125060 0
1785366099202 2314160 2189100 125060 0
1785366099241 2314160 2189100 125060 0
1785366099279 2314160 2189100 125060 0
1785366099317 2314160 2189100 125060 0
1785366099360 2314168 2189108 125060 0
1785366099401 2314168 2189108 125060 0
1785366099441 2314168 2189108 125060 0
1785366099481 2314168 2189108 125060 0
1785366099521 2314168 2189108 125060 0
1785366099562 2314168 2189108 125060 0
1785366099600 2314168 2189108 125060 0
1785366099642 2314168 2189108 125060 0
1785366099683 2314168 2189108 125060 0
1785366099724 2314168 2189108 125060 0
1785366099765 2314168 2189108 125060 0
1785366099806 2314168 2189108 125060 0
1785366099846 2314168 2189108 125060 0
1785366099887 2314168 2189108 125060 0
1785366099928 2314168 2189108 125060 0
1785366099968 2314168 2189108 125060 0
1785366100008 2314168 2189108 125060 0
1785366100049 2314168 2189108 125060 0
1785366100089 2314168 2189108 125060 0
1785366100129 2314168 2189108 125060 0
1785366100169 2314172 2189112 125060 0
1785366100210 2314172 2189112 125060 0
1785366100249 2314172 2189112 125060 0
1785366100290 2326460 2201400 125060 0
1785366100331 2326460 2201400 125060 0
1785366100370 2326460 2201400 125060 0
1785366100407 2326460 2201400 125060 0
1785366100446 2326460 2201400 125060 0
1785366100486 2326460 2201400 125060 0
1785366100527 2332604 2207544 125060 0
1785366100570 2332604 2207544 125060 0
1785366100610 2332604 2207544 125060 0
1785366100650 2332604 2207544 125060 0
1785366100693 2332604 2207544 125060 0
1785366100734 2332604 2207544 125060 0
1785366100772 2332604 2207544 125060 0
1785366100814 2332604 2207544 125060 0
1785366100854 2332608 2207548 125060 0
1785366100896 2332608 2207548 125060 0
1785366100937 2332612 2207552 125060 0
1785366100977 2332612 2207552 125060 0
1785366101021 2332612 2207552 125060 0
1785366101060 2332612 2207552 125060 0
1785366101101 2332612 2207552 125060 0
1785366101143 2332612 2207552 125060 0
1785366101183 2332612 2207552 125060 0
1785366101223 2332612 2207552 125060 0
1785366101267 2332612 2207552 125060 0
1785366101306 2332612 2207552 125060 0
1785366101347 2334132 2218460 115672 0
1785366101388 2351044 2225984 125060 0
1785366101425 2351044 2225984 125060 0
1785366101466 2351044 2225984 125060 0
1785366101507 2351044 2225984 125060 0
1785366101548 2351044 2225984 125060 0
1785366101587 2351044 2225984 125060 0
1785366101628 2351044 2225984 125060 0
1785366101669 2351044 2225984 125060 0
1785366101712 2351044 2225984 125060 0
1785366101751 2351044 2225984 125060 0
1785366101790 2351044 2225984 125060 0
1785366101830 2351044 2225984 125060 0
1785366101869 2351044 2225984 125060 0
1785366101905 2320360 2281556 38804 0
1785366101951 2412484 2287424 125060 0
1785366101993 2412484 2287424 125060 0
1785366102035 2412484 2287424 125060 0
1785366102076 2412484 2287424 125060 0
1785366102118 2412484 2287424 125060 0
1785366102157 2412484 2287424 125060 0
1785366102196 2412484 2287424 125060 0
1785366102237 2412484 2287424 125060 0
1785366102279 2412484 2287424 125060 0
1785366102319 2412484 2287424 125060 0
1785366102358 2412484 2287424 125060 0
1785366102400 2412484 2287424 125060 0
1785366102440 2185280 2060220 125060 0
1785366102480 2185280 2060220 125060 0
1785366102519 2185280 2060220 125060 0
1785366102561 2185280 2060220 125060 0
1785366102600 2185280 2060220 125060 0
1785366102641 2185280 2060220 125060 0
1785366102683 2185280 2060220 125060 0
1785366102722 2185284 2060224 125060 0
1785366102760 2185288 2060228 125060 0
1785366102801 2185288 2060228 125060 0
1785366102841 2185288 2060228 125060 0
1785366102883 2203600 2078540 125060 0
1785366102922 2212880 2095668 117212 0
1785366102964 2231100 2106044 125056 0
1785366103005 2255680 2130624 125056 0
1785366103046 2268120 2143060 125060 0
1785366103087 2274112 2149056 125056 0
1785366103126 2304984 2179924 125060 0
1785366103164 2304984 2179924 125060 0
1785366103205 2304984 2179924 125060 0
1785366103247 2341852 2216792 125060 0
1785366103289 2341852 2216792 125060 0
1785366103326 2341852 2216792 125060 0
1785366103363 2344100 2227904 116196 0
1785366103407 2354140 2229080 125060 0
1785366103448 2354140 2229080 125060 0
1785366103489 2354140 2229080 125060 0
1785366103533 2354140 2229080 125060 0
1785366103573 2354140 2229080 125060 0
1785366103614 2354520 2238916 115604 0
1785366103659 2372572 2247512 125060 0
1785366103699 2372572 2247512 125060 0
1785366103740 2372572 2247512 125060 0
1785366103783 2372572 2247512 125060 0
1785366103825 2372572 2247512 125060 0
1785366103867 2372572 2247512 125060 0
1785366103910 2372572 2247512 125060 0
1785366103951 2372572 2247512 125060 0
1785366103993 2372572 2247512 125060 0
1785366104035 2372572 2247512 125060 0
1785366104078 2372572 2247512 125060 0
1785366104120 2372572 2247512 125060 0
1785366104163 2372572 2247512 125060 0
1785366104204 2372572 2247512 125060 0
1785366104247 2372572 2247512 125060 0
1785366104290 2372572 2247512 125060 0
1785366104332 2372572 2247512 125060 0
1785366104375 2372572 2247512 125060 0
1785366104416 2372572 2247512 125060 0
1785366104453 2372572 2247512 125060 0
1785366104495 2372572 2247512 125060 0
1785366104536 2372572 2247512 125060 0
1785366104575 2372572 2247512 125060 0
1785366104615 2372572 2247512 125060 0
1785366104657 2372572 2247512 125060 0
1785366104697 2372572 2247512 125060 0
1785366104735 2372572 2247512 125060 0
1785366104777 2372572 2247512 125060 0
1785366104817 2372572 2247512 125060 0
1785366104859 2372572 2247512 125060 0
1785366104900 2372572 2247512 125060 0
1785366104941 2372572 2247512 125060 0
1785366104982 2372572 2247512 125060 0
1785366105023 2372572 2247512 125060 0
1785366105064 2372572 2247512 125060 0
1785366105102 2372572 2247512 125060 0
1785366105145 2372576 2247516 125060 0
1785366105185 2372576 2247516 125060 0
1785366105226 2372576 2247516 125060 0
1785366105266 2372576 2247516 125060 0
1785366105306 2372576 2247516 125060 0
1785366105343 2372576 2247516 125060 0
1785366105383 2372576 2247516 125060 0
1785366105427 2372576 2247516 125060 0
1785366105467 2372576 2247516 125060 0
1785366105505 2372576 2247516 125060 0
1785366105544 2372576 2247516 125060 0
1785366105582 2372576 2247516 125060 0
1785366105624 2372576 2247516 125060 0
1785366105665 2372576 2247516 125060 0
1785366105708 2372576 2247516 125060 0
1785366105750 2372576 2247516 125060 0
1785366105792 2372576 2247516 125060 0
1785366105835 2372576 2247516 125060 0
1785366105876 2372576 2247516 125060 0
1785366105918 2372576 2247516 125060 0
1785366105957 2372576 2247516 125060 0
1785366105994 2372576 2247516 125060 0
1785366106032 2372576 2247516 125060 0
1785366106076 2372576 2247516 125060 0
1785366106117 2372576 2247516 125060 0
1785366106158 2372580 2247520 125060 0
1785366106200 2372580 2247520 125060 0
1785366106242 2372580 2247520 125060 0
1785366106283 2372580 2247520 125060 0
1785366106325 2372580 2247520 125060 0
1785366106366 2372580 2247520 125060 0
1785366106406 2372580 2247520 125060 0
1785366106449 2372580 2247520 125060 0
1785366106490 2372580 2247520 125060 0
1785366106528 2372580 2247520 125060 0
1785366106567 2372580 2247520 125060 0
1785366106609 2372580 2247520 125060 0
1785366106650 2372580 2247520 125060 0
1785366106687 2372580 2247520 125060 0
1785366106725 2372580 2247520 125060 0
1785366106764 2372580 2247520 125060 0
1785366106805 2372580 2247520 125060 0
1785366106845 2380384 2255984 124400 0
1785366106888 2382564 2257504 125060 0
1785366106929 2382564 2257504 125060 0
1785366106970 2382564 2257504 125060 0
1785366107013 2382564 2257504 125060 0
1785366107053 2382564 2257504 125060 0
1785366107091 2382564 2257504 125060 0
1785366107134 2382564 2257504 125060 0
1785366107174 2382564 2257504 125060 0
1785366107216 2382564 2257504 125060 0
1785366107258 2382564 2257504 125060 0
1785366107299 2382564 2257504 125060 0
1785366107339 2382564 2257504 125060 0
1785366107383 2382564 2257504 125060 0
1785366107425 2382564 2257504 125060 0
1785366107467 2382564 2257504 125060 0
1785366107506 2382412 2257356 125056 0
1785366107546 2388708 2263648 125060 0
1785366107586 2399912 2274852 125060 0
1785366107625 2413132 2288076 125056 0
1785366107666 2551992 2432324 119668 0
1785366107709 2487140 2362080 125060 0
1785366107752 2388836 2263776 125060 0
1785366107795 2388836 2263776 125060 0
1785366107835 2388836 2263776 125060 0
1785366107875 2388836 2263776 125060 0
1785366107913 2388836 2263776 125060 0
1785366107949 2388836 2263776 125060 0
1785366107991 2388836 2263776 125060 0
1785366108031 2388836 2263776 125060 0
1785366108072 2388836 2263776 125060 0
1785366108113 2388836 2263776 125060 0
1785366108153 2388840 2263780 125060 0
1785366108194 2388848 2263788 125060 0
1785366108235 2388848 2263788 125060 0
1785366108276 2388848 2263788 125060 0
1785366108318 2388848 2263788 125060 0
1785366108360 2388848 2263788 125060 0
1785366108401 2388848 2263788 125060 0
1785366108442 2388848 2263788 125060 0
1785366108479 2388848 2263788 125060 0
1785366108517 2388848 2263788 125060 0
1785366108559 2388856 2263796 125060 0
1785366108599 2388856 2263796 125060 0
1785366108642 2388856 2263796 125060 0
1785366108682 2388860 2263800 125060 0
1785366108725 2388860 2263800 125060 0
1785366108765 2388860 2263800 125060 0
1785366108806 2388864 2263804 125060 0
1785366108851 2388864 2263804 125060 0
1785366108891 2388864 2263804 125060 0
1785366108932 2388712 2263656 125056 0
1785366108976 2394880 2269820 125060 0
1785366109017 2394880 2269820 125060 0
1785366109057 2394728 2269672 125056 0
1785366109102 2401024 2275964 125060 0
1785366109142 2401024 2275964 125060 0
1785366109183 2401024 2275964 125060 0
1785366109225 2401028 2275968 125060 0
1785366109268 2401028 2275968 125060 0
1785366109308 2401028 2275968 125060 0
1785366109348 2401028 2275968 125060 0
1785366109386 2401028 2275968 125060 0
1785366109429 2401028 2275968 125060 0
1785366109470 2401028 2275968 125060 0
1785366109510 2401028 2275968 125060 0
1785366109552 2401028 2275968 125060 0
1785366109597 2401028 2275968 125060 0
1785366109638 2401028 2275968 125060 0
1785366109677 2401028 2275968 125060 0
1785366109720 2401028 2275968 125060 0
1785366109761 2401028 2275968 125060 0
1785366109802 2401028 2275968 125060 0
1785366109844 2401028 2275968 125060 0
1785366109886 2401028 2275968 125060 0
1785366109927 2401028 2275968 125060 0
1785366109969 2401028 2275968 125060 0
1785366110010 2401028 2275968 125060 0
1785366110052 2401028 2275968 125060 0
1785366110093 2401028 2275968 125060 0
1785366110131 2401028 2275968 125060 0
1785366110169 2401028 2275968 125060 0
1785366110207 2401028 2275968 125060 0
1785366110250 2401028 2275968 125060 0
1785366110292 2401028 2275968 125060 0
1785366110333 2401028 2275968 125060 0
1785366110374 2401028 2275968 125060 0
1785366110416 2401028 2275968 125060 0
1785366110457 2401028 2275968 125060 0
1785366110499 2401028 2275968 125060 0
1785366110539 2401028 2275968 125060 0
1785366110581 2401028 2275968 125060 0
1785366110622 2401028 2275968 125060 0
1785366110664 2401028 2275968 125060 0
1785366110705 2401028 2275968 125060 0
1785366110747 2401028 2275968 125060 0
1785366110788 2401028 2275968 125060 0
1785366110830 2401032 2275972 125060 0
1785366110872 2401036 2275976 125060 0
1785366110913 2401036 2275976 125060 0
1785366110953 2401036 2275976 125060 0
1785366110993 2401036 2275976 125060 0
1785366111035 2401036 2275976 125060 0
1785366111074 2401036 2275976 125060 0
1785366111113 2401036 2275976 125060 0
1785366111155 2401036 2275976 125060 0
1785366111199 2401036 2275976 125060 0
1785366111239 2401036 2275976 125060 0
1785366111281 2401036 2275976 125060 0
1785366111321 2401036 2275976 125060 0
1785366111360 2401036 2275976 125060 0
1785366111398 2401036 2275976 125060 0
1785366111437 2401036 2275976 125060 0
1785366111474 2401036 2275976 125060 0
1785366111517 2401036 2275976 125060 0
1785366111559 2401036 2275976 125060 0
1785366111600 2401036 2275976 125060 0
1785366111643 2401036 2275976 125060 0
1785366111686 2401036 2275976 125060 0
1785366111727 2400884 2275828 125056 0
1785366111769 2413324 2288264 125060 0
1785366111808 2413324 2288264 125060 0
1785366111848 2413324 2288264 125060 0
1785366111889 2413324 2288264 125060 0
1785366111932 2413324 2288264 125060 0
1785366111972 2413324 2288264 125060 0
1785366112015 2419468 2294408 125060 0
1785366112056 2419468 2294408 125060 0
1785366112097 2419468 2294408 125060 0
1785366112141 2419468 2294408 125060 0
1785366112183 2419468 2294408 125060 0
1785366112223 2419468 2294408 125060 0
1785366112262 2419468 2294408 125060 0
1785366112302 2419468 2294408 125060 0
1785366112341 2419468 2294408 125060 0
1785366112384 2419468 2294408 125060 0
1785366112423 2419468 2294408 125060 0
1785366112465 2419468 2294408 125060 0
1785366112507 2419468 2294408 125060 0
1785366112547 2419468 2294408 125060 0
1785366112589 2419468 2294408 125060 0
1785366112630 2419468 2294408 125060 0
1785366112671 2419468 2294408 125060 0
1785366112711 2419468 2294408 125060 0
1785366112749 2419468 2294408 125060 0
1785366112786 2419468 2294408 125060 0
1785366112827 2419468 2294408 125060 0
1785366112869 2419468 2294408 125060 0
1785366112906 2419468 2294408 125060 0
1785366112947 2419468 2294408 125060 0
1785366112989 2419468 2294408 125060 0
1785366113026 2419468 2294408 125060 0
1785366113068 2419468 2294408 125060 0
1785366113112 2419468 2294408 125060 0
1785366113157 2419468 2294408 125060 0
1785366113196 2419472 2294412 125060 0
1785366113231 2425460 2300404 125056 0
1785366113268 2467536 2342476 125060 0
1785366113308 2483920 2358860 125060 0
1785366113347 2499188 2374132 125056 0
1785366113385 2548492 2423432 125060 0
1785366113427 2548492 2423432 125060 0
1785366113470 2450316 2325256 125060 0
1785366113511 2450316 2325256 125060 0
1785366113551 2450316 2325256 125060 0
1785366113593 2450316 2325256 125060 0
1785366113633 2450316 2325256 125060 0
1785366113673 2388876 2263816 125060 0
1785366113712 2388876 2263816 125060 0
1785366113750 2388876 2263816 125060 0
1785366113787 2388876 2263816 125060 0
1785366113825 2388876 2263816 125060 0
1785366113864 2388876 2263816 125060 0
1785366113906 2388884 2263824 125060 0
1785366113947 2388884 2263824 125060 0
1785366113988 2388884 2263824 125060 0
1785366114029 2388884 2263824 125060 0
1785366114066 2388884 2263824 125060 0
1785366114104 2388884 2263824 125060 0
1785366114147 2388884 2263824 125060 0
1785366114188 2388884 2263824 125060 0
1785366114228 2388884 2263824 125060 0
1785366114266 2388888 2263828 125060 0
1785366114308 2388892 2263832 125060 0
1785366114350 2388896 2263836 125060 0
1785366114390 2388896 2263836 125060 0
1785366114429 2388900 2263840 125060 0
1785366114467 2388900 2263840 125060 0
1785366114508 2388900 2263840 125060 0
1785366114550 2407204 2282144 125060 0
1785366114591 2407204 2282144 125060 0
1785366114632 2407052 2281996 125056 0
1785366114672 2437928 2312868 125060 0
1785366114711 2437928 2312868 125060 0
1785366114748 2437928 2312868 125060 0
1785366114789 2437928 2312868 125060 0
1785366114831 2437928 2312868 125060 0
1785366114869 2437928 2312868 125060 0
1785366114910 2434796 2317824 116972 0
1785366114953 2444072 2319012 125060 0
1785366114994 2444072 2319012 125060 0
1785366115034 2444072 2319012 125060 0
1785366115078 2444072 2319012 125060 0
1785366115120 2444072 2319012 125060 0
1785366115159 2443920 2318864 125056 0
1785366115202 2468648 2343588 125060 0
1785366115244 2468648 2343588 125060 0
1785366115285 2468648 2343588 125060 0
1785366115328 2468648 2343588 125060 0
1785366115370 2468648 2343588 125060 0
1785366115413 2468648 2343588 125060 0
1785366115453 2468648 2343588 125060 0
1785366115492 2468648 2343588 125060 0
1785366115530 2468648 2343588 125060 0
1785366115573 2468648 2343588 125060 0
1785366115615 2468648 2343588 125060 0
1785366115657 2468648 2343588 125060 0
1785366115698 2468648 2343588 125060 0
1785366115741 2468648 2343588 125060 0
1785366115783 2468648 2343588 125060 0
1785366115827 2468648 2343588 125060 0
1785366115870 2468648 2343588 125060 0
1785366115913 2468648 2343588 125060 0
1785366115955 2468648 2343588 125060 0
1785366115993 2468648 2343588 125060 0
1785366116031 2468648 2343588 125060 0
1785366116069 2468648 2343588 125060 0
1785366116107 2468648 2343588 125060 0
1785366116148 2468648 2343588 125060 0
1785366116191 2468648 2343588 125060 0
1785366116235 2468648 2343588 125060 0
1785366116276 2468648 2343588 125060 0
1785366116315 2468648 2343588 125060 0
1785366116358 2468648 2343588 125060 0
1785366116399 2468648 2343588 125060 0
1785366116442 2468648 2343588 125060 0
1785366116482 2468648 2343588 125060 0
1785366116525 2468648 2343588 125060 0
1785366116568 2468652 2343592 125060 0
1785366116609 2468656 2343596 125060 0
1785366116650 2468656 2343596 125060 0
1785366116690 2468656 2343596 125060 0
1785366116732 2468656 2343596 125060 0
1785366116774 2468656 2343596 125060 0
1785366116814 2468656 2343596 125060 0
1785366116858 2468656 2343596 125060 0
1785366116902 2468656 2343596 125060 0
1785366116943 2468656 2343596 125060 0
1785366116986 2468656 2343596 125060 0
1785366117025 2468656 2343596 125060 0
1785366117068 2468656 2343596 125060 0
1785366117110 2468656 2343596 125060 0
1785366117148 2468656 2343596 125060 0
1785366117190 2468656 2343596 125060 0
1785366117230 2468660 2343600 125060 0
1785366117270 2468660 2343600 125060 0
1785366117311 2468660 2343600 125060 0
1785366117353 2468660 2343600 125060 0
1785366117395 2468660 2343600 125060 0
1785366117436 2468660 2343600 125060 0
1785366117476 2468660 2343600 125060 0
1785366117515 2468660 2343600 125060 0
1785366117553 2468660 2343600 125060 0
1785366117591 2468660 2343600 125060 0
1785366117631 2468660 2343600 125060 0
1785366117673 2468660 2343600 125060 0
1785366117713 2468660 2343600 125060 0
1785366117752 2474804 2349744 125060 0
1785366117790 2474804 2349744 125060 0
1785366117828 2474804 2349744 125060 0
1785366117866 2474804 2349744 125060 0
1785366117910 2474804 2349744 125060 0
1785366117951 2474804 2349744 125060 0
1785366117990 2474804 2349744 125060 0
1785366118033 2474804 2349744 125060 0
1785366118075 2474804 2349744 125060 0
1785366118116 2474804 2349744 125060 0
1785366118153 2474804 2349744 125060 0
1785366118196 2474804 2349744 125060 0
1785366118238 2474804 2349744 125060 0
1785366118279 2474804 2349744 125060 0
1785366118319 2474804 2349744 125060 0
1785366118358 2474804 2349744 125060 0
1785366118394 2474804 2349744 125060 0
1785366118432 2474804 2349744 125060 0
1785366118476 2474804 2349744 125060 0
1785366118519 2474804 2349744 125060 0
1785366118559 2480948 2355888 125060 0
1785366118602 2480948 2355888 125060 0
1785366118642 2480948 2355888 125060 0
1785366118683 2480948 2355888 125060 0
1785366118724 2480948 2355888 125060 0
1785366118766 2480948 2355888 125060 0
1785366118808 2480948 2355888 125060 0
1785366118851 2388916 2263856 125060 0
1785366118895 2430712 2305652 125060 0
1785366118935 2449144 2324084 125060 0
1785366118976 2462364 2337308 125056 0
1785366119016 2502392 2377332 125060 0
1785366119053 2518776 2393716 125060 0
1785366119102 2536092 2411036 125056 0
1785366119141 2633160 2508316 124844 0
1785366119188 2560948 2435888 125060 0
1785366119228 2388916 2263856 125060 0
1785366119267 2388916 2263856 125060 0
1785366119307 2388916 2263856 125060 0
1785366119349 2388916 2263856 125060 0
1785366119390 2388916 2263856 125060 0
1785366119429 2407220 2282160 125060 0
1785366119472 2407220 2282160 125060 0
1785366119514 2407220 2282160 125060 0
1785366119554 2407220 2282160 125060 0
1785366119598 2407220 2282160 125060 0
1785366119638 2407220 2282160 125060 0
1785366119681 2407224 2282164 125060 0
1785366119721 2407224 2282164 125060 0
1785366119760 2407228 2282168 125060 0
1785366119801 2407344 2282284 125060 0
1785366119839 2120692 1995572 125120 0
1785366119876 2120692 1995572 125120 0
1785366119916 2120692 1995572 125120 0
1785366119957 2120692 1995572 125120 0
1785366119998 2120692 1995572 125120 0
1785366120038 2120692 1995572 125120 0
1785366120080 2120540 1995424 125116 0
1785366120120 2120704 1995584 125120 0
1785366120161 2120704 1995584 125120 0
1785366120200 2110208 1994228 115980 0
1785366120241 2119172 1993012 126160 0
1785366120282 2119352 1993012 126340 0
