[2026-09-29 19:30:43,810] [MainProcess] Starting grpc server at 127.0.0.1:61924
[2026-09-29 19:31:16,058] [MainProcess] Run : <lambda> at node:4
[2026-09-29 19:31:16,115] [MainProcess] Run : make_shares at node:4
[2026-09-29 19:31:16,128] [MainProcess] RunR: builtin_fetch_meta at node:4
[2026-09-29 19:31:16,131] [MainProcess] Run : make_shares at node:4
[2026-09-29 19:31:16,133] [MainProcess] RunR: builtin_fetch_meta at node:4
[2026-09-29 19:31:16,136] [MainProcess] Run : make_shares at node:4
[2026-09-29 19:31:16,177] [MainProcess] RunR: builtin_fetch_meta at node:4
[2026-09-29 19:31:16,181] [MainProcess] Run : make_shares at node:4
[2026-09-29 19:31:16,183] [MainProcess] RunR: builtin_fetch_meta at node:4
[2026-09-29 19:31:16,186] [MainProcess] Run : make_shares at node:4
[2026-09-29 19:31:19,353] [MainProcess] RunR: builtin_fetch_meta at node:4
[2026-09-29 19:31:19,361] [MainProcess] Run : make_shares at node:4
[2026-09-29 19:31:19,367] [MainProcess] RunR: builtin_fetch_meta at node:4
[2026-09-29 19:31:19,369] [MainProcess] Run : make_shares at node:4
[2026-09-29 19:31:19,372] [MainProcess] RunR: builtin_fetch_meta at node:4
[2026-09-29 19:31:19,374] [MainProcess] Run : make_shares at node:4
[2026-09-29 19:31:19,377] [MainProcess] RunR: builtin_fetch_meta at node:4
[2026-09-29 19:31:19,379] [MainProcess] Run : make_shares at node:4
[2026-09-29 19:31:19,428] [MainProcess] RunR: builtin_fetch_meta at node:4
[2026-09-29 19:31:19,431] [MainProcess] Run : make_shares at node:4
[2026-09-29 19:31:19,434] [MainProcess] RunR: builtin_fetch_meta at node:4
[2026-09-29 19:31:19,437] [MainProcess] Run : make_shares at node:4
[2026-09-29 19:31:19,483] [MainProcess] RunR: builtin_fetch_meta at node:4
[2026-09-29 19:31:19,486] [MainProcess] Run : make_shares at node:4
[2026-09-29 19:31:19,489] [MainProcess] RunR: builtin_fetch_meta at node:4
[2026-09-29 19:31:19,492] [MainProcess] Run : make_shares at node:4
[2026-09-29 19:31:19,535] [MainProcess] RunR: builtin_fetch_meta at node:4
[2026-09-29 19:31:19,538] [MainProcess] Run : make_shares at node:4
[2026-09-29 19:31:19,541] [MainProcess] RunR: builtin_fetch_meta at node:4
[2026-09-29 19:31:19,544] [MainProcess] Run : make_shares at node:4
[2026-09-29 19:31:19,588] [MainProcess] RunR: builtin_fetch_meta at node:4
[2026-09-29 19:31:19,591] [MainProcess] Run : make_shares at node:4
[2026-09-29 19:31:19,594] [MainProcess] RunR: builtin_fetch_meta at node:4
[2026-09-29 19:31:19,597] [MainProcess] Run : make_shares at node:4
[2026-09-29 19:31:19,765] [MainProcess] RunR: builtin_fetch_meta at node:4
[2026-09-29 19:31:19,768] [MainProcess] Run : make_shares at node:4
[2026-09-29 19:31:19,770] [MainProcess] RunR: builtin_fetch_meta at node:4
[2026-09-29 19:31:19,773] [MainProcess] Run : make_shares at node:4
[2026-09-29 19:31:19,775] [MainProcess] RunR: builtin_fetch_meta at node:4
[2026-09-29 19:31:19,778] [MainProcess] Run : make_shares at node:4
[2026-09-29 19:31:19,780] [MainProcess] RunR: builtin_fetch_meta at node:4
[2026-09-29 19:31:19,783] [MainProcess] Run : make_shares at node:4
[2026-09-29 19:31:19,950] [MainProcess] RunR: builtin_fetch_meta at node:4
[2026-09-29 19:31:19,953] [MainProcess] Run : make_shares at node:4
[2026-09-29 19:31:19,956] [MainProcess] RunR: builtin_fetch_meta at node:4
[2026-09-29 19:31:19,959] [MainProcess] Run : make_shares at node:4
[2026-09-29 19:31:19,961] [MainProcess] RunR: builtin_fetch_meta at node:4
[2026-09-29 19:31:19,963] [MainProcess] Run : make_shares at node:4
[2026-09-29 19:31:19,965] [MainProcess] RunR: builtin_fetch_meta at node:4
[2026-09-29 19:31:19,968] [MainProcess] Run : make_shares at node:4
[2026-09-29 19:31:20,006] [MainProcess] RunR: builtin_fetch_meta at node:4
[2026-09-29 19:31:20,009] [MainProcess] Run : make_shares at node:4
[2026-09-29 19:31:20,012] [MainProcess] RunR: builtin_fetch_meta at node:4
[2026-09-29 19:31:20,015] [MainProcess] Run : make_shares at node:4
[2026-09-29 19:31:20,059] [MainProcess] RunR: builtin_fetch_meta at node:4
[2026-09-29 19:31:20,063] [MainProcess] Run : make_shares at node:4
[2026-09-29 19:31:20,066] [MainProcess] RunR: builtin_fetch_meta at node:4
[2026-09-29 19:31:20,070] [MainProcess] Run : make_shares at node:4
[2026-09-29 19:31:20,116] [MainProcess] RunR: builtin_fetch_meta at node:4
[2026-09-29 19:31:20,119] [MainProcess] Run : make_shares at node:4
[2026-09-29 19:31:20,121] [MainProcess] RunR: builtin_fetch_meta at node:4
[2026-09-29 19:31:20,124] [MainProcess] Run : make_shares at node:4
[2026-09-29 19:31:20,170] [MainProcess] RunR: builtin_fetch_meta at node:4
[2026-09-29 19:31:20,173] [MainProcess] Run : make_shares at node:4
[2026-09-29 19:31:20,176] [MainProcess] RunR: builtin_fetch_meta at node:4
[2026-09-29 19:31:20,179] [MainProcess] Run : make_shares at node:4
[2026-09-29 19:31:20,354] [MainProcess] RunR: builtin_fetch_meta at node:4
[2026-09-29 19:31:20,357] [MainProcess] Run : make_shares at node:4
[2026-09-29 19:31:20,359] [MainProcess] RunR: builtin_fetch_meta at node:4
[2026-09-29 19:31:20,362] [MainProcess] Run : make_shares at node:4
[2026-09-29 19:31:20,364] [MainProcess] RunR: builtin_fetch_meta at node:4
[2026-09-29 19:31:20,367] [MainProcess] Run : make_shares at node:4
[2026-09-29 19:31:20,369] [MainProcess] RunR: builtin_fetch_meta at node:4
[2026-09-29 19:31:20,372] [MainProcess] Run : make_shares at node:4
[2026-09-29 19:31:20,544] [MainProcess] RunR: builtin_fetch_meta at node:4
[2026-09-29 19:31:20,547] [MainProcess] Run : make_shares at node:4
[2026-09-29 19:31:20,550] [MainProcess] RunR: builtin_fetch_meta at node:4
[2026-09-29 19:31:20,553] [MainProcess] Run : make_shares at node:4
[2026-09-29 19:31:20,555] [MainProcess] RunR: builtin_fetch_meta at node:4
[2026-09-29 19:31:20,557] [MainProcess] Run : make_shares at node:4
[2026-09-29 19:31:20,559] [MainProcess] RunR: builtin_fetch_meta at node:4
[2026-09-29 19:31:20,562] [MainProcess] Run : make_shares at node:4
[2026-09-29 19:31:20,602] [MainProcess] RunR: builtin_fetch_meta at node:4
[2026-09-29 19:31:20,605] [MainProcess] Run : make_shares at node:4
[2026-09-29 19:31:20,608] [MainProcess] RunR: builtin_fetch_meta at node:4
[2026-09-29 19:31:20,610] [MainProcess] Run : make_shares at node:4
[2026-09-29 19:31:20,655] [MainProcess] RunR: builtin_fetch_meta at node:4
[2026-09-29 19:31:20,658] [MainProcess] Run : make_shares at node:4
[2026-09-29 19:31:20,660] [MainProcess] RunR: builtin_fetch_meta at node:4
[2026-09-29 19:31:20,663] [MainProcess] Run : make_shares at node:4
[2026-09-29 19:31:20,707] [MainProcess] RunR: builtin_fetch_meta at node:4
[2026-09-29 19:31:20,710] [MainProcess] Run : make_shares at node:4
[2026-09-29 19:31:20,712] [MainProcess] RunR: builtin_fetch_meta at node:4
[2026-09-29 19:31:20,715] [MainProcess] Run : make_shares at node:4
[2026-09-29 19:31:20,760] [MainProcess] RunR: builtin_fetch_meta at node:4
[2026-09-29 19:31:20,763] [MainProcess] Run : make_shares at node:4
[2026-09-29 19:31:20,765] [MainProcess] RunR: builtin_fetch_meta at node:4
[2026-09-29 19:31:20,768] [MainProcess] Run : make_shares at node:4
[2026-09-29 19:31:20,937] [MainProcess] RunR: builtin_fetch_meta at node:4
[2026-09-29 19:31:20,943] [MainProcess] Run : make_shares at node:4
[2026-09-29 19:31:20,946] [MainProcess] RunR: builtin_fetch_meta at node:4
[2026-09-29 19:31:20,948] [MainProcess] Run : make_shares at node:4
[2026-09-29 19:31:20,951] [MainProcess] RunR: builtin_fetch_meta at node:4
[2026-09-29 19:31:20,954] [MainProcess] Run : make_shares at node:4
[2026-09-29 19:31:20,956] [MainProcess] RunR: builtin_fetch_meta at node:4
[2026-09-29 19:31:20,959] [MainProcess] Run : make_shares at node:4
[2026-09-29 19:31:21,129] [MainProcess] RunR: builtin_fetch_meta at node:4
[2026-09-29 19:31:21,132] [MainProcess] Run : make_shares at node:4
[2026-09-29 19:31:21,134] [MainProcess] RunR: builtin_fetch_meta at node:4
[2026-09-29 19:31:21,137] [MainProcess] Run : make_shares at node:4
[2026-09-29 19:31:21,139] [MainProcess] RunR: builtin_fetch_meta at node:4
[2026-09-29 19:31:21,141] [MainProcess] Run : make_shares at node:4
[2026-09-29 19:31:21,143] [MainProcess] RunR: builtin_fetch_meta at node:4
[2026-09-29 19:31:21,146] [MainProcess] Run : make_shares at node:4
[2026-09-29 19:31:21,191] [MainProcess] RunR: builtin_fetch_meta at node:4
[2026-09-29 19:31:21,194] [MainProcess] Run : make_shares at node:4
[2026-09-29 19:31:21,197] [MainProcess] RunR: builtin_fetch_meta at node:4
[2026-09-29 19:31:21,200] [MainProcess] Run : make_shares at node:4
[2026-09-29 19:31:21,247] [MainProcess] RunR: builtin_fetch_meta at node:4
[2026-09-29 19:31:21,250] [MainProcess] Run : make_shares at node:4
[2026-09-29 19:31:21,252] [MainProcess] RunR: builtin_fetch_meta at node:4
[2026-09-29 19:31:21,255] [MainProcess] Run : make_shares at node:4
[2026-09-29 19:31:21,301] [MainProcess] RunR: builtin_fetch_meta at node:4
[2026-09-29 19:31:21,304] [MainProcess] Run : make_shares at node:4
[2026-09-29 19:31:21,307] [MainProcess] RunR: builtin_fetch_meta at node:4
[2026-09-29 19:31:21,313] [MainProcess] Run : make_shares at node:4
[2026-09-29 19:31:21,358] [MainProcess] RunR: builtin_fetch_meta at node:4
[2026-09-29 19:31:21,361] [MainProcess] Run : make_shares at node:4
[2026-09-29 19:31:21,363] [MainProcess] RunR: builtin_fetch_meta at node:4
[2026-09-29 19:31:21,366] [MainProcess] Run : make_shares at node:4
[2026-09-29 19:31:21,534] [MainProcess] RunR: builtin_fetch_meta at node:4
[2026-09-29 19:31:21,537] [MainProcess] Run : make_shares at node:4
[2026-09-29 19:31:21,539] [MainProcess] RunR: builtin_fetch_meta at node:4
[2026-09-29 19:31:21,542] [MainProcess] Run : make_shares at node:4
[2026-09-29 19:31:21,546] [MainProcess] RunR: builtin_fetch_meta at node:4
[2026-09-29 19:31:21,549] [MainProcess] Run : make_shares at node:4
[2026-09-29 19:31:21,551] [MainProcess] RunR: builtin_fetch_meta at node:4
[2026-09-29 19:31:21,554] [MainProcess] Run : make_shares at node:4
[2026-09-29 19:31:21,832] [MainProcess] RunR: builtin_fetch_meta at node:4
[2026-09-29 19:31:21,836] [MainProcess] Run : make_shares at node:4
[2026-09-29 19:31:21,838] [MainProcess] RunR: builtin_fetch_meta at node:4
[2026-09-29 19:31:21,841] [MainProcess] Run : make_shares at node:4
[2026-09-29 19:31:21,843] [MainProcess] RunR: builtin_fetch_meta at node:4
[2026-09-29 19:31:21,846] [MainProcess] Run : make_shares at node:4
[2026-09-29 19:31:21,848] [MainProcess] RunR: builtin_fetch_meta at node:4
[2026-09-29 19:31:21,850] [MainProcess] Run : make_shares at node:4
[2026-09-29 19:31:21,893] [MainProcess] RunR: builtin_fetch_meta at node:4
[2026-09-29 19:31:21,896] [MainProcess] Run : make_shares at node:4
[2026-09-29 19:31:21,899] [MainProcess] RunR: builtin_fetch_meta at node:4
[2026-09-29 19:31:21,902] [MainProcess] Run : make_shares at node:4
[2026-09-29 19:31:21,950] [MainProcess] RunR: builtin_fetch_meta at node:4
[2026-09-29 19:31:21,953] [MainProcess] Run : make_shares at node:4
[2026-09-29 19:31:21,955] [MainProcess] RunR: builtin_fetch_meta at node:4
[2026-09-29 19:31:21,958] [MainProcess] Run : make_shares at node:4
[2026-09-29 19:31:22,005] [MainProcess] RunR: builtin_fetch_meta at node:4
[2026-09-29 19:31:22,008] [MainProcess] Run : make_shares at node:4
[2026-09-29 19:31:22,010] [MainProcess] RunR: builtin_fetch_meta at node:4
[2026-09-29 19:31:22,013] [MainProcess] Run : make_shares at node:4
[2026-09-29 19:31:22,057] [MainProcess] RunR: builtin_fetch_meta at node:4
[2026-09-29 19:31:22,060] [MainProcess] Run : make_shares at node:4
[2026-09-29 19:31:22,062] [MainProcess] RunR: builtin_fetch_meta at node:4
[2026-09-29 19:31:22,065] [MainProcess] Run : make_shares at node:4
[2026-09-29 19:31:22,529] [MainProcess] RunR: builtin_fetch_meta at node:4
[2026-09-29 19:31:22,533] [MainProcess] Run : make_shares at node:4
[2026-09-29 19:31:22,536] [MainProcess] RunR: builtin_fetch_meta at node:4
[2026-09-29 19:31:22,538] [MainProcess] Run : make_shares at node:4
[2026-09-29 19:31:22,541] [MainProcess] RunR: builtin_fetch_meta at node:4
[2026-09-29 19:31:22,543] [MainProcess] Run : make_shares at node:4
[2026-09-29 19:31:22,546] [MainProcess] RunR: builtin_fetch_meta at node:4
[2026-09-29 19:31:22,548] [MainProcess] Run : make_shares at node:4
[2026-09-29 19:31:22,917] [MainProcess] RunR: builtin_fetch_meta at node:4
[2026-09-29 19:31:22,920] [MainProcess] Run : make_shares at node:4
[2026-09-29 19:31:22,923] [MainProcess] RunR: builtin_fetch_meta at node:4
[2026-09-29 19:31:22,925] [MainProcess] Run : make_shares at node:4
[2026-09-29 19:31:22,928] [MainProcess] RunR: builtin_fetch_meta at node:4
[2026-09-29 19:31:22,930] [MainProcess] Run : make_shares at node:4
[2026-09-29 19:31:22,932] [MainProcess] RunR: builtin_fetch_meta at node:4
[2026-09-29 19:31:22,935] [MainProcess] Run : make_shares at node:4
[2026-09-29 19:31:22,976] [MainProcess] RunR: builtin_fetch_meta at node:4
[2026-09-29 19:31:22,979] [MainProcess] Run : make_shares at node:4
[2026-09-29 19:31:22,981] [MainProcess] RunR: builtin_fetch_meta at node:4
[2026-09-29 19:31:22,984] [MainProcess] Run : make_shares at node:4
[2026-09-29 19:31:23,030] [MainProcess] RunR: builtin_fetch_meta at node:4
[2026-09-29 19:31:23,034] [MainProcess] Run : make_shares at node:4
[2026-09-29 19:31:23,036] [MainProcess] RunR: builtin_fetch_meta at node:4
[2026-09-29 19:31:23,039] [MainProcess] Run : make_shares at node:4
[2026-09-29 19:31:23,085] [MainProcess] RunR: builtin_fetch_meta at node:4
[2026-09-29 19:31:23,088] [MainProcess] Run : make_shares at node:4
[2026-09-29 19:31:23,091] [MainProcess] RunR: builtin_fetch_meta at node:4
[2026-09-29 19:31:23,094] [MainProcess] Run : make_shares at node:4
[2026-09-29 19:31:23,142] [MainProcess] RunR: builtin_fetch_meta at node:4
[2026-09-29 19:31:23,145] [MainProcess] Run : make_shares at node:4
[2026-09-29 19:31:23,148] [MainProcess] RunR: builtin_fetch_meta at node:4
[2026-09-29 19:31:23,151] [MainProcess] Run : make_shares at node:4
[2026-09-29 19:31:23,619] [MainProcess] RunR: builtin_fetch_meta at node:4
[2026-09-29 19:31:23,622] [MainProcess] Run : make_shares at node:4
[2026-09-29 19:31:23,624] [MainProcess] RunR: builtin_fetch_meta at node:4
[2026-09-29 19:31:23,627] [MainProcess] Run : make_shares at node:4
[2026-09-29 19:31:23,629] [MainProcess] RunR: builtin_fetch_meta at node:4
[2026-09-29 19:31:23,632] [MainProcess] Run : make_shares at node:4
[2026-09-29 19:31:23,634] [MainProcess] RunR: builtin_fetch_meta at node:4
[2026-09-29 19:31:23,636] [MainProcess] Run : make_shares at node:4
[2026-09-29 19:31:24,062] [MainProcess] RunR: builtin_fetch_meta at node:4
[2026-09-29 19:31:24,066] [MainProcess] Run : make_shares at node:4
[2026-09-29 19:31:24,068] [MainProcess] RunR: builtin_fetch_meta at node:4
[2026-09-29 19:31:24,071] [MainProcess] Run : make_shares at node:4
[2026-09-29 19:31:24,073] [MainProcess] RunR: builtin_fetch_meta at node:4
[2026-09-29 19:31:24,076] [MainProcess] Run : make_shares at node:4
[2026-09-29 19:31:24,078] [MainProcess] RunR: builtin_fetch_meta at node:4
[2026-09-29 19:31:24,080] [MainProcess] Run : make_shares at node:4
[2026-09-29 19:31:24,122] [MainProcess] RunR: builtin_fetch_meta at node:4
[2026-09-29 19:31:24,125] [MainProcess] Run : make_shares at node:4
[2026-09-29 19:31:24,128] [MainProcess] RunR: builtin_fetch_meta at node:4
[2026-09-29 19:31:24,130] [MainProcess] Run : make_shares at node:4
[2026-09-29 19:31:24,178] [MainProcess] RunR: builtin_fetch_meta at node:4
[2026-09-29 19:31:24,181] [MainProcess] Run : make_shares at node:4
[2026-09-29 19:31:24,184] [MainProcess] RunR: builtin_fetch_meta at node:4
[2026-09-29 19:31:24,186] [MainProcess] Run : make_shares at node:4
[2026-09-29 19:31:24,232] [MainProcess] RunR: builtin_fetch_meta at node:4
[2026-09-29 19:31:24,235] [MainProcess] Run : make_shares at node:4
[2026-09-29 19:31:24,237] [MainProcess] RunR: builtin_fetch_meta at node:4
[2026-09-29 19:31:24,240] [MainProcess] Run : make_shares at node:4
[2026-09-29 19:31:24,286] [MainProcess] RunR: builtin_fetch_meta at node:4
[2026-09-29 19:31:24,289] [MainProcess] Run : make_shares at node:4
[2026-09-29 19:31:24,292] [MainProcess] RunR: builtin_fetch_meta at node:4
[2026-09-29 19:31:24,295] [MainProcess] Run : make_shares at node:4
[2026-09-29 19:31:24,768] [MainProcess] RunR: builtin_fetch_meta at node:4
[2026-09-29 19:31:24,771] [MainProcess] Run : make_shares at node:4
[2026-09-29 19:31:24,773] [MainProcess] RunR: builtin_fetch_meta at node:4
[2026-09-29 19:31:24,776] [MainProcess] Run : make_shares at node:4
[2026-09-29 19:31:24,778] [MainProcess] RunR: builtin_fetch_meta at node:4
[2026-09-29 19:31:24,781] [MainProcess] Run : make_shares at node:4
[2026-09-29 19:31:24,783] [MainProcess] RunR: builtin_fetch_meta at node:4
[2026-09-29 19:31:24,786] [MainProcess] Run : make_shares at node:4
[2026-09-29 19:31:25,223] [MainProcess] RunR: builtin_fetch_meta at node:4
[2026-09-29 19:31:25,227] [MainProcess] Run : make_shares at node:4
[2026-09-29 19:31:25,230] [MainProcess] RunR: builtin_fetch_meta at node:4
[2026-09-29 19:31:25,233] [MainProcess] Run : make_shares at node:4
[2026-09-29 19:31:25,235] [MainProcess] RunR: builtin_fetch_meta at node:4
[2026-09-29 19:31:25,238] [MainProcess] Run : make_shares at node:4
[2026-09-29 19:31:25,240] [MainProcess] RunR: builtin_fetch_meta at node:4
[2026-09-29 19:31:25,243] [MainProcess] Run : make_shares at node:4
[2026-09-29 19:31:25,289] [MainProcess] RunR: builtin_fetch_meta at node:4
[2026-09-29 19:31:25,293] [MainProcess] Run : make_shares at node:4
[2026-09-29 19:31:25,295] [MainProcess] RunR: builtin_fetch_meta at node:4
[2026-09-29 19:31:25,300] [MainProcess] Run : make_shares at node:4
[2026-09-29 19:31:25,350] [MainProcess] RunR: builtin_fetch_meta at node:4
[2026-09-29 19:31:25,353] [MainProcess] Run : make_shares at node:4
[2026-09-29 19:31:25,356] [MainProcess] RunR: builtin_fetch_meta at node:4
[2026-09-29 19:31:25,358] [MainProcess] Run : make_shares at node:4
[2026-09-29 19:31:25,407] [MainProcess] RunR: builtin_fetch_meta at node:4
[2026-09-29 19:31:25,410] [MainProcess] Run : make_shares at node:4
[2026-09-29 19:31:25,412] [MainProcess] RunR: builtin_fetch_meta at node:4
[2026-09-29 19:31:25,415] [MainProcess] Run : make_shares at node:4
[2026-09-29 19:31:25,462] [MainProcess] RunR: builtin_fetch_meta at node:4
[2026-09-29 19:31:25,466] [MainProcess] Run : make_shares at node:4
[2026-09-29 19:31:25,469] [MainProcess] RunR: builtin_fetch_meta at node:4
[2026-09-29 19:31:25,471] [MainProcess] Run : make_shares at node:4
[2026-09-29 19:31:25,948] [MainProcess] RunR: builtin_fetch_meta at node:4
[2026-09-29 19:31:25,951] [MainProcess] Run : make_shares at node:4
[2026-09-29 19:31:25,954] [MainProcess] RunR: builtin_fetch_meta at node:4
[2026-09-29 19:31:25,957] [MainProcess] Run : make_shares at node:4
[2026-09-29 19:31:25,959] [MainProcess] RunR: builtin_fetch_meta at node:4
[2026-09-29 19:31:25,961] [MainProcess] Run : make_shares at node:4
[2026-09-29 19:31:25,963] [MainProcess] RunR: builtin_fetch_meta at node:4
[2026-09-29 19:31:25,966] [MainProcess] Run : make_shares at node:4
[2026-09-29 19:31:26,403] [MainProcess] RunR: builtin_fetch_meta at node:4
[2026-09-29 19:31:26,406] [MainProcess] Run : make_shares at node:4
[2026-09-29 19:31:26,408] [MainProcess] RunR: builtin_fetch_meta at node:4
[2026-09-29 19:31:26,411] [MainProcess] Run : make_shares at node:4
[2026-09-29 19:31:26,413] [MainProcess] RunR: builtin_fetch_meta at node:4
[2026-09-29 19:31:26,416] [MainProcess] Run : make_shares at node:4
[2026-09-29 19:31:26,418] [MainProcess] RunR: builtin_fetch_meta at node:4
[2026-09-29 19:31:26,421] [MainProcess] Run : make_shares at node:4
[2026-09-29 19:31:26,463] [MainProcess] RunR: builtin_fetch_meta at node:4
[2026-09-29 19:31:26,466] [MainProcess] Run : make_shares at node:4
[2026-09-29 19:31:26,469] [MainProcess] RunR: builtin_fetch_meta at node:4
[2026-09-29 19:31:26,472] [MainProcess] Run : make_shares at node:4
[2026-09-29 19:31:26,520] [MainProcess] RunR: builtin_fetch_meta at node:4
[2026-09-29 19:31:26,523] [MainProcess] Run : make_shares at node:4
[2026-09-29 19:31:26,525] [MainProcess] RunR: builtin_fetch_meta at node:4
[2026-09-29 19:31:26,528] [MainProcess] Run : make_shares at node:4
[2026-09-29 19:31:26,574] [MainProcess] RunR: builtin_fetch_meta at node:4
[2026-09-29 19:31:26,577] [MainProcess] Run : make_shares at node:4
[2026-09-29 19:31:26,579] [MainProcess] RunR: builtin_fetch_meta at node:4
[2026-09-29 19:31:26,582] [MainProcess] Run : make_shares at node:4
[2026-09-29 19:31:26,632] [MainProcess] RunR: builtin_fetch_meta at node:4
[2026-09-29 19:31:26,635] [MainProcess] Run : make_shares at node:4
[2026-09-29 19:31:26,638] [MainProcess] RunR: builtin_fetch_meta at node:4
[2026-09-29 19:31:26,641] [MainProcess] Run : make_shares at node:4
[2026-09-29 19:31:27,082] [MainProcess] RunR: builtin_fetch_meta at node:4
[2026-09-29 19:31:27,085] [MainProcess] Run : make_shares at node:4
[2026-09-29 19:31:27,088] [MainProcess] RunR: builtin_fetch_meta at node:4
[2026-09-29 19:31:27,091] [MainProcess] Run : make_shares at node:4
[2026-09-29 19:31:27,093] [MainProcess] RunR: builtin_fetch_meta at node:4
[2026-09-29 19:31:27,096] [MainProcess] Run : make_shares at node:4
[2026-09-29 19:31:27,098] [MainProcess] RunR: builtin_fetch_meta at node:4
[2026-09-29 19:31:27,101] [MainProcess] Run : make_shares at node:4
[2026-09-29 19:31:27,539] [MainProcess] RunR: builtin_fetch_meta at node:4
[2026-09-29 19:31:27,542] [MainProcess] Run : make_shares at node:4
[2026-09-29 19:31:27,545] [MainProcess] RunR: builtin_fetch_meta at node:4
[2026-09-29 19:31:27,548] [MainProcess] Run : make_shares at node:4
[2026-09-29 19:31:27,551] [MainProcess] RunR: builtin_fetch_meta at node:4
[2026-09-29 19:31:27,553] [MainProcess] Run : make_shares at node:4
[2026-09-29 19:31:27,556] [MainProcess] RunR: builtin_fetch_meta at node:4
[2026-09-29 19:31:27,558] [MainProcess] Run : make_shares at node:4
[2026-09-29 19:31:27,603] [MainProcess] RunR: builtin_fetch_meta at node:4
[2026-09-29 19:31:27,606] [MainProcess] Run : make_shares at node:4
[2026-09-29 19:31:27,609] [MainProcess] RunR: builtin_fetch_meta at node:4
[2026-09-29 19:31:27,611] [MainProcess] Run : make_shares at node:4
[2026-09-29 19:31:27,655] [MainProcess] RunR: builtin_fetch_meta at node:4
[2026-09-29 19:31:27,659] [MainProcess] Run : make_shares at node:4
[2026-09-29 19:31:27,661] [MainProcess] RunR: builtin_fetch_meta at node:4
[2026-09-29 19:31:27,664] [MainProcess] Run : make_shares at node:4
[2026-09-29 19:31:27,713] [MainProcess] RunR: builtin_fetch_meta at node:4
[2026-09-29 19:31:27,717] [MainProcess] Run : make_shares at node:4
[2026-09-29 19:31:27,719] [MainProcess] RunR: builtin_fetch_meta at node:4
[2026-09-29 19:31:27,722] [MainProcess] Run : make_shares at node:4
[2026-09-29 19:31:27,770] [MainProcess] RunR: builtin_fetch_meta at node:4
[2026-09-29 19:31:27,773] [MainProcess] Run : make_shares at node:4
[2026-09-29 19:31:27,776] [MainProcess] RunR: builtin_fetch_meta at node:4
[2026-09-29 19:31:27,779] [MainProcess] Run : make_shares at node:4
[2026-09-29 19:31:28,223] [MainProcess] RunR: builtin_fetch_meta at node:4
[2026-09-29 19:31:28,227] [MainProcess] Run : make_shares at node:4
[2026-09-29 19:31:28,230] [MainProcess] RunR: builtin_fetch_meta at node:4
[2026-09-29 19:31:28,232] [MainProcess] Run : make_shares at node:4
[2026-09-29 19:31:28,235] [MainProcess] RunR: builtin_fetch_meta at node:4
[2026-09-29 19:31:28,237] [MainProcess] Run : make_shares at node:4
[2026-09-29 19:31:28,239] [MainProcess] RunR: builtin_fetch_meta at node:4
[2026-09-29 19:31:28,242] [MainProcess] Run : make_shares at node:4
[2026-09-29 19:31:28,580] [MainProcess] RunR: builtin_fetch_meta at node:4
[2026-09-29 19:31:28,583] [MainProcess] Run : make_shares at node:4
[2026-09-29 19:31:28,586] [MainProcess] RunR: builtin_fetch_meta at node:4
[2026-09-29 19:31:28,588] [MainProcess] Run : make_shares at node:4
[2026-09-29 19:31:28,591] [MainProcess] RunR: builtin_fetch_meta at node:4
[2026-09-29 19:31:28,594] [MainProcess] Run : make_shares at node:4
[2026-09-29 19:31:28,596] [MainProcess] RunR: builtin_fetch_meta at node:4
[2026-09-29 19:31:28,599] [MainProcess] Run : make_shares at node:4
[2026-09-29 19:31:28,642] [MainProcess] RunR: builtin_fetch_meta at node:4
[2026-09-29 19:31:28,645] [MainProcess] Run : make_shares at node:4
[2026-09-29 19:31:28,648] [MainProcess] RunR: builtin_fetch_meta at node:4
[2026-09-29 19:31:28,651] [MainProcess] Run : make_shares at node:4
[2026-09-29 19:31:28,697] [MainProcess] RunR: builtin_fetch_meta at node:4
[2026-09-29 19:31:28,700] [MainProcess] Run : make_shares at node:4
[2026-09-29 19:31:28,704] [MainProcess] RunR: builtin_fetch_meta at node:4
[2026-09-29 19:31:28,707] [MainProcess] Run : make_shares at node:4
[2026-09-29 19:31:28,753] [MainProcess] RunR: builtin_fetch_meta at node:4
[2026-09-29 19:31:28,756] [MainProcess] Run : make_shares at node:4
[2026-09-29 19:31:28,759] [MainProcess] RunR: builtin_fetch_meta at node:4
[2026-09-29 19:31:28,762] [MainProcess] Run : make_shares at node:4
[2026-09-29 19:31:28,804] [MainProcess] RunR: builtin_fetch_meta at node:4
[2026-09-29 19:31:28,808] [MainProcess] Run : make_shares at node:4
[2026-09-29 19:31:28,810] [MainProcess] RunR: builtin_fetch_meta at node:4
[2026-09-29 19:31:28,813] [MainProcess] Run : make_shares at node:4
[2026-09-29 19:31:29,274] [MainProcess] RunR: builtin_fetch_meta at node:4
[2026-09-29 19:31:29,278] [MainProcess] Run : make_shares at node:4
[2026-09-29 19:31:29,280] [MainProcess] RunR: builtin_fetch_meta at node:4
[2026-09-29 19:31:29,283] [MainProcess] Run : make_shares at node:4
[2026-09-29 19:31:29,285] [MainProcess] RunR: builtin_fetch_meta at node:4
[2026-09-29 19:31:29,288] [MainProcess] Run : make_shares at node:4
[2026-09-29 19:31:29,290] [MainProcess] RunR: builtin_fetch_meta at node:4
[2026-09-29 19:31:29,293] [MainProcess] Run : make_shares at node:4
[2026-09-29 19:31:29,733] [MainProcess] RunR: builtin_fetch_meta at node:4
[2026-09-29 19:31:29,737] [MainProcess] Run : make_shares at node:4
[2026-09-29 19:31:29,739] [MainProcess] RunR: builtin_fetch_meta at node:4
[2026-09-29 19:31:29,742] [MainProcess] Run : make_shares at node:4
[2026-09-29 19:31:29,744] [MainProcess] RunR: builtin_fetch_meta at node:4
[2026-09-29 19:31:29,747] [MainProcess] Run : make_shares at node:4
[2026-09-29 19:31:29,749] [MainProcess] RunR: builtin_fetch_meta at node:4
[2026-09-29 19:31:29,752] [MainProcess] Run : make_shares at node:4
[2026-09-29 19:31:29,791] [MainProcess] RunR: builtin_fetch_meta at node:4
[2026-09-29 19:31:29,794] [MainProcess] Run : make_shares at node:4
[2026-09-29 19:31:29,796] [MainProcess] RunR: builtin_fetch_meta at node:4
[2026-09-29 19:31:29,799] [MainProcess] Run : make_shares at node:4
[2026-09-29 19:31:29,843] [MainProcess] RunR: builtin_fetch_meta at node:4
[2026-09-29 19:31:29,846] [MainProcess] Run : make_shares at node:4
[2026-09-29 19:31:29,849] [MainProcess] RunR: builtin_fetch_meta at node:4
[2026-09-29 19:31:29,852] [MainProcess] Run : make_shares at node:4
[2026-09-29 19:31:29,897] [MainProcess] RunR: builtin_fetch_meta at node:4
[2026-09-29 19:31:29,901] [MainProcess] Run : make_shares at node:4
[2026-09-29 19:31:29,903] [MainProcess] RunR: builtin_fetch_meta at node:4
[2026-09-29 19:31:29,906] [MainProcess] Run : make_shares at node:4
[2026-09-29 19:31:29,950] [MainProcess] RunR: builtin_fetch_meta at node:4
[2026-09-29 19:31:29,954] [MainProcess] Run : make_shares at node:4
[2026-09-29 19:31:29,956] [MainProcess] RunR: builtin_fetch_meta at node:4
[2026-09-29 19:31:29,959] [MainProcess] Run : make_shares at node:4
[2026-09-29 19:31:30,351] [MainProcess] RunR: builtin_fetch_meta at node:4
[2026-09-29 19:31:30,355] [MainProcess] Run : make_shares at node:4
[2026-09-29 19:31:30,358] [MainProcess] RunR: builtin_fetch_meta at node:4
[2026-09-29 19:31:30,360] [MainProcess] Run : make_shares at node:4
[2026-09-29 19:31:30,363] [MainProcess] RunR: builtin_fetch_meta at node:4
[2026-09-29 19:31:30,366] [MainProcess] Run : make_shares at node:4
[2026-09-29 19:31:30,368] [MainProcess] RunR: builtin_fetch_meta at node:4
[2026-09-29 19:31:30,370] [MainProcess] Run : make_shares at node:4
[2026-09-29 19:31:30,709] [MainProcess] RunR: builtin_fetch_meta at node:4
[2026-09-29 19:31:30,712] [MainProcess] Run : make_shares at node:4
[2026-09-29 19:31:30,715] [MainProcess] RunR: builtin_fetch_meta at node:4
[2026-09-29 19:31:30,718] [MainProcess] Run : make_shares at node:4
[2026-09-29 19:31:30,755] [MainProcess] RunR: builtin_fetch_meta at node:4
[2026-09-29 19:31:30,758] [MainProcess] Run : make_shares at node:4
[2026-09-29 19:31:30,760] [MainProcess] RunR: builtin_fetch_meta at node:4
[2026-09-29 19:31:30,763] [MainProcess] Run : make_shares at node:4
[2026-09-29 19:31:30,765] [MainProcess] RunR: builtin_fetch_meta at node:4
[2026-09-29 19:32:24,784] [MainProcess] RunR: builtin_fetch_object at node:4
[2026-09-29 19:32:24,791] [MainProcess] RunR: builtin_fetch_object at node:4
[2026-09-29 19:32:24,791] [MainProcess] RunR: builtin_fetch_object at node:4
[2026-09-29 19:32:24,792] [MainProcess] RunR: builtin_fetch_object at node:4
[2026-09-29 19:32:24,794] [MainProcess] RunR: builtin_fetch_object at node:4
[2026-09-29 19:32:24,794] [MainProcess] RunR: builtin_fetch_object at node:4
[2026-09-29 19:32:24,794] [MainProcess] RunR: builtin_fetch_object at node:4
[2026-09-29 19:32:24,806] [MainProcess] RunR: builtin_fetch_object at node:4
[2026-09-29 19:32:24,828] [MainProcess] RunR: builtin_fetch_object at node:4
[2026-09-29 19:32:24,845] [MainProcess] RunR: builtin_fetch_object at node:4
[2026-09-29 19:32:24,847] [MainProcess] RunR: builtin_fetch_object at node:4
[2026-09-29 19:32:25,343] [MainProcess] RunR: builtin_fetch_object at node:4
[2026-09-29 19:32:25,345] [MainProcess] RunR: builtin_fetch_object at node:4
[2026-09-29 19:32:26,019] [MainProcess] RunR: builtin_fetch_object at node:4
[2026-09-29 19:32:26,141] [MainProcess] RunR: builtin_fetch_object at node:4
[2026-09-29 19:32:28,071] [MainProcess] RunR: builtin_fetch_object at node:4
[2026-09-29 19:32:28,073] [MainProcess] RunR: builtin_fetch_object at node:4
[2026-09-29 19:32:28,075] [MainProcess] RunR: builtin_fetch_object at node:4
[2026-09-29 19:32:28,077] [MainProcess] RunR: builtin_fetch_object at node:4
[2026-09-29 19:32:28,101] [MainProcess] RunR: builtin_fetch_object at node:4
[2026-09-29 19:32:28,103] [MainProcess] RunR: builtin_fetch_object at node:4
[2026-09-29 19:32:28,106] [MainProcess] RunR: builtin_fetch_object at node:4
[2026-09-29 19:32:28,108] [MainProcess] RunR: builtin_fetch_object at node:4
[2026-09-29 19:32:28,142] [MainProcess] RunR: builtin_fetch_object at node:4
[2026-09-29 19:32:28,145] [MainProcess] RunR: builtin_fetch_object at node:4
[2026-09-29 19:32:28,170] [MainProcess] RunR: builtin_fetch_object at node:4
[2026-09-29 19:32:28,172] [MainProcess] RunR: builtin_fetch_object at node:4
[2026-09-29 19:32:28,172] [MainProcess] RunR: builtin_fetch_object at node:4
[2026-09-29 19:32:28,184] [MainProcess] RunR: builtin_fetch_object at node:4
[2026-09-29 19:32:28,186] [MainProcess] RunR: builtin_fetch_object at node:4
[2026-09-29 19:32:28,187] [MainProcess] RunR: builtin_fetch_object at node:4
[2026-09-29 19:32:28,212] [MainProcess] RunR: builtin_fetch_object at node:4
[2026-09-29 19:32:28,216] [MainProcess] RunR: builtin_fetch_object at node:4
[2026-09-29 19:32:28,228] [MainProcess] RunR: builtin_fetch_object at node:4
[2026-09-29 19:32:28,230] [MainProcess] RunR: builtin_fetch_object at node:4
[2026-09-29 19:32:28,255] [MainProcess] RunR: builtin_fetch_object at node:4
[2026-09-29 19:32:28,257] [MainProcess] RunR: builtin_fetch_object at node:4
[2026-09-29 19:32:28,269] [MainProcess] RunR: builtin_fetch_object at node:4
[2026-09-29 19:32:28,271] [MainProcess] RunR: builtin_fetch_object at node:4
[2026-09-29 19:32:28,295] [MainProcess] RunR: builtin_fetch_object at node:4
[2026-09-29 19:32:28,298] [MainProcess] RunR: builtin_fetch_object at node:4
[2026-09-29 19:32:28,309] [MainProcess] RunR: builtin_fetch_object at node:4
[2026-09-29 19:32:28,311] [MainProcess] RunR: builtin_fetch_object at node:4
[2026-09-29 19:32:28,336] [MainProcess] RunR: builtin_fetch_object at node:4
[2026-09-29 19:32:28,338] [MainProcess] RunR: builtin_fetch_object at node:4
[2026-09-29 19:32:28,365] [MainProcess] RunR: builtin_fetch_object at node:4
[2026-09-29 19:32:28,367] [MainProcess] RunR: builtin_fetch_object at node:4
[2026-09-29 19:32:28,368] [MainProcess] RunR: builtin_fetch_object at node:4
[2026-09-29 19:32:28,442] [MainProcess] RunR: builtin_fetch_object at node:4
[2026-09-29 19:32:28,515] [MainProcess] RunR: builtin_fetch_object at node:4
[2026-09-29 19:32:28,517] [MainProcess] RunR: builtin_fetch_object at node:4
[2026-09-29 19:32:28,545] [MainProcess] RunR: builtin_fetch_object at node:4
[2026-09-29 19:32:28,546] [MainProcess] RunR: builtin_fetch_object at node:4
[2026-09-29 19:32:28,556] [MainProcess] RunR: builtin_fetch_object at node:4
[2026-09-29 19:32:28,558] [MainProcess] RunR: builtin_fetch_object at node:4
[2026-09-29 19:32:28,561] [MainProcess] RunR: builtin_fetch_object at node:4
[2026-09-29 19:32:28,561] [MainProcess] RunR: builtin_fetch_object at node:4
[2026-09-29 19:32:28,573] [MainProcess] RunR: builtin_fetch_object at node:4
[2026-09-29 19:32:28,599] [MainProcess] RunR: builtin_fetch_object at node:4
[2026-09-29 19:32:28,736] [MainProcess] RunR: builtin_fetch_object at node:4
[2026-09-29 19:32:28,738] [MainProcess] RunR: builtin_fetch_object at node:4
[2026-09-29 19:32:28,741] [MainProcess] RunR: builtin_fetch_object at node:4
[2026-09-29 19:32:28,742] [MainProcess] RunR: builtin_fetch_object at node:4
[2026-09-29 19:32:28,783] [MainProcess] RunR: builtin_fetch_object at node:4
[2026-09-29 19:32:28,784] [MainProcess] RunR: builtin_fetch_object at node:4
[2026-09-29 19:32:28,798] [MainProcess] RunR: builtin_fetch_object at node:4
[2026-09-29 19:32:28,799] [MainProcess] RunR: builtin_fetch_object at node:4
[2026-09-29 19:32:28,801] [MainProcess] RunR: builtin_fetch_object at node:4
[2026-09-29 19:32:28,802] [MainProcess] RunR: builtin_fetch_object at node:4
[2026-09-29 19:32:28,813] [MainProcess] RunR: builtin_fetch_object at node:4
[2026-09-29 19:32:28,831] [MainProcess] RunR: builtin_fetch_object at node:4
[2026-09-29 19:32:28,858] [MainProcess] RunR: builtin_fetch_object at node:4
[2026-09-29 19:32:28,861] [MainProcess] RunR: builtin_fetch_object at node:4
[2026-09-29 19:32:28,887] [MainProcess] RunR: builtin_fetch_object at node:4
[2026-09-29 19:32:28,887] [MainProcess] RunR: builtin_fetch_object at node:4
[2026-09-29 19:32:28,889] [MainProcess] RunR: builtin_fetch_object at node:4
[2026-09-29 19:32:28,899] [MainProcess] RunR: builtin_fetch_object at node:4
[2026-09-29 19:32:28,900] [MainProcess] RunR: builtin_fetch_object at node:4
[2026-09-29 19:32:28,901] [MainProcess] RunR: builtin_fetch_object at node:4
[2026-09-29 19:32:28,901] [MainProcess] RunR: builtin_fetch_object at node:4
[2026-09-29 19:32:28,926] [MainProcess] RunR: builtin_fetch_object at node:4
[2026-09-29 19:32:28,952] [MainProcess] RunR: builtin_fetch_object at node:4
[2026-09-29 19:32:28,955] [MainProcess] RunR: builtin_fetch_object at node:4
[2026-09-29 19:32:28,980] [MainProcess] RunR: builtin_fetch_object at node:4
[2026-09-29 19:32:28,983] [MainProcess] RunR: builtin_fetch_object at node:4
[2026-09-29 19:32:29,008] [MainProcess] RunR: builtin_fetch_object at node:4
[2026-09-29 19:32:29,009] [MainProcess] RunR: builtin_fetch_object at node:4
[2026-09-29 19:32:29,011] [MainProcess] RunR: builtin_fetch_object at node:4
[2026-09-29 19:32:29,023] [MainProcess] RunR: builtin_fetch_object at node:4
[2026-09-29 19:32:29,047] [MainProcess] RunR: builtin_fetch_object at node:4
[2026-09-29 19:32:29,050] [MainProcess] RunR: builtin_fetch_object at node:4
[2026-09-29 19:32:29,079] [MainProcess] RunR: builtin_fetch_object at node:4
[2026-09-29 19:32:29,079] [MainProcess] RunR: builtin_fetch_object at node:4
[2026-09-29 19:32:29,082] [MainProcess] RunR: builtin_fetch_object at node:4
[2026-09-29 19:32:29,082] [MainProcess] RunR: builtin_fetch_object at node:4
[2026-09-29 19:32:29,209] [MainProcess] RunR: builtin_fetch_object at node:4
[2026-09-29 19:32:29,212] [MainProcess] RunR: builtin_fetch_object at node:4
[2026-09-29 19:32:29,247] [MainProcess] RunR: builtin_fetch_object at node:4
[2026-09-29 19:32:29,249] [MainProcess] RunR: builtin_fetch_object at node:4
[2026-09-29 19:32:29,251] [MainProcess] RunR: builtin_fetch_object at node:4
[2026-09-29 19:32:29,253] [MainProcess] RunR: builtin_fetch_object at node:4
[2026-09-29 19:32:29,294] [MainProcess] RunR: builtin_fetch_object at node:4
[2026-09-29 19:32:29,295] [MainProcess] RunR: builtin_fetch_object at node:4
[2026-09-29 19:32:29,297] [MainProcess] RunR: builtin_fetch_object at node:4
[2026-09-29 19:32:29,297] [MainProcess] RunR: builtin_fetch_object at node:4
[2026-09-29 19:32:29,384] [MainProcess] RunR: builtin_fetch_object at node:4
[2026-09-29 19:32:29,408] [MainProcess] RunR: builtin_fetch_object at node:4
[2026-09-29 19:32:29,454] [MainProcess] RunR: builtin_fetch_object at node:4
[2026-09-29 19:32:29,456] [MainProcess] RunR: builtin_fetch_object at node:4
[2026-09-29 19:32:29,468] [MainProcess] RunR: builtin_fetch_object at node:4
[2026-09-29 19:32:29,471] [MainProcess] RunR: builtin_fetch_object at node:4
[2026-09-29 19:32:29,504] [MainProcess] RunR: builtin_fetch_object at node:4
[2026-09-29 19:32:29,507] [MainProcess] RunR: builtin_fetch_object at node:4
[2026-09-29 19:32:29,509] [MainProcess] RunR: builtin_fetch_object at node:4
[2026-09-29 19:32:29,511] [MainProcess] RunR: builtin_fetch_object at node:4
[2026-09-29 19:32:29,539] [MainProcess] RunR: builtin_fetch_object at node:4
[2026-09-29 19:32:29,540] [MainProcess] RunR: builtin_fetch_object at node:4
[2026-09-29 19:32:29,542] [MainProcess] RunR: builtin_fetch_object at node:4
[2026-09-29 19:32:29,542] [MainProcess] RunR: builtin_fetch_object at node:4
[2026-09-29 19:32:29,588] [MainProcess] RunR: builtin_fetch_object at node:4
[2026-09-29 19:32:29,591] [MainProcess] RunR: builtin_fetch_object at node:4
[2026-09-29 19:32:29,623] [MainProcess] RunR: builtin_fetch_object at node:4
[2026-09-29 19:32:29,625] [MainProcess] RunR: builtin_fetch_object at node:4
[2026-09-29 19:32:29,655] [MainProcess] RunR: builtin_fetch_object at node:4
[2026-09-29 19:32:29,657] [MainProcess] RunR: builtin_fetch_object at node:4
[2026-09-29 19:32:29,668] [MainProcess] RunR: builtin_fetch_object at node:4
[2026-09-29 19:32:29,670] [MainProcess] RunR: builtin_fetch_object at node:4
[2026-09-29 19:32:29,696] [MainProcess] RunR: builtin_fetch_object at node:4
[2026-09-29 19:32:29,699] [MainProcess] RunR: builtin_fetch_object at node:4
[2026-09-29 19:32:29,701] [MainProcess] RunR: builtin_fetch_object at node:4
[2026-09-29 19:32:29,702] [MainProcess] RunR: builtin_fetch_object at node:4
[2026-09-29 19:32:29,703] [MainProcess] RunR: builtin_fetch_object at node:4
[2026-09-29 19:32:29,714] [MainProcess] RunR: builtin_fetch_object at node:4
[2026-09-29 19:32:29,739] [MainProcess] RunR: builtin_fetch_object at node:4
[2026-09-29 19:32:29,740] [MainProcess] RunR: builtin_fetch_object at node:4
[2026-09-29 19:32:29,743] [MainProcess] RunR: builtin_fetch_object at node:4
[2026-09-29 19:32:29,743] [MainProcess] RunR: builtin_fetch_object at node:4
[2026-09-29 19:32:29,825] [MainProcess] RunR: builtin_fetch_object at node:4
[2026-09-29 19:32:29,827] [MainProcess] RunR: builtin_fetch_object at node:4
[2026-09-29 19:32:29,864] [MainProcess] RunR: builtin_fetch_object at node:4
[2026-09-29 19:32:29,872] [MainProcess] RunR: builtin_fetch_object at node:4
[2026-09-29 19:32:29,899] [MainProcess] RunR: builtin_fetch_object at node:4
[2026-09-29 19:32:29,901] [MainProcess] RunR: builtin_fetch_object at node:4
[2026-09-29 19:32:29,945] [MainProcess] RunR: builtin_fetch_object at node:4
[2026-09-29 19:32:29,945] [MainProcess] RunR: builtin_fetch_object at node:4
[2026-09-29 19:32:29,960] [MainProcess] RunR: builtin_fetch_object at node:4
[2026-09-29 19:32:29,961] [MainProcess] RunR: builtin_fetch_object at node:4
[2026-09-29 19:32:30,005] [MainProcess] RunR: builtin_fetch_object at node:4
[2026-09-29 19:32:30,010] [MainProcess] RunR: builtin_fetch_object at node:4
[2026-09-29 19:32:30,051] [MainProcess] RunR: builtin_fetch_object at node:4
[2026-09-29 19:32:30,052] [MainProcess] RunR: builtin_fetch_object at node:4
[2026-09-29 19:32:30,054] [MainProcess] RunR: builtin_fetch_object at node:4
[2026-09-29 19:32:30,070] [MainProcess] RunR: builtin_fetch_object at node:4
[2026-09-29 19:32:30,096] [MainProcess] RunR: builtin_fetch_object at node:4
[2026-09-29 19:32:30,119] [MainProcess] RunR: builtin_fetch_object at node:4
[2026-09-29 19:32:30,208] [MainProcess] RunR: builtin_fetch_object at node:4
[2026-09-29 19:32:30,220] [MainProcess] RunR: builtin_fetch_object at node:4
[2026-09-29 19:32:30,222] [MainProcess] RunR: builtin_fetch_object at node:4
[2026-09-29 19:32:30,224] [MainProcess] RunR: builtin_fetch_object at node:4
[2026-09-29 19:32:30,245] [MainProcess] RunR: builtin_fetch_object at node:4
[2026-09-29 19:32:30,247] [MainProcess] RunR: builtin_fetch_object at node:4
[2026-09-29 19:32:30,249] [MainProcess] RunR: builtin_fetch_object at node:4
[2026-09-29 19:32:30,251] [MainProcess] RunR: builtin_fetch_object at node:4
[2026-09-29 19:32:30,279] [MainProcess] RunR: builtin_fetch_object at node:4
[2026-09-29 19:32:30,280] [MainProcess] RunR: builtin_fetch_object at node:4
[2026-09-29 19:32:30,281] [MainProcess] RunR: builtin_fetch_object at node:4
[2026-09-29 19:32:30,328] [MainProcess] RunR: builtin_fetch_object at node:4
[2026-09-29 19:32:30,331] [MainProcess] RunR: builtin_fetch_object at node:4
[2026-09-29 19:32:30,339] [MainProcess] RunR: builtin_fetch_object at node:4
[2026-09-29 19:32:30,364] [MainProcess] RunR: builtin_fetch_object at node:4
[2026-09-29 19:32:30,367] [MainProcess] RunR: builtin_fetch_object at node:4
[2026-09-29 19:32:30,391] [MainProcess] RunR: builtin_fetch_object at node:4
[2026-09-29 19:32:30,393] [MainProcess] RunR: builtin_fetch_object at node:4
[2026-09-29 19:32:30,394] [MainProcess] RunR: builtin_fetch_object at node:4
[2026-09-29 19:32:30,395] [MainProcess] RunR: builtin_fetch_object at node:4
[2026-09-29 19:32:30,396] [MainProcess] RunR: builtin_fetch_object at node:4
[2026-09-29 19:32:30,421] [MainProcess] RunR: builtin_fetch_object at node:4
[2026-09-29 19:32:30,446] [MainProcess] RunR: builtin_fetch_object at node:4
[2026-09-29 19:32:30,450] [MainProcess] RunR: builtin_fetch_object at node:4
[2026-09-29 19:32:30,475] [MainProcess] RunR: builtin_fetch_object at node:4
[2026-09-29 19:32:30,475] [MainProcess] RunR: builtin_fetch_object at node:4
[2026-09-29 19:32:30,477] [MainProcess] RunR: builtin_fetch_object at node:4
[2026-09-29 19:32:30,484] [MainProcess] RunR: builtin_fetch_object at node:4
[2026-09-29 19:32:30,514] [MainProcess] RunR: builtin_fetch_object at node:4
[2026-09-29 19:32:30,516] [MainProcess] RunR: builtin_fetch_object at node:4
[2026-09-29 19:32:30,580] [MainProcess] RunR: builtin_fetch_object at node:4
[2026-09-29 19:32:30,580] [MainProcess] RunR: builtin_fetch_object at node:4
[2026-09-29 19:32:30,582] [MainProcess] RunR: builtin_fetch_object at node:4
[2026-09-29 19:32:30,618] [MainProcess] RunR: builtin_fetch_object at node:4
[2026-09-29 19:32:30,652] [MainProcess] RunR: builtin_fetch_object at node:4
[2026-09-29 19:32:30,654] [MainProcess] RunR: builtin_fetch_object at node:4
[2026-09-29 19:32:30,697] [MainProcess] RunR: builtin_fetch_object at node:4
[2026-09-29 19:32:30,698] [MainProcess] RunR: builtin_fetch_object at node:4
[2026-09-29 19:32:30,699] [MainProcess] RunR: builtin_fetch_object at node:4
[2026-09-29 19:32:30,724] [MainProcess] RunR: builtin_fetch_object at node:4
[2026-09-29 19:32:30,740] [MainProcess] RunR: builtin_fetch_object at node:4
[2026-09-29 19:32:30,742] [MainProcess] RunR: builtin_fetch_object at node:4
[2026-09-29 19:32:30,788] [MainProcess] RunR: builtin_fetch_object at node:4
[2026-09-29 19:32:30,805] [MainProcess] RunR: builtin_fetch_object at node:4
[2026-09-29 19:32:30,866] [MainProcess] RunR: builtin_fetch_object at node:4
[2026-09-29 19:32:30,879] [MainProcess] RunR: builtin_fetch_object at node:4
[2026-09-29 19:32:30,881] [MainProcess] RunR: builtin_fetch_object at node:4
[2026-09-29 19:32:30,889] [MainProcess] RunR: builtin_fetch_object at node:4
[2026-09-29 19:32:30,934] [MainProcess] RunR: builtin_fetch_object at node:4
[2026-09-29 19:32:30,937] [MainProcess] RunR: builtin_fetch_object at node:4
[2026-09-29 19:32:30,938] [MainProcess] RunR: builtin_fetch_object at node:4
[2026-09-29 19:32:30,940] [MainProcess] RunR: builtin_fetch_object at node:4
[2026-09-29 19:32:30,979] [MainProcess] RunR: builtin_fetch_object at node:4
[2026-09-29 19:32:30,981] [MainProcess] RunR: builtin_fetch_object at node:4
[2026-09-29 19:32:30,993] [MainProcess] RunR: builtin_fetch_object at node:4
[2026-09-29 19:32:30,994] [MainProcess] RunR: builtin_fetch_object at node:4
[2026-09-29 19:32:30,995] [MainProcess] RunR: builtin_fetch_object at node:4
[2026-09-29 19:32:31,051] [MainProcess] RunR: builtin_fetch_object at node:4
[2026-09-29 19:32:31,110] [MainProcess] RunR: builtin_fetch_object at node:4
[2026-09-29 19:32:31,114] [MainProcess] RunR: builtin_fetch_object at node:4
[2026-09-29 19:32:31,131] [MainProcess] RunR: builtin_fetch_object at node:4
[2026-09-29 19:32:31,133] [MainProcess] RunR: builtin_fetch_object at node:4
[2026-09-29 19:32:31,135] [MainProcess] RunR: builtin_fetch_object at node:4
[2026-09-29 19:32:31,137] [MainProcess] RunR: builtin_fetch_object at node:4
[2026-09-29 19:32:31,162] [MainProcess] RunR: builtin_fetch_object at node:4
[2026-09-29 19:32:31,162] [MainProcess] RunR: builtin_fetch_object at node:4
[2026-09-29 19:32:31,164] [MainProcess] RunR: builtin_fetch_object at node:4
[2026-09-29 19:32:31,172] [MainProcess] RunR: builtin_fetch_object at node:4
[2026-09-29 19:32:31,177] [MainProcess] RunR: builtin_fetch_object at node:4
[2026-09-29 19:32:31,179] [MainProcess] RunR: builtin_fetch_object at node:4
[2026-09-29 19:32:31,201] [MainProcess] RunR: builtin_fetch_object at node:4
[2026-09-29 19:32:31,203] [MainProcess] RunR: builtin_fetch_object at node:4
[2026-09-29 19:32:31,211] [MainProcess] RunR: builtin_fetch_object at node:4
[2026-09-29 19:32:31,231] [MainProcess] RunR: builtin_fetch_object at node:4
[2026-09-29 19:32:31,272] [MainProcess] RunR: builtin_fetch_object at node:4
[2026-09-29 19:32:31,273] [MainProcess] RunR: builtin_fetch_object at node:4
[2026-09-29 19:32:31,288] [MainProcess] RunR: builtin_fetch_object at node:4
[2026-09-29 19:32:31,288] [MainProcess] RunR: builtin_fetch_object at node:4
[2026-09-29 19:32:31,341] [MainProcess] RunR: builtin_fetch_object at node:4
[2026-09-29 19:32:31,347] [MainProcess] RunR: builtin_fetch_object at node:4
[2026-09-29 19:32:31,367] [MainProcess] RunR: builtin_fetch_object at node:4
[2026-09-29 19:32:31,369] [MainProcess] RunR: builtin_fetch_object at node:4
[2026-09-29 19:32:31,394] [MainProcess] RunR: builtin_fetch_object at node:4
[2026-09-29 19:32:31,394] [MainProcess] RunR: builtin_fetch_object at node:4
[2026-09-29 19:32:31,396] [MainProcess] RunR: builtin_fetch_object at node:4
[2026-09-29 19:32:31,425] [MainProcess] RunR: builtin_fetch_object at node:4
[2026-09-29 19:32:31,437] [MainProcess] RunR: builtin_fetch_object at node:4
[2026-09-29 19:32:31,438] [MainProcess] RunR: builtin_fetch_object at node:4
[2026-09-29 19:32:31,440] [MainProcess] RunR: builtin_fetch_object at node:4
[2026-09-29 19:32:31,467] [MainProcess] RunR: builtin_fetch_object at node:4
[2026-09-29 19:32:31,553] [MainProcess] RunR: builtin_fetch_object at node:4
[2026-09-29 19:32:31,556] [MainProcess] RunR: builtin_fetch_object at node:4
[2026-09-29 19:32:31,610] [MainProcess] RunR: builtin_fetch_object at node:4
[2026-09-29 19:32:31,613] [MainProcess] RunR: builtin_fetch_object at node:4
[2026-09-29 19:32:31,627] [MainProcess] RunR: builtin_fetch_object at node:4
[2026-09-29 19:32:31,630] [MainProcess] RunR: builtin_fetch_object at node:4
[2026-09-29 19:32:31,675] [MainProcess] RunR: builtin_fetch_object at node:4
[2026-09-29 19:32:31,690] [MainProcess] RunR: builtin_fetch_object at node:4
[2026-09-29 19:32:31,693] [MainProcess] RunR: builtin_fetch_object at node:4
[2026-09-29 19:32:31,695] [MainProcess] RunR: builtin_fetch_object at node:4
[2026-09-29 19:32:31,737] [MainProcess] RunR: builtin_fetch_object at node:4
[2026-09-29 19:32:31,740] [MainProcess] RunR: builtin_fetch_object at node:4
[2026-09-29 19:32:31,742] [MainProcess] RunR: builtin_fetch_object at node:4
[2026-09-29 19:32:31,744] [MainProcess] RunR: builtin_fetch_object at node:4
[2026-09-29 19:32:31,786] [MainProcess] RunR: builtin_fetch_object at node:4
[2026-09-29 19:32:31,787] [MainProcess] RunR: builtin_fetch_object at node:4
[2026-09-29 19:32:31,789] [MainProcess] RunR: builtin_fetch_object at node:4
[2026-09-29 19:32:31,803] [MainProcess] RunR: builtin_fetch_object at node:4
[2026-09-29 19:32:31,839] [MainProcess] RunR: builtin_fetch_object at node:4
[2026-09-29 19:32:31,847] [MainProcess] RunR: builtin_fetch_object at node:4
[2026-09-29 19:32:31,867] [MainProcess] RunR: builtin_fetch_object at node:4
[2026-09-29 19:32:31,869] [MainProcess] RunR: builtin_fetch_object at node:4
[2026-09-29 19:32:31,897] [MainProcess] RunR: builtin_fetch_object at node:4
[2026-09-29 19:32:31,898] [MainProcess] RunR: builtin_fetch_object at node:4
[2026-09-29 19:32:31,899] [MainProcess] RunR: builtin_fetch_object at node:4
[2026-09-29 19:32:31,911] [MainProcess] RunR: builtin_fetch_object at node:4
[2026-09-29 19:32:31,912] [MainProcess] RunR: builtin_fetch_object at node:4
[2026-09-29 19:32:31,914] [MainProcess] RunR: builtin_fetch_object at node:4
[2026-09-29 19:32:31,936] [MainProcess] RunR: builtin_fetch_object at node:4
[2026-09-29 19:32:31,939] [MainProcess] RunR: builtin_fetch_object at node:4
[2026-09-29 19:32:31,951] [MainProcess] RunR: builtin_fetch_object at node:4
[2026-09-29 19:32:31,953] [MainProcess] RunR: builtin_fetch_object at node:4
[2026-09-29 19:32:31,975] [MainProcess] RunR: builtin_fetch_object at node:4
[2026-09-29 19:32:31,977] [MainProcess] RunR: builtin_fetch_object at node:4
[2026-09-29 19:32:32,001] [MainProcess] RunR: builtin_fetch_object at node:4
[2026-09-29 19:32:32,004] [MainProcess] RunR: builtin_fetch_object at node:4
[2026-09-29 19:32:32,005] [MainProcess] RunR: builtin_fetch_object at node:4
[2026-09-29 19:32:32,045] [MainProcess] RunR: builtin_fetch_object at node:4
[2026-09-29 19:32:32,046] [MainProcess] RunR: builtin_fetch_object at node:4
[2026-09-29 19:32:32,070] [MainProcess] RunR: builtin_fetch_object at node:4
[2026-09-29 19:32:32,112] [MainProcess] RunR: builtin_fetch_object at node:4
[2026-09-29 19:32:32,125] [MainProcess] RunR: builtin_fetch_object at node:4
[2026-09-29 19:32:32,155] [MainProcess] RunR: builtin_fetch_object at node:4
[2026-09-29 19:32:32,157] [MainProcess] RunR: builtin_fetch_object at node:4
[2026-09-29 19:32:32,204] [MainProcess] RunR: builtin_fetch_object at node:4
[2026-09-29 19:32:32,206] [MainProcess] RunR: builtin_fetch_object at node:4
[2026-09-29 19:32:32,214] [MainProcess] RunR: builtin_fetch_object at node:4
[2026-09-29 19:32:32,216] [MainProcess] RunR: builtin_fetch_object at node:4
[2026-09-29 19:32:32,257] [MainProcess] RunR: builtin_fetch_object at node:4
[2026-09-29 19:32:32,259] [MainProcess] RunR: builtin_fetch_object at node:4
[2026-09-29 19:32:32,328] [MainProcess] RunR: builtin_fetch_object at node:4
[2026-09-29 19:32:32,367] [MainProcess] RunR: builtin_fetch_object at node:4
[2026-09-29 19:32:32,375] [MainProcess] RunR: builtin_fetch_object at node:4
[2026-09-29 19:32:32,379] [MainProcess] RunR: builtin_fetch_object at node:4
[2026-09-29 19:32:32,407] [MainProcess] RunR: builtin_fetch_object at node:4
[2026-09-29 19:32:32,409] [MainProcess] RunR: builtin_fetch_object at node:4
[2026-09-29 19:32:32,422] [MainProcess] RunR: builtin_fetch_object at node:4
[2026-09-29 19:32:32,424] [MainProcess] RunR: builtin_fetch_object at node:4
[2026-09-29 19:32:32,437] [MainProcess] RunR: builtin_fetch_object at node:4
[2026-09-29 19:32:32,453] [MainProcess] RunR: builtin_fetch_object at node:4
[2026-09-29 19:32:32,462] [MainProcess] RunR: builtin_fetch_object at node:4
[2026-09-29 19:32:32,466] [MainProcess] RunR: builtin_fetch_object at node:4
[2026-09-29 19:32:32,507] [MainProcess] RunR: builtin_fetch_object at node:4
[2026-09-29 19:32:32,507] [MainProcess] RunR: builtin_fetch_object at node:4
[2026-09-29 19:32:32,520] [MainProcess] RunR: builtin_fetch_object at node:4
[2026-09-29 19:32:32,556] [MainProcess] RunR: builtin_fetch_object at node:4
[2026-09-29 19:32:32,566] [MainProcess] RunR: builtin_fetch_object at node:4
[2026-09-29 19:32:32,568] [MainProcess] RunR: builtin_fetch_object at node:4
[2026-09-29 19:32:32,594] [MainProcess] RunR: builtin_fetch_object at node:4
[2026-09-29 19:32:32,597] [MainProcess] RunR: builtin_fetch_object at node:4
[2026-09-29 19:32:32,621] [MainProcess] RunR: builtin_fetch_object at node:4
[2026-09-29 19:32:32,622] [MainProcess] RunR: builtin_fetch_object at node:4
[2026-09-29 19:32:32,624] [MainProcess] RunR: builtin_fetch_object at node:4
[2026-09-29 19:32:32,624] [MainProcess] RunR: builtin_fetch_object at node:4
[2026-09-29 19:32:32,647] [MainProcess] RunR: builtin_fetch_object at node:4
[2026-09-29 19:32:32,650] [MainProcess] RunR: builtin_fetch_object at node:4
[2026-09-29 19:32:32,651] [MainProcess] RunR: builtin_fetch_object at node:4
[2026-09-29 19:32:32,676] [MainProcess] RunR: builtin_fetch_object at node:4
[2026-09-29 19:32:32,700] [MainProcess] RunR: builtin_fetch_object at node:4
[2026-09-29 19:32:32,703] [MainProcess] RunR: builtin_fetch_object at node:4
[2026-09-29 19:32:32,727] [MainProcess] RunR: builtin_fetch_object at node:4
[2026-09-29 19:32:32,728] [MainProcess] RunR: builtin_fetch_object at node:4
[2026-09-29 19:32:32,730] [MainProcess] RunR: builtin_fetch_object at node:4
[2026-09-29 19:32:32,746] [MainProcess] RunR: builtin_fetch_object at node:4
[2026-09-29 19:32:32,794] [MainProcess] RunR: builtin_fetch_object at node:4
[2026-09-29 19:32:32,797] [MainProcess] RunR: builtin_fetch_object at node:4
[2026-09-29 19:32:32,835] [MainProcess] RunR: builtin_fetch_object at node:4
[2026-09-29 19:32:32,844] [MainProcess] RunR: builtin_fetch_object at node:4
[2026-09-29 19:32:32,873] [MainProcess] RunR: builtin_fetch_object at node:4
[2026-09-29 19:32:32,876] [MainProcess] RunR: builtin_fetch_object at node:4
[2026-09-29 19:32:32,915] [MainProcess] RunR: builtin_fetch_object at node:4
[2026-09-29 19:32:32,916] [MainProcess] RunR: builtin_fetch_object at node:4
[2026-09-29 19:32:32,930] [MainProcess] RunR: builtin_fetch_object at node:4
[2026-09-29 19:32:32,966] [MainProcess] RunR: builtin_fetch_object at node:4
[2026-09-29 19:32:32,980] [MainProcess] RunR: builtin_fetch_object at node:4
[2026-09-29 19:32:32,982] [MainProcess] RunR: builtin_fetch_object at node:4
[2026-09-29 19:32:32,983] [MainProcess] RunR: builtin_fetch_object at node:4
[2026-09-29 19:32:33,026] [MainProcess] RunR: builtin_fetch_object at node:4
[2026-09-29 19:32:33,067] [MainProcess] RunR: builtin_fetch_object at node:4
[2026-09-29 19:32:33,089] [MainProcess] RunR: builtin_fetch_object at node:4
[2026-09-29 19:32:33,118] [MainProcess] RunR: builtin_fetch_object at node:4
[2026-09-29 19:32:33,122] [MainProcess] RunR: builtin_fetch_object at node:4
[2026-09-29 19:32:33,158] [MainProcess] RunR: builtin_fetch_object at node:4
[2026-09-29 19:32:33,158] [MainProcess] RunR: builtin_fetch_object at node:4
[2026-09-29 19:32:33,160] [MainProcess] RunR: builtin_fetch_object at node:4
[2026-09-29 19:32:33,160] [MainProcess] RunR: builtin_fetch_object at node:4
[2026-09-29 19:32:33,177] [MainProcess] RunR: builtin_fetch_object at node:4
[2026-09-29 19:32:33,177] [MainProcess] RunR: builtin_fetch_object at node:4
[2026-09-29 19:32:33,190] [MainProcess] RunR: builtin_fetch_object at node:4
[2026-09-29 19:32:33,211] [MainProcess] RunR: builtin_fetch_object at node:4
[2026-09-29 19:32:33,288] [MainProcess] RunR: builtin_fetch_object at node:4
[2026-09-29 19:32:33,290] [MainProcess] RunR: builtin_fetch_object at node:4
[2026-09-29 19:32:33,319] [MainProcess] RunR: builtin_fetch_object at node:4
[2026-09-29 19:32:33,327] [MainProcess] RunR: builtin_fetch_object at node:4
[2026-09-29 19:32:33,331] [MainProcess] RunR: builtin_fetch_object at node:4
[2026-09-29 19:32:33,333] [MainProcess] RunR: builtin_fetch_object at node:4
[2026-09-29 19:32:33,358] [MainProcess] RunR: builtin_fetch_object at node:4
[2026-09-29 19:32:33,361] [MainProcess] RunR: builtin_fetch_object at node:4
[2026-09-29 19:32:33,385] [MainProcess] RunR: builtin_fetch_object at node:4
[2026-09-29 19:32:33,386] [MainProcess] RunR: builtin_fetch_object at node:4
[2026-09-29 19:32:33,387] [MainProcess] RunR: builtin_fetch_object at node:4
[2026-09-29 19:32:33,389] [MainProcess] RunR: builtin_fetch_object at node:4
[2026-09-29 19:32:33,411] [MainProcess] RunR: builtin_fetch_object at node:4
[2026-09-29 19:32:33,415] [MainProcess] RunR: builtin_fetch_object at node:4
[2026-09-29 19:32:33,434] [MainProcess] RunR: builtin_fetch_object at node:4
[2026-09-29 19:32:33,438] [MainProcess] RunR: builtin_fetch_object at node:4
[2026-09-29 19:32:33,440] [MainProcess] RunR: builtin_fetch_object at node:4
[2026-09-29 19:32:33,466] [MainProcess] RunR: builtin_fetch_object at node:4
[2026-09-29 19:32:33,478] [MainProcess] RunR: builtin_fetch_object at node:4
[2026-09-29 19:32:33,481] [MainProcess] RunR: builtin_fetch_object at node:4
[2026-09-29 19:32:33,505] [MainProcess] RunR: builtin_fetch_object at node:4
[2026-09-29 19:32:33,507] [MainProcess] RunR: builtin_fetch_object at node:4
[2026-09-29 19:32:33,508] [MainProcess] RunR: builtin_fetch_object at node:4
[2026-09-29 19:32:33,549] [MainProcess] RunR: builtin_fetch_object at node:4
[2026-09-29 19:32:33,551] [MainProcess] RunR: builtin_fetch_object at node:4
[2026-09-29 19:32:33,590] [MainProcess] RunR: builtin_fetch_object at node:4
[2026-09-29 19:32:33,623] [MainProcess] RunR: builtin_fetch_object at node:4
[2026-09-29 19:32:33,632] [MainProcess] RunR: builtin_fetch_object at node:4
[2026-09-29 19:32:33,678] [MainProcess] RunR: builtin_fetch_object at node:4
[2026-09-29 19:32:33,680] [MainProcess] RunR: builtin_fetch_object at node:4
[2026-09-29 19:32:33,707] [MainProcess] RunR: builtin_fetch_object at node:4
[2026-09-29 19:32:33,718] [MainProcess] RunR: builtin_fetch_object at node:4
[2026-09-29 19:32:33,720] [MainProcess] RunR: builtin_fetch_object at node:4
[2026-09-29 19:32:33,727] [MainProcess] RunR: builtin_fetch_object at node:4
[2026-09-29 19:32:33,729] [MainProcess] RunR: builtin_fetch_object at node:4
[2026-09-29 19:32:33,772] [MainProcess] RunR: builtin_fetch_object at node:4
[2026-09-29 19:32:33,852] [MainProcess] RunR: builtin_fetch_object at node:4
[2026-09-29 19:32:33,887] [MainProcess] RunR: builtin_fetch_object at node:4
[2026-09-29 19:32:33,889] [MainProcess] RunR: builtin_fetch_object at node:4
[2026-09-29 19:32:33,891] [MainProcess] RunR: builtin_fetch_object at node:4
[2026-09-29 19:32:33,926] [MainProcess] RunR: builtin_fetch_object at node:4
[2026-09-29 19:32:33,926] [MainProcess] RunR: builtin_fetch_object at node:4
[2026-09-29 19:32:33,928] [MainProcess] RunR: builtin_fetch_object at node:4
[2026-09-29 19:32:33,928] [MainProcess] RunR: builtin_fetch_object at node:4
[2026-09-29 19:32:33,942] [MainProcess] RunR: builtin_fetch_object at node:4
[2026-09-29 19:32:33,943] [MainProcess] RunR: builtin_fetch_object at node:4
[2026-09-29 19:32:33,943] [MainProcess] RunR: builtin_fetch_object at node:4
[2026-09-29 19:32:33,979] [MainProcess] RunR: builtin_fetch_object at node:4
[2026-09-29 19:32:34,050] [MainProcess] RunR: builtin_fetch_object at node:4
[2026-09-29 19:32:34,053] [MainProcess] RunR: builtin_fetch_object at node:4
[2026-09-29 19:32:34,100] [MainProcess] RunR: builtin_fetch_object at node:4
[2026-09-29 19:32:34,102] [MainProcess] RunR: builtin_fetch_object at node:4
[2026-09-29 19:32:34,104] [MainProcess] RunR: builtin_fetch_object at node:4
[2026-09-29 19:32:34,106] [MainProcess] RunR: builtin_fetch_object at node:4
[2026-09-29 19:32:34,130] [MainProcess] RunR: builtin_fetch_object at node:4
[2026-09-29 19:32:34,133] [MainProcess] RunR: builtin_fetch_object at node:4
[2026-09-29 19:32:34,152] [MainProcess] RunR: builtin_fetch_object at node:4
[2026-09-29 19:32:34,155] [MainProcess] RunR: builtin_fetch_object at node:4
[2026-09-29 19:32:34,155] [MainProcess] RunR: builtin_fetch_object at node:4
[2026-09-29 19:32:34,157] [MainProcess] RunR: builtin_fetch_object at node:4
[2026-09-29 19:32:34,157] [MainProcess] RunR: builtin_fetch_object at node:4
[2026-09-29 19:32:34,182] [MainProcess] RunR: builtin_fetch_object at node:4
[2026-09-29 19:32:34,182] [MainProcess] RunR: builtin_fetch_object at node:4
[2026-09-29 19:32:34,207] [MainProcess] RunR: builtin_fetch_object at node:4
[2026-09-29 19:32:34,233] [MainProcess] RunR: builtin_fetch_object at node:4
[2026-09-29 19:32:34,236] [MainProcess] RunR: builtin_fetch_object at node:4
[2026-09-29 19:32:34,260] [MainProcess] RunR: builtin_fetch_object at node:4
[2026-09-29 19:32:34,265] [MainProcess] RunR: builtin_fetch_object at node:4
[2026-09-29 19:32:34,266] [MainProcess] RunR: builtin_fetch_object at node:4
[2026-09-29 19:32:34,279] [MainProcess] RunR: builtin_fetch_object at node:4
[2026-09-29 19:32:34,321] [MainProcess] RunR: builtin_fetch_object at node:4
[2026-09-29 19:32:34,323] [MainProcess] RunR: builtin_fetch_object at node:4
[2026-09-29 19:32:34,364] [MainProcess] RunR: builtin_fetch_object at node:4
[2026-09-29 19:32:34,377] [MainProcess] RunR: builtin_fetch_object at node:4
[2026-09-29 19:32:34,402] [MainProcess] RunR: builtin_fetch_object at node:4
[2026-09-29 19:32:34,405] [MainProcess] RunR: builtin_fetch_object at node:4
[2026-09-29 19:32:34,452] [MainProcess] RunR: builtin_fetch_object at node:4
[2026-09-29 19:32:34,453] [MainProcess] RunR: builtin_fetch_object at node:4
[2026-09-29 19:32:34,455] [MainProcess] RunR: builtin_fetch_object at node:4
[2026-09-29 19:32:34,469] [MainProcess] RunR: builtin_fetch_object at node:4
[2026-09-29 19:32:34,505] [MainProcess] RunR: builtin_fetch_object at node:4
[2026-09-29 19:32:34,514] [MainProcess] RunR: builtin_fetch_object at node:4
[2026-09-29 19:32:34,562] [MainProcess] RunR: builtin_fetch_object at node:4
[2026-09-29 19:32:34,576] [MainProcess] RunR: builtin_fetch_object at node:4
[2026-09-29 19:32:34,656] [MainProcess] RunR: builtin_fetch_object at node:4
[2026-09-29 19:32:34,658] [MainProcess] RunR: builtin_fetch_object at node:4
[2026-09-29 19:32:34,671] [MainProcess] RunR: builtin_fetch_object at node:4
[2026-09-29 19:32:34,678] [MainProcess] RunR: builtin_fetch_object at node:4
[2026-09-29 19:32:34,731] [MainProcess] RunR: builtin_fetch_object at node:4
[2026-09-29 19:32:34,747] [MainProcess] RunR: builtin_fetch_object at node:4
[2026-09-29 19:32:34,749] [MainProcess] RunR: builtin_fetch_object at node:4
[2026-09-29 19:32:34,749] [MainProcess] RunR: builtin_fetch_object at node:4
[2026-09-29 19:32:34,750] [MainProcess] RunR: builtin_fetch_object at node:4
[2026-09-29 19:32:34,762] [MainProcess] RunR: builtin_fetch_object at node:4
[2026-09-29 19:32:34,786] [MainProcess] RunR: builtin_fetch_object at node:4
[2026-09-29 19:32:34,791] [MainProcess] RunR: builtin_fetch_object at node:4
[2026-09-29 19:32:34,842] [MainProcess] RunR: builtin_fetch_object at node:4
[2026-09-29 19:32:34,842] [MainProcess] RunR: builtin_fetch_object at node:4
[2026-09-29 19:32:34,844] [MainProcess] RunR: builtin_fetch_object at node:4
[2026-09-29 19:32:34,851] [MainProcess] RunR: builtin_fetch_object at node:4
[2026-09-29 19:32:34,884] [MainProcess] RunR: builtin_fetch_object at node:4
[2026-09-29 19:32:34,896] [MainProcess] RunR: builtin_fetch_object at node:4
[2026-09-29 19:32:34,930] [MainProcess] RunR: builtin_fetch_object at node:4
[2026-09-29 19:32:34,933] [MainProcess] RunR: builtin_fetch_object at node:4
[2026-09-29 19:32:34,957] [MainProcess] RunR: builtin_fetch_object at node:4
[2026-09-29 19:32:34,959] [MainProcess] RunR: builtin_fetch_object at node:4
[2026-09-29 19:32:34,984] [MainProcess] RunR: builtin_fetch_object at node:4
[2026-09-29 19:32:34,985] [MainProcess] RunR: builtin_fetch_object at node:4
[2026-09-29 19:32:34,987] [MainProcess] RunR: builtin_fetch_object at node:4
[2026-09-29 19:32:34,988] [MainProcess] RunR: builtin_fetch_object at node:4
[2026-09-29 19:32:35,015] [MainProcess] RunR: builtin_fetch_object at node:4
[2026-09-29 19:32:35,017] [MainProcess] RunR: builtin_fetch_object at node:4
[2026-09-29 19:32:35,041] [MainProcess] RunR: builtin_fetch_object at node:4
[2026-09-29 19:32:35,044] [MainProcess] RunR: builtin_fetch_object at node:4
[2026-09-29 19:32:35,067] [MainProcess] RunR: builtin_fetch_object at node:4
[2026-09-29 19:32:35,068] [MainProcess] RunR: builtin_fetch_object at node:4
[2026-09-29 19:32:35,070] [MainProcess] RunR: builtin_fetch_object at node:4
[2026-09-29 19:32:35,097] [MainProcess] RunR: builtin_fetch_object at node:4
[2026-09-29 19:32:35,132] [MainProcess] RunR: builtin_fetch_object at node:4
[2026-09-29 19:32:35,134] [MainProcess] RunR: builtin_fetch_object at node:4
[2026-09-29 19:32:35,176] [MainProcess] RunR: builtin_fetch_object at node:4
[2026-09-29 19:32:35,183] [MainProcess] RunR: builtin_fetch_object at node:4
[2026-09-29 19:32:35,206] [MainProcess] RunR: builtin_fetch_object at node:4
[2026-09-29 19:32:35,209] [MainProcess] RunR: builtin_fetch_object at node:4
[2026-09-29 19:32:35,237] [MainProcess] RunR: builtin_fetch_object at node:4
[2026-09-29 19:32:35,238] [MainProcess] RunR: builtin_fetch_object at node:4
[2026-09-29 19:32:35,251] [MainProcess] RunR: builtin_fetch_object at node:4
[2026-09-29 19:32:35,251] [MainProcess] RunR: builtin_fetch_object at node:4
[2026-09-29 19:32:35,286] [MainProcess] RunR: builtin_fetch_object at node:4
[2026-09-29 19:32:35,294] [MainProcess] RunR: builtin_fetch_object at node:4
[2026-09-29 19:32:35,336] [MainProcess] RunR: builtin_fetch_object at node:4
[2026-09-29 19:32:35,339] [MainProcess] RunR: builtin_fetch_object at node:4
[2026-09-29 19:32:35,383] [MainProcess] RunR: builtin_fetch_object at node:4
[2026-09-29 19:32:35,431] [MainProcess] RunR: builtin_fetch_object at node:4
[2026-09-29 19:32:35,434] [MainProcess] RunR: builtin_fetch_object at node:4
[2026-09-29 19:32:35,442] [MainProcess] RunR: builtin_fetch_object at node:4
[2026-09-29 19:32:35,486] [MainProcess] RunR: builtin_fetch_object at node:4
[2026-09-29 19:32:35,502] [MainProcess] RunR: builtin_fetch_object at node:4
[2026-09-29 19:32:35,504] [MainProcess] RunR: builtin_fetch_object at node:4
[2026-09-29 19:32:35,516] [MainProcess] RunR: builtin_fetch_object at node:4
[2026-09-29 19:32:35,517] [MainProcess] RunR: builtin_fetch_object at node:4
[2026-09-29 19:32:35,528] [MainProcess] RunR: builtin_fetch_object at node:4
[2026-09-29 19:32:35,539] [MainProcess] RunR: builtin_fetch_object at node:4
[2026-09-29 19:32:35,542] [MainProcess] RunR: builtin_fetch_object at node:4
[2026-09-29 19:32:35,578] [MainProcess] RunR: builtin_fetch_object at node:4
[2026-09-29 19:32:35,581] [MainProcess] RunR: builtin_fetch_object at node:4
[2026-09-29 19:32:35,605] [MainProcess] RunR: builtin_fetch_object at node:4
[2026-09-29 19:32:35,607] [MainProcess] RunR: builtin_fetch_object at node:4
[2026-09-29 19:32:35,620] [MainProcess] RunR: builtin_fetch_object at node:4
[2026-09-29 19:32:35,620] [MainProcess] RunR: builtin_fetch_object at node:4
[2026-09-29 19:32:35,634] [MainProcess] RunR: builtin_fetch_object at node:4
[2026-09-29 19:32:35,634] [MainProcess] RunR: builtin_fetch_object at node:4
[2026-09-29 19:32:35,693] [MainProcess] RunR: builtin_fetch_object at node:4
[2026-09-29 19:32:35,695] [MainProcess] RunR: builtin_fetch_object at node:4
[2026-09-29 19:32:35,706] [MainProcess] RunR: builtin_fetch_object at node:4
[2026-09-29 19:32:35,707] [MainProcess] RunR: builtin_fetch_object at node:4
[2026-09-29 19:32:35,709] [MainProcess] RunR: builtin_fetch_object at node:4
[2026-09-29 19:32:35,716] [MainProcess] RunR: builtin_fetch_object at node:4
[2026-09-29 19:32:35,736] [MainProcess] RunR: builtin_fetch_object at node:4
[2026-09-29 19:32:35,738] [MainProcess] RunR: builtin_fetch_object at node:4
[2026-09-29 19:32:35,738] [MainProcess] RunR: builtin_fetch_object at node:4
[2026-09-29 19:32:35,764] [MainProcess] RunR: builtin_fetch_object at node:4
[2026-09-29 19:32:35,801] [MainProcess] RunR: builtin_fetch_object at node:4
[2026-09-29 19:32:35,805] [MainProcess] RunR: builtin_fetch_object at node:4
[2026-09-29 19:32:35,839] [MainProcess] RunR: builtin_fetch_object at node:4
[2026-09-29 19:32:35,842] [MainProcess] RunR: builtin_fetch_object at node:4
[2026-09-29 19:32:35,878] [MainProcess] RunR: builtin_fetch_object at node:4
[2026-09-29 19:32:35,887] [MainProcess] RunR: builtin_fetch_object at node:4
[2026-09-29 19:32:35,913] [MainProcess] RunR: builtin_fetch_object at node:4
[2026-09-29 19:32:35,915] [MainProcess] RunR: builtin_fetch_object at node:4
[2026-09-29 19:32:35,941] [MainProcess] RunR: builtin_fetch_object at node:4
[2026-09-29 19:32:35,944] [MainProcess] RunR: builtin_fetch_object at node:4
[2026-09-29 19:32:35,946] [MainProcess] RunR: builtin_fetch_object at node:4
[2026-09-29 19:32:35,948] [MainProcess] RunR: builtin_fetch_object at node:4
[2026-09-29 19:32:36,001] [MainProcess] RunR: builtin_fetch_object at node:4
[2026-09-29 19:32:36,002] [MainProcess] RunR: builtin_fetch_object at node:4
[2026-09-29 19:32:36,004] [MainProcess] RunR: builtin_fetch_object at node:4
[2026-09-29 19:32:36,043] [MainProcess] RunR: builtin_fetch_object at node:4
[2026-09-29 19:32:36,123] [MainProcess] RunR: builtin_fetch_object at node:4
[2026-09-29 19:32:36,130] [MainProcess] RunR: builtin_fetch_object at node:4
[2026-09-29 19:32:36,188] [MainProcess] RunR: builtin_fetch_object at node:4
[2026-09-29 19:32:36,200] [MainProcess] RunR: builtin_fetch_object at node:4
[2026-09-29 19:32:36,203] [MainProcess] RunR: builtin_fetch_object at node:4
[2026-09-29 19:32:36,205] [MainProcess] RunR: builtin_fetch_object at node:4
[2026-09-29 19:32:36,241] [MainProcess] RunR: builtin_fetch_object at node:4
[2026-09-29 19:32:36,244] [MainProcess] RunR: builtin_fetch_object at node:4
[2026-09-29 19:32:36,246] [MainProcess] RunR: builtin_fetch_object at node:4
[2026-09-29 19:32:36,248] [MainProcess] RunR: builtin_fetch_object at node:4
[2026-09-29 19:32:36,305] [MainProcess] RunR: builtin_fetch_object at node:4
[2026-09-29 19:32:36,305] [MainProcess] RunR: builtin_fetch_object at node:4
[2026-09-29 19:32:36,318] [MainProcess] RunR: builtin_fetch_object at node:4
[2026-09-29 19:32:36,321] [MainProcess] RunR: builtin_fetch_object at node:4
[2026-09-29 19:32:36,351] [MainProcess] RunR: builtin_fetch_object at node:4
[2026-09-29 19:32:36,353] [MainProcess] RunR: builtin_fetch_object at node:4
[2026-09-29 19:32:36,409] [MainProcess] RunR: builtin_fetch_object at node:4
[2026-09-29 19:32:36,427] [MainProcess] RunR: builtin_fetch_object at node:4
[2026-09-29 19:32:36,466] [MainProcess] RunR: builtin_fetch_object at node:4
[2026-09-29 19:32:36,469] [MainProcess] RunR: builtin_fetch_object at node:4
[2026-09-29 19:32:36,470] [MainProcess] RunR: builtin_fetch_object at node:4
[2026-09-29 19:32:36,484] [MainProcess] RunR: builtin_fetch_object at node:4
[2026-09-29 19:32:36,511] [MainProcess] RunR: builtin_fetch_object at node:4
[2026-09-29 19:32:36,514] [MainProcess] RunR: builtin_fetch_object at node:4
[2026-09-29 19:32:36,546] [MainProcess] RunR: builtin_fetch_object at node:4
[2026-09-29 19:32:36,548] [MainProcess] RunR: builtin_fetch_object at node:4
[2026-09-29 19:32:36,572] [MainProcess] RunR: builtin_fetch_object at node:4
[2026-09-29 19:32:36,573] [MainProcess] RunR: builtin_fetch_object at node:4
[2026-09-29 19:32:36,575] [MainProcess] RunR: builtin_fetch_object at node:4
[2026-09-29 19:32:36,576] [MainProcess] RunR: builtin_fetch_object at node:4
[2026-09-29 19:32:36,609] [MainProcess] RunR: builtin_fetch_object at node:4
[2026-09-29 19:32:36,609] [MainProcess] RunR: builtin_fetch_object at node:4
[2026-09-29 19:32:36,622] [MainProcess] RunR: builtin_fetch_object at node:4
[2026-09-29 19:32:36,622] [MainProcess] RunR: builtin_fetch_object at node:4
[2026-09-29 19:32:36,698] [MainProcess] RunR: builtin_fetch_object at node:4
[2026-09-29 19:32:36,701] [MainProcess] RunR: builtin_fetch_object at node:4
[2026-09-29 19:32:36,721] [MainProcess] RunR: builtin_fetch_object at node:4
[2026-09-29 19:32:36,723] [MainProcess] RunR: builtin_fetch_object at node:4
[2026-09-29 19:32:36,748] [MainProcess] RunR: builtin_fetch_object at node:4
[2026-09-29 19:32:36,748] [MainProcess] RunR: builtin_fetch_object at node:4
[2026-09-29 19:32:36,751] [MainProcess] RunR: builtin_fetch_object at node:4
[2026-09-29 19:32:36,752] [MainProcess] RunR: builtin_fetch_object at node:4
[2026-09-29 19:32:36,769] [MainProcess] RunR: builtin_fetch_object at node:4
[2026-09-29 19:32:36,772] [MainProcess] RunR: builtin_fetch_object at node:4
[2026-09-29 19:32:36,800] [MainProcess] RunR: builtin_fetch_object at node:4
[2026-09-29 19:32:36,814] [MainProcess] RunR: builtin_fetch_object at node:4
[2026-09-29 19:32:36,814] [MainProcess] RunR: builtin_fetch_object at node:4
[2026-09-29 19:32:36,870] [MainProcess] RunR: builtin_fetch_object at node:4
[2026-09-29 19:32:36,947] [MainProcess] RunR: builtin_fetch_object at node:4
[2026-09-29 19:32:36,951] [MainProcess] RunR: builtin_fetch_object at node:4
[2026-09-29 19:32:36,991] [MainProcess] RunR: builtin_fetch_object at node:4
[2026-09-29 19:32:36,994] [MainProcess] RunR: builtin_fetch_object at node:4
[2026-09-29 19:32:37,031] [MainProcess] RunR: builtin_fetch_object at node:4
[2026-09-29 19:32:37,044] [MainProcess] RunR: builtin_fetch_object at node:4
[2026-09-29 19:32:37,047] [MainProcess] RunR: builtin_fetch_object at node:4
[2026-09-29 19:32:37,054] [MainProcess] RunR: builtin_fetch_object at node:4
[2026-09-29 19:32:37,098] [MainProcess] RunR: builtin_fetch_object at node:4
[2026-09-29 19:32:37,100] [MainProcess] RunR: builtin_fetch_object at node:4
[2026-09-29 19:32:37,130] [MainProcess] RunR: builtin_fetch_object at node:4
[2026-09-29 19:32:37,132] [MainProcess] RunR: builtin_fetch_object at node:4
[2026-09-29 19:32:37,144] [MainProcess] RunR: builtin_fetch_object at node:4
[2026-09-29 19:32:37,147] [MainProcess] RunR: builtin_fetch_object at node:4
[2026-09-29 19:32:37,199] [MainProcess] RunR: builtin_fetch_object at node:4
[2026-09-29 19:32:37,201] [MainProcess] RunR: builtin_fetch_object at node:4
[2026-09-29 19:32:37,243] [MainProcess] RunR: builtin_fetch_object at node:4
[2026-09-29 19:32:37,245] [MainProcess] RunR: builtin_fetch_object at node:4
[2026-09-29 19:32:37,283] [MainProcess] RunR: builtin_fetch_object at node:4
[2026-09-29 19:32:37,285] [MainProcess] RunR: builtin_fetch_object at node:4
[2026-09-29 19:32:37,330] [MainProcess] RunR: builtin_fetch_object at node:4
[2026-09-29 19:32:37,333] [MainProcess] RunR: builtin_fetch_object at node:4
[2026-09-29 19:36:26,721] [MainProcess] RunR: builtin_gc at node:4
[2026-09-29 19:36:26,732] [MainProcess] RunR: builtin_gc at node:4
[2026-09-29 19:36:26,747] [MainProcess] RunR: builtin_gc at node:4
[2026-09-29 19:36:26,756] [MainProcess] RunR: builtin_gc at node:4
[2026-09-29 19:36:26,765] [MainProcess] RunR: builtin_gc at node:4
[2026-09-29 19:36:26,778] [MainProcess] RunR: builtin_gc at node:4
[2026-09-29 19:36:26,788] [MainProcess] RunR: builtin_gc at node:4
[2026-09-29 19:36:26,798] [MainProcess] RunR: builtin_gc at node:4
[2026-09-29 19:36:26,807] [MainProcess] RunR: builtin_gc at node:4
[2026-09-29 19:36:26,822] [MainProcess] RunR: builtin_gc at node:4
[2026-09-29 19:36:26,830] [MainProcess] RunR: builtin_gc at node:4
[2026-09-29 19:36:26,838] [MainProcess] RunR: builtin_gc at node:4
[2026-09-29 19:36:27,081] [MainProcess] RunR: builtin_gc at node:4
[2026-09-29 19:36:27,088] [MainProcess] RunR: builtin_gc at node:4
[2026-09-29 19:36:27,095] [MainProcess] RunR: builtin_gc at node:4
[2026-09-29 19:36:27,103] [MainProcess] RunR: builtin_gc at node:4
