# timestamp_ms VmRSS_kB VmPeak_kB VmHWM_kB
1790724766952 436672 16276392 436672
1790724766993 436728 16276392 436728
1790724767034 439004 16278440 439004
1790724767059 440636 16280056 440636
1790724767084 442316 16959580 442316
1790724767108 559652 16959580 559652
1790724767263 637144 17177948 637144
1790724767300 637968 17464696 637968
1790724767351 638884 17464696 638884
1790724767378 640032 17616380 640032
1790724767403 640032 17616380 640032
1790724767429 697380 17616380 697380
1790724767469 699608 17616380 699608
1790724767495 699608 17616380 699608
1790724767519 699620 17616380 699620
1790724767543 699628 17616380 699628
1790724767568 699644 17616380 699644
1790724767594 699644 17616380 699644
1790724767619 699648 17616380 699648
1790724767644 699648 17616380 699648
1790724767669 699656 17616380 699656
1790724767694 699656 17616380 699656
1790724767719 699656 17616380 699656
1790724767745 699656 17616380 699656
1790724767769 699668 17616380 699668
1790724767794 699668 17616380 699668
1790724767819 699672 17616380 699672
1790724767844 699672 17616380 699672
1790724767869 699672 17616380 699672
1790724767895 699672 17616380 699672
1790724767921 699672 17616380 699672
1790724767946 699672 17616380 699672
1790724767972 699672 17616380 699672
1790724767996 699676 17616380 699676
1790724768021 699688 17616380 699688
1790724768046 699688 17616380 699688
1790724768070 699688 17616380 699688
1790724768095 699704 17616380 699704
1790724768120 715792 17616380 715792
1790724768160 719788 17616380 719788
1790724768185 725852 17716732 725852
1790724768210 728248 18142716 728248
1790724768235 732504 18177540 732504
1790724768324 732580 18177540 732580
1790724768350 735312 18177540 735312
1790724768375 737320 18177808 737320
1790724768401 737320 18177808 737320
1790724768426 739360 18440196 739360
1790724768451 740320 18440196 740320
1790724768479 740452 18440196 740452
1790724768508 740752 18440196 740752
1790724768533 742440 18440196 742440
1790724768558 743264 18440196 743264
1790724768589 743448 18440196 743448
1790724768616 744992 18440196 744992
1790724768644 747340 18440196 747340
1790724768689 747340 18440196 747340
1790724768717 750028 18440196 750028
1790724768743 750028 18440196 750028
1790724768778 750028 18440196 750028
1790724768802 750028 18440196 750028
1790724768829 750032 18440196 750032
1790724768871 751564 18440196 751564
1790724768903 751572 18440196 751572
1790724768954 751600 18440196 751600
1790724768983 751600 18440196 751600
1790724769009 751600 18440196 751600
1790724769036 751600 18440196 751600
1790724769063 751600 18440196 751600
1790724769127 755696 18440196 755696
1790724769155 757744 18440196 757744
1790724769181 757744 18440196 757744
1790724769207 757744 18440196 757744
1790724769236 757744 18440196 757744
1790724769264 757744 18440196 757744
1790724769290 758968 18440196 758968
1790724769315 769796 18931968 769760
1790724769357 778960 18931968 778960
1790724769383 778960 18931968 778960
1790724769409 780132 18931968 780104
1790724769435 787308 18989912 787308
1790724769476 795860 18989912 795860
1790724769502 795860 18989912 795860
1790724769527 796888 19876316 796888
1790724769554 803548 19876316 803548
1790724769597 810388 19876316 810388
1790724769624 810388 19876316 810388
1790724769667 819780 19876316 819772
1790724769710 822196 19876316 822196
1790724769736 822196 19876316 822196
1790724769763 852044 19876316 852008
1790724769806 886992 19876316 886992
1790724769848 887832 19876316 887832
1790724769875 893704 19876316 893704
1790724769902 910092 19876316 910092
1790724769946 910092 19876316 910092
1790724769973 911136 19876316 911136
1790724770000 934184 19876316 934184
1790724770045 936708 19876316 936708
1790724770073 936708 19876316 936708
1790724770100 936708 19876316 936708
1790724770127 936708 19876316 936708
1790724770155 938972 19876316 938972
1790724770182 939292 19876316 939292
1790724770214 943992 19876316 943992
1790724770254 948872 19876316 948864
1790724770284 948936 19876316 948936
1790724770312 948936 19876316 948936
1790724770364 954972 19876316 954972
1790724770417 956044 19876316 956044
1790724770473 966124 19876316 966124
1790724770526 976852 19876572 976852
1790724770570 976852 19876572 976852
1790724770607 982692 19876572 982692
1790724770661 986672 19876572 986672
1790724770689 1003052 19876572 1003052
1790724770735 1003052 19876572 1003052
1790724770762 1005100 19876572 1005100
1790724770794 1005152 19876572 1005152
1790724770822 1005152 19876572 1005152
1790724770853 1005152 19876572 1005152
1790724770918 1038672 19876572 1038632
1790724770964 1078796 19876572 1078796
1790724771011 1091224 19876572 1091224
1790724771043 1091224 19876572 1091224
1790724771101 1091224 19876572 1091224
1790724771135 1091224 19876572 1091224
1790724771166 1091224 19876572 1091224
1790724771221 1091224 19876572 1091224
1790724771285 1091224 19876572 1091224
1790724771345 1091228 19876572 1091228
1790724771376 1091228 19876572 1091228
1790724771405 1091228 19876572 1091228
1790724771441 1091228 19876572 1091228
1790724771515 1091228 19876572 1091228
1790724771566 1093276 19876572 1093276
1790724771592 1093276 19876572 1093276
1790724771638 1093280 19876572 1093280
1790724771676 1093284 19876572 1093284
1790724771710 1093296 19876572 1093296
1790724771740 1093296 19876572 1093296
1790724771791 1093300 19876572 1093300
1790724771821 1093300 19876572 1093300
1790724771848 1093300 19876572 1093300
1790724771895 1093300 19876572 1093300
1790724771936 1093300 19876572 1093300
1790724771970 1093300 19876572 1093300
1790724772039 1093300 19876572 1093300
1790724772099 1124184 19876572 1124184
1790724772146 1124184 19876572 1124184
1790724772173 1136272 19876572 1136272
1790724772218 1136272 19876572 1136272
1790724772254 1136272 19876572 1136272
1790724772284 1136272 19876572 1136272
1790724772320 1154708 19895008 1154708
1790724772378 1136276 19895008 1146024
1790724772406 1136276 19895008 1146024
1790724772435 1136276 19895008 1146024
1790724772462 1136344 19895008 1146024
1790724772491 1137460 19895008 1146024
1790724772519 1138156 19895008 1146024
1790724772548 1138892 20171480 1146024
1790724772576 1145908 20171480 1146024
1790724772605 1147516 20171480 1147516
1790724772633 1147548 20171480 1147548
1790724772666 1148716 20171480 1148716
1790724772695 1149232 20171480 1149232
1790724772726 1149232 20171480 1149232
1790724772754 1150232 20171480 1150232
1790724772782 1174012 20237016 1173972
1790724772811 1176520 20237016 1176520
1790724772842 1176520 20237016 1176520
1790724772870 1192984 20270808 1192984
1790724772919 1193048 20303576 1193048
1790724772951 1193048 20303576 1193048
1790724772981 1193048 20303576 1193048
1790724773010 1193824 20303576 1193824
1790724773038 1193824 20303576 1193824
1790724773068 1193824 20303576 1193824
1790724773097 1193824 20303576 1193824
1790724773126 1193824 20303576 1193824
1790724773155 1193824 20303576 1193824
1790724773185 1193888 20303576 1193888
1790724773214 1193888 20303576 1193888
1790724773242 1193888 20303576 1193888
1790724773271 1193892 20303576 1193892
1790724773301 1193892 20303576 1193892
1790724773330 1226668 20336344 1226668
1790724773383 1226900 20336344 1226900
1790724773413 1226900 20336344 1226900
1790724773443 1226972 20336344 1226972
1790724773473 1226976 20336344 1226976
1790724773503 1226976 20336344 1226976
1790724773533 1226976 20336344 1226976
1790724773563 1227800 20336344 1227800
1790724773591 1228512 20336344 1228512
1790724773619 1229904 20598488 1229904
1790724773649 1230268 20598488 1230268
1790724773678 1232596 20598488 1232596
1790724773707 1232656 20664024 1232656
1790724773737 1232656 20664024 1232656
1790724773766 1232660 20664024 1232660
1790724773796 1232660 20664024 1232660
1790724773825 1232660 20664024 1232660
1790724773854 1232660 20664024 1232660
1790724773884 1232672 20664024 1232672
1790724773922 1232672 20664024 1232672
1790724773951 1234972 20664024 1234972
1790724773997 1237272 20664024 1237272
1790724774026 1237272 20664024 1237272
1790724774054 1237272 20664024 1237272
1790724774089 1239576 20664024 1239576
1790724774137 1240212 20664024 1240212
1790724774169 1242112 20664024 1242112
1790724774220 1245612 20664024 1245612
1790724774252 1245612 20664024 1245612
1790724774282 1254220 20664024 1254208
1790724774335 1257220 20664024 1257220
1790724774364 1257220 20664024 1257220
1790724774421 1264296 20664024 1264296
1790724774455 1267044 20664024 1267044
1790724774484 1267632 20664024 1267632
1790724774526 1288372 20664024 1288372
1790724774578 1288372 20664024 1288372
1790724774607 1292980 20664024 1292980
1790724774644 1302196 20670552 1302196
1790724774680 1302196 20670552 1302196
1790724774718 1302196 20670552 1302196
1790724774747 1302196 20670552 1302196
1790724774776 1302196 20670552 1302196
1790724774817 1263032 20762892 1383176
1790724774890 1263032 20762892 1383176
1790724774949 1263596 20762892 1383176
1790724775012 1268196 20762892 1383176
1790724775065 1268196 20762892 1383176
1790724775121 1286632 20762892 1383176
1790724775151 1288936 20762892 1383176
1790724775216 1288936 20762892 1383176
1790724775247 1298332 20762892 1383176
1790724775277 1317652 20762892 1383176
1790724775336 1344348 20762892 1383176
1790724775412 1344348 20762892 1383176
1790724775453 1344348 20762892 1383176
1790724775497 1344348 20762892 1383176
1790724775528 1344348 20762892 1383176
1790724775605 1344348 20762892 1383176
1790724775725 1344348 20762892 1383176
1790724775798 1368040 20762892 1383176
1790724775827 1371940 20762892 1383176
1790724775879 1371940 20762892 1383176
1790724775919 1408804 20776588 1408804
1790724776011 1408804 20776588 1408804
1790724776043 1408804 20776588 1408804
1790724776076 1408804 20776588 1408804
1790724776108 1408804 20776588 1408804
1790724776139 1408804 20776588 1408804
1790724776168 1314292 20776588 1399924
1790724776199 1314292 20776588 1399924
1790724776231 1314292 20776588 1399924
1790724776266 1314292 20776588 1399924
1790724776298 1314292 20776588 1399924
1790724776329 1314292 20776588 1399924
1790724776360 1314292 20776588 1399924
1790724776391 1314292 20776588 1399924
1790724776421 1314292 20776588 1399924
1790724776452 1314292 20776588 1399924
1790724776484 1314292 20776588 1399924
1790724776515 1314296 20776588 1399924
1790724776546 1314296 20776588 1399924
1790724776577 1314452 20776588 1399924
1790724776609 1314452 20776588 1399924
1790724776640 1314452 20776588 1399924
1790724776671 1314452 20776588 1399924
1790724776702 1314452 20776588 1399924
1790724776732 1314452 20776588 1399924
1790724776763 1314452 20776588 1399924
1790724776800 1314452 20776588 1399924
1790724776846 1319052 20776588 1399924
1790724776897 1321352 20776588 1399924
1790724776952 1323652 20776588 1399924
1790724777027 1332872 20776588 1399924
1790724777113 1339728 20776588 1399924
1790724777151 1342084 20776588 1399924
1790724777188 1342084 20776588 1399924
1790724777219 1342084 20776588 1399924
1790724777285 1342084 20776588 1399924
1790724777330 1367612 20776588 1414508
1790724777438 1367612 20776588 1414508
1790724777530 1367612 20776588 1414508
1790724777606 1367612 20776588 1414508
1790724777648 1367612 20776588 1414508
1790724777713 1422900 20776588 1422900
1790724777780 1395192 20776588 1415108
1790724777847 1395192 20776588 1415108
1790724777901 1395192 20776588 1415108
1790724777958 1395192 20776588 1415108
1790724778059 1401976 20776588 1415108
1790724778122 1450428 20790420 1450428
1790724778250 1367612 20790420 1441524
1790724778290 1367612 20790420 1441524
1790724778322 1367612 20790420 1441524
1790724778353 1367612 20790420 1441524
1790724778384 1367612 20790420 1441524
1790724778415 1367612 20790420 1441524
1790724778446 1367612 20790420 1441524
1790724778478 1367612 20790420 1441524
1790724778509 1367612 20790420 1441524
1790724778540 1367612 20790420 1441524
1790724778571 1367612 20790420 1441524
1790724778602 1367612 20790420 1441524
1790724778633 1367612 20790420 1441524
1790724778664 1367612 20790420 1441524
1790724778696 1367612 20790420 1441524
1790724778729 1367612 20790420 1441524
1790724778760 1367612 20790420 1441524
1790724778791 1367612 20790420 1441524
1790724778822 1367612 20790420 1441524
1790724778853 1367612 20790420 1441524
1790724778884 1367612 20790420 1441524
1790724778916 1367612 20790420 1441524
1790724778948 1367612 20790420 1441524
1790724778979 1367612 20790420 1441524
1790724779010 1367612 20790420 1441524
1790724779054 1367612 20790420 1441524
1790724779091 1369912 20790420 1441524
1790724779130 1369976 20790420 1441524
1790724779162 1369976 20790420 1441524
1790724779193 1372096 20790420 1441524
1790724779226 1372212 20790420 1441524
1790724779258 1372212 20790420 1441524
1790724779291 1374512 20790420 1441524
1790724779330 1298296 20790420 1441524
1790724779363 1298296 20790420 1441524
1790724779448 1302952 20790420 1441524
1790724779482 1311380 20790420 1441524
1790724779541 1321980 20790420 1441524
1790724779587 1323628 20790420 1441524
1790724779616 1342064 20790420 1441524
1790724779647 1342936 20790420 1441524
1790724779712 1351460 20790420 1441524
1790724779805 1351460 20790420 1441524
1790724779937 1351460 20790420 1441524
1790724780013 1351460 20790420 1441524
1790724780056 1351460 20790420 1441524
1790724780144 1405624 20790420 1441524
1790724780218 1406712 20790420 1441524
1790724780280 1406712 20790420 1441524
1790724780358 1406712 20790420 1441524
1790724780465 1406712 20790420 1441524
1790724780561 1456232 20790420 1456232
1790724780618 1482688 20795048 1482688
1790724780693 1517340 20831912 1517340
1790724780746 1519552 20831912 1519552
1790724780778 1519552 20831912 1519552
1790724780809 1519552 20831912 1519552
1790724780840 1519552 20831912 1519552
1790724780871 1519552 20831912 1519552
1790724780901 1519552 20831912 1519552
1790724780933 1519552 20831912 1519552
1790724780964 1519552 20831912 1519552
1790724780995 1519552 20831912 1519552
1790724781027 1519552 20831912 1519552
1790724781058 1519552 20831912 1519552
1790724781089 1519552 20831912 1519552
1790724781120 1519552 20831912 1519552
1790724781151 1519552 20831912 1519552
1790724781182 1519552 20831912 1519552
1790724781214 1519552 20831912 1519552
1790724781245 1519552 20831912 1519552
1790724781276 1519552 20831912 1519552
1790724781307 1519552 20831912 1519552
1790724781338 1519552 20831912 1519552
1790724781369 1519552 20831912 1519552
1790724781400 1519552 20831912 1519552
1790724781431 1519552 20831912 1519552
1790724781462 1519552 20831912 1519552
1790724781493 1519552 20831912 1519552
1790724781524 1521736 20831912 1521736
1790724781572 1523912 20831912 1523912
1790724781603 1523912 20831912 1523912
1790724781634 1523912 20831912 1523912
1790724781669 1524152 20831912 1524152
1790724781717 1386544 20831912 1516828
1790724781779 1388344 20831912 1516828
1790724781818 1397556 20831912 1516828
1790724781887 1406768 20831912 1516828
1790724781936 1406768 20831912 1516828
1790724781996 1406768 20831912 1516828
1790724782064 1378916 20831912 1516828
1790724782134 1378916 20831912 1516828
1790724782210 1378916 20831912 1516828
1790724782329 1378916 20831912 1516828
1790724782392 1378916 20831912 1516828
1790724782436 1378916 20831912 1516828
1790724782499 1429532 20831912 1516828
1790724782586 1429532 20831912 1516828
1790724782662 1429532 20831912 1516828
1790724782719 1429532 20831912 1516828
1790724782808 1429532 20831912 1516828
1790724782866 1429532 20831912 1516828
1790724782955 1503204 20831912 1516828
1790724783019 1520728 20831912 1520728
1790724783071 1540068 20831912 1540068
1790724783104 1540068 20831912 1540068
1790724783134 1540068 20831912 1540068
1790724783185 1540068 20831912 1540068
1790724783220 1540068 20831912 1540068
1790724783251 1540068 20831912 1540068
1790724783283 1540068 20831912 1540068
1790724783314 1540068 20831912 1540068
1790724783346 1540068 20831912 1540068
1790724783377 1540068 20831912 1540068
1790724783410 1540068 20831912 1540068
1790724783443 1540068 20831912 1540068
1790724783475 1540068 20831912 1540068
1790724783507 1540068 20831912 1540068
1790724783539 1540068 20831912 1540068
1790724783571 1540068 20831912 1540068
1790724783603 1540068 20831912 1540068
1790724783635 1540068 20831912 1540068
1790724783668 1540068 20831912 1540068
1790724783700 1540068 20831912 1540068
1790724783732 1540068 20831912 1540068
1790724783764 1540068 20831912 1540068
1790724783795 1540068 20831912 1540068
1790724783840 1540492 20831912 1540480
1790724783895 1543672 20831912 1543672
1790724783927 1543672 20831912 1543672
1790724783958 1543672 20831912 1543672
1790724783995 1546968 20831912 1546968
1790724784045 1400948 20831912 1537488
1790724784117 1408432 20831912 1537488
1790724784151 1411160 20831912 1537488
1790724784200 1418640 20831912 1537488
1790724784236 1420372 20831912 1537488
1790724784292 1420372 20831912 1537488
1790724784343 1420372 20831912 1537488
1790724784392 1475656 20831912 1537488
1790724784490 1420372 20831912 1537488
1790724784570 1420372 20831912 1537488
1790724784640 1420372 20831912 1537488
1790724784707 1420372 20831912 1537488
1790724784783 1420372 20831912 1537488
1790724784919 1429572 20831912 1537488
1790724784953 1429572 20831912 1537488
1790724785009 1429572 20831912 1537488
1790724785078 1429572 20831912 1537488
1790724785173 1448004 20831912 1537488
1790724785251 1521732 20831912 1537488
1790724785324 1558596 20831912 1558596
1790724785382 1558596 20831912 1558596
1790724785416 1558596 20831912 1558596
1790724785459 1558596 20831912 1558596
1790724785494 1558596 20831912 1558596
1790724785528 1558596 20831912 1558596
1790724785560 1558596 20831912 1558596
1790724785609 1558596 20831912 1558596
1790724785642 1558596 20831912 1558596
1790724785675 1558596 20831912 1558596
1790724785707 1558596 20831912 1558596
1790724785740 1558596 20831912 1558596
1790724785771 1558596 20831912 1558596
1790724785803 1558596 20831912 1558596
1790724785835 1558596 20831912 1558596
1790724785867 1558596 20831912 1558596
1790724785900 1558596 20831912 1558596
1790724785932 1558596 20831912 1558596
1790724785965 1558596 20831912 1558596
1790724785997 1558596 20831912 1558596
1790724786029 1558596 20831912 1558596
1790724786061 1558596 20831912 1558596
1790724786093 1558596 20831912 1558596
1790724786144 1560896 20831912 1560896
1790724786187 1561076 20831912 1561076
1790724786220 1561076 20831912 1561076
1790724786257 1563196 20831912 1563196
1790724786294 1565496 20831912 1565496
1790724786347 1383492 20831912 1558076
1790724786389 1384720 20831912 1558076
1790724786432 1394948 20831912 1558076
1790724786502 1406336 20831912 1558076
1790724786544 1406524 20831912 1558076
1790724786575 1424960 20831912 1558076
1790724786614 1489608 20831912 1558076
1790724786712 1462028 20831912 1558076
1790724786834 1462028 20831912 1558076
1790724786905 1462028 20831912 1558076
1790724786999 1462028 20831912 1558076
1790724787049 1462028 20831912 1558076
1790724787125 1462028 20831912 1558076
1790724787186 1467448 20831912 1558076
1790724787371 1577100 20831912 1577100
1790724787431 1577100 20831912 1577100
1790724787462 1577100 20831912 1577100
1790724787493 1577100 20831912 1577100
1790724787534 1577100 20831912 1577100
1790724787581 1577100 20831912 1577100
1790724787642 1577100 20831912 1577100
1790724787690 1577100 20831912 1577100
1790724787724 1577100 20831912 1577100
1790724787758 1577100 20831912 1577100
1790724787790 1577100 20831912 1577100
1790724787823 1577100 20831912 1577100
1790724787856 1577100 20831912 1577100
1790724787888 1577100 20831912 1577100
1790724787921 1577100 20831912 1577100
1790724787954 1577100 20831912 1577100
1790724787986 1577100 20831912 1577100
1790724788019 1577100 20831912 1577100
1790724788052 1577100 20831912 1577100
1790724788084 1577100 20831912 1577100
1790724788117 1577100 20831912 1577100
1790724788149 1577100 20831912 1577100
1790724788182 1577100 20831912 1577100
1790724788214 1577100 20831912 1577100
1790724788247 1577100 20831912 1577100
1790724788282 1577100 20831912 1577100
1790724788316 1577100 20831912 1577100
1790724788349 1577100 20831912 1577100
1790724788382 1577100 20831912 1577100
1790724788416 1577100 20831912 1577100
1790724788448 1577100 20831912 1577100
1790724788481 1577100 20831912 1577100
1790724788543 1579400 20831912 1579400
1790724788590 1583940 20831912 1583940
1790724788636 1468928 20831912 1578060
1790724788671 1471228 20831912 1578060
1790724788735 1480448 20831912 1578060
1790724788773 1480448 20831912 1578060
1790724788838 1489660 20831912 1578060
1790724788879 1489660 20831912 1578060
1790724788970 1554164 20831912 1578060
1790724789073 1554164 20831912 1578060
1790724789128 1554164 20831912 1578060
1790724789209 1554164 20831912 1578060
1790724789300 1554164 20831912 1578060
1790724789338 1554164 20831912 1578060
1790724789420 1554164 20831912 1578060
1790724789541 1510268 20831912 1578060
1790724789591 1510268 20831912 1578060
1790724789654 1510268 20831912 1578060
1790724789737 1510268 20831912 1578060
1790724789804 1510268 20831912 1578060
1790724789855 1510268 20831912 1578060
1790724789914 1510272 20831912 1578060
1790724789960 1577084 20831912 1578060
1790724789996 1595516 20831912 1595516
1790724790055 1595516 20831912 1595516
1790724790088 1595516 20831912 1595516
1790724790121 1595516 20831912 1595516
1790724790154 1595516 20831912 1595516
1790724790187 1595516 20831912 1595516
1790724790238 1595516 20831912 1595516
1790724790272 1595516 20831912 1595516
1790724790306 1595516 20831912 1595516
1790724790339 1595516 20831912 1595516
1790724790372 1595516 20831912 1595516
1790724790405 1595516 20831912 1595516
1790724790438 1595516 20831912 1595516
1790724790471 1595516 20831912 1595516
1790724790505 1595516 20831912 1595516
1790724790538 1595516 20831912 1595516
1790724790571 1595516 20831912 1595516
1790724790604 1595516 20831912 1595516
1790724790637 1595516 20831912 1595516
1790724790670 1595516 20831912 1595516
1790724790743 1600116 20831912 1600116
1790724790800 1602416 20831912 1602416
1790724790947 1508080 20831912 1594004
1790724791066 1517292 20831912 1594004
1790724791135 1517292 20831912 1594004
1790724791212 1555828 20831912 1594004
1790724791267 1581796 20831912 1594004
1790724791384 1581796 20831912 1594004
1790724791499 1581796 20831912 1594004
1790724791544 1522020 20831912 1594004
1790724791620 1522020 20831912 1594004
1790724791682 1519684 20831912 1594004
1790724791744 1537900 20831912 1594004
1790724791778 1537900 20831912 1594004
1790724791839 1537900 20831912 1594004
1790724791903 1537900 20831912 1594004
1790724791938 1537900 20831912 1594004
1790724791974 1537900 20831912 1594004
1790724792027 1537900 20831912 1594004
1790724792082 1549420 20831912 1594004
1790724792124 1567768 20831912 1594004
1790724792159 1567768 20831912 1594004
1790724792191 1604716 20831912 1604716
1790724792256 1641580 20831912 1641580
1790724792322 1549548 20831912 1634800
1790724792358 1549548 20831912 1634800
1790724792392 1549548 20831912 1634800
1790724792425 1549548 20831912 1634800
1790724792459 1549548 20831912 1634800
1790724792492 1549548 20831912 1634800
1790724792526 1549548 20831912 1634800
1790724792560 1549548 20831912 1634800
1790724792593 1549548 20831912 1634800
1790724792626 1549548 20831912 1634800
1790724792658 1549548 20831912 1634800
1790724792692 1549548 20831912 1634800
1790724792725 1549548 20831912 1634800
1790724792758 1549548 20831912 1634800
1790724792791 1549548 20831912 1634800
1790724792824 1549548 20831912 1634800
1790724792857 1549548 20831912 1634800
1790724792890 1549548 20831912 1634800
1790724792922 1549548 20831912 1634800
1790724792954 1549548 20831912 1634800
1790724792996 1551848 20831912 1634800
1790724793030 1551848 20831912 1634800
1790724793064 1551848 20831912 1634800
1790724793101 1551848 20831912 1634800
1790724793158 1554148 20831912 1634800
1790724793227 1556448 20831912 1634800
1790724793302 1558756 20831912 1634800
1790724793394 1577180 20831912 1634800
1790724793454 1577180 20831912 1634800
1790724793531 1577180 20831912 1634800
1790724793605 1544924 20831912 1634800
1790724793683 1544924 20831912 1634800
1790724793741 1544924 20831912 1634800
1790724793818 1544924 20831912 1634800
1790724793870 1544924 20831912 1634800
1790724793938 1544924 20831912 1634800
1790724793993 1609428 20831912 1634800
1790724794095 1609428 20831912 1634800
1790724794164 1609428 20831912 1634800
1790724794236 1609428 20831912 1634800
1790724794333 1609428 20831912 1634800
1790724794374 1609428 20831912 1634800
1790724794417 1658888 20831912 1658888
1790724794460 1683096 20831912 1683096
1790724794524 1683096 20831912 1683096
1790724794559 1683096 20831912 1683096
1790724794592 1627928 20831912 1676864
1790724794625 1627928 20831912 1676864
1790724794660 1627928 20831912 1676864
1790724794693 1627928 20831912 1676864
1790724794726 1627928 20831912 1676864
1790724794761 1627928 20831912 1676864
1790724794795 1627928 20831912 1676864
1790724794829 1627928 20831912 1676864
1790724794863 1627928 20831912 1676864
1790724794897 1627928 20831912 1676864
1790724794931 1627928 20831912 1676864
1790724794965 1627928 20831912 1676864
1790724794999 1627928 20831912 1676864
1790724795033 1627928 20831912 1676864
1790724795067 1627928 20831912 1676864
1790724795101 1627928 20831912 1676864
1790724795135 1627928 20831912 1676864
1790724795169 1627928 20831912 1676864
1790724795204 1627928 20831912 1676864
1790724795256 1632528 20831912 1676864
1790724795331 1570256 20831912 1676864
1790724795412 1581776 20831912 1676864
1790724795504 1590988 20831912 1676864
1790724795552 1590988 20831912 1676864
1790724795622 1637004 20831912 1676864
1790724795739 1637004 20831912 1676864
1790724795822 1637004 20831912 1676864
1790724795901 1637004 20831912 1676864
1790724795976 1637004 20831912 1676864
1790724796072 1637004 20831912 1676864
1790724796161 1637004 20831912 1676864
1790724796231 1637004 20831912 1676864
1790724796282 1637004 20831912 1676864
1790724796331 1655800 20831912 1676864
1790724796380 1678412 20831912 1678412
1790724796430 1715276 20834212 1715276
1790724796467 1715276 20834212 1715276
1790724796501 1715276 20834212 1715276
1790724796536 1715276 20834212 1715276
1790724796589 1715276 20834212 1715276
1790724796623 1715276 20834212 1715276
1790724796657 1715276 20834212 1715276
1790724796692 1715276 20834212 1715276
1790724796725 1715276 20834212 1715276
1790724796759 1715276 20834212 1715276
1790724796792 1715276 20834212 1715276
1790724796826 1715276 20834212 1715276
1790724796859 1715276 20834212 1715276
1790724796893 1715276 20834212 1715276
1790724796926 1715276 20834212 1715276
1790724796977 1715276 20834212 1715276
1790724797012 1715276 20834212 1715276
1790724797047 1715276 20834212 1715276
1790724797081 1715276 20834212 1715276
1790724797115 1715276 20834212 1715276
1790724797149 1715276 20834212 1715276
1790724797183 1715276 20834212 1715276
1790724797217 1715276 20834212 1715276
1790724797252 1572556 20834212 1705624
1790724797285 1572556 20834212 1705624
1790724797355 1574856 20834212 1705624
1790724797424 1579456 20834212 1705624
1790724797490 1581756 20834212 1705624
1790724797564 1590976 20834212 1705624
1790724797627 1600188 20834212 1705624
1790724797690 1600188 20834212 1705624
1790724797761 1661312 20834212 1705624
1790724797844 1600188 20834212 1705624
1790724797920 1600188 20834212 1705624
1790724797984 1600188 20834212 1705624
1790724798045 1600188 20834212 1705624
1790724798125 1600188 20834212 1705624
1790724798181 1600188 20834212 1705624
1790724798269 1615848 20834212 1705624
1790724798309 1600188 20834212 1705624
1790724798385 1600188 20834212 1705624
1790724798450 1600188 20834212 1705624
1790724798538 1600188 20834212 1705624
1790724798649 1652712 20834212 1705624
1790724798741 1715260 20834212 1715260
1790724798810 1715260 20834212 1715260
1790724798846 1715260 20834212 1715260
1790724798880 1715260 20834212 1715260
1790724798915 1715260 20834212 1715260
1790724798952 1715260 20834212 1715260
1790724798986 1715260 20834212 1715260
1790724799021 1715260 20834212 1715260
1790724799055 1715260 20834212 1715260
1790724799090 1715260 20834212 1715260
1790724799125 1715260 20834212 1715260
1790724799160 1715260 20834212 1715260
1790724799195 1715260 20834212 1715260
1790724799230 1715260 20834212 1715260
1790724799264 1715260 20834212 1715260
1790724799299 1715260 20834212 1715260
1790724799333 1715260 20834212 1715260
1790724799367 1715260 20834212 1715260
1790724799402 1715260 20834212 1715260
1790724799436 1715260 20834212 1715260
1790724799471 1715260 20834212 1715260
1790724799506 1715260 20834212 1715260
1790724799540 1715260 20834212 1715260
1790724799575 1600188 20834212 1706644
1790724799609 1600188 20834212 1706644
1790724799657 1603420 20834212 1706644
1790724799715 1265260 20834212 1706644
1790724799753 1265260 20834212 1706644
1790724799824 1265260 20834212 1706644
1790724799855 1265260 20834212 1706644
1790724799885 1265260 20834212 1706644
1790724799915 1265260 20834212 1706644
1790724799944 1266040 20834212 1706644
1790724799973 1266040 20834212 1706644
1790724800002 1266040 20834212 1706644
1790724800031 1266040 20834212 1706644
1790724800060 1266040 20834212 1706644
1790724800090 1266040 20834212 1706644
1790724800118 1266040 20834212 1706644
1790724800148 1266356 20834212 1706644
1790724800177 1266356 20834212 1706644
1790724800207 1266356 20834212 1706644
1790724800251 1266356 20834212 1706644
1790724800282 1266360 20834212 1706644
1790724800313 1206384 20834212 1706644
1790724800343 1206384 20834212 1706644
1790724800372 1206384 20834212 1706644
1790724800401 1206384 20834212 1706644
1790724800430 1205140 20834212 1706644
1790724800459 1211400 20834212 1706644
1790724800488 1215516 20834212 1706644
1790724800517 1225500 20834212 1706644
1790724800546 1225560 20834212 1706644
1790724800575 1225560 20834212 1706644
1790724800605 1247168 20834212 1706644
# peak_kb=1715276
# hwm_kb=1715276
# frozen_ms=0
# polled_vs_hwm_pct=0promille
