>>> Evaluating Bert
-> Role: 2
-> Address: 127.0.0.1
-> Port: 8672
<<<

> Setup Linear
> HE instance initialized: 
-> Poly Mod Degree: 8192
-> Coeff Mod: 54 54 55 55 
-> Plaintext Mod: 536903681(29 bits)

> HE instance initialized: 
-> Poly Mod Degree: 8192
-> Coeff Mod: 60 60 60 
-> Plaintext Mod: 557057(19 bits)

> HE instance initialized: 
-> Poly Mod Degree: 8192
-> Coeff Mod: 54 54 55 55 
-> Plaintext Mod: 4295049217(32 bits)

> Setup NonLinear
> Bert intialized done!

==>> Inference sample #0
> Loading inputs
> Repacking to column
> Send to client
> --- Entering Attention Layers ---
-> Sharing Pooling and Classification params...
-> Layer - Pooling
-> Layer - Classification
> [TIMING]: linear1 takes 392.286 sec
> [TIMING]: linear2 takes 8.43465 sec
> [TIMING]: linear3 takes 32.9443 sec
> [TIMING]: linear4 takes 27.3113 sec
> [TIMING]: softmax takes 37.4287 sec
> [TIMING]: pruning takes 0.00778687 sec
> [TIMING]: mul v takes 143.152 sec
> [TIMING]: gelu takes 30.0995 sec
> [TIMING]: ln_1 takes 21.5272 sec
> [TIMING]: ln_2 takes 19.5981 sec
> [TIMING]: tanh takes 0.268637 sec
> [TIMING]: repacking takes 0.115753 sec
> [TIMING]: gt_sub takes 18.7659 sec
> [TIMING]: shift takes 10.3302 sec
> [TIMING]: conversion takes 606.716 sec
> [TIMING]: ln_share takes 0.0244316 sec
> [TIMING]: Pool/Class takes 2.43766 sec
> [NETWORK]: Linear 1 consumes: 53297796 bytes
> [NETWORK]: Linear 2 consumes: 37768752 bytes
> [NETWORK]: Linear 3 consumes: 37768752 bytes
> [NETWORK]: Linear 4 consumes: 151075008 bytes
> [NETWORK]: Softmax consumes: 9107802624 bytes
> [NETWORK]: GELU consumes: 9258958848 bytes
> [NETWORK]: Layer Norm 1 consumes: 3788873464 bytes
> [NETWORK]: Layer Norm 2 consumes: 3788873848 bytes
> [NETWORK]: Tanh consumes: 8724480 bytes
> [NETWORK]: Softmax * V: 106595717 bytes
> [NETWORK]: Pruning: 0 bytes
> [NETWORK]: Shift consumes: 2105315328 bytes
> [NETWORK]: gt_sub consumes: 3382149120 bytes
> [NETWORK]: Pooling / C consumes: 306868212 bytes
> [NETWORK]: Linear 1 consumes: 23 rounds
> [NETWORK]: Linear 2 consumes: 24 rounds
> [NETWORK]: Linear 3 consumes: 24 rounds
> [NETWORK]: Linear 4 consumes: 24 rounds
> [NETWORK]: Softmax consumes: 89088 rounds
> [NETWORK]: GELU consumes: 33792 rounds
> [NETWORK]: Layer Norm 1 consumes: 83736 rounds
> [NETWORK]: Layer Norm 2 consumes: 83736 rounds
> [NETWORK]: Tanh consumes: 3520 rounds
> [NETWORK]: Softmax * V: 24 rounds
> [NETWORK]: Pruning: 0 rounds
> [NETWORK]: Shift consumes: 18368 rounds
> [NETWORK]: gt_sub consumes: 16864 rounds
> [NETWORK]: Pooling / C consumes: 988 rounds
-> End to end takes: 744.535sec
