# timestamp_ms VmRSS_kB VmPeak_kB VmHWM_kB
1790704008440 439528 0 0
1790704008540 443100 16331292 443100
1790704008603 445084 16331292 445080
1790704008627 538788 16959520 538788
1790704008735 603652 17184848 603652
1790704008885 614428 17599592 614428
1790704009000 618704 17599592 618704
1790704009168 636268 17599592 636268
1790704009337 651944 17599592 651944
1790704009617 677936 17599592 677936
1790704009847 703240 17599592 703240
1790704010043 721692 17599592 721692
1790704010256 744260 17599592 744260
1790704010438 756004 17599592 756004
1790704010602 769032 17599592 769032
1790704010760 778724 17599592 778724
1790704010975 803160 17599592 803160
1790704011205 819348 17599592 819348
1790704011490 841880 17599592 841880
1790704011730 865840 17599592 865840
1790704011967 891936 17599592 891936
1790704012229 902252 17599592 902252
1790704012396 921456 17599592 921456
1790704012667 945288 17599592 945288
1790704012979 964780 17599592 964780
1790704013220 987436 17599592 987436
1790704013443 1004388 17599592 1004388
1790704013599 1019936 17599592 1019936
1790704013726 1021776 17599592 1021776
1790704013804 1022936 17599592 1022936
1790704013883 1023020 17599592 1023020
1790704013961 1023036 17599592 1023036
1790704014039 1023056 17599592 1023056
1790704014116 1023064 17599592 1023064
1790704014194 1023084 17599592 1023084
1790704014301 1023100 17599592 1023100
1790704014380 1023112 17599592 1023112
1790704014459 1023116 17599592 1023116
1790704014538 1023124 17599592 1023124
1790704014619 1059976 17599592 1059976
1790704014756 1059976 17599592 1059976
1790704014869 1059976 17599592 1059976
1790704014978 1059976 17599592 1059976
1790704015089 1059976 17599592 1059976
1790704015201 1059976 17599592 1059976
1790704015311 1042416 17599592 1049932
1790704015422 1028716 17599592 1049932
1790704015534 1045908 17599592 1049932
1790704015615 1028716 17599592 1049932
1790704015648 1028716 17599592 1049932
1790704015682 1028716 17599592 1049932
1790704015716 1028716 17599592 1049932
1790704015750 1028716 17599592 1049932
1790704015784 1028716 17599592 1049932
1790704015818 1028716 17599592 1049932
1790704015863 1028716 17599592 1049932
1790704015948 1028828 17599592 1049932
1790704016141 1028828 17599592 1049932
1790704016293 1142912 17599592 1142876
1790704016432 1344612 17650032 1344612
1790704016540 1705700 18339128 2025756
1790704016657 1486036 18339128 2025756
1790704016710 1902944 18358636 2025756
1790704016911 1029208 18677564 2364336
1790704017049 1029208 18677564 2364336
1790704017131 1029208 18677564 2364336
1790704017205 1029212 18677564 2364336
1790704017278 1029216 18677564 2364336
1790704017349 1029228 18677564 2364336
1790704017415 1029228 18677564 2364336
1790704017510 1029228 18677564 2364336
1790704017576 1029228 18677564 2364336
1790704017635 1029228 18677564 2364336
1790704017676 1029228 18677564 2364336
1790704017750 1029228 18677564 2364336
1790704017810 1029228 18677564 2364336
1790704017864 1029228 18677564 2364336
1790704017945 1029228 18677564 2364336
1790704018011 1029228 18677564 2364336
1790704018090 1029228 18677564 2364336
1790704018168 1029228 18677564 2364336
1790704018248 1029228 18677564 2364336
1790704018372 1029232 18677564 2364336
1790704018492 1029484 18677564 2364336
1790704018595 1029488 18677564 2364336
1790704018685 1029488 18677564 2364336
1790704018770 1029488 18677564 2364336
1790704018828 1029488 18677564 2364336
1790704018877 1029488 18677564 2364336
1790704018939 1029488 18677564 2364336
1790704019013 1029488 18677564 2364336
1790704019051 1029488 18677564 2364336
1790704019100 1029488 18677564 2364336
1790704019166 1029488 18677564 2364336
1790704019237 1029492 18677564 2364336
1790704019288 1030420 18677564 2364336
1790704019342 1031188 18677564 2364336
1790704019394 1031532 18677564 2364336
1790704019428 1031532 18677564 2364336
1790704019461 1031532 18677564 2364336
1790704019495 1031536 18677564 2364336
1790704019528 1031536 18677564 2364336
1790704019561 1031536 18677564 2364336
1790704019595 1031536 18677564 2364336
1790704019628 1031536 18677564 2364336
1790704019662 1031536 18677564 2364336
1790704019696 1031536 18677564 2364336
1790704019729 1031536 18677564 2364336
1790704019763 1031536 18677564 2364336
1790704019796 1031536 18677564 2364336
1790704019830 1031536 18677564 2364336
1790704019864 1031536 18677564 2364336
1790704019897 1031536 18677564 2364336
1790704019931 1031536 18677564 2364336
1790704019965 1022440 18677564 2364336
1790704020000 1024620 18677564 2364336
1790704020031 1040748 18677564 2364336
1790704020064 1059180 18677564 2364336
1790704020099 1077616 18677564 2364336
1790704020135 1096048 18677564 2364336
1790704020196 1132912 18677564 2364336
1790704020252 1169776 18677564 2364336
1790704020308 1188208 18677564 2364336
1790704020365 1214700 18677564 2364336
1790704020401 1215980 18677564 2364336
1790704020434 1234288 18677564 2364336
1790704020472 1234288 18677564 2364336
1790704020508 1234288 18677564 2364336
1790704020542 1243504 18677564 2364336
1790704020576 1243504 18677564 2364336
1790704020610 1252720 18677564 2364336
1790704020646 1252720 18677564 2364336
1790704020764 1252720 18677564 2364336
1790704020808 1335700 18677564 2364336
1790704020842 1461724 18677564 2364336
1790704020875 1650864 18677564 2364336
1790704020910 1832124 18677564 2364336
1790704020946 2147516 18677564 2364336
1790704020998 1711412 18677564 2364336
1790704021025 1815104 18677564 2364336
1790704021055 1804352 18677564 2364336
1790704021090 2136140 18677564 2364336
1790704021125 2372684 18681372 2372684
1790704021390 1654808 18806568 2497664
1790704021435 1804608 18806568 2497664
1790704021463 1892568 18806568 2497664
1790704021496 1971984 18806568 2497664
1790704021547 1634648 18806568 2497664
1790704021627 1634724 18806568 2497664
1790704021680 1634768 18806568 2497664
1790704021728 1635468 18806568 2497664
1790704021842 1638600 18806568 2497664
1790704021923 1645972 18806568 2497664
1790704021993 1666036 18806568 2497664
1790704022054 1671128 18806568 2497664
1790704022115 1680356 18806568 2497664
1790704022185 1694192 18806568 2497664
1790704022276 1731084 18806568 2497664
1790704022344 1744360 18806568 2497664
1790704022376 1786392 18806568 2497664
1790704022430 1786404 18806568 2497664
1790704022513 1786428 18806568 2497664
1790704022612 1786444 18806568 2497664
1790704022693 1816112 18806568 2497664
1790704022741 1841760 18806568 2497664
1790704022820 1878624 18806568 2497664
1790704022930 1878628 18806568 2497664
1790704023001 1878628 18806568 2497664
1790704023078 1933744 18806568 2497664
1790704023158 1945148 18806568 2497664
1790704023219 1989220 18806568 2497664
1790704023286 1989220 18806568 2497664
1790704023337 1989224 18806568 2497664
1790704023410 1989228 18806568 2497664
1790704023513 2055752 18806568 2497664
1790704023579 2081392 18806568 2497664
1790704023656 2081396 18806568 2497664
1790704023745 2081400 18806568 2497664
1790704023811 2081400 18806568 2497664
1790704023884 2136696 18806568 2497664
1790704023917 2173560 18806568 2497664
1790704024095 2173560 18806568 2497664
1790704024254 2173560 18806568 2497664
1790704024339 2173560 18806568 2497664
1790704024418 2247288 18806568 2497664
1790704024592 2284152 18806568 2497664
1790704024829 2284168 18806568 2497664
1790704024971 2291296 18806568 2497664
1790704025143 2373216 18806568 2497664
1790704025308 2394760 18806568 2497664
1790704025440 2394760 18806568 2497664
1790704025495 2394764 18806568 2497664
1790704025651 2394764 18806568 2497664
1790704025812 2431628 18806568 2497664
1790704025974 2486964 18806568 2497664
1790704026209 2500236 18806932 2500236
1790704026346 2571916 18880664 2571916
1790704026505 2597564 18899096 2597564
1790704026633 2634428 18935960 2634428
1790704026709 2708156 19009688 2708156
1790704026841 2708160 19009688 2708160
1790704026891 2708160 19009688 2708160
1790704027005 2760352 19064984 2760352
1790704027158 2781908 19083416 2781908
1790704027342 2874068 19175576 2874068
1790704027475 2933864 19392796 2933864
1790704027531 2933912 19392796 2933912
1790704027563 2959848 19493148 2959848
1790704027600 2962828 20019492 2962828
1790704027681 2945124 20656412 2957440
1790704027712 2945248 21147932 2957440
1790704027755 2946068 21147932 2957440
1790704027789 2964068 21731188 2964068
1790704027824 2988780 22617592 2988780
1790704027960 3026840 22617592 3026840
1790704028115 3031636 22617592 3031636
1790704028207 3034492 22912500 3034492
1790704028304 3039972 22912500 3039972
1790704028403 3042452 22912500 3042452
1790704028503 3085384 22912500 3085384
1790704028641 3085448 22912500 3085448
1790704028745 3088380 22912500 3088380
1790704028884 3088380 22912500 3088380
1790704028925 3088380 22912500 3088380
1790704028964 3088380 23404020 3088380
1790704029004 3121392 23502324 3121392
1790704029139 3121464 23502324 3121464
1790704029238 3121912 23502324 3121912
1790704029334 3126216 23502324 3126216
1790704029431 3127272 23502324 3127272
1790704029526 3127272 23502324 3127272
1790704029566 3127284 23502324 3127284
1790704029664 3127284 23502324 3127284
1790704029706 3127284 23502324 3127284
1790704029747 3127284 23502324 3127284
1790704029789 3127284 23502324 3127284
1790704029831 3127284 23502324 3127284
1790704029871 3127308 23502324 3127308
1790704030003 3127308 23502324 3127308
1790704030045 3127312 23502324 3127312
1790704030143 3127312 23502324 3127312
1790704030183 3127472 23502324 3127472
1790704030277 3127472 23502324 3127472
1790704030317 3127472 23502324 3127472
1790704030356 3127476 23502324 3127476
1790704030456 3127476 23502324 3127476
1790704030498 3127476 23502324 3127476
1790704030541 3127476 23502324 3127476
1790704030583 3127476 23502324 3127476
1790704030624 3127484 23502324 3127484
1790704030718 3127496 23502324 3127496
1790704030855 3127496 23502324 3127496
1790704030897 3127500 23502324 3127500
1790704030994 3127512 23502324 3127512
1790704031089 3127524 23502324 3127524
1790704031184 3127568 23502324 3127568
1790704031279 3127568 23502324 3127568
1790704031319 3127568 23502324 3127568
1790704031360 3127572 23502324 3127572
1790704031459 3127572 23502324 3127572
1790704031501 3127572 23502324 3127572
1790704031542 3127572 23502324 3127572
1790704031583 3127572 23502324 3127572
1790704031623 3127572 23502324 3127572
1790704031662 3127572 23600628 3127572
1790704031702 3127576 23600628 3127576
1790704031843 3127576 23600628 3127576
1790704031885 3127576 23600628 3127576
1790704031926 3127576 23600628 3127576
1790704031965 3127576 23600628 3127576
1790704032005 3127628 23600628 3127620
1790704032102 3127644 23600628 3127644
1790704032203 3127644 23600628 3127644
1790704032244 3127644 23600628 3127644
1790704032286 3127644 23600628 3127644
1790704032328 3127668 23600628 3127668
1790704032424 3127668 23600628 3127668
1790704032464 3127672 23600628 3127672
1790704032563 3127672 23600628 3127672
1790704032605 3127672 23600628 3127672
1790704032647 3127672 23600628 3127672
1790704032687 3127672 23600628 3127672
1790704032727 3127672 23600628 3127672
1790704032766 3127676 23600628 3127676
1790704032906 3127676 23600628 3127676
1790704032948 3127676 23600628 3127676
1790704032990 3127676 23600628 3127676
1790704033031 3127676 23600628 3127676
1790704033073 3127692 23600628 3127692
1790704033168 3127696 23600628 3127696
1790704033266 3127696 23667188 3127696
1790704033308 3127696 23667188 3127696
1790704033351 3127696 23667188 3127696
1790704033392 3127696 23667188 3127696
1790704033431 3127736 23667188 3127736
1790704033526 3127748 23667188 3127748
1790704033621 3127748 23667188 3127748
1790704033660 3127748 23667188 3127748
1790704033703 3127748 23667188 3127748
1790704033745 3127748 23667188 3127748
1790704033788 3127748 23667188 3127748
1790704033830 3127748 23667188 3127748
1790704033872 3127748 23667188 3127748
1790704033912 3127748 23667188 3127748
1790704033951 3127748 23667188 3127748
1790704033993 3127748 23732724 3127748
1790704034035 3127748 23732724 3127748
1790704034076 3127748 23732724 3127748
1790704034116 3127748 23732724 3127748
1790704034155 3127748 23732724 3127748
1790704034195 3127748 23732724 3127748
1790704034234 3127748 23732724 3127748
1790704034274 3127748 23732724 3127748
1790704034316 3127748 23732724 3127748
1790704034358 3127748 23732724 3127748
1790704034399 3127748 23732724 3127748
1790704034441 3127748 23732724 3127748
1790704034498 3127748 23732724 3127748
1790704034538 3128056 23732724 3128056
1790704034696 3128056 23732724 3128056
1790704034738 3128056 23732724 3128056
1790704034779 3128056 23732724 3128056
1790704034818 3128056 23732724 3128056
1790704034858 3128056 23732724 3128056
1790704034898 3128056 23732724 3128056
1790704034940 3128056 23732724 3128056
1790704034982 3128056 23732724 3128056
1790704035023 3128056 23732724 3128056
1790704035064 3128056 23732724 3128056
1790704035106 3128056 23732724 3128056
1790704035146 3128056 23732724 3128056
1790704035186 3128056 23732724 3128056
1790704035225 3128056 23831028 3128056
1790704035267 3128056 23831028 3128056
1790704035309 3128056 23831028 3128056
1790704035350 3128056 23831028 3128056
1790704035407 3128056 23831028 3128056
1790704035447 3128056 23831028 3128056
1790704035487 3128068 23831028 3128068
1790704035626 3128068 23831028 3128068
1790704035667 3128068 23831028 3128068
1790704035708 3128068 23831028 3128068
1790704035749 3128068 23831028 3128068
1790704035790 3128080 23831028 3128080
1790704035885 3128104 23831028 3128104
1790704035983 3128104 23896564 3128104
1790704036026 3128104 23896564 3128104
1790704036069 3128104 23896564 3128104
1790704036110 3128104 23896564 3128104
1790704036150 3128104 23896564 3128104
1790704036190 3128140 23896564 3128140
1790704036287 3128144 23896564 3128144
1790704036389 3128148 23896564 3128148
1790704036527 3128148 23896564 3128148
1790704036568 3128148 23896564 3128148
1790704036610 3128148 23896564 3128148
1790704036650 3128148 23896564 3128148
1790704036691 3128148 23896564 3128148
1790704036732 3128152 23896564 3128152
1790704036833 3128156 23896564 3128156
1790704036930 3128156 23896564 3128156
1790704036970 3128156 23896564 3128156
1790704037010 3128180 23896564 3128180
1790704037107 3128232 23896564 3128232
1790704037207 3128232 23896564 3128232
1790704037248 3128232 23896564 3128232
1790704037291 3128232 23896564 0
1790704037333 3128232 23896564 3128232
1790704037373 3128248 23896564 3128248
1790704037508 3128248 24027636 3128248
1790704037550 3128256 24027636 3128256
1790704037648 3128256 24027636 3128256
1790704037690 3128256 24027636 3128256
1790704037729 3128260 24027636 3128260
1790704037825 3041776 24027636 3122712
1790704037860 2737016 24027636 3122712
1790704037896 2737268 24027636 3122712
1790704037931 2737268 24027636 3122712
1790704037967 2737268 24027636 3122712
1790704038002 2737268 24027636 3122712
1790704038038 2737268 24027636 3122712
1790704038074 2737268 24027636 3122712
1790704038109 2737272 24027636 3122712
1790704038144 2737272 24027636 3122712
1790704038178 2737272 24027636 3122712
1790704038214 2738008 24027636 3122712
1790704038250 2745408 24027636 3122712
1790704038282 2746936 24027636 3122712
1790704038318 2756860 24027636 3122712
1790704038354 2756924 24027636 3122712
1790704038391 2778416 24027636 3122712
# peak_kb=3128260
# hwm_kb=3128260
# frozen_ms=6986
# polled_vs_hwm_pct=0promille
