# timestamp_ms Rss_kB Anonymous_kB Filemapped_kB Shmem_kB
1785368382781 251164 153328 97836 0
1785368382887 249744 152784 96960 0
1785368382949 255184 156064 99120 0
1785368383041 256316 157196 99120 0
1785368383114 256340 157220 99120 0
1785368383179 256444 157324 99120 0
1785368383244 257268 157592 99676 0
1785368383306 260736 159236 101500 0
1785368383391 260880 159380 101500 0
1785368383454 261004 159504 101500 0
1785368383515 261228 159728 101500 0
1785368383577 262708 161208 101500 0
1785368383650 265976 163760 102216 0
1785368383734 267144 164928 102216 0
1785368383796 267144 164928 102216 0
1785368383823 267416 165200 102216 0
1785368383885 264164 170244 93920 0
1785368383981 279724 175456 104268 0
1785368384076 280344 176076 104268 0
1785368384138 281120 176852 104268 0
1785368384202 283620 177032 106588 0
1785368384286 285592 177056 108536 0
1785368384362 287320 177072 110248 0
1785368384447 189340 86320 103020 0
1785368384512 305404 192308 113096 0
1785368384623 376140 236880 139260 0
1785368384733 469632 277840 191792 0
1785368384846 514508 297068 217440 0
1785368384961 545640 312220 233420 0
1785368385074 580072 332096 247976 0
1785368385188 591744 334828 256916 0
1785368385306 597672 337292 260380 0
1785368385380 618064 349388 268676 0
1785368385497 640776 359716 281060 0
1785368385619 659288 368600 290688 0
1785368385742 678116 378608 299508 0
1785368385863 694316 386876 307440 0
1785368385985 704540 390232 314308 0
1785368386088 726048 402404 323644 0
1785368386209 748208 412744 335464 0
1785368386333 764376 420392 343984 0
1785368386440 774340 426972 347368 0
1785368386567 786000 431428 354572 0
1785368386703 856124 466200 389924 0
1785368386842 919616 496640 422976 0
1785368386987 964116 519808 444308 0
1785368387127 1010924 544588 466336 0
1785368387266 1030652 550800 479852 0
1785368387383 1048676 562828 485848 0
1785368387529 1075640 573520 502120 0
1785368387680 1101964 590680 511284 0
1785368387828 1126924 599396 527528 0
1785368387952 927080 827540 99540 0
1785368387987 1061548 963676 97872 0
1785368388022 1133644 1023840 109804 0
1785368388104 1128112 1023368 104744 0
1785368388182 1143012 1027632 115380 0
1785368388286 1150232 1032648 117584 0
1785368388379 1164384 1059992 104392 0
1785368388505 1143052 1026264 116788 0
1785368388610 1197736 1088108 109628 0
1785368388687 1214112 1095240 118872 0
1785368388819 1232164 1113292 118872 0
1785368388933 1248676 1129804 118872 0
1785368389061 1266500 1146708 119792 0
1785368389171 1180380 1059724 120656 0
1785368389205 1180440 1059724 120716 0
1785368389238 1180560 1059728 120832 0
1785368389274 1182044 1059728 122316 0
1785368389309 1182224 1059740 122484 0
1785368389343 1182232 1059748 122484 0
1785368389375 1182236 1059752 122484 0
1785368389410 1182240 1059756 122484 0
1785368389444 1182240 1059756 122484 0
1785368389478 1182240 1059756 122484 0
1785368389512 1182240 1059756 122484 0
1785368389546 1182240 1059756 122484 0
1785368389580 1182244 1059760 122484 0
1785368389613 1182244 1059760 122484 0
1785368389646 1182244 1059760 122484 0
1785368389681 1182244 1059760 122484 0
1785368389714 1182248 1059764 122484 0
1785368389747 1182248 1059764 122484 0
1785368389781 1182248 1059764 122484 0
1785368389815 1182248 1059764 122484 0
1785368389849 1182252 1059768 122484 0
1785368389883 1182256 1059772 122484 0
1785368389918 1182260 1059776 122484 0
1785368389951 1182264 1059780 122484 0
1785368389986 1182268 1059784 122484 0
1785368390020 1182268 1059784 122484 0
1785368390053 1182272 1059788 122484 0
1785368390087 1182272 1059788 122484 0
1785368390121 1182272 1059788 122484 0
1785368390158 1182272 1059788 122484 0
1785368390193 1182272 1059788 122484 0
1785368390230 1182272 1059788 122484 0
1785368390267 1182272 1059788 122484 0
1785368390303 1182272 1059788 122484 0
1785368390339 1182272 1059788 122484 0
1785368390374 1182272 1059788 122484 0
1785368390411 1182272 1059788 122484 0
1785368390447 1182272 1059788 122484 0
1785368390482 1182272 1059788 122484 0
1785368390519 1182272 1059788 122484 0
1785368390555 1182272 1059788 122484 0
1785368390590 1182272 1059788 122484 0
1785368390625 1182272 1059788 122484 0
1785368390660 1182272 1059788 122484 0
1785368390695 1182272 1059788 122484 0
1785368390730 1182272 1059788 122484 0
1785368390765 1182272 1059788 122484 0
1785368390800 1182272 1059788 122484 0
1785368390835 1182272 1059788 122484 0
1785368390870 1182272 1059788 122484 0
1785368390905 1182272 1059788 122484 0
1785368390939 1180364 1059920 120444 0
1785368390975 1184600 1062116 122484 0
1785368391009 1184600 1062116 122484 0
1785368391044 1184600 1062116 122484 0
1785368391080 1184600 1062116 122484 0
1785368391115 1184600 1062116 122484 0
1785368391151 1184600 1062116 122484 0
1785368391188 1184600 1062116 122484 0
1785368391224 1184600 1062116 122484 0
1785368391260 1184600 1062116 122484 0
1785368391295 1184600 1062116 122484 0
1785368391333 1184600 1062116 122484 0
1785368391367 1184600 1062116 122484 0
1785368391403 1184600 1062116 122484 0
1785368391440 1184600 1062116 122484 0
1785368391475 1184600 1062116 122484 0
1785368391510 1184600 1062116 122484 0
1785368391546 1184600 1062116 122484 0
1785368391581 1184600 1062116 122484 0
1785368391616 1184600 1062116 122484 0
1785368391651 1184600 1062116 122484 0
1785368391687 1184448 1061968 122480 0
1785368391722 1173424 1058776 114648 0
1785368391757 1182420 1059936 122484 0
1785368391792 1182420 1059936 122484 0
1785368391828 1182420 1059936 122484 0
1785368391863 1182420 1059936 122484 0
1785368391898 1182420 1059936 122484 0
1785368391933 1182420 1059936 122484 0
1785368391968 307144 191648 115496 0
1785368391996 1260736 1146124 114612 0
1785368392030 1308516 1186032 122484 0
1785368392165 1714020 1591536 122484 0
1785368392298 1783064 1660580 122484 0
1785368392438 1983768 1861284 122484 0
1785368392575 1605768 1483284 122484 0
1785368392701 1605704 1483224 122480 0
1785368392736 1658352 1536072 122280 0
1785368392772 1694724 1572240 122484 0
1785368392809 1694724 1572240 122484 0
1785368392844 1667752 1553436 114316 0
1785368392878 1686932 1564448 122484 0
1785368392914 1793428 1670944 122484 0
1785368392950 1895828 1773344 122484 0
1785368392985 2000276 1877792 122484 0
1785368393021 2103548 1981064 122484 0
1785368393156 2468680 2346196 122484 0
1785368393292 2468376 2356128 112248 0
1785368393372 2516848 2394364 122484 0
1785368393488 1182560 1060052 122508 0
1785368393523 1182560 1060052 122508 0
1785368393556 1182560 1060052 122508 0
1785368393594 1269316 1148688 120628 0
1785368393632 1272288 1149780 122508 0
1785368393666 1269872 1155012 114860 0
1785368393702 1290724 1168216 122508 0
1785368393739 1290724 1168216 122508 0
1785368393772 1290572 1168068 122504 0
1785368393808 1291732 1173248 118484 0
1785368393846 1305768 1191100 114668 0
1785368393884 1235352 1197836 37516 0
1785368393919 1324748 1211824 112924 0
1785368393957 1338588 1227120 111468 0
1785368393994 1352452 1237936 114516 0
1785368394032 1364672 1251128 113544 0
1785368394070 1374828 1252320 122508 0
1785368394109 1374828 1252320 122508 0
1785368394145 1374828 1252320 122508 0
1785368394182 1374828 1252320 122508 0
1785368394217 1374828 1252320 122508 0
1785368394254 1374836 1252328 122508 0
1785368394291 1374852 1252344 122508 0
1785368394327 1374904 1252396 122508 0
1785368394364 1374980 1252472 122508 0
1785368394400 1375632 1252748 122884 0
1785368394436 1375644 1252760 122884 0
1785368394470 1375648 1252764 122884 0
1785368394505 1375656 1252772 122884 0
1785368394541 1375660 1252776 122884 0
1785368394577 1375668 1252784 122884 0
1785368394612 1375676 1252792 122884 0
1785368394649 1375684 1252800 122884 0
1785368394684 1375696 1252812 122884 0
1785368394719 1375700 1252816 122884 0
1785368394754 1375708 1252824 122884 0
1785368394789 1375716 1252832 122884 0
1785368394824 1375728 1252844 122884 0
1785368394859 1375732 1252848 122884 0
1785368394895 1375736 1252852 122884 0
1785368394930 1375744 1252860 122884 0
1785368394965 1375752 1252868 122884 0
1785368395000 1375760 1252876 122884 0
1785368395036 1375768 1252884 122884 0
1785368395071 1375772 1252888 122884 0
1785368395107 1375776 1252892 122884 0
1785368395142 1375784 1252900 122884 0
1785368395178 1375788 1252904 122884 0
1785368395213 1375788 1252904 122884 0
1785368395248 1375788 1252904 122884 0
1785368395283 1375788 1252904 122884 0
1785368395319 1375788 1252904 122884 0
1785368395355 1375788 1252904 122884 0
1785368395391 1375788 1252904 122884 0
1785368395427 1375788 1252904 122884 0
1785368395465 1375788 1252904 122884 0
1785368395500 1375788 1252904 122884 0
1785368395537 1375788 1252904 122884 0
1785368395572 1375788 1252904 122884 0
1785368395609 1375788 1252904 122884 0
1785368395645 1375788 1252904 122884 0
1785368395680 1375788 1252904 122884 0
1785368395717 1375788 1252904 122884 0
1785368395752 1375788 1252904 122884 0
1785368395789 1375788 1252904 122884 0
1785368395824 1375788 1252904 122884 0
1785368395860 1375788 1252904 122884 0
1785368395895 1375788 1252904 122884 0
1785368395932 1375788 1252904 122884 0
1785368395968 1375788 1252904 122884 0
1785368396003 1375804 1252920 122884 0
1785368396039 1375804 1252920 122884 0
1785368396074 1375804 1252920 122884 0
1785368396112 1375804 1252920 122884 0
1785368396149 1375804 1252920 122884 0
1785368396187 1375804 1252920 122884 0
1785368396224 1375804 1252920 122884 0
1785368396262 1375804 1252920 122884 0
1785368396299 1375804 1252920 122884 0
1785368396337 1375804 1252920 122884 0
1785368396374 1375804 1252920 122884 0
1785368396412 1375804 1252920 122884 0
1785368396447 1375804 1252920 122884 0
1785368396485 1375804 1252920 122884 0
1785368396522 1375804 1252920 122884 0
1785368396558 1375804 1252920 122884 0
1785368396595 1375804 1252920 122884 0
1785368396632 1375804 1252920 122884 0
1785368396669 1375804 1252920 122884 0
1785368396705 1375804 1252920 122884 0
1785368396742 1375804 1252920 122884 0
1785368396779 1375804 1252920 122884 0
1785368396815 1375804 1252920 122884 0
1785368396852 1375804 1252920 122884 0
1785368396889 1375804 1252920 122884 0
1785368396926 1375804 1252920 122884 0
1785368396963 1375564 1263840 111724 0
1785368396998 1420052 1297168 122884 0
1785368397034 1596180 1473296 122884 0
1785368397073 1782548 1659664 122884 0
1785368397112 1833748 1710864 122884 0
1785368397150 1833748 1710864 122884 0
1785368397187 1872084 1749200 122884 0
1785368397224 1980628 1857744 122884 0
1785368397261 2091220 1968336 122884 0
1785368397299 2201812 2078928 122884 0
1785368397337 1799380 1676496 122884 0
1785368397375 1799380 1676496 122884 0
1785368397412 1808336 1685456 122880 0
1785368397449 1877544 1754660 122884 0
1785368397486 1986088 1863204 122884 0
1785368397522 2090536 1967652 122884 0
1785368397558 2194984 2072100 122884 0
1785368397593 2296232 2173348 122884 0
1785368397629 2400680 2277796 122884 0
1785368397665 2507176 2384292 122884 0
1785368397701 2611624 2488740 122884 0
1785368397848 2655208 2532324 122884 0
1785368397971 2680560 2557672 122888 0
1785368398081 1729840 1605316 124524 0
1785368398118 1836336 1711812 124524 0
1785368398156 1944880 1820356 124524 0
1785368398195 2055472 1930948 124524 0
1785368398233 2137392 2012868 124524 0
1785368398271 2137392 2012868 124524 0
1785368398307 2130228 2013708 116520 0
1785368398343 1778472 1653952 124520 0
1785368398381 1848972 1732616 116356 0
1785368398418 1904608 1787956 116652 0
1785368398456 1960152 1843276 116876 0
1785368398493 2015208 1898556 116652 0
1785368398530 2070372 1953848 116524 0
1785368398568 2126076 2009200 116876 0
1785368398606 2137824 2013300 124524 0
1785368398643 1715292 1590768 124524 0
1785368398682 1719520 1594788 124732 0
1785368398720 1737952 1613220 124732 0
1785368398758 1754336 1629604 124732 0
1785368398796 1772768 1648036 124732 0
1785368398835 1789152 1664420 124732 0
1785368398873 1805536 1680804 124732 0
1785368398911 1823968 1699236 124732 0
1785368398950 1840352 1715620 124732 0
1785368398989 1858784 1734052 124732 0
1785368399028 1875168 1750436 124732 0
1785368399067 1891352 1766620 124732 0
1785368399105 1909784 1785052 124732 0
1785368399143 1926168 1801436 124732 0
1785368399182 1944600 1819868 124732 0
1785368399220 1960984 1836252 124732 0
1785368399259 1977368 1852636 124732 0
1785368399298 1995800 1871068 124732 0
1785368399337 2010136 1885404 124732 0
1785368399376 2026520 1901788 124732 0
1785368399416 2042904 1918172 124732 0
1785368399454 2061184 1936456 124728 0
1785368399495 1802536 1677780 124756 0
1785368399535 1802540 1677784 124756 0
1785368399573 1802540 1677784 124756 0
1785368399611 1802544 1677788 124756 0
1785368399648 1802544 1677788 124756 0
1785368399686 1802548 1677792 124756 0
1785368399724 1802548 1677792 124756 0
1785368399760 1802552 1677796 124756 0
1785368399798 1802552 1677796 124756 0
1785368399836 1802556 1677800 124756 0
1785368399876 1802564 1677808 124756 0
1785368399913 1802564 1677808 124756 0
1785368399952 1802564 1677808 124756 0
1785368399988 1802564 1677808 124756 0
1785368400026 1802568 1677812 124756 0
1785368400064 1802576 1677820 124756 0
1785368400104 1802580 1677824 124756 0
1785368400144 1802580 1677824 124756 0
1785368400180 1802580 1677824 124756 0
1785368400219 1802580 1677824 124756 0
1785368400257 1802584 1677828 124756 0
1785368400295 1802588 1677832 124756 0
1785368400334 1802592 1677836 124756 0
1785368400374 1802596 1677840 124756 0
1785368400412 1802596 1677840 124756 0
1785368400450 1802600 1677844 124756 0
1785368400486 1802600 1677844 124756 0
1785368400521 1802604 1677848 124756 0
1785368400558 1802604 1677848 124756 0
1785368400594 1802616 1677860 124756 0
1785368400634 1802616 1677860 124756 0
1785368400671 1802616 1677860 124756 0
1785368400708 1802616 1677860 124756 0
1785368400746 1802616 1677860 124756 0
1785368400783 1802628 1677872 124756 0
1785368400820 1802628 1677872 124756 0
1785368400857 1802632 1677876 124756 0
1785368400895 1802632 1677876 124756 0
1785368400932 1802636 1677880 124756 0
1785368400971 1802636 1677880 124756 0
1785368401008 1802644 1677888 124756 0
1785368401047 1802644 1677888 124756 0
1785368401085 1802644 1677888 124756 0
1785368401124 1802652 1677896 124756 0
1785368401161 1802500 1677748 124752 0
1785368401198 1821088 1696332 124756 0
1785368401236 1821088 1696332 124756 0
1785368401271 1821088 1696332 124756 0
1785368401309 1821096 1696340 124756 0
1785368401348 1821100 1696344 124756 0
1785368401387 1821100 1696344 124756 0
1785368401424 1839540 1714784 124756 0
1785368401462 1839540 1714784 124756 0
1785368401499 1856188 1731432 124756 0
1785368401537 1857980 1733224 124756 0
1785368401576 1857988 1733232 124756 0
1785368401615 1857988 1733232 124756 0
1785368401654 1857988 1733232 124756 0
1785368401692 1857992 1733236 124756 0
1785368401730 1857992 1733236 124756 0
1785368401769 1876432 1751676 124756 0
1785368401806 1876436 1751680 124756 0
1785368401845 1876440 1751684 124756 0
1785368401884 1876440 1751684 124756 0
1785368401923 1876440 1751684 124756 0
1785368401961 1878472 1753716 124756 0
1785368402000 1894876 1770120 124756 0
1785368402039 1894888 1770132 124756 0
1785368402077 1894892 1770136 124756 0
1785368402116 1894896 1770140 124756 0
1785368402152 1894744 1769992 124752 0
1785368402188 1913332 1788576 124756 0
1785368402226 1913332 1788576 124756 0
1785368402264 1913336 1788580 124756 0
1785368402302 1913340 1788584 124756 0
1785368402341 1913344 1788588 124756 0
1785368402380 1913344 1788588 124756 0
1785368402418 1931780 1807024 124756 0
1785368402456 1931780 1807024 124756 0
1785368402494 1950212 1825456 124756 0
1785368402533 1950220 1825464 124756 0
1785368402569 1950608 1825468 125140 0
1785368402609 1961500 1836188 125312 0
1785368402646 1977732 1852424 125308 0
1785368402685 1992544 1867232 125312 0
1785368402724 539464 430432 109032 0
1785368402752 1980236 1854616 125620 0
1785368402793 2029604 1911312 118292 0
1785368402835 2057040 1930932 126108 0
1785368402874 2057128 1940300 116828 0
1785368402913 2084660 1958552 126108 0
1785368402952 2101044 1974936 126108 0
1785368402990 2119476 1993368 126108 0
1785368403027 2135860 2009752 126108 0
1785368403064 2152244 2026136 126108 0
1785368403103 2168628 2042520 126108 0
1785368403142 2187060 2060952 126108 0
1785368403180 2203444 2077336 126108 0
1785368403219 2221876 2095768 126108 0
1785368403258 2238108 2112004 126104 0
1785368403296 2242036 2115596 126440 0
1785368403335 2242036 2115596 126440 0
1785368403372 2242036 2115596 126440 0
1785368403409 2242036 2115596 126440 0
1785368403446 2242036 2115596 126440 0
1785368403484 2242036 2115596 126440 0
1785368403520 2242036 2115596 126440 0
1785368403557 2242036 2115596 126440 0
1785368403593 2242036 2115596 126440 0
1785368403630 2242036 2115596 126440 0
1785368403667 2242036 2115596 126440 0
1785368403702 2242036 2115596 126440 0
1785368403740 2241884 2115448 126436 0
1785368403777 2257980 2131540 126440 0
1785368403814 2270880 2144444 126436 0
1785368403850 2288700 2162260 126440 0
1785368403890 2299500 2173228 126272 0
1785368403929 2316368 2189872 126496 0
1785368403968 2332752 2206256 126496 0
1785368404006 2351184 2224688 126496 0
1785368404043 2365520 2239024 126496 0
1785368404080 2381904 2255408 126496 0
1785368404117 2400336 2273840 126496 0
1785368404154 2416720 2290224 126496 0
1785368404191 2433104 2306608 126496 0
1785368404227 2449488 2322992 126496 0
1785368404264 2465872 2339376 126496 0
1785368404303 2482056 2355560 126496 0
1785368404343 2498440 2371944 126496 0
1785368404381 2516872 2390376 126496 0
1785368404420 2533256 2406760 126496 0
1785368404458 2551688 2425192 126496 0
1785368404497 2568072 2441576 126496 0
1785368404536 2586504 2460008 126496 0
1785368404575 2602888 2476392 126496 0
1785368404613 2619272 2492776 126496 0
1785368404652 2637704 2511208 126496 0
1785368404692 2360204 2233712 126492 0
1785368404736 2506984 2380488 126496 0
1785368404774 2506984 2380488 126496 0
1785368404811 2506984 2380488 126496 0
1785368404850 2506984 2380488 126496 0
1785368404887 2506984 2380488 126496 0
1785368404925 2506984 2380488 126496 0
1785368404962 2506984 2380488 126496 0
1785368404999 2506984 2380488 126496 0
1785368405036 2506984 2380488 126496 0
1785368405073 2506984 2380488 126496 0
1785368405108 2506984 2380488 126496 0
1785368405146 2506984 2380488 126496 0
1785368405183 2506984 2380488 126496 0
1785368405219 2506984 2380488 126496 0
1785368405256 2506984 2380488 126496 0
1785368405292 2506984 2380488 126496 0
1785368405330 2506984 2380488 126496 0
1785368405367 2506984 2380488 126496 0
1785368405404 2506984 2380488 126496 0
1785368405441 2506984 2380488 126496 0
1785368405478 2506984 2380488 126496 0
1785368405515 2506984 2380488 126496 0
1785368405553 2506984 2380488 126496 0
1785368405590 2506984 2380488 126496 0
1785368405628 2506984 2380488 126496 0
1785368405665 2506984 2380488 126496 0
1785368405702 2506984 2380488 126496 0
1785368405739 2506984 2380488 126496 0
1785368405776 2506984 2380488 126496 0
1785368405814 2506984 2380488 126496 0
1785368405851 2506984 2380488 126496 0
1785368405887 2506984 2380488 126496 0
1785368405924 2506984 2380488 126496 0
1785368405961 2506984 2380488 126496 0
1785368405998 2506984 2380488 126496 0
1785368406036 2506984 2380488 126496 0
1785368406073 2506984 2380488 126496 0
1785368406110 2506984 2380488 126496 0
1785368406148 2506984 2380488 126496 0
1785368406185 2506984 2380488 126496 0
1785368406222 2506984 2380488 126496 0
1785368406259 2130164 2003528 126636 0
1785368406297 2130828 2003548 127280 0
1785368406337 2130836 2003556 127280 0
1785368406374 2130836 2003556 127280 0
1785368406411 2130836 2003556 127280 0
1785368406449 2130836 2003556 127280 0
1785368406486 2130836 2003556 127280 0
1785368406522 2130836 2003556 127280 0
1785368406559 2130836 2003556 127280 0
1785368406596 2130868 2003556 127312 0
1785368406633 2130868 2003556 127312 0
1785368406671 2130868 2003556 127312 0
1785368406708 2130880 2003568 127312 0
1785368406747 2131152 2003588 127564 0
1785368406786 2131220 2003592 127628 0
1785368406825 2131228 2003596 127632 0
1785368406864 2131076 2003448 127628 0
1785368406901 2073364 1945732 127632 0
1785368406938 2075416 1947784 127632 0
1785368406979 2075416 1947784 127632 0
1785368407016 2075416 1947784 127632 0
1785368407055 2075416 1947784 127632 0
1785368407096 2075416 1947784 127632 0
1785368407133 2075416 1947784 127632 0
1785368407169 2075416 1947784 127632 0
1785368407207 2075420 1947788 127632 0
1785368407245 2075420 1947788 127632 0
1785368407283 2075420 1947788 127632 0
1785368407321 2075420 1947788 127632 0
1785368407360 2075420 1947788 127632 0
1785368407400 2075420 1947788 127632 0
1785368407439 2075420 1947788 127632 0
1785368407480 2075420 1947788 127632 0
1785368407519 2075420 1947788 127632 0
1785368407557 2075564 1947788 127776 0
1785368407599 2075632 1947792 127840 0
1785368407639 2075632 1947792 127840 0
1785368407677 2075700 1947796 127904 0
1785368407716 2075700 1947796 127904 0
1785368407755 2075700 1947796 127904 0
1785368407793 2075700 1947796 127904 0
1785368407832 2075700 1947796 127904 0
1785368407871 2075700 1947796 127904 0
1785368407910 2075700 1947796 127904 0
1785368407950 2075700 1947796 127904 0
1785368407989 2075700 1947796 127904 0
1785368408029 2075700 1947796 127904 0
1785368408068 2075700 1947796 127904 0
1785368408107 2075700 1947796 127904 0
1785368408146 2075700 1947796 127904 0
1785368408185 2075700 1947796 127904 0
1785368408223 2075700 1947796 127904 0
1785368408261 2075700 1947796 127904 0
1785368408300 2075700 1947796 127904 0
1785368408339 2075700 1947796 127904 0
1785368408377 2075700 1947796 127904 0
1785368408416 2075700 1947796 127904 0
1785368408454 2075700 1947796 127904 0
1785368408492 2075700 1947796 127904 0
1785368408531 2075700 1947796 127904 0
1785368408570 2075700 1947796 127904 0
1785368408608 2075700 1947796 127904 0
1785368408647 2075700 1947796 127904 0
1785368408686 2075700 1947796 127904 0
1785368408726 2075700 1947796 127904 0
1785368408764 2075700 1947796 127904 0
1785368408802 2075700 1947796 127904 0
1785368408840 2075704 1947800 127904 0
1785368408879 2075708 1947804 127904 0
1785368408918 2075708 1947804 127904 0
1785368408956 2075708 1947804 127904 0
1785368408993 2075708 1947804 127904 0
1785368409031 2075708 1947804 127904 0
1785368409069 2075708 1947804 127904 0
1785368409107 2075708 1947804 127904 0
1785368409146 2075708 1947804 127904 0
1785368409184 2075708 1947804 127904 0
1785368409221 2075708 1947804 127904 0
1785368409259 2075708 1947804 127904 0
1785368409296 2075708 1947804 127904 0
1785368409335 2075708 1947804 127904 0
1785368409373 2075716 1947812 127904 0
1785368409412 2075716 1947812 127904 0
1785368409453 2075716 1947812 127904 0
1785368409491 2075716 1947812 127904 0
1785368409531 2075716 1947812 127904 0
1785368409571 2075716 1947812 127904 0
1785368409609 2075716 1947812 127904 0
1785368409648 2075716 1947812 127904 0
1785368409687 2075716 1947812 127904 0
1785368409726 2075716 1947812 127904 0
1785368409764 2075716 1947812 127904 0
1785368409803 2075716 1947812 127904 0
1785368409843 2075716 1947812 127904 0
1785368409882 2075720 1947816 127904 0
1785368409922 2075720 1947816 127904 0
1785368409961 2075720 1947816 127904 0
1785368409999 2075720 1947816 127904 0
1785368410040 2075720 1947816 127904 0
1785368410078 2075720 1947816 127904 0
1785368410116 2075720 1947816 127904 0
1785368410157 2075720 1947816 127904 0
1785368410197 2075720 1947816 127904 0
1785368410235 2075720 1947816 127904 0
1785368410274 2075720 1947816 127904 0
1785368410313 2075720 1947816 127904 0
1785368410353 2075720 1947816 127904 0
1785368410391 2075720 1947816 127904 0
1785368410431 2075720 1947816 127904 0
1785368410473 2075720 1947816 127904 0
1785368410512 2075720 1947816 127904 0
1785368410551 2075720 1947816 127904 0
1785368410591 2075720 1947816 127904 0
1785368410630 2075720 1947816 127904 0
1785368410667 2075720 1947816 127904 0
1785368410707 2075720 1947816 127904 0
1785368410748 2075720 1947816 127904 0
1785368410786 2075720 1947816 127904 0
1785368410826 2075720 1947816 127904 0
1785368410866 2075720 1947816 127904 0
1785368410903 2075720 1947816 127904 0
1785368410941 2075720 1947816 127904 0
1785368410980 2075720 1947816 127904 0
1785368411019 2075720 1947816 127904 0
1785368411057 2075720 1947816 127904 0
1785368411098 2075924 1947816 128108 0
1785368411138 2076032 1947816 128216 0
1785368411178 2076032 1947816 128216 0
1785368411216 2076032 1947816 128216 0
1785368411255 2076032 1947816 128216 0
1785368411293 2076032 1947816 128216 0
1785368411330 2091556 1971112 120444 0
1785368411372 2149680 2021416 128264 0
1785368411413 2149680 2021416 128264 0
1785368411452 2076080 1947816 128264 0
1785368411492 2076080 1947816 128264 0
1785368411530 2076080 1947816 128264 0
1785368411568 2076080 1947816 128264 0
1785368411605 2076080 1947816 128264 0
1785368411642 2076080 1947816 128264 0
1785368411681 2076080 1947816 128264 0
1785368411719 2076080 1947816 128264 0
1785368411757 2076080 1947816 128264 0
1785368411797 2076080 1947816 128264 0
1785368411833 2076080 1947816 128264 0
1785368411870 2076084 1947820 128264 0
1785368411908 2076084 1947820 128264 0
1785368411946 2076084 1947820 128264 0
1785368411985 2076084 1947820 128264 0
1785368412024 2076084 1947820 128264 0
1785368412062 2076084 1947820 128264 0
1785368412100 2076084 1947820 128264 0
1785368412139 2076084 1947820 128264 0
1785368412177 2076084 1947820 128264 0
1785368412216 2076088 1947824 128264 0
1785368412253 2076092 1947828 128264 0
1785368412291 2076100 1947836 128264 0
1785368412329 2076100 1947836 128264 0
1785368412368 2076104 1947840 128264 0
1785368412409 2076104 1947840 128264 0
1785368412447 2076104 1947840 128264 0
1785368412487 2076104 1947840 128264 0
1785368412528 2076104 1947840 128264 0
1785368412566 2076104 1947840 128264 0
1785368412606 2076104 1947840 128264 0
1785368412647 2076104 1947840 128264 0
1785368412686 2076104 1947840 128264 0
1785368412724 2076104 1947840 128264 0
1785368412764 2076104 1947840 128264 0
1785368412804 2076104 1947840 128264 0
1785368412843 2076104 1947840 128264 0
1785368412883 2076108 1947844 128264 0
1785368412922 2076108 1947844 128264 0
1785368412960 2076108 1947844 128264 0
1785368412998 2076108 1947844 128264 0
1785368413037 2076108 1947844 128264 0
1785368413076 2076108 1947844 128264 0
1785368413115 2088268 1960004 128264 0
1785368413155 2088268 1960004 128264 0
1785368413194 2088268 1960004 128264 0
1785368413233 2088268 1960004 128264 0
1785368413271 2088268 1960004 128264 0
1785368413310 2088268 1960004 128264 0
1785368413349 2088268 1960004 128264 0
1785368413388 2088268 1960004 128264 0
1785368413427 2088268 1960004 128264 0
1785368413466 2088268 1960004 128264 0
1785368413506 2088268 1960004 128264 0
1785368413546 2088268 1960004 128264 0
1785368413584 2088268 1960004 128264 0
1785368413623 2088268 1960004 128264 0
1785368413661 2088268 1960004 128264 0
1785368413700 2088268 1960004 128264 0
1785368413739 2088268 1960004 128264 0
1785368413778 2088268 1960004 128264 0
1785368413817 2088268 1960004 128264 0
1785368413858 2088268 1960004 128264 0
1785368413897 2088268 1960004 128264 0
1785368413936 2088272 1960008 128264 0
1785368413977 2088272 1960008 128264 0
1785368414017 2088272 1960008 128264 0
1785368414056 2088272 1960008 128264 0
1785368414095 2088272 1960008 128264 0
1785368414136 2088272 1960008 128264 0
1785368414176 2088272 1960008 128264 0
1785368414214 2088272 1960008 128264 0
1785368414253 2088272 1960008 128264 0
1785368414292 2088272 1960008 128264 0
1785368414332 2088272 1960008 128264 0
1785368414372 2088272 1960008 128264 0
1785368414411 2088272 1960008 128264 0
1785368414451 2088276 1960012 128264 0
1785368414489 2088276 1960012 128264 0
1785368414528 2088276 1960012 128264 0
1785368414565 2088276 1960012 128264 0
1785368414603 2088276 1960012 128264 0
1785368414642 2088276 1960012 128264 0
1785368414679 2088276 1960012 128264 0
1785368414719 2088276 1960012 128264 0
1785368414758 2088276 1960012 128264 0
1785368414798 2088276 1960012 128264 0
1785368414838 2088276 1960012 128264 0
1785368414878 2088276 1960012 128264 0
1785368414918 2088276 1960012 128264 0
1785368414958 2088276 1960012 128264 0
1785368414999 2088276 1960012 128264 0
1785368415039 2088276 1960012 128264 0
1785368415076 2088276 1960012 128264 0
1785368415113 2088280 1960016 128264 0
1785368415153 2088280 1960016 128264 0
1785368415192 2088280 1960016 128264 0
1785368415233 2088280 1960016 128264 0
1785368415273 2088280 1960016 128264 0
1785368415312 2088280 1960016 128264 0
1785368415350 2088280 1960016 128264 0
1785368415390 2088280 1960016 128264 0
1785368415429 2088280 1960016 128264 0
1785368415468 2088280 1960016 128264 0
1785368415511 2088280 1960016 128264 0
1785368415551 2088280 1960016 128264 0
1785368415589 2088280 1960016 128264 0
1785368415629 2088280 1960016 128264 0
1785368415666 2088280 1960016 128264 0
1785368415703 2088280 1960016 128264 0
1785368415741 2088280 1960016 128264 0
1785368415780 2088280 1960016 128264 0
1785368415820 2088280 1960016 128264 0
1785368415860 2088280 1960016 128264 0
1785368415900 2088280 1960016 128264 0
1785368415940 2088280 1960016 128264 0
1785368415978 2088280 1960016 128264 0
1785368416015 2088280 1960016 128264 0
1785368416053 2088284 1960020 128264 0
1785368416092 2088284 1960020 128264 0
1785368416132 2088284 1960020 128264 0
1785368416171 2088284 1960020 128264 0
1785368416211 2088284 1960020 128264 0
1785368416249 2088284 1960020 128264 0
1785368416288 2088284 1960020 128264 0
1785368416330 2088284 1960020 128264 0
1785368416368 2088284 1960020 128264 0
1785368416405 2088284 1960020 128264 0
1785368416447 2088284 1960020 128264 0
1785368416486 2088284 1960020 128264 0
1785368416525 2088284 1960020 128264 0
1785368416565 2088284 1960020 128264 0
1785368416603 2088284 1960020 128264 0
1785368416640 2088284 1960020 128264 0
1785368416678 2088284 1960020 128264 0
1785368416719 2088132 1959872 128260 0
1785368416761 2105952 1977688 128264 0
1785368416799 2122336 1994072 128264 0
1785368416837 2137284 2009024 128260 0
1785368416877 2177632 2049368 128264 0
1785368416916 2194016 2065752 128264 0
1785368416954 2210400 2082136 128264 0
1785368416991 2260316 2132052 128264 0
1785368417037 2260316 2132052 128264 0
1785368417077 2260316 2132052 128264 0
1785368417117 2260316 2132052 128264 0
1785368417155 2260316 2132052 128264 0
1785368417194 2260316 2132052 128264 0
1785368417233 2260316 2132052 128264 0
1785368417271 2260316 2132052 128264 0
1785368417309 2260316 2132052 128264 0
1785368417349 2260316 2132052 128264 0
1785368417388 2260316 2132052 128264 0
1785368417428 2260316 2132052 128264 0
1785368417468 2088412 1960148 128264 0
1785368417508 2088416 1960152 128264 0
1785368417546 2088416 1960152 128264 0
1785368417584 2088416 1960152 128264 0
1785368417623 2088416 1960152 128264 0
1785368417663 2088416 1960152 128264 0
1785368417703 2088416 1960152 128264 0
1785368417743 2088416 1960152 128264 0
1785368417783 2088416 1960152 128264 0
1785368417822 2088416 1960152 128264 0
1785368417862 2088416 1960152 128264 0
1785368417902 2088428 1960164 128264 0
1785368417942 2088432 1960168 128264 0
1785368417982 2088432 1960168 128264 0
1785368418023 2088432 1960168 128264 0
1785368418064 2088432 1960168 128264 0
1785368418102 2088432 1960168 128264 0
1785368418142 2088436 1960172 128264 0
1785368418181 2088436 1960172 128264 0
1785368418219 2088436 1960172 128264 0
1785368418257 2088436 1960172 128264 0
1785368418296 2088436 1960172 128264 0
1785368418336 2088436 1960172 128264 0
1785368418374 2088436 1960172 128264 0
1785368418416 2088436 1960172 128264 0
1785368418455 2088436 1960172 128264 0
1785368418493 2088436 1960172 128264 0
1785368418534 2088436 1960172 128264 0
1785368418573 2088436 1960172 128264 0
1785368418611 2088436 1960172 128264 0
1785368418653 2088436 1960172 128264 0
1785368418692 2088436 1960172 128264 0
1785368418732 2088436 1960172 128264 0
1785368418773 2088436 1960172 128264 0
1785368418813 2088436 1960172 128264 0
1785368418852 2088436 1960172 128264 0
1785368418892 2088436 1960172 128264 0
1785368418932 2088436 1960172 128264 0
1785368418971 2088436 1960172 128264 0
1785368419011 2088436 1960172 128264 0
1785368419051 2088436 1960172 128264 0
1785368419090 2088436 1960172 128264 0
1785368419130 2088436 1960172 128264 0
1785368419169 2088436 1960172 128264 0
1785368419209 2088436 1960172 128264 0
1785368419249 2088436 1960172 128264 0
1785368419289 2088436 1960172 128264 0
1785368419328 2088436 1960172 128264 0
1785368419367 2088436 1960172 128264 0
1785368419406 2088436 1960172 128264 0
1785368419445 2088436 1960172 128264 0
1785368419484 2088436 1960172 128264 0
1785368419523 2088436 1960172 128264 0
1785368419563 2088436 1960172 128264 0
1785368419603 2088436 1960172 128264 0
1785368419643 2088436 1960172 128264 0
1785368419682 2088436 1960172 128264 0
1785368419721 2088436 1960172 128264 0
1785368419761 2088436 1960172 128264 0
1785368419801 2088436 1960172 128264 0
1785368419840 2088436 1960172 128264 0
1785368419880 2088436 1960172 128264 0
1785368419920 2088436 1960172 128264 0
1785368419960 2088436 1960172 128264 0
1785368419998 2088436 1960172 128264 0
1785368420037 2088436 1960172 128264 0
1785368420075 2088448 1960184 128264 0
1785368420113 2088448 1960184 128264 0
1785368420153 2088448 1960184 128264 0
1785368420191 2088448 1960184 128264 0
1785368420228 2088448 1960184 128264 0
1785368420266 2088448 1960184 128264 0
1785368420304 2088448 1960184 128264 0
1785368420343 2088448 1960184 128264 0
1785368420382 2088448 1960184 128264 0
1785368420422 2088448 1960184 128264 0
1785368420459 2088448 1960184 128264 0
1785368420497 2088448 1960184 128264 0
1785368420535 2088448 1960184 128264 0
1785368420573 2088448 1960184 128264 0
1785368420612 2088448 1960184 128264 0
1785368420652 2088448 1960184 128264 0
1785368420692 2088448 1960184 128264 0
1785368420729 2088448 1960184 128264 0
1785368420770 2088448 1960184 128264 0
1785368420809 2088448 1960184 128264 0
1785368420848 2088448 1960184 128264 0
1785368420887 2088448 1960184 128264 0
1785368420925 2088448 1960184 128264 0
1785368420964 2088448 1960184 128264 0
1785368421002 2088448 1960184 128264 0
1785368421041 2088448 1960184 128264 0
1785368421081 2088448 1960184 128264 0
1785368421120 2088448 1960184 128264 0
1785368421161 2088448 1960184 128264 0
1785368421200 2088448 1960184 128264 0
1785368421239 2088448 1960184 128264 0
1785368421279 2088448 1960184 128264 0
1785368421317 2088448 1960184 128264 0
1785368421357 2088448 1960184 128264 0
1785368421398 2088448 1960184 128264 0
1785368421438 2088448 1960184 128264 0
1785368421476 2088448 1960184 128264 0
1785368421516 2088448 1960184 128264 0
1785368421555 2088448 1960184 128264 0
1785368421596 2088448 1960184 128264 0
1785368421634 2088448 1960184 128264 0
1785368421673 2088448 1960184 128264 0
1785368421715 2088448 1960184 128264 0
1785368421754 2088448 1960184 128264 0
1785368421793 2088448 1960184 128264 0
1785368421834 2088448 1960184 128264 0
1785368421872 2088448 1960184 128264 0
1785368421911 2088448 1960184 128264 0
1785368421951 2088448 1960184 128264 0
1785368421991 2088448 1960184 128264 0
1785368422029 2088448 1960184 128264 0
1785368422069 2088448 1960184 128264 0
1785368422109 2088448 1960184 128264 0
1785368422147 2088448 1960184 128264 0
1785368422188 2088448 1960184 128264 0
1785368422228 2088448 1960184 128264 0
1785368422266 2088448 1960184 128264 0
1785368422304 2094464 1966200 128264 0
1785368422344 2094464 1966200 128264 0
1785368422385 2094464 1966200 128264 0
1785368422423 2103940 1975676 128264 0
1785368422460 2137472 2009208 128264 0
1785368422500 2137320 2009060 128260 0
1785368422539 2155140 2026876 128264 0
1785368422577 2200476 2080540 119936 0
1785368422623 2235776 2107512 128264 0
1785368422663 2235776 2107512 128264 0
1785368422703 2235776 2107512 128264 0
1785368422742 2235776 2107512 128264 0
1785368422779 2235776 2107512 128264 0
1785368422817 2235776 2107512 128264 0
1785368422855 2235624 2107364 128260 0
1785368422893 2088448 1960184 128264 0
1785368422933 2088448 1960184 128264 0
1785368422972 2088448 1960184 128264 0
1785368423010 2088448 1960184 128264 0
1785368423048 2088448 1960184 128264 0
1785368423084 2088448 1960184 128264 0
1785368423122 2088456 1960192 128264 0
1785368423160 2088456 1960192 128264 0
1785368423197 2088456 1960192 128264 0
1785368423236 2088456 1960192 128264 0
1785368423274 2088456 1960192 128264 0
1785368423312 2088456 1960192 128264 0
1785368423350 2088456 1960192 128264 0
1785368423388 2088456 1960192 128264 0
1785368423427 2088460 1960196 128264 0
1785368423466 2088460 1960196 128264 0
1785368423505 2088464 1960200 128264 0
1785368423543 2088464 1960200 128264 0
1785368423583 2088468 1960204 128264 0
1785368423622 2088472 1960208 128264 0
1785368423661 2088472 1960208 128264 0
1785368423701 2088472 1960208 128264 0
1785368423739 2088476 1960212 128264 0
1785368423779 2088476 1960212 128264 0
1785368423818 2088476 1960212 128264 0
1785368423856 2085348 1966980 118368 0
1785368423898 2097564 1969300 128264 0
1785368423937 2097564 1969300 128264 0
1785368423976 2097412 1969152 128260 0
1785368424017 2109852 1981588 128264 0
1785368424057 2109852 1981588 128264 0
1785368424096 2109852 1981588 128264 0
1785368424136 2109852 1981588 128264 0
1785368424176 2109852 1981588 128264 0
1785368424214 2109852 1981588 128264 0
1785368424253 2109852 1981588 128264 0
1785368424293 2109852 1981588 128264 0
1785368424333 2109852 1981588 128264 0
1785368424373 2122144 1993880 128264 0
1785368424414 2122144 1993880 128264 0
1785368424452 2122144 1993880 128264 0
1785368424491 2122144 1993880 128264 0
1785368424531 2122144 1993880 128264 0
1785368424570 2122144 1993880 128264 0
1785368424611 2122144 1993880 128264 0
1785368424650 2122144 1993880 128264 0
1785368424689 2122144 1993880 128264 0
1785368424728 2122144 1993880 128264 0
1785368424768 2122144 1993880 128264 0
1785368424808 2122144 1993880 128264 0
1785368424847 2122144 1993880 128264 0
1785368424886 2122144 1993880 128264 0
1785368424925 2122144 1993880 128264 0
1785368424965 2122144 1993880 128264 0
1785368425005 2122144 1993880 128264 0
1785368425044 2122144 1993880 128264 0
1785368425083 2122144 1993880 128264 0
1785368425124 2122144 1993880 128264 0
1785368425163 2122144 1993880 128264 0
1785368425201 2122144 1993880 128264 0
1785368425240 2122144 1993880 128264 0
1785368425279 2122144 1993880 128264 0
1785368425318 2122144 1993880 128264 0
1785368425358 2122144 1993880 128264 0
1785368425398 2122144 1993880 128264 0
1785368425437 2122144 1993880 128264 0
1785368425477 2122144 1993880 128264 0
1785368425517 2122144 1993880 128264 0
1785368425556 2122144 1993880 128264 0
1785368425595 2122144 1993880 128264 0
1785368425634 2122144 1993880 128264 0
1785368425672 2122148 1993884 128264 0
1785368425711 2122148 1993884 128264 0
1785368425750 2122148 1993884 128264 0
1785368425787 2122148 1993884 128264 0
1785368425825 2122148 1993884 128264 0
1785368425863 2122148 1993884 128264 0
1785368425900 2122148 1993884 128264 0
1785368425940 2122148 1993884 128264 0
1785368425978 2122148 1993884 128264 0
1785368426015 2122148 1993884 128264 0
1785368426053 2122148 1993884 128264 0
1785368426092 2122148 1993884 128264 0
1785368426131 2122148 1993884 128264 0
1785368426170 2122148 1993884 128264 0
1785368426210 2122148 1993884 128264 0
1785368426251 2122148 1993884 128264 0
1785368426290 2122148 1993884 128264 0
1785368426328 2122148 1993884 128264 0
1785368426369 2122148 1993884 128264 0
1785368426408 2122148 1993884 128264 0
1785368426446 2122148 1993884 128264 0
1785368426486 2122148 1993884 128264 0
1785368426526 2122148 1993884 128264 0
1785368426564 2122148 1993884 128264 0
1785368426603 2122152 1993888 128264 0
1785368426643 2122152 1993888 128264 0
1785368426682 2122152 1993888 128264 0
1785368426721 2128296 2000032 128264 0
1785368426761 2128296 2000032 128264 0
1785368426801 2128296 2000032 128264 0
1785368426840 2128296 2000032 128264 0
1785368426882 2128296 2000032 128264 0
1785368426921 2128296 2000032 128264 0
1785368426959 2128296 2000032 128264 0
1785368427000 2128296 2000032 128264 0
1785368427039 2128296 2000032 128264 0
1785368427078 2128296 2000032 128264 0
1785368427117 2128296 2000032 128264 0
1785368427158 2128296 2000032 128264 0
1785368427198 2128296 2000032 128264 0
1785368427237 2128296 2000032 128264 0
1785368427275 2128296 2000032 128264 0
1785368427318 2128300 2000036 128264 0
1785368427357 2128300 2000036 128264 0
1785368427396 2128300 2000036 128264 0
1785368427435 2128300 2000036 128264 0
1785368427473 2128300 2000036 128264 0
1785368427513 2128300 2000036 128264 0
1785368427552 2128300 2000036 128264 0
1785368427593 2128300 2000036 128264 0
1785368427632 2128300 2000036 128264 0
1785368427672 2128300 2000036 128264 0
1785368427712 2128300 2000036 128264 0
1785368427749 2128300 2000036 128264 0
1785368427787 2128300 2000036 128264 0
1785368427829 2128300 2000036 128264 0
1785368427868 2128300 2000036 128264 0
1785368427908 2128300 2000036 128264 0
1785368427950 2128300 2000036 128264 0
1785368427990 2128300 2000036 128264 0
1785368428029 2128300 2000036 128264 0
1785368428066 2128148 1999888 128260 0
1785368428104 2169520 2041256 128264 0
1785368428143 2183856 2055592 128264 0
1785368428180 2200748 2072484 128264 0
1785368428218 2254008 2129368 124640 0
1785368428260 2226732 2098468 128264 0
1785368428301 2226580 2098320 128260 0
1785368428342 2079276 1951012 128264 0
1785368428379 2079276 1951012 128264 0
1785368428416 2079276 1951012 128264 0
1785368428455 2079276 1951012 128264 0
1785368428493 2079276 1951012 128264 0
1785368428531 2079276 1951012 128264 0
1785368428568 2079276 1951012 128264 0
1785368428608 2079276 1951012 128264 0
1785368428646 2079276 1951012 128264 0
1785368428687 2079276 1951012 128264 0
1785368428726 2079128 1950868 128260 0
1785368428764 2079284 1951020 128264 0
1785368428802 2079284 1951020 128264 0
1785368428841 2079284 1951020 128264 0
1785368428882 2079284 1951020 128264 0
1785368428921 2079284 1951020 128264 0
1785368428959 2079284 1951020 128264 0
1785368428999 2079284 1951020 128264 0
1785368429038 2079288 1951024 128264 0
1785368429077 2079288 1951024 128264 0
1785368429116 2079288 1951024 128264 0
1785368429156 2079296 1951032 128264 0
1785368429196 2079296 1951032 128264 0
1785368429236 2079296 1951032 128264 0
1785368429277 2079296 1951032 128264 0
1785368429317 2079296 1951032 128264 0
1785368429355 2079296 1951032 128264 0
1785368429393 2091456 1963192 128264 0
1785368429431 2091456 1963192 128264 0
1785368429470 2097600 1969336 128264 0
1785368429510 2122180 1993916 128264 0
1785368429551 2122180 1993916 128264 0
1785368429590 2122180 1993916 128264 0
1785368429630 2122184 1993920 128264 0
1785368429672 2122184 1993920 128264 0
1785368429712 2122184 1993920 128264 0
1785368429749 2128176 1999916 128260 0
1785368429791 2146760 2018496 128264 0
1785368429832 2146760 2018496 128264 0
1785368429871 2146760 2018496 128264 0
1785368429912 2155976 2027712 128264 0
1785368429953 2155976 2027712 128264 0
1785368429993 2155976 2027712 128264 0
1785368430032 2155976 2027712 128264 0
1785368430073 2091592 1963328 128264 0
1785368430113 2091592 1963328 128264 0
1785368430154 2091592 1963328 128264 0
1785368430194 2091592 1963328 128264 0
1785368430234 2091592 1963328 128264 0
1785368430274 2091592 1963328 128264 0
1785368430315 2091596 1963332 128264 0
1785368430356 2091596 1963332 128264 0
1785368430396 2091596 1963332 128264 0
1785368430436 2091596 1963332 128264 0
1785368430476 2091596 1963332 128264 0
1785368430516 2091596 1963332 128264 0
1785368430556 2091596 1963332 128264 0
1785368430596 2091596 1963332 128264 0
1785368430636 2091596 1963332 128264 0
1785368430676 2091596 1963332 128264 0
1785368430716 2091596 1963332 128264 0
1785368430756 2091596 1963332 128264 0
1785368430797 2091596 1963332 128264 0
1785368430837 2091596 1963332 128264 0
1785368430877 2091596 1963332 128264 0
1785368430915 2091596 1963332 128264 0
1785368430956 2091596 1963332 128264 0
1785368430996 2091596 1963332 128264 0
1785368431036 2091596 1963332 128264 0
1785368431076 2091596 1963332 128264 0
1785368431116 2091596 1963332 128264 0
1785368431156 2091596 1963332 128264 0
1785368431196 2091596 1963332 128264 0
1785368431236 2091596 1963332 128264 0
1785368431276 2091596 1963332 128264 0
1785368431316 2091596 1963332 128264 0
1785368431355 2091596 1963332 128264 0
1785368431395 2091596 1963332 128264 0
1785368431435 2091600 1963336 128264 0
1785368431474 2091600 1963336 128264 0
1785368431513 2091600 1963336 128264 0
1785368431551 2091600 1963336 128264 0
1785368431591 2091600 1963336 128264 0
1785368431628 2091600 1963336 128264 0
1785368431666 2091600 1963336 128264 0
1785368431707 2091600 1963336 128264 0
1785368431747 2091600 1963336 128264 0
1785368431788 2091600 1963336 128264 0
1785368431827 2091600 1963336 128264 0
1785368431867 2091600 1963336 128264 0
1785368431908 2091600 1963336 128264 0
1785368431948 2091600 1963336 128264 0
1785368431989 2091604 1963340 128264 0
1785368432029 2091604 1963340 128264 0
1785368432069 2099156 1970892 128264 0
1785368432109 2099156 1970892 128264 0
1785368432149 2105300 1977036 128264 0
1785368432189 2129876 2001612 128264 0
1785368432232 2129876 2001612 128264 0
1785368432272 2129876 2001612 128264 0
1785368432313 2129876 2001612 128264 0
1785368432355 2129876 2001612 128264 0
1785368432395 2129876 2001612 128264 0
1785368432435 2132252 2011496 120756 0
1785368432477 2142164 2013900 128264 0
1785368432517 2142164 2013900 128264 0
1785368432557 2142164 2013900 128264 0
1785368432598 2142164 2013900 128264 0
1785368432637 2142164 2013900 128264 0
1785368432675 2142164 2013900 128264 0
1785368432717 2142164 2013900 128264 0
1785368432756 2080856 1952592 128264 0
1785368432795 2080856 1952592 128264 0
1785368432835 2080856 1952592 128264 0
1785368432876 2080856 1952592 128264 0
1785368432916 2080856 1952592 128264 0
1785368432956 2080704 1952444 128260 0
1785368432995 2092864 1964604 128260 0
1785368433032 2105036 1976872 128164 0
1785368433071 2129880 2001616 128264 0
1785368433111 2129880 2001616 128264 0
1785368433151 2129880 2001616 128264 0
1785368433191 2136024 2007760 128264 0
1785368433233 2136024 2007760 128264 0
1785368433273 2136024 2007760 128264 0
1785368433313 2108032 1992324 115708 0
1785368433355 2172888 2044624 128264 0
1785368433394 2172888 2044624 128264 0
1785368433433 2172888 2044624 128264 0
1785368433475 2172888 2044624 128264 0
1785368433516 2172888 2044624 128264 0
1785368433555 2172888 2044624 128264 0
1785368433595 2172892 2044628 128264 0
1785368433636 2172892 2044628 128264 0
1785368433675 2172892 2044628 128264 0
1785368433716 2172892 2044628 128264 0
1785368433758 2090076 1961812 128264 0
1785368433799 2090076 1961812 128264 0
1785368433836 2095840 1967576 128264 0
1785368433872 2111300 1983040 128260 0
1785368433909 2136028 2007764 128264 0
1785368433949 2147040 2018776 128264 0
1785368433987 2160452 2032192 128260 0
1785368434024 2209756 2081492 128264 0
1785368434066 2209756 2081492 128264 0
1785368434106 2087004 1958740 128264 0
1785368434147 2087004 1958740 128264 0
1785368434185 2087004 1958740 128264 0
1785368434224 2087004 1958740 128264 0
1785368434262 2087004 1958740 128264 0
1785368434299 2087004 1958740 128264 0
1785368434340 2087004 1958740 128264 0
1785368434379 2087004 1958740 128264 0
1785368434419 2087004 1958740 128264 0
1785368434458 2087004 1958740 128264 0
1785368434497 2087004 1958740 128264 0
1785368434538 2087012 1958748 128264 0
1785368434577 2087012 1958748 128264 0
1785368434616 2087012 1958748 128264 0
1785368434656 2087012 1958748 128264 0
1785368434696 2087012 1958748 128264 0
1785368434736 2087012 1958748 128264 0
1785368434775 2087012 1958748 128264 0
1785368434814 2087016 1958752 128264 0
1785368434854 2087016 1958752 128264 0
1785368434893 2087016 1958752 128264 0
1785368434933 2087024 1958760 128264 0
1785368434973 2087024 1958760 128264 0
1785368435014 2087024 1958760 128264 0
1785368435054 2087024 1958760 128264 0
1785368435094 2092888 1964628 128260 0
1785368435134 2099184 1970920 128264 0
1785368435174 2129904 2001640 128264 0
1785368435215 2129904 2001640 128264 0
1785368435254 2129904 2001640 128264 0
1785368435294 2160624 2032360 128264 0
1785368435336 2160624 2032360 128264 0
1785368435375 2160624 2032360 128264 0
1785368435413 2160624 2032360 128264 0
1785368435455 2160624 2032360 128264 0
1785368435493 2160624 2032360 128264 0
1785368435533 2160472 2032212 128260 0
1785368435575 2179056 2050792 128264 0
1785368435615 2179056 2050792 128264 0
1785368435655 2179056 2050792 128264 0
1785368435696 2179060 2050796 128264 0
1785368435736 2179060 2050796 128264 0
1785368435775 2179060 2050796 128264 0
1785368435815 2191352 2063088 128264 0
1785368435857 2191352 2063088 128264 0
1785368435897 2191352 2063088 128264 0
1785368435938 2191352 2063088 128264 0
1785368435979 2113408 1993392 120016 0
1785368436018 2123896 1995632 128264 0
1785368436057 2123896 1995632 128264 0
1785368436096 2123896 1995632 128264 0
1785368436134 2123896 1995632 128264 0
1785368436173 2123896 1995632 128264 0
1785368436213 2123896 1995632 128264 0
1785368436252 2123896 1995632 128264 0
1785368436292 2123896 1995632 128264 0
1785368436331 2123896 1995632 128264 0
1785368436371 2123896 1995632 128264 0
1785368436411 2123896 1995632 128264 0
1785368436451 2123896 1995632 128264 0
1785368436490 2123896 1995632 128264 0
1785368436529 2123896 1995632 128264 0
1785368436569 2123896 1995632 128264 0
1785368436609 2123900 1995636 128264 0
1785368436649 2123900 1995636 128264 0
1785368436688 2123900 1995636 128264 0
1785368436728 2123900 1995636 128264 0
1785368436767 2123900 1995636 128264 0
1785368436806 2123900 1995636 128264 0
1785368436845 2123900 1995636 128264 0
1785368436884 2123900 1995636 128264 0
1785368436924 2123900 1995636 128264 0
1785368436964 2123900 1995636 128264 0
1785368437003 2123900 1995636 128264 0
1785368437042 2123900 1995636 128264 0
1785368437082 2123900 1995636 128264 0
1785368437121 2123904 1995640 128264 0
1785368437161 2123908 1995644 128264 0
1785368437200 2123908 1995644 128264 0
1785368437238 2123908 1995644 128264 0
1785368437276 2123908 1995644 128264 0
1785368437315 2123908 1995644 128264 0
1785368437351 2123908 1995644 128264 0
1785368437391 2123908 1995644 128264 0
1785368437428 2123908 1995644 128264 0
1785368437466 2123908 1995644 128264 0
1785368437503 2123908 1995644 128264 0
1785368437541 2123908 1995644 128264 0
1785368437578 2123908 1995644 128264 0
1785368437616 2123908 1995644 128264 0
1785368437655 2123908 1995644 128264 0
1785368437695 2123908 1995644 128264 0
1785368437735 2123912 1995648 128264 0
1785368437774 2136072 2007808 128264 0
1785368437813 2160648 2032384 128264 0
1785368437855 2160648 2032384 128264 0
1785368437895 2160648 2032384 128264 0
1785368437934 2185224 2056960 128264 0
1785368437976 2185224 2056960 128264 0
1785368438016 2185224 2056960 128264 0
1785368438055 2203656 2075392 128264 0
1785368438097 2203656 2075392 128264 0
1785368438137 2203656 2075392 128264 0
1785368438177 2203656 2075392 128264 0
1785368438218 2203656 2075392 128264 0
1785368438257 2203656 2075392 128264 0
1785368438296 2200764 2080368 120396 0
1785368438338 2209800 2081536 128264 0
1785368438377 2209800 2081536 128264 0
1785368438416 2209800 2081536 128264 0
1785368438456 2209648 2081388 128260 0
1785368438496 2136200 2007936 128264 0
1785368438535 2136200 2007936 128264 0
1785368438575 2136200 2007936 128264 0
1785368438615 2136200 2007936 128264 0
1785368438655 2136200 2007936 128264 0
1785368438695 2137920 2017644 120276 0
1785368438734 2154504 2026240 128264 0
1785368438774 2191368 2063104 128264 0
1785368438814 2191368 2063104 128264 0
1785368438853 2191368 2063104 128264 0
1785368438894 2222088 2093824 128264 0
1785368438935 2222088 2093824 128264 0
1785368438974 2222088 2093824 128264 0
1785368439015 2222088 2093824 128264 0
1785368439056 2222088 2093824 128264 0
1785368439096 2222088 2093824 128264 0
1785368439136 2222088 2093824 128264 0
1785368439176 2222088 2093824 128264 0
1785368439214 2222088 2093824 128264 0
1785368439253 2222088 2093824 128264 0
1785368439294 2222088 2093824 128264 0
1785368439334 2222088 2093824 128264 0
1785368439373 2222088 2093824 128264 0
1785368439415 2130056 2001792 128264 0
1785368439457 2145036 2016772 128264 0
1785368439495 2159372 2031108 128264 0
1785368439532 2175856 2047596 128260 0
1785368439570 2200584 2072320 128264 0
1785368439608 2210572 2082308 128264 0
1785368439645 2225008 2096748 128260 0
1785368439684 2298888 2170624 128264 0
1785368439729 2298888 2170624 128264 0
1785368439768 2126984 1998720 128264 0
1785368439809 2126984 1998720 128264 0
1785368439846 2126984 1998720 128264 0
1785368439883 2126984 1998720 128264 0
1785368439923 2126984 1998720 128264 0
1785368439958 2126984 1998720 128264 0
1785368439999 2126984 1998720 128264 0
1785368440037 2126984 1998720 128264 0
1785368440076 2126984 1998720 128264 0
1785368440113 2126984 1998720 128264 0
1785368440153 2126984 1998720 128264 0
1785368440191 2126984 1998720 128264 0
1785368440230 2126984 1998720 128264 0
1785368440267 2126984 1998720 128264 0
1785368440305 2126984 1998720 128264 0
1785368440343 2126984 1998720 128264 0
1785368440383 2126984 1998720 128264 0
1785368440422 2126984 1998720 128264 0
1785368440461 2126984 1998720 128264 0
1785368440500 2126984 1998720 128264 0
1785368440538 2126992 1998728 128264 0
1785368440576 2126992 1998728 128264 0
1785368440616 2126992 1998728 128264 0
1785368440655 2126996 1998732 128264 0
1785368440694 2127000 1998736 128264 0
1785368440733 2127004 1998740 128264 0
1785368440773 2127008 1998744 128264 0
1785368440815 2127008 1998744 128264 0
1785368440856 2145160 2016900 128260 0
1785368440894 2163592 2035332 128260 0
1785368440934 2188320 2060056 128264 0
1785368440976 2188320 2060056 128264 0
1785368441017 2188320 2060056 128264 0
1785368441056 2194464 2066200 128264 0
1785368441097 2194464 2066200 128264 0
1785368441136 2194464 2066200 128264 0
1785368441177 2194312 2066052 128260 0
1785368441219 2206752 2078488 128264 0
1785368441259 2206752 2078488 128264 0
1785368441299 2206752 2078488 128264 0
1785368441340 2212896 2084632 128264 0
1785368441380 2212896 2084632 128264 0
1785368441420 2212896 2084632 128264 0
1785368441461 2212896 2084632 128264 0
1785368441501 2212896 2084632 128264 0
1785368441541 2212896 2084632 128264 0
1785368441580 2212896 2084632 128264 0
1785368441623 2212896 2084632 128264 0
1785368441664 2212896 2084632 128264 0
1785368441704 2212896 2084632 128264 0
1785368441745 2212896 2084632 128264 0
1785368441785 2212896 2084632 128264 0
1785368441826 2212896 2084632 128264 0
1785368441867 2212896 2084632 128264 0
1785368441908 2212896 2084632 128264 0
1785368441949 2212896 2084632 128264 0
1785368441988 2212896 2084632 128264 0
1785368442028 2212896 2084632 128264 0
1785368442068 2212896 2084632 128264 0
1785368442109 2212896 2084632 128264 0
1785368442150 2212896 2084632 128264 0
1785368442190 2212896 2084632 128264 0
1785368442231 2212896 2084632 128264 0
1785368442273 2212896 2084632 128264 0
1785368442314 2212896 2084632 128264 0
1785368442355 2212896 2084632 128264 0
1785368442395 2212896 2084632 128264 0
1785368442437 2212896 2084632 128264 0
1785368442478 2212896 2084632 128264 0
1785368442520 2212896 2084632 128264 0
1785368442561 2212896 2084632 128264 0
1785368442602 2212896 2084632 128264 0
1785368442644 2212896 2084632 128264 0
1785368442685 2212896 2084632 128264 0
1785368442727 2212896 2084632 128264 0
1785368442766 2212896 2084632 128264 0
1785368442805 2212896 2084632 128264 0
1785368442844 2212896 2084632 128264 0
1785368442884 2212896 2084632 128264 0
1785368442924 2212896 2084632 128264 0
1785368442965 2212904 2084640 128264 0
1785368443005 2212904 2084640 128264 0
1785368443045 2212904 2084640 128264 0
1785368443086 2212904 2084640 128264 0
1785368443126 2212904 2084640 128264 0
1785368443165 2212904 2084640 128264 0
1785368443203 2212904 2084640 128264 0
1785368443243 2212904 2084640 128264 0
1785368443283 2212904 2084640 128264 0
1785368443324 2212904 2084640 128264 0
1785368443362 2212904 2084640 128264 0
1785368443401 2212904 2084640 128264 0
1785368443441 2212904 2084640 128264 0
1785368443483 2212904 2084640 128264 0
1785368443524 2212908 2084644 128264 0
1785368443563 2212908 2084644 128264 0
1785368443604 2212908 2084644 128264 0
1785368443644 2212908 2084644 128264 0
1785368443686 2212908 2084644 128264 0
1785368443726 2212908 2084644 128264 0
1785368443766 2219056 2090792 128264 0
1785368443809 2219056 2090792 128264 0
1785368443847 2219056 2090792 128264 0
1785368443887 2222028 2101756 120272 0
1785368443930 2249776 2121512 128264 0
1785368443971 2249776 2121512 128264 0
1785368444010 2249776 2121512 128264 0
1785368444051 2249776 2121512 128264 0
1785368444093 2249776 2121512 128264 0
1785368444133 2249776 2121512 128264 0
1785368444174 2249776 2121512 128264 0
1785368444215 2249776 2121512 128264 0
1785368444253 2249776 2121512 128264 0
1785368444292 2249776 2121512 128264 0
1785368444336 2249776 2121512 128264 0
1785368444377 2249776 2121512 128264 0
1785368444417 2191536 2063272 128264 0
1785368444459 2191536 2063272 128264 0
1785368444501 2191536 2063272 128264 0
1785368444545 2191536 2063272 128264 0
1785368444584 2191536 2063272 128264 0
1785368444625 2212916 2084652 128264 0
1785368444668 2212916 2084652 128264 0
1785368444707 2212916 2084652 128264 0
1785368444748 2212916 2084652 128264 0
1785368444790 2212916 2084652 128264 0
1785368444830 2212916 2084652 128264 0
1785368444870 2212916 2084652 128264 0
1785368444913 2212916 2084652 128264 0
1785368444952 2212916 2084652 128264 0
1785368444992 2212916 2084652 128264 0
1785368445035 2212916 2084652 128264 0
1785368445075 2212916 2084652 128264 0
1785368445114 2212916 2084652 128264 0
1785368445157 2212916 2084652 128264 0
1785368445197 2212916 2084652 128264 0
1785368445236 2212916 2084652 128264 0
1785368445279 2212916 2084652 128264 0
1785368445323 2212916 2084652 128264 0
1785368445364 2203724 2083464 120260 0
1785368445402 2222904 2094640 128264 0
1785368445440 2249780 2121516 128264 0
1785368445479 2249780 2121516 128264 0
1785368445517 2249628 2121368 128260 0
1785368445557 2323356 2195096 128260 0
1785368445602 2188468 2060204 128264 0
1785368445642 2188468 2060204 128264 0
1785368445682 2188468 2060204 128264 0
1785368445720 2188468 2060204 128264 0
1785368445760 2188468 2060204 128264 0
1785368445799 2188468 2060204 128264 0
1785368445836 2188468 2060204 128264 0
1785368445877 2188468 2060204 128264 0
1785368445918 2188468 2060204 128264 0
1785368445959 2188468 2060204 128264 0
1785368445999 2188468 2060204 128264 0
1785368446040 2188468 2060204 128264 0
1785368446080 2188468 2060204 128264 0
1785368446121 2188468 2060204 128264 0
1785368446161 2188468 2060204 128264 0
1785368446202 2188468 2060204 128264 0
1785368446243 2188468 2060204 128264 0
1785368446282 2188468 2060204 128264 0
1785368446324 2188468 2060204 128264 0
1785368446365 2188468 2060204 128264 0
1785368446405 2188468 2060204 128264 0
1785368446445 2188468 2060204 128264 0
1785368446486 2188480 2060216 128264 0
1785368446526 2188484 2060220 128264 0
1785368446565 2188484 2060220 128264 0
1785368446604 2188484 2060220 128264 0
1785368446644 2188484 2060220 128264 0
1785368446682 2191516 2071212 120304 0
1785368446722 2203772 2083492 120280 0
1785368446765 2212932 2084668 128264 0
1785368446805 2212932 2084668 128264 0
1785368446844 2212784 2084524 128260 0
1785368446887 2219080 2090816 128264 0
1785368446927 2219080 2090816 128264 0
1785368446965 2219080 2090816 128264 0
1785368447004 2231368 2103104 128264 0
1785368447043 2231368 2103104 128264 0
1785368447082 2231368 2103104 128264 0
1785368447123 2231368 2103104 128264 0
1785368447163 2231368 2103104 128264 0
1785368447201 2231368 2103104 128264 0
1785368447241 2231368 2103104 128264 0
1785368447283 2231368 2103104 128264 0
1785368447323 2231368 2103104 128264 0
1785368447362 2231368 2103104 128264 0
1785368447405 2231368 2103104 128264 0
1785368447445 2231368 2103104 128264 0
1785368447485 2231368 2103104 128264 0
1785368447525 2231368 2103104 128264 0
1785368447566 2231368 2103104 128264 0
1785368447607 2231368 2103104 128264 0
1785368447647 2231368 2103104 128264 0
1785368447687 2231368 2103104 128264 0
1785368447729 2231368 2103104 128264 0
1785368447769 2231368 2103104 128264 0
1785368447810 2231368 2103104 128264 0
1785368447850 2231368 2103104 128264 0
1785368447891 2231368 2103104 128264 0
1785368447931 2231368 2103104 128264 0
1785368447971 2231368 2103104 128264 0
1785368448011 2231368 2103104 128264 0
1785368448051 2231368 2103104 128264 0
1785368448092 2231368 2103104 128264 0
1785368448132 2231368 2103104 128264 0
1785368448172 2231368 2103104 128264 0
1785368448213 2231368 2103104 128264 0
1785368448254 2231368 2103104 128264 0
1785368448295 2231368 2103104 128264 0
1785368448335 2231368 2103104 128264 0
1785368448375 2231368 2103104 128264 0
1785368448416 2231368 2103104 128264 0
1785368448457 2231368 2103104 128264 0
1785368448498 2231368 2103104 128264 0
1785368448538 2231368 2103104 128264 0
1785368448578 2231368 2103104 128264 0
1785368448618 2231368 2103104 128264 0
1785368448659 2231368 2103104 128264 0
1785368448698 2231368 2103104 128264 0
1785368448739 2231368 2103104 128264 0
1785368448780 2231380 2103116 128264 0
1785368448820 2231380 2103116 128264 0
1785368448860 2231380 2103116 128264 0
1785368448899 2231380 2103116 128264 0
1785368448940 2231380 2103116 128264 0
1785368448979 2231380 2103116 128264 0
1785368449019 2231380 2103116 128264 0
1785368449060 2231380 2103116 128264 0
1785368449100 2231380 2103116 128264 0
1785368449138 2231380 2103116 128264 0
1785368449178 2231380 2103116 128264 0
1785368449218 2231380 2103116 128264 0
1785368449260 2231380 2103116 128264 0
1785368449301 2231380 2103116 128264 0
1785368449339 2231380 2103116 128264 0
1785368449378 2231380 2103116 128264 0
1785368449416 2231380 2103116 128264 0
1785368449458 2231380 2103116 128264 0
1785368449497 2231380 2103116 128264 0
1785368449536 2231380 2103116 128264 0
1785368449575 2231380 2103116 128264 0
1785368449614 2231380 2103116 128264 0
1785368449654 2231380 2103116 128264 0
1785368449693 2231380 2103116 128264 0
1785368449732 2231380 2103116 128264 0
1785368449770 2231380 2103116 128264 0
1785368449811 2231380 2103116 128264 0
1785368449852 2231380 2103116 128264 0
1785368449891 2231380 2103116 128264 0
1785368449931 2231384 2103120 128264 0
1785368449973 2231384 2103120 128264 0
1785368450012 2231384 2103120 128264 0
1785368450052 2231384 2103120 128264 0
1785368450093 2231384 2103120 128264 0
1785368450133 2231384 2103120 128264 0
1785368450173 2231384 2103120 128264 0
1785368450213 2231384 2103120 128264 0
1785368450253 2231384 2103120 128264 0
1785368450295 2231384 2103120 128264 0
1785368450336 2231384 2103120 128264 0
1785368450376 2231384 2103120 128264 0
1785368450416 2231384 2103120 128264 0
1785368450459 2231384 2103120 128264 0
1785368450499 2231384 2103120 128264 0
1785368450540 2240604 2112340 128264 0
1785368450582 2240604 2112340 128264 0
1785368450622 2240604 2112340 128264 0
1785368450662 2169952 2049692 120260 0
1785368450705 2197440 2069180 128260 0
1785368450744 2222016 2093756 128260 0
1785368450784 2228312 2100048 128264 0
1785368450825 2225136 2104864 120272 0
1785368450867 2240604 2112340 128264 0
1785368450907 2240604 2112340 128264 0
1785368450947 2240604 2112340 128264 0
1785368450989 2240604 2112340 128264 0
1785368451030 2240604 2112340 128264 0
1785368451070 2240604 2112340 128264 0
1785368451112 2179288 2051024 128264 0
1785368451154 2215360 2089944 125416 0
1785368451196 2237276 2109012 128264 0
1785368451235 2253660 2125396 128264 0
1785368451273 2286680 2158416 128264 0
1785368451312 2286680 2158416 128264 0
1785368451349 2286680 2158416 128264 0
1785368451388 2333344 2206368 126976 0
1785368451433 2200796 2072532 128264 0
1785368451474 2200796 2072532 128264 0
1785368451516 2200796 2072532 128264 0
1785368451554 2200796 2072532 128264 0
1785368451594 2200796 2072532 128264 0
1785368451634 2200644 2072384 128260 0
1785368451672 2212704 2084440 128264 0
1785368451710 2212956 2084692 128264 0
1785368451750 2212956 2084692 128264 0
1785368451791 2212956 2084692 128264 0
1785368451830 2212956 2084692 128264 0
1785368451871 2212956 2084692 128264 0
1785368451911 2212956 2084692 128264 0
1785368451952 2212956 2084692 128264 0
1785368451992 2212956 2084692 128264 0
1785368452031 2212956 2084692 128264 0
1785368452071 2212956 2084692 128264 0
1785368452109 2212956 2084692 128264 0
1785368452147 2212956 2084692 128264 0
1785368452186 2212956 2084692 128264 0
1785368452225 2212960 2084696 128264 0
1785368452265 2212960 2084696 128264 0
1785368452306 2212960 2084696 128264 0
1785368452347 2212968 2084704 128264 0
1785368452388 2212976 2084712 128264 0
1785368452429 2212976 2084712 128264 0
1785368452470 2212824 2084564 128260 0
1785368452511 2225264 2097000 128264 0
1785368452551 2225264 2097000 128264 0
1785368452592 2237556 2109292 128264 0
1785368452632 2237556 2109292 128264 0
1785368452672 2237556 2109292 128264 0
1785368452712 2243700 2115436 128264 0
1785368452753 2243700 2115436 128264 0
1785368452792 2243700 2115436 128264 0
1785368452831 2243700 2115436 128264 0
1785368452872 2243700 2115436 128264 0
1785368452913 2243700 2115436 128264 0
1785368452953 492424 378976 113448 0
1785368452986 2249844 2121580 128264 0
1785368453026 2249844 2121580 128264 0
1785368453066 2249844 2121580 128264 0
1785368453107 2249848 2121584 128264 0
1785368453148 2249848 2121584 128264 0
1785368453189 2249848 2121584 128264 0
1785368453230 2188532 2060268 128264 0
1785368453271 2188532 2060268 128264 0
1785368453312 2188532 2060268 128264 0
1785368453354 2188532 2060268 128264 0
1785368453396 2188532 2060268 128264 0
1785368453436 2188532 2060268 128264 0
1785368453476 2188532 2060268 128264 0
1785368453515 2188532 2060268 128264 0
1785368453557 2188532 2060268 128264 0
1785368453597 2188532 2060268 128264 0
1785368453638 2188532 2060268 128264 0
1785368453679 2188532 2060268 128264 0
1785368453720 2188532 2060268 128264 0
1785368453761 2188532 2060268 128264 0
1785368453802 2188532 2060268 128264 0
1785368453843 2188532 2060268 128264 0
1785368453884 2188532 2060268 128264 0
1785368453925 2188532 2060268 128264 0
1785368453965 2188532 2060268 128264 0
1785368454004 2188532 2060268 128264 0
1785368454044 2188532 2060268 128264 0
1785368454083 2188532 2060268 128264 0
1785368454124 2188532 2060268 128264 0
1785368454164 2188532 2060268 128264 0
1785368454205 2188532 2060268 128264 0
1785368454245 2188532 2060268 128264 0
1785368454285 2188532 2060268 128264 0
1785368454325 2188532 2060268 128264 0
1785368454364 2188532 2060268 128264 0
1785368454404 2188532 2060268 128264 0
1785368454444 2188532 2060268 128264 0
1785368454483 2188532 2060268 128264 0
1785368454522 2188532 2060268 128264 0
1785368454561 2188532 2060268 128264 0
1785368454601 2188536 2060272 128264 0
1785368454639 2188536 2060272 128264 0
1785368454677 2188536 2060272 128264 0
1785368454716 2188536 2060272 128264 0
1785368454754 2192252 2063988 128264 0
1785368454792 2208636 2080372 128264 0
1785368454830 2212984 2084720 128264 0
1785368454872 2212984 2084720 128264 0
1785368454911 2212984 2084720 128264 0
1785368454949 2212984 2084720 128264 0
1785368454987 2212984 2084720 128264 0
1785368455026 2212984 2084720 128264 0
1785368455063 2212984 2084720 128264 0
1785368455102 2212984 2084720 128264 0
1785368455142 2212988 2084724 128264 0
1785368455184 2221012 2093012 128000 0
1785368455223 2228352 2100088 128264 0
1785368455264 492440 378992 113448 0
1785368455295 2240644 2112380 128264 0
1785368455336 2240644 2112380 128264 0
1785368455375 2240644 2112380 128264 0
1785368455415 2246788 2118524 128264 0
1785368455456 2246788 2118524 128264 0
1785368455495 2246788 2118524 128264 0
1785368455534 2246788 2118524 128264 0
1785368455576 2246788 2118524 128264 0
1785368455615 2246788 2118524 128264 0
1785368455654 2246636 2118376 128260 0
1785368455695 2252932 2124668 128264 0
1785368455736 2252932 2124668 128264 0
1785368455774 2252932 2124668 128264 0
1785368455814 2252932 2124668 128264 0
1785368455854 2252932 2124668 128264 0
1785368455892 2252932 2124668 128264 0
1785368455930 2191616 2063352 128264 0
1785368455970 2191616 2063352 128264 0
1785368456009 2191616 2063352 128264 0
1785368456049 2191616 2063352 128264 0
1785368456088 2200704 2072440 128264 0
1785368456130 2209768 2081508 128260 0
1785368456170 2234348 2106088 128260 0
1785368456211 2246788 2118524 128264 0
1785368456251 2246788 2118524 128264 0
1785368456291 2259076 2130812 128264 0
1785368456331 2259076 2130812 128264 0
1785368456368 2259076 2130812 128264 0
1785368456410 2265220 2136956 128264 0
1785368456449 2265220 2136956 128264 0
1785368456487 2265220 2136956 128264 0
1785368456526 2265220 2136956 128264 0
1785368456567 2265220 2136956 128264 0
1785368456608 2265220 2136956 128264 0
1785368456648 2265220 2136956 128264 0
1785368456689 2265220 2136956 128264 0
1785368456730 2265220 2136956 128264 0
1785368456769 2265220 2136956 128264 0
1785368456810 2265220 2136956 128264 0
1785368456850 2265220 2136956 128264 0
1785368456889 2203904 2075640 128264 0
1785368456930 2214016 2088736 125280 0
1785368456972 2272132 2143868 128264 0
1785368457012 2290564 2162300 128264 0
1785368457052 2305004 2176744 128260 0
1785368457091 2329732 2201468 128264 0
1785368457130 2329732 2201468 128264 0
1785368457168 2345384 2224892 120492 0
1785368457211 2215884 2089892 125992 0
1785368457253 2219264 2091000 128264 0
1785368457292 2219264 2091000 128264 0
1785368457332 2219264 2091000 128264 0
1785368457370 2219264 2091000 128264 0
1785368457408 2219264 2091000 128264 0
1785368457448 2227076 2098812 128264 0
1785368457486 2234496 2106232 128264 0
1785368457526 2234496 2106232 128264 0
1785368457564 2234496 2106232 128264 0
1785368457603 2234496 2106232 128264 0
1785368457641 2234496 2106232 128264 0
1785368457679 2234496 2106232 128264 0
1785368457718 2234496 2106232 128264 0
1785368457758 2176260 2047996 128264 0
1785368457797 2176260 2047996 128264 0
1785368457834 2176260 2047996 128264 0
1785368457872 2176260 2047996 128264 0
1785368457911 2176260 2047996 128264 0
1785368457949 2176260 2047996 128264 0
1785368457989 2176260 2047996 128264 0
1785368458029 2176260 2047996 128264 0
1785368458068 2176260 2047996 128264 0
1785368458107 2176260 2047996 128264 0
1785368458146 2176116 2047856 128260 0
1785368458185 2191356 2063096 128260 0
1785368458224 2140880 2021312 119568 0
1785368458264 2225148 2096888 128260 0
1785368458304 2243584 2115324 128260 0
1785368458344 2252800 2124540 128260 0
1785368458381 2271232 2142972 128260 0
1785368458421 2274484 2154092 120392 0
1785368458462 2308248 2179984 128264 0
1785368458504 2308248 2179984 128264 0
1785368458544 2308248 2179984 128264 0
1785368458585 2314392 2186128 128264 0
1785368458627 2314392 2186128 128264 0
1785368458667 2314392 2186128 128264 0
1785368458707 2320536 2192272 128264 0
1785368458747 2320536 2192272 128264 0
1785368458788 2320536 2192272 128264 0
1785368458828 2332824 2204560 128264 0
1785368458870 2332824 2204560 128264 0
1785368458910 2332824 2204560 128264 0
1785368458950 2345112 2216848 128264 0
1785368458992 2345112 2216848 128264 0
1785368459033 2345112 2216848 128264 0
1785368459072 2345112 2216848 128264 0
1785368459114 2345112 2216848 128264 0
1785368459155 2345112 2216848 128264 0
1785368459196 2345112 2216848 128264 0
1785368459237 2345116 2216852 128264 0
1785368459278 2345116 2216852 128264 0
1785368459320 2345116 2216852 128264 0
1785368459360 2345116 2216852 128264 0
1785368459402 2345116 2216852 128264 0
1785368459443 2345116 2216852 128264 0
1785368459483 2345116 2216852 128264 0
1785368459524 2345116 2216852 128264 0
1785368459565 2345116 2216852 128264 0
1785368459606 2345116 2216852 128264 0
1785368459646 2345116 2216852 128264 0
1785368459687 2345116 2216852 128264 0
1785368459728 2345116 2216852 128264 0
1785368459769 2345116 2216852 128264 0
1785368459810 2345116 2216852 128264 0
1785368459851 2345116 2216852 128264 0
1785368459891 2345116 2216852 128264 0
1785368459932 2345116 2216852 128264 0
1785368459973 2345116 2216852 128264 0
1785368460014 2345116 2216852 128264 0
1785368460055 2345116 2216852 128264 0
1785368460095 2345116 2216852 128264 0
1785368460136 2345116 2216852 128264 0
1785368460177 2345116 2216852 128264 0
1785368460217 2345116 2216852 128264 0
1785368460258 2345116 2216852 128264 0
1785368460298 2345116 2216852 128264 0
1785368460339 2345116 2216852 128264 0
1785368460379 2345124 2216860 128264 0
1785368460418 2345124 2216860 128264 0
1785368460459 2345124 2216860 128264 0
1785368460498 2345124 2216860 128264 0
1785368460537 2345124 2216860 128264 0
1785368460576 2345124 2216860 128264 0
1785368460616 2345124 2216860 128264 0
1785368460656 2345124 2216860 128264 0
1785368460698 2345124 2216860 128264 0
1785368460736 2345124 2216860 128264 0
1785368460773 2345124 2216860 128264 0
1785368460811 2345124 2216860 128264 0
1785368460851 2345124 2216860 128264 0
1785368460892 2345124 2216860 128264 0
1785368460934 2345124 2216860 128264 0
1785368460974 2345124 2216860 128264 0
1785368461014 2345124 2216860 128264 0
1785368461056 2345124 2216860 128264 0
1785368461096 2345124 2216860 128264 0
1785368461136 2345124 2216860 128264 0
1785368461177 2358952 2230688 128264 0
1785368461218 2358952 2230688 128264 0
1785368461259 2358952 2230688 128264 0
1785368461299 2371240 2242976 128264 0
1785368461340 2371240 2242976 128264 0
1785368461381 2371240 2242976 128264 0
1785368461422 2383528 2255264 128264 0
1785368461463 2383528 2255264 128264 0
1785368461504 2383528 2255264 128264 0
1785368461545 2383528 2255264 128264 0
1785368461586 2383528 2255264 128264 0
1785368461627 2383528 2255264 128264 0
1785368461667 2383528 2255264 128264 0
1785368461709 2383528 2255264 128264 0
1785368461750 2383528 2255264 128264 0
1785368461792 2383528 2255264 128264 0
1785368461833 2383528 2255264 128264 0
1785368461875 2383528 2255264 128264 0
1785368461916 2383528 2255264 128264 0
1785368461956 2383532 2255268 128264 0
1785368461998 2383532 2255268 128264 0
1785368462039 2383532 2255268 128264 0
1785368462080 2383532 2255268 128264 0
1785368462120 2395820 2267556 128264 0
1785368462161 2395820 2267556 128264 0
1785368462202 2395820 2267556 128264 0
1785368462242 2395820 2267556 128264 0
1785368462284 2395820 2267556 128264 0
1785368462326 2395820 2267556 128264 0
1785368462366 2395820 2267556 128264 0
1785368462406 2395820 2267556 128264 0
1785368462447 2395820 2267556 128264 0
1785368462487 2408108 2279844 128264 0
1785368462529 2408108 2279844 128264 0
1785368462570 2408108 2279844 128264 0
1785368462610 2408108 2279844 128264 0
1785368462652 2334508 2206244 128264 0
1785368462694 2334508 2206244 128264 0
1785368462734 2352044 2223780 128264 0
1785368462772 2383532 2255268 128264 0
1785368462813 2383380 2255120 128260 0
1785368462853 2401196 2272932 128264 0
1785368462892 2432532 2304272 128260 0
1785368462940 2346796 2218532 128264 0
1785368462981 2346796 2218532 128264 0
1785368463022 2346796 2218532 128264 0
1785368463063 2346796 2218532 128264 0
1785368463101 2346796 2218532 128264 0
1785368463141 2346796 2218532 128264 0
1785368463180 2346796 2218532 128264 0
1785368463220 2346796 2218532 128264 0
1785368463259 2346796 2218532 128264 0
1785368463299 2346796 2218532 128264 0
1785368463339 2346796 2218532 128264 0
1785368463378 2346796 2218532 128264 0
1785368463417 2346796 2218532 128264 0
1785368463457 2346800 2218536 128264 0
1785368463497 2346800 2218536 128264 0
1785368463536 2346800 2218536 128264 0
1785368463578 2346800 2218536 128264 0
1785368463617 2346800 2218536 128264 0
1785368463657 2346800 2218536 128264 0
1785368463697 2346800 2218536 128264 0
1785368463738 2346800 2218536 128264 0
1785368463778 2346800 2218536 128264 0
1785368463816 2346804 2218540 128264 0
1785368463854 2346808 2218544 128264 0
1785368463895 2346812 2218548 128264 0
1785368463936 2346812 2218548 128264 0
1785368463978 2346816 2218552 128264 0
1785368464018 2346816 2218552 128264 0
1785368464059 2346816 2218552 128264 0
1785368464101 2352832 2224568 128264 0
1785368464140 2352832 2224568 128264 0
1785368464178 2352832 2224568 128264 0
1785368464218 2371268 2243004 128264 0
1785368464261 2371268 2243004 128264 0
1785368464302 2371268 2243004 128264 0
1785368464342 2383556 2255292 128264 0
1785368464386 2383556 2255292 128264 0
1785368464426 2383556 2255292 128264 0
1785368464466 2395844 2267580 128264 0
1785368464508 2395844 2267580 128264 0
1785368464550 2395844 2267580 128264 0
1785368464590 2395844 2267580 128264 0
1785368464632 2395844 2267580 128264 0
1785368464673 2395844 2267580 128264 0
1785368464713 2395844 2267580 128264 0
1785368464757 2395844 2267580 128264 0
1785368464799 2395844 2267580 128264 0
1785368464839 2395844 2267580 128264 0
1785368464882 2395848 2267584 128264 0
1785368464923 2395848 2267584 128264 0
1785368464965 2395848 2267584 128264 0
1785368465006 2395848 2267584 128264 0
1785368465048 2395848 2267584 128264 0
1785368465091 2395848 2267584 128264 0
1785368465133 2395848 2267584 128264 0
1785368465174 2395848 2267584 128264 0
1785368465216 2395848 2267584 128264 0
1785368465256 2395848 2267584 128264 0
1785368465297 2395848 2267584 128264 0
1785368465337 2395848 2267584 128264 0
1785368465378 2395848 2267584 128264 0
1785368465420 2395848 2267584 128264 0
1785368465462 2395848 2267584 128264 0
1785368465503 2395848 2267584 128264 0
1785368465545 2395848 2267584 128264 0
1785368465587 2395848 2267584 128264 0
1785368465629 2395848 2267584 128264 0
1785368465671 2395848 2267584 128264 0
1785368465713 2395848 2267584 128264 0
1785368465755 2395848 2267584 128264 0
1785368465796 2395848 2267584 128264 0
1785368465838 2395848 2267584 128264 0
1785368465879 2395848 2267584 128264 0
1785368465921 2395848 2267584 128264 0
1785368465963 2395848 2267584 128264 0
1785368466005 2395848 2267584 128264 0
1785368466046 2395848 2267584 128264 0
1785368466088 2395848 2267584 128264 0
1785368466129 2395852 2267588 128264 0
1785368466171 2395852 2267588 128264 0
1785368466211 2395852 2267588 128264 0
1785368466251 2395852 2267588 128264 0
1785368466292 2395852 2267588 128264 0
1785368466331 2395852 2267588 128264 0
1785368466371 2395852 2267588 128264 0
1785368466409 2395852 2267588 128264 0
1785368466448 2395852 2267588 128264 0
1785368466488 2395852 2267588 128264 0
1785368466528 2395852 2267588 128264 0
1785368466568 2395852 2267588 128264 0
1785368466607 2395852 2267588 128264 0
1785368466648 2395852 2267588 128264 0
1785368466689 2395852 2267588 128264 0
1785368466731 2395852 2267588 128264 0
1785368466772 2395852 2267588 128264 0
1785368466813 2340684 2212420 128264 0
1785368466853 2346548 2218288 128260 0
1785368466891 2358836 2230576 128260 0
1785368466930 2371124 2242864 128260 0
1785368466968 2401996 2273732 128264 0
1785368467008 2401996 2273732 128264 0
1785368467049 2401996 2273732 128264 0
1785368467092 2401996 2273732 128264 0
1785368467133 2401996 2273732 128264 0
1785368467172 2401996 2273732 128264 0
1785368467212 2402000 2273736 128264 0
1785368467255 2402000 2273736 128264 0
1785368467296 2402000 2273736 128264 0
1785368467338 2402000 2273736 128264 0
1785368467381 2402000 2273736 128264 0
1785368467422 2402000 2273736 128264 0
1785368467464 2402000 2273736 128264 0
1785368467507 2402000 2273736 128264 0
1785368467548 2402000 2273736 128264 0
1785368467588 2340688 2212424 128264 0
1785368467630 2340688 2212424 128264 0
1785368467672 2340688 2212424 128264 0
1785368467713 2340536 2212276 128260 0
1785368467753 2352696 2224436 128260 0
1785368467792 2358840 2230580 128260 0
1785368467831 2389712 2261448 128264 0
1785368467871 2389712 2261448 128264 0
1785368467913 2389712 2261448 128264 0
1785368467955 2414288 2286024 128264 0
1785368467995 2414288 2286024 128264 0
1785368468035 2414288 2286024 128264 0
1785368468073 2414288 2286024 128264 0
1785368468117 2414288 2286024 128264 0
1785368468158 2414288 2286024 128264 0
1785368468197 2414288 2286024 128264 0
1785368468241 2414288 2286024 128264 0
1785368468282 2414288 2286024 128264 0
1785368468322 2414288 2286024 128264 0
1785368468365 2414288 2286024 128264 0
1785368468404 2414288 2286024 128264 0
1785368468446 2411180 2290972 120208 0
1785368468490 2359120 2230856 128264 0
1785368468531 2372560 2244296 128264 0
1785368468570 2383416 2255156 128260 0
1785368468610 2401232 2272968 128264 0
1785368468650 2440144 2311880 128264 0
1785368468690 2457144 2328884 128260 0
1785368468729 2477008 2348744 128264 0
1785368468770 2506296 2378036 128260 0
1785368468818 2531024 2402760 128264 0
1785368468858 2531024 2402760 128264 0
1785368468899 2531024 2402760 128264 0
1785368468939 2531024 2402760 128264 0
1785368468978 2531024 2402760 128264 0
1785368469020 2531024 2402760 128264 0
1785368469059 2531024 2402760 128264 0
1785368469101 2531024 2402760 128264 0
1785368469141 2531024 2402760 128264 0
1785368469184 2531024 2402760 128264 0
1785368469226 2531024 2402760 128264 0
1785368469268 2531024 2402760 128264 0
1785368469310 2531032 2402768 128264 0
1785368469351 2531032 2402768 128264 0
1785368469393 2531032 2402768 128264 0
1785368469435 2531032 2402768 128264 0
1785368469478 2531032 2402768 128264 0
1785368469520 2531032 2402768 128264 0
1785368469561 2531032 2402768 128264 0
1785368469601 2531036 2402772 128264 0
1785368469640 2531036 2402772 128264 0
1785368469680 2531036 2402772 128264 0
1785368469720 2531036 2402772 128264 0
1785368469759 2531044 2402780 128264 0
1785368469798 2531044 2402780 128264 0
1785368469838 2531044 2402780 128264 0
1785368469879 2531044 2402780 128264 0
1785368469920 2531048 2402784 128264 0
1785368469960 2531048 2402784 128264 0
1785368470002 2531048 2402784 128264 0
1785368470041 2531048 2402784 128264 0
1785368470082 2531048 2402784 128264 0
1785368470124 2531048 2402784 128264 0
1785368470164 2531048 2402784 128264 0
1785368470205 2531048 2402784 128264 0
1785368470246 2531048 2402784 128264 0
1785368470288 2531048 2402784 128264 0
1785368470328 2531052 2402788 128264 0
1785368470370 2531052 2402788 128264 0
1785368470411 2531052 2402788 128264 0
1785368470451 2531052 2402788 128264 0
1785368470493 2531052 2402788 128264 0
1785368470534 2531052 2402788 128264 0
1785368470574 2531052 2402788 128264 0
1785368470617 2531052 2402788 128264 0
1785368470658 2531052 2402788 128264 0
1785368470699 2531052 2402788 128264 0
1785368470741 2531052 2402788 128264 0
1785368470782 2531052 2402788 128264 0
1785368470823 2531056 2402792 128264 0
1785368470863 2531056 2402792 128264 0
1785368470904 2531056 2402792 128264 0
1785368470945 2531056 2402792 128264 0
1785368470986 2531056 2402792 128264 0
1785368471027 2531056 2402792 128264 0
1785368471067 2531056 2402792 128264 0
1785368471109 2531056 2402792 128264 0
1785368471151 2531056 2402792 128264 0
1785368471194 2531056 2402792 128264 0
1785368471235 2531056 2402792 128264 0
1785368471277 2531056 2402792 128264 0
1785368471319 2531056 2402792 128264 0
1785368471361 2531056 2402792 128264 0
1785368471402 2531056 2402792 128264 0
1785368471444 2531056 2402792 128264 0
1785368471486 2531056 2402792 128264 0
1785368471528 2531056 2402792 128264 0
1785368471568 2531056 2402792 128264 0
1785368471610 2531056 2402792 128264 0
1785368471651 2531056 2402792 128264 0
1785368471693 2531056 2402792 128264 0
1785368471735 2531056 2402792 128264 0
1785368471777 2531056 2402792 128264 0
1785368471819 2531056 2402792 128264 0
1785368471860 2531056 2402792 128264 0
1785368471901 2531056 2402792 128264 0
1785368471943 2531060 2402796 128264 0
1785368471983 2531060 2402796 128264 0
1785368472024 2531060 2402796 128264 0
1785368472064 2531060 2402796 128264 0
1785368472105 2531060 2402796 128264 0
1785368472145 2531060 2402796 128264 0
1785368472185 2531060 2402796 128264 0
1785368472223 2531060 2402796 128264 0
1785368472263 2531060 2402796 128264 0
1785368472301 2531060 2402796 128264 0
1785368472340 2531060 2402796 128264 0
1785368472378 2531060 2402796 128264 0
1785368472419 2531060 2402796 128264 0
1785368472462 2531060 2402796 128264 0
1785368472502 2531060 2402796 128264 0
1785368472545 2531064 2402800 128264 0
1785368472585 2531064 2402800 128264 0
1785368472625 2531064 2402800 128264 0
1785368472667 2531064 2402800 128264 0
1785368472708 2531064 2402800 128264 0
1785368472748 2531064 2402800 128264 0
1785368472788 2531064 2402800 128264 0
1785368472827 2531064 2402800 128264 0
1785368472869 2531064 2402800 128264 0
1785368472911 2531064 2402800 128264 0
1785368472952 2531064 2402800 128264 0
1785368472993 2531064 2402800 128264 0
1785368473035 2531064 2402800 128264 0
1785368473075 2531064 2402800 128264 0
1785368473117 2531064 2402800 128264 0
1785368473159 2531064 2402800 128264 0
1785368473199 2531064 2402800 128264 0
1785368473241 2531064 2402800 128264 0
1785368473283 2531064 2402800 128264 0
1785368473325 2531064 2402800 128264 0
1785368473367 2531064 2402800 128264 0
1785368473410 2531064 2402800 128264 0
1785368473453 2531064 2402800 128264 0
1785368473494 2531064 2402800 128264 0
1785368473535 2531064 2402800 128264 0
1785368473578 2531064 2402800 128264 0
1785368473619 2531064 2402800 128264 0
1785368473660 2531064 2402800 128264 0
1785368473702 2531064 2402800 128264 0
1785368473742 2531064 2402800 128264 0
1785368473782 2531064 2402800 128264 0
1785368473823 2531064 2402800 128264 0
1785368473862 2531064 2402800 128264 0
1785368473902 2531064 2402800 128264 0
1785368473944 2531064 2402800 128264 0
1785368473985 2531064 2402800 128264 0
1785368474027 2531064 2402800 128264 0
1785368474068 2531064 2402800 128264 0
1785368474109 2531064 2402800 128264 0
1785368474150 2531064 2402800 128264 0
1785368474191 2531064 2402800 128264 0
1785368474233 2531064 2402800 128264 0
1785368474273 2531064 2402800 128264 0
1785368474314 2531064 2402800 128264 0
1785368474353 2531064 2402800 128264 0
1785368474393 2531064 2402800 128264 0
1785368474433 2531064 2402800 128264 0
1785368474473 2554724 2427180 127544 0
1785368474520 2531192 2402928 128264 0
1785368474561 2531192 2402928 128264 0
1785368474604 2531192 2402928 128264 0
1785368474643 2531192 2402928 128264 0
1785368474685 2531192 2402928 128264 0
1785368474726 2531192 2402928 128264 0
1785368474765 2531192 2402928 128264 0
1785368474805 2531192 2402928 128264 0
1785368474847 2531192 2402928 128264 0
1785368474889 2531192 2402928 128264 0
1785368474931 2531192 2402928 128264 0
1785368474972 2531192 2402928 128264 0
1785368475014 2531200 2402936 128264 0
1785368475054 2531200 2402936 128264 0
1785368475094 2531200 2402936 128264 0
1785368475136 2531272 2403008 128264 0
1785368475175 2369104 2240844 128260 0
1785368475215 2101052 1972724 128328 0
1785368475253 2101052 1972724 128328 0
1785368475291 2101052 1972724 128328 0
1785368475333 2101052 1972724 128328 0
1785368475374 2101052 1972724 128328 0
1785368475416 2101052 1972724 128328 0
1785368475456 2101052 1972724 128328 0
1785368475498 2100900 1972576 128324 0
1785368475539 2101068 1972740 128328 0
1785368475581 2101084 1972752 128332 0
1785368475622 2084472 1967892 116580 0
1785368475662 2099552 1970180 129372 0
1785368475703 2099732 1970180 129552 0
1785368475744 2099852 1970180 129672 0
