LEVER|response_stream|armed
[2026-08-14 13:40:15,611] [MainProcess] Starting grpc server at 127.0.0.1:61922
[2026-08-14 13:40:17,990] [MainProcess] Run : builtin_spu_init at node:2
[2026-08-14 13:40:17,990] [MainProcess] Creating link context using create_brpc method
[2026-08-14 13:40:18,209] [MainProcess] spu-runtime (SPU) initialized
[2026-08-14 13:41:43,258] [MainProcess] Run : builtin_spu_run at node:2
[2026-08-14 13:46:11,097] [MainProcess] RunR: builtin_gc at node:2
[2026-08-14 13:46:11,111] [MainProcess] RunR: builtin_gc at node:2
[2026-08-14 13:46:11,128] [MainProcess] RunR: builtin_gc at node:2
[2026-08-14 13:46:11,137] [MainProcess] RunR: builtin_gc at node:2
[2026-08-14 13:46:11,151] [MainProcess] RunR: builtin_gc at node:2
[2026-08-14 13:46:11,168] [MainProcess] RunR: builtin_gc at node:2
[2026-08-14 13:46:11,178] [MainProcess] RunR: builtin_gc at node:2
[2026-08-14 13:46:11,198] [MainProcess] RunR: builtin_gc at node:2
[2026-08-14 13:46:11,212] [MainProcess] RunR: builtin_gc at node:2
[2026-08-14 13:46:11,221] [MainProcess] RunR: builtin_gc at node:2
[2026-08-14 13:46:11,238] [MainProcess] RunR: builtin_gc at node:2
[2026-08-14 13:46:11,250] [MainProcess] RunR: builtin_gc at node:2
[2026-08-14 13:46:11,271] [MainProcess] RunR: builtin_fetch_object at node:2
[2026-08-14 13:46:11,304] [MainProcess] RunR: builtin_fetch_object at node:2
[2026-08-14 13:46:11,563] [MainProcess] RunR: builtin_gc at node:2
[2026-08-14 13:46:11,570] [MainProcess] RunR: builtin_gc at node:2
[2026-08-14 13:46:11,577] [MainProcess] RunR: builtin_gc at node:2
[2026-08-14 13:46:11,584] [MainProcess] RunR: builtin_gc at node:2
