# timestamp_ms VmRSS_kB VmPeak_kB VmHWM_kB
1785394611042 379916 54440416 379916
1785394611213 826380 54440416 826380
1785394611380 1244172 54440416 1244172
1785394611547 1668108 54440416 1668108
1785394611711 2102284 54440416 2102284
1785394611876 2259980 54440416 2259980
1785394612040 2767884 54440416 2767884
1785394612205 3204108 54440416 3204108
1785394612368 3593228 54440416 3593228
1785394612532 4013068 54440416 4013068
1785394612695 4199436 54440416 4199436
1785394612863 4660236 54440416 4660236
1785394613030 5114892 54440416 5114892
1785394613197 5553164 54440416 5553164
1785394613363 5973004 54440416 5973004
1785394613528 6296588 54440416 6296588
1785394613691 6517772 54440416 6517772
1785394613860 7021580 54440416 7021580
1785394614029 7445516 54440416 7445516
1785394614195 7869452 54440416 7869452
1785394614363 8299532 54440416 8299532
1785394614528 8393740 54440416 8393740
1785394614693 8963084 54440416 8963084
1785394614858 9401356 54440416 9401356
1785394615028 9849868 54440416 9849868
1785394615199 10265612 54440416 10265612
1785394615366 10490892 54440416 10490892
1785394615533 10873868 54440416 10873868
1785394615702 11289612 54440416 11289612
1785394615874 11760652 54440416 11760652
1785394616046 12184588 54440416 12184588
1785394616219 12588044 54440416 12588044
1785394616389 12801036 54440416 12801036
1785394616553 13382668 54440416 13382668
1785394616724 13814796 54440416 13814796
1785394616895 14240780 54440416 14240780
1785394617062 14664716 54440416 14664716
1785394617235 14799884 54440416 14799884
1785394617296 15070220 54440416 15070220
1785394617469 15735820 54440416 15735820
1785394617638 16174092 54440416 16174092
1785394617809 16600076 54440416 16600076
1785394617977 16782348 54440416 16782348
1785394618137 17220620 54440416 17220620
1785394618310 17873932 54440416 17873932
1785394618484 18324492 54440416 18324492
1785394618657 18768908 54440416 18768908
1785394618824 18879500 54440416 18879500
1785394618869 18953228 54440416 18953228
1785394618917 19168268 54440416 19168268
1785394619087 19868684 54440416 19868684
1785394619262 20313100 54440416 20313100
1785394619436 20771852 54440416 20771852
1785394619604 20976652 54440416 20976652
1785394619648 20976652 54440416 20976652
1785394619673 21021708 54440416 21021708
1785394619841 21763084 54440416 21763084
1785394620057 22375436 54440416 22375436
1785394620229 22819852 54440416 22819852
1785394620394 23073804 54440416 23073804
1785394620567 23307276 54440416 23307276
1785394620734 24026124 54440416 24026124
1785394620913 24488972 54440416 24488972
1785394621077 24925196 54440416 24925196
1785394621253 25170956 54440416 25170956
1785394621300 25170956 54440416 25170956
1785394621325 25205772 54440416 25205772
1785394621494 25957388 54440416 25957388
1785394621672 26393612 54440416 26393612
1785394621844 26807308 54440416 26807308
1785394622020 27268108 54440416 27268108
1785394622187 27358220 54440416 27358220
1785394622245 27620364 54440416 27620364
1785394622416 28290060 54440416 28290060
1785394622594 28699660 54440416 28699660
1785394622761 29129740 54440416 29129740
1785394622930 29365260 54440416 29365260
1785394622976 29365260 54440416 29365260
1785394623001 29365260 54440416 29365260
1785394623027 29385740 54440416 29385740
1785394623075 29604876 54440416 29604876
1785394623243 30311436 54440416 30311436
1785394623417 30753804 54440416 30753804
1785394623582 31177740 54440416 31177740
1785394623762 31462412 54440416 31462412
1785394623812 31462412 54440416 31462412
1785394623838 31474700 54440416 31474700
1785394623885 31683596 54440416 31683596
1785394624059 32427020 54440416 32427020
1785394624240 32924684 54440416 32924684
1785394624414 33367052 54440416 33367052
1785394624586 33559564 54440416 33559564
1785394624632 33559564 54440416 33559564
1785394624658 33647628 54440416 33647628
1785394624706 33866764 54440416 33866764
1785394624880 34561036 54440416 34561036
1785394625089 35116044 54440416 35116044
1785394625287 35609612 54440416 35609612
1785394625462 35683340 54440416 35683340
1785394625514 35916812 54440416 35916812
1785394625566 36148236 54440416 36148236
1785394625741 36789260 54440416 36789260
1785394625924 37258252 54440416 37258252
1785394626100 37712908 54440416 37712908
1785394626288 37825548 54440416 37825548
1785394626338 38050828 54440416 38050828
1785394626389 38278156 54440416 38278156
1785394626564 38882316 54440416 38882316
1785394626745 39345164 54440416 39345164
1785394626914 39758860 54440416 39758860
1785394627098 39879692 54440416 39879692
1785394627149 40113164 54440416 40113164
1785394627202 40346636 54440416 40346636
1785394627376 40963084 54440416 40963084
1785394627560 41423884 54440416 41423884
1785394627735 41876492 54440416 41876492
1785394627915 41982988 54440416 41982988
1785394627966 42214412 54440416 42214412
1785394628018 42445836 54440416 42445836
1785394628195 43236364 54440416 43236364
1785394628384 44045324 54440416 44045324
1785394628563 44209164 54440416 44209164
1785394628620 44469260 54440416 44469260
1785394628672 44706828 54440416 44706828
1785394628842 45493260 54440416 45493260
1785394629032 46238732 54440416 46238732
1785394629207 47041548 54440416 47041548
1785394629387 47870988 54440416 47870988
1785394629564 48688140 54440416 48688140
1785394629752 49552396 54440416 49552396
1785394629934 50392076 54440416 50392076
1785394630126 51272716 54440416 51272716
1785394630305 52096012 54440416 52096012
1785394630494 52962316 54440416 52962316
1785394630676 53806092 54440416 53806092
1785394630866 54434916 54440416 54434916
1785394631049 54434916 54440416 54434916
1785394631079 54434916 54440416 54434916
1785394631111 54434916 54440416 54434916
1785394631141 54434916 54440416 54434916
1785394631172 54434916 54440416 54434916
1785394631203 54434916 54440416 54434916
1785394631233 54434916 54440416 54434916
1785394631263 54434916 54440416 54434916
1785394631293 54434916 54440416 54434916
1785394631323 54434916 54440416 54434916
1785394631353 54434916 54440416 54434916
1785394631384 54434916 54440416 54434916
1785394631415 54434916 54440416 54434916
1785394631445 54434916 54440416 54434916
1785394631475 54434916 54440416 54434916
1785394631505 54434916 54440416 54434916
1785394631536 54434916 54440416 54434916
1785394631566 54434916 54440416 54434916
1785394631597 54434916 54440416 54434916
1785394631628 54434916 54440416 54434916
1785394631658 54434916 54440416 54434916
1785394631689 54434916 54440416 54434916
1785394631720 54434916 54440416 54434916
1785394631751 54434916 54440416 54434916
1785394631781 54434916 54440416 54434916
1785394631812 54434916 54440416 54434916
1785394631842 54488532 55106372 54488532
1785394631896 54488532 55106372 54488532
1785394631926 54488532 55106372 54488532
1785394631956 54488532 55106372 54488532
1785394631986 54488532 55106372 54488532
1785394632016 54491672 55106372 54491672
1785394632072 54529528 55106372 54529528
1785394632127 54564076 55106372 54564076
1785394632181 54613060 55106372 54613060
1785394632236 54666364 55106372 54666364
1785394632293 54713008 55106372 54713008
1785394632348 54765280 55106372 54765280
1785394632406 54793984 55106372 54793984
1785394632465 54824220 55106372 54824220
1785394632523 54879012 55106372 54879012
1785394632582 54934344 55106372 54934344
1785394632652 54989680 55106372 54989680
1785394632838 55045012 55106372 55045012
1785394632896 55100348 55106372 55100348
1785394632958 55215460 55237824 55215460
1785394633028 55215460 55237824 55215460
1785394633061 55181536 55237824 55212872
1785394633095 55181536 55237824 55212872
1785394633127 55182668 55237824 55212872
1785394633159 55220068 55237824 55220068
1785394633222 55220068 55237824 55220068
1785394633253 55224676 55237824 55224676
1785394633320 55224676 55237824 55224676
1785394633351 55147928 55237824 55222428
1785394633383 55199632 55237824 55222428
1785394633415 55253012 55263700 55253012
1785394633489 55309432 55320064 55309432
1785394633555 55354016 55364680 55354016
1785394633638 55377236 55387912 55377236
1785394633723 55398148 55408900 55398148
1785394633800 55483128 55493776 55483128
1785394633873 55554004 55564660 55554004
1785394634089 55593788 55604524 55593788
1785394634175 55613440 55624192 55613440
1785394634279 55668492 55679156 55668492
1785394634376 55735088 55745816 55735088
1785394634488 55819160 55845008 55819160
1785394634601 55843520 55863440 55843520
1785394634719 55843520 55863440 55843520
1785394634766 55843520 55863440 55843520
1785394634816 55878540 55896784 55878540
1785394634932 55879852 55896784 55879852
1785394635056 55879852 55896784 55879852
1785394635108 55879852 55896784 55879852
1785394635162 55881900 55896784 55881900
1785394635282 55881900 55896784 55881900
1785394635334 55881900 55896784 55881900
1785394635386 55883948 55896784 55883948
1785394635506 55883948 55896784 55883948
1785394635558 55883948 55896784 55883948
1785394635609 55883948 55896784 55883948
1785394635662 55885996 55896784 55885996
1785394635780 55885996 55896784 55885996
1785394635833 55886104 55896784 55886104
1785394635954 55886512 55896784 55886512
1785394636071 55887684 55896784 55887684
1785394636186 55888368 55896784 55888368
1785394636307 55888724 55896784 55888724
1785394636428 55888724 55896784 55888724
1785394636480 55888724 55896784 55888724
1785394636532 55888724 55896784 55888724
1785394636586 55888724 55896784 55888724
1785394636638 55888724 55896784 55888724
1785394636689 55888724 55896784 55888724
1785394636740 55888724 55896784 55888724
1785394636793 55888724 55896784 55888724
1785394636845 55888724 55896784 55888724
1785394636896 55888724 55896784 55888724
1785394636948 55888724 55896784 55888724
1785394637002 55888724 55896784 55888724
1785394637053 55888724 55896784 55888724
1785394637105 55888724 55896784 55888724
1785394637159 55888724 55896784 55888724
1785394637211 55888724 55896784 55888724
1785394637263 55888724 55896784 55888724
1785394637315 55888724 55896784 55888724
1785394637364 55888724 55896784 55888724
1785394637416 55888724 55896784 55888724
1785394637468 55888724 55896784 55888724
1785394637522 55888724 55896784 55888724
1785394637575 55888724 55896784 55888724
1785394637624 55888724 55896784 55888724
1785394637673 55888724 55896784 55888724
1785394637720 55888724 55896784 55888724
1785394637772 55888724 55896784 55888724
1785394637827 55888724 55896784 55888724
1785394637879 55888724 55896784 55888724
1785394637932 55888724 55896784 55888724
1785394637985 55888724 55896784 55888724
1785394638037 55888724 55896784 55888724
1785394638088 55888724 55896784 55888724
1785394638139 55888724 55896784 55888724
1785394638189 55888724 55896784 55888724
1785394638241 55888724 55896784 55888724
1785394638294 55888724 55896784 55888724
1785394638347 55888724 55896784 55888724
1785394638400 55888724 55896784 55888724
1785394638452 55888724 55896784 55888724
1785394638505 55888724 55896784 55888724
1785394638558 55964460 55972460 55964460
1785394638804 56022204 56030276 56022204
1785394638939 56056164 56064200 56056164
1785394639142 56073128 56081096 56073128
1785394639280 56166468 56186808 56166468
1785394639421 56166468 56186808 56166468
1785394639479 56166468 56186808 56166468
1785394639536 56167240 56220348 56167240
1785394639674 56127544 56220348 56197480
1785394639733 56127544 56220348 56197480
1785394639791 56090676 56220348 56197480
1785394639852 56090676 56220348 56197480
1785394639910 56090676 56220348 56197480
1785394639968 56090676 56220348 56197480
1785394640025 56090676 56220348 56197480
1785394640083 56090676 56220348 56197480
1785394640143 56090676 56220348 56197480
1785394640205 56093824 56220348 56197480
1785394640228 56157564 56220348 56197480
1785394640287 56200124 56230840 56200124
1785394640400 56200124 56230840 56200124
1785394640458 56200124 56230840 56200124
1785394640519 56200124 56230840 56200124
1785394640578 56216152 56231992 56216152
1785394640691 56228916 56241208 56228916
1785394640805 56228916 56241208 56228916
1785394640865 56228916 56241208 56228916
1785394640926 56228916 56241208 56228916
1785394640988 56228916 56241208 56228916
1785394641051 56228916 56241208 56228916
1785394641111 56228916 56241208 56228916
1785394641170 56228916 56241208 56228916
1785394641231 56228916 56241208 56228916
1785394641292 56228916 56241208 56228916
1785394641351 56228916 56241208 56228916
1785394641408 56228916 56241208 56228916
1785394641468 56228916 56241208 56228916
1785394641527 56228916 56241208 56228916
1785394641588 56230964 56241208 56230964
1785394641851 56230964 56241208 56230964
1785394641909 56230964 56241208 56230964
1785394641967 56230964 56241208 56230964
1785394642025 56230964 56241208 56230964
1785394642085 56230964 56241208 56230964
1785394642147 56230964 56241208 56230964
1785394642205 56230964 56241208 56230964
1785394642263 56230964 56241208 56230964
1785394642322 56230964 56241208 56230964
1785394642378 56230964 56241208 56230964
1785394642439 56230964 56241208 56230964
1785394642498 56230964 56241208 56230964
1785394642557 56134708 56241208 56225452
1785394642615 55934572 56241208 56225452
1785394642669 55854264 56241208 56225452
1785394642721 55854264 56241208 56225452
1785394642772 55854264 56241208 56225452
1785394642822 55854264 56241208 56225452
1785394642875 55854264 56241208 56225452
1785394642928 55854264 56241208 56225452
1785394642976 55854264 56241208 56225452
1785394643025 55854264 56241208 56225452
1785394643074 55854264 56241208 56225452
1785394643120 55854264 56241208 56225452
1785394643163 55854264 56241208 56225452
1785394643213 55854264 56241208 56225452
1785394643257 55854264 56241208 56225452
1785394643306 55854264 56241208 56225452
1785394643359 55854264 56241208 56225452
1785394643409 55854264 56241208 56225452
1785394643452 55854264 56241208 56225452
1785394643496 55854264 56241208 56225452
1785394643545 55854264 56241208 56225452
1785394643589 55854264 56241208 56225452
1785394643631 55854264 56241208 56225452
1785394643674 55854264 56241208 56225452
1785394643716 55854264 56241208 56225452
1785394643757 55854264 56241208 56225452
1785394643800 55854264 56241208 56225452
1785394643843 55854264 56241208 56225452
1785394643885 55854264 56241208 56225452
1785394643927 55854264 56241208 56225452
1785394643968 55854264 56241208 56225452
1785394644011 55854264 56241208 56225452
1785394644054 55854264 56241208 56225452
1785394644096 55854264 56241208 56225452
1785394644138 55854264 56241208 56225452
1785394644181 55854264 56241208 56225452
1785394644225 55854264 56241208 56225452
1785394644269 55854264 56241208 56225452
1785394644312 55854264 56241208 56225452
1785394644356 55854264 56241208 56225452
1785394644399 55854264 56241208 56225452
1785394644441 55854264 56241208 56225452
1785394644485 55854264 56241208 56225452
1785394644527 55854264 56241208 56225452
1785394644571 55854264 56241208 56225452
1785394644616 55854264 56241208 56225452
1785394644661 55854264 56241208 56225452
1785394644702 55854264 56241208 56225452
1785394644745 55854264 56241208 56225452
1785394644787 55854264 56241208 56225452
1785394644829 55854264 56241208 56225452
1785394644871 55854264 56241208 56225452
1785394644914 55854264 56241208 56225452
1785394644964 55854264 56241208 56225452
1785394645006 55854264 56241208 56225452
1785394645049 55854264 56241208 56225452
1785394645091 55854264 56241208 56225452
1785394645136 55854264 56241208 56225452
1785394645180 55854264 56241208 56225452
1785394645223 55854264 56241208 56225452
1785394645266 55854264 56241208 56225452
1785394645309 55854264 56241208 56225452
1785394645350 55854264 56241208 56225452
1785394645395 55854264 56241208 56225452
1785394645438 55854264 56241208 56225452
1785394645481 55854264 56241208 56225452
1785394645525 55854264 56241208 56225452
1785394645576 55854264 56241208 56225452
1785394645628 55854264 56241208 56225452
1785394645679 55854264 56241208 56225452
1785394645730 55854264 56241208 56225452
1785394645780 55854264 56241208 56225452
1785394645831 55854264 56241208 56225452
1785394645875 55854264 56241208 56225452
1785394645917 55854264 56241208 56225452
1785394645959 55854264 56241208 56225452
1785394646001 55854264 56241208 56225452
1785394646044 55854264 56241208 56225452
1785394646087 55854264 56241208 56225452
1785394646128 55904048 56241208 56225452
1785394646171 55963124 56241208 56225452
1785394646217 56003032 56241208 56225452
1785394646264 56042228 56241208 56225452
1785394646314 56080852 56241208 56225452
1785394646357 56130944 56241208 56225452
1785394646409 56180672 56241208 56225452
1785394646465 56180672 56241208 56225452
1785394646523 56180672 56241208 56225452
1785394646578 56194880 56241208 56225452
1785394646634 56203320 56241208 56225452
1785394646689 56166452 56241208 56225452
1785394646746 56166452 56241208 56225452
1785394646805 56166452 56241208 56225452
1785394646864 56166452 56241208 56225452
1785394646918 56166452 56241208 56225452
1785394646970 56166452 56241208 56225452
1785394647025 56166452 56241208 56225452
1785394647077 56166452 56241208 56225452
1785394647129 56166452 56241208 56225452
1785394647181 56166452 56241208 56225452
1785394647233 56166452 56241208 56225452
1785394647286 56166452 56241208 56225452
1785394647338 56188284 56241208 56225452
1785394647390 56209468 56241208 56225452
1785394647446 56209468 56241208 56225452
1785394647499 56209468 56241208 56225452
1785394647553 56209468 56241208 56225452
1785394647607 56231348 56241592 56231348
1785394647855 56231348 56241592 56231348
1785394647909 56231348 56241592 56231348
1785394647964 56231348 56241592 56231348
1785394648016 56231348 56241592 56231348
1785394648069 56231348 56241592 56231348
1785394648124 56231348 56241592 56231348
1785394648177 56231348 56241592 56231348
1785394648230 56231348 56241592 56231348
1785394648283 56231348 56241592 56231348
1785394648336 56231348 56241592 56231348
1785394648390 56231348 56241592 56231348
1785394648446 56231348 56241592 56231348
1785394648498 56231348 56241592 56231348
1785394648552 56231348 56241592 56231348
1785394648607 56231348 56241592 56231348
1785394648661 56231348 56241592 56231348
1785394648716 56231348 56241592 56231348
1785394648773 56231348 56241592 56231348
1785394648826 56231348 56241592 56231348
1785394648881 56231348 56241592 56231348
1785394648938 56160436 56241592 56225452
1785394648993 56088632 56241592 56225452
1785394649046 56088632 56241592 56225452
1785394649097 56088632 56241592 56225452
1785394649151 56088632 56241592 56225452
1785394649203 56088632 56241592 56225452
1785394649257 56088632 56241592 56225452
1785394649310 56088632 56241592 56225452
1785394649362 56088632 56241592 56225452
1785394649413 56088632 56241592 56225452
1785394649466 56088632 56241592 56225452
1785394649517 56088632 56241592 56225452
1785394649570 56088632 56241592 56225452
1785394649620 56088632 56241592 56225452
1785394649674 56088632 56241592 56225452
1785394649726 56088632 56241592 56225452
1785394649781 56088632 56241592 56225452
1785394649833 56088632 56241592 56225452
1785394649886 56088632 56241592 56225452
1785394649941 56088632 56241592 56225452
1785394649993 56020856 56241592 56225452
1785394650038 55854264 56241592 56225452
1785394650082 55854264 56241592 56225452
1785394650127 55854264 56241592 56225452
1785394650170 55854264 56241592 56225452
1785394650213 55854264 56241592 56225452
1785394650255 55854264 56241592 56225452
1785394650298 55854264 56241592 56225452
1785394650341 55854264 56241592 56225452
1785394650384 55854264 56241592 56225452
1785394650426 55854264 56241592 56225452
1785394650470 55854264 56241592 56225452
1785394650512 55854264 56241592 56225452
1785394650554 55854264 56241592 56225452
1785394650599 55854264 56241592 56225452
1785394650640 55854264 56241592 56225452
1785394650682 55854264 56241592 56225452
1785394650724 55854264 56241592 56225452
1785394650766 55854264 56241592 56225452
1785394650810 55854264 56241592 56225452
1785394650853 55854264 56241592 56225452
1785394650896 55854264 56241592 56225452
1785394650938 55854264 56241592 56225452
1785394650980 55854264 56241592 56225452
1785394651027 55854264 56241592 56225452
1785394651072 55854264 56241592 56225452
1785394651115 55854264 56241592 56225452
1785394651157 55854264 56241592 56225452
1785394651201 55854264 56241592 56225452
1785394651244 55854264 56241592 56225452
1785394651286 55854264 56241592 56225452
1785394651328 55854264 56241592 56225452
1785394651370 55854264 56241592 56225452
1785394651414 55854264 56241592 56225452
1785394651457 55854264 56241592 56225452
1785394651499 55854264 56241592 56225452
1785394651542 55854264 56241592 56225452
1785394651587 55854264 56241592 56225452
1785394651631 55854264 56241592 56225452
1785394651673 55854264 56241592 56225452
1785394651717 55854264 56241592 56225452
1785394651761 55854264 56241592 56225452
1785394651804 55854264 56241592 56225452
1785394651846 55854264 56241592 56225452
1785394651889 55854264 56241592 56225452
1785394651931 55854264 56241592 56225452
1785394651974 55854264 56241592 56225452
1785394652016 55854264 56241592 56225452
1785394652058 55854264 56241592 56225452
1785394652100 55854264 56241592 56225452
1785394652140 55854264 56241592 56225452
1785394652182 55854264 56241592 56225452
1785394652226 55854264 56241592 56225452
1785394652271 55854264 56241592 56225452
1785394652314 55854264 56241592 56225452
1785394652356 55854264 56241592 56225452
1785394652398 55854264 56241592 56225452
1785394652440 55854264 56241592 56225452
1785394652483 55854264 56241592 56225452
1785394652525 55854264 56241592 56225452
1785394652568 55854264 56241592 56225452
1785394652611 55854264 56241592 56225452
1785394652654 55854264 56241592 56225452
1785394652696 55854264 56241592 56225452
1785394652739 55854264 56241592 56225452
1785394652784 55854264 56241592 56225452
1785394652827 55854264 56241592 56225452
1785394652872 55854264 56241592 56225452
1785394652916 55854264 56241592 56225452
1785394652959 55854264 56241592 56225452
1785394653003 55854264 56241592 56225452
1785394653046 55854264 56241592 56225452
1785394653089 55854264 56241592 56225452
1785394653132 55854264 56241592 56225452
1785394653174 55854264 56241592 56225452
1785394653216 55854264 56241592 56225452
1785394653260 55854264 56241592 56225452
1785394653305 55854264 56241592 56225452
1785394653349 55854264 56241592 56225452
1785394653391 55854264 56241592 56225452
1785394653433 55854264 56241592 56225452
1785394653476 55854264 56241592 56225452
1785394653519 55854264 56241592 56225452
1785394653562 55855504 56241592 56225452
1785394653607 55926576 56241592 56225452
1785394653650 55965228 56241592 56225452
1785394653695 55999204 56241592 56225452
1785394653742 56036868 56241592 56225452
1785394653789 56074804 56241592 56225452
1785394653820 56118656 56241592 56225452
1785394653874 56180672 56241592 56225452
1785394653930 56180672 56241592 56225452
1785394653984 56180672 56241592 56225452
1785394654036 56180672 56241592 56225452
1785394654088 56203320 56241592 56225452
1785394654142 56203320 56241592 56225452
1785394654196 56166452 56241592 56225452
1785394654248 56166452 56241592 56225452
1785394654302 56166452 56241592 56225452
1785394654356 56166452 56241592 56225452
1785394654410 56166452 56241592 56225452
1785394654463 56166452 56241592 56225452
1785394654515 56166452 56241592 56225452
1785394654569 56166452 56241592 56225452
1785394654623 56166452 56241592 56225452
1785394654676 56166452 56241592 56225452
1785394654728 56166452 56241592 56225452
1785394654780 56166452 56241592 56225452
1785394654831 56166452 56241592 56225452
1785394654882 56209468 56241592 56225452
1785394654937 56209468 56241592 56225452
1785394654988 56209468 56241592 56225452
1785394655040 56209468 56241592 56225452
1785394655092 56221852 56241592 56225452
1785394655145 56231348 56241592 56231348
1785394655198 56231348 56241592 56231348
1785394655252 56231348 56241592 56231348
1785394655304 56231348 56241592 56231348
1785394655359 56231348 56241592 56231348
1785394655413 56231348 56241592 56231348
1785394655467 56231348 56241592 56231348
1785394655520 56231348 56241592 56231348
1785394655573 56231348 56241592 56231348
1785394655625 56231348 56241592 56231348
1785394655679 56231348 56241592 56231348
1785394655734 56231348 56241592 56231348
1785394655785 56231348 56241592 56231348
1785394655839 56231348 56241592 56231348
1785394655892 56231348 56241592 56231348
1785394655945 56231348 56241592 56231348
1785394655997 56231348 56241592 56231348
1785394656050 56231348 56241592 56231348
1785394656103 56231348 56241592 56231348
1785394656156 56231348 56241592 56231348
1785394656208 56231348 56241592 56231348
1785394656261 56012788 56241592 56226564
1785394656306 55854264 56241592 56226564
1785394656349 55854264 56241592 56226564
1785394656391 55854264 56241592 56226564
1785394656436 55854264 56241592 56226564
1785394656480 55854264 56241592 56226564
1785394656523 55854264 56241592 56226564
1785394656565 55854264 56241592 56226564
1785394656610 55854264 56241592 56226564
1785394656655 55854264 56241592 56226564
1785394656699 55854264 56241592 56226564
1785394656743 55854264 56241592 56226564
1785394656786 55854264 56241592 56226564
1785394656828 55854264 56241592 56226564
1785394656871 55854264 56241592 56226564
1785394656915 55860592 56241592 56226564
1785394656959 55913852 56241592 56226564
1785394657003 55934140 56241592 56226564
1785394657047 55934140 56241592 56226564
1785394657093 55934140 56241592 56226564
1785394657137 55934432 56241592 56226564
1785394657183 55934432 56241592 56226564
1785394657228 55934432 56241592 56226564
1785394657275 55951124 56241592 56226564
1785394657319 55951124 56241592 56226564
1785394657365 55951124 56241592 56226564
1785394657410 55951124 56241592 56226564
1785394657457 55951124 56241592 56226564
1785394657502 55951124 56241592 56226564
1785394657547 55951124 56241592 56226564
1785394657592 55951124 56241592 56226564
1785394657637 55951124 56241592 56226564
1785394657681 55951124 56241592 56226564
1785394657725 55951124 56241592 56226564
1785394657770 55951124 56241592 56226564
1785394657821 55951124 56241592 56226564
1785394657875 55951124 56241592 56226564
1785394657920 55951124 56241592 56226564
1785394657967 55951124 56241592 56226564
1785394658014 55951124 56241592 56226564
1785394658060 55951124 56241592 56226564
1785394658107 55951124 56241592 56226564
1785394658154 55951124 56241592 56226564
1785394658202 55951124 56241592 56226564
1785394658248 55951124 56241592 56226564
1785394658293 55951124 56241592 56226564
1785394658339 55951124 56241592 56226564
1785394658384 55951124 56241592 56226564
1785394658431 55951124 56241592 56226564
1785394658477 55951124 56241592 56226564
1785394658525 55951124 56241592 56226564
1785394658571 55951124 56241592 56226564
1785394658616 55951124 56241592 56226564
1785394658661 55951124 56241592 56226564
1785394658704 55951124 56241592 56226564
1785394658748 55951124 56241592 56226564
1785394658794 55951124 56241592 56226564
1785394658839 55951124 56241592 56226564
1785394658883 55951124 56241592 56226564
1785394658928 55951124 56241592 56226564
1785394658973 55951124 56241592 56226564
1785394659017 55951124 56241592 56226564
1785394659062 55951124 56241592 56226564
1785394659106 55951124 56241592 56226564
1785394659151 55951124 56241592 56226564
1785394659198 55951124 56241592 56226564
1785394659242 55951124 56241592 56226564
1785394659288 55951124 56241592 56226564
1785394659335 55951124 56241592 56226564
1785394659380 55951124 56241592 56226564
1785394659426 55951124 56241592 56226564
1785394659470 55951124 56241592 56226564
1785394659514 55951124 56241592 56226564
1785394659560 55951124 56241592 56226564
1785394659606 55951124 56241592 56226564
1785394659652 55951124 56241592 56226564
1785394659697 55951124 56241592 56226564
1785394659741 55951124 56241592 56226564
1785394659785 55951124 56241592 56226564
1785394659832 55951124 56241592 56226564
1785394659876 55951124 56241592 56226564
1785394659923 55951124 56241592 56226564
1785394659968 55951124 56241592 56226564
1785394660014 55951124 56241592 56226564
1785394660062 55951124 56241592 56226564
1785394660110 55951124 56241592 56226564
1785394660156 55951124 56241592 56226564
1785394660202 55951124 56241592 56226564
1785394660249 55951124 56241592 56226564
1785394660294 55951124 56241592 56226564
1785394660339 55951124 56241592 56226564
1785394660386 55951124 56241592 56226564
1785394660431 55951124 56241592 56226564
1785394660477 55951124 56241592 56226564
1785394660524 55951124 56241592 56226564
1785394660570 55951124 56241592 56226564
1785394660616 55951124 56241592 56226564
1785394660662 55951124 56241592 56226564
1785394660708 55951124 56241592 56226564
1785394660754 55951124 56241592 56226564
1785394660799 55951124 56241592 56226564
1785394660844 55951124 56241592 56226564
1785394660894 55951124 56241592 56226564
1785394660939 55951124 56241592 56226564
1785394660985 55951124 56241592 56226564
1785394661032 55951124 56241592 56226564
1785394661079 55951124 56241592 56226564
1785394661126 55951124 56241592 56226564
1785394661174 55951124 56241592 56226564
1785394661221 55951124 56241592 56226564
1785394661268 55951124 56241592 56226564
1785394661317 55951124 56241592 56226564
1785394661365 55951124 56241592 56226564
1785394661413 55951124 56241592 56226564
1785394661464 55970068 56241592 56226564
1785394661495 56008924 56241592 56226564
1785394661546 56047232 56241592 56226564
1785394661598 56086264 56241592 56226564
1785394661644 56143228 56241592 56226564
1785394661700 56180668 56241592 56226564
1785394661755 56180668 56241592 56226564
1785394661809 56180668 56241592 56226564
1785394661865 56180692 56241592 56226564
1785394661897 56203320 56241592 56226564
1785394661951 56203320 56241592 56226564
1785394662007 56203320 56241592 56226564
1785394662065 56203320 56241592 56226564
1785394662124 56203320 56241592 56226564
1785394662180 56203320 56241592 56226564
1785394662235 56203320 56241592 56226564
1785394662290 56203320 56241592 56226564
1785394662346 56203320 56241592 56226564
1785394662400 56203320 56241592 56226564
1785394662454 56203320 56241592 56226564
1785394662510 56203320 56241592 56226564
1785394662566 56209472 56241592 56226564
1785394662619 56209472 56241592 56226564
1785394662675 56209472 56241592 56226564
1785394662731 56209472 56241592 56226564
1785394662787 56231352 56241596 56231352
1785394663042 56231352 56241596 56231352
1785394663099 56231352 56241596 56231352
1785394663154 56231352 56241596 56231352
1785394663208 56231352 56241596 56231352
1785394663266 56231352 56241596 56231352
1785394663324 56231352 56241596 56231352
1785394663379 56231352 56241596 56231352
1785394663438 56231352 56241596 56231352
1785394663494 56231352 56241596 56231352
1785394663549 56231352 56241596 56231352
1785394663604 56231352 56241596 56231352
1785394663662 56231352 56241596 56231352
1785394663719 56231352 56241596 56231352
1785394663775 56231352 56241596 56231352
1785394663831 56231352 56241596 56231352
1785394663886 56231352 56241596 56231352
1785394663944 56231352 56241596 56231352
1785394664001 56231352 56241596 56231352
1785394664059 56231352 56241596 56231352
1785394664115 56231352 56241596 56231352
1785394664170 56231352 56241596 56231352
1785394664225 56231352 56241596 56231352
1785394664280 56231352 56241596 56231352
1785394664336 56231352 56241596 56231352
1785394664389 56231352 56241596 56231352
1785394664445 56231352 56241596 56231352
1785394664501 56231352 56241596 56231352
1785394664555 56231352 56241596 56231352
1785394664612 56231352 56241596 56231352
1785394664667 56231352 56241596 56231352
1785394664722 56039560 56241596 56226564
1785394664773 55963976 56241596 56226564
1785394664820 55854264 56241596 56226564
1785394664869 55854264 56241596 56226564
1785394664917 55854264 56241596 56226564
1785394664964 55854264 56241596 56226564
1785394665011 55854264 56241596 56226564
1785394665058 55854264 56241596 56226564
1785394665105 55854264 56241596 56226564
1785394665154 55854264 56241596 56226564
1785394665200 55854264 56241596 56226564
1785394665248 55854264 56241596 56226564
1785394665295 55854264 56241596 56226564
1785394665341 55854264 56241596 56226564
1785394665388 55854264 56241596 56226564
1785394665436 55854264 56241596 56226564
1785394665485 55854264 56241596 56226564
1785394665533 55854264 56241596 56226564
1785394665582 55854264 56241596 56226564
1785394665629 55854264 56241596 56226564
1785394665679 55854264 56241596 56226564
1785394665726 55854264 56241596 56226564
1785394665773 55854264 56241596 56226564
1785394665820 55854264 56241596 56226564
1785394665868 55854264 56241596 56226564
1785394665915 55854264 56241596 56226564
1785394665962 55854264 56241596 56226564
1785394666010 55854264 56241596 56226564
1785394666057 55854264 56241596 56226564
1785394666105 55854264 56241596 56226564
1785394666152 55854264 56241596 56226564
1785394666201 55854264 56241596 56226564
1785394666250 55854264 56241596 56226564
1785394666298 55854264 56241596 56226564
1785394666347 55854264 56241596 56226564
1785394666394 55854264 56241596 56226564
1785394666442 55854264 56241596 56226564
1785394666489 55854264 56241596 56226564
1785394666536 55854264 56241596 56226564
1785394666585 55854264 56241596 56226564
1785394666631 55854264 56241596 56226564
1785394666676 55854264 56241596 56226564
1785394666724 55854264 56241596 56226564
1785394666770 55854264 56241596 56226564
1785394666819 55854264 56241596 56226564
1785394666864 55854264 56241596 56226564
1785394666912 55854264 56241596 56226564
1785394666960 55854264 56241596 56226564
1785394667007 55854264 56241596 56226564
1785394667056 55854264 56241596 56226564
1785394667104 55854264 56241596 56226564
1785394667152 55854264 56241596 56226564
1785394667202 55854264 56241596 56226564
1785394667251 55854264 56241596 56226564
1785394667299 55854264 56241596 56226564
1785394667347 55854264 56241596 56226564
1785394667395 55854264 56241596 56226564
1785394667442 55854264 56241596 56226564
1785394667488 55854264 56241596 56226564
1785394667536 55854264 56241596 56226564
1785394667585 55854264 56241596 56226564
1785394667635 55854264 56241596 56226564
1785394667684 55854264 56241596 56226564
1785394667733 55854264 56241596 56226564
1785394667781 55854264 56241596 56226564
1785394667828 55854264 56241596 56226564
1785394667878 55854264 56241596 56226564
1785394667924 55854264 56241596 56226564
1785394667973 55854264 56241596 56226564
1785394668020 55854264 56241596 56226564
1785394668068 55883100 56241596 56226564
1785394668117 55952796 56241596 56226564
1785394668148 55989768 56241596 56226564
1785394668200 56029580 56241596 56226564
1785394668254 56069000 56241596 56226564
1785394668307 56112612 56241596 56226564
1785394668363 56180676 56241596 56226564
1785394668419 56180676 56241596 56226564
1785394668476 56180676 56241596 56226564
1785394668533 56180676 56241596 56226564
1785394668564 56203324 56241596 56226564
1785394668614 56203324 56241596 56226564
1785394668663 56203324 56241596 56226564
1785394668711 56166456 56241596 56226564
1785394668760 56166456 56241596 56226564
1785394668811 56166456 56241596 56226564
1785394668861 56166456 56241596 56226564
1785394668918 56166456 56241596 56226564
1785394668973 56166456 56241596 56226564
1785394669028 56166456 56241596 56226564
1785394669082 56166456 56241596 56226564
1785394669137 56166456 56241596 56226564
1785394669192 56166456 56241596 56226564
1785394669248 56166456 56241596 56226564
1785394669304 56196476 56241596 56226564
1785394669360 56209472 56241596 56226564
1785394669416 56209472 56241596 56226564
1785394669471 56209472 56241596 56226564
1785394669526 56231352 56241596 56231352
1785394669577 56231352 56241596 56231352
1785394669634 56231352 56241596 56231352
1785394669690 56231352 56241596 56231352
1785394669748 56231352 56241596 56231352
1785394669805 56231352 56241596 56231352
1785394669863 56231352 56241596 56231352
1785394669918 56231352 56241596 56231352
1785394669972 56231352 56241596 56231352
1785394670027 56231352 56241596 56231352
1785394670082 56231352 56241596 56231352
1785394670139 56231352 56241596 56231352
1785394670195 56231352 56241596 56231352
1785394670250 56231352 56241596 56231352
1785394670308 56231352 56241596 56231352
1785394670365 56231352 56241596 56231352
1785394670420 56231352 56241596 56231352
1785394670477 56231352 56241596 56231352
1785394670534 56231352 56241596 56231352
1785394670589 56160440 56241596 56226564
1785394670642 56160440 56241596 56226564
1785394670692 56160440 56241596 56226564
1785394670748 56160440 56241596 56226564
1785394670806 56160440 56241596 56226564
1785394670861 56160440 56241596 56226564
1785394670916 56160440 56241596 56226564
1785394670976 56160440 56241596 56226564
1785394671032 56160440 56241596 56226564
1785394671088 56160440 56241596 56226564
1785394671144 56160440 56241596 56226564
1785394671201 56160440 56241596 56226564
1785394671257 56160440 56241596 56226564
1785394671313 56160440 56241596 56226564
1785394671370 56160440 56241596 56226564
1785394671424 56160440 56241596 56226564
1785394671481 56160440 56241596 56226564
1785394671538 56160440 56241596 56226564
1785394671594 55948764 56241596 56226564
1785394671642 55854264 56241596 56226564
1785394671688 55854264 56241596 56226564
1785394671737 55854264 56241596 56226564
1785394671783 55854264 56241596 56226564
1785394671831 55854264 56241596 56226564
1785394671881 55854264 56241596 56226564
1785394671928 55854264 56241596 56226564
1785394671975 55854264 56241596 56226564
1785394672022 55854264 56241596 56226564
1785394672070 55854264 56241596 56226564
1785394672119 55854264 56241596 56226564
1785394672167 55854264 56241596 56226564
1785394672214 55854264 56241596 56226564
1785394672262 55854264 56241596 56226564
1785394672310 55854264 56241596 56226564
1785394672357 55854264 56241596 56226564
1785394672405 55854264 56241596 56226564
1785394672454 55854264 56241596 56226564
1785394672500 55854264 56241596 56226564
1785394672548 55854264 56241596 56226564
1785394672594 55854264 56241596 56226564
1785394672643 55854264 56241596 56226564
1785394672691 55854264 56241596 56226564
1785394672739 55854264 56241596 56226564
1785394672786 55854264 56241596 56226564
1785394672836 55854264 56241596 56226564
1785394672883 55854264 56241596 56226564
1785394672931 55854264 56241596 56226564
1785394672980 55854264 56241596 56226564
1785394673027 55854264 56241596 56226564
1785394673075 55854264 56241596 56226564
1785394673121 55854264 56241596 56226564
1785394673168 55854264 56241596 56226564
1785394673216 55854264 56241596 56226564
1785394673264 55854264 56241596 56226564
1785394673313 55854264 56241596 56226564
1785394673360 55854264 56241596 56226564
1785394673407 55854264 56241596 56226564
1785394673456 55854264 56241596 56226564
1785394673502 55854264 56241596 56226564
1785394673551 55854264 56241596 56226564
1785394673598 55854264 56241596 56226564
1785394673646 55854264 56241596 56226564
1785394673693 55854264 56241596 56226564
1785394673742 55854264 56241596 56226564
1785394673792 55854264 56241596 56226564
1785394673840 55854264 56241596 56226564
1785394673887 55854264 56241596 56226564
1785394673935 55854264 56241596 56226564
1785394673983 55854264 56241596 56226564
1785394674029 55854264 56241596 56226564
1785394674077 55854264 56241596 56226564
1785394674127 55854264 56241596 56226564
1785394674175 55854264 56241596 56226564
1785394674223 55854264 56241596 56226564
1785394674272 55854264 56241596 56226564
1785394674319 55854264 56241596 56226564
1785394674367 55854264 56241596 56226564
1785394674415 55854264 56241596 56226564
1785394674463 55854264 56241596 56226564
1785394674512 55854264 56241596 56226564
1785394674559 55854264 56241596 56226564
1785394674607 55854264 56241596 56226564
1785394674653 55854264 56241596 56226564
1785394674701 55865468 56241596 56226564
1785394674750 55936224 56241596 56226564
1785394674780 55972616 56241596 56226564
1785394674831 56010628 56241596 56226564
1785394674855 56048292 56241596 56226564
1785394674908 56086096 56241596 56226564
1785394674965 56143232 56241596 56226564
1785394675019 56180676 56241596 56226564
1785394675073 56180676 56241596 56226564
1785394675131 56180676 56241596 56226564
1785394675188 56181828 56241596 56226564
1785394675246 56203324 56241596 56226564
1785394675303 56203324 56241596 56226564
1785394675360 56166456 56241596 56226564
1785394675415 56166456 56241596 56226564
1785394675473 56166456 56241596 56226564
1785394675529 56166456 56241596 56226564
1785394675586 56166456 56241596 56226564
1785394675640 56166456 56241596 56226564
1785394675695 56166456 56241596 56226564
1785394675750 56166456 56241596 56226564
1785394675806 56166456 56241596 56226564
1785394675861 56166456 56241596 56226564
1785394675916 56209472 56241596 56226564
1785394675972 56209472 56241596 56226564
1785394676028 56209472 56241596 56226564
1785394676088 56209472 56241596 56226564
1785394676143 56222144 56241596 56226564
1785394676198 56231352 56241596 56231352
1785394676250 56231352 56241596 56231352
1785394676305 56231352 56241596 56231352
1785394676358 56231352 56241596 56231352
1785394676410 56231352 56241596 56231352
1785394676469 56231352 56241596 56231352
1785394676529 56231352 56241596 56231352
1785394676586 56231352 56241596 56231352
1785394676645 56231352 56241596 56231352
1785394676703 56231352 56241596 56231352
1785394676762 56231352 56241596 56231352
1785394676820 56231352 56241596 56231352
1785394676879 56231352 56241596 56231352
1785394676936 56231352 56241596 56231352
1785394676993 56231352 56241596 56231352
1785394677050 56231352 56241596 56231352
1785394677106 56160440 56241596 56226564
1785394677163 56160440 56241596 56226564
1785394677219 56160440 56241596 56226564
1785394677275 56160440 56241596 56226564
1785394677331 56160440 56241596 56226564
1785394677388 56160440 56241596 56226564
1785394677443 56160440 56241596 56226564
1785394677501 56160440 56241596 56226564
1785394677555 56160440 56241596 56226564
1785394677612 56160440 56241596 56226564
1785394677667 56160440 56241596 56226564
1785394677723 56160440 56241596 56226564
1785394677779 56160440 56241596 56226564
1785394677835 56160440 56241596 56226564
1785394677891 56160440 56241596 56226564
1785394677945 56160440 56241596 56226564
1785394678003 56160440 56241596 56226564
1785394678062 56160440 56241596 56226564
1785394678119 56005272 56241596 56226564
1785394678168 55854264 56241596 56226564
1785394678216 55854264 56241596 56226564
1785394678265 55854264 56241596 56226564
1785394678313 55854264 56241596 56226564
1785394678359 55854264 56241596 56226564
1785394678409 55854264 56241596 56226564
1785394678456 55854264 56241596 56226564
1785394678503 55854264 56241596 56226564
1785394678551 55854264 56241596 56226564
1785394678600 55854264 56241596 56226564
1785394678646 55854264 56241596 56226564
1785394678695 55854264 56241596 56226564
1785394678743 55854264 56241596 56226564
1785394678792 55854264 56241596 56226564
1785394678839 55854264 56241596 56226564
1785394678887 55854264 56241596 56226564
1785394678934 55854264 56241596 56226564
1785394678982 55854264 56241596 56226564
1785394679029 55854264 56241596 56226564
1785394679076 55854264 56241596 56226564
1785394679125 55854264 56241596 56226564
1785394679172 55854264 56241596 56226564
1785394679221 55854264 56241596 56226564
1785394679268 55854264 56241596 56226564
1785394679315 55854264 56241596 56226564
1785394679363 55854264 56241596 56226564
1785394679411 55854264 56241596 56226564
1785394679459 55854264 56241596 56226564
1785394679505 55854264 56241596 56226564
1785394679553 55854264 56241596 56226564
1785394679604 55854264 56241596 56226564
1785394679651 55854264 56241596 56226564
1785394679699 55854264 56241596 56226564
1785394679749 55854264 56241596 56226564
1785394679798 55854264 56241596 56226564
1785394679847 55854264 56241596 56226564
1785394679894 55854264 56241596 56226564
1785394679941 55854264 56241596 56226564
1785394679987 55854264 56241596 56226564
1785394680033 55854264 56241596 56226564
1785394680081 55854264 56241596 56226564
1785394680132 55854264 56241596 56226564
1785394680180 55854264 56241596 56226564
1785394680229 55854264 56241596 56226564
1785394680277 55854264 56241596 56226564
1785394680325 55854264 56241596 56226564
1785394680375 55854264 56241596 56226564
1785394680423 55854264 56241596 56226564
1785394680470 55854264 56241596 56226564
1785394680521 55854264 56241596 56226564
1785394680570 55854264 56241596 56226564
1785394680618 55854264 56241596 56226564
1785394680667 55854264 56241596 56226564
1785394680717 55854264 56241596 56226564
1785394680765 55854264 56241596 56226564
1785394680812 55854264 56241596 56226564
1785394680863 55854264 56241596 56226564
1785394680911 55854264 56241596 56226564
1785394680962 55854264 56241596 56226564
1785394681011 55854264 56241596 56226564
1785394681059 55854264 56241596 56226564
1785394681109 55854264 56241596 56226564
1785394681157 55854264 56241596 56226564
1785394681206 55854264 56241596 56226564
1785394681253 55854264 56241596 56226564
1785394681300 55854264 56241596 56226564
1785394681342 55922488 56241596 56226564
1785394681372 55963692 56241596 56226564
1785394681395 55999792 56241596 56226564
1785394681448 56038072 56241596 56226564
1785394681502 56076752 56241596 56226564
1785394681556 56122524 56241596 56226564
1785394681609 56180676 56241596 56226564
1785394681664 56180676 56241596 56226564
1785394681723 56180676 56241596 56226564
1785394681779 56181828 56241596 56226564
1785394681837 56203324 56241596 56226564
1785394681894 56166456 56241596 56226564
1785394681951 56166456 56241596 56226564
1785394682008 56166456 56241596 56226564
1785394682065 56166456 56241596 56226564
1785394682122 56166456 56241596 56226564
1785394682178 56166456 56241596 56226564
1785394682233 56166456 56241596 56226564
1785394682288 56166456 56241596 56226564
1785394682345 56166456 56241596 56226564
1785394682400 56192380 56241596 56226564
1785394682456 56209472 56241596 56226564
1785394682514 56209472 56241596 56226564
1785394682573 56209472 56241596 56226564
1785394682630 56209856 56241596 56226564
1785394682687 56231352 56241596 56231352
1785394682744 56231352 56241596 56231352
1785394682802 56231352 56241596 56231352
1785394682859 56231352 56241596 56231352
1785394682917 56231352 56241596 56231352
1785394682974 56231352 56241596 56231352
1785394683035 56231352 56241596 56231352
1785394683094 56231352 56241596 56231352
1785394683152 56231352 56241596 56231352
1785394683212 56231352 56241596 56231352
1785394683269 56231352 56241596 56231352
1785394683326 56231352 56241596 56231352
1785394683384 56231352 56241596 56231352
1785394683443 56231352 56241596 56231352
1785394683503 56231352 56241596 56231352
1785394683563 56231352 56241596 56231352
1785394683622 56231352 56241596 56231352
1785394683679 56231352 56241596 56231352
1785394683734 56231352 56241596 56231352
1785394683793 56231352 56241596 56231352
1785394683851 56160440 56241596 56226564
1785394683910 56160440 56241596 56226564
1785394683966 56160440 56241596 56226564
1785394684022 56160440 56241596 56226564
1785394684080 56160440 56241596 56226564
1785394684138 56160440 56241596 56226564
1785394684195 56160440 56241596 56226564
1785394684253 56160440 56241596 56226564
1785394684310 56160440 56241596 56226564
1785394684366 56160440 56241596 56226564
1785394684421 56160440 56241596 56226564
1785394684478 56160440 56241596 56226564
1785394684532 56160440 56241596 56226564
1785394684588 56160440 56241596 56226564
1785394684646 56160440 56241596 56226564
1785394684703 56160440 56241596 56226564
1785394684760 56160440 56241596 56226564
1785394684821 56160440 56241596 56226564
1785394684877 56044064 56241596 56226564
1785394684927 55854264 56241596 56226564
1785394684975 55854264 56241596 56226564
1785394685023 55854264 56241596 56226564
1785394685074 55854264 56241596 56226564
1785394685122 55854264 56241596 56226564
1785394685170 55854264 56241596 56226564
1785394685220 55854264 56241596 56226564
1785394685270 55854264 56241596 56226564
1785394685321 55854264 56241596 56226564
1785394685369 55854264 56241596 56226564
1785394685419 55854264 56241596 56226564
1785394685469 55854264 56241596 56226564
1785394685518 55854264 56241596 56226564
1785394685568 55854264 56241596 56226564
1785394685617 55854264 56241596 56226564
1785394685666 55854264 56241596 56226564
1785394685715 55854264 56241596 56226564
1785394685764 55854264 56241596 56226564
1785394685813 55854264 56241596 56226564
1785394685860 55854264 56241596 56226564
1785394685909 55854264 56241596 56226564
1785394685959 55854264 56241596 56226564
1785394686007 55854264 56241596 56226564
1785394686056 55854264 56241596 56226564
1785394686106 55854264 56241596 56226564
1785394686156 55854264 56241596 56226564
1785394686205 55854264 56241596 56226564
1785394686256 55854264 56241596 56226564
1785394686305 55854264 56241596 56226564
1785394686356 55854264 56241596 56226564
1785394686406 55854264 56241596 56226564
1785394686454 55854264 56241596 56226564
1785394686506 55854264 56241596 56226564
1785394686556 55854264 56241596 56226564
1785394686607 55854264 56241596 56226564
1785394686656 55854264 56241596 56226564
1785394686705 55854264 56241596 56226564
1785394686754 55854264 56241596 56226564
1785394686805 55854264 56241596 56226564
1785394686853 55854264 56241596 56226564
1785394686902 55854264 56241596 56226564
1785394686951 55854264 56241596 56226564
1785394687001 55854264 56241596 56226564
1785394687050 55854264 56241596 56226564
1785394687100 55854264 56241596 56226564
1785394687148 55854264 56241596 56226564
1785394687196 55854264 56241596 56226564
1785394687246 55854264 56241596 56226564
1785394687297 55854264 56241596 56226564
1785394687346 55854264 56241596 56226564
1785394687394 55854264 56241596 56226564
1785394687444 55854264 56241596 56226564
1785394687494 55854264 56241596 56226564
1785394687545 55854264 56241596 56226564
1785394687595 55854264 56241596 56226564
1785394687641 55854264 56241596 56226564
1785394687690 55854264 56241596 56226564
1785394687737 55854264 56241596 56226564
1785394687785 55902008 56241596 56226564
1785394687836 55960776 56241596 56226564
1785394687887 55996632 56241596 56226564
1785394687929 56034820 56241596 56226564
1785394687961 56072544 56241596 56226564
1785394688007 56116608 56241596 56226564
1785394688064 56180680 56241596 56226564
1785394688120 56180680 56241596 56226564
1785394688179 56180680 56241596 56226564
1785394688236 56203328 56241596 56226564
1785394688292 56203328 56241596 56226564
1785394688347 56166460 56241596 56226564
1785394688404 56166460 56241596 56226564
1785394688461 56166460 56241596 56226564
1785394688519 56166460 56241596 56226564
1785394688578 56166460 56241596 56226564
1785394688633 56166460 56241596 56226564
1785394688689 56166460 56241596 56226564
1785394688746 56166460 56241596 56226564
1785394688802 56166460 56241596 56226564
1785394688858 56209476 56241596 56226564
1785394688914 56209476 56241596 56226564
1785394688968 56209476 56241596 56226564
1785394689026 56209476 56241596 56226564
1785394689084 56231292 56241600 56231292
1785394689141 56231356 56241600 56231356
1785394689404 56231356 56241600 56231356
1785394689463 56231356 56241600 56231356
1785394689520 56231356 56241600 56231356
1785394689581 56231356 56241600 56231356
1785394689640 56231356 56241600 56231356
1785394689699 56231356 56241600 56231356
1785394689758 56231356 56241600 56231356
1785394689819 56231356 56241600 56231356
1785394689877 56231356 56241600 56231356
1785394689933 56231356 56241600 56231356
1785394689992 56231356 56241600 56231356
1785394690052 56231356 56241600 56231356
1785394690110 56160444 56241600 56226564
1785394690168 56096852 56241600 56226564
1785394690224 56096852 56241600 56226564
1785394690280 56096852 56241600 56226564
1785394690339 56096852 56241600 56226564
1785394690396 56096852 56241600 56226564
1785394690454 56096852 56241600 56226564
1785394690511 56096852 56241600 56226564
1785394690564 56096852 56241600 56226564
1785394690616 56096852 56241600 56226564
1785394690666 56096852 56241600 56226564
1785394690718 56096852 56241600 56226564
1785394690765 56096852 56241600 56226564
1785394690824 56096852 56241600 56226564
1785394690882 56096852 56241600 56226564
1785394690940 56096852 56241600 56226564
1785394690993 56012064 56241600 56226564
1785394691049 56012064 56241600 56226564
1785394691104 56012064 56241600 56226564
1785394691161 56012064 56241600 56226564
1785394691214 55856896 56241600 56226564
1785394691263 55854264 56241600 56226564
1785394691313 55854264 56241600 56226564
1785394691361 55854264 56241600 56226564
1785394691412 55854264 56241600 56226564
1785394691461 55854264 56241600 56226564
1785394691509 55854264 56241600 56226564
1785394691559 55854264 56241600 56226564
1785394691608 55854264 56241600 56226564
1785394691659 55854264 56241600 56226564
1785394691706 55854264 56241600 56226564
1785394691755 55854264 56241600 56226564
1785394691804 55854264 56241600 56226564
1785394691854 55854264 56241600 56226564
1785394691903 55854264 56241600 56226564
1785394691952 55854264 56241600 56226564
1785394692000 55854264 56241600 56226564
1785394692050 55854264 56241600 56226564
1785394692100 55854264 56241600 56226564
1785394692149 55854264 56241600 56226564
1785394692198 55854264 56241600 56226564
1785394692248 55854264 56241600 56226564
1785394692297 55854264 56241600 56226564
1785394692341 55854264 56241600 56226564
1785394692391 55854264 56241600 56226564
1785394692440 55854264 56241600 56226564
1785394692489 55854264 56241600 56226564
1785394692538 55854264 56241600 56226564
1785394692586 55854264 56241600 56226564
1785394692634 55854264 56241600 56226564
1785394692681 55854264 56241600 56226564
1785394692729 55854264 56241600 56226564
1785394692780 55854264 56241600 56226564
1785394692829 55854264 56241600 56226564
1785394692875 55854264 56241600 56226564
1785394692924 55854264 56241600 56226564
1785394692973 55854264 56241600 56226564
1785394693023 55854264 56241600 56226564
1785394693073 55854264 56241600 56226564
1785394693123 55854264 56241600 56226564
1785394693172 55854264 56241600 56226564
1785394693222 55854264 56241600 56226564
1785394693269 55854264 56241600 56226564
1785394693317 55854264 56241600 56226564
1785394693365 55854264 56241600 56226564
1785394693413 55854264 56241600 56226564
1785394693461 55854264 56241600 56226564
1785394693512 55854264 56241600 56226564
1785394693560 55854264 56241600 56226564
1785394693611 55854264 56241600 56226564
1785394693658 55854264 56241600 56226564
1785394693708 55854264 56241600 56226564
1785394693757 55854264 56241600 56226564
1785394693807 55854264 56241600 56226564
1785394693857 55854264 56241600 56226564
1785394693909 55854264 56241600 56226564
1785394693959 55854264 56241600 56226564
1785394694011 55854264 56241600 56226564
1785394694060 55854264 56241600 56226564
1785394694110 55854264 56241600 56226564
1785394694158 55854264 56241600 56226564
1785394694207 55854264 56241600 56226564
1785394694256 55878444 56241600 56226564
1785394694288 55946032 56241600 56226564
1785394694340 55983280 56241600 56226564
1785394694385 56019816 56241600 56226564
1785394694437 56056340 56241600 56226564
1785394694470 56094992 56241600 56226564
1785394694527 56163712 56241600 56226564
1785394694583 56180680 56241600 56226564
1785394694641 56180680 56241600 56226564
1785394694699 56180680 56241600 56226564
1785394694757 56194120 56241600 56226564
1785394694816 56203328 56241600 56226564
1785394694872 56166460 56241600 56226564
1785394694931 56166460 56241600 56226564
1785394694989 56166460 56241600 56226564
1785394695049 56166460 56241600 56226564
1785394695107 56166460 56241600 56226564
1785394695164 56166460 56241600 56226564
1785394695221 56166460 56241600 56226564
1785394695278 56166460 56241600 56226564
1785394695335 56166460 56241600 56226564
1785394695392 56166460 56241600 56226564
1785394695448 56209476 56241600 56226564
1785394695508 56209476 56241600 56226564
1785394695566 56209476 56241600 56226564
1785394695625 56209476 56241600 56226564
1785394695683 56209476 56241600 56226564
1785394695741 56209476 56241600 56226564
1785394695793 56230972 56241600 56230972
1785394695846 56230972 56241600 56230972
1785394695899 56230972 56241600 56230972
1785394695952 56230972 56241600 56230972
1785394696005 56230972 56241600 56230972
1785394696063 56230972 56241600 56230972
1785394696123 56230972 56241600 56230972
1785394696180 56230972 56241600 56230972
1785394696236 56230972 56241600 56230972
1785394696298 56230972 56241600 56230972
1785394696356 56230972 56241600 56230972
1785394696416 56230972 56241600 56230972
1785394696475 56230972 56241600 56230972
1785394696537 56230972 56241600 56230972
1785394696596 56230972 56241600 56230972
1785394696655 56230972 56241600 56230972
1785394696715 56230972 56241600 56230972
1785394696773 56230972 56241600 56230972
1785394696832 56160444 56241600 56226564
1785394696889 56160444 56241600 56226564
1785394696946 56160444 56241600 56226564
1785394697002 56160444 56241600 56226564
1785394697061 56160444 56241600 56226564
1785394697120 56160444 56241600 56226564
1785394697180 56160444 56241600 56226564
1785394697237 56160444 56241600 56226564
1785394697294 56160444 56241600 56226564
1785394697350 56160444 56241600 56226564
1785394697407 56160444 56241600 56226564
1785394697463 56160444 56241600 56226564
1785394697519 56160444 56241600 56226564
1785394697577 56160444 56241600 56226564
1785394697636 56160444 56241600 56226564
1785394697695 56160444 56241600 56226564
1785394697752 56160444 56241600 56226564
1785394697803 55854264 56241600 56226564
1785394697853 55854264 56241600 56226564
1785394697904 55854264 56241600 56226564
1785394697953 55854264 56241600 56226564
1785394698001 55854264 56241600 56226564
1785394698053 55854264 56241600 56226564
1785394698103 55854264 56241600 56226564
1785394698154 55854264 56241600 56226564
1785394698204 55854264 56241600 56226564
1785394698253 55854264 56241600 56226564
1785394698303 55854264 56241600 56226564
1785394698351 55854264 56241600 56226564
1785394698401 55854264 56241600 56226564
1785394698451 55854264 56241600 56226564
1785394698499 55854264 56241600 56226564
1785394698548 55854264 56241600 56226564
1785394698597 55854264 56241600 56226564
1785394698649 55854264 56241600 56226564
1785394698700 55854264 56241600 56226564
1785394698749 55854264 56241600 56226564
1785394698799 55854264 56241600 56226564
1785394698849 55854264 56241600 56226564
1785394698900 55854264 56241600 56226564
1785394698949 55854264 56241600 56226564
1785394698997 55854264 56241600 56226564
1785394699048 55854264 56241600 56226564
1785394699096 55854264 56241600 56226564
1785394699145 55854264 56241600 56226564
1785394699195 55854264 56241600 56226564
1785394699245 55854264 56241600 56226564
1785394699294 55854264 56241600 56226564
1785394699345 55854264 56241600 56226564
1785394699393 55854264 56241600 56226564
1785394699443 55854264 56241600 56226564
1785394699493 55854264 56241600 56226564
1785394699542 55854264 56241600 56226564
1785394699592 55854264 56241600 56226564
1785394699641 55854264 56241600 56226564
1785394699692 55854264 56241600 56226564
1785394699741 55854264 56241600 56226564
1785394699790 55854264 56241600 56226564
1785394699839 55854264 56241600 56226564
1785394699888 55854264 56241600 56226564
1785394699939 55854264 56241600 56226564
1785394699990 55854264 56241600 56226564
1785394700039 55854264 56241600 56226564
1785394700089 55854264 56241600 56226564
1785394700135 55854264 56241600 56226564
1785394700183 55854264 56241600 56226564
1785394700232 55854264 56241600 56226564
1785394700283 55854264 56241600 56226564
1785394700331 55854264 56241600 56226564
1785394700381 55854264 56241600 56226564
1785394700431 55854264 56241600 56226564
1785394700481 55854264 56241600 56226564
1785394700529 55854264 56241600 56226564
1785394700578 55854264 56241600 56226564
1785394700627 55854264 56241600 56226564
1785394700678 55854264 56241600 56226564
1785394700725 55854264 56241600 56226564
1785394700770 55854264 56241600 56226564
1785394700814 55854264 56241600 56226564
1785394700856 55895864 56241600 56226564
1785394700900 55960404 56241600 56226564
1785394700946 55998284 56241600 56226564
1785394700990 56034344 56241600 56226564
1785394701047 56073080 56241600 56226564
1785394701102 56116604 56241600 56226564
1785394701159 56180680 56241600 56226564
1785394701215 56180680 56241600 56226564
1785394701273 56180680 56241600 56226564
1785394701331 56181832 56241600 56226564
1785394701389 56203328 56241600 56226564
1785394701446 56166460 56241600 56226564
1785394701502 56166460 56241600 56226564
1785394701559 56166460 56241600 56226564
1785394701618 56166460 56241600 56226564
1785394701679 56166460 56241600 56226564
1785394701736 56166460 56241600 56226564
1785394701794 56166460 56241600 56226564
1785394701851 56166460 56241600 56226564
1785394701907 56166460 56241600 56226564
1785394701964 56166460 56241600 56226564
1785394702022 56166460 56241600 56226564
1785394702080 56209476 56241600 56226564
1785394702137 56209476 56241600 56226564
1785394702195 56209476 56241600 56226564
1785394702255 56222056 56241600 56226564
1785394702313 56230972 56241600 56230972
1785394702370 56230972 56241600 56230972
1785394702428 56230972 56241600 56230972
1785394702487 56230972 56241600 56230972
1785394702545 56230972 56241600 56230972
1785394702604 56230972 56241600 56230972
1785394702663 56230972 56241600 56230972
1785394702715 56230972 56241600 56230972
1785394702773 56230972 56241600 56230972
1785394702833 56230972 56241600 56230972
1785394702892 56230972 56241600 56230972
1785394702950 56230972 56241600 56230972
1785394703008 56230972 56241600 56230972
1785394703068 56230972 56241600 56230972
1785394703126 56230972 56241600 56230972
1785394703183 56230972 56241600 56230972
1785394703240 56230972 56241600 56230972
1785394703297 56230972 56241600 56230972
1785394703356 56160444 56241600 56226564
1785394703414 56104240 56241600 56226564
1785394703472 56104240 56241600 56226564
1785394703529 56104240 56241600 56226564
1785394703588 56104240 56241600 56226564
1785394703644 56104240 56241600 56226564
1785394703704 56104240 56241600 56226564
1785394703760 56104240 56241600 56226564
1785394703816 56104240 56241600 56226564
1785394703872 56104240 56241600 56226564
1785394703929 56104240 56241600 56226564
1785394703987 56104240 56241600 56226564
1785394704046 56104240 56241600 56226564
1785394704104 56104240 56241600 56226564
1785394704164 56104240 56241600 56226564
1785394704220 56104240 56241600 56226564
1785394704277 56004676 56241600 56226564
1785394704334 56004676 56241600 56226564
1785394704391 56004676 56241600 56226564
1785394704446 56004676 56241600 56226564
1785394704494 56004676 56241600 56226564
1785394704549 55859076 56241600 56226564
1785394704600 55854264 56241600 56226564
1785394704650 55854264 56241600 56226564
1785394704699 55854264 56241600 56226564
1785394704750 55854264 56241600 56226564
1785394704800 55854264 56241600 56226564
1785394704849 55854264 56241600 56226564
1785394704899 55854264 56241600 56226564
1785394704952 55854264 56241600 56226564
1785394705003 55854264 56241600 56226564
1785394705054 55854264 56241600 56226564
1785394705105 55854264 56241600 56226564
1785394705155 55854264 56241600 56226564
1785394705205 55854264 56241600 56226564
1785394705253 55854264 56241600 56226564
1785394705304 55854264 56241600 56226564
1785394705353 55854264 56241600 56226564
1785394705405 55854264 56241600 56226564
1785394705454 55854264 56241600 56226564
1785394705502 55854264 56241600 56226564
1785394705552 55854264 56241600 56226564
1785394705604 55854264 56241600 56226564
1785394705655 55854264 56241600 56226564
1785394705704 55854264 56241600 56226564
1785394705756 55854264 56241600 56226564
1785394705805 55854264 56241600 56226564
1785394705854 55854264 56241600 56226564
1785394705905 55854264 56241600 56226564
1785394705956 55854264 56241600 56226564
1785394706007 55854264 56241600 56226564
1785394706059 55854264 56241600 56226564
1785394706109 55854264 56241600 56226564
1785394706160 55854264 56241600 56226564
1785394706209 55854264 56241600 56226564
1785394706261 55854264 56241600 56226564
1785394706311 55854264 56241600 56226564
1785394706362 55854264 56241600 56226564
1785394706411 55854264 56241600 56226564
1785394706463 55854264 56241600 56226564
1785394706513 55854264 56241600 56226564
1785394706562 55854264 56241600 56226564
1785394706610 55854264 56241600 56226564
1785394706659 55854264 56241600 56226564
1785394706709 55854264 56241600 56226564
1785394706761 55854264 56241600 56226564
1785394706811 55854264 56241600 56226564
1785394706860 55854264 56241600 56226564
1785394706912 55854264 56241600 56226564
1785394706960 55854264 56241600 56226564
1785394707012 55854264 56241600 56226564
1785394707063 55854264 56241600 56226564
1785394707113 55854264 56241600 56226564
1785394707165 55854264 56241600 56226564
1785394707213 55854264 56241600 56226564
1785394707262 55854264 56241600 56226564
1785394707312 55854264 56241600 56226564
1785394707360 55854264 56241600 56226564
1785394707407 55895864 56241600 56226564
1785394707458 55960312 56241600 56226564
1785394707510 55997608 56241600 56226564
1785394707542 56033544 56241600 56226564
1785394707595 56070660 56241600 56226564
1785394707650 56107168 56241600 56226564
1785394707707 56180680 56241600 56226564
1785394707767 56180680 56241600 56226564
1785394707823 56180680 56241600 56226564
1785394707881 56181832 56241600 56226564
1785394707940 56203328 56241600 56226564
1785394707998 56203328 56241600 56226564
1785394708058 56166460 56241600 56226564
1785394708117 56166460 56241600 56226564
1785394708176 56166460 56241600 56226564
1785394708234 56166460 56241600 56226564
1785394708293 56166460 56241600 56226564
1785394708351 56166460 56241600 56226564
1785394708408 56166460 56241600 56226564
1785394708464 56166460 56241600 56226564
1785394708522 56166460 56241600 56226564
1785394708582 56209476 56241600 56226564
1785394708638 56209476 56241600 56226564
1785394708695 56209476 56241600 56226564
1785394708752 56209476 56241600 56226564
1785394708813 56230972 56241600 56230972
1785394708873 56230972 56241600 56230972
1785394708934 56230972 56241600 56230972
1785394708993 56230972 56241600 56230972
1785394709054 56230972 56241600 56230972
1785394709112 56230972 56241600 56230972
1785394709174 56230972 56241600 56230972
1785394709232 56230972 56241600 56230972
1785394709292 56230972 56241600 56230972
1785394709354 56230972 56241600 56230972
1785394709413 56230972 56241600 56230972
1785394709473 56230972 56241600 56230972
1785394709533 56230972 56241600 56230972
1785394709595 56230972 56241600 56230972
1785394709653 56230972 56241600 56230972
1785394709712 56230972 56241600 56230972
1785394709771 56230972 56241600 56230972
1785394709830 56160444 56241600 56226564
1785394709890 56160444 56241600 56226564
1785394709948 56160444 56241600 56226564
1785394710005 56160444 56241600 56226564
1785394710066 56160444 56241600 56226564
1785394710125 56160444 56241600 56226564
1785394710183 56160444 56241600 56226564
1785394710241 56160444 56241600 56226564
1785394710298 56160444 56241600 56226564
1785394710353 56160444 56241600 56226564
1785394710410 56160444 56241600 56226564
1785394710468 56160444 56241600 56226564
1785394710524 56160444 56241600 56226564
1785394710583 56160444 56241600 56226564
1785394710645 56160444 56241600 56226564
1785394710704 56160444 56241600 56226564
1785394710765 56160444 56241600 56226564
1785394710824 56121652 56241600 56226564
1785394710876 55854264 56241600 56226564
1785394710925 55854264 56241600 56226564
1785394710975 55854264 56241600 56226564
1785394711025 55854264 56241600 56226564
1785394711073 55854264 56241600 56226564
1785394711122 55854264 56241600 56226564
1785394711172 55854264 56241600 56226564
1785394711222 55854264 56241600 56226564
1785394711271 55854264 56241600 56226564
1785394711322 55854264 56241600 56226564
1785394711373 55854264 56241600 56226564
1785394711425 55854264 56241600 56226564
1785394711476 55854264 56241600 56226564
1785394711526 55854264 56241600 56226564
1785394711576 55854264 56241600 56226564
1785394711628 55854264 56241600 56226564
1785394711677 55854264 56241600 56226564
1785394711727 55854264 56241600 56226564
1785394711777 55854264 56241600 56226564
1785394711827 55854264 56241600 56226564
1785394711876 55854264 56241600 56226564
1785394711925 55854264 56241600 56226564
1785394711977 55854264 56241600 56226564
1785394712028 55854264 56241600 56226564
1785394712077 55854264 56241600 56226564
1785394712126 55854264 56241600 56226564
1785394712176 55854264 56241600 56226564
1785394712227 55854264 56241600 56226564
1785394712276 55854264 56241600 56226564
1785394712326 55854264 56241600 56226564
1785394712377 55854264 56241600 56226564
1785394712426 55854264 56241600 56226564
1785394712477 55854264 56241600 56226564
1785394712530 55854264 56241600 56226564
1785394712580 55854264 56241600 56226564
1785394712630 55854264 56241600 56226564
1785394712683 55854264 56241600 56226564
1785394712734 55854264 56241600 56226564
1785394712784 55854264 56241600 56226564
1785394712834 55854264 56241600 56226564
1785394712884 55854264 56241600 56226564
1785394712936 55854264 56241600 56226564
1785394712986 55854264 56241600 56226564
1785394713035 55854264 56241600 56226564
1785394713083 55854264 56241600 56226564
1785394713133 55854264 56241600 56226564
1785394713184 55854264 56241600 56226564
1785394713234 55854264 56241600 56226564
1785394713282 55854264 56241600 56226564
1785394713332 55854264 56241600 56226564
1785394713381 55854264 56241600 56226564
1785394713431 55854264 56241600 56226564
1785394713481 55854264 56241600 56226564
1785394713531 55854264 56241600 56226564
1785394713581 55854264 56241600 56226564
1785394713630 55854264 56241600 56226564
1785394713683 55854264 56241600 56226564
1785394713733 55854264 56241600 56226564
1785394713783 55854264 56241600 56226564
1785394713834 55854264 56241600 56226564
1785394713883 55854264 56241600 56226564
1785394713933 55897912 56241600 56226564
1785394713966 55958380 56241600 56226564
1785394714018 55996224 56241600 56226564
1785394714071 56033476 56241600 56226564
1785394714113 56071488 56241600 56226564
1785394714137 56116332 56241600 56226564
1785394714192 56180680 56241600 56226564
1785394714248 56180680 56241600 56226564
1785394714308 56180680 56241600 56226564
1785394714364 56194120 56241600 56226564
1785394714423 56203328 56241600 56226564
1785394714483 56166460 56241600 56226564
1785394714541 56166460 56241600 56226564
1785394714601 56166460 56241600 56226564
1785394714661 56166460 56241600 56226564
1785394714721 56166460 56241600 56226564
1785394714773 56166460 56241600 56226564
1785394714823 56166460 56241600 56226564
1785394714872 56166460 56241600 56226564
1785394714921 56166460 56241600 56226564
1785394714971 56166460 56241600 56226564
1785394715020 56166460 56241600 56226564
1785394715073 56209476 56241600 56226564
1785394715130 56209476 56241600 56226564
1785394715189 56209476 56241600 56226564
1785394715247 56209476 56241600 56226564
1785394715296 56230972 56241600 56230972
1785394715353 56230972 56241600 56230972
1785394715414 56230972 56241600 56230972
1785394715472 56230972 56241600 56230972
1785394715534 56230972 56241600 56230972
1785394715594 56230972 56241600 56230972
1785394715652 56230972 56241600 56230972
1785394715709 56230972 56241600 56230972
1785394715769 56230972 56241600 56230972
1785394715830 56230972 56241600 56230972
1785394715887 56230972 56241600 56230972
1785394715947 56230972 56241600 56230972
1785394716009 56230972 56241600 56230972
1785394716067 56230972 56241600 56230972
1785394716128 56230972 56241600 56230972
1785394716186 56230972 56241600 56230972
1785394716246 56160444 56241600 56226564
1785394716298 56089744 56241600 56226564
1785394716356 0 0 0
1785394716381 0 0 0
1785394716404 0 0 0
1785394716426 0 0 0
1785394716449 0 0 0
1785394716472 0 0 0
1785394716494 0 0 0
1785394716517 0 0 0
1785394716539 0 0 0
1785394716562 0 0 0
1785394716584 0 0 0
1785394716606 0 0 0
# peak_kb=56231356
# hwm_kb=56231356
# frozen_ms=0
# polled_vs_hwm_pct=0promille
