# timestamp_ms VmRSS_kB VmPeak_kB VmHWM_kB
1785393571901 261328 1146340 261328
1785393572004 261524 1146340 261524
1785393572066 261608 1146340 261608
1785393572132 262848 1147364 262848
1785393572195 264956 1148844 264956
1785393572279 266892 1151560 266892
1785393572354 267724 1152108 267724
1785393572436 268040 1152360 268040
1785393572501 277236 1160016 277236
1785393572594 280452 1162132 280452
1785393572676 280868 1163156 280868
1785393572737 281564 1163156 281564
1785393572800 285872 2010412 285872
1785393572895 287768 2010412 287768
1785393572957 289692 2010412 289692
1785393573043 292156 2010412 292156
1785393573120 330160 2010412 330160
1785393573225 393136 2814156 393136
1785393573339 486160 2814156 486160
1785393573453 531912 2814156 531912
1785393573570 562388 2814156 562388
1785393573679 573536 2814156 573536
1785393573776 590092 2814156 590092
1785393573890 615300 2814156 615300
1785393574008 624864 2814156 624864
1785393574106 643244 2814156 643244
1785393574222 663536 2814156 663536
1785393574342 673316 2814156 673316
1785393574439 688800 2814156 688800
1785393574561 704236 2814156 704236
1785393574682 714136 2814156 714136
1785393574780 718148 2814156 718148
1785393574855 721700 2814156 721700
1785393574976 742232 2814156 742232
1785393575098 758232 2814156 758232
1785393575220 766956 2814156 766956
1785393575321 769960 2814156 769960
1785393575396 781064 2814156 781064
1785393575519 793780 2814156 793780
1785393575624 801272 2814156 801272
1785393575727 827348 2814156 827348
1785393575861 876600 2814156 876600
1785393576000 925612 2814156 925612
1785393576141 955928 2814156 955928
1785393576284 983932 2814156 983932
1785393576428 1020608 2814156 1020608
1785393576573 1051116 2814156 1051116
1785393576719 1082840 2814156 1082840
1785393576861 1106468 2814156 1106468
1785393577005 1122380 2814156 1122380
1785393577120 1056052 2814156 1125880
1785393577151 713388 2814156 1125880
1785393577181 710520 2814156 1125880
1785393577212 710520 2814156 1125880
1785393577243 826828 2814156 1125880
1785393577277 910216 2814156 1125880
1785393577312 997768 2814156 1125880
1785393577347 1130576 2814156 1130576
1785393577439 1139952 2814156 1139952
1785393577546 1150636 2814156 1150636
1785393577624 1176864 2814156 1176864
1785393577749 1182240 2814156 1182240
1785393577824 1184552 2814156 1184552
1785393577897 1187624 2814156 1187624
1785393577971 1188392 2814156 1188392
1785393578047 1189884 2814156 1189884
1785393578150 1190100 2814156 1190100
1785393578221 1103864 2814156 1181916
1785393578254 1103968 2814156 1181916
1785393578286 1104652 2814156 1181916
1785393578319 1105652 2814156 1181916
1785393578351 1105664 2814156 1181916
1785393578382 1105700 2814156 1181916
1785393578414 1105752 2814156 1181916
1785393578445 1105816 2814156 1181916
1785393578477 1106504 2814156 1181916
1785393578508 1106568 2814156 1181916
1785393578539 1106584 2814156 1181916
1785393578571 1106600 2814156 1181916
1785393578603 1106612 2814156 1181916
1785393578636 1106624 2814156 1181916
1785393578668 1106636 2814156 1181916
1785393578699 1106648 2814156 1181916
1785393578731 1106656 2814156 1181916
1785393578763 1106664 2814156 1181916
1785393578795 1106672 2814156 1181916
1785393578826 1106684 2814156 1181916
1785393578858 1106692 2814156 1181916
1785393578890 1106696 2814156 1181916
1785393578921 1106700 2814156 1181916
1785393578952 1106708 2814156 1181916
1785393578984 1106712 2814156 1181916
1785393579015 1106720 2814156 1181916
1785393579046 1106724 2814156 1181916
1785393579078 1106732 2814156 1181916
1785393579109 1106740 2814156 1181916
1785393579141 1106744 2814156 1181916
1785393579172 1106752 2814156 1181916
1785393579203 1106752 2814156 1181916
1785393579235 1106756 2814156 1181916
1785393579267 1106756 2814156 1181916
1785393579299 1106756 2814156 1181916
1785393579331 1106756 2814156 1181916
1785393579363 1106756 2814156 1181916
1785393579396 1106756 2814156 1181916
1785393579428 1106756 2814156 1181916
1785393579460 1106756 2814156 1181916
1785393579493 1106756 2814156 1181916
1785393579525 1106756 2814156 1181916
1785393579557 1106756 2814156 1181916
1785393579589 1106756 2814156 1181916
1785393579621 1106756 2814156 1181916
1785393579653 1106756 2814156 1181916
1785393579685 1106756 2814156 1181916
1785393579717 1106756 2814156 1181916
1785393579749 1106756 2814156 1181916
1785393579780 1106756 2814156 1181916
1785393579812 1106756 2814156 1181916
1785393579845 1106756 2814156 1181916
1785393579876 1106756 2814156 1181916
1785393579908 1106756 2814156 1181916
1785393579940 1106756 2814156 1181916
1785393579971 1106756 2814156 1181916
1785393580004 1106756 2814156 1181916
1785393580036 1106756 2814156 1181916
1785393580068 1106756 2814156 1181916
1785393580100 1106756 2814156 1181916
1785393580132 1106776 2814156 1181916
1785393580163 1106776 2814156 1181916
1785393580195 1106776 2814156 1181916
1785393580227 1106776 2814156 1181916
1785393580258 1106776 2814156 1181916
1785393580290 1106776 2814156 1181916
1785393580322 1106776 2814156 1181916
1785393580354 1106776 2814156 1181916
1785393580386 1106776 2814156 1181916
1785393580418 1106776 2814156 1181916
1785393580449 1106776 2814156 1181916
1785393580480 1106776 2814156 1181916
1785393580511 1106776 2814156 1181916
1785393580543 1106776 2814156 1181916
1785393580575 1106776 2814156 1181916
1785393580606 1106776 2814156 1181916
1785393580638 1106776 2814156 1181916
1785393580670 1106776 2814156 1181916
1785393580701 1106776 2814156 1181916
1785393580733 1106776 2814156 1181916
1785393580765 1106776 2814156 1181916
1785393580796 1106776 2814156 1181916
1785393580828 1108016 2814156 1181916
1785393580860 1112148 2814156 1181916
1785393580892 1112148 2814156 1181916
1785393580924 1182756 2814156 1182756
1785393580956 1112148 2814156 1191184
1785393580987 1112148 2814156 1191184
1785393581019 1152036 2814156 1191184
1785393581051 1199140 2814156 1199140
1785393581154 1409980 2960036 1409980
1785393581277 1636332 2960036 1636332
1785393581399 1636332 2960036 1636332
1785393581432 1666476 3383396 1666476
1785393581538 1797548 3383396 1797548
1785393581657 1529524 3383396 2051736
1785393581691 1529524 3383396 2051736
1785393581722 1554100 3383396 2051736
1785393581755 1613492 3383396 2051736
1785393581788 1613492 3383396 2051736
1785393581822 1613492 3383396 2051736
1785393581851 1613492 3383396 2051736
1785393581884 1528680 3383396 2051736
1785393581916 1528680 3383396 2051736
1785393581948 1528680 3383396 2051736
1785393581981 1528680 3383396 2051736
1785393582012 1528680 3383396 2051736
1785393582044 1528680 3383396 2051736
1785393582075 1587496 3383396 2051736
1785393582108 1683752 3383396 2051736
1785393582140 1777960 3383396 2051736
1785393582172 1872168 3383396 2051736
1785393582294 2039032 3383396 2051736
1785393582419 1951520 3383396 2051736
1785393582453 1017808 3383396 2051736
1785393582486 1017808 3383396 2051736
1785393582517 1037712 3383396 2051736
1785393582550 1136016 3383396 2051736
1785393582582 1236368 3383396 2051736
1785393582614 1336720 3383396 2051736
1785393582647 1437072 3383396 2051736
1785393582680 1441168 3383396 2051736
1785393582712 1441168 3383396 2051736
1785393582743 1441168 3383396 2051736
1785393582774 1441168 3383396 2051736
1785393582805 1017808 3383396 2051736
1785393582836 1102752 3383396 2051736
1785393582867 1126488 3383396 2051736
1785393582900 1175640 3383396 2051736
1785393582932 1226836 3383396 2051736
1785393582963 1282108 3383396 2051736
1785393582994 1330572 3383396 2051736
1785393583026 1331468 3383396 2051736
1785393583058 1331852 3383396 2051736
1785393583092 1506020 3383396 2051736
1785393583126 1506020 3383396 2051736
1785393583158 1506020 3383396 2051736
1785393583190 1506020 3383396 2051736
1785393583222 1506020 3383396 2051736
1785393583257 1506020 3383396 2051736
1785393583290 1506020 3383396 2051736
1785393583323 1506020 3383396 2051736
1785393583355 1506020 3383396 2051736
1785393583387 1506020 3383396 2051736
1785393583418 1506020 3383396 2051736
1785393583450 1516060 3383396 2051736
1785393583482 1530396 3383396 2051736
1785393583515 1546780 3383396 2051736
1785393583548 1561116 3383396 2051736
1785393583580 1575452 3383396 2051736
1785393583613 1591836 3383396 2051736
1785393583645 1606172 3383396 2051736
1785393583676 1620508 3383396 2051736
1785393583708 1634844 3383396 2051736
1785393583740 1649180 3383396 2051736
1785393583772 1665564 3383396 2051736
1785393583803 1679900 3383396 2051736
1785393583837 1419052 3383396 2051736
1785393583870 1419056 3383396 2051736
1785393583902 1419056 3383396 2051736
1785393583935 1419068 3383396 2051736
1785393583967 1419068 3383396 2051736
1785393584001 1419068 3383396 2051736
1785393584034 1419068 3383396 2051736
1785393584066 1419068 3383396 2051736
1785393584100 1419072 3383396 2051736
1785393584132 1419072 3383396 2051736
1785393584165 1419084 3383396 2051736
1785393584197 1419084 3383396 2051736
1785393584230 1419084 3383396 2051736
1785393584263 1419084 3383396 2051736
1785393584296 1419084 3383396 2051736
1785393584328 1419088 3383396 2051736
1785393584360 1419088 3383396 2051736
1785393584393 1419096 3383396 2051736
1785393584427 1419096 3383396 2051736
1785393584461 1419096 3383396 2051736
1785393584494 1419104 3383396 2051736
1785393584527 1419104 3383396 2051736
1785393584560 1419104 3383396 2051736
1785393584593 1419108 3383396 2051736
1785393584627 1419112 3383396 2051736
1785393584660 1419116 3383396 2051736
1785393584694 1419116 3383396 2051736
1785393584727 1419116 3383396 2051736
1785393584761 1419120 3383396 2051736
1785393584796 1435504 3383396 2051736
1785393584830 1437560 3383396 2051736
1785393584863 1437564 3383396 2051736
1785393584897 1437564 3383396 2051736
1785393584932 1437572 3383396 2051736
1785393584967 1437572 3383396 2051736
1785393585000 1456008 3383396 2051736
1785393585034 1456008 3383396 2051736
1785393585068 1474452 3383396 2051736
1785393585101 1474452 3383396 2051736
1785393585135 1474452 3383396 2051736
1785393585170 1474460 3383396 2051736
1785393585203 1474464 3383396 2051736
1785393585237 1474464 3383396 2051736
1785393585271 1480624 3383396 2051736
1785393585304 1492900 3383396 2051736
1785393585339 1492908 3383396 2051736
1785393585373 1492908 3383396 2051736
1785393585406 1492908 3383396 2051736
1785393585441 1492908 3383396 2051736
1785393585475 1511352 3383396 2051736
1785393585509 1511352 3383396 2051736
1785393585543 1511352 3383396 2051736
1785393585577 1529792 3383396 2051736
1785393585611 1529796 3383396 2051736
1785393585646 1529800 3383396 2051736
1785393585680 1529800 3383396 2051736
1785393585713 1529800 3383396 2051736
1785393585748 1529800 3383396 2051736
1785393585781 1529800 3383396 2051736
1785393585815 1548240 3383396 2051736
1785393585849 1548240 3383396 2051736
1785393585883 1548252 3383396 2051736
1785393585918 1548252 3383396 2051736
1785393585952 1548252 3383396 2051736
1785393585988 1548252 3383396 2051736
1785393586022 1558496 3383396 2051736
1785393586056 1566696 3383396 2051736
1785393586090 1566696 3383396 2051736
1785393586124 1566700 3383396 2051736
1785393586159 1566704 3383396 2051736
1785393586193 1566704 3383396 2051736
1785393586228 1585140 3383396 2051736
1785393586262 1585140 3383396 2051736
1785393586295 1585144 3383396 2051736
1785393586329 1585148 3383396 2051736
1785393586363 1585152 3383396 2051736
1785393586399 1585156 3383396 2051736
1785393586433 1595408 3383396 2051736
1785393586467 1603592 3383396 2051736
1785393586503 1607700 3383396 2051736
1785393586537 1621900 3383396 2051736
1785393586571 1622032 3383396 2051736
1785393586605 1622040 3383396 2051736
1785393586640 1622040 3383396 2051736
1785393586675 1622040 3383396 2051736
1785393586708 1640476 3383396 2051736
1785393586744 1640476 3383396 2051736
1785393586778 1640476 3383396 2051736
1785393586811 1622188 3383396 2051736
1785393586845 1622196 3383396 2051736
1785393586879 1622196 3383396 2051736
1785393586914 1448216 3383396 2051736
1785393586947 1448216 3383396 2051736
1785393586981 1448224 3383396 2051736
1785393587017 1429788 3383396 2051736
1785393587049 1392916 3383396 2051736
1785393587083 1337616 3383396 2051736
1785393587118 1319180 3383396 2051736
1785393587152 1282316 3383396 2051736
1785393587185 1263880 3383396 2051736
1785393587218 1181372 3383396 2051736
1785393587250 339808 3383396 2051736
1785393587281 434016 3383396 2051736
1785393587310 514224 3383396 2051736
1785393587341 566148 3383396 2051736
1785393587370 622192 3383396 2051736
1785393587400 676084 3383396 2051736
1785393587429 729620 3383396 2051736
1785393587458 781568 3383396 2051736
1785393587489 836672 3383396 2051736
1785393587518 883956 3383396 2051736
1785393587548 938308 3383396 2051736
1785393587579 995772 3383396 2051736
1785393587610 1057388 3383396 2051736
1785393587641 1120908 3383396 2051736
1785393587672 1190768 3383396 2051736
1785393587704 1290768 3383396 2051736
1785393587737 1307152 3383396 2051736
1785393587770 1321488 3383396 2051736
1785393587802 1337872 3383396 2051736
1785393587834 1374136 3383396 2051736
1785393587867 1374136 3383396 2051736
1785393587899 1374136 3383396 2051736
1785393587932 1374136 3383396 2051736
1785393587963 1374136 3383396 2051736
1785393587993 1374136 3383396 2051736
1785393588027 1374136 3383396 2051736
1785393588059 1374136 3383396 2051736
1785393588091 1374136 3383396 2051736
1785393588123 1374136 3383396 2051736
1785393588157 1437216 3383396 2051736
1785393588192 1453600 3383396 2051736
1785393588224 1467796 3383396 2051736
1785393588258 1484180 3383396 2051736
1785393588291 1498516 3383396 2051736
1785393588323 1512852 3383396 2051736
1785393588355 1527188 3383396 2051736
1785393588387 1543572 3383396 2051736
1785393588419 1557908 3383396 2051736
1785393588451 1574292 3383396 2051736
1785393588482 1588628 3383396 2051736
1785393588514 1602964 3383396 2051736
1785393588547 1619348 3383396 2051736
1785393588579 1633684 3383396 2051736
1785393588610 1636272 3383396 2051736
1785393588643 1636368 3383396 2051736
1785393588676 1636368 3383396 2051736
1785393588708 1636464 3383396 2051736
1785393588741 1636560 3383396 2051736
1785393588773 1636560 3383396 2051736
1785393588805 1636656 3383396 2051736
1785393588838 1636752 3383396 2051736
1785393588870 1636752 3383396 2051736
1785393588902 1636848 3383396 2051736
1785393588934 1636940 3383396 2051736
1785393588966 1637412 3383396 2051736
1785393588998 1653264 3383396 2051736
1785393589031 1667028 3383396 2051736
1785393589064 1681936 3383396 2051736
1785393589096 1666880 3416368 2051736
1785393589129 1682204 3416368 2051736
1785393589162 1696540 3416368 2051736
1785393589195 1712924 3416368 2051736
1785393589227 1727260 3416368 2051736
1785393589259 1741596 3416368 2051736
1785393589291 1755932 3416368 2051736
1785393589323 1772316 3416368 2051736
1785393589355 1786652 3416368 2051736
1785393589386 1800988 3416368 2051736
1785393589418 1817372 3416368 2051736
1785393589451 1831708 3416368 2051736
1785393589485 1848192 3590348 2051736
1785393589517 1862528 3590348 2051736
1785393589549 1876864 3590348 2051736
1785393589581 1893248 3590348 2051736
1785393589613 1907584 3590348 2051736
1785393589645 1921920 3590348 2051736
1785393589678 1938304 3590348 2051736
1785393589709 1952640 3590348 2051736
1785393589741 1969024 3590348 2051736
1785393589774 1983360 3590348 2051736
1785393589806 1999744 3590348 2051736
1785393589838 2014080 3590348 2051736
1785393589876 1808964 3590348 2051736
1785393589915 1874488 3590348 2051736
1785393589949 1874488 3590348 2051736
1785393589980 1874488 3590348 2051736
1785393590011 1874488 3590348 2051736
1785393590044 1874488 3590348 2051736
1785393590075 1874488 3590348 2051736
1785393590107 1874488 3590348 2051736
1785393590138 1874488 3590348 2051736
1785393590169 1874488 3590348 2051736
1785393590202 1874488 3590348 2051736
1785393590234 1874488 3590348 2051736
1785393590267 1874488 3590348 2051736
1785393590300 1874488 3590348 2051736
1785393590332 1874488 3590348 2051736
1785393590365 1874488 3590348 2051736
1785393590397 1874488 3590348 2051736
1785393590431 1874488 3590348 2051736
1785393590463 1874488 3590348 2051736
1785393590496 1874488 3590348 2051736
1785393590528 1874488 3590348 2051736
1785393590561 1874488 3590348 2051736
1785393590594 1874488 3590348 2051736
1785393590626 1874488 3590348 2051736
1785393590658 1874488 3590348 2051736
1785393590690 1874488 3590348 2051736
1785393590723 1874488 3590348 2051736
1785393590755 1874488 3590348 2051736
1785393590788 1874488 3590348 2051736
1785393590821 1874488 3590348 2051736
1785393590853 1874488 3590348 2051736
1785393590886 1874488 3590348 2051736
1785393590918 1874488 3590348 2051736
1785393590950 1874488 3590348 2051736
1785393590982 1874488 3590348 2051736
1785393591013 1874488 3590348 2051736
1785393591046 1874488 3590348 2051736
1785393591078 1874488 3590348 2051736
1785393591110 1874488 3590348 2051736
1785393591143 1874488 3590348 2051736
1785393591176 1323820 3590348 2051736
1785393591210 1323820 3590348 2051736
1785393591242 1324920 3590348 2051736
1785393591275 1331888 3590348 2051736
1785393591309 1331900 3590348 2051736
1785393591342 1337072 3590348 2051736
1785393591376 1349440 3590348 2051736
1785393591412 1349440 3590348 2051736
1785393591446 1349440 3590348 2051736
1785393591480 1349440 3590348 2051736
1785393591515 1349440 3590348 2051736
1785393591549 1349476 3590348 2051736
1785393591583 1349476 3590348 2051736
1785393591617 1349476 3590348 2051736
1785393591652 1349476 3590348 2051736
1785393591686 1350320 3590348 2051736
1785393591720 1368692 3590348 2051736
1785393591754 1378228 3590348 2051736
1785393591789 1386480 3590348 2051736
1785393591824 1402868 3590348 2051736
1785393591859 1417204 3590348 2051736
1785393591892 1417204 3590348 2051736
1785393591927 1417204 3590348 2051736
1785393591965 1419260 3590348 2051736
1785393592000 1419260 3590348 2051736
1785393592034 1419260 3590348 2051736
1785393592068 1419260 3590348 2051736
1785393592105 1419260 3590348 2051736
1785393592140 1419260 3590348 2051736
1785393592174 1419260 3590348 2051736
1785393592210 1419260 3590348 2051736
1785393592245 1419260 3590348 2051736
1785393592280 1419260 3590348 2051736
1785393592314 1419260 3590348 2051736
1785393592352 1419260 3590348 2051736
1785393592387 1419260 3590348 2051736
1785393592422 1419260 3590348 2051736
1785393592456 1419260 3590348 2051736
1785393592494 1419260 3590348 2051736
1785393592529 1419260 3590348 2051736
1785393592563 1419260 3590348 2051736
1785393592598 1419408 3590348 2051736
1785393592634 1419464 3590348 2051736
1785393592669 1419464 3590348 2051736
1785393592704 1419464 3590348 2051736
1785393592739 1425676 3590348 2051736
1785393592774 1429300 3590348 2051736
1785393592808 1430836 3590348 2051736
1785393592843 1430836 3590348 2051736
1785393592878 1430836 3590348 2051736
1785393592913 1430836 3590348 2051736
1785393592948 1430836 3590348 2051736
1785393592982 1430836 3590348 2051736
1785393593017 1430840 3590348 2051736
1785393593052 1430840 3590348 2051736
1785393593087 1430840 3590348 2051736
1785393593121 1430840 3590348 2051736
1785393593156 1430840 3590348 2051736
1785393593191 1430840 3590348 2051736
1785393593226 1430840 3590348 2051736
1785393593261 1430840 3590348 2051736
1785393593294 1430840 3590348 2051736
1785393593329 1430840 3590348 2051736
1785393593364 1430840 3590348 2051736
1785393593399 1430840 3590348 2051736
1785393593434 1430840 3590348 2051736
1785393593468 1430840 3590348 2051736
1785393593502 1430840 3590348 2051736
1785393593536 1430840 3590348 2051736
1785393593571 1430840 3590348 2051736
1785393593605 1430840 3590348 2051736
1785393593639 1430840 3590348 2051736
1785393593672 1430844 3590348 2051736
1785393593707 1430844 3590348 2051736
1785393593742 1430844 3590348 2051736
1785393593776 1430844 3590348 2051736
1785393593810 1430844 3590348 2051736
1785393593845 1430844 3590348 2051736
1785393593878 1430844 3590348 2051736
1785393593913 1430844 3590348 2051736
1785393593947 1430844 3590348 2051736
1785393593982 1430844 3590348 2051736
1785393594017 1430844 3590348 2051736
1785393594052 1430844 3590348 2051736
1785393594086 1430844 3590348 2051736
1785393594120 1430844 3590348 2051736
1785393594155 1430844 3590348 2051736
1785393594188 1430844 3590348 2051736
1785393594220 1430844 3590348 2051736
1785393594255 1431608 3590348 2051736
1785393594289 1431608 3590348 2051736
1785393594324 1431608 3590348 2051736
1785393594359 1431608 3590348 2051736
1785393594393 1431608 3590348 2051736
1785393594426 1431608 3590348 2051736
1785393594459 1431632 3590348 2051736
1785393594494 1431632 3590348 2051736
1785393594529 1431632 3590348 2051736
1785393594564 1431632 3590348 2051736
1785393594600 1431632 3590348 2051736
1785393594634 1431632 3590348 2051736
1785393594669 1431632 3590348 2051736
1785393594705 1431632 3590348 2051736
1785393594740 1431632 3590348 2051736
1785393594774 1431632 3590348 2051736
1785393594808 1431632 3590348 2051736
1785393594845 1431632 3590348 2051736
1785393594880 1431632 3590348 2051736
1785393594915 1431632 3590348 2051736
1785393594950 1431632 3590348 2051736
1785393594987 1431632 3590348 2051736
1785393595022 1431632 3590348 2051736
1785393595056 1431632 3590348 2051736
1785393595091 1431632 3590348 2051736
1785393595127 1431632 3590348 2051736
1785393595161 1431632 3590348 2051736
1785393595196 1431632 3590348 2051736
1785393595231 1431632 3590348 2051736
1785393595266 1431632 3590348 2051736
1785393595300 1431632 3590348 2051736
1785393595334 1431632 3590348 2051736
1785393595372 1431632 3590348 2051736
1785393595407 1431632 3590348 2051736
1785393595442 1431632 3590348 2051736
1785393595477 1431632 3590348 2051736
1785393595512 1431632 3590348 2051736
1785393595547 1436200 3590348 2051736
1785393595584 1436200 3590348 2051736
1785393595618 1436200 3590348 2051736
1785393595652 1436200 3590348 2051736
1785393595686 1436200 3590348 2051736
1785393595721 1436200 3590348 2051736
1785393595756 1436200 3590348 2051736
1785393595790 1436200 3590348 2051736
1785393595827 1436200 3590348 2051736
1785393595861 1436200 3590348 2051736
1785393595896 1436200 3590348 2051736
1785393595931 1436200 3590348 2051736
1785393595966 1436200 3590348 2051736
1785393596000 1436200 3590348 2051736
1785393596033 1436200 3590348 2051736
1785393596068 1436200 3590348 2051736
1785393596103 1436200 3590348 2051736
1785393596138 1436200 3590348 2051736
1785393596173 1436200 3590348 2051736
1785393596209 1436200 3590348 2051736
1785393596245 1436200 3590348 2051736
1785393596280 1436200 3590348 2051736
1785393596314 1436200 3590348 2051736
1785393596350 1436200 3590348 2051736
1785393596387 1436548 3590348 2051736
1785393596422 1436548 3590348 2051736
1785393596457 1436548 3590348 2051736
1785393596490 1436548 3590348 2051736
1785393596525 1436548 3590348 2051736
1785393596558 1436548 3590348 2051736
1785393596591 1436548 3590348 2051736
1785393596624 1436928 3590348 2051736
1785393596660 1437056 3590348 2051736
1785393596696 1437056 3590348 2051736
1785393596731 1437056 3590348 2051736
1785393596765 1437056 3590348 2051736
1785393596799 1437056 3590348 2051736
1785393596834 1437056 3590348 2051736
1785393596867 1437056 3590348 2051736
1785393596902 1437056 3590348 2051736
1785393596934 1437056 3590348 2051736
1785393596967 1437056 3590348 2051736
1785393597002 1437056 3590348 2051736
1785393597037 1437056 3590348 2051736
1785393597071 1437056 3590348 2051736
1785393597106 1437056 3590348 2051736
1785393597141 1437056 3590348 2051736
1785393597175 1437056 3590348 2051736
1785393597206 1437056 3590348 2051736
1785393597239 1437056 3590348 2051736
1785393597275 1437056 3590348 2051736
1785393597309 1437056 3590348 2051736
1785393597342 1437056 3590348 2051736
1785393597373 1437056 3590348 2051736
1785393597407 1437056 3590348 2051736
1785393597442 1437056 3590348 2051736
1785393597477 1437056 3590348 2051736
1785393597511 1437056 3590348 2051736
1785393597546 1437056 3590348 2051736
1785393597580 1437056 3590348 2051736
1785393597615 1437056 3590348 2051736
1785393597651 1437056 3590348 2051736
1785393597687 1437056 3590348 2051736
1785393597723 1437056 3590348 2051736
1785393597758 1437056 3590348 2051736
1785393597791 1437056 3590348 2051736
1785393597825 1437056 3590348 2051736
1785393597860 1437056 3590348 2051736
1785393597894 1437056 3590348 2051736
1785393597925 1437056 3590348 2051736
1785393597961 1437056 3590348 2051736
1785393597995 1437056 3590348 2051736
1785393598027 1437056 3590348 2051736
1785393598059 1437056 3590348 2051736
1785393598098 1437056 3590348 2051736
1785393598133 1437056 3590348 2051736
1785393598170 1437056 3590348 2051736
1785393598204 1437056 3590348 2051736
1785393598238 1437056 3590348 2051736
1785393598271 1437056 3590348 2051736
1785393598303 1437056 3590348 2051736
1785393598335 1437056 3590348 2051736
1785393598371 1437056 3590348 2051736
1785393598406 1437056 3590348 2051736
1785393598439 1437056 3590348 2051736
1785393598474 1437056 3590348 2051736
1785393598510 1437056 3590348 2051736
1785393598545 1437056 3590348 2051736
1785393598580 1437056 3590348 2051736
1785393598616 1437056 3590348 2051736
1785393598650 1437056 3590348 2051736
1785393598686 1437056 3590348 2051736
1785393598721 1437056 3590348 2051736
1785393598756 1437056 3590348 2051736
1785393598792 1437056 3590348 2051736
1785393598826 1437056 3590348 2051736
1785393598859 1437056 3590348 2051736
1785393598895 1437056 3590348 2051736
1785393598929 1437056 3590348 2051736
1785393598962 1437056 3590348 2051736
1785393598997 1437056 3590348 2051736
1785393599031 1437056 3590348 2051736
1785393599066 1437056 3590348 2051736
1785393599101 1437056 3590348 2051736
1785393599136 1437056 3590348 2051736
1785393599170 1437056 3590348 2051736
1785393599205 1437056 3590348 2051736
1785393599239 1437056 3590348 2051736
1785393599273 1437056 3590348 2051736
1785393599307 1437056 3590348 2051736
1785393599340 1437056 3590348 2051736
1785393599375 1437056 3590348 2051736
1785393599409 1437056 3590348 2051736
1785393599444 1437056 3590348 2051736
1785393599479 1437056 3590348 2051736
1785393599513 1437056 3590348 2051736
1785393599548 1437056 3590348 2051736
1785393599583 1437056 3590348 2051736
1785393599619 1437056 3590348 2051736
1785393599654 1437056 3590348 2051736
1785393599689 1437056 3590348 2051736
1785393599725 1437056 3590348 2051736
1785393599761 1437056 3590348 2051736
1785393599796 1437056 3590348 2051736
1785393599831 1437056 3590348 2051736
1785393599867 1437056 3590348 2051736
1785393599900 1437056 3590348 2051736
1785393599933 1437056 3590348 2051736
1785393599963 1437056 3590348 2051736
1785393599994 1437056 3590348 2051736
1785393600028 1437056 3590348 2051736
1785393600061 1437056 3590348 2051736
1785393600092 1437056 3590348 2051736
1785393600127 1437056 3590348 2051736
1785393600161 1437056 3590348 2051736
1785393600192 1437056 3590348 2051736
1785393600227 1437056 3590348 2051736
1785393600259 1437056 3590348 2051736
1785393600292 1437056 3590348 2051736
1785393600322 1437056 3590348 2051736
1785393600354 1437056 3590348 2051736
1785393600388 1437056 3590348 2051736
1785393600423 1437056 3590348 2051736
1785393600460 1437056 3590348 2051736
1785393600496 1437056 3590348 2051736
1785393600532 1437056 3590348 2051736
1785393600567 1437056 3590348 2051736
1785393600603 1437056 3590348 2051736
1785393600637 1437056 3590348 2051736
1785393600672 1437056 3590348 2051736
1785393600707 1437056 3590348 2051736
1785393600744 1437056 3590348 2051736
1785393600778 1437056 3590348 2051736
1785393600813 1437056 3590348 2051736
1785393600848 1437056 3590348 2051736
1785393600884 1437056 3590348 2051736
1785393600919 1437056 3590348 2051736
1785393600952 1437056 3590348 2051736
1785393600987 1437056 3590348 2051736
1785393601021 1437056 3590348 2051736
1785393601055 1437056 3590348 2051736
1785393601089 1437056 3590348 2051736
1785393601127 1437056 3590348 2051736
1785393601161 1437056 3590348 2051736
1785393601197 1437056 3590348 2051736
1785393601231 1437056 3590348 2051736
1785393601267 1437056 3590348 2051736
1785393601302 1437056 3590348 2051736
1785393601336 1437056 3590348 2051736
1785393601372 1437056 3590348 2051736
1785393601406 1437056 3590348 2051736
1785393601441 1437056 3590348 2051736
1785393601477 1437056 3590348 2051736
1785393601513 1437056 3590348 2051736
1785393601549 1437056 3590348 2051736
1785393601584 1437056 3590348 2051736
1785393601619 1437056 3590348 2051736
1785393601654 1437056 3590348 2051736
1785393601689 1437056 3590348 2051736
1785393601725 1437056 3590348 2051736
1785393601760 1437056 3590348 2051736
1785393601795 1437056 3590348 2051736
1785393601830 1437056 3590348 2051736
1785393601866 1437056 3590348 2051736
1785393601901 1437056 3590348 2051736
1785393601936 1437056 3590348 2051736
1785393601972 1437056 3590348 2051736
1785393602007 1437056 3590348 2051736
1785393602042 1437056 3590348 2051736
1785393602077 1437056 3590348 2051736
1785393602113 1437056 3590348 2051736
1785393602148 1437056 3590348 2051736
1785393602183 1437056 3590348 2051736
1785393602218 1437056 3590348 2051736
1785393602255 1437056 3590348 2051736
1785393602290 1437056 3590348 2051736
1785393602326 1437056 3590348 2051736
1785393602359 1437056 3590348 2051736
1785393602392 1437056 3590348 2051736
1785393602426 1437056 3590348 2051736
1785393602461 1437056 3590348 2051736
1785393602494 1437056 3590348 2051736
1785393602528 1437056 3590348 2051736
1785393602568 1437056 3590348 2051736
1785393602604 1437056 3590348 2051736
1785393602638 1437056 3590348 2051736
1785393602673 1437056 3590348 2051736
1785393602707 1437056 3590348 2051736
1785393602742 1437056 3590348 2051736
1785393602777 1437056 3590348 2051736
1785393602811 1437056 3590348 2051736
1785393602844 1437056 3590348 2051736
1785393602880 1437056 3590348 2051736
1785393602914 1437056 3590348 2051736
1785393602949 1437056 3590348 2051736
1785393602983 1437056 3590348 2051736
1785393603018 1437056 3590348 2051736
1785393603052 1437056 3590348 2051736
1785393603088 1437056 3590348 2051736
1785393603123 1437056 3590348 2051736
1785393603157 1437056 3590348 2051736
1785393603191 1437056 3590348 2051736
1785393603225 1437056 3590348 2051736
1785393603260 1437056 3590348 2051736
1785393603294 1437056 3590348 2051736
1785393603329 1437056 3590348 2051736
1785393603363 1437056 3590348 2051736
1785393603396 1437056 3590348 2051736
1785393603430 1437056 3590348 2051736
1785393603464 1437056 3590348 2051736
1785393603498 1437056 3590348 2051736
1785393603532 1437056 3590348 2051736
1785393603566 1437056 3590348 2051736
1785393603602 1437056 3590348 2051736
1785393603637 1437056 3590348 2051736
1785393603671 1437056 3590348 2051736
1785393603706 1437056 3590348 2051736
1785393603741 1437056 3590348 2051736
1785393603776 1437056 3590348 2051736
1785393603812 1437056 3590348 2051736
1785393603848 1437056 3590348 2051736
1785393603884 1437056 3590348 2051736
1785393603919 1437056 3590348 2051736
1785393603953 1437056 3590348 2051736
1785393603988 1437056 3590348 2051736
1785393604023 1437056 3590348 2051736
1785393604058 1437056 3590348 2051736
1785393604094 1437056 3590348 2051736
1785393604130 1437056 3590348 2051736
1785393604165 1437056 3590348 2051736
1785393604200 1437056 3590348 2051736
1785393604237 1437056 3590348 2051736
1785393604272 1437056 3590348 2051736
1785393604307 1437056 3590348 2051736
1785393604342 1437056 3590348 2051736
1785393604377 1437056 3590348 2051736
1785393604411 1437056 3590348 2051736
1785393604446 1437056 3590348 2051736
1785393604480 1437056 3590348 2051736
1785393604515 1437056 3590348 2051736
1785393604550 1437056 3590348 2051736
1785393604585 1437056 3590348 2051736
1785393604620 1437056 3590348 2051736
1785393604655 1437056 3590348 2051736
1785393604689 1437060 3590348 2051736
1785393604724 1437060 3590348 2051736
1785393604759 1437060 3590348 2051736
1785393604793 1437060 3590348 2051736
1785393604829 1437060 3590348 2051736
1785393604864 1437060 3590348 2051736
1785393604899 1437060 3590348 2051736
1785393604933 1437060 3590348 2051736
1785393604969 1437060 3590348 2051736
1785393605003 1437060 3590348 2051736
1785393605038 1437060 3590348 2051736
1785393605073 1437060 3590348 2051736
1785393605108 1437060 3590348 2051736
1785393605143 1437060 3590348 2051736
1785393605178 1437060 3590348 2051736
1785393605213 1437060 3590348 2051736
1785393605248 1437060 3590348 2051736
1785393605283 1437060 3590348 2051736
1785393605318 1437060 3590348 2051736
1785393605352 1437060 3590348 2051736
1785393605387 1437060 3590348 2051736
1785393605422 1437060 3590348 2051736
1785393605457 1437060 3590348 2051736
1785393605493 1437060 3590348 2051736
1785393605528 1437060 3590348 2051736
1785393605563 1437060 3590348 2051736
1785393605598 1437060 3590348 2051736
1785393605633 1437060 3590348 2051736
1785393605668 1437060 3590348 2051736
1785393605703 1437060 3590348 2051736
1785393605737 1437060 3590348 2051736
1785393605772 1437060 3590348 2051736
1785393605807 1437060 3590348 2051736
1785393605841 1437060 3590348 2051736
1785393605874 1437060 3590348 2051736
1785393605909 1437060 3590348 2051736
1785393605944 1437060 3590348 2051736
1785393605979 1437060 3590348 2051736
1785393606015 1437060 3590348 2051736
1785393606050 1437060 3590348 2051736
1785393606084 1437060 3590348 2051736
1785393606120 1437060 3590348 2051736
1785393606155 1437060 3590348 2051736
1785393606191 1437060 3590348 2051736
1785393606228 1437060 3590348 2051736
1785393606264 1437060 3590348 2051736
1785393606299 1437060 3590348 2051736
1785393606335 1437060 3590348 2051736
1785393606370 1437060 3590348 2051736
1785393606405 1437060 3590348 2051736
1785393606439 1437060 3590348 2051736
1785393606475 1437060 3590348 2051736
1785393606511 1437060 3590348 2051736
1785393606545 1437060 3590348 2051736
1785393606580 1437060 3590348 2051736
1785393606616 1437060 3590348 2051736
1785393606652 1437060 3590348 2051736
1785393606686 1437060 3590348 2051736
1785393606722 1437060 3590348 2051736
1785393606758 1437060 3590348 2051736
1785393606794 1437060 3590348 2051736
1785393606828 1437060 3590348 2051736
1785393606865 1437060 3590348 2051736
1785393606901 1437060 3590348 2051736
1785393606937 1437060 3590348 2051736
1785393606973 1437060 3590348 2051736
1785393607009 1437060 3590348 2051736
1785393607044 1437060 3590348 2051736
1785393607080 1437060 3590348 2051736
1785393607116 1437060 3590348 2051736
1785393607151 1437060 3590348 2051736
1785393607187 1437060 3590348 2051736
1785393607223 1437060 3590348 2051736
1785393607257 1437060 3590348 2051736
1785393607292 1437060 3590348 2051736
1785393607330 1437060 3590348 2051736
1785393607365 1437060 3590348 2051736
1785393607399 1437060 3590348 2051736
1785393607435 1437060 3590348 2051736
1785393607471 1437060 3590348 2051736
1785393607505 1437060 3590348 2051736
1785393607540 1437060 3590348 2051736
1785393607576 1437060 3590348 2051736
1785393607612 1437060 3590348 2051736
1785393607646 1437060 3590348 2051736
1785393607682 1437060 3590348 2051736
1785393607716 1437060 3590348 2051736
1785393607751 1437060 3590348 2051736
1785393607786 1437060 3590348 2051736
1785393607823 1437060 3590348 2051736
1785393607859 1437060 3590348 2051736
1785393607893 1437060 3590348 2051736
1785393607928 1437060 3590348 2051736
1785393607964 1437060 3590348 2051736
1785393608000 1437060 3590348 2051736
1785393608035 1437060 3590348 2051736
1785393608069 1437060 3590348 2051736
1785393608101 1437060 3590348 2051736
1785393608136 1437060 3590348 2051736
1785393608169 1437060 3590348 2051736
1785393608200 1437060 3590348 2051736
1785393608238 1437060 3590348 2051736
1785393608274 1437060 3590348 2051736
1785393608310 1437060 3590348 2051736
1785393608346 1437060 3590348 2051736
1785393608379 1437060 3590348 2051736
1785393608414 1437060 3590348 2051736
1785393608450 1437060 3590348 2051736
1785393608483 1437060 3590348 2051736
1785393608517 1437060 3590348 2051736
1785393608552 1437060 3590348 2051736
1785393608587 1437060 3590348 2051736
1785393608622 1437060 3590348 2051736
1785393608657 1437060 3590348 2051736
1785393608693 1437060 3590348 2051736
1785393608728 1437060 3590348 2051736
1785393608763 1437060 3590348 2051736
1785393608796 1437060 3590348 2051736
1785393608829 1437060 3590348 2051736
1785393608864 1437060 3590348 2051736
1785393608899 1437060 3590348 2051736
1785393608934 1437060 3590348 2051736
1785393608969 1437060 3590348 2051736
1785393609003 1437060 3590348 2051736
1785393609038 1437060 3590348 2051736
1785393609072 1437060 3590348 2051736
1785393609107 1437060 3590348 2051736
1785393609142 1437060 3590348 2051736
1785393609177 1437060 3590348 2051736
1785393609212 1437060 3590348 2051736
1785393609248 1437060 3590348 2051736
1785393609282 1437060 3590348 2051736
1785393609315 1437060 3590348 2051736
1785393609350 1437060 3590348 2051736
1785393609384 1437060 3590348 2051736
1785393609421 1437060 3590348 2051736
1785393609455 1437060 3590348 2051736
1785393609489 1437060 3590348 2051736
1785393609525 1437060 3590348 2051736
1785393609561 1437060 3590348 2051736
1785393609596 1437060 3590348 2051736
1785393609631 1437060 3590348 2051736
1785393609668 1437060 3590348 2051736
1785393609703 1437060 3590348 2051736
1785393609738 1437060 3590348 2051736
1785393609774 1437060 3590348 2051736
1785393609811 1437060 3590348 2051736
1785393609846 1437060 3590348 2051736
1785393609881 1437060 3590348 2051736
1785393609917 1437060 3590348 2051736
1785393609952 1437060 3590348 2051736
1785393609987 1437060 3590348 2051736
1785393610023 1437060 3590348 2051736
1785393610059 1437060 3590348 2051736
1785393610096 1437060 3590348 2051736
1785393610132 1437060 3590348 2051736
1785393610169 1437060 3590348 2051736
1785393610205 1437060 3590348 2051736
1785393610242 1437060 3590348 2051736
1785393610278 1437060 3590348 2051736
1785393610314 1437060 3590348 2051736
1785393610350 1437060 3590348 2051736
1785393610385 1437060 3590348 2051736
1785393610421 1437060 3590348 2051736
1785393610457 1437060 3590348 2051736
1785393610492 1437060 3590348 2051736
1785393610526 1437060 3590348 2051736
1785393610562 1437060 3590348 2051736
1785393610598 1437060 3590348 2051736
1785393610632 1437060 3590348 2051736
1785393610668 1437060 3590348 2051736
1785393610704 1437060 3590348 2051736
1785393610740 1437060 3590348 2051736
1785393610776 1437060 3590348 2051736
1785393610812 1437060 3590348 2051736
1785393610848 1437060 3590348 2051736
1785393610883 1437060 3590348 2051736
1785393610917 1437060 3590348 2051736
1785393610952 1437060 3590348 2051736
1785393610988 1437060 3590348 2051736
1785393611024 1437060 3590348 2051736
1785393611060 1437060 3590348 2051736
1785393611095 1437060 3590348 2051736
1785393611130 1437060 3590348 2051736
1785393611166 1437060 3590348 2051736
1785393611202 1437060 3590348 2051736
1785393611236 1437060 3590348 2051736
1785393611272 1437060 3590348 2051736
1785393611307 1437060 3590348 2051736
1785393611343 1437060 3590348 2051736
1785393611379 1437060 3590348 2051736
1785393611414 1437060 3590348 2051736
1785393611449 1437060 3590348 2051736
1785393611483 1437060 3590348 2051736
1785393611516 1437060 3590348 2051736
1785393611550 1437060 3590348 2051736
1785393611585 1437060 3590348 2051736
1785393611619 1437060 3590348 2051736
1785393611652 1437060 3590348 2051736
1785393611686 1437060 3590348 2051736
1785393611722 1437060 3590348 2051736
1785393611757 1437060 3590348 2051736
1785393611793 1437060 3590348 2051736
1785393611827 1437060 3590348 2051736
1785393611863 1437060 3590348 2051736
1785393611899 1437060 3590348 2051736
1785393611935 1437060 3590348 2051736
1785393611970 1437060 3590348 2051736
1785393612006 1437060 3590348 2051736
1785393612041 1437060 3590348 2051736
1785393612079 1437060 3590348 2051736
1785393612114 1437060 3590348 2051736
1785393612149 1437060 3590348 2051736
1785393612184 1437060 3590348 2051736
1785393612220 1437060 3590348 2051736
1785393612255 1437060 3590348 2051736
1785393612289 1437060 3590348 2051736
1785393612326 1437060 3590348 2051736
1785393612362 1437060 3590348 2051736
1785393612396 1437060 3590348 2051736
1785393612431 1437060 3590348 2051736
1785393612466 1437060 3590348 2051736
1785393612501 1437060 3590348 2051736
1785393612536 1437060 3590348 2051736
1785393612573 1437060 3590348 2051736
1785393612608 1437060 3590348 2051736
1785393612642 1437060 3590348 2051736
1785393612678 1437060 3590348 2051736
1785393612715 1437060 3590348 2051736
1785393612750 1437060 3590348 2051736
1785393612786 1437060 3590348 2051736
1785393612823 1437060 3590348 2051736
1785393612858 1437060 3590348 2051736
1785393612894 1437060 3590348 2051736
1785393612930 1437060 3590348 2051736
1785393612965 1437060 3590348 2051736
1785393613001 1437060 3590348 2051736
1785393613037 1437060 3590348 2051736
1785393613072 1437060 3590348 2051736
1785393613106 1437060 3590348 2051736
1785393613143 1437060 3590348 2051736
1785393613178 1437060 3590348 2051736
1785393613213 1437060 3590348 2051736
1785393613251 1437060 3590348 2051736
1785393613287 1437060 3590348 2051736
1785393613322 1437060 3590348 2051736
1785393613357 1437060 3590348 2051736
1785393613393 1437060 3590348 2051736
1785393613428 1437060 3590348 2051736
1785393613463 1437060 3590348 2051736
1785393613500 1437060 3590348 2051736
1785393613536 1437060 3590348 2051736
1785393613570 1437060 3590348 2051736
1785393613604 1437060 3590348 2051736
1785393613640 1437060 3590348 2051736
1785393613676 1437060 3590348 2051736
1785393613711 1437060 3590348 2051736
1785393613745 1437060 3590348 2051736
1785393613777 1437060 3590348 2051736
1785393613812 1437060 3590348 2051736
1785393613845 1437060 3590348 2051736
1785393613877 1437060 3590348 2051736
1785393613914 1437060 3590348 2051736
1785393613950 1437060 3590348 2051736
1785393613984 1437060 3590348 2051736
1785393614018 1437060 3590348 2051736
1785393614051 1437060 3590348 2051736
1785393614083 1437060 3590348 2051736
1785393614117 1437060 3590348 2051736
1785393614149 1437060 3590348 2051736
1785393614181 1437060 3590348 2051736
1785393614216 1437060 3590348 2051736
1785393614250 1437060 3590348 2051736
1785393614284 1437060 3590348 2051736
1785393614317 1437060 3590348 2051736
1785393614351 1437060 3590348 2051736
1785393614384 1437060 3590348 2051736
1785393614418 1437060 3590348 2051736
1785393614451 1437060 3590348 2051736
1785393614484 1437060 3590348 2051736
1785393614517 1437060 3590348 2051736
1785393614553 1437060 3590348 2051736
1785393614587 1437060 3590348 2051736
1785393614620 1437060 3590348 2051736
1785393614654 1437060 3590348 2051736
1785393614689 1437060 3590348 2051736
1785393614722 1437060 3590348 2051736
1785393614757 1437060 3590348 2051736
1785393614792 1437060 3590348 2051736
1785393614825 1437060 3590348 2051736
1785393614858 1437060 3590348 2051736
1785393614892 1437060 3590348 2051736
1785393614927 1437060 3590348 2051736
1785393614962 1437060 3590348 2051736
1785393614998 1437060 3590348 2051736
1785393615033 1437060 3590348 2051736
1785393615069 1437060 3590348 2051736
1785393615103 1437060 3590348 2051736
1785393615137 1437060 3590348 2051736
1785393615171 1437060 3590348 2051736
1785393615206 1437060 3590348 2051736
1785393615241 1437060 3590348 2051736
1785393615275 1437060 3590348 2051736
1785393615310 1437060 3590348 2051736
1785393615344 1437060 3590348 2051736
1785393615377 1437060 3590348 2051736
1785393615410 1437060 3590348 2051736
1785393615446 1437060 3590348 2051736
1785393615479 1437060 3590348 2051736
1785393615514 1437060 3590348 2051736
1785393615548 1437060 3590348 2051736
1785393615583 1437060 3590348 2051736
1785393615616 1437060 3590348 2051736
1785393615650 1437060 3590348 2051736
1785393615685 1437060 3590348 2051736
1785393615720 1437060 3590348 2051736
1785393615753 1437060 3590348 2051736
1785393615787 1437060 3590348 2051736
1785393615821 1437060 3590348 2051736
1785393615854 1437060 3590348 2051736
1785393615888 1437060 3590348 2051736
1785393615921 1437060 3590348 2051736
1785393615955 1437060 3590348 2051736
1785393615988 1437060 3590348 2051736
1785393616022 1437060 3590348 2051736
1785393616055 1437060 3590348 2051736
1785393616088 1437060 3590348 2051736
1785393616122 1437060 3590348 2051736
1785393616155 1437060 3590348 2051736
1785393616188 1437060 3590348 2051736
1785393616221 1437060 3590348 2051736
1785393616255 1437060 3590348 2051736
1785393616288 1437060 3590348 2051736
1785393616321 1437060 3590348 2051736
1785393616353 1437060 3590348 2051736
1785393616386 1437060 3590348 2051736
1785393616419 1437060 3590348 2051736
1785393616452 1437060 3590348 2051736
1785393616486 1437060 3590348 2051736
1785393616520 1437060 3590348 2051736
1785393616554 1437060 3590348 2051736
1785393616588 1437060 3590348 2051736
1785393616623 1437060 3590348 2051736
1785393616657 1437060 3590348 2051736
1785393616691 1437060 3590348 2051736
1785393616725 1437060 3590348 2051736
1785393616759 1437060 3590348 2051736
1785393616792 1437060 3590348 2051736
1785393616827 1437060 3590348 2051736
1785393616860 1437060 3590348 2051736
1785393616895 1437060 3590348 2051736
1785393616931 1437060 3590348 2051736
1785393616965 1437060 3590348 2051736
1785393616997 1437060 3590348 2051736
1785393617031 1437060 3590348 2051736
1785393617063 1437060 3590348 2051736
1785393617095 1437060 3590348 2051736
1785393617127 1437060 3590348 2051736
1785393617159 1437060 3590348 2051736
1785393617192 1437060 3590348 2051736
1785393617225 1437060 3590348 2051736
1785393617257 1437060 3590348 2051736
1785393617289 1437060 3590348 2051736
1785393617321 1437060 3590348 2051736
1785393617353 1437060 3590348 2051736
1785393617384 1437060 3590348 2051736
1785393617416 1437060 3590348 2051736
1785393617450 1437060 3590348 2051736
1785393617484 1437060 3590348 2051736
1785393617518 1437060 3590348 2051736
1785393617553 1437060 3590348 2051736
1785393617586 1437060 3590348 2051736
1785393617623 1437060 3590348 2051736
1785393617658 1437060 3590348 2051736
1785393617690 1437060 3590348 2051736
1785393617723 1437060 3590348 2051736
1785393617759 1437060 3590348 2051736
1785393617791 1437060 3590348 2051736
1785393617824 1437060 3590348 2051736
1785393617856 1437060 3590348 2051736
1785393617892 1437060 3590348 2051736
1785393617924 1437060 3590348 2051736
1785393617957 1437060 3590348 2051736
1785393617992 1437060 3590348 2051736
1785393618027 1437060 3590348 2051736
1785393618060 1437060 3590348 2051736
1785393618095 1437060 3590348 2051736
1785393618130 1437060 3590348 2051736
1785393618165 1437060 3590348 2051736
1785393618198 1437060 3590348 2051736
1785393618234 1437060 3590348 2051736
1785393618270 1437060 3590348 2051736
1785393618303 1437060 3590348 2051736
1785393618338 1437060 3590348 2051736
1785393618373 1437060 3590348 2051736
1785393618407 1437060 3590348 2051736
1785393618442 1437060 3590348 2051736
1785393618476 1437060 3590348 2051736
1785393618511 1437060 3590348 2051736
1785393618549 1437060 3590348 2051736
1785393618583 1437060 3590348 2051736
1785393618617 1437060 3590348 2051736
1785393618652 1437060 3590348 2051736
1785393618686 1437060 3590348 2051736
1785393618721 1437060 3590348 2051736
1785393618755 1437060 3590348 2051736
1785393618792 1437060 3590348 2051736
1785393618826 1437060 3590348 2051736
1785393618859 1437060 3590348 2051736
1785393618895 1437060 3590348 2051736
1785393618930 1437060 3590348 2051736
1785393618965 1437060 3590348 2051736
1785393618998 1437060 3590348 2051736
1785393619035 1437060 3590348 2051736
1785393619070 1437060 3590348 2051736
1785393619104 1437060 3590348 2051736
1785393619137 1437060 3590348 2051736
1785393619171 1437060 3590348 2051736
1785393619207 1437060 3590348 2051736
1785393619242 1437060 3590348 2051736
1785393619273 1437060 3590348 2051736
1785393619305 1437060 3590348 2051736
1785393619338 1437060 3590348 2051736
1785393619370 1437060 3590348 2051736
1785393619401 1437060 3590348 2051736
1785393619438 1437060 3590348 2051736
1785393619473 1437060 3590348 2051736
1785393619506 1437060 3590348 2051736
1785393619541 1437060 3590348 2051736
1785393619573 1437060 3590348 2051736
1785393619604 1437060 3590348 2051736
1785393619638 1437060 3590348 2051736
1785393619670 1437060 3590348 2051736
1785393619701 1437060 3590348 2051736
1785393619734 1437060 3590348 2051736
1785393619765 1437060 3590348 2051736
1785393619797 1437060 3590348 2051736
1785393619829 1437060 3590348 2051736
1785393619861 1437060 3590348 2051736
1785393619893 1437060 3590348 2051736
1785393619928 1437060 3590348 2051736
1785393619960 1437060 3590348 2051736
1785393619992 1437060 3590348 2051736
1785393620024 1437060 3590348 2051736
1785393620057 1437060 3590348 2051736
1785393620089 1437060 3590348 2051736
1785393620121 1437060 3590348 2051736
1785393620153 1437060 3590348 2051736
1785393620186 1437060 3590348 2051736
1785393620220 1437060 3590348 2051736
1785393620253 1437060 3590348 2051736
1785393620286 1437060 3590348 2051736
1785393620317 1437060 3590348 2051736
1785393620350 1437060 3590348 2051736
1785393620383 1437060 3590348 2051736
1785393620417 1437060 3590348 2051736
1785393620452 1437060 3590348 2051736
1785393620485 1437060 3590348 2051736
1785393620518 1437060 3590348 2051736
1785393620552 1437060 3590348 2051736
1785393620586 1437060 3590348 2051736
1785393620618 1437060 3590348 2051736
1785393620651 1437060 3590348 2051736
1785393620687 1437060 3590348 2051736
1785393620719 1437060 3590348 2051736
1785393620751 1437060 3590348 2051736
1785393620785 1437060 3590348 2051736
1785393620821 1437060 3590348 2051736
1785393620855 1437060 3590348 2051736
1785393620888 1437060 3590348 2051736
1785393620925 1437060 3590348 2051736
1785393620960 1437060 3590348 2051736
1785393620993 1437060 3590348 2051736
1785393621028 1437060 3590348 2051736
1785393621063 1437060 3590348 2051736
1785393621097 1437060 3590348 2051736
1785393621131 1437060 3590348 2051736
1785393621166 1437060 3590348 2051736
1785393621201 1437060 3590348 2051736
1785393621236 1437060 3590348 2051736
1785393621271 1437060 3590348 2051736
1785393621304 1437060 3590348 2051736
1785393621338 1437060 3590348 2051736
1785393621372 1437060 3590348 2051736
1785393621405 1437060 3590348 2051736
1785393621438 1437060 3590348 2051736
1785393621472 1437060 3590348 2051736
1785393621505 1437060 3590348 2051736
1785393621538 1437060 3590348 2051736
1785393621572 1437060 3590348 2051736
1785393621605 1437060 3590348 2051736
1785393621638 1437060 3590348 2051736
1785393621671 1437060 3590348 2051736
1785393621704 1437060 3590348 2051736
1785393621737 1437060 3590348 2051736
1785393621770 1437060 3590348 2051736
1785393621802 1437060 3590348 2051736
1785393621836 1437060 3590348 2051736
1785393621870 1437060 3590348 2051736
1785393621904 1437060 3590348 2051736
1785393621937 1437060 3590348 2051736
1785393621971 1437060 3590348 2051736
1785393622006 1437060 3590348 2051736
1785393622040 1437060 3590348 2051736
1785393622074 1437060 3590348 2051736
1785393622107 1437060 3590348 2051736
1785393622141 1437060 3590348 2051736
1785393622174 1437060 3590348 2051736
1785393622208 1437060 3590348 2051736
1785393622241 1437060 3590348 2051736
1785393622275 1437060 3590348 2051736
1785393622308 1437060 3590348 2051736
1785393622341 1437060 3590348 2051736
1785393622376 1437060 3590348 2051736
1785393622409 1437060 3590348 2051736
1785393622442 1437060 3590348 2051736
1785393622474 1437060 3590348 2051736
1785393622506 1437060 3590348 2051736
1785393622536 1437060 3590348 2051736
1785393622568 1437060 3590348 2051736
1785393622600 1437060 3590348 2051736
1785393622631 1437060 3590348 2051736
1785393622662 1437060 3590348 2051736
1785393622695 1437060 3590348 2051736
1785393622726 1437060 3590348 2051736
1785393622757 1437060 3590348 2051736
1785393622788 1437060 3590348 2051736
1785393622823 1437060 3590348 2051736
1785393622856 1437060 3590348 2051736
1785393622890 1437060 3590348 2051736
1785393622925 1437060 3590348 2051736
1785393622960 1437060 3590348 2051736
1785393622995 1437060 3590348 2051736
1785393623030 1437060 3590348 2051736
1785393623064 1437060 3590348 2051736
1785393623100 1437060 3590348 2051736
1785393623133 1437060 3590348 2051736
1785393623168 1437060 3590348 2051736
1785393623203 1437060 3590348 2051736
1785393623239 1437060 3590348 2051736
1785393623273 1437060 3590348 2051736
1785393623307 1437060 3590348 2051736
1785393623343 1437060 3590348 2051736
1785393623378 1437060 3590348 2051736
1785393623413 1437060 3590348 2051736
1785393623448 1437060 3590348 2051736
1785393623484 1437060 3590348 2051736
1785393623518 1437060 3590348 2051736
1785393623552 1437060 3590348 2051736
1785393623588 1437060 3590348 2051736
1785393623621 1437060 3590348 2051736
1785393623656 1437060 3590348 2051736
1785393623691 1437060 3590348 2051736
1785393623726 1437060 3590348 2051736
1785393623760 1437060 3590348 2051736
1785393623793 1437060 3590348 2051736
1785393623828 1437060 3590348 2051736
1785393623862 1437060 3590348 2051736
1785393623898 1437060 3590348 2051736
1785393623931 1437060 3590348 2051736
1785393623965 1437060 3590348 2051736
1785393623998 1437060 3590348 2051736
1785393624034 1437060 3590348 2051736
1785393624067 1437060 3590348 2051736
1785393624100 1437060 3590348 2051736
1785393624137 1437060 3590348 2051736
1785393624170 1437060 3590348 2051736
1785393624204 1437060 3590348 2051736
1785393624237 1437060 3590348 2051736
1785393624271 1437060 3590348 2051736
1785393624303 1437060 3590348 2051736
1785393624335 1437060 3590348 2051736
1785393624371 1437060 3590348 2051736
1785393624403 1437060 3590348 2051736
1785393624436 1437060 3590348 2051736
1785393624468 1437060 3590348 2051736
1785393624503 1437060 3590348 2051736
1785393624536 1437060 3590348 2051736
1785393624569 1437060 3590348 2051736
1785393624601 1437060 3590348 2051736
1785393624636 1437060 3590348 2051736
1785393624671 1437060 3590348 2051736
1785393624703 1437060 3590348 2051736
1785393624734 1437060 3590348 2051736
1785393624765 1437060 3590348 2051736
1785393624797 1437060 3590348 2051736
1785393624828 1437060 3590348 2051736
1785393624858 1437060 3590348 2051736
1785393624892 1437060 3590348 2051736
1785393624929 1437060 3590348 2051736
1785393624964 1437060 3590348 2051736
1785393624999 1437060 3590348 2051736
1785393625032 1437060 3590348 2051736
1785393625065 1437060 3590348 2051736
1785393625099 1437060 3590348 2051736
1785393625131 1437060 3590348 2051736
1785393625163 1437060 3590348 2051736
1785393625199 1437060 3590348 2051736
1785393625232 1437060 3590348 2051736
1785393625264 1437060 3590348 2051736
1785393625296 1437060 3590348 2051736
1785393625331 1437060 3590348 2051736
1785393625363 1437060 3590348 2051736
1785393625396 1437060 3590348 2051736
1785393625427 1437060 3590348 2051736
1785393625460 1437060 3590348 2051736
1785393625492 1437060 3590348 2051736
1785393625524 1437060 3590348 2051736
1785393625557 1437060 3590348 2051736
1785393625588 1437060 3590348 2051736
1785393625620 1437060 3590348 2051736
1785393625653 1437060 3590348 2051736
1785393625685 1437060 3590348 2051736
1785393625720 1437060 3590348 2051736
1785393625753 1437060 3590348 2051736
1785393625785 1437060 3590348 2051736
1785393625818 1437060 3590348 2051736
1785393625850 1437060 3590348 2051736
1785393625884 1437060 3590348 2051736
1785393625919 1437060 3590348 2051736
1785393625951 1437060 3590348 2051736
1785393625986 1437060 3590348 2051736
1785393626019 1437060 3590348 2051736
1785393626051 1437060 3590348 2051736
1785393626086 1437060 3590348 2051736
1785393626120 1437060 3590348 2051736
1785393626156 1437060 3590348 2051736
1785393626190 1437060 3590348 2051736
1785393626223 1437060 3590348 2051736
1785393626257 1437060 3590348 2051736
1785393626291 1437060 3590348 2051736
1785393626325 1437060 3590348 2051736
1785393626357 1437060 3590348 2051736
1785393626395 1437060 3590348 2051736
1785393626430 1437060 3590348 2051736
1785393626462 1437060 3590348 2051736
1785393626497 1437060 3590348 2051736
1785393626532 1437060 3590348 2051736
1785393626569 1437060 3590348 2051736
1785393626603 1437060 3590348 2051736
1785393626639 1437060 3590348 2051736
1785393626674 1437060 3590348 2051736
1785393626708 1437060 3590348 2051736
1785393626742 1437060 3590348 2051736
1785393626776 1437060 3590348 2051736
1785393626809 1437060 3590348 2051736
1785393626843 1437060 3590348 2051736
1785393626876 1437060 3590348 2051736
1785393626910 1437060 3590348 2051736
1785393626943 1437060 3590348 2051736
1785393626977 1437060 3590348 2051736
1785393627010 1437060 3590348 2051736
1785393627043 1437060 3590348 2051736
1785393627076 1437060 3590348 2051736
1785393627109 1437060 3590348 2051736
1785393627142 1437060 3590348 2051736
1785393627175 1437060 3590348 2051736
1785393627208 1437060 3590348 2051736
1785393627240 1437060 3590348 2051736
1785393627274 1437060 3590348 2051736
1785393627308 1437060 3590348 2051736
1785393627342 1437060 3590348 2051736
1785393627376 1437060 3590348 2051736
1785393627410 1437060 3590348 2051736
1785393627444 1437060 3590348 2051736
1785393627478 1437060 3590348 2051736
1785393627512 1437060 3590348 2051736
1785393627545 1437060 3590348 2051736
1785393627579 1437060 3590348 2051736
1785393627612 1437060 3590348 2051736
1785393627645 1437060 3590348 2051736
1785393627679 1437060 3590348 2051736
1785393627713 1437060 3590348 2051736
1785393627746 1437060 3590348 2051736
1785393627780 1437060 3590348 2051736
1785393627812 1437060 3590348 2051736
1785393627845 1437060 3590348 2051736
1785393627877 1437060 3590348 2051736
1785393627909 1437060 3590348 2051736
1785393627940 1437060 3590348 2051736
1785393627972 1437060 3590348 2051736
1785393628002 1437060 3590348 2051736
1785393628033 1437060 3590348 2051736
1785393628066 1437060 3590348 2051736
1785393628097 1437060 3590348 2051736
1785393628127 1437060 3590348 2051736
1785393628161 1437060 3590348 2051736
1785393628192 1437060 3590348 2051736
1785393628225 1437060 3590348 2051736
1785393628256 1437060 3590348 2051736
1785393628288 1437060 3590348 2051736
1785393628319 1437060 3590348 2051736
1785393628350 1437060 3590348 2051736
1785393628383 1437060 3590348 2051736
1785393628416 1437060 3590348 2051736
1785393628453 1437060 3590348 2051736
1785393628486 1437060 3590348 2051736
1785393628518 1437060 3590348 2051736
1785393628553 1437060 3590348 2051736
1785393628588 1437060 3590348 2051736
1785393628622 1437060 3590348 2051736
1785393628656 1437060 3590348 2051736
1785393628693 1437060 3590348 2051736
1785393628728 1437060 3590348 2051736
1785393628760 1437060 3590348 2051736
1785393628795 1437060 3590348 2051736
1785393628830 1437060 3590348 2051736
1785393628863 1437060 3590348 2051736
1785393628895 1437060 3590348 2051736
1785393628931 1437060 3590348 2051736
1785393628965 1437060 3590348 2051736
1785393628997 1437060 3590348 2051736
1785393629030 1437060 3590348 2051736
1785393629064 1437060 3590348 2051736
1785393629097 1437060 3590348 2051736
1785393629129 1437060 3590348 2051736
1785393629164 1437060 3590348 2051736
1785393629199 1437060 3590348 2051736
1785393629232 1437060 3590348 2051736
1785393629266 1437060 3590348 2051736
1785393629299 1437060 3590348 2051736
1785393629332 1437060 3590348 2051736
1785393629366 1437060 3590348 2051736
1785393629400 1437060 3590348 2051736
1785393629435 1437060 3590348 2051736
1785393629469 1437060 3590348 2051736
1785393629505 1437060 3590348 2051736
1785393629538 1437060 3590348 2051736
1785393629571 1437060 3590348 2051736
1785393629607 1437060 3590348 2051736
1785393629640 1437060 3590348 2051736
1785393629672 1437060 3590348 2051736
1785393629706 1437060 3590348 2051736
1785393629740 1437060 3590348 2051736
1785393629773 1437060 3590348 2051736
1785393629805 1437060 3590348 2051736
1785393629843 1437060 3590348 2051736
1785393629877 1437060 3590348 2051736
1785393629909 1437060 3590348 2051736
1785393629942 1437060 3590348 2051736
1785393629976 1437060 3590348 2051736
1785393630008 1437060 3590348 2051736
1785393630041 1437060 3590348 2051736
1785393630075 1437060 3590348 2051736
1785393630110 1437060 3590348 2051736
1785393630146 1437060 3590348 2051736
1785393630179 1437060 3590348 2051736
1785393630211 1437060 3590348 2051736
1785393630245 1437060 3590348 2051736
1785393630277 1437060 3590348 2051736
1785393630308 1437060 3590348 2051736
1785393630340 1437060 3590348 2051736
1785393630380 1437060 3590348 2051736
1785393630414 1437060 3590348 2051736
1785393630448 1437060 3590348 2051736
1785393630481 1437060 3590348 2051736
1785393630512 1437060 3590348 2051736
1785393630543 1437060 3590348 2051736
1785393630574 1437060 3590348 2051736
1785393630604 1437060 3590348 2051736
1785393630638 1437060 3590348 2051736
1785393630669 1437060 3590348 2051736
1785393630701 1437060 3590348 2051736
1785393630731 1437060 3590348 2051736
1785393630762 1437060 3590348 2051736
1785393630794 1437060 3590348 2051736
1785393630825 1437060 3590348 2051736
1785393630860 1437060 3590348 2051736
1785393630893 1437060 3590348 2051736
1785393630926 1437060 3590348 2051736
1785393630961 1437060 3590348 2051736
1785393630995 1437060 3590348 2051736
1785393631027 1437060 3590348 2051736
1785393631062 1437060 3590348 2051736
1785393631095 1437060 3590348 2051736
1785393631128 1437060 3590348 2051736
1785393631160 1437060 3590348 2051736
1785393631193 1437060 3590348 2051736
1785393631226 1437060 3590348 2051736
1785393631258 1437060 3590348 2051736
1785393631291 1437060 3590348 2051736
1785393631324 1437060 3590348 2051736
1785393631359 1437060 3590348 2051736
1785393631393 1437060 3590348 2051736
1785393631425 1437060 3590348 2051736
1785393631460 1437060 3590348 2051736
1785393631494 1437060 3590348 2051736
1785393631527 1437060 3590348 2051736
1785393631560 1437060 3590348 2051736
1785393631598 1437060 3590348 2051736
1785393631633 1437060 3590348 2051736
1785393631665 1437060 3590348 2051736
1785393631698 1437060 3590348 2051736
1785393631733 1437060 3590348 2051736
1785393631766 1437060 3590348 2051736
1785393631798 1437060 3590348 2051736
1785393631831 1437060 3590348 2051736
1785393631868 1437060 3590348 2051736
1785393631901 1437060 3590348 2051736
1785393631934 1437060 3590348 2051736
1785393631971 1437060 3590348 2051736
1785393632004 1437060 3590348 2051736
1785393632036 1437060 3590348 2051736
1785393632069 1437060 3590348 2051736
1785393632103 1437060 3590348 2051736
1785393632136 1437060 3590348 2051736
1785393632169 1437060 3590348 2051736
1785393632202 1437060 3590348 2051736
1785393632236 1437060 3590348 2051736
1785393632270 1437060 3590348 2051736
1785393632304 1437060 3590348 2051736
1785393632337 1437060 3590348 2051736
1785393632370 1437060 3590348 2051736
1785393632404 1437060 3590348 2051736
1785393632437 1437060 3590348 2051736
1785393632470 1437060 3590348 2051736
1785393632504 1437060 3590348 2051736
1785393632537 1437060 3590348 2051736
1785393632570 1437060 3590348 2051736
1785393632603 1437060 3590348 2051736
1785393632636 1437060 3590348 2051736
1785393632670 1437060 3590348 2051736
1785393632702 1437060 3590348 2051736
1785393632735 1437060 3590348 2051736
1785393632769 1437060 3590348 2051736
1785393632803 1437060 3590348 2051736
1785393632837 1437060 3590348 2051736
1785393632871 1437060 3590348 2051736
1785393632905 1437060 3590348 2051736
1785393632939 1437060 3590348 2051736
1785393632972 1437060 3590348 2051736
1785393633005 1437060 3590348 2051736
1785393633038 1437060 3590348 2051736
1785393633072 1437060 3590348 2051736
1785393633105 1437060 3590348 2051736
1785393633138 1437060 3590348 2051736
1785393633171 1437060 3590348 2051736
1785393633205 1437060 3590348 2051736
1785393633238 1437060 3590348 2051736
1785393633271 1437060 3590348 2051736
1785393633303 1437060 3590348 2051736
1785393633335 1437060 3590348 2051736
1785393633367 1437060 3590348 2051736
1785393633399 1437060 3590348 2051736
1785393633432 1437060 3590348 2051736
1785393633463 1437060 3590348 2051736
1785393633494 1437060 3590348 2051736
1785393633526 1437060 3590348 2051736
1785393633558 1437060 3590348 2051736
1785393633589 1437060 3590348 2051736
1785393633622 1437060 3590348 2051736
1785393633653 1437060 3590348 2051736
1785393633686 1437060 3590348 2051736
1785393633717 1437060 3590348 2051736
1785393633749 1437060 3590348 2051736
1785393633780 1437060 3590348 2051736
1785393633811 1437060 3590348 2051736
1785393633843 1437060 3590348 2051736
1785393633875 1437060 3590348 2051736
1785393633913 1437060 3590348 2051736
1785393633949 1437060 3590348 2051736
1785393633982 1437060 3590348 2051736
1785393634018 1437060 3590348 2051736
1785393634053 1437060 3590348 2051736
1785393634087 1437060 3590348 2051736
1785393634121 1437060 3590348 2051736
1785393634158 1437060 3590348 2051736
1785393634192 1437060 3590348 2051736
1785393634224 1437060 3590348 2051736
1785393634257 1437060 3590348 2051736
1785393634292 1437060 3590348 2051736
1785393634325 1437060 3590348 2051736
1785393634357 1437060 3590348 2051736
1785393634392 1437060 3590348 2051736
1785393634426 1437060 3590348 2051736
1785393634459 1437060 3590348 2051736
1785393634492 1437060 3590348 2051736
1785393634527 1437060 3590348 2051736
1785393634559 1437060 3590348 2051736
1785393634593 1437060 3590348 2051736
1785393634625 1437060 3590348 2051736
1785393634659 1437060 3590348 2051736
1785393634693 1437060 3590348 2051736
1785393634727 1437060 3590348 2051736
1785393634762 1437060 3590348 2051736
1785393634796 1437060 3590348 2051736
1785393634831 1437060 3590348 2051736
1785393634865 1437060 3590348 2051736
1785393634900 1437060 3590348 2051736
1785393634935 1437060 3590348 2051736
1785393634973 1437060 3590348 2051736
1785393635006 1437060 3590348 2051736
1785393635039 1437060 3590348 2051736
1785393635074 1437060 3590348 2051736
1785393635107 1437060 3590348 2051736
1785393635140 1437060 3590348 2051736
1785393635173 1437060 3590348 2051736
1785393635207 1437060 3590348 2051736
1785393635239 1437060 3590348 2051736
1785393635272 1437060 3590348 2051736
1785393635308 1437060 3590348 2051736
1785393635342 1437060 3590348 2051736
1785393635374 1437060 3590348 2051736
1785393635407 1437060 3590348 2051736
1785393635440 1437060 3590348 2051736
1785393635472 1437060 3590348 2051736
1785393635504 1437060 3590348 2051736
1785393635540 1437060 3590348 2051736
1785393635574 1437060 3590348 2051736
1785393635610 1437060 3590348 2051736
1785393635642 1437060 3590348 2051736
1785393635673 1437060 3590348 2051736
1785393635708 1437060 3590348 2051736
1785393635739 1437060 3590348 2051736
1785393635770 1437060 3590348 2051736
1785393635802 1437060 3590348 2051736
1785393635841 1437060 3590348 2051736
1785393635875 1437060 3590348 2051736
1785393635909 1437060 3590348 2051736
1785393635941 1437060 3590348 2051736
1785393635971 1437060 3590348 2051736
1785393636002 1437060 3590348 2051736
1785393636033 1437060 3590348 2051736
1785393636064 1437060 3590348 2051736
1785393636098 1437060 3590348 2051736
1785393636132 1437060 3590348 2051736
1785393636168 1437060 3590348 2051736
1785393636202 1437060 3590348 2051736
1785393636238 1437060 3590348 2051736
1785393636273 1437060 3590348 2051736
1785393636310 1437060 3590348 2051736
1785393636345 1437060 3590348 2051736
1785393636380 1437060 3590348 2051736
1785393636413 1437060 3590348 2051736
1785393636449 1437060 3590348 2051736
1785393636485 1437060 3590348 2051736
1785393636519 1437060 3590348 2051736
1785393636554 1437060 3590348 2051736
1785393636588 1437060 3590348 2051736
1785393636623 1437060 3590348 2051736
1785393636659 1437060 3590348 2051736
1785393636695 1437060 3590348 2051736
1785393636730 1437060 3590348 2051736
1785393636765 1437060 3590348 2051736
1785393636801 1437060 3590348 2051736
1785393636837 1437060 3590348 2051736
1785393636873 1437060 3590348 2051736
1785393636907 1437060 3590348 2051736
1785393636942 1437060 3590348 2051736
1785393636978 1437060 3590348 2051736
1785393637014 1437060 3590348 2051736
1785393637049 1437060 3590348 2051736
1785393637084 1437060 3590348 2051736
1785393637119 1437060 3590348 2051736
1785393637153 1437060 3590348 2051736
1785393637189 1437060 3590348 2051736
1785393637226 1437060 3590348 2051736
1785393637262 1437060 3590348 2051736
1785393637297 1437060 3590348 2051736
1785393637333 1437060 3590348 2051736
1785393637368 1437060 3590348 2051736
1785393637402 1437060 3590348 2051736
1785393637438 1437060 3590348 2051736
1785393637475 1437060 3590348 2051736
1785393637511 1437060 3590348 2051736
1785393637544 1437060 3590348 2051736
1785393637578 1437060 3590348 2051736
1785393637614 1437060 3590348 2051736
1785393637649 1437060 3590348 2051736
1785393637684 1437060 3590348 2051736
1785393637718 1437060 3590348 2051736
1785393637753 1437060 3590348 2051736
1785393637789 1437060 3590348 2051736
1785393637824 1437060 3590348 2051736
1785393637860 1437060 3590348 2051736
1785393637896 1437060 3590348 2051736
1785393637932 1437060 3590348 2051736
1785393637968 1437060 3590348 2051736
1785393638004 1437060 3590348 2051736
1785393638038 1437060 3590348 2051736
1785393638073 1437060 3590348 2051736
1785393638107 1437060 3590348 2051736
1785393638141 1437060 3590348 2051736
1785393638175 1437060 3590348 2051736
1785393638208 1437060 3590348 2051736
1785393638242 1437060 3590348 2051736
1785393638276 1437060 3590348 2051736
1785393638309 1437060 3590348 2051736
1785393638343 1437060 3590348 2051736
1785393638376 1437060 3590348 2051736
1785393638410 1437060 3590348 2051736
1785393638443 1437060 3590348 2051736
1785393638475 1437060 3590348 2051736
1785393638508 1437060 3590348 2051736
1785393638541 1437060 3590348 2051736
1785393638575 1437060 3590348 2051736
1785393638609 1437060 3590348 2051736
1785393638642 1437060 3590348 2051736
1785393638675 1437060 3590348 2051736
1785393638708 1437060 3590348 2051736
1785393638742 1437060 3590348 2051736
1785393638775 1437060 3590348 2051736
1785393638808 1437060 3590348 2051736
1785393638840 1437060 3590348 2051736
1785393638874 1437060 3590348 2051736
1785393638906 1437060 3590348 2051736
1785393638938 1437060 3590348 2051736
1785393638970 1437060 3590348 2051736
1785393639001 1437060 3590348 2051736
1785393639033 1437060 3590348 2051736
1785393639065 1437060 3590348 2051736
1785393639096 1437060 3590348 2051736
1785393639127 1437060 3590348 2051736
1785393639160 1437060 3590348 2051736
1785393639192 1437060 3590348 2051736
1785393639224 1437060 3590348 2051736
1785393639256 1437060 3590348 2051736
1785393639289 1437060 3590348 2051736
1785393639319 1437060 3590348 2051736
1785393639351 1437060 3590348 2051736
1785393639384 1437060 3590348 2051736
1785393639417 1437060 3590348 2051736
1785393639452 1439108 3590348 2051736
1785393639485 1439108 3590348 2051736
1785393639518 1439108 3590348 2051736
1785393639553 1439108 3590348 2051736
1785393639588 1439108 3590348 2051736
1785393639621 1439108 3590348 2051736
1785393639654 1439108 3590348 2051736
1785393639691 1439108 3590348 2051736
1785393639725 1439108 3590348 2051736
1785393639757 1439108 3590348 2051736
1785393639790 1439108 3590348 2051736
1785393639824 1439108 3590348 2051736
1785393639857 1439108 3590348 2051736
1785393639889 1439108 3590348 2051736
1785393639923 1439108 3590348 2051736
1785393639957 1439108 3590348 2051736
1785393639991 1439108 3590348 2051736
1785393640024 1439108 3590348 2051736
1785393640060 1439108 3590348 2051736
1785393640093 1439108 3590348 2051736
1785393640128 1439108 3590348 2051736
1785393640164 1439108 3590348 2051736
1785393640199 1439108 3590348 2051736
1785393640232 1439108 3590348 2051736
1785393640267 1439108 3590348 2051736
1785393640301 1439108 3590348 2051736
1785393640335 1441628 3590348 2051736
1785393640371 1441628 3590348 2051736
1785393640403 1441628 3590348 2051736
1785393640437 1441628 3590348 2051736
1785393640469 1441628 3590348 2051736
1785393640503 1441628 3590348 2051736
1785393640535 1441628 3590348 2051736
1785393640567 1441628 3590348 2051736
1785393640604 1441628 3590348 2051736
1785393640638 1441628 3590348 2051736
1785393640670 1441628 3590348 2051736
1785393640705 1441628 3590348 2051736
1785393640739 1441628 3590348 2051736
1785393640774 1441628 3590348 2051736
1785393640807 1441628 3590348 2051736
1785393640842 1441628 3590348 2051736
1785393640876 1441628 3590348 2051736
1785393640908 1441628 3590348 2051736
1785393640941 1441628 3590348 2051736
1785393640975 1441628 3590348 2051736
1785393641008 1441628 3590348 2051736
1785393641040 1441628 3590348 2051736
1785393641074 1441628 3590348 2051736
1785393641108 1441628 3590348 2051736
1785393641144 1441628 3590348 2051736
1785393641177 1441628 3590348 2051736
1785393641208 1441628 3590348 2051736
1785393641241 1441628 3590348 2051736
1785393641272 1441628 3590348 2051736
1785393641303 1441628 3590348 2051736
1785393641335 1441628 3590348 2051736
1785393641376 1441628 3590348 2051736
1785393641410 1441628 3590348 2051736
1785393641444 1441628 3590348 2051736
1785393641477 1441628 3590348 2051736
1785393641507 1441628 3590348 2051736
1785393641539 1441628 3590348 2051736
1785393641570 1441628 3590348 2051736
1785393641600 1441628 3590348 2051736
1785393641634 1441628 3590348 2051736
1785393641665 1441628 3590348 2051736
1785393641700 1441628 3590348 2051736
1785393641731 1441628 3590348 2051736
1785393641764 1441628 3590348 2051736
1785393641795 1441628 3590348 2051736
1785393641827 1441628 3590348 2051736
1785393641859 1441628 3590348 2051736
1785393641891 1441628 3590348 2051736
1785393641922 1441628 3590348 2051736
1785393641956 1441628 3590348 2051736
1785393641988 1441628 3590348 2051736
1785393642020 1441628 3590348 2051736
1785393642055 1441628 3590348 2051736
1785393642088 1441628 3590348 2051736
1785393642121 1441628 3590348 2051736
1785393642153 1441628 3590348 2051736
1785393642186 1441628 3590348 2051736
1785393642219 1441628 3590348 2051736
1785393642252 1441628 3590348 2051736
1785393642285 1441628 3590348 2051736
1785393642318 1441628 3590348 2051736
1785393642352 1443676 3590348 2051736
1785393642386 1443676 3590348 2051736
1785393642419 1443676 3590348 2051736
1785393642451 1443676 3590348 2051736
1785393642488 1443676 3590348 2051736
1785393642522 1443676 3590348 2051736
1785393642555 1443676 3590348 2051736
1785393642588 1443676 3590348 2051736
1785393642622 1443676 3590348 2051736
1785393642655 1443676 3590348 2051736
1785393642690 1443676 3590348 2051736
1785393642726 1443676 3590348 2051736
1785393642760 1443676 3590348 2051736
1785393642794 1443676 3590348 2051736
1785393642828 1443676 3590348 2051736
1785393642865 1443676 3590348 2051736
1785393642899 1443676 3590348 2051736
1785393642932 1443676 3590348 2051736
1785393642967 1443676 3590348 2051736
1785393643002 1443676 3590348 2051736
1785393643036 1443676 3590348 2051736
1785393643068 1443676 3590348 2051736
1785393643104 1443676 3590348 2051736
1785393643138 1443676 3590348 2051736
1785393643171 1443676 3590348 2051736
1785393643206 1443676 3590348 2051736
1785393643242 1443676 3590348 2051736
1785393643277 1443676 3590348 2051736
1785393643312 1443676 3590348 2051736
1785393643347 1443676 3590348 2051736
1785393643380 1443676 3590348 2051736
1785393643416 1443676 3590348 2051736
1785393643452 1443676 3590348 2051736
1785393643488 1443676 3590348 2051736
1785393643524 1443676 3590348 2051736
1785393643560 1443676 3590348 2051736
1785393643596 1443676 3590348 2051736
1785393643632 1443676 3590348 2051736
1785393643668 1443676 3590348 2051736
1785393643704 1443676 3590348 2051736
1785393643740 1443676 3590348 2051736
1785393643776 1443676 3590348 2051736
1785393643812 1443676 3590348 2051736
1785393643848 1443676 3590348 2051736
1785393643883 1443676 3590348 2051736
1785393643919 1443676 3590348 2051736
1785393643953 1443676 3590348 2051736
1785393643987 1443676 3590348 2051736
1785393644020 1443676 3590348 2051736
1785393644054 1443676 3590348 2051736
1785393644087 1443676 3590348 2051736
1785393644120 1443676 3590348 2051736
1785393644152 1443676 3590348 2051736
1785393644186 1443676 3590348 2051736
1785393644222 1443676 3590348 2051736
1785393644257 1443676 3590348 2051736
1785393644293 1443676 3590348 2051736
1785393644328 1443676 3590348 2051736
1785393644361 1443676 3590348 2051736
1785393644394 1443676 3590348 2051736
1785393644426 1443676 3590348 2051736
1785393644459 1443676 3590348 2051736
1785393644490 1443676 3590348 2051736
1785393644523 1443676 3590348 2051736
1785393644554 1443676 3590348 2051736
1785393644584 1443676 3590348 2051736
1785393644619 1443676 3590348 2051736
1785393644650 1443676 3590348 2051736
1785393644682 1443676 3590348 2051736
1785393644717 1443676 3590348 2051736
1785393644749 1443676 3590348 2051736
1785393644781 1443676 3590348 2051736
1785393644813 1443676 3590348 2051736
1785393644849 1443676 3590348 2051736
1785393644882 1443676 3590348 2051736
1785393644914 1443676 3590348 2051736
1785393644949 1443676 3590348 2051736
1785393644984 1443676 3590348 2051736
1785393645018 1443676 3590348 2051736
1785393645053 1443676 3590348 2051736
1785393645085 1443676 3590348 2051736
1785393645121 1443676 3590348 2051736
1785393645155 1443676 3590348 2051736
1785393645187 1443676 3590348 2051736
1785393645220 1443676 3590348 2051736
1785393645256 1443676 3590348 2051736
1785393645289 1443676 3590348 2051736
1785393645321 1443676 3590348 2051736
1785393645354 1443676 3590348 2051736
1785393645387 1443676 3590348 2051736
1785393645421 1443676 3590348 2051736
1785393645454 1443676 3590348 2051736
1785393645491 1443676 3590348 2051736
1785393645525 1443676 3590348 2051736
1785393645558 1443676 3590348 2051736
1785393645590 1443676 3590348 2051736
1785393645625 1443676 3590348 2051736
1785393645658 1443676 3590348 2051736
1785393645690 1443676 3590348 2051736
1785393645724 1443676 3590348 2051736
1785393645758 1443676 3590348 2051736
1785393645791 1443676 3590348 2051736
1785393645823 1443676 3590348 2051736
1785393645857 1443676 3590348 2051736
1785393645892 1443676 3590348 2051736
1785393645928 1443676 3590348 2051736
1785393645962 1443676 3590348 2051736
1785393645995 1443676 3590348 2051736
1785393646027 1443676 3590348 2051736
1785393646062 1443676 3590348 2051736
1785393646095 1443676 3590348 2051736
1785393646128 1443676 3590348 2051736
1785393646164 1443676 3590348 2051736
1785393646197 1443676 3590348 2051736
1785393646230 1443676 3590348 2051736
1785393646263 1443676 3590348 2051736
1785393646298 1443676 3590348 2051736
1785393646331 1443676 3590348 2051736
1785393646366 1443676 3590348 2051736
1785393646401 1443676 3590348 2051736
1785393646436 1443676 3590348 2051736
1785393646469 1443676 3590348 2051736
1785393646502 1443676 3590348 2051736
1785393646539 1443676 3590348 2051736
1785393646572 1443676 3590348 2051736
1785393646604 1443676 3590348 2051736
1785393646639 1443676 3590348 2051736
1785393646674 1443676 3590348 2051736
1785393646710 1443676 3590348 2051736
1785393646743 1443676 3590348 2051736
1785393646774 1443676 3590348 2051736
1785393646805 1443676 3590348 2051736
1785393646838 1443676 3590348 2051736
1785393646868 1443676 3590348 2051736
1785393646900 1443676 3590348 2051736
1785393646933 1443676 3590348 2051736
1785393646970 1443676 3590348 2051736
1785393647004 1443676 3590348 2051736
1785393647039 1443676 3590348 2051736
1785393647070 1443676 3590348 2051736
1785393647102 1443676 3590348 2051736
1785393647133 1443676 3590348 2051736
1785393647164 1443676 3590348 2051736
1785393647196 1443676 3590348 2051736
1785393647229 1443676 3590348 2051736
1785393647260 1443676 3590348 2051736
1785393647293 1443676 3590348 2051736
1785393647325 1443676 3590348 2051736
1785393647357 1443676 3590348 2051736
1785393647387 1443676 3590348 2051736
1785393647419 1443676 3590348 2051736
1785393647452 1443676 3590348 2051736
1785393647484 1443676 3590348 2051736
1785393647516 1443676 3590348 2051736
1785393647551 1443676 3590348 2051736
1785393647585 1443676 3590348 2051736
1785393647620 1443676 3590348 2051736
1785393647654 1443676 3590348 2051736
1785393647686 1443676 3590348 2051736
1785393647719 1443676 3590348 2051736
1785393647751 1443676 3590348 2051736
1785393647785 1443676 3590348 2051736
1785393647819 1443676 3590348 2051736
1785393647851 1443676 3590348 2051736
1785393647884 1443676 3590348 2051736
1785393647918 1443676 3590348 2051736
1785393647953 1443676 3590348 2051736
1785393647986 1443676 3590348 2051736
1785393648019 1443676 3590348 2051736
1785393648052 1443676 3590348 2051736
1785393648087 1443676 3590348 2051736
1785393648119 1443676 3590348 2051736
1785393648152 1443676 3590348 2051736
1785393648186 1443676 3590348 2051736
1785393648221 1443676 3590348 2051736
1785393648254 1443676 3590348 2051736
1785393648288 1443676 3590348 2051736
1785393648324 1443676 3590348 2051736
1785393648359 1443676 3590348 2051736
1785393648391 1443676 3590348 2051736
1785393648426 1443676 3590348 2051736
1785393648462 1443676 3590348 2051736
1785393648496 1443676 3590348 2051736
1785393648528 1443676 3590348 2051736
1785393648563 1443676 3590348 2051736
1785393648597 1443676 3590348 2051736
1785393648630 1443676 3590348 2051736
1785393648662 1443676 3590348 2051736
1785393648697 1443676 3590348 2051736
1785393648731 1443676 3590348 2051736
1785393648765 1443676 3590348 2051736
1785393648800 1443676 3590348 2051736
1785393648833 1443676 3590348 2051736
1785393648867 1443676 3590348 2051736
1785393648901 1443676 3590348 2051736
1785393648934 1443676 3590348 2051736
1785393648967 1443676 3590348 2051736
1785393649001 1443676 3590348 2051736
1785393649034 1443676 3590348 2051736
1785393649068 1443676 3590348 2051736
1785393649101 1443676 3590348 2051736
1785393649134 1443676 3590348 2051736
1785393649167 1443676 3590348 2051736
1785393649202 1443676 3590348 2051736
1785393649236 1443676 3590348 2051736
1785393649270 1443676 3590348 2051736
1785393649304 1443676 3590348 2051736
1785393649338 1443676 3590348 2051736
1785393649372 1443676 3590348 2051736
1785393649405 1443676 3590348 2051736
1785393649439 1443676 3590348 2051736
1785393649472 1443676 3590348 2051736
1785393649507 1443676 3590348 2051736
1785393649540 1443676 3590348 2051736
1785393649573 1443676 3590348 2051736
1785393649607 1443676 3590348 2051736
1785393649640 1443676 3590348 2051736
1785393649673 1443676 3590348 2051736
1785393649707 1443676 3590348 2051736
1785393649741 1443676 3590348 2051736
1785393649775 1443676 3590348 2051736
1785393649809 1443676 3590348 2051736
1785393649843 1443676 3590348 2051736
1785393649876 1443676 3590348 2051736
1785393649908 1443676 3590348 2051736
1785393649941 1443676 3590348 2051736
1785393649974 1443676 3590348 2051736
1785393650007 1443676 3590348 2051736
1785393650039 1443676 3590348 2051736
1785393650070 1443676 3590348 2051736
1785393650100 1443676 3590348 2051736
1785393650134 1443676 3590348 2051736
1785393650166 1443676 3590348 2051736
1785393650199 1443676 3590348 2051736
1785393650231 1443676 3590348 2051736
1785393650263 1443676 3590348 2051736
1785393650295 1443676 3590348 2051736
1785393650326 1443676 3590348 2051736
1785393650357 1443676 3590348 2051736
1785393650388 1443676 3590348 2051736
1785393650421 1443676 3590348 2051736
1785393650455 1443676 3590348 2051736
1785393650490 1443676 3590348 2051736
1785393650523 1443676 3590348 2051736
1785393650556 1443676 3590348 2051736
1785393650589 1443676 3590348 2051736
1785393650624 1443676 3590348 2051736
1785393650657 1443676 3590348 2051736
1785393650690 1443676 3590348 2051736
1785393650725 1443676 3590348 2051736
1785393650759 1443676 3590348 2051736
1785393650792 1443676 3590348 2051736
1785393650825 1443676 3590348 2051736
1785393650861 1443676 3590348 2051736
1785393650893 1443676 3590348 2051736
1785393650925 1443676 3590348 2051736
1785393650959 1443676 3590348 2051736
1785393650993 1443676 3590348 2051736
1785393651028 1443676 3590348 2051736
1785393651061 1443676 3590348 2051736
1785393651098 1443676 3590348 2051736
1785393651132 1443676 3590348 2051736
1785393651164 1443676 3590348 2051736
1785393651197 1443676 3590348 2051736
1785393651232 1443676 3590348 2051736
1785393651268 1443676 3590348 2051736
1785393651301 1443676 3590348 2051736
1785393651335 1443676 3590348 2051736
1785393651369 1443676 3590348 2051736
1785393651403 1443676 3590348 2051736
1785393651438 1443676 3590348 2051736
1785393651471 1443676 3590348 2051736
1785393651505 1443676 3590348 2051736
1785393651541 1443676 3590348 2051736
1785393651575 1443676 3590348 2051736
1785393651607 1443676 3590348 2051736
1785393651643 1443676 3590348 2051736
1785393651678 1443676 3590348 2051736
1785393651712 1443676 3590348 2051736
1785393651743 1443676 3590348 2051736
1785393651780 1443676 3590348 2051736
1785393651814 1443676 3590348 2051736
1785393651847 1443676 3590348 2051736
1785393651879 1443676 3590348 2051736
1785393651915 1443676 3590348 2051736
1785393651949 1443676 3590348 2051736
1785393651983 1443676 3590348 2051736
1785393652016 1443676 3590348 2051736
1785393652050 1443676 3590348 2051736
1785393652083 1443676 3590348 2051736
1785393652116 1443676 3590348 2051736
1785393652151 1443676 3590348 2051736
1785393652187 1443676 3590348 2051736
1785393652221 1443676 3590348 2051736
1785393652252 1443676 3590348 2051736
1785393652283 1443676 3590348 2051736
1785393652316 1443676 3590348 2051736
1785393652350 1443676 3590348 2051736
1785393652382 1443676 3590348 2051736
1785393652416 1443676 3590348 2051736
1785393652454 1443676 3590348 2051736
1785393652489 1443676 3590348 2051736
1785393652525 1443676 3590348 2051736
1785393652557 1443676 3590348 2051736
1785393652588 1443676 3590348 2051736
1785393652619 1443676 3590348 2051736
1785393652652 1443676 3590348 2051736
1785393652683 1443676 3590348 2051736
1785393652717 1443676 3590348 2051736
1785393652749 1443676 3590348 2051736
1785393652784 1443676 3590348 2051736
1785393652817 1443676 3590348 2051736
1785393652852 1443676 3590348 2051736
1785393652886 1443676 3590348 2051736
1785393652919 1443676 3590348 2051736
1785393652950 1443676 3590348 2051736
1785393652983 1443676 3590348 2051736
1785393653016 1443676 3590348 2051736
1785393653049 1443676 3590348 2051736
1785393653082 1443676 3590348 2051736
1785393653114 1443676 3590348 2051736
1785393653147 1443676 3590348 2051736
1785393653179 1443676 3590348 2051736
1785393653211 1443676 3590348 2051736
1785393653246 1443676 3590348 2051736
1785393653279 1443676 3590348 2051736
1785393653312 1443676 3590348 2051736
1785393653344 1443676 3590348 2051736
1785393653378 1443676 3590348 2051736
1785393653411 1443676 3590348 2051736
1785393653448 1443676 3590348 2051736
1785393653482 1443676 3590348 2051736
1785393653515 1443676 3590348 2051736
1785393653550 1443676 3590348 2051736
1785393653585 1443676 3590348 2051736
1785393653619 1443676 3590348 2051736
1785393653652 1443676 3590348 2051736
1785393653687 1443676 3590348 2051736
1785393653721 1443676 3590348 2051736
1785393653755 1443676 3590348 2051736
1785393653788 1443676 3590348 2051736
1785393653823 1443676 3590348 2051736
1785393653855 1443676 3590348 2051736
1785393653888 1443676 3590348 2051736
1785393653922 1443676 3590348 2051736
1785393653957 1443676 3590348 2051736
1785393653991 1443676 3590348 2051736
1785393654025 1443676 3590348 2051736
1785393654061 1443676 3590348 2051736
1785393654094 1443676 3590348 2051736
1785393654129 1443676 3590348 2051736
1785393654164 1443676 3590348 2051736
1785393654198 1443676 3590348 2051736
1785393654232 1443676 3590348 2051736
1785393654265 1443676 3590348 2051736
1785393654299 1443676 3590348 2051736
1785393654332 1443676 3590348 2051736
1785393654365 1443676 3590348 2051736
1785393654398 1443676 3590348 2051736
1785393654433 1443676 3590348 2051736
1785393654467 1443676 3590348 2051736
1785393654501 1443676 3590348 2051736
1785393654534 1443676 3590348 2051736
1785393654568 1443676 3590348 2051736
1785393654601 1443676 3590348 2051736
1785393654635 1443676 3590348 2051736
1785393654668 1443676 3590348 2051736
1785393654702 1443676 3590348 2051736
1785393654736 1443676 3590348 2051736
1785393654770 1443676 3590348 2051736
1785393654805 1443676 3590348 2051736
1785393654840 1443676 3590348 2051736
1785393654876 1443676 3590348 2051736
1785393654911 1443676 3590348 2051736
1785393654947 1443676 3590348 2051736
1785393654981 1443676 3590348 2051736
1785393655016 1443676 3590348 2051736
1785393655051 1443676 3590348 2051736
1785393655087 1443676 3590348 2051736
1785393655123 1443676 3590348 2051736
1785393655160 1443676 3590348 2051736
1785393655195 1443676 3590348 2051736
1785393655231 1443676 3590348 2051736
1785393655268 1443676 3590348 2051736
1785393655304 1443676 3590348 2051736
1785393655340 1443676 3590348 2051736
1785393655376 1443676 3590348 2051736
1785393655410 1443676 3590348 2051736
1785393655446 1443676 3590348 2051736
1785393655482 1443676 3590348 2051736
1785393655516 1443676 3590348 2051736
1785393655551 1443676 3590348 2051736
1785393655585 1443676 3590348 2051736
1785393655618 1443676 3590348 2051736
1785393655653 1443676 3590348 2051736
1785393655687 1443676 3590348 2051736
1785393655718 1443676 3590348 2051736
1785393655756 1443676 3590348 2051736
1785393655791 1443676 3590348 2051736
1785393655826 1443676 3590348 2051736
1785393655861 1443676 3590348 2051736
1785393655897 1443676 3590348 2051736
1785393655932 1443676 3590348 2051736
1785393655968 1443676 3590348 2051736
1785393656004 1443676 3590348 2051736
1785393656040 1443676 3590348 2051736
1785393656076 1443676 3590348 2051736
1785393656111 1443676 3590348 2051736
1785393656147 1443676 3590348 2051736
1785393656185 1443676 3590348 2051736
1785393656221 1443676 3590348 2051736
1785393656255 1443676 3590348 2051736
1785393656290 1443676 3590348 2051736
1785393656325 1443676 3590348 2051736
1785393656359 1443676 3590348 2051736
1785393656394 1443676 3590348 2051736
1785393656431 1443676 3590348 2051736
1785393656466 1443676 3590348 2051736
1785393656502 1443676 3590348 2051736
1785393656537 1443676 3590348 2051736
1785393656574 1443676 3590348 2051736
1785393656608 1443676 3590348 2051736
1785393656642 1443676 3590348 2051736
1785393656680 1443676 3590348 2051736
1785393656716 1443676 3590348 2051736
1785393656751 1443676 3590348 2051736
1785393656787 1443676 3590348 2051736
1785393656825 1443676 3590348 2051736
1785393656861 1443676 3590348 2051736
1785393656895 1443676 3590348 2051736
1785393656932 1443676 3590348 2051736
1785393656968 1443676 3590348 2051736
1785393657004 1443676 3590348 2051736
1785393657041 1443676 3590348 2051736
1785393657075 1443676 3590348 2051736
1785393657109 1443676 3590348 2051736
1785393657146 1443676 3590348 2051736
1785393657182 1443676 3590348 2051736
1785393657217 1443676 3590348 2051736
1785393657253 1443676 3590348 2051736
1785393657288 1443676 3590348 2051736
1785393657323 1443676 3590348 2051736
1785393657358 1443676 3590348 2051736
1785393657395 1443676 3590348 2051736
1785393657430 1443676 3590348 2051736
1785393657464 1443676 3590348 2051736
1785393657500 1443676 3590348 2051736
1785393657535 1443676 3590348 2051736
1785393657570 1443676 3590348 2051736
1785393657606 1443676 3590348 2051736
1785393657643 1443676 3590348 2051736
1785393657679 1443676 3590348 2051736
1785393657713 1443676 3590348 2051736
1785393657749 1443676 3590348 2051736
1785393657785 1443676 3590348 2051736
1785393657823 1443676 3590348 2051736
1785393657857 1443676 3590348 2051736
1785393657890 1443676 3590348 2051736
1785393657923 1443676 3590348 2051736
1785393657957 1443676 3590348 2051736
1785393657990 1443676 3590348 2051736
1785393658024 1443676 3590348 2051736
1785393658067 1443676 3590348 2051736
1785393658102 1443676 3590348 2051736
1785393658138 1443676 3590348 2051736
1785393658172 1443676 3590348 2051736
1785393658205 1443676 3590348 2051736
1785393658239 1443676 3590348 2051736
1785393658272 1443676 3590348 2051736
1785393658304 1443676 3590348 2051736
1785393658340 1443676 3590348 2051736
1785393658375 1443676 3590348 2051736
1785393658411 1443676 3590348 2051736
1785393658446 1443676 3590348 2051736
1785393658483 1443676 3590348 2051736
1785393658518 1443676 3590348 2051736
1785393658555 1443676 3590348 2051736
1785393658590 1443676 3590348 2051736
1785393658624 1443676 3590348 2051736
1785393658661 1443780 3590348 2051736
1785393658695 1443832 3590348 2051736
1785393658730 1441720 3590348 2051736
1785393658764 1441720 3590348 2051736
1785393658798 1441720 3590348 2051736
1785393658831 1441720 3590348 2051736
1785393658864 1441720 3590348 2051736
1785393658896 1441780 3590348 2051736
1785393658928 1441780 3590348 2051736
1785393658962 1441780 3590348 2051736
1785393658997 1441836 3590348 2051736
1785393659033 1441836 3590348 2051736
1785393659068 1441836 3590348 2051736
1785393659103 1441836 3590348 2051736
1785393659138 1441844 3590348 2051736
1785393659173 1441844 3590348 2051736
1785393659209 1441844 3590348 2051736
1785393659245 1441844 3590348 2051736
1785393659279 1272016 3590348 2051736
1785393659312 893188 3590348 2051736
1785393659347 893296 3590348 2051736
1785393659381 893296 3590348 2051736
1785393659415 893476 3590348 2051736
1785393659449 893596 3590348 2051736
1785393659472 0 0 0
1785393659496 0 0 0
1785393659520 0 0 0
# peak_kb=2039032
# hwm_kb=2051736
# frozen_ms=0
# polled_vs_hwm_pct=6promille
