# timestamp_ms VmRSS_kB VmPeak_kB VmHWM_kB
1785370502271 252044 1126520 252044
1785370502375 253480 1127564 253480
1785370502440 255460 1136804 255460
1785370502525 256656 1136804 256656
1785370502588 256708 1136804 256708
1785370502647 256816 1136804 256816
1785370502708 258952 1145316 258952
1785370502804 261052 1146340 261052
1785370502866 261176 1146340 261176
1785370502926 261284 1146340 261284
1785370502989 262652 1147364 262652
1785370503071 265004 1149928 265004
1785370503147 267148 1151776 267148
1785370503229 267384 1152044 267384
1785370503288 267384 1152044 267384
1785370503316 267912 1152920 267912
1785370503377 277264 1159948 277264
1785370503472 280104 1162064 280104
1785370503556 280572 1163088 280572
1785370503619 281376 1164112 281376
1785370503682 283364 2010344 283364
1785370503785 285352 2010344 285352
1785370503850 287192 2010344 287192
1785370503936 295616 2010344 295616
1785370504039 361328 2942856 361328
1785370504153 442148 2942856 442148
1785370504269 476496 2942856 476496
1785370504389 505140 2942856 505140
1785370504509 553348 2942856 553348
1785370504634 581620 2942856 581620
1785370504752 590112 2942856 590112
1785370504851 609068 2942856 609068
1785370504974 629256 2942856 629256
1785370505094 646712 2942856 646712
1785370505215 665452 2942856 665452
1785370505339 683836 2942856 683836
1785370505456 699616 2942856 699616
1785370505580 713784 2942856 713784
1785370505706 724756 2942856 724756
1785370505810 737404 2942856 737404
1785370505933 748564 2942856 748564
1785370506035 755720 2942856 755720
1785370506133 772960 2942856 772960
1785370506263 793164 2942856 793164
1785370506397 853668 2942856 853668
1785370506535 917960 2942856 917960
1785370506674 957768 2942856 957768
1785370506813 981924 2942856 981924
1785370506951 1014760 2942856 1014760
1785370507098 1035468 2942856 1035468
1785370507248 1072888 2942856 1072888
1785370507392 1091820 2942856 1091820
1785370507513 1125580 2942856 1125580
1785370507644 801196 2942856 1122784
1785370507678 891044 2942856 1122784
1785370507713 983216 2942856 1122784
1785370507747 1066140 2942856 1122784
1785370507782 1133964 2942856 1133964
1785370507860 1138976 2942856 1138976
1785370507968 1143540 2942856 1143540
1785370508045 1150264 2942856 1150264
1785370508158 1182860 2942856 1182860
1785370508294 1205136 2942856 1205136
1785370508409 1222416 2942856 1222416
1785370508550 1242008 2942856 1242008
1785370508671 1254296 2942856 1254296
1785370508784 1270424 2942856 1270424
1785370508900 1185252 2942856 1262388
1785370508936 1186052 2942856 1262388
1785370508969 1186172 2942856 1262388
1785370509003 1187656 2942856 1262388
1785370509038 1187836 2942856 1262388
1785370509072 1187840 2942856 1262388
1785370509106 1187840 2942856 1262388
1785370509140 1187844 2942856 1262388
1785370509174 1187848 2942856 1262388
1785370509208 1187848 2942856 1262388
1785370509241 1187852 2942856 1262388
1785370509275 1187856 2942856 1262388
1785370509309 1187856 2942856 1262388
1785370509343 1187860 2942856 1262388
1785370509376 1187864 2942856 1262388
1785370509410 1187876 2942856 1262388
1785370509444 1187880 2942856 1262388
1785370509479 1187888 2942856 1262388
1785370509512 1187896 2942856 1262388
1785370509546 1187904 2942856 1262388
1785370509580 1187904 2942856 1262388
1785370509615 1187908 2942856 1262388
1785370509649 1187916 2942856 1262388
1785370509683 1187924 2942856 1262388
1785370509718 1187932 2942856 1262388
1785370509752 1187932 2942856 1262388
1785370509785 1187932 2942856 1262388
1785370509820 1187932 2942856 1262388
1785370509855 1187932 2942856 1262388
1785370509890 1187932 2942856 1262388
1785370509926 1187932 2942856 1262388
1785370509962 1187932 2942856 1262388
1785370509997 1187932 2942856 1262388
1785370510032 1187932 2942856 1262388
1785370510067 1187932 2942856 1262388
1785370510103 1187932 2942856 1262388
1785370510138 1187932 2942856 1262388
1785370510174 1187932 2942856 1262388
1785370510209 1187932 2942856 1262388
1785370510243 1187932 2942856 1262388
1785370510278 1187932 2942856 1262388
1785370510312 1187932 2942856 1262388
1785370510347 1187932 2942856 1262388
1785370510382 1187932 2942856 1262388
1785370510416 1187932 2942856 1262388
1785370510451 1187932 2942856 1262388
1785370510487 1187932 2942856 1262388
1785370510520 1187932 2942856 1262388
1785370510554 1187932 2942856 1262388
1785370510588 1187932 2942856 1262388
1785370510622 1187932 2942856 1262388
1785370510656 1187932 2942856 1262388
1785370510689 1187932 2942856 1262388
1785370510723 1225792 2942856 1262388
1785370510756 1187952 2942856 1265304
1785370510791 1187952 2942856 1265304
1785370510824 1187952 2942856 1265304
1785370510858 1187952 2942856 1265304
1785370510892 1187952 2942856 1265304
1785370510926 1187952 2942856 1265304
1785370510960 1187952 2942856 1265304
1785370510994 1187952 2942856 1265304
1785370511028 1187952 2942856 1265304
1785370511061 1187952 2942856 1265304
1785370511095 1187952 2942856 1265304
1785370511131 1187952 2942856 1265304
1785370511167 1187952 2942856 1265304
1785370511202 1187952 2942856 1265304
1785370511236 1187952 2942856 1265304
1785370511270 1187952 2942856 1265304
1785370511303 1187952 2942856 1265304
1785370511337 1187952 2942856 1265304
1785370511371 1187952 2942856 1265304
1785370511404 1187952 2942856 1265304
1785370511438 1187952 2942856 1265304
1785370511471 1187952 2942856 1265304
1785370511505 1187952 2942856 1265304
1785370511539 1197212 2942856 1265304
1785370511572 1197212 2942856 1265304
1785370511606 1197212 2942856 1265304
1785370511640 1197212 2942856 1265304
1785370511673 1197212 2942856 1265304
1785370511707 1197212 2942856 1265304
1785370511741 1207456 2942856 1265304
1785370511774 1255008 2942856 1265304
1785370511808 1303244 2942856 1303244
1785370511950 1566848 3050900 1566848
1785370512091 1726592 3050900 1726592
1785370512236 1764916 3474248 1764916
1785370512370 1945140 3474248 1945140
1785370512501 2115124 3474248 2115124
1785370512642 1686184 3474248 2140700
1785370512676 1625336 3474248 2140700
1785370512711 1625336 3474248 2140700
1785370512746 1625336 3474248 2140700
1785370512782 1625336 3474248 2140700
1785370512817 1625336 3474248 2140700
1785370512852 1671852 3474248 2140700
1785370512886 1772204 3474248 2140700
1785370512922 1874604 3474248 2140700
1785370512957 1977004 3474248 2140700
1785370512993 2048684 3474248 2140700
1785370513029 2048684 3474248 2140700
1785370513064 2048684 3474248 2140700
1785370513097 2060384 3474248 2140700
1785370513131 2069024 3474248 2140700
1785370513162 2069024 3474248 2140700
1785370513193 2103136 3474248 2140700
1785370513228 2150024 3474248 2150024
1785370513338 1188172 3474248 2140700
1785370513372 1188172 3474248 2140700
1785370513416 1188192 3474248 2140700
1785370513456 1280228 3474248 2140700
1785370513495 1280996 3474248 2140700
1785370513532 1294052 3474248 2140700
1785370513569 1306340 3474248 2140700
1785370513604 1318636 3474248 2140700
1785370513641 1331308 3474248 2140700
1785370513679 1345132 3474248 2140700
1785370513717 1355888 3474248 2140700
1785370513754 1368176 3474248 2140700
1785370513792 1376240 3474248 2140700
1785370513828 1376240 3474248 2140700
1785370513863 1376240 3474248 2140700
1785370513899 1376240 3474248 2140700
1785370513935 1376240 3474248 2140700
1785370513970 1376244 3474248 2140700
1785370514006 1376248 3474248 2140700
1785370514042 1376308 3474248 2140700
1785370514078 1376644 3474248 2140700
1785370514114 1377136 3474248 2140700
1785370514150 1377144 3474248 2140700
1785370514186 1377152 3474248 2140700
1785370514223 1377156 3474248 2140700
1785370514260 1377156 3474248 2140700
1785370514295 1377168 3474248 2140700
1785370514331 1377180 3474248 2140700
1785370514367 1377184 3474248 2140700
1785370514404 1377196 3474248 2140700
1785370514440 1377200 3474248 2140700
1785370514476 1377208 3474248 2140700
1785370514512 1377216 3474248 2140700
1785370514549 1377224 3474248 2140700
1785370514585 1377228 3474248 2140700
1785370514621 1377236 3474248 2140700
1785370514658 1377244 3474248 2140700
1785370514694 1377248 3474248 2140700
1785370514730 1377256 3474248 2140700
1785370514765 1377260 3474248 2140700
1785370514801 1377268 3474248 2140700
1785370514837 1377276 3474248 2140700
1785370514873 1377276 3474248 2140700
1785370514910 1377276 3474248 2140700
1785370514947 1377276 3474248 2140700
1785370514983 1377276 3474248 2140700
1785370515020 1377276 3474248 2140700
1785370515056 1377276 3474248 2140700
1785370515092 1377276 3474248 2140700
1785370515127 1377276 3474248 2140700
1785370515163 1377276 3474248 2140700
1785370515199 1377276 3474248 2140700
1785370515235 1377276 3474248 2140700
1785370515271 1377276 3474248 2140700
1785370515309 1377276 3474248 2140700
1785370515345 1377276 3474248 2140700
1785370515381 1377276 3474248 2140700
1785370515417 1377276 3474248 2140700
1785370515453 1377276 3474248 2140700
1785370515489 1377276 3474248 2140700
1785370515525 1377276 3474248 2140700
1785370515560 1377276 3474248 2140700
1785370515596 1377276 3474248 2140700
1785370515632 1377296 3474248 2140700
1785370515669 1377296 3474248 2140700
1785370515706 1377296 3474248 2140700
1785370515743 1377296 3474248 2140700
1785370515779 1377296 3474248 2140700
1785370515815 1377296 3474248 2140700
1785370515852 1377296 3474248 2140700
1785370515888 1377296 3474248 2140700
1785370515924 1377296 3474248 2140700
1785370515960 1377296 3474248 2140700
1785370515995 1377296 3474248 2140700
1785370516032 1377296 3474248 2140700
1785370516068 1377296 3474248 2140700
1785370516104 1377296 3474248 2140700
1785370516141 1377296 3474248 2140700
1785370516177 1377296 3474248 2140700
1785370516213 1377296 3474248 2140700
1785370516250 1377296 3474248 2140700
1785370516286 1377296 3474248 2140700
1785370516322 1377296 3474248 2140700
1785370516358 1377296 3474248 2140700
1785370516395 1377296 3474248 2140700
1785370516431 1377296 3474248 2140700
1785370516468 1377296 3474248 2140700
1785370516504 1377296 3474248 2140700
1785370516540 1377296 3474248 2140700
1785370516576 1377296 3474248 2140700
1785370516613 1423408 3474248 2140700
1785370516650 1547760 3474248 2140700
1785370516686 1721840 3474248 2140700
1785370516722 1846768 3474248 2140700
1785370516759 1846768 3474248 2140700
1785370516795 1846768 3474248 2140700
1785370516832 1889200 3593264 2140700
1785370516869 1942448 3593264 2140700
1785370516907 1942448 3593264 2140700
1785370516943 1969072 3593264 2140700
1785370516979 2073520 3593264 2140700
1785370517015 2175920 3593264 2175920
1785370517155 1809960 3593264 2261812
1785370517190 1809960 3593264 2261812
1785370517226 1809960 3593264 2261812
1785370517262 1809960 3593264 2261812
1785370517298 1809960 3593264 2261812
1785370517334 1821672 3593264 2261812
1785370517371 1926120 3593264 2261812
1785370517408 1977320 3593264 2261812
1785370517443 1977320 3593264 2261812
1785370517476 2010088 3593264 2261812
1785370517512 2112488 3593264 2261812
1785370517548 2188264 3593264 2261812
1785370517627 2233320 3593264 2261812
1785370517763 1379156 3594288 2263456
1785370517799 1483028 3594288 2263456
1785370517835 1589524 3594288 2263456
1785370517871 1698068 3594288 2263456
1785370517906 1802516 3594288 2263456
1785370517942 1802516 3594288 2263456
1785370517978 1802516 3594288 2263456
1785370518015 1421220 3594288 2263456
1785370518050 1499016 3594288 2263456
1785370518085 1555276 3594288 2263456
1785370518120 1610252 3594288 2263456
1785370518155 1666112 3594288 2263456
1785370518190 1720548 3594288 2263456
1785370518225 1776760 3594288 2263456
1785370518260 1802772 3594288 2263456
1785370518299 1803772 3594288 2263456
1785370518334 1893784 3594288 2263456
1785370518372 1910168 3594288 2263456
1785370518409 1926552 3594288 2263456
1785370518445 1944984 3594288 2263456
1785370518481 1961368 3594288 2263456
1785370518517 1977752 3594288 2263456
1785370518553 1996184 3594288 2263456
1785370518589 2012568 3594288 2263456
1785370518626 2028952 3594288 2263456
1785370518662 2047384 3594288 2263456
1785370518698 2063768 3594288 2263456
1785370518735 2081224 3594288 2263456
1785370518770 2097608 3594288 2263456
1785370518806 2113992 3594288 2263456
1785370518841 2130376 3594288 2263456
1785370518877 2146760 3594288 2263456
1785370518915 2165192 3594288 2263456
1785370518952 2181576 3594288 2263456
1785370518989 2197960 3594288 2263456
1785370519025 2214344 3594288 2263456
1785370519062 2230728 3594288 2263456
1785370519104 2268828 3734788 2268828
1785370519228 1803992 3734788 2405444
1785370519266 1804000 3734788 2405444
1785370519305 1804000 3734788 2405444
1785370519343 1804000 3734788 2405444
1785370519379 1804000 3734788 2405444
1785370519418 1804000 3734788 2405444
1785370519454 1804008 3734788 2405444
1785370519492 1804012 3734788 2405444
1785370519529 1804020 3734788 2405444
1785370519567 1804020 3734788 2405444
1785370519604 1804020 3734788 2405444
1785370519641 1804020 3734788 2405444
1785370519680 1804020 3734788 2405444
1785370519717 1804028 3734788 2405444
1785370519755 1804032 3734788 2405444
1785370519792 1804036 3734788 2405444
1785370519830 1804036 3734788 2405444
1785370519867 1804036 3734788 2405444
1785370519905 1804036 3734788 2405444
1785370519944 1804040 3734788 2405444
1785370519982 1804048 3734788 2405444
1785370520019 1804048 3734788 2405444
1785370520058 1804048 3734788 2405444
1785370520096 1804048 3734788 2405444
1785370520131 1804056 3734788 2405444
1785370520171 1804056 3734788 2405444
1785370520207 1804060 3734788 2405444
1785370520244 1804060 3734788 2405444
1785370520282 1804072 3734788 2405444
1785370520320 1804072 3734788 2405444
1785370520358 1804072 3734788 2405444
1785370520394 1804072 3734788 2405444
1785370520431 1804072 3734788 2405444
1785370520468 1804080 3734788 2405444
1785370520505 1804080 3734788 2405444
1785370520543 1804088 3734788 2405444
1785370520582 1804088 3734788 2405444
1785370520621 1804088 3734788 2405444
1785370520658 1804088 3734788 2405444
1785370520696 1804096 3734788 2405444
1785370520734 1804100 3734788 2405444
1785370520772 1804104 3734788 2405444
1785370520811 1804108 3734788 2405444
1785370520849 1804108 3734788 2405444
1785370520889 1804108 3734788 2405444
1785370520926 1804108 3734788 2405444
1785370520965 1804112 3734788 2405444
1785370521002 1804116 3734788 2405444
1785370521040 1804116 3734788 2405444
1785370521078 1804116 3734788 2405444
1785370521117 1804124 3734788 2405444
1785370521154 1804124 3734788 2405444
1785370521193 1822560 3734788 2405444
1785370521231 1822568 3734788 2405444
1785370521269 1822568 3734788 2405444
1785370521307 1822568 3734788 2405444
1785370521345 1822568 3734788 2405444
1785370521384 1822568 3734788 2405444
1785370521421 1832816 3734788 2405444
1785370521459 1841012 3734788 2405444
1785370521497 1841020 3734788 2405444
1785370521535 1841024 3734788 2405444
1785370521573 1841024 3734788 2405444
1785370521611 1859456 3734788 2405444
1785370521649 1859456 3734788 2405444
1785370521686 1859456 3734788 2405444
1785370521724 1859468 3734788 2405444
1785370521762 1859468 3734788 2405444
1785370521802 1859476 3734788 2405444
1785370521841 1859476 3734788 2405444
1785370521879 1877912 3734788 2405444
1785370521917 1877912 3734788 2405444
1785370521956 1896344 3734788 2405444
1785370521994 1896348 3734788 2405444
1785370522031 1896356 3734788 2405444
1785370522070 1896356 3734788 2405444
1785370522108 1914788 3734788 2405444
1785370522147 1914788 3734788 2405444
1785370522186 1914800 3734788 2405444
1785370522225 1914812 3734788 2405444
1785370522262 1914812 3734788 2405444
1785370522300 1740832 3734788 2405444
1785370522338 1740832 3734788 2405444
1785370522376 1740836 3734788 2405444
1785370522414 1740840 3734788 2405444
1785370522452 1740840 3734788 2405444
1785370522490 1740848 3734788 2405444
1785370522529 1722412 3734788 2405444
1785370522566 1703984 3734788 2405444
1785370522604 1703984 3734788 2405444
1785370522642 1722444 3734788 2405444
1785370522680 1837132 3734788 2405444
1785370522718 1878108 3734788 2405444
1785370522755 1878128 3734788 2405444
1785370522792 1878140 3734788 2405444
1785370522830 1878160 3734788 2405444
1785370522867 1878176 3734788 2405444
1785370522902 1878200 3734788 2405444
1785370522939 1878216 3734788 2405444
1785370522975 1878236 3734788 2405444
1785370523010 1907796 3734788 2405444
1785370523049 1925856 3734788 2405444
1785370523088 1945312 3734788 2405444
1785370523125 1961696 3734788 2405444
1785370523160 1908100 3734788 2405444
1785370523199 1908100 3734788 2405444
1785370523238 1908100 3734788 2405444
1785370523276 1908100 3734788 2405444
1785370523314 1908348 3734788 2405444
1785370523353 2011780 3734788 2405444
1785370523391 2030212 3734788 2405444
1785370523429 2045168 3734788 2405444
1785370523467 2063600 3734788 2405444
1785370523505 2079984 3734788 2405444
1785370523542 2098416 3734788 2405444
1785370523581 2114800 3734788 2405444
1785370523618 2133232 3734788 2405444
1785370523657 2151664 3734788 2405444
1785370523695 2168048 3734788 2405444
1785370523734 2186480 3734788 2405444
1785370523772 2204912 3734788 2405444
1785370523810 2209444 3734788 2405444
1785370523849 2209444 3734788 2405444
1785370523887 2209444 3734788 2405444
1785370523925 2209444 3734788 2405444
1785370523963 2209444 3734788 2405444
1785370524001 2209444 3734788 2405444
1785370524039 2209444 3734788 2405444
1785370524077 2209444 3734788 2405444
1785370524115 2209444 3734788 2405444
1785370524153 2209444 3734788 2405444
1785370524191 2218864 3734788 2405444
1785370524228 2237296 3734788 2405444
1785370524267 2253680 3734788 2405444
1785370524304 2269096 3762236 2405444
1785370524435 2297912 3762236 2405444
1785370524582 2322488 3762236 2405444
1785370524707 2359352 3762236 2405444
1785370524853 2383928 3762236 2405444
1785370524983 2420792 3762236 2420792
1785370525128 2445468 3936216 2445468
1785370525254 2472092 3936216 2472092
1785370525403 2498716 3936216 2498716
1785370525525 2515100 3936216 2515100
1785370525610 2545820 3936216 2545820
1785370525757 2570396 3936216 2570396
1785370525839 2594972 3936216 2594972
1785370525964 2613404 3936216 2613404
1785370526090 2474396 3936216 2608420
1785370526129 2474396 3936216 2608420
1785370526165 2474396 3936216 2608420
1785370526202 2474396 3936216 2608420
1785370526240 2474396 3936216 2608420
1785370526278 2474396 3936216 2608420
1785370526316 2474396 3936216 2608420
1785370526354 2474396 3936216 2608420
1785370526392 2474396 3936216 2608420
1785370526430 2474396 3936216 2608420
1785370526468 2474396 3936216 2608420
1785370526506 2474396 3936216 2608420
1785370526545 2474396 3936216 2608420
1785370526582 2474396 3936216 2608420
1785370526621 2474396 3936216 2608420
1785370526659 2474396 3936216 2608420
1785370526698 2474396 3936216 2608420
1785370526738 2474396 3936216 2608420
1785370526776 2474396 3936216 2608420
1785370526814 2474396 3936216 2608420
1785370526852 2474396 3936216 2608420
1785370526890 2474396 3936216 2608420
1785370526929 2474396 3936216 2608420
1785370526967 2474396 3936216 2608420
1785370527005 2474396 3936216 2608420
1785370527043 2474396 3936216 2608420
1785370527082 2474396 3936216 2608420
1785370527120 2474396 3936216 2608420
1785370527158 2474396 3936216 2608420
1785370527196 2474396 3936216 2608420
1785370527235 2474396 3936216 2608420
1785370527273 2474396 3936216 2608420
1785370527312 2474396 3936216 2608420
1785370527351 2474396 3936216 2608420
1785370527389 2474396 3936216 2608420
1785370527428 2474396 3936216 2608420
1785370527466 2040224 3936216 2608420
1785370527506 2040420 3936216 2608420
1785370527546 2040420 3936216 2608420
1785370527586 2040424 3936216 2608420
1785370527627 2040424 3936216 2608420
1785370527667 2040424 3936216 2608420
1785370527705 2040424 3936216 2608420
1785370527746 2040424 3936216 2608420
1785370527787 2040460 3936216 2608420
1785370527828 2040460 3936216 2608420
1785370527869 2040460 3936216 2608420
1785370527909 2040464 3936216 2608420
1785370527949 2040736 3936216 2608420
1785370527990 2040804 3936216 2608420
1785370528030 2040804 3936216 2608420
1785370528069 2040812 3936216 2608420
1785370528108 2040816 3936216 2608420
1785370528148 2040816 3936216 2608420
1785370528187 2042868 3936216 2608420
1785370528226 2042868 3936216 2608420
1785370528267 2042868 3936216 2608420
1785370528307 2042868 3936216 2608420
1785370528349 2042868 3936216 2608420
1785370528390 2042868 3936216 2608420
1785370528430 2042868 3936216 2608420
1785370528471 2042872 3936216 2608420
1785370528512 2042872 3936216 2608420
1785370528552 2042872 3936216 2608420
1785370528592 2042872 3936216 2608420
1785370528634 2042872 3936216 2608420
1785370528674 2042872 3936216 2608420
1785370528713 2042872 3936216 2608420
1785370528757 2042872 3936216 2608420
1785370528797 2042872 3936216 2608420
1785370528837 2042872 3936216 2608420
1785370528877 2043084 3936216 2608420
1785370528918 2043084 3936216 2608420
1785370528958 2043084 3936216 2608420
1785370528998 2043152 3936216 2608420
1785370529038 2043152 3936216 2608420
1785370529078 2043152 3936216 2608420
1785370529117 2043152 3936216 2608420
1785370529157 2043152 3936216 2608420
1785370529197 2043156 3936216 2608420
1785370529237 2043156 3936216 2608420
1785370529277 2043156 3936216 2608420
1785370529316 2043156 3936216 2608420
1785370529356 2043156 3936216 2608420
1785370529396 2043156 3936216 2608420
1785370529435 2043156 3936216 2608420
1785370529475 2043156 3936216 2608420
1785370529515 2043156 3936216 2608420
1785370529555 2043156 3936216 2608420
1785370529594 2043156 3936216 2608420
1785370529634 2043156 3936216 2608420
1785370529672 2043156 3936216 2608420
1785370529711 2043156 3936216 2608420
1785370529750 2043156 3936216 2608420
1785370529790 2043156 3936216 2608420
1785370529831 2043156 3936216 2608420
1785370529872 2043160 3936216 2608420
1785370529912 2043160 3936216 2608420
1785370529952 2043160 3936216 2608420
1785370529993 2043160 3936216 2608420
1785370530034 2043160 3936216 2608420
1785370530075 2043160 3936216 2608420
1785370530113 2043160 3936216 2608420
1785370530154 2043160 3936216 2608420
1785370530194 2043160 3936216 2608420
1785370530235 2043160 3936216 2608420
1785370530275 2043160 3936216 2608420
1785370530315 2043168 3936216 2608420
1785370530353 2043172 3936216 2608420
1785370530394 2043172 3936216 2608420
1785370530431 2043172 3936216 2608420
1785370530467 2043172 3936216 2608420
1785370530507 2043172 3936216 2608420
1785370530544 2043172 3936216 2608420
1785370530585 2043172 3936216 2608420
1785370530624 2043172 3936216 2608420
1785370530661 2043172 3936216 2608420
1785370530698 2043172 3936216 2608420
1785370530735 2043172 3936216 2608420
1785370530771 2043172 3936216 2608420
1785370530811 2043172 3936216 2608420
1785370530852 2043172 3936216 2608420
1785370530892 2043172 3936216 2608420
1785370530933 2043172 3936216 2608420
1785370530972 2043172 3936216 2608420
1785370531012 2043172 3936216 2608420
1785370531054 2043172 3936216 2608420
1785370531093 2043172 3936216 2608420
1785370531132 2043172 3936216 2608420
1785370531171 2049188 3936216 2608420
1785370531210 2049188 3936216 2608420
1785370531249 2049188 3936216 2608420
1785370531289 2049188 3936216 2608420
1785370531330 2049188 3936216 2608420
1785370531369 2049188 3936216 2608420
1785370531409 2049188 3936216 2608420
1785370531451 2049188 3936216 2608420
1785370531491 2049188 3936216 2608420
1785370531531 2049188 3936216 2608420
1785370531569 2061476 3936216 2608420
1785370531609 2061476 3936216 2608420
1785370531650 2061476 3936216 2608420
1785370531691 2061476 3936216 2608420
1785370531732 2061476 3936216 2608420
1785370531773 2061476 3936216 2608420
1785370531814 2061476 3936216 2608420
1785370531855 2061476 3936216 2608420
1785370531896 2061476 3936216 2608420
1785370531937 2061476 3936216 2608420
1785370531975 2061476 3936216 2608420
1785370532015 2061476 3936216 2608420
1785370532055 2061476 3936216 2608420
1785370532096 2061476 3936216 2608420
1785370532137 2061476 3936216 2608420
1785370532177 2061476 3936216 2608420
1785370532219 2061476 3936216 2608420
1785370532259 2061476 3936216 2608420
1785370532300 2061476 3936216 2608420
1785370532343 2061476 3936216 2608420
1785370532382 2061476 3936216 2608420
1785370532420 2061476 3936216 2608420
1785370532464 2061476 3936216 2608420
1785370532503 2061476 3936216 2608420
1785370532543 2061476 3936216 2608420
1785370532584 2061476 3936216 2608420
1785370532626 2061476 3936216 2608420
1785370532666 2061476 3936216 2608420
1785370532707 2061476 3936216 2608420
1785370532748 2061760 3936216 2608420
1785370532790 2061888 3936216 2608420
1785370532829 2061892 3936216 2608420
1785370532865 2064840 3936216 2608420
1785370532904 2092608 3936216 2608420
1785370532943 2097608 3936216 2608420
1785370532979 2113992 3936216 2608420
1785370533014 2141760 3936216 2608420
1785370533055 2190996 3936216 2608420
1785370533097 2190996 3936216 2608420
1785370533138 2190996 3936216 2608420
1785370533180 2190996 3936216 2608420
1785370533218 2190996 3936216 2608420
1785370533257 2190996 3936216 2608420
1785370533294 2190996 3936216 2608420
1785370533330 2190996 3936216 2608420
1785370533371 2190996 3936216 2608420
1785370533410 2190996 3936216 2608420
1785370533451 2190996 3936216 2608420
1785370533491 2190996 3936216 2608420
1785370533532 2190996 3936216 2608420
1785370533574 2191004 3936216 2608420
1785370533614 2191004 3936216 2608420
1785370533655 2191004 3936216 2608420
1785370533696 2191004 3936216 2608420
1785370533736 2191004 3936216 2608420
1785370533777 2191004 3936216 2608420
1785370533818 2191004 3936216 2608420
1785370533859 2191008 3936216 2608420
1785370533900 2191008 3936216 2608420
1785370533941 2191008 3936216 2608420
1785370533981 2191012 3936216 2608420
1785370534021 2191020 3936216 2608420
1785370534062 2191020 3936216 2608420
1785370534103 2191028 3936216 2608420
1785370534145 2191028 3936216 2608420
1785370534186 2191028 3936216 2608420
1785370534225 2191028 3936216 2608420
1785370534268 2191028 3936216 2608420
1785370534309 2191028 3936216 2608420
1785370534349 2191028 3936216 2608420
1785370534390 2191028 3936216 2608420
1785370534431 2191028 3936216 2608420
1785370534471 2191028 3936216 2608420
1785370534513 2191028 3936216 2608420
1785370534553 2191028 3936216 2608420
1785370534594 2191028 3936216 2608420
1785370534635 2191028 3936216 2608420
1785370534677 2191028 3936216 2608420
1785370534718 2191028 3936216 2608420
1785370534758 2191028 3936216 2608420
1785370534800 2191028 3936216 2608420
1785370534841 2191028 3936216 2608420
1785370534880 2191028 3936216 2608420
1785370534923 2191028 3936216 2608420
1785370534964 2191028 3936216 2608420
1785370535005 2191028 3936216 2608420
1785370535047 2191028 3936216 2608420
1785370535087 2191028 3936216 2608420
1785370535128 2191028 3936216 2608420
1785370535167 2191028 3936216 2608420
1785370535208 2191028 3936216 2608420
1785370535249 2191028 3936216 2608420
1785370535290 2191028 3936216 2608420
1785370535330 2191028 3936216 2608420
1785370535371 2191028 3936216 2608420
1785370535412 2191028 3936216 2608420
1785370535453 2191028 3936216 2608420
1785370535494 2191028 3936216 2608420
1785370535535 2191028 3936216 2608420
1785370535575 2191028 3936216 2608420
1785370535616 2191028 3936216 2608420
1785370535656 2191028 3936216 2608420
1785370535697 2191028 3936216 2608420
1785370535738 2191028 3936216 2608420
1785370535778 2191028 3936216 2608420
1785370535818 2191028 3936216 2608420
1785370535859 2191028 3936216 2608420
1785370535899 2191028 3936216 2608420
1785370535940 2191028 3936216 2608420
1785370535981 2191028 3936216 2608420
1785370536023 2191028 3936216 2608420
1785370536063 2191028 3936216 2608420
1785370536104 2191028 3936216 2608420
1785370536145 2191028 3936216 2608420
1785370536186 2191028 3936216 2608420
1785370536226 2191032 3936216 2608420
1785370536267 2191032 3936216 2608420
1785370536309 2191032 3936216 2608420
1785370536350 2191036 3936216 2608420
1785370536389 2191036 3936216 2608420
1785370536429 2191036 3936216 2608420
1785370536467 2191036 3936216 2608420
1785370536507 2191036 3936216 2608420
1785370536547 2191036 3936216 2608420
1785370536587 2191036 3936216 2608420
1785370536628 2191036 3936216 2608420
1785370536668 2191036 3936216 2608420
1785370536706 2191036 3936216 2608420
1785370536745 2191036 3936216 2608420
1785370536784 2191036 3936216 2608420
1785370536825 2191036 3936216 2608420
1785370536866 2191036 3936216 2608420
1785370536907 2191036 3936216 2608420
1785370536947 2191036 3936216 2608420
1785370536987 2191036 3936216 2608420
1785370537026 2191036 3936216 2608420
1785370537067 2191036 3936216 2608420
1785370537106 2191036 3936216 2608420
1785370537147 2191040 3936216 2608420
1785370537188 2191040 3936216 2608420
1785370537226 2191040 3936216 2608420
1785370537266 2191040 3936216 2608420
1785370537306 2191040 3936216 2608420
1785370537346 2191040 3936216 2608420
1785370537386 2191040 3936216 2608420
1785370537426 2191040 3936216 2608420
1785370537465 2191040 3936216 2608420
1785370537503 2191040 3936216 2608420
1785370537544 2191040 3936216 2608420
1785370537588 2191040 3936216 2608420
1785370537627 2191040 3936216 2608420
1785370537667 2191040 3936216 2608420
1785370537711 2191040 3936216 2608420
1785370537751 2191040 3936216 2608420
1785370537790 2191040 3936216 2608420
1785370537832 2191040 3936216 2608420
1785370537872 2191040 3936216 2608420
1785370537915 2191040 3936216 2608420
1785370537955 2191040 3936216 2608420
1785370537995 2191040 3936216 2608420
1785370538038 2191040 3936216 2608420
1785370538080 2191040 3936216 2608420
1785370538119 2191040 3936216 2608420
1785370538157 2191040 3936216 2608420
1785370538196 2191040 3936216 2608420
1785370538233 2191040 3936216 2608420
1785370538272 2191040 3936216 2608420
1785370538313 2191040 3936216 2608420
1785370538353 2191040 3936216 2608420
1785370538391 2191040 3936216 2608420
1785370538433 2191040 3936216 2608420
1785370538472 2191040 3936216 2608420
1785370538511 2191040 3936216 2608420
1785370538550 2191040 3936216 2608420
1785370538592 2191040 3936216 2608420
1785370538632 2191040 3936216 2608420
1785370538673 2191040 3936216 2608420
1785370538713 2191040 3936216 2608420
1785370538753 2191040 3936216 2608420
1785370538792 2191040 3936216 2608420
1785370538830 2191040 3936216 2608420
1785370538870 2191040 3936216 2608420
1785370538908 2191040 3936216 2608420
1785370538947 2191040 3936216 2608420
1785370538992 2215616 3936216 2608420
1785370539034 2215616 3936216 2608420
1785370539073 2215616 3936216 2608420
1785370539110 2215616 3936216 2608420
1785370539147 2215616 3936216 2608420
1785370539185 2215616 3936216 2608420
1785370539222 2215616 3936216 2608420
1785370539260 2215616 3936216 2608420
1785370539300 2215616 3936216 2608420
1785370539338 2215616 3936216 2608420
1785370539379 2215616 3936216 2608420
1785370539419 2215616 3936216 2608420
1785370539456 2215616 3936216 2608420
1785370539495 2215624 3936216 2608420
1785370539532 2215624 3936216 2608420
1785370539569 2215624 3936216 2608420
1785370539610 2215624 3936216 2608420
1785370539650 2215624 3936216 2608420
1785370539688 2215624 3936216 2608420
1785370539729 2215624 3936216 2608420
1785370539769 2215628 3936216 2608420
1785370539810 2215628 3936216 2608420
1785370539851 2215628 3936216 2608420
1785370539890 2215632 3936216 2608420
1785370539931 2215640 3936216 2608420
1785370539971 2215640 3936216 2608420
1785370540013 2215640 3936216 2608420
1785370540053 2215640 3936216 2608420
1785370540094 2215640 3936216 2608420
1785370540133 2215640 3936216 2608420
1785370540176 2215640 3936216 2608420
1785370540215 2215640 3936216 2608420
1785370540255 2215640 3936216 2608420
1785370540298 2215644 3936216 2608420
1785370540337 2215644 3936216 2608420
1785370540377 2215644 3936216 2608420
1785370540419 2215644 3936216 2608420
1785370540459 2215644 3936216 2608420
1785370540499 2215644 3936216 2608420
1785370540541 2215644 3936216 2608420
1785370540583 2215644 3936216 2608420
1785370540624 2215644 3936216 2608420
1785370540667 2215644 3936216 2608420
1785370540708 2215644 3936216 2608420
1785370540749 2215644 3936216 2608420
1785370540788 2215644 3936216 2608420
1785370540831 2215644 3936216 2608420
1785370540873 2215644 3936216 2608420
1785370540913 2215644 3936216 2608420
1785370540952 2215644 3936216 2608420
1785370540994 2215644 3936216 2608420
1785370541034 2215644 3936216 2608420
1785370541072 2215644 3936216 2608420
1785370541111 2215644 3936216 2608420
1785370541150 2215644 3936216 2608420
1785370541188 2215644 3936216 2608420
1785370541226 2215644 3936216 2608420
1785370541267 2215644 3936216 2608420
1785370541307 2215644 3936216 2608420
1785370541348 2215644 3936216 2608420
1785370541388 2215644 3936216 2608420
1785370541427 2215644 3936216 2608420
1785370541465 2215644 3936216 2608420
1785370541503 2215644 3936216 2608420
1785370541542 2215644 3936216 2608420
1785370541580 2215644 3936216 2608420
1785370541618 2215644 3936216 2608420
1785370541657 2215644 3936216 2608420
1785370541698 2215644 3936216 2608420
1785370541737 2215644 3936216 2608420
1785370541774 2215644 3936216 2608420
1785370541812 2215644 3936216 2608420
1785370541849 2215644 3936216 2608420
1785370541886 2215644 3936216 2608420
1785370541925 2215644 3936216 2608420
1785370541964 2215644 3936216 2608420
1785370542003 2215644 3936216 2608420
1785370542041 2215644 3936216 2608420
1785370542079 2215644 3936216 2608420
1785370542117 2215644 3936216 2608420
1785370542156 2215652 3936216 2608420
1785370542197 2215656 3936216 2608420
1785370542236 2215656 3936216 2608420
1785370542272 2215656 3936216 2608420
1785370542311 2215656 3936216 2608420
1785370542350 2215656 3936216 2608420
1785370542386 2215656 3936216 2608420
1785370542423 2215656 3936216 2608420
1785370542462 2215656 3936216 2608420
1785370542503 2215656 3936216 2608420
1785370542544 2215656 3936216 2608420
1785370542584 2215656 3936216 2608420
1785370542622 2215656 3936216 2608420
1785370542665 2215656 3936216 2608420
1785370542704 2215656 3936216 2608420
1785370542743 2215656 3936216 2608420
1785370542784 2215656 3936216 2608420
1785370542823 2215656 3936216 2608420
1785370542863 2215656 3936216 2608420
1785370542901 2215656 3936216 2608420
1785370542941 2215656 3936216 2608420
1785370542981 2215656 3936216 2608420
1785370543021 2215656 3936216 2608420
1785370543061 2215656 3936216 2608420
1785370543101 2215656 3936216 2608420
1785370543140 2215656 3936216 2608420
1785370543178 2215656 3936216 2608420
1785370543219 2215656 3936216 2608420
1785370543259 2215656 3936216 2608420
1785370543297 2215656 3936216 2608420
1785370543335 2215660 3936216 2608420
1785370543375 2215660 3936216 2608420
1785370543413 2215660 3936216 2608420
1785370543454 2215660 3936216 2608420
1785370543496 2215660 3936216 2608420
1785370543537 2215660 3936216 2608420
1785370543577 2215660 3936216 2608420
1785370543619 2215660 3936216 2608420
1785370543659 2215660 3936216 2608420
1785370543698 2215660 3936216 2608420
1785370543738 2215660 3936216 2608420
1785370543777 2215660 3936216 2608420
1785370543816 2215660 3936216 2608420
1785370543855 2215660 3936216 2608420
1785370543896 2215660 3936216 2608420
1785370543936 2215660 3936216 2608420
1785370543977 2215660 3936216 2608420
1785370544016 2215660 3936216 2608420
1785370544054 2215660 3936216 2608420
1785370544094 2215660 3936216 2608420
1785370544133 2215660 3936216 2608420
1785370544171 2215660 3936216 2608420
1785370544214 2215660 3936216 2608420
1785370544253 2215660 3936216 2608420
1785370544294 2215660 3936216 2608420
1785370544338 2215660 3936216 2608420
1785370544378 2215660 3936216 2608420
1785370544419 2215660 3936216 2608420
1785370544460 2215660 3936216 2608420
1785370544504 2215660 3936216 2608420
1785370544544 2215660 3936216 2608420
1785370544582 2215660 3936216 2608420
1785370544620 2215660 3936216 2608420
1785370544660 2215660 3936216 2608420
1785370544697 2215660 3936216 2608420
1785370544737 2215660 3936216 2608420
1785370544783 2215660 3936216 2608420
1785370544823 2215660 3936216 2608420
1785370544863 2215660 3936216 2608420
1785370544902 2215660 3936216 2608420
1785370544939 2215660 3936216 2608420
1785370544978 2215660 3936216 2608420
1785370545016 2215660 3936216 2608420
1785370545056 2215660 3936216 2608420
1785370545094 2215660 3936216 2608420
1785370545133 2215660 3936216 2608420
1785370545174 2215660 3936216 2608420
1785370545214 2215664 3936216 2608420
1785370545252 2215664 3936216 2608420
1785370545289 2215664 3936216 2608420
1785370545329 2215664 3936216 2608420
1785370545370 2215664 3936216 2608420
1785370545410 2215664 3936216 2608420
1785370545449 2215664 3936216 2608420
1785370545487 2215664 3936216 2608420
1785370545525 2215664 3936216 2608420
1785370545562 2215672 3936216 2608420
1785370545600 2215672 3936216 2608420
1785370545642 2215676 3936216 2608420
1785370545682 2215680 3936216 2608420
1785370545724 2215684 3936216 2608420
1785370545764 2215684 3936216 2608420
1785370545806 2215684 3936216 2608420
1785370545846 2215684 3936216 2608420
1785370545884 2215684 3936216 2608420
1785370545922 2215684 3936216 2608420
1785370545962 2215684 3936216 2608420
1785370546003 2215684 3936216 2608420
1785370546044 2215684 3936216 2608420
1785370546081 2215684 3936216 2608420
1785370546121 2215684 3936216 2608420
1785370546163 2215684 3936216 2608420
1785370546204 2215684 3936216 2608420
1785370546243 2215684 3936216 2608420
1785370546284 2215688 3936216 2608420
1785370546325 2215688 3936216 2608420
1785370546365 2215688 3936216 2608420
1785370546408 2215688 3936216 2608420
1785370546448 2215688 3936216 2608420
1785370546488 2215688 3936216 2608420
1785370546530 2215688 3936216 2608420
1785370546570 2215688 3936216 2608420
1785370546609 2215688 3936216 2608420
1785370546650 2215688 3936216 2608420
1785370546690 2215688 3936216 2608420
1785370546731 2215688 3936216 2608420
1785370546771 2215688 3936216 2608420
1785370546812 2215688 3936216 2608420
1785370546851 2215688 3936216 2608420
1785370546892 2215688 3936216 2608420
1785370546932 2215688 3936216 2608420
1785370546972 2215688 3936216 2608420
1785370547011 2215688 3936216 2608420
1785370547052 2215688 3936216 2608420
1785370547092 2215688 3936216 2608420
1785370547134 2215688 3936216 2608420
1785370547175 2215688 3936216 2608420
1785370547213 2215688 3936216 2608420
1785370547252 2215688 3936216 2608420
1785370547293 2215688 3936216 2608420
1785370547332 2215688 3936216 2608420
1785370547373 2215688 3936216 2608420
1785370547413 2215688 3936216 2608420
1785370547454 2215688 3936216 2608420
1785370547495 2215688 3936216 2608420
1785370547535 2215688 3936216 2608420
1785370547575 2215688 3936216 2608420
1785370547617 2215688 3936216 2608420
1785370547657 2215688 3936216 2608420
1785370547695 2215688 3936216 2608420
1785370547733 2215688 3936216 2608420
1785370547771 2215688 3936216 2608420
1785370547808 2215688 3936216 2608420
1785370547846 2215688 3936216 2608420
1785370547883 2215696 3936216 2608420
1785370547920 2215696 3936216 2608420
1785370547958 2215696 3936216 2608420
1785370547993 2215696 3936216 2608420
1785370548029 2215696 3936216 2608420
1785370548065 2215696 3936216 2608420
1785370548100 2215696 3936216 2608420
1785370548136 2215696 3936216 2608420
1785370548177 2215696 3936216 2608420
1785370548216 2215696 3936216 2608420
1785370548252 2215696 3936216 2608420
1785370548288 2215696 3936216 2608420
1785370548324 2215696 3936216 2608420
1785370548360 2215696 3936216 2608420
1785370548398 2215696 3936216 2608420
1785370548437 2215696 3936216 2608420
1785370548475 2215696 3936216 2608420
1785370548512 2215696 3936216 2608420
1785370548549 2215696 3936216 2608420
1785370548588 2215696 3936216 2608420
1785370548626 2215696 3936216 2608420
1785370548665 2215696 3936216 2608420
1785370548705 2215696 3936216 2608420
1785370548743 2215696 3936216 2608420
1785370548780 2215696 3936216 2608420
1785370548820 2215696 3936216 2608420
1785370548857 2215696 3936216 2608420
1785370548894 2215696 3936216 2608420
1785370548933 2215696 3936216 2608420
1785370548971 2215696 3936216 2608420
1785370549008 2215696 3936216 2608420
1785370549044 2215696 3936216 2608420
1785370549083 2215696 3936216 2608420
1785370549121 2215696 3936216 2608420
1785370549158 2215696 3936216 2608420
1785370549198 2215696 3936216 2608420
1785370549237 2215696 3936216 2608420
1785370549275 2215696 3936216 2608420
1785370549313 2215696 3936216 2608420
1785370549351 2215696 3936216 2608420
1785370549392 2215696 3936216 2608420
1785370549429 2215696 3936216 2608420
1785370549466 2215696 3936216 2608420
1785370549505 2215700 3936216 2608420
1785370549543 2215700 3936216 2608420
1785370549581 2215700 3936216 2608420
1785370549620 2215704 3936216 2608420
1785370549658 2215704 3936216 2608420
1785370549696 2215704 3936216 2608420
1785370549732 2215704 3936216 2608420
1785370549771 2215704 3936216 2608420
1785370549808 2215704 3936216 2608420
1785370549846 2215704 3936216 2608420
1785370549886 2215704 3936216 2608420
1785370549923 2215704 3936216 2608420
1785370549959 2215704 3936216 2608420
1785370549999 2215704 3936216 2608420
1785370550038 2215704 3936216 2608420
1785370550079 2215704 3936216 2608420
1785370550120 2215704 3936216 2608420
1785370550160 2215704 3936216 2608420
1785370550199 2215704 3936216 2608420
1785370550235 2215704 3936216 2608420
1785370550270 2215704 3936216 2608420
1785370550307 2215704 3936216 2608420
1785370550342 2215704 3936216 2608420
1785370550379 2240280 3936216 2608420
1785370550423 2264856 3936216 2608420
1785370550461 2264856 3936216 2608420
1785370550500 2191256 3936216 2608420
1785370550535 2191256 3936216 2608420
1785370550572 2191256 3936216 2608420
1785370550609 2191256 3936216 2608420
1785370550645 2191256 3936216 2608420
1785370550682 2191256 3936216 2608420
1785370550718 2191256 3936216 2608420
1785370550755 2191256 3936216 2608420
1785370550790 2191256 3936216 2608420
1785370550827 2191256 3936216 2608420
1785370550862 2191256 3936216 2608420
1785370550899 2191256 3936216 2608420
1785370550935 2191256 3936216 2608420
1785370550973 2191256 3936216 2608420
1785370551010 2191256 3936216 2608420
1785370551048 2191256 3936216 2608420
1785370551084 2191256 3936216 2608420
1785370551123 2191256 3936216 2608420
1785370551160 2191260 3936216 2608420
1785370551197 2191260 3936216 2608420
1785370551234 2191260 3936216 2608420
1785370551271 2191264 3936216 2608420
1785370551308 2191276 3936216 2608420
1785370551346 2191276 3936216 2608420
1785370551385 2191276 3936216 2608420
1785370551424 2191276 3936216 2608420
1785370551463 2191276 3936216 2608420
1785370551500 2191276 3936216 2608420
1785370551539 2191276 3936216 2608420
1785370551577 2191276 3936216 2608420
1785370551614 2191276 3936216 2608420
1785370551652 2191276 3936216 2608420
1785370551690 2191276 3936216 2608420
1785370551727 2191276 3936216 2608420
1785370551764 2191276 3936216 2608420
1785370551801 2191276 3936216 2608420
1785370551840 2191276 3936216 2608420
1785370551881 2191276 3936216 2608420
1785370551921 2191276 3936216 2608420
1785370551959 2191276 3936216 2608420
1785370551997 2191276 3936216 2608420
1785370552037 2191276 3936216 2608420
1785370552075 2191276 3936216 2608420
1785370552112 2191276 3936216 2608420
1785370552151 2191276 3936216 2608420
1785370552190 2191276 3936216 2608420
1785370552228 2191276 3936216 2608420
1785370552266 2191276 3936216 2608420
1785370552304 2191276 3936216 2608420
1785370552341 2191276 3936216 2608420
1785370552378 2191276 3936216 2608420
1785370552417 2191276 3936216 2608420
1785370552455 2191280 3936216 2608420
1785370552497 2191280 3936216 2608420
1785370552537 2191280 3936216 2608420
1785370552578 2191280 3936216 2608420
1785370552619 2191280 3936216 2608420
1785370552657 2191280 3936216 2608420
1785370552698 2191280 3936216 2608420
1785370552738 2191280 3936216 2608420
1785370552779 2191280 3936216 2608420
1785370552819 2191280 3936216 2608420
1785370552859 2191280 3936216 2608420
1785370552898 2191280 3936216 2608420
1785370552938 2191280 3936216 2608420
1785370552978 2191280 3936216 2608420
1785370553018 2191280 3936216 2608420
1785370553058 2191280 3936216 2608420
1785370553097 2191280 3936216 2608420
1785370553139 2191280 3936216 2608420
1785370553179 2191280 3936216 2608420
1785370553220 2191280 3936216 2608420
1785370553261 2191280 3936216 2608420
1785370553303 2191280 3936216 2608420
1785370553343 2191280 3936216 2608420
1785370553381 2191280 3936216 2608420
1785370553418 2191280 3936216 2608420
1785370553457 2191280 3936216 2608420
1785370553495 2191288 3936216 2608420
1785370553535 2191288 3936216 2608420
1785370553574 2191288 3936216 2608420
1785370553611 2191288 3936216 2608420
1785370553652 2191288 3936216 2608420
1785370553692 2191288 3936216 2608420
1785370553731 2191288 3936216 2608420
1785370553771 2191288 3936216 2608420
1785370553812 2191288 3936216 2608420
1785370553853 2191288 3936216 2608420
1785370553895 2191288 3936216 2608420
1785370553934 2191288 3936216 2608420
1785370553975 2191288 3936216 2608420
1785370554015 2191288 3936216 2608420
1785370554057 2191288 3936216 2608420
1785370554097 2191292 3936216 2608420
1785370554136 2191292 3936216 2608420
1785370554176 2191292 3936216 2608420
1785370554217 2191292 3936216 2608420
1785370554256 2191292 3936216 2608420
1785370554298 2191296 3936216 2608420
1785370554338 2191296 3936216 2608420
1785370554375 2191296 3936216 2608420
1785370554416 2191296 3936216 2608420
1785370554458 2191296 3936216 2608420
1785370554495 2191296 3936216 2608420
1785370554533 2191296 3936216 2608420
1785370554576 2191300 3936216 2608420
1785370554615 2191300 3936216 2608420
1785370554656 2191300 3936216 2608420
1785370554697 2191300 3936216 2608420
1785370554738 2191300 3936216 2608420
1785370554777 2191300 3936216 2608420
1785370554819 2191300 3936216 2608420
1785370554860 2191300 3936216 2608420
1785370554898 2191300 3936216 2608420
1785370554938 2191300 3936216 2608420
1785370554977 2191300 3936216 2608420
1785370555020 2191300 3936216 2608420
1785370555059 2191300 3936216 2608420
1785370555100 2191300 3936216 2608420
1785370555140 2191300 3936216 2608420
1785370555181 2191300 3936216 2608420
1785370555221 2191300 3936216 2608420
1785370555259 2191300 3936216 2608420
1785370555300 2191300 3936216 2608420
1785370555339 2191300 3936216 2608420
1785370555378 2191300 3936216 2608420
1785370555420 2191300 3936216 2608420
1785370555460 2191300 3936216 2608420
1785370555502 2191300 3936216 2608420
1785370555543 2191300 3936216 2608420
1785370555584 2191300 3936216 2608420
1785370555625 2191300 3936216 2608420
1785370555668 2191300 3936216 2608420
1785370555709 2191300 3936216 2608420
1785370555748 2191300 3936216 2608420
1785370555788 2191300 3936216 2608420
1785370555829 2191300 3936216 2608420
1785370555866 2191300 3936216 2608420
1785370555905 2191300 3936216 2608420
1785370555943 2191300 3936216 2608420
1785370555979 2191300 3936216 2608420
1785370556018 2191300 3936216 2608420
1785370556058 2288596 3936216 2608420
1785370556102 2215876 3936216 2608420
1785370556142 2215876 3936216 2608420
1785370556181 2215876 3936216 2608420
1785370556220 2215876 3936216 2608420
1785370556258 2215876 3936216 2608420
1785370556296 2215876 3936216 2608420
1785370556332 2215876 3936216 2608420
1785370556371 2215876 3936216 2608420
1785370556410 2215876 3936216 2608420
1785370556451 2215876 3936216 2608420
1785370556492 2215876 3936216 2608420
1785370556530 2215876 3936216 2608420
1785370556571 2215880 3936216 2608420
1785370556611 2215880 3936216 2608420
1785370556651 2215880 3936216 2608420
1785370556691 2215880 3936216 2608420
1785370556732 2215880 3936216 2608420
1785370556771 2215880 3936216 2608420
1785370556809 2215880 3936216 2608420
1785370556848 2215880 3936216 2608420
1785370556889 2215880 3936216 2608420
1785370556929 2215880 3936216 2608420
1785370556968 2215892 3936216 2608420
1785370557006 2215892 3936216 2608420
1785370557047 2215892 3936216 2608420
1785370557087 2215896 3936216 2608420
1785370557126 2215900 3936216 2608420
1785370557163 2215900 3936216 2608420
1785370557201 2215900 3936216 2608420
1785370557243 2215900 3936216 2608420
1785370557282 2215900 3936216 2608420
1785370557323 2215904 3936216 2608420
1785370557366 2215904 3936216 2608420
1785370557406 2215904 3936216 2608420
1785370557443 2215904 3936216 2608420
1785370557483 2215904 3936216 2608420
1785370557521 2215904 3936216 2608420
1785370557562 2215904 3936216 2608420
1785370557604 2215904 3936216 2608420
1785370557645 2215904 3936216 2608420
1785370557685 2215904 3936216 2608420
1785370557726 2215904 3936216 2608420
1785370557767 2215904 3936216 2608420
1785370557806 2215904 3936216 2608420
1785370557848 2215904 3936216 2608420
1785370557887 2215904 3936216 2608420
1785370557926 2215904 3936216 2608420
1785370557965 2215904 3936216 2608420
1785370558004 2215904 3936216 2608420
1785370558047 2215904 3936216 2608420
1785370558087 2215904 3936216 2608420
1785370558126 2215904 3936216 2608420
1785370558168 2215904 3936216 2608420
1785370558207 2215904 3936216 2608420
1785370558246 2215904 3936216 2608420
1785370558287 2215904 3936216 2608420
1785370558327 2215904 3936216 2608420
1785370558368 2215904 3936216 2608420
1785370558408 2215904 3936216 2608420
1785370558448 2215904 3936216 2608420
1785370558487 2215904 3936216 2608420
1785370558527 2215904 3936216 2608420
1785370558569 2215904 3936216 2608420
1785370558609 2215904 3936216 2608420
1785370558651 2215904 3936216 2608420
1785370558691 2215904 3936216 2608420
1785370558730 2215904 3936216 2608420
1785370558772 2215904 3936216 2608420
1785370558811 2215904 3936216 2608420
1785370558853 2215904 3936216 2608420
1785370558892 2215904 3936216 2608420
1785370558930 2215904 3936216 2608420
1785370558972 2215904 3936216 2608420
1785370559011 2215904 3936216 2608420
1785370559050 2215904 3936216 2608420
1785370559091 2215904 3936216 2608420
1785370559130 2215904 3936216 2608420
1785370559171 2215904 3936216 2608420
1785370559212 2215904 3936216 2608420
1785370559253 2215912 3936216 2608420
1785370559293 2215912 3936216 2608420
1785370559332 2215912 3936216 2608420
1785370559371 2215912 3936216 2608420
1785370559411 2215912 3936216 2608420
1785370559449 2215912 3936216 2608420
1785370559488 2215912 3936216 2608420
1785370559528 2215912 3936216 2608420
1785370559568 2215912 3936216 2608420
1785370559608 2215912 3936216 2608420
1785370559648 2215912 3936216 2608420
1785370559688 2215912 3936216 2608420
1785370559728 2215912 3936216 2608420
1785370559767 2215912 3936216 2608420
1785370559810 2215912 3936216 2608420
1785370559849 2215912 3936216 2608420
1785370559890 2215916 3936216 2608420
1785370559930 2215916 3936216 2608420
1785370559971 2215916 3936216 2608420
1785370560011 2215916 3936216 2608420
1785370560052 2215916 3936216 2608420
1785370560091 2215916 3936216 2608420
1785370560132 2215916 3936216 2608420
1785370560175 2215916 3936216 2608420
1785370560214 2215916 3936216 2608420
1785370560254 2215920 3936216 2608420
1785370560295 2215920 3936216 2608420
1785370560335 2215920 3936216 2608420
1785370560374 2215920 3936216 2608420
1785370560417 2215920 3936216 2608420
1785370560457 2215920 3936216 2608420
1785370560495 2215920 3936216 2608420
1785370560538 2215920 3936216 2608420
1785370560578 2215920 3936216 2608420
1785370560616 2215920 3936216 2608420
1785370560655 2215920 3936216 2608420
1785370560697 2215920 3936216 2608420
1785370560737 2215920 3936216 2608420
1785370560778 2215920 3936216 2608420
1785370560817 2215920 3936216 2608420
1785370560857 2215920 3936216 2608420
1785370560897 2215920 3936216 2608420
1785370560937 2215920 3936216 2608420
1785370560977 2215920 3936216 2608420
1785370561016 2215920 3936216 2608420
1785370561054 2215920 3936216 2608420
1785370561094 2215920 3936216 2608420
1785370561137 2215920 3936216 2608420
1785370561177 2215920 3936216 2608420
1785370561218 2215920 3936216 2608420
1785370561259 2221936 3936216 2608420
1785370561300 2221936 3936216 2608420
1785370561338 2221936 3936216 2608420
1785370561379 2221936 3936216 2608420
1785370561419 2221936 3936216 2608420
1785370561458 2221936 3936216 2608420
1785370561495 2234224 3936216 2608420
1785370561535 2234224 3936216 2608420
1785370561578 2234224 3936216 2608420
1785370561617 2234224 3936216 2608420
1785370561654 2258800 3936216 2608420
1785370561694 2258800 3936216 2608420
1785370561733 2276088 3936216 2608420
1785370561772 2307952 3936216 2608420
1785370561813 2406256 3936216 2608420
1785370561854 2332656 3936216 2608420
1785370561895 2332656 3936216 2608420
1785370561934 2332656 3936216 2608420
1785370561975 2332656 3936216 2608420
1785370562015 2194416 3936216 2608420
1785370562052 2194416 3936216 2608420
1785370562091 2194416 3936216 2608420
1785370562132 2194416 3936216 2608420
1785370562173 2194416 3936216 2608420
1785370562213 2194416 3936216 2608420
1785370562253 2194416 3936216 2608420
1785370562292 2194416 3936216 2608420
1785370562333 2194420 3936216 2608420
1785370562373 2194420 3936216 2608420
1785370562412 2194420 3936216 2608420
1785370562453 2194420 3936216 2608420
1785370562493 2194420 3936216 2608420
1785370562531 2194420 3936216 2608420
1785370562569 2194420 3936216 2608420
1785370562608 2194420 3936216 2608420
1785370562645 2194420 3936216 2608420
1785370562687 2194420 3936216 2608420
1785370562726 2194428 3936216 2608420
1785370562767 2194432 3936216 2608420
1785370562807 2194432 3936216 2608420
1785370562849 2194432 3936216 2608420
1785370562888 2194432 3936216 2608420
1785370562928 2194432 3936216 2608420
1785370562968 2194432 3936216 2608420
1785370563008 2194432 3936216 2608420
1785370563047 2194432 3936216 2608420
1785370563087 2200448 3936216 2608420
1785370563131 2200448 3936216 2608420
1785370563170 2200448 3936216 2608420
1785370563211 2200448 3936216 2608420
1785370563254 2200448 3936216 2608420
1785370563294 2200448 3936216 2608420
1785370563334 2200452 3936216 2608420
1785370563374 2218884 3936216 2608420
1785370563413 2218884 3936216 2608420
1785370563453 2218884 3936216 2608420
1785370563494 2218884 3936216 2608420
1785370563535 2218884 3936216 2608420
1785370563574 2218884 3936216 2608420
1785370563617 2218884 3936216 2608420
1785370563657 2218884 3936216 2608420
1785370563696 2218884 3936216 2608420
1785370563738 2218884 3936216 2608420
1785370563778 2218884 3936216 2608420
1785370563817 2218884 3936216 2608420
1785370563859 2218884 3936216 2608420
1785370563899 2218884 3936216 2608420
1785370563941 2218884 3936216 2608420
1785370563982 2218884 3936216 2608420
1785370564020 2218884 3936216 2608420
1785370564061 2218884 3936216 2608420
1785370564100 2218884 3936216 2608420
1785370564142 2218884 3936216 2608420
1785370564183 2218884 3936216 2608420
1785370564222 2218884 3936216 2608420
1785370564264 2218884 3936216 2608420
1785370564303 2218884 3936216 2608420
1785370564344 2218884 3936216 2608420
1785370564385 2218884 3936216 2608420
1785370564426 2218884 3936216 2608420
1785370564466 2218884 3936216 2608420
1785370564508 2218884 3936216 2608420
1785370564548 2218884 3936216 2608420
1785370564587 2218884 3936216 2608420
1785370564629 2218884 3936216 2608420
1785370564669 2218884 3936216 2608420
1785370564708 2218884 3936216 2608420
1785370564749 2218884 3936216 2608420
1785370564791 2218884 3936216 2608420
1785370564831 2218884 3936216 2608420
1785370564871 2218884 3936216 2608420
1785370564911 2218884 3936216 2608420
1785370564952 2218892 3936216 2608420
1785370564992 2218896 3936216 2608420
1785370565030 2218896 3936216 2608420
1785370565067 2218896 3936216 2608420
1785370565105 2218896 3936216 2608420
1785370565143 2218896 3936216 2608420
1785370565182 2218896 3936216 2608420
1785370565220 2218896 3936216 2608420
1785370565262 2218896 3936216 2608420
1785370565302 2218896 3936216 2608420
1785370565343 2218896 3936216 2608420
1785370565384 2218896 3936216 2608420
1785370565424 2218896 3936216 2608420
1785370565465 2218896 3936216 2608420
1785370565507 2218900 3936216 2608420
1785370565548 2218900 3936216 2608420
1785370565588 2218900 3936216 2608420
1785370565627 2218900 3936216 2608420
1785370565669 2218900 3936216 2608420
1785370565708 2218900 3936216 2608420
1785370565748 2218900 3936216 2608420
1785370565791 2218900 3936216 2608420
1785370565831 2218900 3936216 2608420
1785370565872 2218900 3936216 2608420
1785370565911 2231188 3936216 2608420
1785370565950 2231188 3936216 2608420
1785370565991 2231188 3936216 2608420
1785370566031 2231188 3936216 2608420
1785370566070 2231188 3936216 2608420
1785370566110 2231188 3936216 2608420
1785370566149 2231188 3936216 2608420
1785370566192 2231188 3936216 2608420
1785370566231 2231188 3936216 2608420
1785370566272 2231188 3936216 2608420
1785370566312 2231188 3936216 2608420
1785370566354 2231188 3936216 2608420
1785370566394 2231188 3936216 2608420
1785370566433 2231188 3936216 2608420
1785370566473 2231188 3936216 2608420
1785370566513 2231188 3936216 2608420
1785370566554 2231188 3936216 2608420
1785370566593 2231188 3936216 2608420
1785370566632 2243476 3936216 2608420
1785370566670 2243476 3936216 2608420
1785370566707 2243476 3936216 2608420
1785370566748 2243476 3936216 2608420
1785370566789 2243476 3936216 2608420
1785370566829 2243476 3936216 2608420
1785370566869 2255764 3936216 2608420
1785370566908 2255764 3936216 2608420
1785370566949 2255764 3936216 2608420
1785370566990 2255764 3936216 2608420
1785370567029 2255764 3936216 2608420
1785370567070 2255764 3936216 2608420
1785370567110 2255764 3936216 2608420
1785370567153 2255764 3936216 2608420
1785370567193 2255764 3936216 2608420
1785370567234 2249872 3936216 2608420
1785370567276 2194452 3936216 2608420
1785370567316 2202396 3936216 2608420
1785370567356 2218984 3936216 2608420
1785370567396 2237212 3936216 2608420
1785370567434 2268052 3936216 2608420
1785370567474 2268052 3936216 2608420
1785370567512 2268052 3936216 2608420
1785370567549 2317204 3936216 2608420
1785370567585 2219028 3936216 2608420
1785370567625 2219028 3936216 2608420
1785370567667 2219028 3936216 2608420
1785370567706 2219028 3936216 2608420
1785370567746 2219028 3936216 2608420
1785370567784 2219028 3936216 2608420
1785370567820 2219028 3936216 2608420
1785370567861 2219028 3936216 2608420
1785370567901 2219028 3936216 2608420
1785370567943 2219028 3936216 2608420
1785370567982 2219028 3936216 2608420
1785370568022 2219028 3936216 2608420
1785370568063 2219032 3936216 2608420
1785370568102 2219032 3936216 2608420
1785370568142 2219032 3936216 2608420
1785370568181 2219032 3936216 2608420
1785370568220 2219032 3936216 2608420
1785370568261 2219032 3936216 2608420
1785370568301 2219032 3936216 2608420
1785370568343 2219032 3936216 2608420
1785370568382 2219032 3936216 2608420
1785370568423 2219032 3936216 2608420
1785370568463 2219036 3936216 2608420
1785370568504 2219048 3936216 2608420
1785370568544 2219048 3936216 2608420
1785370568582 2219048 3936216 2608420
1785370568620 2219048 3936216 2608420
1785370568660 2219048 3936216 2608420
1785370568701 2219052 3936216 2608420
1785370568742 2219052 3936216 2608420
1785370568783 2219052 3936216 2608420
1785370568823 2225068 3936216 2608420
1785370568861 2249644 3936216 2608420
1785370568900 2249644 3936216 2608420
1785370568938 2249644 3936216 2608420
1785370568979 2249644 3936216 2608420
1785370569020 2249644 3936216 2608420
1785370569061 2249644 3936216 2608420
1785370569102 2249644 3936216 2608420
1785370569141 2249644 3936216 2608420
1785370569181 2249644 3936216 2608420
1785370569222 2255788 3936216 2608420
1785370569262 2255788 3936216 2608420
1785370569303 2255788 3936216 2608420
1785370569345 2255788 3936216 2608420
1785370569386 2255788 3936216 2608420
1785370569428 2255788 3936216 2608420
1785370569468 2255788 3936216 2608420
1785370569510 2255788 3936216 2608420
1785370569551 2255788 3936216 2608420
1785370569590 2255788 3936216 2608420
1785370569632 2255788 3936216 2608420
1785370569671 2255788 3936216 2608420
1785370569709 2255788 3936216 2608420
1785370569750 2255788 3936216 2608420
1785370569790 2255788 3936216 2608420
1785370569830 2255788 3936216 2608420
1785370569871 2255788 3936216 2608420
1785370569913 2255788 3936216 2608420
1785370569955 2255788 3936216 2608420
1785370569995 2255788 3936216 2608420
1785370570037 2255788 3936216 2608420
1785370570077 2255788 3936216 2608420
1785370570116 2255788 3936216 2608420
1785370570158 2255788 3936216 2608420
1785370570199 2255788 3936216 2608420
1785370570238 2255788 3936216 2608420
1785370570280 2255788 3936216 2608420
1785370570319 2255788 3936216 2608420
1785370570358 2255788 3936216 2608420
1785370570396 2255788 3936216 2608420
1785370570438 2255788 3936216 2608420
1785370570481 2255788 3936216 2608420
1785370570523 2255788 3936216 2608420
1785370570563 2255788 3936216 2608420
1785370570602 2255788 3936216 2608420
1785370570643 2255788 3936216 2608420
1785370570684 2255788 3936216 2608420
1785370570723 2255792 3936216 2608420
1785370570764 2194480 3936216 2608420
1785370570805 2194480 3936216 2608420
1785370570842 2194480 3936216 2608420
1785370570880 2194480 3936216 2608420
1785370570917 2194480 3936216 2608420
1785370570953 2194480 3936216 2608420
1785370570994 2194480 3936216 2608420
1785370571033 2194480 3936216 2608420
1785370571074 2194480 3936216 2608420
1785370571114 2194480 3936216 2608420
1785370571156 2194480 3936216 2608420
1785370571196 2194480 3936216 2608420
1785370571238 2194480 3936216 2608420
1785370571278 2194484 3936216 2608420
1785370571317 2199908 3936216 2608420
1785370571355 2218932 3936216 2608420
1785370571397 2249656 3936216 2608420
1785370571438 2249656 3936216 2608420
1785370571478 2249656 3936216 2608420
1785370571517 2261944 3936216 2608420
1785370571560 2261944 3936216 2608420
1785370571600 2261944 3936216 2608420
1785370571640 2261944 3936216 2608420
1785370571681 2280380 3936216 2608420
1785370571720 2280380 3936216 2608420
1785370571760 2280380 3936216 2608420
1785370571803 2280380 3936216 2608420
1785370571843 2280380 3936216 2608420
1785370571881 2280380 3936216 2608420
1785370571924 2280380 3936216 2608420
1785370571964 2280380 3936216 2608420
1785370572001 2280380 3936216 2608420
1785370572043 2280380 3936216 2608420
1785370572083 2280380 3936216 2608420
1785370572124 2280380 3936216 2608420
1785370572164 2194488 3936216 2608420
1785370572205 2194488 3936216 2608420
1785370572247 2194488 3936216 2608420
1785370572289 2194488 3936216 2608420
1785370572328 2210624 3936216 2608420
1785370572368 2225084 3936216 2608420
1785370572412 2243516 3936216 2608420
1785370572451 2243516 3936216 2608420
1785370572493 2261948 3936216 2608420
1785370572531 2286528 3936216 2608420
1785370572572 2286528 3936216 2608420
1785370572609 2286528 3936216 2608420
1785370572651 2286528 3936216 2608420
1785370572691 2286528 3936216 2608420
1785370572731 2286528 3936216 2608420
1785370572771 2286528 3936216 2608420
1785370572809 2286528 3936216 2608420
1785370572848 2286528 3936216 2608420
1785370572889 2292204 3936216 2608420
1785370572933 2298816 3936216 2608420
1785370572973 2298816 3936216 2608420
1785370573015 2298816 3936216 2608420
1785370573057 2298816 3936216 2608420
1785370573101 2298816 3936216 2608420
1785370573142 2298816 3936216 2608420
1785370573181 2298816 3936216 2608420
1785370573222 2317244 3936216 2608420
1785370573261 2327364 3936216 2608420
1785370573298 2366396 3936216 2608420
1785370573340 2366396 3936216 2608420
1785370573385 2249788 3936216 2608420
1785370573425 2249788 3936216 2608420
1785370573464 2249788 3936216 2608420
1785370573504 2249788 3936216 2608420
1785370573545 2249788 3936216 2608420
1785370573586 2249788 3936216 2608420
1785370573624 2249788 3936216 2608420
1785370573663 2249788 3936216 2608420
1785370573701 2249788 3936216 2608420
1785370573740 2249788 3936216 2608420
1785370573778 2249788 3936216 2608420
1785370573819 2249788 3936216 2608420
1785370573861 2249788 3936216 2608420
1785370573900 2249792 3936216 2608420
1785370573938 2249792 3936216 2608420
1785370573977 2249792 3936216 2608420
1785370574019 2249792 3936216 2608420
1785370574058 2249792 3936216 2608420
1785370574100 2249792 3936216 2608420
1785370574140 2249796 3936216 2608420
1785370574178 2249796 3936216 2608420
1785370574219 2249796 3936216 2608420
1785370574259 2249796 3936216 2608420
1785370574300 2249804 3936216 2608420
1785370574340 2249804 3936216 2608420
1785370574379 2249808 3936216 2608420
1785370574422 2249808 3936216 2608420
1785370574461 2249808 3936216 2608420
1785370574501 2258904 3936216 2608420
1785370574544 2271192 3936216 2608420
1785370574584 2271192 3936216 2608420
1785370574622 2271192 3936216 2608420
1785370574656 2284344 3936216 2608420
1785370574701 2320344 3936216 2608420
1785370574741 2320344 3936216 2608420
1785370574783 2320344 3936216 2608420
1785370574826 2320344 3936216 2608420
1785370574866 2320344 3936216 2608420
1785370574907 2320344 3936216 2608420
1785370574951 2320344 3936216 2608420
1785370574992 2320344 3936216 2608420
1785370575034 2320344 3936216 2608420
1785370575077 2320344 3936216 2608420
1785370575117 2320344 3936216 2608420
1785370575158 2320344 3936216 2608420
1785370575200 2320344 3936216 2608420
1785370575240 2320344 3936216 2608420
1785370575281 2320344 3936216 2608420
1785370575321 2320344 3936216 2608420
1785370575363 2320344 3936216 2608420
1785370575405 2320344 3936216 2608420
1785370575448 2320344 3936216 2608420
1785370575489 2320344 3936216 2608420
1785370575529 2320344 3936216 2608420
1785370575572 2320344 3936216 2608420
1785370575613 2320344 3936216 2608420
1785370575656 2320344 3936216 2608420
1785370575697 2320344 3936216 2608420
1785370575740 2320344 3936216 2608420
1785370575781 2320344 3936216 2608420
1785370575824 2320344 3936216 2608420
1785370575865 2320344 3936216 2608420
1785370575907 2320344 3936216 2608420
1785370575948 2320344 3936216 2608420
1785370575990 2320344 3936216 2608420
1785370576031 2320344 3936216 2608420
1785370576073 2320344 3936216 2608420
1785370576114 2320344 3936216 2608420
1785370576155 2320344 3936216 2608420
1785370576197 2320344 3936216 2608420
1785370576239 2320344 3936216 2608420
1785370576280 2320344 3936216 2608420
1785370576321 2320344 3936216 2608420
1785370576362 2320344 3936216 2608420
1785370576404 2320344 3936216 2608420
1785370576443 2320344 3936216 2608420
1785370576483 2320344 3936216 2608420
1785370576523 2252896 3936216 2608420
1785370576562 2252896 3936216 2608420
1785370576600 2252896 3936216 2608420
1785370576639 2252896 3936216 2608420
1785370576678 2252896 3936216 2608420
1785370576717 2252896 3936216 2608420
1785370576755 2252896 3936216 2608420
1785370576797 2252896 3936216 2608420
1785370576836 2252896 3936216 2608420
1785370576875 2252896 3936216 2608420
1785370576915 2252896 3936216 2608420
1785370576954 2252896 3936216 2608420
1785370576995 2252896 3936216 2608420
1785370577037 2252896 3936216 2608420
1785370577078 2252896 3936216 2608420
1785370577119 2261860 3936216 2608420
1785370577157 2271200 3936216 2608420
1785370577195 2301920 3936216 2608420
1785370577236 2301920 3936216 2608420
1785370577276 2308064 3936216 2608420
1785370577312 2357216 3936216 2608420
1785370577355 2357216 3936216 2608420
1785370577395 2357216 3936216 2608420
1785370577437 2357220 3936216 2608420
1785370577480 2357220 3936216 2608420
1785370577520 2357220 3936216 2608420
1785370577560 2357224 3936216 2608420
1785370577603 2357224 3936216 2608420
1785370577643 2357224 3936216 2608420
1785370577685 2357224 3936216 2608420
1785370577726 2357224 3936216 2608420
1785370577765 2357224 3936216 2608420
1785370577806 2357224 3936216 2608420
1785370577848 2357224 3936216 2608420
1785370577886 2262116 3936216 2608420
1785370577927 2262116 3936216 2608420
1785370577969 2262116 3936216 2608420
1785370578011 2262116 3936216 2608420
1785370578055 2262116 3936216 2608420
1785370578094 2265064 3936216 2608420
1785370578135 2271208 3936216 2608420
1785370578175 2295784 3936216 2608420
1785370578215 2295784 3936216 2608420
1785370578255 2304876 3936216 2608420
1785370578288 2338792 3936216 2608420
1785370578330 2338792 3936216 2608420
1785370578370 2338792 3936216 2608420
1785370578412 2344936 3936216 2608420
1785370578455 2344936 3936216 2608420
1785370578495 2344936 3936216 2608420
1785370578536 2344936 3936216 2608420
1785370578578 2344936 3936216 2608420
1785370578618 2344936 3936216 2608420
1785370578660 2344936 3936216 2608420
1785370578701 2363368 3936216 2608420
1785370578740 2363368 3936216 2608420
1785370578781 2363368 3936216 2608420
1785370578823 2363368 3936216 2608420
1785370578865 2363368 3936216 2608420
1785370578909 2363368 3936216 2608420
1785370578949 2363368 3936216 2608420
1785370578989 2363368 3936216 2608420
1785370579031 2363368 3936216 2608420
1785370579072 2384872 3936216 2608420
1785370579117 2532328 3936216 2608420
1785370579158 2348136 3936216 2608420
1785370579200 2200676 3936216 2608420
1785370579240 2200676 3936216 2608420
1785370579280 2200676 3936216 2608420
1785370579320 2200676 3936216 2608420
1785370579359 2216812 3936216 2608420
1785370579400 2218980 3936216 2608420
1785370579440 2218980 3936216 2608420
1785370579479 2218980 3936216 2608420
1785370579517 2218980 3936216 2608420
1785370579557 2218980 3936216 2608420
1785370579596 2218980 3936216 2608420
1785370579635 2218984 3936216 2608420
1785370579675 2218984 3936216 2608420
1785370579714 2218984 3936216 2608420
1785370579755 2218984 3936216 2608420
1785370579795 2218984 3936216 2608420
1785370579834 2218984 3936216 2608420
1785370579874 2218988 3936216 2608420
1785370579913 2218988 3936216 2608420
1785370579953 2218988 3936216 2608420
1785370579993 2218992 3936216 2608420
1785370580032 2218996 3936216 2608420
1785370580071 2218996 3936216 2608420
1785370580111 2231288 3936216 2608420
1785370580147 2255740 3936216 2608420
1785370580187 2271224 3936216 2608420
1785370580227 2277368 3936216 2608420
1785370580266 2308092 3936216 2608420
1785370580307 2308092 3936216 2608420
1785370580349 2308092 3936216 2608420
1785370580391 2332668 3936216 2608420
1785370580434 2332668 3936216 2608420
1785370580475 2332668 3936216 2608420
1785370580516 2344960 3936216 2608420
1785370580559 2344960 3936216 2608420
1785370580599 2344960 3936216 2608420
1785370580641 2344960 3936216 2608420
1785370580684 2344960 3936216 2608420
1785370580724 2344960 3936216 2608420
1785370580764 2344960 3936216 2608420
1785370580807 2344960 3936216 2608420
1785370580847 2344960 3936216 2608420
1785370580888 2344960 3936216 2608420
1785370580932 2344960 3936216 2608420
1785370580974 2344960 3936216 2608420
1785370581015 2262144 3936216 2608420
1785370581055 2262144 3936216 2608420
1785370581095 2262144 3936216 2608420
1785370581134 2262144 3936216 2608420
1785370581174 2262144 3936216 2608420
1785370581216 2262144 3936216 2608420
1785370581257 2262144 3936216 2608420
1785370581298 2262144 3936216 2608420
1785370581339 2262144 3936216 2608420
1785370581381 2262144 3936216 2608420
1785370581422 2262144 3936216 2608420
1785370581463 2262144 3936216 2608420
1785370581504 2262144 3936216 2608420
1785370581545 2262144 3936216 2608420
1785370581587 2262144 3936216 2608420
1785370581628 2262148 3936216 2608420
1785370581670 2262148 3936216 2608420
1785370581711 2262148 3936216 2608420
1785370581752 2262148 3936216 2608420
1785370581794 2262148 3936216 2608420
1785370581835 2262148 3936216 2608420
1785370581876 2262148 3936216 2608420
1785370581918 2262148 3936216 2608420
1785370581959 2262148 3936216 2608420
1785370582000 2262148 3936216 2608420
1785370582041 2262148 3936216 2608420
1785370582083 2262148 3936216 2608420
1785370582124 2262148 3936216 2608420
1785370582165 2262148 3936216 2608420
1785370582206 2262152 3936216 2608420
1785370582246 2262156 3936216 2608420
1785370582287 2262156 3936216 2608420
1785370582327 2262156 3936216 2608420
1785370582366 2262156 3936216 2608420
1785370582405 2272144 3936216 2608420
1785370582444 2280460 3936216 2608420
1785370582487 2280460 3936216 2608420
1785370582528 2280460 3936216 2608420
1785370582568 2280460 3936216 2608420
1785370582608 2280460 3936216 2608420
1785370582647 2280460 3936216 2608420
1785370582686 2280460 3936216 2608420
1785370582727 2280460 3936216 2608420
1785370582768 2280460 3936216 2608420
1785370582809 2280460 3936216 2608420
1785370582849 2288072 3936216 2608420
1785370582886 2298892 3936216 2608420
1785370582924 2329612 3936216 2608420
1785370582965 2329612 3936216 2608420
1785370583006 2329612 3936216 2608420
1785370583047 2329612 3936216 2608420
1785370583087 2329612 3936216 2608420
1785370583126 2329612 3936216 2608420
1785370583167 2335756 3936216 2608420
1785370583209 2335756 3936216 2608420
1785370583250 2335756 3936216 2608420
1785370583291 2335756 3936216 2608420
1785370583333 2335756 3936216 2608420
1785370583373 2348044 3936216 2608420
1785370583415 2372620 3936216 2608420
1785370583458 2372620 3936216 2608420
1785370583499 2372620 3936216 2608420
1785370583542 2372620 3936216 2608420
1785370583585 2305164 3936216 2608420
1785370583626 2305164 3936216 2608420
1785370583669 2305164 3936216 2608420
1785370583711 2305164 3936216 2608420
1785370583754 2305164 3936216 2608420
1785370583795 2309008 3936216 2608420
1785370583835 2323468 3936216 2608420
1785370583875 2341900 3936216 2608420
1785370583915 2341900 3936216 2608420
1785370583956 2352016 3936216 2608420
1785370583996 2384908 3936216 2608420
1785370584040 2384908 3936216 2608420
1785370584081 2384908 3936216 2608420
1785370584123 2384908 3936216 2608420
1785370584162 2384908 3936216 2608420
1785370584203 2384908 3936216 2608420
1785370584245 2384908 3936216 2608420
1785370584287 2384908 3936216 2608420
1785370584328 2384908 3936216 2608420
1785370584369 2384908 3936216 2608420
1785370584408 2384908 3936216 2608420
1785370584448 2384908 3936216 2608420
1785370584491 2391052 3936216 2608420
1785370584533 2318220 3936216 2608420
1785370584575 2333584 3936216 2608420
1785370584614 2352016 3936216 2608420
1785370584653 2390972 3936216 2608420
1785370584694 2391820 3936216 2608420
1785370584732 2391820 3936216 2608420
1785370584769 2416396 3936216 2608420
1785370584809 2490124 3936216 2608420
1785370584851 2490124 3936216 2608420
1785370584892 2269068 3936216 2608420
1785370584933 2269068 3936216 2608420
1785370584972 2269068 3936216 2608420
1785370585011 2278284 3936216 2608420
1785370585050 2294668 3936216 2608420
1785370585091 2296716 3936216 2608420
1785370585132 2296716 3936216 2608420
1785370585173 2296716 3936216 2608420
1785370585211 2296716 3936216 2608420
1785370585250 2296716 3936216 2608420
1785370585290 2296716 3936216 2608420
1785370585329 2296716 3936216 2608420
1785370585368 2296720 3936216 2608420
1785370585408 2296720 3936216 2608420
1785370585448 2296720 3936216 2608420
1785370585488 2296720 3936216 2608420
1785370585528 2296720 3936216 2608420
1785370585568 2296720 3936216 2608420
1785370585608 2296728 3936216 2608420
1785370585649 2296728 3936216 2608420
1785370585689 2296728 3936216 2608420
1785370585728 2296736 3936216 2608420
1785370585768 2296736 3936216 2608420
1785370585808 2296736 3936216 2608420
1785370585851 2298792 3936216 2608420
1785370585892 2318456 3936216 2608420
1785370585931 2330404 3936216 2608420
1785370585972 2361124 3936216 2608420
1785370586011 2361124 3936216 2608420
1785370586052 2361124 3936216 2608420
1785370586092 2385700 3936216 2608420
1785370586135 2385700 3936216 2608420
1785370586176 2385700 3936216 2608420
1785370586217 2385700 3936216 2608420
1785370586260 2385700 3936216 2608420
1785370586300 2385700 3936216 2608420
1785370586340 2385700 3936216 2608420
1785370586383 2385700 3936216 2608420
1785370586424 2385700 3936216 2608420
1785370586465 2385704 3936216 2608420
1785370586508 2385704 3936216 2608420
1785370586548 2385704 3936216 2608420
1785370586588 2385704 3936216 2608420
1785370586631 2385704 3936216 2608420
1785370586673 2385704 3936216 2608420
1785370586715 2385704 3936216 2608420
1785370586758 2385704 3936216 2608420
1785370586800 2385704 3936216 2608420
1785370586841 2385704 3936216 2608420
1785370586883 2385704 3936216 2608420
1785370586926 2385704 3936216 2608420
1785370586968 2385704 3936216 2608420
1785370587010 2385704 3936216 2608420
1785370587052 2385704 3936216 2608420
1785370587094 2385704 3936216 2608420
1785370587135 2385704 3936216 2608420
1785370587178 2385704 3936216 2608420
1785370587220 2385704 3936216 2608420
1785370587261 2385704 3936216 2608420
1785370587304 2385704 3936216 2608420
1785370587346 2385704 3936216 2608420
1785370587387 2385704 3936216 2608420
1785370587429 2385704 3936216 2608420
1785370587471 2385704 3936216 2608420
1785370587513 2385704 3936216 2608420
1785370587555 2385704 3936216 2608420
1785370587596 2385704 3936216 2608420
1785370587639 2385704 3936216 2608420
1785370587681 2385704 3936216 2608420
1785370587723 2385704 3936216 2608420
1785370587765 2385704 3936216 2608420
1785370587807 2385704 3936216 2608420
1785370587847 2385704 3936216 2608420
1785370587889 2296752 3936216 2608420
1785370587930 2296752 3936216 2608420
1785370587971 2296752 3936216 2608420
1785370588011 2296752 3936216 2608420
1785370588050 2296752 3936216 2608420
1785370588088 2309040 3936216 2608420
1785370588128 2315184 3936216 2608420
1785370588170 2315184 3936216 2608420
1785370588210 2315184 3936216 2608420
1785370588251 2315184 3936216 2608420
1785370588291 2315184 3936216 2608420
1785370588329 2315184 3936216 2608420
1785370588369 2315184 3936216 2608420
1785370588410 2315184 3936216 2608420
1785370588449 2315184 3936216 2608420
1785370588491 2321328 3936216 2608420
1785370588530 2339760 3936216 2608420
1785370588572 2364340 3936216 2608420
1785370588613 2364340 3936216 2608420
1785370588653 2376628 3936216 2608420
1785370588694 2407348 3936216 2608420
1785370588735 2407348 3936216 2608420
1785370588775 2407348 3936216 2608420
1785370588814 2407348 3936216 2608420
1785370588856 2407348 3936216 2608420
1785370588899 2407348 3936216 2608420
1785370588941 2407348 3936216 2608420
1785370588982 2407348 3936216 2608420
1785370589024 2407348 3936216 2608420
1785370589066 2407348 3936216 2608420
1785370589108 2407348 3936216 2608420
1785370589150 2407348 3936216 2608420
1785370589192 2407348 3936216 2608420
1785370589234 2321332 3936216 2608420
1785370589275 2321332 3936216 2608420
1785370589317 2321332 3936216 2608420
1785370589359 2321332 3936216 2608420
1785370589402 2321332 3936216 2608420
1785370589443 2364340 3936216 2608420
1785370589484 2376628 3936216 2608420
1785370589524 2413496 3936216 2608420
1785370589566 2413496 3936216 2608420
1785370589605 2413496 3936216 2608420
1785370589647 2419640 3936216 2608420
1785370589689 2419640 3936216 2608420
1785370589730 2419640 3936216 2608420
1785370589771 2431928 3936216 2608420
1785370589813 2431928 3936216 2608420
1785370589853 2431928 3936216 2608420
1785370589895 2444216 3936216 2608420
1785370589937 2444216 3936216 2608420
1785370589978 2444216 3936216 2608420
1785370590019 2444216 3936216 2608420
1785370590060 2444216 3936216 2608420
1785370590101 2444216 3936216 2608420
1785370590142 2444216 3936216 2608420
1785370590184 2370488 3936216 2608420
1785370590226 2370488 3936216 2608420
1785370590265 2382776 3936216 2608420
1785370590304 2419640 3936216 2608420
1785370590342 2419640 3936216 2608420
1785370590379 2431928 3936216 2608420
1785370590417 2468792 3936216 2608420
1785370590463 2517944 3936216 2608420
1785370590505 2517944 3936216 2608420
1785370590547 2517944 3936216 2608420
1785370590586 2517944 3936216 2608420
1785370590625 2517944 3936216 2608420
1785370590666 2517944 3936216 2608420
1785370590705 2517944 3936216 2608420
1785370590746 2333624 3936216 2608420
1785370590787 2333624 3936216 2608420
1785370590828 2333624 3936216 2608420
1785370590867 2333624 3936216 2608420
1785370590907 2333624 3936216 2608420
1785370590947 2333624 3936216 2608420
1785370590986 2272184 3936216 2608420
1785370591027 2272184 3936216 2608420
1785370591068 2272184 3936216 2608420
1785370591110 2272184 3936216 2608420
1785370591151 2272184 3936216 2608420
1785370591191 2272184 3936216 2608420
1785370591231 2272184 3936216 2608420
1785370591271 2272184 3936216 2608420
1785370591312 2272188 3936216 2608420
1785370591352 2272192 3936216 2608420
1785370591392 2272200 3936216 2608420
1785370591433 2284488 3936216 2608420
1785370591472 2298828 3936216 2608420
1785370591510 2315216 3936216 2608420
1785370591548 2339792 3936216 2608420
1785370591581 2358224 3936216 2608420
1785370591618 2367308 3936216 2608420
1785370591655 2398028 3936216 2608420
1785370591698 2398028 3936216 2608420
1785370591741 2398028 3936216 2608420
1785370591782 2434892 3936216 2608420
1785370591825 2434892 3936216 2608420
1785370591868 2434892 3936216 2608420
1785370591910 2434892 3936216 2608420
1785370591953 2434892 3936216 2608420
1785370591995 2434892 3936216 2608420
1785370592037 2434892 3936216 2608420
1785370592080 2434892 3936216 2608420
1785370592122 2434892 3936216 2608420
1785370592164 2434892 3936216 2608420
1785370592206 2434892 3936216 2608420
1785370592247 2434892 3936216 2608420
1785370592288 2441036 3936216 2608420
1785370592331 2441036 3936216 2608420
1785370592372 2441036 3936216 2608420
1785370592412 2441036 3936216 2608420
1785370592455 2441036 3936216 2608420
1785370592497 2441036 3936216 2608420
1785370592539 2441036 3936216 2608420
1785370592581 2441036 3936216 2608420
1785370592624 2441036 3936216 2608420
1785370592667 2441036 3936216 2608420
1785370592709 2441036 3936216 2608420
1785370592752 2441036 3936216 2608420
1785370592794 2441036 3936216 2608420
1785370592837 2441036 3936216 2608420
1785370592879 2441036 3936216 2608420
1785370592921 2441036 3936216 2608420
1785370592965 2441036 3936216 2608420
1785370593007 2441036 3936216 2608420
1785370593050 2441036 3936216 2608420
1785370593092 2441036 3936216 2608420
1785370593135 2441036 3936216 2608420
1785370593177 2441036 3936216 2608420
1785370593220 2441036 3936216 2608420
1785370593261 2441036 3936216 2608420
1785370593304 2441036 3936216 2608420
1785370593344 2441036 3936216 2608420
1785370593387 2441036 3936216 2608420
1785370593431 2441036 3936216 2608420
1785370593473 2441036 3936216 2608420
1785370593516 2441036 3936216 2608420
1785370593558 2441036 3936216 2608420
1785370593600 2441044 3936216 2608420
1785370593642 2441044 3936216 2608420
1785370593684 2441044 3936216 2608420
1785370593726 2441044 3936216 2608420
1785370593766 2441044 3936216 2608420
1785370593807 2441044 3936216 2608420
1785370593847 2441044 3936216 2608420
1785370593890 2441044 3936216 2608420
1785370593932 2441044 3936216 2608420
1785370593973 2441044 3936216 2608420
1785370594015 2441044 3936216 2608420
1785370594055 2441044 3936216 2608420
1785370594097 2441044 3936216 2608420
1785370594140 2441044 3936216 2608420
1785370594180 2441044 3936216 2608420
1785370594224 2441048 3936216 2608420
1785370594266 2441048 3936216 2608420
1785370594308 2441048 3936216 2608420
1785370594352 2441048 3936216 2608420
1785370594394 2441048 3936216 2608420
1785370594437 2441048 3936216 2608420
1785370594481 2447192 3936216 2608420
1785370594524 2447192 3936216 2608420
1785370594566 2447196 3936216 2608420
1785370594610 2447196 3936216 2608420
1785370594652 2447196 3936216 2608420
1785370594695 2477916 3936216 2608420
1785370594738 2477916 3936216 2608420
1785370594780 2477916 3936216 2608420
1785370594823 2477916 3936216 2608420
1785370594866 2477916 3936216 2608420
1785370594908 2477916 3936216 2608420
1785370594953 2416604 3936216 2608420
1785370594996 2416604 3936216 2608420
1785370595037 2416604 3936216 2608420
1785370595080 2416604 3936216 2608420
1785370595123 2416604 3936216 2608420
1785370595167 2416604 3936216 2608420
1785370595209 2416604 3936216 2608420
1785370595250 2428768 3936216 2608420
1785370595293 2453344 3936216 2608420
1785370595334 2453344 3936216 2608420
1785370595375 2453344 3936216 2608420
1785370595417 2453344 3936216 2608420
1785370595459 2453344 3936216 2608420
1785370595501 2453344 3936216 2608420
1785370595543 2453344 3936216 2608420
1785370595587 2453344 3936216 2608420
1785370595628 2453344 3936216 2608420
1785370595670 2453344 3936216 2608420
1785370595713 2453344 3936216 2608420
1785370595755 2453344 3936216 2608420
1785370595796 2453344 3936216 2608420
1785370595840 2453344 3936216 2608420
1785370595881 2453344 3936216 2608420
1785370595923 2453344 3936216 2608420
1785370595966 2453344 3936216 2608420
1785370596009 2453344 3936216 2608420
1785370596049 2453344 3936216 2608420
1785370596089 2477920 3936216 2608420
1785370596130 2477920 3936216 2608420
1785370596171 2477920 3936216 2608420
1785370596212 2502496 3936216 2608420
1785370596259 2404320 3936216 2608420
1785370596302 2404320 3936216 2608420
1785370596343 2404320 3936216 2608420
1785370596382 2404320 3936216 2608420
1785370596421 2404320 3936216 2608420
1785370596462 2404320 3936216 2608420
1785370596500 2404320 3936216 2608420
1785370596539 2404320 3936216 2608420
1785370596577 2404320 3936216 2608420
1785370596614 2404320 3936216 2608420
1785370596654 2404320 3936216 2608420
1785370596695 2404320 3936216 2608420
1785370596736 2404320 3936216 2608420
1785370596776 2404320 3936216 2608420
1785370596819 2404320 3936216 2608420
1785370596861 2404320 3936216 2608420
1785370596903 2404320 3936216 2608420
1785370596945 2404320 3936216 2608420
1785370596987 2404336 3936216 2608420
1785370597027 2165168 3936216 2608420
1785370597064 2163052 3936216 2608420
1785370597102 2163052 3936216 2608420
1785370597139 2163052 3936216 2608420
1785370597176 2163052 3936216 2608420
1785370597215 2163052 3936216 2608420
1785370597253 2163112 3936216 2608420
1785370597293 2163112 3936216 2608420
1785370597333 2163112 3936216 2608420
1785370597373 2163112 3936216 2608420
1785370597412 2163112 3936216 2608420
1785370597452 2163112 3936216 2608420
1785370597491 2163116 3936216 2608420
1785370597530 2163120 3936216 2608420
1785370597568 2163120 3936216 2608420
1785370597606 2163120 3936216 2608420
1785370597642 2161540 3936216 2608420
1785370597683 2161648 3936216 2608420
1785370597724 2161828 3936216 2608420
1785370597766 2161948 3936216 2608420
1785370597802 0 0 0
1785370597826 0 0 0
1785370597850 0 0 0
1785370597873 0 0 0
1785370597897 0 0 0
1785370597921 0 0 0
# peak_kb=2613404
# hwm_kb=2613404
# frozen_ms=0
# polled_vs_hwm_pct=0promille
