# timestamp_ms Rss_kB Anonymous_kB Filemapped_kB Shmem_kB
1790702675553 24043840 23919968 123872 0
1790702675951 24043840 23919968 123872 0
1790702676030 24043840 23919968 123872 0
1790702676108 24043840 23919968 123872 0
1790702676186 24043840 23919968 123872 0
1790702676265 24043840 23919968 123872 0
1790702676342 24043840 23919968 123872 0
1790702676421 24043840 23919968 123872 0
1790702676500 24043840 23919968 123872 0
1790702676580 24043840 23919968 123872 0
1790702676660 24043840 23919968 123872 0
1790702676739 24043840 23919968 123872 0
1790702676819 24043840 23919968 123872 0
1790702676899 24043840 23919968 123872 0
1790702676978 24043840 23919968 123872 0
1790702677059 24043840 23919968 123872 0
1790702677139 24043840 23919968 123872 0
1790702677219 24043840 23919968 123872 0
1790702677299 24043840 23919968 123872 0
1790702677379 24043840 23919968 123872 0
1790702677459 24043840 23919968 123872 0
1790702677538 24043840 23919968 123872 0
1790702677617 24043840 23919968 123872 0
1790702677696 24043840 23919968 123872 0
1790702677777 24043840 23919968 123872 0
1790702677856 24043840 23919968 123872 0
1790702677936 24043840 23919968 123872 0
1790702678015 24043840 23919968 123872 0
1790702678094 24043840 23919968 123872 0
1790702678174 24043840 23919968 123872 0
1790702678253 24043840 23919968 123872 0
1790702678331 24043840 23919968 123872 0
1790702678410 24043840 23919968 123872 0
1790702678490 24043840 23919968 123872 0
1790702678569 24043840 23919968 123872 0
1790702678649 24043840 23919968 123872 0
1790702678728 24043840 23919968 123872 0
1790702678807 24043840 23919968 123872 0
1790702678887 24043840 23919968 123872 0
1790702678966 24043840 23919968 123872 0
1790702679045 24043840 23919968 123872 0
1790702679124 24043840 23919968 123872 0
1790702679203 24043840 23919968 123872 0
1790702679290 24043840 23919968 123872 0
1790702679386 24043840 23919968 123872 0
1790702679475 24043840 23919968 123872 0
1790702679555 24043840 23919968 123872 0
1790702679640 24043840 23919968 123872 0
1790702679719 24043840 23919968 123872 0
1790702679799 24043840 23919968 123872 0
1790702679888 24043840 23919968 123872 0
1790702679973 24043840 23919968 123872 0
1790702680055 24043840 23919968 123872 0
1790702680159 24043840 23919968 123872 0
1790702680244 24043840 23919968 123872 0
1790702680332 24043840 23919968 123872 0
1790702680423 24043840 23919968 123872 0
1790702680502 24043840 23919968 123872 0
1790702680587 24043840 23919968 123872 0
1790702680666 24043840 23919968 123872 0
1790702680749 24043840 23919968 123872 0
1790702680834 24043840 23919968 123872 0
1790702680919 24043840 23919968 123872 0
1790702680999 24043840 23919968 123872 0
1790702681087 24043840 23919968 123872 0
1790702681166 24043840 23919968 123872 0
1790702681248 24043840 23919968 123872 0
1790702681330 24043840 23919968 123872 0
1790702681423 24043840 23919968 123872 0
1790702681502 24043840 23919968 123872 0
1790702681581 24043840 23919968 123872 0
1790702681660 24043840 23919968 123872 0
1790702681739 24043840 23919968 123872 0
1790702681817 24043840 23919968 123872 0
1790702681897 24043840 23919968 123872 0
1790702681976 24043840 23919968 123872 0
1790702682055 24043840 23919968 123872 0
1790702682133 24043840 23919968 123872 0
1790702682212 24043840 23919968 123872 0
1790702682291 24043840 23919968 123872 0
1790702682370 24043836 23919964 123872 0
1790702682449 29286724 29162852 123872 0
1790702683219 34529652 34405772 123880 0
1790702684056 34529652 34405772 123880 0
1790702684667 34528612 34404560 124052 0
1790702684882 34528448 34404332 124116 0
1790702685223 34530380 34406232 124148 0
1790702685495 34530536 34406336 124200 0
1790702685737 34530540 34406340 124200 0
1790702686045 34530700 34406340 124360 0
1790702686271 34530780 34406416 124364 0
1790702686535 34530876 34406472 124404 0
1790702686803 34530884 34406480 124404 0
1790702687077 34531108 34406480 124628 0
1790702687203 34531216 34406552 124664 0
1790702687323 34531216 34406552 124664 0
1790702687590 34531368 34406612 124756 0
1790702687891 34531372 34406616 124756 0
1790702688158 34531548 34406616 124932 0
1790702688283 34531644 34406692 124952 0
1790702688526 34531760 34406692 125068 0
1790702688833 34531832 34406756 125076 0
1790702689071 34531960 34406756 125204 0
1790702689338 34532148 34406828 125320 0
1790702689648 34532152 34406828 125324 0
1790702689947 34532316 34406888 125428 0
1790702690165 34532320 34406892 125428 0
1790702690445 34532504 34406892 125612 0
1790702690555 34532596 34406968 125628 0
1790702690789 34532668 34406968 125700 0
1790702691054 34532764 34407036 125728 0
1790702691386 34532916 34407036 125880 0
1790702691666 34533036 34407108 125928 0
1790702691926 34533172 34407164 126008 0
1790702692228 34533180 34407172 126008 0
1790702692502 34533316 34407172 126144 0
1790702692773 34533408 34407244 126164 0
1790702693113 34533508 34407244 126264 0
1790702693379 34533580 34407308 126272 0
1790702693632 34533660 34407308 126352 0
1790702693756 34533808 34407384 126424 0
1790702693994 34533884 34407384 126500 0
1790702694322 34533992 34407448 126544 0
1790702694680 34534228 34407520 126708 0
1790702694992 34534232 34407524 126708 0
1790702695299 34534336 34407580 126756 0
1790702695522 34534340 34407584 126756 0
1790702695795 34534496 34407584 126912 0
1790702695914 34534620 34407660 126960 0
1790702696134 34534720 34407660 127060 0
1790702696437 34534788 34407724 127064 0
1790702696795 34534836 34407724 127112 0
1790702696920 34535012 34407800 127212 0
1790702697135 34535012 34407800 127212 0
1790702697406 34535172 34407856 127316 0
1790702697516 34535180 34407864 127316 0
1790702697802 34529612 34402160 127452 0
1790702697923 34535320 34407868 127452 0
1790702698140 34535320 34407868 127452 0
1790702698242 34535320 34407868 127452 0
