# timestamp_ms VmRSS_kB VmPeak_kB VmHWM_kB
1785495394166 435284 16207716 435284
1785495394287 438344 16209764 438344
1785495394361 440936 16212052 440936
1785495394460 452916 16221948 452916
1785495394572 453624 16222972 453624
1785495394645 455600 17070228 455600
1785495394710 465300 17070228 465300
1785495394808 550284 17070228 550284
1785495394921 646928 17232064 646928
1785495395094 633428 17341700 639816
1785495395140 636172 17407236 639816
1785495395188 641816 17407236 641816
1785495395239 645580 17407236 645580
1785495395320 646988 17407236 646988
1785495395451 650060 17407236 650060
1785495395570 664856 17407236 664856
1785495395782 680908 17407236 680908
1785495396048 686280 17407236 686280
1785495396189 698676 17407236 698676
1785495396373 708556 17407236 708556
1785495396598 713844 17407236 713844
1785495396814 725496 17407236 725496
1785495396944 734696 17407236 734696
1785495397140 740924 17407236 740924
1785495397311 745416 17407236 745416
1785495397431 748232 17407236 748232
1785495397570 758796 17407236 758796
1785495397710 766304 17407236 766304
1785495397937 775664 17407236 775664
1785495398171 789112 17407236 789112
1785495398386 803904 17407236 803904
1785495398611 809084 17407236 809084
1785495398717 811376 17407236 811376
1785495398855 822688 17407236 822688
1785495399042 832568 17407236 832568
1785495399157 836456 17407236 836456
1785495399268 839020 17407236 839020
1785495399456 842284 17407236 842284
1785495399605 853700 17407236 853700
1785495399763 862920 17407236 862920
1785495399927 867704 17407236 867704
1785495400019 870072 17407236 870072
1785495400094 870072 17407236 870072
1785495400127 870072 17407236 870072
1785495400162 870072 17407236 870072
1785495400198 870072 17407236 870072
1785495400245 870120 17407236 870120
1785495400326 871848 17407236 871848
1785495400434 872428 17407236 872428
1785495400514 881584 17407236 881584
1785495400688 891980 17407236 891980
1785495400829 898688 17407236 898688
1785495400921 901032 17407236 901032
1785495401050 901032 17407236 901032
1785495401084 901072 17407236 901072
1785495401185 903392 17407236 903392
1785495401318 913704 17407236 913704
1785495401428 921764 17407236 921764
1785495401529 921840 17407236 921840
1785495401609 924188 17407236 924188
1785495401761 930872 17407236 930872
1785495401879 934112 17407236 934112
1785495402065 944320 17407236 944320
1785495402288 957956 17407236 957956
1785495402474 964024 17407236 964024
1785495402597 970924 17407236 970924
1785495402759 984892 17407236 984892
1785495402919 987136 17407236 987136
1785495403035 989404 17407236 989404
1785495403217 991648 17407236 991648
1785495403393 1002592 17407236 1002592
1785495403571 1014248 17407236 1014248
1785495403707 1017320 17407236 1017320
1785495403791 1019072 17407236 1019072
1785495403880 1020340 17407236 1020340
1785495403979 1020380 17407236 1020380
1785495404076 1020380 17407236 1020380
1785495404116 1020380 17407236 1020380
1785495404158 1020380 17407236 1020380
1785495404202 1020380 17407236 1020380
1785495404241 1020380 17407236 1020380
1785495404278 1020388 17407236 1020388
1785495404416 1020404 17407236 1020404
1785495404505 1020420 17407236 1020420
1785495404594 1020432 17407236 1020432
1785495404679 1032940 17428948 1032940
1785495404800 1058028 17428948 1058028
1785495404933 1095148 17428948 1095148
1785495405069 1109564 17428948 1188448
1785495405198 1156820 17428948 1188448
1785495405375 1202828 17434120 1202828
1785495405548 1248980 17489420 1248980
1785495405736 1304656 17544716 1304656
1785495405913 1341148 17659356 1422812
1785495406096 1368728 17659356 1422812
1785495406270 1387160 17659356 1422812
1785495406447 1387268 17659356 1422812
1785495406675 1387268 17659356 1422812
1785495406723 1387268 17659356 1422812
1785495406783 1387268 17659356 1422812
1785495406840 1387268 17659356 1422812
1785495406885 1387268 17659356 1422812
1785495406927 1387268 17659356 1422812
1785495406980 1387268 17659356 1422812
1785495407027 1387268 17659356 1422812
1785495407082 1387268 17659356 1422812
1785495407163 1387268 17659356 1422812
1785495407317 1387268 17659356 1422812
1785495407436 1387268 17659356 1422812
1785495407504 1387268 17659356 1422812
1785495407554 1387268 17659356 1422812
1785495407591 1387268 17659356 1422812
1785495407626 1387268 17659356 1422812
1785495407660 1387268 17659356 1422812
1785495407754 1387268 17659356 1422812
1785495407824 1387268 17659356 1422812
1785495407865 1387268 17659356 1422812
1785495407927 1387268 17659356 1422812
1785495407997 1387268 17659356 1422812
1785495408051 1387268 17659356 1422812
1785495408091 1387268 17659356 1422812
1785495408130 1387268 17659356 1422812
1785495408224 1387268 17659356 1422812
1785495408322 1387268 17659356 1422812
1785495408454 1387268 17659356 1422812
1785495408555 1387268 17659356 1422812
1785495408662 1387268 17659356 1422812
1785495408751 1387268 17659356 1422812
1785495408797 1387268 17659356 1422812
1785495408858 1387268 17659356 1422812
1785495408901 1387268 17659356 1422812
1785495408962 1387268 17659356 1422812
1785495409027 1387268 17659356 1422812
1785495409082 1387268 17659356 1422812
1785495409127 1387268 17659356 1422812
1785495409192 1387268 17659356 1422812
1785495409251 1387268 17659356 1422812
1785495409288 1387268 17659356 1422812
1785495409337 1387268 17659356 1422812
1785495409380 1387268 17659356 1422812
1785495409427 1387268 17659356 1422812
1785495409485 1387268 17659356 1422812
1785495409524 1387268 17659356 1422812
1785495409571 1387268 17659356 1422812
1785495409615 1387268 17659356 1422812
1785495409661 1387268 17659356 1422812
1785495409720 1387268 17659356 1422812
1785495409786 1387268 17659356 1422812
1785495409838 1387268 17659356 1422812
1785495409879 1387268 17659356 1422812
1785495409929 1387268 17659356 1422812
1785495409971 1387268 17659356 1422812
1785495410011 1387268 17659356 1422812
1785495410051 1387268 17659356 1422812
1785495410095 1387268 17659356 1422812
1785495410144 1387268 17659356 1422812
1785495410185 1387268 17659356 1422812
1785495410224 1387268 17659356 1422812
1785495410265 1387268 17659356 1422812
1785495410328 1387268 17659356 1422812
1785495410368 1387268 17659356 1422812
1785495410415 1387268 17659356 1422812
1785495410460 1387268 17659356 1422812
1785495410498 1387268 17659356 1422812
1785495410537 1387268 17659356 1422812
1785495410620 1387268 17659356 1422812
1785495410670 1387268 17659356 1422812
1785495410708 1387268 17659356 1422812
1785495410749 1387268 17659356 1422812
1785495410788 1387268 17659356 1422812
1785495410832 1387268 17659356 1422812
1785495410872 1387268 17659356 1422812
1785495410923 1387268 17659356 1422812
1785495410969 1387268 17659356 1422812
1785495411011 1387268 17659356 1422812
1785495411085 1387268 17659356 1422812
1785495411174 1387268 17659356 1422812
1785495411259 1387268 17659356 1422812
1785495411311 1387268 17659356 1422812
1785495411366 1387268 17659356 1422812
1785495411416 1387268 17659356 1422812
1785495411467 1387268 17659356 1422812
1785495411542 1387268 17659356 1422812
1785495411598 1387268 17659356 1422812
1785495411679 1387268 17659356 1422812
1785495411770 1387268 17659356 1422812
1785495411861 1387268 17659356 1422812
1785495411924 1387268 17659356 1422812
1785495411965 1387268 17659356 1422812
1785495412002 1387268 17659356 1422812
1785495412046 1387268 17659356 1422812
1785495412087 1387268 17659356 1422812
1785495412140 1387268 17659356 1422812
1785495412178 1387268 17659356 1422812
1785495412251 1387268 17659356 1422812
1785495412340 1387268 17659356 1422812
1785495412467 1387268 17659356 1422812
1785495412556 1387268 17659356 1422812
1785495412658 1387268 17659356 1422812
1785495412739 1387268 17659356 1422812
1785495412846 1387268 17659356 1422812
1785495412964 1387268 17659356 1422812
1785495413054 1387268 17659356 1422812
1785495413132 1387268 17659356 1422812
1785495413264 1387268 17659356 1422812
1785495413369 1387268 17659356 1422812
1785495413505 1387268 17659356 1422812
1785495413617 1387268 17659356 1422812
1785495413762 1387268 17659356 1422812
1785495413891 1387268 17659356 1422812
1785495414068 1387268 17659356 1422812
1785495414177 1387268 17659356 1422812
1785495414308 1387268 17659356 1422812
1785495414448 1387268 17659356 1422812
1785495414507 1387268 17659356 1422812
1785495414560 1387268 17659356 1422812
1785495414605 1387268 17659356 1422812
1785495414659 1387268 17659356 1422812
1785495414704 1387268 17659356 1422812
1785495414761 1387268 17659356 1422812
1785495414814 1387268 17659356 1422812
1785495414870 1387268 17659356 1422812
1785495414920 1387268 17659356 1422812
1785495414976 1387268 17659356 1422812
1785495415062 1387268 17659356 1422812
1785495415160 1387268 17659356 1422812
1785495415271 1387268 17659356 1422812
1785495415379 1387268 17659356 1422812
1785495415494 1387268 17659356 1422812
1785495415594 1387268 17659356 1422812
1785495415637 1387268 17659356 1422812
1785495415680 1387268 17659356 1422812
1785495415739 1387268 17659356 1422812
1785495415792 1387268 17659356 1422812
1785495415845 1387268 17659356 1422812
1785495415924 1387268 17659356 1422812
1785495416117 1387268 17659356 1422812
1785495416235 1387268 17659356 1422812
1785495416359 1387268 17659356 1422812
1785495416459 1387268 17659356 1422812
1785495416585 1387268 17659356 1422812
1785495416684 1387268 17659356 1422812
1785495416827 1387268 17659356 1422812
1785495416891 1387268 17659356 1422812
1785495416939 1387268 17659356 1422812
1785495416975 1387268 17659356 1422812
1785495417015 1387268 17659356 1422812
1785495417076 1387268 17659356 1422812
1785495417124 1387268 17659356 1422812
1785495417162 1387268 17659356 1422812
1785495417208 1387268 17659356 1422812
1785495417251 1387268 17659356 1422812
1785495417287 1387268 17659356 1422812
1785495417340 1387268 17659356 1422812
1785495417384 1387268 17659356 1422812
1785495417421 1387268 17659356 1422812
1785495417461 1387268 17659356 1422812
1785495417501 1387268 17659356 1422812
1785495417554 1387268 17659356 1422812
1785495417592 1387268 17659356 1422812
1785495417651 1387268 17659356 1422812
1785495417711 1387268 17659356 1422812
1785495417773 1387268 17659356 1422812
1785495417810 1387268 17659356 1422812
1785495417847 1387268 17659356 1422812
1785495417887 1387268 17659356 1422812
1785495417928 1387268 17659356 1422812
1785495417969 1387268 17659356 1422812
1785495418022 1387268 17659356 1422812
1785495418064 1387268 17659356 1422812
1785495418105 1387268 17659356 1422812
1785495418151 1387268 17659356 1422812
1785495418190 1387268 17659356 1422812
1785495418261 1387268 17659356 1422812
1785495418364 1387268 17659356 1422812
1785495418488 1387268 17659356 1422812
1785495418571 1387268 17659356 1422812
1785495418658 1387268 17659356 1422812
1785495418726 1387268 17659356 1422812
1785495418799 1387268 17659356 1422812
1785495418903 1387268 17659356 1422812
1785495418966 1387268 17659356 1422812
1785495419028 1387268 17659356 1422812
1785495419086 1387268 17659356 1422812
1785495419155 1387268 17659356 1422812
1785495419204 1387268 17659356 1422812
1785495419251 1387268 17659356 1422812
1785495419323 1387268 17659356 1422812
1785495419388 1387268 17659356 1422812
1785495419446 1387268 17659356 1422812
1785495419498 1387268 17659356 1422812
1785495419546 1387268 17659356 1422812
1785495419596 1387268 17659356 1422812
1785495419659 1387268 17659356 1422812
1785495419731 1387268 17659356 1422812
1785495419799 1387268 17659356 1422812
1785495419845 1387268 17659356 1422812
1785495419898 1387268 17659356 1422812
1785495419962 1387268 17659356 1422812
1785495420041 1387268 17659356 1422812
1785495420125 1387268 17659356 1422812
1785495420257 1387268 17659356 1422812
1785495420366 1387268 17659356 1422812
1785495420498 1387268 17659356 1422812
1785495420671 1387268 17659356 1422812
1785495420739 1387268 17659356 1422812
1785495420816 1387268 17659356 1422812
1785495420913 1387268 17659356 1422812
1785495420970 1387268 17659356 1422812
1785495421019 1387268 17659356 1422812
1785495421085 1387268 17659356 1422812
1785495421153 1387268 17659356 1422812
1785495421201 1387268 17659356 1422812
1785495421251 1387268 17659356 1422812
1785495421331 1387268 17659356 1422812
1785495421380 1387268 17659356 1422812
1785495421427 1387268 17659356 1422812
1785495421470 1387268 17659356 1422812
1785495421516 1387268 17659356 1422812
1785495421567 1387268 17659356 1422812
1785495421621 1387268 17659356 1422812
1785495421675 1387268 17659356 1422812
1785495421721 1387268 17659356 1422812
1785495421764 1387268 17659356 1422812
1785495421824 1387268 17659356 1422812
1785495421878 1387268 17659356 1422812
1785495421918 1387268 17659356 1422812
1785495421972 1387268 17659356 1422812
1785495422014 1387268 17659356 1422812
1785495422058 1387268 17659356 1422812
1785495422099 1387268 17659356 1422812
1785495422143 1387268 17659356 1422812
1785495422187 1387268 17659356 1422812
1785495422232 1387268 17659356 1422812
1785495422289 1387268 17659356 1422812
1785495422349 1387268 17659356 1422812
1785495422411 1387268 17659356 1422812
1785495422462 1387268 17659356 1422812
1785495422516 1387268 17659356 1422812
1785495422576 1387268 17659356 1422812
1785495422637 1387268 17659356 1422812
1785495422692 1387268 17659356 1422812
1785495422742 1387268 17659356 1422812
1785495422805 1387268 17659356 1422812
1785495422854 1387268 17659356 1422812
1785495422935 1387268 17659356 1422812
1785495422996 1387268 17659356 1422812
1785495423044 1387268 17659356 1422812
1785495423087 1387268 17659356 1422812
1785495423135 1387268 17659356 1422812
1785495423214 1387268 17659356 1422812
1785495423310 1387268 17659356 1422812
1785495423409 1387268 17659356 1422812
1785495423460 1387268 17659356 1422812
1785495423506 1387268 17659356 1422812
1785495423581 1387268 17659356 1422812
1785495423628 1387268 17659356 1422812
1785495423688 1387268 17659356 1422812
1785495423735 1387268 17659356 1422812
1785495423777 1387268 17659356 1422812
1785495423830 1387268 17659356 1422812
1785495423869 1387268 17659356 1422812
1785495423920 1387268 17659356 1422812
1785495423968 1387268 17659356 1422812
1785495424017 1387268 17659356 1422812
1785495424064 1387268 17659356 1422812
1785495424122 1387268 17659356 1422812
1785495424169 1387268 17659356 1422812
1785495424216 1387268 17659356 1422812
1785495424279 1387268 17659356 1422812
1785495424340 1387268 17659356 1422812
1785495424386 1387268 17659356 1422812
1785495424428 1387268 17659356 1422812
1785495424476 1387268 17659356 1422812
1785495424524 1387268 17659356 1422812
1785495424571 1387268 17659356 1422812
1785495424616 1387268 17659356 1422812
1785495424661 1387268 17659356 1422812
1785495424706 1387268 17659356 1422812
1785495424761 1387268 17659356 1422812
1785495424846 1387268 17659356 1422812
1785495424971 1387268 17659356 1422812
1785495425095 1387268 17659356 1422812
1785495425231 1387268 17659356 1422812
1785495425343 1387268 17659356 1422812
1785495425477 1387268 17659356 1422812
1785495425603 1387268 17659356 1422812
1785495425760 1387268 17659356 1422812
1785495425879 1387268 17659356 1422812
1785495425996 1387268 17659356 1422812
1785495426103 1387268 17659356 1422812
1785495426178 1387268 17659356 1422812
1785495426265 1387268 17659356 1422812
1785495426406 1387268 17659356 1422812
1785495426540 1387268 17659356 1422812
1785495426715 1387268 17659356 1422812
1785495426798 1387268 17659356 1422812
1785495426921 1387268 17659356 1422812
1785495426980 1387268 17659356 1422812
1785495427069 1387268 17659356 1422812
1785495427129 1387268 17659356 1422812
1785495427209 1387268 17659356 1422812
1785495427298 1387268 17659356 1422812
1785495427439 1387268 17659356 1422812
1785495427588 1387268 17659356 1422812
1785495427664 1387268 17659356 1422812
1785495427749 1387268 17659356 1422812
1785495427833 1387268 17659356 1422812
1785495427974 1387268 17659356 1422812
1785495428067 1387268 17659356 1422812
1785495428189 1387268 17659356 1422812
1785495428341 1387268 17659356 1422812
1785495428422 1387268 17659356 1422812
1785495428498 1387268 17659356 1422812
1785495428580 1387268 17659356 1422812
1785495428701 1387268 17659356 1422812
1785495428807 1387268 17659356 1422812
1785495428957 1387268 17659356 1422812
1785495429042 1387268 17659356 1422812
1785495429108 1504028 17742316 1504028
1785495429279 1802700 18755020 2518968
1785495429452 2748372 18975548 2748372
1785495429687 1115148 19178392 2945708
1785495429826 1115148 19178392 2945708
1785495429922 1115148 19178392 2945708
1785495430003 1115148 19178392 2945708
1785495430089 1115148 19178392 2945708
1785495430214 1115148 19178392 2945708
1785495430373 1115148 19178392 2945708
1785495430509 1115148 19178392 2945708
1785495430662 1115148 19178392 2945708
1785495430780 1115148 19178392 2945708
1785495430881 1115148 19178392 2945708
1785495431004 1115148 19178392 2945708
1785495431179 1115148 19178392 2945708
1785495431346 1115148 19178392 2945708
1785495431474 1115148 19178392 2945708
1785495431592 1115148 19178392 2945708
1785495431678 1115148 19178392 2945708
1785495431782 1115148 19178392 2945708
1785495431881 1115148 19178392 2945708
1785495432016 1115148 19178392 2945708
1785495432186 1115148 19178392 2945708
1785495432286 1115148 19178392 2945708
1785495432398 1115148 19178392 2945708
1785495432518 1115148 19178392 2945708
1785495432624 1115148 19178392 2945708
1785495432779 1115148 19178392 2945708
1785495432935 1115148 19178392 2945708
1785495433048 1115148 19178392 2945708
1785495433164 1115148 19178392 2945708
1785495433304 1115148 19178392 2945708
1785495433431 1115148 19178392 2945708
1785495433524 1115148 19178392 2945708
1785495433632 1115148 19178392 2945708
1785495433724 1115148 19178392 2945708
1785495433830 1115148 19178392 2945708
1785495433994 1115148 19178392 2945708
1785495434121 1115148 19178392 2945708
1785495434168 1115156 19178392 2945708
1785495434221 1115752 19178392 2945708
1785495434282 1115784 19178392 2945708
1785495434369 1115816 19178392 2945708
1785495434441 1115840 19178392 2945708
1785495434493 1115856 19178392 2945708
1785495434548 1115864 19178392 2945708
1785495434602 1115868 19178392 2945708
1785495434660 1152608 19178392 2945708
1785495434737 1189472 19178392 2945708
1785495434793 1226340 19178392 2945708
1785495434862 1263204 19178392 2945708
1785495434924 1300068 19178392 2945708
1785495434982 1336932 19178392 2945708
1785495435041 1346236 19178392 2945708
1785495435106 1364668 19178392 2945708
1785495435171 1373816 19178392 2945708
1785495435229 1373816 19178392 2945708
1785495435290 1383100 19178392 2945708
1785495435346 1392252 19178392 2945708
1785495435415 1392252 19178392 2945708
1785495435478 1392252 19178392 2945708
1785495435553 1392252 19178392 2945708
1785495435653 1392252 19178392 2945708
1785495435712 1392252 19178392 2945708
1785495435760 1392252 19178392 2945708
1785495435838 1392252 19178392 2945708
1785495435905 1392252 19178392 2945708
1785495435950 1392252 19178392 2945708
1785495435994 1392252 19178392 2945708
1785495436053 1392252 19178392 2945708
1785495436103 1392252 19178392 2945708
1785495436167 1392252 19178392 2945708
1785495436219 1392252 19178392 2945708
1785495436262 1392252 19178392 2945708
1785495436305 1392252 19178392 2945708
1785495436367 1392252 19178392 2945708
1785495436410 1392252 19178392 2945708
1785495436454 1392252 19178392 2945708
1785495436496 1392252 19178392 2945708
1785495436537 1392252 19178392 2945708
1785495436615 1392252 19178392 2945708
1785495436684 1392252 19178392 2945708
1785495436760 1392252 19178392 2945708
1785495436886 1392252 19178392 2945708
1785495437033 1392252 19178392 2945708
1785495437154 1392252 19178392 2945708
1785495437289 1392252 19178392 2945708
1785495437383 1392252 19178392 2945708
1785495437441 1392252 19178392 2945708
1785495437493 1392252 19178392 2945708
1785495437591 1392252 19178392 2945708
1785495437638 1392252 19178392 2945708
1785495437687 1392252 19178392 2945708
1785495437726 1392252 19178392 2945708
1785495437771 1392252 19178392 2945708
1785495437816 1392252 19178392 2945708
1785495437862 1392252 19178392 2945708
1785495437909 1392252 19178392 2945708
1785495437960 1392252 19178392 2945708
1785495438001 1392252 19178392 2945708
1785495438049 1392252 19178392 2945708
1785495438093 1392252 19178392 2945708
1785495438142 1392252 19178392 2945708
1785495438190 1392252 19178392 2945708
1785495438243 1392252 19178392 2945708
1785495438298 1392252 19178392 2945708
1785495438338 1392252 19178392 2945708
1785495438383 1392252 19178392 2945708
1785495438447 1392252 19178392 2945708
1785495438515 1392252 19178392 2945708
1785495438559 1392252 19178392 2945708
1785495438624 1392252 19178392 2945708
1785495438694 1392252 19178392 2945708
1785495438745 1392252 19178392 2945708
1785495438790 1392252 19178392 2945708
1785495438837 1392252 19178392 2945708
1785495438885 1392252 19178392 2945708
1785495438929 1392252 19178392 2945708
1785495438980 1392252 19178392 2945708
1785495439026 1392252 19178392 2945708
1785495439072 1392252 19178392 2945708
1785495439115 1392252 19178392 2945708
1785495439177 1392252 19178392 2945708
1785495439286 1392252 19178392 2945708
1785495439386 1392252 19178392 2945708
1785495439484 1392252 19178392 2945708
1785495439571 1392252 19178392 2945708
1785495439668 1392252 19178392 2945708
1785495439734 1392252 19178392 2945708
1785495439780 1392252 19178392 2945708
1785495439835 1392252 19178392 2945708
1785495439913 1392252 19178392 2945708
1785495439975 1392252 19178392 2945708
1785495440023 1392252 19178392 2945708
1785495440088 1392252 19178392 2945708
1785495440130 1392252 19178392 2945708
1785495440178 1392252 19178392 2945708
1785495440222 1392252 19178392 2945708
1785495440271 1392252 19178392 2945708
1785495440316 1392252 19178392 2945708
1785495440364 1392252 19178392 2945708
1785495440408 1392252 19178392 2945708
1785495440452 1392252 19178392 2945708
1785495440497 1392252 19178392 2945708
1785495440541 1392252 19178392 2945708
1785495440587 1392252 19178392 2945708
1785495440632 1392252 19178392 2945708
1785495440676 1392252 19178392 2945708
1785495440726 1392252 19178392 2945708
1785495440778 1392252 19178392 2945708
1785495440826 1392252 19178392 2945708
1785495440893 1392252 19178392 2945708
1785495440939 1392252 19178392 2945708
1785495440988 1392252 19178392 2945708
1785495441032 1392252 19178392 2945708
1785495441113 1392252 19178392 2945708
1785495441197 1392252 19178392 2945708
1785495441290 1392252 19178392 2945708
1785495441402 1392252 19178392 2945708
1785495441552 1392252 19178392 2945708
1785495441686 1392252 19178392 2945708
1785495441756 1392252 19178392 2945708
1785495441836 1392252 19178392 2945708
1785495441907 1392252 19178392 2945708
1785495441951 1392252 19178392 2945708
1785495442010 1392252 19178392 2945708
1785495442054 1392252 19178392 2945708
1785495442098 1392252 19178392 2945708
1785495442152 1392252 19178392 2945708
1785495442226 1392252 19178392 2945708
1785495442297 1392252 19178392 2945708
1785495442360 1392252 19178392 2945708
1785495442404 1392252 19178392 2945708
1785495442456 1392252 19178392 2945708
1785495442509 1392252 19178392 2945708
1785495442567 1392252 19178392 2945708
1785495442666 1392252 19178392 2945708
1785495442771 1392252 19178392 2945708
1785495442869 1392252 19178392 2945708
1785495442993 1392252 19178392 2945708
1785495443104 1392252 19178392 2945708
1785495443176 1392252 19178392 2945708
1785495443228 1392252 19178392 2945708
1785495443340 1392252 19178392 2945708
1785495443493 1392252 19178392 2945708
1785495443607 1392252 19178392 2945708
1785495443687 1392252 19178392 2945708
1785495443758 1392252 19178392 2945708
1785495443818 1392252 19178392 2945708
1785495443876 1392252 19178392 2945708
1785495443931 1392252 19178392 2945708
1785495443985 1392252 19178392 2945708
1785495444035 1392252 19178392 2945708
1785495444087 1392252 19178392 2945708
1785495444128 1392252 19178392 2945708
1785495444173 1392252 19178392 2945708
1785495444222 1392252 19178392 2945708
1785495444297 1392252 19178392 2945708
1785495444357 1392252 19178392 2945708
1785495444424 1392252 19178392 2945708
1785495444485 1392252 19178392 2945708
1785495444536 1392252 19178392 2945708
1785495444593 1392252 19178392 2945708
1785495444681 1392252 19178392 2945708
1785495444790 1392252 19178392 2945708
1785495444892 1392252 19178392 2945708
1785495445003 1392252 19178392 2945708
1785495445142 1392252 19178392 2945708
1785495445284 1392252 19178392 2945708
1785495445442 1392252 19178392 2945708
1785495445526 1392252 19178392 2945708
1785495445642 1392252 19178392 2945708
1785495445755 1392252 19178392 2945708
1785495445807 1392252 19178392 2945708
1785495445861 1392252 19178392 2945708
1785495445911 1392252 19178392 2945708
1785495445963 1392252 19178392 2945708
1785495446015 1392252 19178392 2945708
1785495446115 1392252 19178392 2945708
1785495446224 1392252 19178392 2945708
1785495446311 1392252 19178392 2945708
1785495446428 1392252 19178392 2945708
1785495446542 1392252 19178392 2945708
1785495446613 1392252 19178392 2945708
1785495446681 1392252 19178392 2945708
1785495446775 1392252 19178392 2945708
1785495446865 1392252 19178392 2945708
1785495446945 1392252 19178392 2945708
1785495447030 1392252 19178392 2945708
1785495447145 1392252 19178392 2945708
1785495447238 1392252 19178392 2945708
1785495447322 1392252 19178392 2945708
1785495447438 1392252 19178392 2945708
1785495447500 1392252 19178392 2945708
1785495447622 1392252 19178392 2945708
1785495447752 1392252 19178392 2945708
1785495447863 1392252 19178392 2945708
1785495447932 1392252 19178392 2945708
1785495448025 1392252 19178392 2945708
1785495448160 1392252 19178392 2945708
1785495448274 1392252 19178392 2945708
1785495448411 1392252 19178392 2945708
1785495448537 1392252 19178392 2945708
1785495448637 1392252 19178392 2945708
1785495448732 1392252 19178392 2945708
1785495448832 1392252 19178392 2945708
1785495448967 1392252 19178392 2945708
1785495449091 1392252 19178392 2945708
1785495449193 1392252 19178392 2945708
1785495449344 1392252 19178392 2945708
1785495449443 1392252 19178392 2945708
1785495449528 1392252 19178392 2945708
1785495449616 1392252 19178392 2945708
1785495449713 1392252 19178392 2945708
1785495449855 1392252 19178392 2945708
1785495449949 1392252 19178392 2945708
1785495449999 1392252 19178392 2945708
1785495450046 1392252 19178392 2945708
1785495450119 1392252 19178392 2945708
1785495450181 1392252 19178392 2945708
1785495450235 1392252 19178392 2945708
1785495450301 1392252 19178392 2945708
1785495450383 1392252 19178392 2945708
1785495450558 1392252 19178392 2945708
1785495450611 1392252 19178392 2945708
1785495450719 1392252 19178392 2945708
1785495450806 1392252 19178392 2945708
1785495450852 1392252 19178392 2945708
1785495450900 1392252 19178392 2945708
1785495451003 1392252 19178392 2945708
1785495451121 1392252 19178392 2945708
1785495451176 1392252 19178392 2945708
1785495451245 1392252 19178392 2945708
1785495451295 1392252 19178392 2945708
1785495451340 1392252 19178392 2945708
1785495451392 1392252 19178392 2945708
1785495451495 1392252 19178392 2945708
1785495451615 1392252 19178392 2945708
1785495451716 1392252 19178392 2945708
1785495451760 1392252 19178392 2945708
1785495451840 1392252 19178392 2945708
1785495451896 1392252 19178392 2945708
1785495451938 1392252 19178392 2945708
1785495451974 1392252 19178392 2945708
1785495452045 1392252 19178392 2945708
1785495452141 1392252 19178392 2945708
1785495452186 1392252 19178392 2945708
1785495452223 1392252 19178392 2945708
1785495452273 1392252 19178392 2945708
1785495452321 1392252 19178392 2945708
1785495452367 1392252 19178392 2945708
1785495452415 1392252 19178392 2945708
1785495452479 1392252 19178392 2945708
1785495452537 1392252 19178392 2945708
1785495452578 1392252 19178392 2945708
1785495452632 1392252 19178392 2945708
1785495452676 1392252 19178392 2945708
1785495452736 1392252 19178392 2945708
1785495452796 1392252 19178392 2945708
1785495452845 1392252 19178392 2945708
1785495452898 1392252 19178392 2945708
1785495452944 1392252 19178392 2945708
1785495453001 1562256 19178392 2945708
1785495453047 1570452 19178392 2945708
1785495453088 1570452 19178392 2945708
1785495453130 1601172 19178392 2945708
1785495453161 1753160 19178392 2945708
1785495453211 2058312 19178392 2945708
1785495453259 2080840 19178392 2945708
1785495453310 2296812 19178392 2945708
1785495453360 2405356 19178392 2945708
1785495453407 2229912 19178392 2945708
1785495453459 1957072 19178392 2945708
1785495453509 2013104 19178392 2945708
1785495453555 1837368 19178392 2945708
1785495453607 2391108 19178392 2945708
1785495453656 2777196 19178392 2945708
1785495453798 1974164 19187624 2958456
1785495453842 2068420 19187624 2958456
1785495453886 2068420 19187624 2958456
1785495453928 2068420 19187624 2958456
1785495453968 2068420 19187624 2958456
1785495454020 2172120 19187624 2958456
1785495454053 2248480 19187624 2958456
1785495454099 2248480 19187624 2958456
1785495454135 1944664 19187624 2958456
1785495454177 2087844 19187624 2958456
1785495454230 2106892 19187624 2958456
1785495454281 2120900 19187624 2958456
1785495454332 2245132 19187624 2958456
1785495454380 2254348 19187624 2958456
1785495454418 2281652 19187624 2958456
1785495454464 2331160 19187624 2958456
1785495454518 2331508 19187624 2958456
1785495454571 1821452 19187624 2958456
1785495454622 1821500 19187624 2958456
1785495454673 1821512 19187624 2958456
1785495454727 1821580 19187624 2958456
1785495454775 1821612 19187624 2958456
1785495454836 1912296 19187624 2958456
1785495454896 2099076 19187624 2958456
1785495454945 2113412 19187624 2958456
1785495454998 2113412 19187624 2958456
1785495455049 2113412 19187624 2958456
1785495455094 2125700 19187624 2958456
1785495455148 2201476 19187624 2958456
1785495455199 2205572 19187624 2958456
1785495455246 2248580 19187624 2958456
1785495455295 2283196 19187624 2958456
1785495455351 2283196 19187624 2958456
1785495455406 2356924 19187624 2958456
1785495455459 2428604 19187624 2958456
1785495455511 2001028 19187624 2958456
1785495455565 2015168 19187624 2958456
1785495455610 2038640 19187624 2958456
1785495455678 2053244 19187624 2958456
1785495455755 2127500 19187624 2958456
1785495455810 2127816 19187624 2958456
1785495455871 2150016 19187624 2958456
1785495455928 2150020 19187624 2958456
1785495455999 2167068 19187624 2958456
1785495456038 2204612 19187624 2958456
1785495456115 2242188 19187624 2958456
1785495456184 2242188 19187624 2958456
1785495456239 2293716 19187624 2958456
1785495456301 2334352 19187624 2958456
1785495456355 2334352 19187624 2958456
1785495456402 2383832 19187624 2958456
1785495456458 2426516 19187624 2958456
1785495456509 2426516 19187624 2958456
1785495456558 2426516 19187624 2958456
1785495456622 2478044 19187624 2958456
1785495456676 2518680 19187624 2958456
1785495456730 2518680 19187624 2958456
1785495456789 2518680 19187624 2958456
1785495456846 2555548 19187624 2958456
1785495456896 2592412 19187624 2958456
1785495456948 2592412 19187624 2958456
1785495457008 2592412 19187624 2958456
1785495457071 2607080 19187624 2958456
1785495457125 2647712 19187624 2958456
1785495457179 2684576 19187624 2958456
1785495457227 2684576 19187624 2958456
1785495457284 2684576 19187624 2958456
1785495457338 2684576 19187624 2958456
1785495457396 2713580 19187624 2958456
1785495457448 2739880 19187624 2958456
1785495457501 2795176 19187624 2958456
1785495457681 2801652 19187624 2958456
1785495457795 2887348 19187624 2958456
1785495458009 2918404 19187624 2958456
1785495458178 2942668 19187624 2958456
1785495458334 3016404 19233968 3016404
1785495458537 3108568 19326128 3108568
1785495458740 3108928 19477816 3108928
1785495458846 3158184 19543348 3158184
1785495458989 3160304 19543348 3160304
1785495459102 3160332 19543348 3160332
1785495459223 3160340 19543348 3160340
1785495459347 3160352 19543348 3160352
1785495459470 3164520 19543348 3164520
1785495459590 3168724 19543348 3168724
1785495459706 3177336 19543348 3177336
1785495459918 3016320 19973432 3183172
1785495459969 2997884 19973432 3183172
1785495460019 2997888 19973432 3183172
1785495460068 2997888 20043160 3183172
1785495460120 2997892 20207000 3183172
1785495460171 2997892 20272536 3183172
1785495460220 2997892 20403608 3183172
1785495460274 2997896 20436376 3183172
1785495460325 2997896 20436376 3183172
1785495460378 2997896 20567448 3183172
1785495460429 2997900 20698520 3183172
1785495460479 2997900 20796824 3183172
1785495460533 2997900 20895128 3183172
1785495460581 2998424 20927896 3183172
1785495460632 2999308 20927896 3183172
1785495460681 2999308 20927896 3183172
1785495460739 3001356 21058968 3183172
1785495460792 3003444 21058968 3183172
1785495460854 3006236 21058968 3183172
1785495460911 3006236 21058968 3183172
1785495460974 3006236 21058968 3183172
1785495461032 3010048 21058968 3183172
1785495461093 3010048 21058968 3183172
1785495461145 3010048 21092760 3183172
1785495461199 3010048 21125528 3183172
1785495461241 3010048 21125528 3183172
1785495461290 3010048 21158296 3183172
1785495461338 3010116 21158296 3183172
1785495461386 3010116 21158296 3183172
1785495461437 3010116 21158296 3183172
1785495461483 3010116 21158296 3183172
1785495461532 3010116 21158296 3183172
1785495461598 3010116 21158296 3183172
1785495461648 3010116 21158296 3183172
1785495461696 3010116 21158296 3183172
1785495461745 3010116 21158296 3183172
1785495461790 3010116 21158296 3183172
1785495461837 3010116 21158296 3183172
1785495461885 3010116 21158296 3183172
1785495461929 3010116 21158296 3183172
1785495461977 3010116 21158296 3183172
1785495462033 3010116 21158296 3183172
1785495462082 3010116 21158296 3183172
1785495462135 3010116 21158296 3183172
1785495462190 3010116 21158296 3183172
1785495462255 3010116 21158296 3183172
1785495462317 3013700 21158296 3183172
1785495462368 3017092 21158296 3183172
1785495462427 3018984 21420440 3183172
1785495462475 3021204 21518744 3183172
1785495462522 3021384 21682584 3183172
1785495462573 3022424 22010264 3183172
1785495462620 3022424 22206872 3183172
1785495462673 3022424 24238488 3183172
1785495462722 3022940 27023768 3183172
1785495462774 3028492 27285912 3183172
1785495462820 3036892 27285912 3183172
1785495462871 3056020 27318680 3183172
1785495462921 3136208 27580824 3183172
1785495462974 3251220 27580824 3251220
1785495463175 3336840 27580824 3336840
1785495463381 3338892 27580824 3338892
1785495463491 3338892 27580824 3338892
1785495463542 3338904 27580824 3338904
1785495463674 3340152 27580824 3340152
1785495463792 3341620 27580824 3341620
1785495463929 3341684 27580824 3341684
1785495464052 3342204 27580824 3342204
1785495464222 3343432 27580824 3343432
1785495464344 3343436 27580824 3343436
1785495464457 3343552 27580824 3343552
1785495464571 3344320 27580824 3344320
1785495464690 3345104 27580824 3345104
1785495464818 3349384 27580824 3349384
1785495464936 3349384 27580824 3349384
1785495464990 3349384 27580824 3349384
1785495465057 3349408 27580824 3349408
1785495465238 3349428 27580824 3349428
1785495465351 3349428 27580824 3349428
1785495465408 3349428 27580824 3349428
1785495465482 3349428 27580824 3349428
1785495465543 3349436 27580824 3349436
1785495465680 3349436 27580824 3349436
1785495465736 3349436 27580824 3349436
1785495465802 3349436 27580824 3349436
1785495465860 3351208 27580824 3351208
1785495465992 3351400 27580824 3351400
1785495466121 3351428 27580824 3351428
1785495466251 3351472 27580824 3351472
1785495466416 3351480 27580824 3351480
1785495466542 3351480 27580824 3351480
1785495466597 3351480 27580824 3351480
1785495466663 3351480 27580824 3351480
1785495466730 3351480 27580824 3351480
1785495466785 3351480 27580824 3351480
1785495466851 3351484 27580824 3351484
1785495466970 3351484 27580824 3351484
1785495467023 3351484 27580824 3351484
1785495467075 3351484 27580824 3351484
1785495467127 3351484 27580824 3351484
1785495467182 3351484 27580824 3351484
1785495467238 3351484 27580824 3351484
1785495467294 3351484 27580824 3351484
1785495467347 3351484 27580824 3351484
1785495467402 3351488 27580824 3351488
1785495467562 3351524 27580824 3351524
1785495467674 3351528 27580824 3351528
1785495467782 3351528 27580824 3351528
1785495467835 3351528 27580824 3351528
1785495467889 3351528 27580824 3351528
1785495467944 3351528 27580824 3351528
1785495467997 3351536 27580824 3351536
1785495468103 3351536 27580824 3351536
1785495468159 3351536 27580824 3351536
1785495468213 3351536 27580824 3351536
1785495468267 3351536 27580824 3351536
1785495468319 3351536 27580824 3351536
1785495468371 3351536 27580824 3351536
1785495468423 3351536 27580824 3351536
1785495468473 3351536 27580824 3351536
1785495468526 3351536 27580824 3351536
1785495468580 3351536 27580824 3351536
1785495468633 3351536 27580824 3351536
1785495468685 3351536 27580824 3351536
1785495468738 3351536 27580824 3351536
1785495468791 3351536 27580824 3351536
1785495468851 3351536 27580824 3351536
1785495468907 3351536 27580824 3351536
1785495468961 3351536 27580824 3351536
1785495469016 3351540 27580824 3351540
1785495469195 3351540 27580824 3351540
1785495469267 3351540 27580824 3351540
1785495469325 3351540 27580824 3351540
1785495469391 3351540 27580824 3351540
1785495469454 3351540 27580824 3351540
1785495469513 3351548 27580824 3351548
1785495469632 3351548 27580824 3351548
1785495469685 3351548 27580824 3351548
1785495469739 3351552 27580824 3351552
1785495469855 3351552 27580824 3351552
1785495469907 3351568 27580824 3351568
1785495470022 3351568 27580824 3351568
1785495470079 3351568 27580824 3351568
1785495470135 3351568 27580824 3351568
1785495470189 3351568 27580824 3351568
1785495470242 3351568 27580824 3351568
1785495470297 3351568 27580824 3351568
1785495470361 3351592 27580824 3351592
1785495470527 3351620 27580824 3351620
1785495470659 3351624 27580824 3351624
1785495470787 3351624 27580824 3351624
1785495470844 3351624 27580824 3351624
1785495470909 3351624 27580824 3351624
1785495470974 3351624 27580824 3351624
1785495471039 3351624 27580824 3351624
1785495471094 3351624 27580824 3351624
1785495471160 3351624 27580824 3351624
1785495471215 3351624 27580824 3351624
1785495471265 3351624 27580824 3351624
1785495471319 3351624 27580824 3351624
1785495471378 3351624 27580824 3351624
1785495471436 3351624 27580824 3351624
1785495471501 3351624 27580824 3351624
1785495471557 3351624 27580824 3351624
1785495471622 3351624 27580824 3351624
1785495471678 3351628 27580824 3351628
1785495471860 3351664 27580824 3351664
1785495471994 3351668 27580824 3351668
1785495472117 3351668 27580824 3351668
1785495472174 3351668 27580824 3351668
1785495472229 3351668 27580824 3351668
1785495472276 3351668 27580824 3351668
1785495472330 3351688 27580824 3351688
1785495472450 3351688 27580824 3351688
1785495472519 3351716 27580824 3351716
1785495472642 3351716 27580824 3351716
1785495472700 3351720 27580824 3351720
1785495472834 3351720 27580824 3351720
1785495472890 3351724 27580824 3351724
1785495473057 3351724 27580824 3351724
1785495473113 3351724 27580824 3351724
1785495473177 3351724 27580824 3351724
1785495473242 3351724 27580824 3351724
1785495473308 3351728 27580824 3351728
1785495473421 3351732 27580824 3351732
1785495473528 3351732 27580824 3351732
1785495473582 3351732 27580824 3351732
1785495473635 3351732 27580824 3351732
1785495473687 3351732 27580824 3351732
1785495473738 3351732 27580824 3351732
1785495473795 3351732 27580824 3351732
1785495473847 3351732 27580824 3351732
1785495473898 3351736 27580824 3351736
1785495474056 3351740 27580824 3351740
1785495474173 3351740 27580824 3351740
1785495474225 3351744 27580824 3351744
1785495474340 3351744 27580824 3351744
1785495474394 3351772 27580824 3351772
1785495474513 3351772 27580824 3351772
1785495474567 3351772 27580824 3351772
1785495474621 3351784 27580824 3351784
1785495474734 3351784 27580824 3351784
1785495474786 3351784 27580824 3351784
1785495474846 3351784 27580824 3351784
1785495474901 3351796 27580824 3351796
1785495475062 3351796 27580824 3351796
1785495475112 3351796 27580824 3351796
1785495475165 3351800 27580824 3351800
1785495475284 3351800 27580824 3351800
1785495475338 3351800 27580824 3351800
1785495475391 3351800 27580824 3351800
1785495475444 3351800 27580824 3351800
1785495475497 3351800 27580824 3351800
1785495475562 3351800 27580824 3351800
1785495475617 3351800 27580824 3351800
1785495475670 3351800 27580824 3351800
1785495475720 3351800 27580824 3351800
1785495475772 3351800 27580824 3351800
1785495475840 3351800 27580824 3351800
1785495475893 3351800 27580824 3351800
1785495475955 3351800 27580824 3351800
1785495476021 3351800 27580824 3351800
1785495476080 3351800 27580824 3351800
1785495476134 3351800 27580824 3351800
1785495476190 3351800 27580824 3351800
1785495476248 3351804 27580824 3351804
1785495476413 3351804 27580824 3351804
1785495476467 3351804 27580824 3351804
1785495476519 3351804 27580824 3351804
1785495476576 3351804 27580824 3351804
1785495476644 3351804 27580824 3351804
1785495476698 3351804 27580824 3351804
1785495476756 3351804 27580824 3351804
1785495476810 3351804 27580824 3351804
1785495476863 3351804 27580824 3351804
1785495476918 3351804 27580824 3351804
1785495476970 3351804 27580824 3351804
1785495477023 3351804 27580824 3351804
1785495477074 3351804 27580824 3351804
1785495477125 3351804 27580824 3351804
1785495477182 3351804 27580824 3351804
1785495477235 3351804 27580824 3351804
1785495477288 3351804 27580824 3351804
1785495477341 3351804 27580824 3351804
1785495477392 3351804 27580824 3351804
1785495477443 3351804 27580824 3351804
1785495477494 3351804 27580824 3351804
1785495477544 3351804 27580824 3351804
1785495477596 3351804 27580824 3351804
1785495477649 3351804 27580824 3351804
1785495477702 3351804 27580824 3351804
1785495477754 3351804 27580824 3351804
1785495477806 3351804 27580824 3351804
1785495477858 3351836 27580824 3351836
1785495478015 3351860 27580824 3351860
1785495478130 3351860 27580824 3351860
1785495478182 3351860 27580824 3351860
1785495478237 3351860 27580824 3351860
1785495478303 3351864 27580824 3351864
1785495478421 3351864 27580824 3351864
1785495478471 3351868 27580824 3351868
1785495478581 3351868 27580824 3351868
1785495478635 3351868 27580824 3351868
1785495478688 3351868 27580824 3351868
1785495478739 3351868 27580824 3351868
1785495478792 3351868 27580824 3351868
1785495478857 3351868 27580824 3351868
1785495478910 3351868 27580824 3351868
1785495478962 3351868 27580824 3351868
1785495479015 3351868 27580824 3351868
1785495479069 3351868 27580824 3351868
1785495479122 3351868 27580824 3351868
1785495479173 3351868 27580824 3351868
1785495479226 3351868 27580824 3351868
1785495479280 3351868 27580824 3351868
1785495479345 3351868 27580824 3351868
1785495479401 3351868 27580824 3351868
1785495479458 3351868 27580824 3351868
1785495479512 3351868 27580824 3351868
1785495479570 3351868 27580824 3351868
1785495479629 3351872 27580824 3351872
1785495479793 3351892 27580824 3351892
1785495479904 3351896 27580824 3351896
1785495480022 3351896 27580824 3351896
1785495480076 3351896 27580824 3351896
1785495480131 3351896 27580824 3351896
1785495480184 3351900 27580824 3351900
1785495480300 3351932 27580824 3351932
1785495480430 3351940 27580824 3351940
1785495480549 3351940 27580824 3351940
1785495480615 3351944 27580824 3351944
1785495480789 3351944 27580824 3351944
1785495480856 3351944 27580824 3351944
1785495480919 3351944 27580824 3351944
1785495480971 3351944 27580824 3351944
1785495481037 3352688 27580824 3352688
1785495481155 3350664 27580824 3350664
1785495481207 2872380 27580824 3344408
1785495481261 2872380 27580824 3344408
1785495481310 2872380 27580824 3344408
1785495481358 2872380 27580824 3344408
1785495481403 2872380 27580824 3344408
1785495481457 2872388 27580824 3344408
1785495481501 2872388 27580824 3344408
1785495481544 2872388 27580824 3344408
1785495481589 2870324 27580824 3344408
1785495481637 2880128 27580824 3344408
1785495481682 2880404 27580824 3344408
1785495481734 0 0 0
1785495481755 0 0 0
1785495481777 0 0 0
1785495481801 0 0 0
1785495481823 0 0 0
1785495481845 0 0 0
1785495481868 0 0 0
1785495481890 0 0 0
1785495481911 0 0 0
1785495481934 0 0 0
1785495481956 0 0 0
1785495481978 0 0 0
1785495481999 0 0 0
1785495482022 0 0 0
1785495482043 0 0 0
1785495482065 0 0 0
1785495482087 0 0 0
1785495482110 0 0 0
1785495482132 0 0 0
1785495482153 0 0 0
1785495482177 0 0 0
1785495482200 0 0 0
1785495482224 0 0 0
1785495482248 0 0 0
1785495482270 0 0 0
1785495482292 0 0 0
1785495482314 0 0 0
1785495482337 0 0 0
1785495482359 0 0 0
# peak_kb=3352688
# hwm_kb=3352688
# frozen_ms=0
# polled_vs_hwm_pct=0promille
