[2026-09-30 11:35:46.629] [info] [channel.cc:359] send request failed and retry, retry_count=1, max_retry=3, interval_ms=1000, message=[external/yacl/yacl/link/transport/interconnection_link.cc:56] cntl ErrorCode '111', http status code '0', response header '', response body '', error msg '[E111]Fail to connect Socket{id=0 addr=127.0.0.1:9531} (0x0x55d577ae8300): Connection refused'
[2026-09-30 11:35:47.630] [info] [channel.cc:359] send request failed and retry, retry_count=2, max_retry=3, interval_ms=3000, message=[external/yacl/yacl/link/transport/interconnection_link.cc:56] cntl ErrorCode '112', http status code '0', response header '', response body '', error msg '[E112]Not connected to 127.0.0.1:9531 yet, server_id=0'
[2026-09-30 11:35:48.680] [info] [channel.cc:359] send request failed and retry, retry_count=1, max_retry=3, interval_ms=1000, message=[external/yacl/yacl/link/transport/interconnection_link.cc:56] cntl ErrorCode '112', http status code '0', response header '', response body '', error msg '[E112]Not connected to 127.0.0.1:9531 yet, server_id=0'
[2026-09-30 11:35:48.747] [info] [channel.cc:359] send request failed and retry, retry_count=1, max_retry=3, interval_ms=1000, message=[external/yacl/yacl/link/transport/interconnection_link.cc:56] cntl ErrorCode '112', http status code '0', response header '', response body '', error msg '[E112]Not connected to 127.0.0.1:9531 yet, server_id=0'
[2026-09-30 11:35:49.687] [info] [channel.cc:359] send request failed and retry, retry_count=2, max_retry=3, interval_ms=3000, message=[external/yacl/yacl/link/transport/interconnection_link.cc:56] cntl ErrorCode '112', http status code '0', response header '', response body '', error msg '[E112]Not connected to 127.0.0.1:9531 yet, server_id=0'
[2026-09-30 11:35:53.265] [info] [cheetah_mul.cc:335] CheetahMul uses 3 modulus for 64 bit input over 64 bit ring
[2026-09-30 11:35:58.627] [info] [cheetah_dot.cc:319] CheetahDot uses 3@2 modulus 8192 degree for 64 bit ring (packing=enabled)
[2026-09-30 11:36:17.043] [info] [cheetah_dot.cc:640] 1@128x768x2304 => 128x64x1 Recv 10.849 MiB, Response 8.733 MiB Pack 0 ms (interleave)
[2026-09-30 11:36:18.857] [info] [cheetah_dot.cc:640] 1@128x64x128 => 128x64x1 Recv 0.176 MiB, Response 0.485 MiB Pack 0 ms (interleave)
[2026-09-30 11:36:20.199] [info] [activation.cc:317] f_nexp 16384 sent 4.834667205810547 MiB
[2026-09-30 11:36:20.862] [info] [cheetah_dot.cc:640] 1@128x128x64 => 1x128x64 Recv 0.176 MiB, Response 0.243 MiB Pack 288.495 ms (interleave)
[2026-09-30 11:36:21.290] [info] [cheetah_dot.cc:640] 1@128x64x128 => 128x64x1 Recv 0.661 MiB, Response 0.485 MiB Pack 0 ms (interleave)
[2026-09-30 11:36:22.414] [info] [activation.cc:317] f_nexp 16384 sent 4.834500312805176 MiB
[2026-09-30 11:36:23.067] [info] [cheetah_dot.cc:640] 1@128x128x64 => 1x128x64 Recv 0.176 MiB, Response 0.243 MiB Pack 281.712 ms (interleave)
[2026-09-30 11:36:23.505] [info] [cheetah_dot.cc:640] 1@128x64x128 => 128x64x1 Recv 0.662 MiB, Response 0.485 MiB Pack 0 ms (interleave)
[2026-09-30 11:36:24.648] [info] [activation.cc:317] f_nexp 16384 sent 4.834456443786621 MiB
[2026-09-30 11:36:25.332] [info] [cheetah_dot.cc:640] 1@128x128x64 => 1x128x64 Recv 0.176 MiB, Response 0.243 MiB Pack 314.175 ms (interleave)
[2026-09-30 11:36:25.780] [info] [cheetah_dot.cc:640] 1@128x64x128 => 128x64x1 Recv 0.662 MiB, Response 0.485 MiB Pack 0 ms (interleave)
[2026-09-30 11:36:27.468] [info] [activation.cc:317] f_nexp 16384 sent 4.834560394287109 MiB
[2026-09-30 11:36:28.137] [info] [cheetah_dot.cc:640] 1@128x128x64 => 1x128x64 Recv 0.176 MiB, Response 0.243 MiB Pack 272.075 ms (interleave)
[2026-09-30 11:36:28.576] [info] [cheetah_dot.cc:640] 1@128x64x128 => 128x64x1 Recv 0.176 MiB, Response 0.485 MiB Pack 0 ms (interleave)
[2026-09-30 11:36:29.712] [info] [activation.cc:317] f_nexp 16384 sent 4.834804534912109 MiB
[2026-09-30 11:36:30.366] [info] [cheetah_dot.cc:640] 1@128x128x64 => 1x128x64 Recv 0.176 MiB, Response 0.243 MiB Pack 294.467 ms (interleave)
[2026-09-30 11:36:30.792] [info] [cheetah_dot.cc:640] 1@128x64x128 => 128x64x1 Recv 0.662 MiB, Response 0.485 MiB Pack 0 ms (interleave)
[2026-09-30 11:36:31.878] [info] [activation.cc:317] f_nexp 16384 sent 4.834602355957031 MiB
[2026-09-30 11:36:32.530] [info] [cheetah_dot.cc:640] 1@128x128x64 => 1x128x64 Recv 0.176 MiB, Response 0.243 MiB Pack 287.292 ms (interleave)
[2026-09-30 11:36:32.975] [info] [cheetah_dot.cc:640] 1@128x64x128 => 128x64x1 Recv 0.662 MiB, Response 0.485 MiB Pack 0 ms (interleave)
[2026-09-30 11:36:34.654] [info] [activation.cc:317] f_nexp 16384 sent 5.088381767272949 MiB
[2026-09-30 11:36:35.307] [info] [cheetah_dot.cc:640] 1@128x128x64 => 1x128x64 Recv 0.176 MiB, Response 0.243 MiB Pack 297.938 ms (interleave)
[2026-09-30 11:36:35.737] [info] [cheetah_dot.cc:640] 1@128x64x128 => 128x64x1 Recv 0.662 MiB, Response 0.485 MiB Pack 0 ms (interleave)
[2026-09-30 11:36:36.763] [info] [activation.cc:317] f_nexp 16384 sent 4.8350419998168945 MiB
[2026-09-30 11:36:37.411] [info] [cheetah_dot.cc:640] 1@128x128x64 => 1x128x64 Recv 0.176 MiB, Response 0.243 MiB Pack 288.582 ms (interleave)
[2026-09-30 11:36:37.841] [info] [cheetah_dot.cc:640] 1@128x64x128 => 128x64x1 Recv 0.662 MiB, Response 0.485 MiB Pack 0 ms (interleave)
[2026-09-30 11:36:38.865] [info] [activation.cc:317] f_nexp 16384 sent 4.834527015686035 MiB
[2026-09-30 11:36:39.548] [info] [cheetah_dot.cc:640] 1@128x128x64 => 1x128x64 Recv 0.176 MiB, Response 0.243 MiB Pack 285.283 ms (interleave)
[2026-09-30 11:36:39.980] [info] [cheetah_dot.cc:640] 1@128x64x128 => 128x64x1 Recv 0.662 MiB, Response 0.485 MiB Pack 0 ms (interleave)
[2026-09-30 11:36:41.004] [info] [activation.cc:317] f_nexp 16384 sent 4.834597587585449 MiB
[2026-09-30 11:36:41.648] [info] [cheetah_dot.cc:640] 1@128x128x64 => 1x128x64 Recv 0.176 MiB, Response 0.243 MiB Pack 286.983 ms (interleave)
[2026-09-30 11:36:42.076] [info] [cheetah_dot.cc:640] 1@128x64x128 => 128x64x1 Recv 0.661 MiB, Response 0.485 MiB Pack 0 ms (interleave)
[2026-09-30 11:36:43.631] [info] [activation.cc:317] f_nexp 16384 sent 4.834690093994141 MiB
[2026-09-30 11:36:44.276] [info] [cheetah_dot.cc:640] 1@128x128x64 => 1x128x64 Recv 0.176 MiB, Response 0.243 MiB Pack 286.473 ms (interleave)
[2026-09-30 11:36:44.706] [info] [cheetah_dot.cc:640] 1@128x64x128 => 128x64x1 Recv 0.662 MiB, Response 0.485 MiB Pack 0 ms (interleave)
[2026-09-30 11:36:45.740] [info] [activation.cc:317] f_nexp 16384 sent 4.834593772888184 MiB
[2026-09-30 11:36:46.369] [info] [cheetah_dot.cc:640] 1@128x128x64 => 1x128x64 Recv 0.176 MiB, Response 0.243 MiB Pack 273.619 ms (interleave)
[2026-09-30 11:36:52.243] [info] [cheetah_dot.cc:640] 1@128x768x768 => 128x64x1 Recv 5.027 MiB, Response 2.911 MiB Pack 0 ms (interleave)
[2026-09-30 11:37:18.628] [info] [cheetah_dot.cc:640] 1@128x768x3072 => 128x64x1 Recv 2.117 MiB, Response 11.643 MiB Pack 0 ms (interleave)
[2026-09-30 11:37:30.069] [info] [activation.cc:208] seg3_gelu (i32true) 393216 sent 97.88030910491943 MiB
[2026-09-30 11:37:48.855] [info] [cheetah_dot.cc:640] 1@128x3072x768 => 128x64x1 Recv 11.378 MiB, Response 2.911 MiB Pack 0 ms (interleave)
[2026-09-30 11:38:10.820] [info] [cheetah_dot.cc:640] 1@128x768x2304 => 128x64x1 Recv 10.85 MiB, Response 8.733 MiB Pack 0 ms (interleave)
[2026-09-30 11:38:12.470] [info] [cheetah_dot.cc:640] 1@128x64x128 => 128x64x1 Recv 0.662 MiB, Response 0.485 MiB Pack 0 ms (interleave)
[2026-09-30 11:38:13.491] [info] [activation.cc:317] f_nexp 16384 sent 4.834575653076172 MiB
[2026-09-30 11:38:14.145] [info] [cheetah_dot.cc:640] 1@128x128x64 => 1x128x64 Recv 0.176 MiB, Response 0.243 MiB Pack 295.535 ms (interleave)
[2026-09-30 11:38:14.588] [info] [cheetah_dot.cc:640] 1@128x64x128 => 128x64x1 Recv 0.662 MiB, Response 0.485 MiB Pack 0 ms (interleave)
[2026-09-30 11:38:15.606] [info] [activation.cc:317] f_nexp 16384 sent 4.834775924682617 MiB
[2026-09-30 11:38:16.273] [info] [cheetah_dot.cc:640] 1@128x128x64 => 1x128x64 Recv 0.176 MiB, Response 0.242 MiB Pack 304.011 ms (interleave)
[2026-09-30 11:38:16.713] [info] [cheetah_dot.cc:640] 1@128x64x128 => 128x64x1 Recv 0.662 MiB, Response 0.485 MiB Pack 0 ms (interleave)
[2026-09-30 11:38:18.267] [info] [activation.cc:317] f_nexp 16384 sent 5.088522911071777 MiB
[2026-09-30 11:38:18.920] [info] [cheetah_dot.cc:640] 1@128x128x64 => 1x128x64 Recv 0.176 MiB, Response 0.243 MiB Pack 291.783 ms (interleave)
[2026-09-30 11:38:19.351] [info] [cheetah_dot.cc:640] 1@128x64x128 => 128x64x1 Recv 0.662 MiB, Response 0.485 MiB Pack 0 ms (interleave)
[2026-09-30 11:38:20.904] [info] [activation.cc:317] f_nexp 16384 sent 4.834893226623535 MiB
[2026-09-30 11:38:21.598] [info] [cheetah_dot.cc:640] 1@128x128x64 => 1x128x64 Recv 0.176 MiB, Response 0.243 MiB Pack 302.59 ms (interleave)
[2026-09-30 11:38:22.034] [info] [cheetah_dot.cc:640] 1@128x64x128 => 128x64x1 Recv 0.662 MiB, Response 0.485 MiB Pack 0 ms (interleave)
[2026-09-30 11:38:23.054] [info] [activation.cc:317] f_nexp 16384 sent 4.834451675415039 MiB
[2026-09-30 11:38:23.723] [info] [cheetah_dot.cc:640] 1@128x128x64 => 1x128x64 Recv 0.176 MiB, Response 0.243 MiB Pack 294.892 ms (interleave)
[2026-09-30 11:38:24.164] [info] [cheetah_dot.cc:640] 1@128x64x128 => 128x64x1 Recv 0.662 MiB, Response 0.485 MiB Pack 0 ms (interleave)
[2026-09-30 11:38:25.179] [info] [activation.cc:317] f_nexp 16384 sent 4.834390640258789 MiB
[2026-09-30 11:38:25.818] [info] [cheetah_dot.cc:640] 1@128x128x64 => 1x128x64 Recv 0.176 MiB, Response 0.243 MiB Pack 286.453 ms (interleave)
[2026-09-30 11:38:26.257] [info] [cheetah_dot.cc:640] 1@128x64x128 => 128x64x1 Recv 0.662 MiB, Response 0.485 MiB Pack 0 ms (interleave)
[2026-09-30 11:38:27.799] [info] [activation.cc:317] f_nexp 16384 sent 4.83441162109375 MiB
[2026-09-30 11:38:28.437] [info] [cheetah_dot.cc:640] 1@128x128x64 => 1x128x64 Recv 0.176 MiB, Response 0.243 MiB Pack 282.971 ms (interleave)
[2026-09-30 11:38:28.859] [info] [cheetah_dot.cc:640] 1@128x64x128 => 128x64x1 Recv 0.662 MiB, Response 0.485 MiB Pack 0 ms (interleave)
[2026-09-30 11:38:29.882] [info] [activation.cc:317] f_nexp 16384 sent 4.834600448608398 MiB
[2026-09-30 11:38:30.548] [info] [cheetah_dot.cc:640] 1@128x128x64 => 1x128x64 Recv 0.176 MiB, Response 0.243 MiB Pack 297.163 ms (interleave)
[2026-09-30 11:38:30.982] [info] [cheetah_dot.cc:640] 1@128x64x128 => 128x64x1 Recv 0.662 MiB, Response 0.485 MiB Pack 0 ms (interleave)
[2026-09-30 11:38:31.993] [info] [activation.cc:317] f_nexp 16384 sent 4.83460807800293 MiB
[2026-09-30 11:38:32.684] [info] [cheetah_dot.cc:640] 1@128x128x64 => 1x128x64 Recv 0.176 MiB, Response 0.243 MiB Pack 295.989 ms (interleave)
[2026-09-30 11:38:33.123] [info] [cheetah_dot.cc:640] 1@128x64x128 => 128x64x1 Recv 0.662 MiB, Response 0.485 MiB Pack 0 ms (interleave)
[2026-09-30 11:38:34.717] [info] [activation.cc:317] f_nexp 16384 sent 5.088520050048828 MiB
[2026-09-30 11:38:35.382] [info] [cheetah_dot.cc:640] 1@128x128x64 => 1x128x64 Recv 0.176 MiB, Response 0.243 MiB Pack 304.871 ms (interleave)
[2026-09-30 11:38:35.819] [info] [cheetah_dot.cc:640] 1@128x64x128 => 128x64x1 Recv 0.662 MiB, Response 0.485 MiB Pack 0 ms (interleave)
[2026-09-30 11:38:36.829] [info] [activation.cc:317] f_nexp 16384 sent 4.834646224975586 MiB
[2026-09-30 11:38:37.484] [info] [cheetah_dot.cc:640] 1@128x128x64 => 1x128x64 Recv 0.176 MiB, Response 0.243 MiB Pack 297.016 ms (interleave)
[2026-09-30 11:38:37.920] [info] [cheetah_dot.cc:640] 1@128x64x128 => 128x64x1 Recv 0.662 MiB, Response 0.485 MiB Pack 0 ms (interleave)
[2026-09-30 11:38:38.940] [info] [activation.cc:317] f_nexp 16384 sent 4.834381103515625 MiB
[2026-09-30 11:38:39.589] [info] [cheetah_dot.cc:640] 1@128x128x64 => 1x128x64 Recv 0.176 MiB, Response 0.243 MiB Pack 292.834 ms (interleave)
[2026-09-30 11:38:45.571] [info] [cheetah_dot.cc:640] 1@128x768x768 => 128x64x1 Recv 5.027 MiB, Response 2.911 MiB Pack 0 ms (interleave)
[2026-09-30 11:39:12.629] [info] [cheetah_dot.cc:640] 1@128x768x3072 => 128x64x1 Recv 13.76 MiB, Response 11.643 MiB Pack 0 ms (interleave)
[2026-09-30 11:39:22.510] [info] [activation.cc:208] seg3_gelu (i32true) 393216 sent 97.88083457946777 MiB
[2026-09-30 11:39:41.277] [info] [cheetah_dot.cc:640] 1@128x3072x768 => 128x64x1 Recv 11.378 MiB, Response 2.911 MiB Pack 0 ms (interleave)
[2026-09-30 11:40:02.061] [info] [cheetah_dot.cc:640] 1@128x768x2304 => 128x64x1 Recv 2.117 MiB, Response 8.733 MiB Pack 0 ms (interleave)
[2026-09-30 11:40:04.491] [info] [cheetah_dot.cc:640] 1@128x64x128 => 128x64x1 Recv 0.662 MiB, Response 0.485 MiB Pack 0 ms (interleave)
[2026-09-30 11:40:05.531] [info] [activation.cc:317] f_nexp 16384 sent 4.834682464599609 MiB
[2026-09-30 11:40:06.163] [info] [cheetah_dot.cc:640] 1@128x128x64 => 1x128x64 Recv 0.176 MiB, Response 0.243 MiB Pack 270.075 ms (interleave)
[2026-09-30 11:40:06.620] [info] [cheetah_dot.cc:640] 1@128x64x128 => 128x64x1 Recv 0.662 MiB, Response 0.485 MiB Pack 0 ms (interleave)
[2026-09-30 11:40:07.655] [info] [activation.cc:317] f_nexp 16384 sent 4.834688186645508 MiB
[2026-09-30 11:40:08.328] [info] [cheetah_dot.cc:640] 1@128x128x64 => 1x128x64 Recv 0.176 MiB, Response 0.243 MiB Pack 297.353 ms (interleave)
[2026-09-30 11:40:08.762] [info] [cheetah_dot.cc:640] 1@128x64x128 => 128x64x1 Recv 0.661 MiB, Response 0.485 MiB Pack 0 ms (interleave)
[2026-09-30 11:40:10.302] [info] [activation.cc:317] f_nexp 16384 sent 5.088533401489258 MiB
[2026-09-30 11:40:10.980] [info] [cheetah_dot.cc:640] 1@128x128x64 => 1x128x64 Recv 0.176 MiB, Response 0.243 MiB Pack 300.134 ms (interleave)
[2026-09-30 11:40:11.418] [info] [cheetah_dot.cc:640] 1@128x64x128 => 128x64x1 Recv 0.662 MiB, Response 0.485 MiB Pack 0 ms (interleave)
[2026-09-30 11:40:12.439] [info] [activation.cc:317] f_nexp 16384 sent 4.834770202636719 MiB
[2026-09-30 11:40:13.163] [info] [cheetah_dot.cc:640] 1@128x128x64 => 1x128x64 Recv 0.176 MiB, Response 0.243 MiB Pack 309.797 ms (interleave)
[2026-09-30 11:40:13.615] [info] [cheetah_dot.cc:640] 1@128x64x128 => 128x64x1 Recv 0.662 MiB, Response 0.485 MiB Pack 0 ms (interleave)
[2026-09-30 11:40:14.633] [info] [activation.cc:317] f_nexp 16384 sent 4.834670066833496 MiB
[2026-09-30 11:40:15.300] [info] [cheetah_dot.cc:640] 1@128x128x64 => 1x128x64 Recv 0.176 MiB, Response 0.243 MiB Pack 299.882 ms (interleave)
[2026-09-30 11:40:15.746] [info] [cheetah_dot.cc:640] 1@128x64x128 => 128x64x1 Recv 0.662 MiB, Response 0.485 MiB Pack 0 ms (interleave)
[2026-09-30 11:40:17.293] [info] [activation.cc:317] f_nexp 16384 sent 5.088805198669434 MiB
[2026-09-30 11:40:17.967] [info] [cheetah_dot.cc:640] 1@128x128x64 => 1x128x64 Recv 0.176 MiB, Response 0.243 MiB Pack 293.696 ms (interleave)
[2026-09-30 11:40:18.406] [info] [cheetah_dot.cc:640] 1@128x64x128 => 128x64x1 Recv 0.662 MiB, Response 0.485 MiB Pack 0 ms (interleave)
[2026-09-30 11:40:19.948] [info] [activation.cc:317] f_nexp 16384 sent 4.834650039672852 MiB
[2026-09-30 11:40:20.607] [info] [cheetah_dot.cc:640] 1@128x128x64 => 1x128x64 Recv 0.176 MiB, Response 0.243 MiB Pack 285.385 ms (interleave)
[2026-09-30 11:40:21.039] [info] [cheetah_dot.cc:640] 1@128x64x128 => 128x64x1 Recv 0.662 MiB, Response 0.485 MiB Pack 0 ms (interleave)
[2026-09-30 11:40:22.069] [info] [activation.cc:317] f_nexp 16384 sent 4.834567070007324 MiB
[2026-09-30 11:40:22.748] [info] [cheetah_dot.cc:640] 1@128x128x64 => 1x128x64 Recv 0.176 MiB, Response 0.243 MiB Pack 300.76 ms (interleave)
[2026-09-30 11:40:23.190] [info] [cheetah_dot.cc:640] 1@128x64x128 => 128x64x1 Recv 0.662 MiB, Response 0.485 MiB Pack 0 ms (interleave)
[2026-09-30 11:40:24.208] [info] [activation.cc:317] f_nexp 16384 sent 4.834583282470703 MiB
[2026-09-30 11:40:24.904] [info] [cheetah_dot.cc:640] 1@128x128x64 => 1x128x64 Recv 0.176 MiB, Response 0.243 MiB Pack 294.077 ms (interleave)
[2026-09-30 11:40:25.354] [info] [cheetah_dot.cc:640] 1@128x64x128 => 128x64x1 Recv 0.661 MiB, Response 0.485 MiB Pack 0 ms (interleave)
[2026-09-30 11:40:26.898] [info] [activation.cc:317] f_nexp 16384 sent 4.83461856842041 MiB
[2026-09-30 11:40:27.564] [info] [cheetah_dot.cc:640] 1@128x128x64 => 1x128x64 Recv 0.176 MiB, Response 0.243 MiB Pack 297.743 ms (interleave)
[2026-09-30 11:40:28.015] [info] [cheetah_dot.cc:640] 1@128x64x128 => 128x64x1 Recv 0.661 MiB, Response 0.485 MiB Pack 0 ms (interleave)
[2026-09-30 11:40:29.035] [info] [activation.cc:317] f_nexp 16384 sent 4.834588050842285 MiB
[2026-09-30 11:40:29.686] [info] [cheetah_dot.cc:640] 1@128x128x64 => 1x128x64 Recv 0.176 MiB, Response 0.243 MiB Pack 287.546 ms (interleave)
[2026-09-30 11:40:30.121] [info] [cheetah_dot.cc:640] 1@128x64x128 => 128x64x1 Recv 0.662 MiB, Response 0.485 MiB Pack 0 ms (interleave)
[2026-09-30 11:40:31.142] [info] [activation.cc:317] f_nexp 16384 sent 4.834609031677246 MiB
[2026-09-30 11:40:31.788] [info] [cheetah_dot.cc:640] 1@128x128x64 => 1x128x64 Recv 0.176 MiB, Response 0.243 MiB Pack 288.364 ms (interleave)
[2026-09-30 11:40:37.753] [info] [cheetah_dot.cc:640] 1@128x768x768 => 128x64x1 Recv 5.028 MiB, Response 2.911 MiB Pack 0 ms (interleave)
[2026-09-30 11:41:05.089] [info] [cheetah_dot.cc:640] 1@128x768x3072 => 128x64x1 Recv 13.76 MiB, Response 11.644 MiB Pack 0 ms (interleave)
[2026-09-30 11:41:14.886] [info] [activation.cc:208] seg3_gelu (i32true) 393216 sent 97.88068389892578 MiB
[2026-09-30 11:41:34.044] [info] [cheetah_dot.cc:640] 1@128x3072x768 => 128x64x1 Recv 11.378 MiB, Response 2.911 MiB Pack 0 ms (interleave)
[2026-09-30 11:41:55.016] [info] [cheetah_dot.cc:640] 1@128x768x2304 => 128x64x1 Recv 2.117 MiB, Response 8.733 MiB Pack 0 ms (interleave)
[2026-09-30 11:41:56.858] [info] [cheetah_dot.cc:640] 1@128x64x128 => 128x64x1 Recv 0.662 MiB, Response 0.485 MiB Pack 0 ms (interleave)
[2026-09-30 11:41:57.871] [info] [activation.cc:317] f_nexp 16384 sent 4.834892272949219 MiB
[2026-09-30 11:41:58.505] [info] [cheetah_dot.cc:640] 1@128x128x64 => 1x128x64 Recv 0.176 MiB, Response 0.243 MiB Pack 271.201 ms (interleave)
[2026-09-30 11:41:58.917] [info] [cheetah_dot.cc:640] 1@128x64x128 => 128x64x1 Recv 0.176 MiB, Response 0.485 MiB Pack 0 ms (interleave)
[2026-09-30 11:41:59.965] [info] [activation.cc:317] f_nexp 16384 sent 4.83473014831543 MiB
[2026-09-30 11:42:00.603] [info] [cheetah_dot.cc:640] 1@128x128x64 => 1x128x64 Recv 0.176 MiB, Response 0.243 MiB Pack 281.367 ms (interleave)
[2026-09-30 11:42:01.009] [info] [cheetah_dot.cc:640] 1@128x64x128 => 128x64x1 Recv 0.176 MiB, Response 0.485 MiB Pack 0 ms (interleave)
[2026-09-30 11:42:02.558] [info] [activation.cc:317] f_nexp 16384 sent 4.834615707397461 MiB
[2026-09-30 11:42:03.202] [info] [cheetah_dot.cc:640] 1@128x128x64 => 1x128x64 Recv 0.176 MiB, Response 0.243 MiB Pack 286.103 ms (interleave)
[2026-09-30 11:42:03.608] [info] [cheetah_dot.cc:640] 1@128x64x128 => 128x64x1 Recv 0.176 MiB, Response 0.485 MiB Pack 0 ms (interleave)
[2026-09-30 11:42:04.650] [info] [activation.cc:317] f_nexp 16384 sent 4.834829330444336 MiB
[2026-09-30 11:42:05.326] [info] [cheetah_dot.cc:640] 1@128x128x64 => 1x128x64 Recv 0.176 MiB, Response 0.243 MiB Pack 281.434 ms (interleave)
[2026-09-30 11:42:05.751] [info] [cheetah_dot.cc:640] 1@128x64x128 => 128x64x1 Recv 0.176 MiB, Response 0.485 MiB Pack 0 ms (interleave)
[2026-09-30 11:42:06.799] [info] [activation.cc:317] f_nexp 16384 sent 4.834678649902344 MiB
[2026-09-30 11:42:07.442] [info] [cheetah_dot.cc:640] 1@128x128x64 => 1x128x64 Recv 0.176 MiB, Response 0.243 MiB Pack 286.984 ms (interleave)
[2026-09-30 11:42:07.868] [info] [cheetah_dot.cc:640] 1@128x64x128 => 128x64x1 Recv 0.662 MiB, Response 0.485 MiB Pack 0 ms (interleave)
[2026-09-30 11:42:09.402] [info] [activation.cc:317] f_nexp 16384 sent 5.088849067687988 MiB
[2026-09-30 11:42:10.053] [info] [cheetah_dot.cc:640] 1@128x128x64 => 1x128x64 Recv 0.176 MiB, Response 0.243 MiB Pack 288.033 ms (interleave)
[2026-09-30 11:42:10.480] [info] [cheetah_dot.cc:640] 1@128x64x128 => 128x64x1 Recv 0.176 MiB, Response 0.485 MiB Pack 0 ms (interleave)
[2026-09-30 11:42:11.498] [info] [activation.cc:317] f_nexp 16384 sent 4.834704399108887 MiB
[2026-09-30 11:42:12.146] [info] [cheetah_dot.cc:640] 1@128x128x64 => 1x128x64 Recv 0.176 MiB, Response 0.243 MiB Pack 280.856 ms (interleave)
[2026-09-30 11:42:12.565] [info] [cheetah_dot.cc:640] 1@128x64x128 => 128x64x1 Recv 0.176 MiB, Response 0.485 MiB Pack 0 ms (interleave)
[2026-09-30 11:42:13.598] [info] [activation.cc:317] f_nexp 16384 sent 4.834628105163574 MiB
[2026-09-30 11:42:14.236] [info] [cheetah_dot.cc:640] 1@128x128x64 => 1x128x64 Recv 0.176 MiB, Response 0.243 MiB Pack 278.253 ms (interleave)
[2026-09-30 11:42:14.672] [info] [cheetah_dot.cc:640] 1@128x64x128 => 128x64x1 Recv 0.176 MiB, Response 0.485 MiB Pack 0 ms (interleave)
[2026-09-30 11:42:15.693] [info] [activation.cc:317] f_nexp 16384 sent 4.834638595581055 MiB
[2026-09-30 11:42:16.377] [info] [cheetah_dot.cc:640] 1@128x128x64 => 1x128x64 Recv 0.176 MiB, Response 0.243 MiB Pack 281.954 ms (interleave)
[2026-09-30 11:42:16.810] [info] [cheetah_dot.cc:640] 1@128x64x128 => 128x64x1 Recv 0.661 MiB, Response 0.485 MiB Pack 0 ms (interleave)
[2026-09-30 11:42:18.371] [info] [activation.cc:317] f_nexp 16384 sent 4.8347625732421875 MiB
[2026-09-30 11:42:19.553] [info] [cheetah_dot.cc:640] 1@128x128x64 => 1x128x64 Recv 0.176 MiB, Response 0.243 MiB Pack 287.035 ms (interleave)
[2026-09-30 11:42:19.977] [info] [cheetah_dot.cc:640] 1@128x64x128 => 128x64x1 Recv 0.176 MiB, Response 0.485 MiB Pack 0 ms (interleave)
[2026-09-30 11:42:20.998] [info] [activation.cc:317] f_nexp 16384 sent 4.834649085998535 MiB
[2026-09-30 11:42:21.627] [info] [cheetah_dot.cc:640] 1@128x128x64 => 1x128x64 Recv 0.176 MiB, Response 0.243 MiB Pack 266.881 ms (interleave)
[2026-09-30 11:42:22.082] [info] [cheetah_dot.cc:640] 1@128x64x128 => 128x64x1 Recv 0.176 MiB, Response 0.485 MiB Pack 0 ms (interleave)
[2026-09-30 11:42:23.112] [info] [activation.cc:317] f_nexp 16384 sent 4.834458351135254 MiB
[2026-09-30 11:42:23.734] [info] [cheetah_dot.cc:640] 1@128x128x64 => 1x128x64 Recv 0.176 MiB, Response 0.243 MiB Pack 257.205 ms (interleave)
[2026-09-30 11:42:29.520] [info] [cheetah_dot.cc:640] 1@128x768x768 => 128x64x1 Recv 2.117 MiB, Response 2.911 MiB Pack 0 ms (interleave)
[2026-09-30 11:42:57.122] [info] [cheetah_dot.cc:640] 1@128x768x3072 => 128x64x1 Recv 13.76 MiB, Response 11.643 MiB Pack 0 ms (interleave)
[2026-09-30 11:43:06.860] [info] [activation.cc:208] seg3_gelu (i32true) 393216 sent 97.88057899475098 MiB
[2026-09-30 11:43:26.060] [info] [cheetah_dot.cc:640] 1@128x3072x768 => 128x64x1 Recv 11.378 MiB, Response 2.911 MiB Pack 0 ms (interleave)
[2026-09-30 11:43:48.014] [info] [cheetah_dot.cc:640] 1@128x768x2304 => 128x64x1 Recv 10.85 MiB, Response 8.733 MiB Pack 0 ms (interleave)
[2026-09-30 11:43:49.631] [info] [cheetah_dot.cc:640] 1@128x64x128 => 128x64x1 Recv 0.176 MiB, Response 0.485 MiB Pack 0 ms (interleave)
[2026-09-30 11:43:50.655] [info] [activation.cc:317] f_nexp 16384 sent 4.83465576171875 MiB
[2026-09-30 11:43:51.277] [info] [cheetah_dot.cc:640] 1@128x128x64 => 1x128x64 Recv 0.176 MiB, Response 0.243 MiB Pack 262.492 ms (interleave)
[2026-09-30 11:43:51.716] [info] [cheetah_dot.cc:640] 1@128x64x128 => 128x64x1 Recv 0.176 MiB, Response 0.485 MiB Pack 0 ms (interleave)
[2026-09-30 11:43:53.281] [info] [activation.cc:317] f_nexp 16384 sent 5.088676452636719 MiB
[2026-09-30 11:43:53.932] [info] [cheetah_dot.cc:640] 1@128x128x64 => 1x128x64 Recv 0.176 MiB, Response 0.243 MiB Pack 282.64 ms (interleave)
[2026-09-30 11:43:54.346] [info] [cheetah_dot.cc:640] 1@128x64x128 => 128x64x1 Recv 0.176 MiB, Response 0.485 MiB Pack 0 ms (interleave)
[2026-09-30 11:43:55.385] [info] [activation.cc:317] f_nexp 16384 sent 4.834853172302246 MiB
[2026-09-30 11:43:56.005] [info] [cheetah_dot.cc:640] 1@128x128x64 => 1x128x64 Recv 0.176 MiB, Response 0.243 MiB Pack 262.742 ms (interleave)
[2026-09-30 11:43:56.432] [info] [cheetah_dot.cc:640] 1@128x64x128 => 128x64x1 Recv 0.176 MiB, Response 0.485 MiB Pack 0 ms (interleave)
[2026-09-30 11:43:57.481] [info] [activation.cc:317] f_nexp 16384 sent 4.834887504577637 MiB
[2026-09-30 11:43:58.173] [info] [cheetah_dot.cc:640] 1@128x128x64 => 1x128x64 Recv 0.176 MiB, Response 0.243 MiB Pack 281.075 ms (interleave)
[2026-09-30 11:43:58.591] [info] [cheetah_dot.cc:640] 1@128x64x128 => 128x64x1 Recv 0.176 MiB, Response 0.485 MiB Pack 0 ms (interleave)
[2026-09-30 11:43:59.605] [info] [activation.cc:317] f_nexp 16384 sent 4.834822654724121 MiB
[2026-09-30 11:44:00.263] [info] [cheetah_dot.cc:640] 1@128x128x64 => 1x128x64 Recv 0.176 MiB, Response 0.243 MiB Pack 289.338 ms (interleave)
[2026-09-30 11:44:00.683] [info] [cheetah_dot.cc:640] 1@128x64x128 => 128x64x1 Recv 0.176 MiB, Response 0.485 MiB Pack 0 ms (interleave)
[2026-09-30 11:44:02.225] [info] [activation.cc:317] f_nexp 16384 sent 4.834863662719727 MiB
[2026-09-30 11:44:02.865] [info] [cheetah_dot.cc:640] 1@128x128x64 => 1x128x64 Recv 0.176 MiB, Response 0.243 MiB Pack 281.97 ms (interleave)
[2026-09-30 11:44:03.287] [info] [cheetah_dot.cc:640] 1@128x64x128 => 128x64x1 Recv 0.176 MiB, Response 0.485 MiB Pack 0 ms (interleave)
[2026-09-30 11:44:04.324] [info] [activation.cc:317] f_nexp 16384 sent 4.834504127502441 MiB
[2026-09-30 11:44:04.960] [info] [cheetah_dot.cc:640] 1@128x128x64 => 1x128x64 Recv 0.176 MiB, Response 0.243 MiB Pack 267.706 ms (interleave)
[2026-09-30 11:44:05.404] [info] [cheetah_dot.cc:640] 1@128x64x128 => 128x64x1 Recv 0.176 MiB, Response 0.485 MiB Pack 0 ms (interleave)
[2026-09-30 11:44:06.433] [info] [activation.cc:317] f_nexp 16384 sent 4.834719657897949 MiB
[2026-09-30 11:44:07.088] [info] [cheetah_dot.cc:640] 1@128x128x64 => 1x128x64 Recv 0.176 MiB, Response 0.243 MiB Pack 292.066 ms (interleave)
[2026-09-30 11:44:07.525] [info] [cheetah_dot.cc:640] 1@128x64x128 => 128x64x1 Recv 0.662 MiB, Response 0.485 MiB Pack 0 ms (interleave)
[2026-09-30 11:44:09.053] [info] [activation.cc:317] f_nexp 16384 sent 5.088488578796387 MiB
[2026-09-30 11:44:09.756] [info] [cheetah_dot.cc:640] 1@128x128x64 => 1x128x64 Recv 0.176 MiB, Response 0.243 MiB Pack 295.597 ms (interleave)
[2026-09-30 11:44:10.200] [info] [cheetah_dot.cc:640] 1@128x64x128 => 128x64x1 Recv 0.661 MiB, Response 0.485 MiB Pack 0 ms (interleave)
[2026-09-30 11:44:11.221] [info] [activation.cc:317] f_nexp 16384 sent 4.834861755371094 MiB
[2026-09-30 11:44:11.898] [info] [cheetah_dot.cc:640] 1@128x128x64 => 1x128x64 Recv 0.176 MiB, Response 0.243 MiB Pack 302.162 ms (interleave)
[2026-09-30 11:44:12.342] [info] [cheetah_dot.cc:640] 1@128x64x128 => 128x64x1 Recv 0.662 MiB, Response 0.485 MiB Pack 0 ms (interleave)
[2026-09-30 11:44:13.372] [info] [activation.cc:317] f_nexp 16384 sent 4.834589958190918 MiB
[2026-09-30 11:44:14.029] [info] [cheetah_dot.cc:640] 1@128x128x64 => 1x128x64 Recv 0.176 MiB, Response 0.243 MiB Pack 299.714 ms (interleave)
[2026-09-30 11:44:14.479] [info] [cheetah_dot.cc:640] 1@128x64x128 => 128x64x1 Recv 0.662 MiB, Response 0.485 MiB Pack 0 ms (interleave)
[2026-09-30 11:44:15.504] [info] [activation.cc:317] f_nexp 16384 sent 4.834778785705566 MiB
[2026-09-30 11:44:16.163] [info] [cheetah_dot.cc:640] 1@128x128x64 => 1x128x64 Recv 0.176 MiB, Response 0.243 MiB Pack 299.189 ms (interleave)
[2026-09-30 11:44:22.078] [info] [cheetah_dot.cc:640] 1@128x768x768 => 128x64x1 Recv 5.028 MiB, Response 2.911 MiB Pack 0 ms (interleave)
[2026-09-30 11:44:49.694] [info] [cheetah_dot.cc:640] 1@128x768x3072 => 128x64x1 Recv 13.76 MiB, Response 11.644 MiB Pack 0 ms (interleave)
[2026-09-30 11:44:58.901] [info] [activation.cc:208] seg3_gelu (i32true) 393216 sent 97.6265516281128 MiB
[2026-09-30 11:45:17.889] [info] [cheetah_dot.cc:640] 1@128x3072x768 => 128x64x1 Recv 11.378 MiB, Response 2.911 MiB Pack 0 ms (interleave)
[2026-09-30 11:45:39.645] [info] [cheetah_dot.cc:640] 1@128x768x2304 => 128x64x1 Recv 10.85 MiB, Response 8.733 MiB Pack 0 ms (interleave)
[2026-09-30 11:45:41.308] [info] [cheetah_dot.cc:640] 1@128x64x128 => 128x64x1 Recv 0.662 MiB, Response 0.485 MiB Pack 0 ms (interleave)
[2026-09-30 11:45:42.321] [info] [activation.cc:317] f_nexp 16384 sent 4.834917068481445 MiB
[2026-09-30 11:45:42.984] [info] [cheetah_dot.cc:640] 1@128x128x64 => 1x128x64 Recv 0.176 MiB, Response 0.243 MiB Pack 308.999 ms (interleave)
[2026-09-30 11:45:43.420] [info] [cheetah_dot.cc:640] 1@128x64x128 => 128x64x1 Recv 0.661 MiB, Response 0.485 MiB Pack 0 ms (interleave)
[2026-09-30 11:45:45.484] [info] [activation.cc:317] f_nexp 16384 sent 4.834751129150391 MiB
[2026-09-30 11:45:46.137] [info] [cheetah_dot.cc:640] 1@128x128x64 => 1x128x64 Recv 0.176 MiB, Response 0.243 MiB Pack 298.735 ms (interleave)
[2026-09-30 11:45:46.575] [info] [cheetah_dot.cc:640] 1@128x64x128 => 128x64x1 Recv 0.661 MiB, Response 0.485 MiB Pack 0 ms (interleave)
[2026-09-30 11:45:47.581] [info] [activation.cc:317] f_nexp 16384 sent 4.83442497253418 MiB
[2026-09-30 11:45:48.227] [info] [cheetah_dot.cc:640] 1@128x128x64 => 1x128x64 Recv 0.176 MiB, Response 0.243 MiB Pack 291.409 ms (interleave)
[2026-09-30 11:45:48.664] [info] [cheetah_dot.cc:640] 1@128x64x128 => 128x64x1 Recv 0.662 MiB, Response 0.485 MiB Pack 0 ms (interleave)
[2026-09-30 11:45:49.674] [info] [activation.cc:317] f_nexp 16384 sent 4.834795951843262 MiB
[2026-09-30 11:45:50.377] [info] [cheetah_dot.cc:640] 1@128x128x64 => 1x128x64 Recv 0.176 MiB, Response 0.243 MiB Pack 304.855 ms (interleave)
[2026-09-30 11:45:50.808] [info] [cheetah_dot.cc:640] 1@128x64x128 => 128x64x1 Recv 0.662 MiB, Response 0.485 MiB Pack 0 ms (interleave)
[2026-09-30 11:45:52.416] [info] [activation.cc:317] f_nexp 16384 sent 5.088483810424805 MiB
[2026-09-30 11:45:53.079] [info] [cheetah_dot.cc:640] 1@128x128x64 => 1x128x64 Recv 0.176 MiB, Response 0.243 MiB Pack 295.949 ms (interleave)
[2026-09-30 11:45:53.519] [info] [cheetah_dot.cc:640] 1@128x64x128 => 128x64x1 Recv 0.662 MiB, Response 0.485 MiB Pack 0 ms (interleave)
[2026-09-30 11:45:54.535] [info] [activation.cc:317] f_nexp 16384 sent 4.834776878356934 MiB
[2026-09-30 11:45:55.191] [info] [cheetah_dot.cc:640] 1@128x128x64 => 1x128x64 Recv 0.176 MiB, Response 0.243 MiB Pack 297.72 ms (interleave)
[2026-09-30 11:45:55.635] [info] [cheetah_dot.cc:640] 1@128x64x128 => 128x64x1 Recv 0.662 MiB, Response 0.485 MiB Pack 0 ms (interleave)
[2026-09-30 11:45:56.639] [info] [activation.cc:317] f_nexp 16384 sent 4.83455753326416 MiB
[2026-09-30 11:45:57.297] [info] [cheetah_dot.cc:640] 1@128x128x64 => 1x128x64 Recv 0.176 MiB, Response 0.243 MiB Pack 299.518 ms (interleave)
[2026-09-30 11:45:57.734] [info] [cheetah_dot.cc:640] 1@128x64x128 => 128x64x1 Recv 0.662 MiB, Response 0.485 MiB Pack 0 ms (interleave)
[2026-09-30 11:45:58.743] [info] [activation.cc:317] f_nexp 16384 sent 4.8347015380859375 MiB
[2026-09-30 11:45:59.408] [info] [cheetah_dot.cc:640] 1@128x128x64 => 1x128x64 Recv 0.176 MiB, Response 0.243 MiB Pack 304.639 ms (interleave)
[2026-09-30 11:45:59.850] [info] [cheetah_dot.cc:640] 1@128x64x128 => 128x64x1 Recv 0.662 MiB, Response 0.485 MiB Pack 0 ms (interleave)
[2026-09-30 11:46:01.387] [info] [activation.cc:317] f_nexp 16384 sent 4.8346405029296875 MiB
[2026-09-30 11:46:02.072] [info] [cheetah_dot.cc:640] 1@128x128x64 => 1x128x64 Recv 0.176 MiB, Response 0.243 MiB Pack 286.884 ms (interleave)
[2026-09-30 11:46:02.493] [info] [cheetah_dot.cc:640] 1@128x64x128 => 128x64x1 Recv 0.662 MiB, Response 0.485 MiB Pack 0 ms (interleave)
[2026-09-30 11:46:03.506] [info] [activation.cc:317] f_nexp 16384 sent 4.834662437438965 MiB
[2026-09-30 11:46:04.158] [info] [cheetah_dot.cc:640] 1@128x128x64 => 1x128x64 Recv 0.176 MiB, Response 0.243 MiB Pack 288.419 ms (interleave)
[2026-09-30 11:46:04.580] [info] [cheetah_dot.cc:640] 1@128x64x128 => 128x64x1 Recv 0.661 MiB, Response 0.485 MiB Pack 0 ms (interleave)
[2026-09-30 11:46:05.601] [info] [activation.cc:317] f_nexp 16384 sent 4.834566116333008 MiB
[2026-09-30 11:46:06.228] [info] [cheetah_dot.cc:640] 1@128x128x64 => 1x128x64 Recv 0.176 MiB, Response 0.243 MiB Pack 274.237 ms (interleave)
[2026-09-30 11:46:06.640] [info] [cheetah_dot.cc:640] 1@128x64x128 => 128x64x1 Recv 0.176 MiB, Response 0.485 MiB Pack 0 ms (interleave)
[2026-09-30 11:46:08.164] [info] [activation.cc:317] f_nexp 16384 sent 5.0884857177734375 MiB
[2026-09-30 11:46:08.802] [info] [cheetah_dot.cc:640] 1@128x128x64 => 1x128x64 Recv 0.176 MiB, Response 0.243 MiB Pack 278.793 ms (interleave)
[2026-09-30 11:46:14.574] [info] [cheetah_dot.cc:640] 1@128x768x768 => 128x64x1 Recv 2.117 MiB, Response 2.911 MiB Pack 0 ms (interleave)
[2026-09-30 11:46:41.256] [info] [cheetah_dot.cc:640] 1@128x768x3072 => 128x64x1 Recv 13.761 MiB, Response 11.644 MiB Pack 0 ms (interleave)
[2026-09-30 11:46:50.542] [info] [activation.cc:208] seg3_gelu (i32true) 393216 sent 97.62704753875732 MiB
[2026-09-30 11:47:09.075] [info] [cheetah_dot.cc:640] 1@128x3072x768 => 128x64x1 Recv 11.378 MiB, Response 2.911 MiB Pack 0 ms (interleave)
[2026-09-30 11:47:30.134] [info] [cheetah_dot.cc:640] 1@128x768x2304 => 128x64x1 Recv 2.117 MiB, Response 8.733 MiB Pack 0 ms (interleave)
[2026-09-30 11:47:32.116] [info] [cheetah_dot.cc:640] 1@128x64x128 => 128x64x1 Recv 0.662 MiB, Response 0.485 MiB Pack 0 ms (interleave)
[2026-09-30 11:47:33.132] [info] [activation.cc:317] f_nexp 16384 sent 4.834789276123047 MiB
[2026-09-30 11:47:33.770] [info] [cheetah_dot.cc:640] 1@128x128x64 => 1x128x64 Recv 0.176 MiB, Response 0.243 MiB Pack 279.901 ms (interleave)
[2026-09-30 11:47:34.198] [info] [cheetah_dot.cc:640] 1@128x64x128 => 128x64x1 Recv 0.176 MiB, Response 0.485 MiB Pack 0 ms (interleave)
[2026-09-30 11:47:35.731] [info] [activation.cc:317] f_nexp 16384 sent 4.834638595581055 MiB
[2026-09-30 11:47:36.350] [info] [cheetah_dot.cc:640] 1@128x128x64 => 1x128x64 Recv 0.176 MiB, Response 0.243 MiB Pack 261.398 ms (interleave)
[2026-09-30 11:47:36.801] [info] [cheetah_dot.cc:640] 1@128x64x128 => 128x64x1 Recv 0.176 MiB, Response 0.485 MiB Pack 0 ms (interleave)
[2026-09-30 11:47:37.829] [info] [activation.cc:317] f_nexp 16384 sent 4.834627151489258 MiB
[2026-09-30 11:47:38.484] [info] [cheetah_dot.cc:640] 1@128x128x64 => 1x128x64 Recv 0.176 MiB, Response 0.243 MiB Pack 287.179 ms (interleave)
[2026-09-30 11:47:38.913] [info] [cheetah_dot.cc:640] 1@128x64x128 => 128x64x1 Recv 0.176 MiB, Response 0.485 MiB Pack 0 ms (interleave)
[2026-09-30 11:47:39.941] [info] [activation.cc:317] f_nexp 16384 sent 4.834869384765625 MiB
[2026-09-30 11:47:40.631] [info] [cheetah_dot.cc:640] 1@128x128x64 => 1x128x64 Recv 0.176 MiB, Response 0.243 MiB Pack 279.934 ms (interleave)
[2026-09-30 11:47:41.057] [info] [cheetah_dot.cc:640] 1@128x64x128 => 128x64x1 Recv 0.176 MiB, Response 0.485 MiB Pack 0 ms (interleave)
[2026-09-30 11:47:42.592] [info] [activation.cc:317] f_nexp 16384 sent 5.088504791259766 MiB
[2026-09-30 11:47:43.756] [info] [cheetah_dot.cc:640] 1@128x128x64 => 1x128x64 Recv 0.176 MiB, Response 0.243 MiB Pack 265.151 ms (interleave)
[2026-09-30 11:47:44.189] [info] [cheetah_dot.cc:640] 1@128x64x128 => 128x64x1 Recv 0.176 MiB, Response 0.485 MiB Pack 0 ms (interleave)
[2026-09-30 11:47:45.212] [info] [activation.cc:317] f_nexp 16384 sent 4.83454704284668 MiB
[2026-09-30 11:47:45.846] [info] [cheetah_dot.cc:640] 1@128x128x64 => 1x128x64 Recv 0.176 MiB, Response 0.243 MiB Pack 274.409 ms (interleave)
[2026-09-30 11:47:46.278] [info] [cheetah_dot.cc:640] 1@128x64x128 => 128x64x1 Recv 0.176 MiB, Response 0.485 MiB Pack 0 ms (interleave)
[2026-09-30 11:47:47.319] [info] [activation.cc:317] f_nexp 16384 sent 4.8346099853515625 MiB
[2026-09-30 11:47:47.966] [info] [cheetah_dot.cc:640] 1@128x128x64 => 1x128x64 Recv 0.176 MiB, Response 0.243 MiB Pack 290.519 ms (interleave)
[2026-09-30 11:47:48.391] [info] [cheetah_dot.cc:640] 1@128x64x128 => 128x64x1 Recv 0.662 MiB, Response 0.485 MiB Pack 0 ms (interleave)
[2026-09-30 11:47:49.401] [info] [activation.cc:317] f_nexp 16384 sent 4.8346099853515625 MiB
[2026-09-30 11:47:50.564] [info] [cheetah_dot.cc:640] 1@128x128x64 => 1x128x64 Recv 0.176 MiB, Response 0.243 MiB Pack 268.902 ms (interleave)
[2026-09-30 11:47:51.007] [info] [cheetah_dot.cc:640] 1@128x64x128 => 128x64x1 Recv 0.176 MiB, Response 0.485 MiB Pack 0 ms (interleave)
[2026-09-30 11:47:52.021] [info] [activation.cc:317] f_nexp 16384 sent 4.834565162658691 MiB
[2026-09-30 11:47:52.696] [info] [cheetah_dot.cc:640] 1@128x128x64 => 1x128x64 Recv 0.176 MiB, Response 0.243 MiB Pack 279.553 ms (interleave)
[2026-09-30 11:47:53.119] [info] [cheetah_dot.cc:640] 1@128x64x128 => 128x64x1 Recv 0.176 MiB, Response 0.485 MiB Pack 0 ms (interleave)
[2026-09-30 11:47:54.126] [info] [activation.cc:317] f_nexp 16384 sent 4.834856986999512 MiB
[2026-09-30 11:47:54.775] [info] [cheetah_dot.cc:640] 1@128x128x64 => 1x128x64 Recv 0.176 MiB, Response 0.243 MiB Pack 292.953 ms (interleave)
[2026-09-30 11:47:55.188] [info] [cheetah_dot.cc:640] 1@128x64x128 => 128x64x1 Recv 0.176 MiB, Response 0.485 MiB Pack 0 ms (interleave)
[2026-09-30 11:47:56.227] [info] [activation.cc:317] f_nexp 16384 sent 4.834756851196289 MiB
[2026-09-30 11:47:56.865] [info] [cheetah_dot.cc:640] 1@128x128x64 => 1x128x64 Recv 0.176 MiB, Response 0.243 MiB Pack 282.045 ms (interleave)
[2026-09-30 11:47:57.274] [info] [cheetah_dot.cc:640] 1@128x64x128 => 128x64x1 Recv 0.176 MiB, Response 0.485 MiB Pack 0 ms (interleave)
[2026-09-30 11:47:58.842] [info] [activation.cc:317] f_nexp 16384 sent 4.834686279296875 MiB
[2026-09-30 11:47:59.497] [info] [cheetah_dot.cc:640] 1@128x128x64 => 1x128x64 Recv 0.176 MiB, Response 0.243 MiB Pack 286.896 ms (interleave)
[2026-09-30 11:48:05.395] [info] [cheetah_dot.cc:640] 1@128x768x768 => 128x64x1 Recv 5.028 MiB, Response 2.911 MiB Pack 0 ms (interleave)
[2026-09-30 11:48:31.685] [info] [cheetah_dot.cc:640] 1@128x768x3072 => 128x64x1 Recv 2.117 MiB, Response 11.644 MiB Pack 0 ms (interleave)
[2026-09-30 11:48:41.192] [info] [activation.cc:208] seg3_gelu (i32true) 393216 sent 97.62676620483398 MiB
[2026-09-30 11:48:59.546] [info] [cheetah_dot.cc:640] 1@128x3072x768 => 128x64x1 Recv 8.467 MiB, Response 2.911 MiB Pack 0 ms (interleave)
[2026-09-30 11:49:20.653] [info] [cheetah_dot.cc:640] 1@128x768x2304 => 128x64x1 Recv 2.117 MiB, Response 8.733 MiB Pack 0 ms (interleave)
[2026-09-30 11:49:22.859] [info] [cheetah_dot.cc:640] 1@128x64x128 => 128x64x1 Recv 0.662 MiB, Response 0.485 MiB Pack 0 ms (interleave)
[2026-09-30 11:49:24.398] [info] [activation.cc:317] f_nexp 16384 sent 5.088950157165527 MiB
[2026-09-30 11:49:25.036] [info] [cheetah_dot.cc:640] 1@128x128x64 => 1x128x64 Recv 0.176 MiB, Response 0.243 MiB Pack 283.356 ms (interleave)
[2026-09-30 11:49:25.464] [info] [cheetah_dot.cc:640] 1@128x64x128 => 128x64x1 Recv 0.176 MiB, Response 0.485 MiB Pack 0 ms (interleave)
[2026-09-30 11:49:26.485] [info] [activation.cc:317] f_nexp 16384 sent 4.834615707397461 MiB
[2026-09-30 11:49:27.119] [info] [cheetah_dot.cc:640] 1@128x128x64 => 1x128x64 Recv 0.176 MiB, Response 0.243 MiB Pack 277.397 ms (interleave)
[2026-09-30 11:49:27.531] [info] [cheetah_dot.cc:640] 1@128x64x128 => 128x64x1 Recv 0.662 MiB, Response 0.485 MiB Pack 0 ms (interleave)
[2026-09-30 11:49:28.541] [info] [activation.cc:317] f_nexp 16384 sent 4.834648132324219 MiB
[2026-09-30 11:49:29.172] [info] [cheetah_dot.cc:640] 1@128x128x64 => 1x128x64 Recv 0.176 MiB, Response 0.243 MiB Pack 276.374 ms (interleave)
[2026-09-30 11:49:29.610] [info] [cheetah_dot.cc:640] 1@128x64x128 => 128x64x1 Recv 0.176 MiB, Response 0.485 MiB Pack 0 ms (interleave)
[2026-09-30 11:49:30.636] [info] [activation.cc:317] f_nexp 16384 sent 4.834765434265137 MiB
[2026-09-30 11:49:31.313] [info] [cheetah_dot.cc:640] 1@128x128x64 => 1x128x64 Recv 0.176 MiB, Response 0.243 MiB Pack 278.893 ms (interleave)
[2026-09-30 11:49:31.743] [info] [cheetah_dot.cc:640] 1@128x64x128 => 128x64x1 Recv 0.176 MiB, Response 0.485 MiB Pack 0 ms (interleave)
[2026-09-30 11:49:33.286] [info] [activation.cc:317] f_nexp 16384 sent 4.834493637084961 MiB
[2026-09-30 11:49:33.924] [info] [cheetah_dot.cc:640] 1@128x128x64 => 1x128x64 Recv 0.176 MiB, Response 0.243 MiB Pack 276.695 ms (interleave)
[2026-09-30 11:49:34.348] [info] [cheetah_dot.cc:640] 1@128x64x128 => 128x64x1 Recv 0.176 MiB, Response 0.485 MiB Pack 0 ms (interleave)
[2026-09-30 11:49:35.382] [info] [activation.cc:317] f_nexp 16384 sent 4.834588050842285 MiB
[2026-09-30 11:49:36.015] [info] [cheetah_dot.cc:640] 1@128x128x64 => 1x128x64 Recv 0.176 MiB, Response 0.243 MiB Pack 276.323 ms (interleave)
[2026-09-30 11:49:36.428] [info] [cheetah_dot.cc:640] 1@128x64x128 => 128x64x1 Recv 0.176 MiB, Response 0.485 MiB Pack 0 ms (interleave)
[2026-09-30 11:49:37.475] [info] [activation.cc:317] f_nexp 16384 sent 4.83465576171875 MiB
[2026-09-30 11:49:38.112] [info] [cheetah_dot.cc:640] 1@128x128x64 => 1x128x64 Recv 0.176 MiB, Response 0.243 MiB Pack 279.082 ms (interleave)
[2026-09-30 11:49:38.541] [info] [cheetah_dot.cc:640] 1@128x64x128 => 128x64x1 Recv 0.176 MiB, Response 0.485 MiB Pack 0 ms (interleave)
[2026-09-30 11:49:40.126] [info] [activation.cc:317] f_nexp 16384 sent 5.088507652282715 MiB
[2026-09-30 11:49:40.774] [info] [cheetah_dot.cc:640] 1@128x128x64 => 1x128x64 Recv 0.176 MiB, Response 0.243 MiB Pack 273.514 ms (interleave)
[2026-09-30 11:49:41.191] [info] [cheetah_dot.cc:640] 1@128x64x128 => 128x64x1 Recv 0.176 MiB, Response 0.485 MiB Pack 0 ms (interleave)
[2026-09-30 11:49:42.765] [info] [activation.cc:317] f_nexp 16384 sent 4.834420204162598 MiB
[2026-09-30 11:49:43.453] [info] [cheetah_dot.cc:640] 1@128x128x64 => 1x128x64 Recv 0.176 MiB, Response 0.243 MiB Pack 275.014 ms (interleave)
[2026-09-30 11:49:43.880] [info] [cheetah_dot.cc:640] 1@128x64x128 => 128x64x1 Recv 0.176 MiB, Response 0.485 MiB Pack 0 ms (interleave)
[2026-09-30 11:49:44.920] [info] [activation.cc:317] f_nexp 16384 sent 4.834441184997559 MiB
[2026-09-30 11:49:45.560] [info] [cheetah_dot.cc:640] 1@128x128x64 => 1x128x64 Recv 0.176 MiB, Response 0.243 MiB Pack 286.466 ms (interleave)
[2026-09-30 11:49:45.982] [info] [cheetah_dot.cc:640] 1@128x64x128 => 128x64x1 Recv 0.176 MiB, Response 0.485 MiB Pack 0 ms (interleave)
[2026-09-30 11:49:46.999] [info] [activation.cc:317] f_nexp 16384 sent 4.834611892700195 MiB
[2026-09-30 11:49:47.645] [info] [cheetah_dot.cc:640] 1@128x128x64 => 1x128x64 Recv 0.176 MiB, Response 0.243 MiB Pack 276.467 ms (interleave)
[2026-09-30 11:49:48.062] [info] [cheetah_dot.cc:640] 1@128x64x128 => 128x64x1 Recv 0.176 MiB, Response 0.485 MiB Pack 0 ms (interleave)
[2026-09-30 11:49:49.595] [info] [activation.cc:317] f_nexp 16384 sent 4.834632873535156 MiB
[2026-09-30 11:49:50.241] [info] [cheetah_dot.cc:640] 1@128x128x64 => 1x128x64 Recv 0.176 MiB, Response 0.243 MiB Pack 280.158 ms (interleave)
[2026-09-30 11:49:55.948] [info] [cheetah_dot.cc:640] 1@128x768x768 => 128x64x1 Recv 2.117 MiB, Response 2.911 MiB Pack 0 ms (interleave)
[2026-09-30 11:50:23.085] [info] [cheetah_dot.cc:640] 1@128x768x3072 => 128x64x1 Recv 13.761 MiB, Response 11.644 MiB Pack 0 ms (interleave)
[2026-09-30 11:50:32.261] [info] [activation.cc:208] seg3_gelu (i32true) 393216 sent 97.62679862976074 MiB
[2026-09-30 11:50:50.584] [info] [cheetah_dot.cc:640] 1@128x3072x768 => 128x64x1 Recv 8.467 MiB, Response 2.911 MiB Pack 0 ms (interleave)
[2026-09-30 11:51:11.707] [info] [cheetah_dot.cc:640] 1@128x768x2304 => 128x64x1 Recv 2.117 MiB, Response 8.733 MiB Pack 0 ms (interleave)
[2026-09-30 11:51:13.851] [info] [cheetah_dot.cc:640] 1@128x64x128 => 128x64x1 Recv 0.176 MiB, Response 0.485 MiB Pack 0 ms (interleave)
[2026-09-30 11:51:15.419] [info] [activation.cc:317] f_nexp 16384 sent 4.83460807800293 MiB
[2026-09-30 11:51:16.076] [info] [cheetah_dot.cc:640] 1@128x128x64 => 1x128x64 Recv 0.176 MiB, Response 0.243 MiB Pack 288.233 ms (interleave)
[2026-09-30 11:51:16.509] [info] [cheetah_dot.cc:640] 1@128x64x128 => 128x64x1 Recv 0.662 MiB, Response 0.485 MiB Pack 0 ms (interleave)
[2026-09-30 11:51:17.518] [info] [activation.cc:317] f_nexp 16384 sent 4.834829330444336 MiB
[2026-09-30 11:51:18.167] [info] [cheetah_dot.cc:640] 1@128x128x64 => 1x128x64 Recv 0.176 MiB, Response 0.243 MiB Pack 292.867 ms (interleave)
[2026-09-30 11:51:18.598] [info] [cheetah_dot.cc:640] 1@128x64x128 => 128x64x1 Recv 0.662 MiB, Response 0.485 MiB Pack 0 ms (interleave)
[2026-09-30 11:51:19.614] [info] [activation.cc:317] f_nexp 16384 sent 4.834686279296875 MiB
[2026-09-30 11:51:20.259] [info] [cheetah_dot.cc:640] 1@128x128x64 => 1x128x64 Recv 0.176 MiB, Response 0.243 MiB Pack 287.217 ms (interleave)
[2026-09-30 11:51:20.701] [info] [cheetah_dot.cc:640] 1@128x64x128 => 128x64x1 Recv 0.662 MiB, Response 0.485 MiB Pack 0 ms (interleave)
[2026-09-30 11:51:22.236] [info] [activation.cc:317] f_nexp 16384 sent 5.088849067687988 MiB
[2026-09-30 11:51:22.918] [info] [cheetah_dot.cc:640] 1@128x128x64 => 1x128x64 Recv 0.176 MiB, Response 0.243 MiB Pack 273.829 ms (interleave)
[2026-09-30 11:51:23.335] [info] [cheetah_dot.cc:640] 1@128x64x128 => 128x64x1 Recv 0.176 MiB, Response 0.485 MiB Pack 0 ms (interleave)
[2026-09-30 11:51:24.377] [info] [activation.cc:317] f_nexp 16384 sent 4.8344879150390625 MiB
[2026-09-30 11:51:25.040] [info] [cheetah_dot.cc:640] 1@128x128x64 => 1x128x64 Recv 0.176 MiB, Response 0.243 MiB Pack 301.871 ms (interleave)
[2026-09-30 11:51:25.485] [info] [cheetah_dot.cc:640] 1@128x64x128 => 128x64x1 Recv 0.662 MiB, Response 0.485 MiB Pack 0 ms (interleave)
[2026-09-30 11:51:26.500] [info] [activation.cc:317] f_nexp 16384 sent 4.834400177001953 MiB
[2026-09-30 11:51:27.174] [info] [cheetah_dot.cc:640] 1@128x128x64 => 1x128x64 Recv 0.176 MiB, Response 0.243 MiB Pack 302.094 ms (interleave)
[2026-09-30 11:51:27.614] [info] [cheetah_dot.cc:640] 1@128x64x128 => 128x64x1 Recv 0.662 MiB, Response 0.485 MiB Pack 0 ms (interleave)
[2026-09-30 11:51:28.619] [info] [activation.cc:317] f_nexp 16384 sent 4.8345794677734375 MiB
[2026-09-30 11:51:29.293] [info] [cheetah_dot.cc:640] 1@128x128x64 => 1x128x64 Recv 0.176 MiB, Response 0.243 MiB Pack 314.06 ms (interleave)
[2026-09-30 11:51:29.723] [info] [cheetah_dot.cc:640] 1@128x64x128 => 128x64x1 Recv 0.662 MiB, Response 0.485 MiB Pack 0 ms (interleave)
[2026-09-30 11:51:31.264] [info] [activation.cc:317] f_nexp 16384 sent 4.834672927856445 MiB
[2026-09-30 11:51:31.924] [info] [cheetah_dot.cc:640] 1@128x128x64 => 1x128x64 Recv 0.176 MiB, Response 0.243 MiB Pack 295.348 ms (interleave)
[2026-09-30 11:51:32.355] [info] [cheetah_dot.cc:640] 1@128x64x128 => 128x64x1 Recv 0.662 MiB, Response 0.485 MiB Pack 0 ms (interleave)
[2026-09-30 11:51:33.365] [info] [activation.cc:317] f_nexp 16384 sent 4.834719657897949 MiB
[2026-09-30 11:51:34.055] [info] [cheetah_dot.cc:640] 1@128x128x64 => 1x128x64 Recv 0.176 MiB, Response 0.243 MiB Pack 293.969 ms (interleave)
[2026-09-30 11:51:34.489] [info] [cheetah_dot.cc:640] 1@128x64x128 => 128x64x1 Recv 0.662 MiB, Response 0.485 MiB Pack 0 ms (interleave)
[2026-09-30 11:51:35.497] [info] [activation.cc:317] f_nexp 16384 sent 4.8346967697143555 MiB
[2026-09-30 11:51:36.164] [info] [cheetah_dot.cc:640] 1@128x128x64 => 1x128x64 Recv 0.176 MiB, Response 0.243 MiB Pack 298.866 ms (interleave)
[2026-09-30 11:51:36.610] [info] [cheetah_dot.cc:640] 1@128x64x128 => 128x64x1 Recv 0.662 MiB, Response 0.485 MiB Pack 0 ms (interleave)
[2026-09-30 11:51:38.149] [info] [activation.cc:317] f_nexp 16384 sent 5.088473320007324 MiB
[2026-09-30 11:51:38.800] [info] [cheetah_dot.cc:640] 1@128x128x64 => 1x128x64 Recv 0.176 MiB, Response 0.243 MiB Pack 286.486 ms (interleave)
[2026-09-30 11:51:39.230] [info] [cheetah_dot.cc:640] 1@128x64x128 => 128x64x1 Recv 0.662 MiB, Response 0.485 MiB Pack 0 ms (interleave)
[2026-09-30 11:51:40.770] [info] [activation.cc:317] f_nexp 16384 sent 4.834717750549316 MiB
[2026-09-30 11:51:41.454] [info] [cheetah_dot.cc:640] 1@128x128x64 => 1x128x64 Recv 0.176 MiB, Response 0.243 MiB Pack 312.113 ms (interleave)
[2026-09-30 11:51:47.496] [info] [cheetah_dot.cc:640] 1@128x768x768 => 128x64x1 Recv 5.028 MiB, Response 2.911 MiB Pack 0 ms (interleave)
[2026-09-30 11:52:15.295] [info] [cheetah_dot.cc:640] 1@128x768x3072 => 128x64x1 Recv 13.76 MiB, Response 11.644 MiB Pack 0 ms (interleave)
[2026-09-30 11:52:23.996] [info] [activation.cc:208] seg3_gelu (i32true) 393216 sent 97.62889957427979 MiB
[2026-09-30 11:52:42.914] [info] [cheetah_dot.cc:640] 1@128x3072x768 => 128x64x1 Recv 11.378 MiB, Response 2.911 MiB Pack 0 ms (interleave)
[2026-09-30 11:53:05.226] [info] [cheetah_dot.cc:640] 1@128x768x2304 => 128x64x1 Recv 10.849 MiB, Response 8.733 MiB Pack 0 ms (interleave)
[2026-09-30 11:53:06.866] [info] [cheetah_dot.cc:640] 1@128x64x128 => 128x64x1 Recv 0.662 MiB, Response 0.485 MiB Pack 0 ms (interleave)
[2026-09-30 11:53:08.457] [info] [activation.cc:317] f_nexp 16384 sent 4.834514617919922 MiB
[2026-09-30 11:53:09.123] [info] [cheetah_dot.cc:640] 1@128x128x64 => 1x128x64 Recv 0.176 MiB, Response 0.243 MiB Pack 300.035 ms (interleave)
[2026-09-30 11:53:09.566] [info] [cheetah_dot.cc:640] 1@128x64x128 => 128x64x1 Recv 0.662 MiB, Response 0.485 MiB Pack 0 ms (interleave)
[2026-09-30 11:53:10.582] [info] [activation.cc:317] f_nexp 16384 sent 4.834708213806152 MiB
[2026-09-30 11:53:11.262] [info] [cheetah_dot.cc:640] 1@128x128x64 => 1x128x64 Recv 0.176 MiB, Response 0.243 MiB Pack 319.409 ms (interleave)
[2026-09-30 11:53:11.696] [info] [cheetah_dot.cc:640] 1@128x64x128 => 128x64x1 Recv 0.662 MiB, Response 0.485 MiB Pack 0 ms (interleave)
[2026-09-30 11:53:12.722] [info] [activation.cc:317] f_nexp 16384 sent 4.834603309631348 MiB
[2026-09-30 11:53:13.413] [info] [cheetah_dot.cc:640] 1@128x128x64 => 1x128x64 Recv 0.176 MiB, Response 0.243 MiB Pack 323.166 ms (interleave)
[2026-09-30 11:53:13.849] [info] [cheetah_dot.cc:640] 1@128x64x128 => 128x64x1 Recv 0.661 MiB, Response 0.485 MiB Pack 0 ms (interleave)
[2026-09-30 11:53:15.428] [info] [activation.cc:317] f_nexp 16384 sent 5.0882978439331055 MiB
[2026-09-30 11:53:16.123] [info] [cheetah_dot.cc:640] 1@128x128x64 => 1x128x64 Recv 0.176 MiB, Response 0.243 MiB Pack 288.718 ms (interleave)
[2026-09-30 11:53:16.556] [info] [cheetah_dot.cc:640] 1@128x64x128 => 128x64x1 Recv 0.662 MiB, Response 0.485 MiB Pack 0 ms (interleave)
[2026-09-30 11:53:17.580] [info] [activation.cc:317] f_nexp 16384 sent 4.834746360778809 MiB
[2026-09-30 11:53:18.237] [info] [cheetah_dot.cc:640] 1@128x128x64 => 1x128x64 Recv 0.176 MiB, Response 0.243 MiB Pack 296.948 ms (interleave)
[2026-09-30 11:53:18.689] [info] [cheetah_dot.cc:640] 1@128x64x128 => 128x64x1 Recv 0.662 MiB, Response 0.485 MiB Pack 0 ms (interleave)
[2026-09-30 11:53:19.702] [info] [activation.cc:317] f_nexp 16384 sent 4.834739685058594 MiB
[2026-09-30 11:53:20.367] [info] [cheetah_dot.cc:640] 1@128x128x64 => 1x128x64 Recv 0.176 MiB, Response 0.243 MiB Pack 301.016 ms (interleave)
[2026-09-30 11:53:20.815] [info] [cheetah_dot.cc:640] 1@128x64x128 => 128x64x1 Recv 0.662 MiB, Response 0.485 MiB Pack 0 ms (interleave)
[2026-09-30 11:53:22.364] [info] [activation.cc:317] f_nexp 16384 sent 5.088591575622559 MiB
[2026-09-30 11:53:23.020] [info] [cheetah_dot.cc:640] 1@128x128x64 => 1x128x64 Recv 0.176 MiB, Response 0.243 MiB Pack 301.414 ms (interleave)
[2026-09-30 11:53:23.469] [info] [cheetah_dot.cc:640] 1@128x64x128 => 128x64x1 Recv 0.662 MiB, Response 0.485 MiB Pack 0 ms (interleave)
[2026-09-30 11:53:24.484] [info] [activation.cc:317] f_nexp 16384 sent 4.834471702575684 MiB
[2026-09-30 11:53:25.150] [info] [cheetah_dot.cc:640] 1@128x128x64 => 1x128x64 Recv 0.176 MiB, Response 0.243 MiB Pack 305.524 ms (interleave)
[2026-09-30 11:53:25.597] [info] [cheetah_dot.cc:640] 1@128x64x128 => 128x64x1 Recv 0.662 MiB, Response 0.485 MiB Pack 0 ms (interleave)
[2026-09-30 11:53:26.596] [info] [activation.cc:317] f_nexp 16384 sent 4.834918975830078 MiB
[2026-09-30 11:53:27.285] [info] [cheetah_dot.cc:640] 1@128x128x64 => 1x128x64 Recv 0.176 MiB, Response 0.243 MiB Pack 290.434 ms (interleave)
[2026-09-30 11:53:27.727] [info] [cheetah_dot.cc:640] 1@128x64x128 => 128x64x1 Recv 0.662 MiB, Response 0.485 MiB Pack 0 ms (interleave)
[2026-09-30 11:53:28.737] [info] [activation.cc:317] f_nexp 16384 sent 4.834561347961426 MiB
[2026-09-30 11:53:29.404] [info] [cheetah_dot.cc:640] 1@128x128x64 => 1x128x64 Recv 0.176 MiB, Response 0.243 MiB Pack 300.889 ms (interleave)
[2026-09-30 11:53:29.844] [info] [cheetah_dot.cc:640] 1@128x64x128 => 128x64x1 Recv 0.661 MiB, Response 0.485 MiB Pack 0 ms (interleave)
[2026-09-30 11:53:31.385] [info] [activation.cc:317] f_nexp 16384 sent 4.834647178649902 MiB
[2026-09-30 11:53:32.046] [info] [cheetah_dot.cc:640] 1@128x128x64 => 1x128x64 Recv 0.176 MiB, Response 0.243 MiB Pack 298.823 ms (interleave)
[2026-09-30 11:53:32.492] [info] [cheetah_dot.cc:640] 1@128x64x128 => 128x64x1 Recv 0.662 MiB, Response 0.485 MiB Pack 0 ms (interleave)
[2026-09-30 11:53:33.497] [info] [activation.cc:317] f_nexp 16384 sent 4.834672927856445 MiB
[2026-09-30 11:53:34.136] [info] [cheetah_dot.cc:640] 1@128x128x64 => 1x128x64 Recv 0.176 MiB, Response 0.243 MiB Pack 280.716 ms (interleave)
[2026-09-30 11:53:39.882] [info] [cheetah_dot.cc:640] 1@128x768x768 => 128x64x1 Recv 2.117 MiB, Response 2.911 MiB Pack 0 ms (interleave)
[2026-09-30 11:54:07.502] [info] [cheetah_dot.cc:640] 1@128x768x3072 => 128x64x1 Recv 13.76 MiB, Response 11.643 MiB Pack 0 ms (interleave)
[2026-09-30 11:54:17.221] [info] [activation.cc:208] seg3_gelu (i32true) 393216 sent 97.88011646270752 MiB
[2026-09-30 11:54:36.050] [info] [cheetah_dot.cc:640] 1@128x3072x768 => 128x64x1 Recv 11.378 MiB, Response 2.911 MiB Pack 0 ms (interleave)
[2026-09-30 11:54:57.071] [info] [cheetah_dot.cc:640] 1@128x768x2304 => 128x64x1 Recv 2.117 MiB, Response 8.733 MiB Pack 0 ms (interleave)
[2026-09-30 11:54:58.965] [info] [cheetah_dot.cc:640] 1@128x64x128 => 128x64x1 Recv 0.176 MiB, Response 0.485 MiB Pack 0 ms (interleave)
[2026-09-30 11:54:59.988] [info] [activation.cc:317] f_nexp 16384 sent 4.834700584411621 MiB
[2026-09-30 11:55:00.616] [info] [cheetah_dot.cc:640] 1@128x128x64 => 1x128x64 Recv 0.176 MiB, Response 0.243 MiB Pack 274.385 ms (interleave)
[2026-09-30 11:55:01.032] [info] [cheetah_dot.cc:640] 1@128x64x128 => 128x64x1 Recv 0.176 MiB, Response 0.485 MiB Pack 0 ms (interleave)
[2026-09-30 11:55:02.087] [info] [activation.cc:317] f_nexp 16384 sent 4.834677696228027 MiB
[2026-09-30 11:55:02.740] [info] [cheetah_dot.cc:640] 1@128x128x64 => 1x128x64 Recv 0.176 MiB, Response 0.243 MiB Pack 290.578 ms (interleave)
[2026-09-30 11:55:03.168] [info] [cheetah_dot.cc:640] 1@128x64x128 => 128x64x1 Recv 0.176 MiB, Response 0.485 MiB Pack 0 ms (interleave)
[2026-09-30 11:55:04.187] [info] [activation.cc:317] f_nexp 16384 sent 4.834869384765625 MiB
[2026-09-30 11:55:04.836] [info] [cheetah_dot.cc:640] 1@128x128x64 => 1x128x64 Recv 0.176 MiB, Response 0.243 MiB Pack 290.406 ms (interleave)
[2026-09-30 11:55:05.276] [info] [cheetah_dot.cc:640] 1@128x64x128 => 128x64x1 Recv 0.662 MiB, Response 0.485 MiB Pack 0 ms (interleave)
[2026-09-30 11:55:07.370] [info] [activation.cc:317] f_nexp 16384 sent 4.83481502532959 MiB
[2026-09-30 11:55:08.060] [info] [cheetah_dot.cc:640] 1@128x128x64 => 1x128x64 Recv 0.176 MiB, Response 0.243 MiB Pack 285.433 ms (interleave)
[2026-09-30 11:55:08.489] [info] [cheetah_dot.cc:640] 1@128x64x128 => 128x64x1 Recv 0.662 MiB, Response 0.485 MiB Pack 0 ms (interleave)
[2026-09-30 11:55:09.500] [info] [activation.cc:317] f_nexp 16384 sent 4.83481502532959 MiB
[2026-09-30 11:55:10.151] [info] [cheetah_dot.cc:640] 1@128x128x64 => 1x128x64 Recv 0.176 MiB, Response 0.243 MiB Pack 282.048 ms (interleave)
[2026-09-30 11:55:10.584] [info] [cheetah_dot.cc:640] 1@128x64x128 => 128x64x1 Recv 0.662 MiB, Response 0.485 MiB Pack 0 ms (interleave)
[2026-09-30 11:55:11.592] [info] [activation.cc:317] f_nexp 16384 sent 4.834944725036621 MiB
[2026-09-30 11:55:12.242] [info] [cheetah_dot.cc:640] 1@128x128x64 => 1x128x64 Recv 0.176 MiB, Response 0.243 MiB Pack 281.479 ms (interleave)
[2026-09-30 11:55:12.662] [info] [cheetah_dot.cc:640] 1@128x64x128 => 128x64x1 Recv 0.176 MiB, Response 0.485 MiB Pack 0 ms (interleave)
[2026-09-30 11:55:14.196] [info] [activation.cc:317] f_nexp 16384 sent 5.08869743347168 MiB
[2026-09-30 11:55:14.871] [info] [cheetah_dot.cc:640] 1@128x128x64 => 1x128x64 Recv 0.176 MiB, Response 0.243 MiB Pack 297.313 ms (interleave)
[2026-09-30 11:55:15.309] [info] [cheetah_dot.cc:640] 1@128x64x128 => 128x64x1 Recv 0.662 MiB, Response 0.485 MiB Pack 0 ms (interleave)
[2026-09-30 11:55:16.332] [info] [activation.cc:317] f_nexp 16384 sent 4.834445953369141 MiB
[2026-09-30 11:55:16.997] [info] [cheetah_dot.cc:640] 1@128x128x64 => 1x128x64 Recv 0.176 MiB, Response 0.243 MiB Pack 295.694 ms (interleave)
[2026-09-30 11:55:17.432] [info] [cheetah_dot.cc:640] 1@128x64x128 => 128x64x1 Recv 0.662 MiB, Response 0.485 MiB Pack 0 ms (interleave)
[2026-09-30 11:55:18.446] [info] [activation.cc:317] f_nexp 16384 sent 4.834659576416016 MiB
[2026-09-30 11:55:19.142] [info] [cheetah_dot.cc:640] 1@128x128x64 => 1x128x64 Recv 0.176 MiB, Response 0.243 MiB Pack 284.074 ms (interleave)
[2026-09-30 11:55:19.568] [info] [cheetah_dot.cc:640] 1@128x64x128 => 128x64x1 Recv 0.662 MiB, Response 0.485 MiB Pack 0 ms (interleave)
[2026-09-30 11:55:20.583] [info] [activation.cc:317] f_nexp 16384 sent 4.834619522094727 MiB
[2026-09-30 11:55:21.231] [info] [cheetah_dot.cc:640] 1@128x128x64 => 1x128x64 Recv 0.176 MiB, Response 0.243 MiB Pack 291.406 ms (interleave)
[2026-09-30 11:55:21.673] [info] [cheetah_dot.cc:640] 1@128x64x128 => 128x64x1 Recv 0.662 MiB, Response 0.485 MiB Pack 0 ms (interleave)
[2026-09-30 11:55:23.222] [info] [activation.cc:317] f_nexp 16384 sent 4.834567070007324 MiB
[2026-09-30 11:55:23.890] [info] [cheetah_dot.cc:640] 1@128x128x64 => 1x128x64 Recv 0.176 MiB, Response 0.243 MiB Pack 299.17 ms (interleave)
[2026-09-30 11:55:24.336] [info] [cheetah_dot.cc:640] 1@128x64x128 => 128x64x1 Recv 0.662 MiB, Response 0.485 MiB Pack 0 ms (interleave)
[2026-09-30 11:55:25.355] [info] [activation.cc:317] f_nexp 16384 sent 4.834755897521973 MiB
[2026-09-30 11:55:26.024] [info] [cheetah_dot.cc:640] 1@128x128x64 => 1x128x64 Recv 0.176 MiB, Response 0.243 MiB Pack 301.744 ms (interleave)
[2026-09-30 11:55:32.039] [info] [cheetah_dot.cc:640] 1@128x768x768 => 128x64x1 Recv 5.028 MiB, Response 2.911 MiB Pack 0 ms (interleave)
[2026-09-30 11:55:58.643] [info] [cheetah_dot.cc:640] 1@128x768x3072 => 128x64x1 Recv 13.76 MiB, Response 11.644 MiB Pack 0 ms (interleave)
[2026-09-30 11:56:08.279] [info] [activation.cc:208] seg3_gelu (i32true) 393216 sent 97.88085746765137 MiB
[2026-09-30 11:56:26.849] [info] [cheetah_dot.cc:640] 1@128x3072x768 => 128x64x1 Recv 11.378 MiB, Response 2.911 MiB Pack 0 ms (interleave)
[2026-09-30 11:56:47.865] [info] [cheetah_dot.cc:640] 1@128x768x2304 => 128x64x1 Recv 2.117 MiB, Response 8.733 MiB Pack 0 ms (interleave)
[2026-09-30 11:56:49.841] [info] [cheetah_dot.cc:640] 1@128x64x128 => 128x64x1 Recv 0.662 MiB, Response 0.485 MiB Pack 0 ms (interleave)
[2026-09-30 11:56:50.871] [info] [activation.cc:317] f_nexp 16384 sent 4.834512710571289 MiB
[2026-09-30 11:56:51.520] [info] [cheetah_dot.cc:640] 1@128x128x64 => 1x128x64 Recv 0.176 MiB, Response 0.243 MiB Pack 289.96 ms (interleave)
[2026-09-30 11:56:51.948] [info] [cheetah_dot.cc:640] 1@128x64x128 => 128x64x1 Recv 0.662 MiB, Response 0.485 MiB Pack 0 ms (interleave)
[2026-09-30 11:56:52.963] [info] [activation.cc:317] f_nexp 16384 sent 4.83455753326416 MiB
[2026-09-30 11:56:53.630] [info] [cheetah_dot.cc:640] 1@128x128x64 => 1x128x64 Recv 0.176 MiB, Response 0.243 MiB Pack 297.102 ms (interleave)
[2026-09-30 11:56:54.064] [info] [cheetah_dot.cc:640] 1@128x64x128 => 128x64x1 Recv 0.661 MiB, Response 0.485 MiB Pack 0 ms (interleave)
[2026-09-30 11:56:55.606] [info] [activation.cc:317] f_nexp 16384 sent 5.088724136352539 MiB
[2026-09-30 11:56:56.262] [info] [cheetah_dot.cc:640] 1@128x128x64 => 1x128x64 Recv 0.176 MiB, Response 0.243 MiB Pack 292.591 ms (interleave)
[2026-09-30 11:56:56.694] [info] [cheetah_dot.cc:640] 1@128x64x128 => 128x64x1 Recv 0.176 MiB, Response 0.485 MiB Pack 0 ms (interleave)
[2026-09-30 11:56:57.700] [info] [activation.cc:317] f_nexp 16384 sent 4.83470344543457 MiB
[2026-09-30 11:56:58.384] [info] [cheetah_dot.cc:640] 1@128x128x64 => 1x128x64 Recv 0.176 MiB, Response 0.243 MiB Pack 287.571 ms (interleave)
[2026-09-30 11:56:58.823] [info] [cheetah_dot.cc:640] 1@128x64x128 => 128x64x1 Recv 0.662 MiB, Response 0.485 MiB Pack 0 ms (interleave)
[2026-09-30 11:56:59.839] [info] [activation.cc:317] f_nexp 16384 sent 4.834508895874023 MiB
[2026-09-30 11:57:00.520] [info] [cheetah_dot.cc:640] 1@128x128x64 => 1x128x64 Recv 0.176 MiB, Response 0.243 MiB Pack 309.658 ms (interleave)
[2026-09-30 11:57:00.959] [info] [cheetah_dot.cc:640] 1@128x64x128 => 128x64x1 Recv 0.662 MiB, Response 0.485 MiB Pack 0 ms (interleave)
[2026-09-30 11:57:01.957] [info] [activation.cc:317] f_nexp 16384 sent 4.834766387939453 MiB
[2026-09-30 11:57:02.613] [info] [cheetah_dot.cc:640] 1@128x128x64 => 1x128x64 Recv 0.176 MiB, Response 0.243 MiB Pack 291.338 ms (interleave)
[2026-09-30 11:57:03.076] [info] [cheetah_dot.cc:640] 1@128x64x128 => 128x64x1 Recv 0.662 MiB, Response 0.485 MiB Pack 0 ms (interleave)
[2026-09-30 11:57:05.156] [info] [activation.cc:317] f_nexp 16384 sent 4.83469295501709 MiB
[2026-09-30 11:57:05.815] [info] [cheetah_dot.cc:640] 1@128x128x64 => 1x128x64 Recv 0.176 MiB, Response 0.243 MiB Pack 298.103 ms (interleave)
[2026-09-30 11:57:06.250] [info] [cheetah_dot.cc:640] 1@128x64x128 => 128x64x1 Recv 0.662 MiB, Response 0.485 MiB Pack 0 ms (interleave)
[2026-09-30 11:57:07.278] [info] [activation.cc:317] f_nexp 16384 sent 4.834866523742676 MiB
[2026-09-30 11:57:07.947] [info] [cheetah_dot.cc:640] 1@128x128x64 => 1x128x64 Recv 0.176 MiB, Response 0.243 MiB Pack 298.083 ms (interleave)
[2026-09-30 11:57:08.384] [info] [cheetah_dot.cc:640] 1@128x64x128 => 128x64x1 Recv 0.662 MiB, Response 0.485 MiB Pack 0 ms (interleave)
[2026-09-30 11:57:09.390] [info] [activation.cc:317] f_nexp 16384 sent 4.834627151489258 MiB
[2026-09-30 11:57:10.076] [info] [cheetah_dot.cc:640] 1@128x128x64 => 1x128x64 Recv 0.176 MiB, Response 0.243 MiB Pack 291.153 ms (interleave)
[2026-09-30 11:57:10.522] [info] [cheetah_dot.cc:640] 1@128x64x128 => 128x64x1 Recv 0.662 MiB, Response 0.485 MiB Pack 0 ms (interleave)
[2026-09-30 11:57:12.073] [info] [activation.cc:317] f_nexp 16384 sent 5.0885419845581055 MiB
[2026-09-30 11:57:12.734] [info] [cheetah_dot.cc:640] 1@128x128x64 => 1x128x64 Recv 0.176 MiB, Response 0.243 MiB Pack 298.83 ms (interleave)
[2026-09-30 11:57:13.183] [info] [cheetah_dot.cc:640] 1@128x64x128 => 128x64x1 Recv 0.662 MiB, Response 0.485 MiB Pack 0 ms (interleave)
[2026-09-30 11:57:14.201] [info] [activation.cc:317] f_nexp 16384 sent 4.834812164306641 MiB
[2026-09-30 11:57:14.859] [info] [cheetah_dot.cc:640] 1@128x128x64 => 1x128x64 Recv 0.176 MiB, Response 0.243 MiB Pack 293.539 ms (interleave)
[2026-09-30 11:57:15.299] [info] [cheetah_dot.cc:640] 1@128x64x128 => 128x64x1 Recv 0.662 MiB, Response 0.485 MiB Pack 0 ms (interleave)
[2026-09-30 11:57:16.321] [info] [activation.cc:317] f_nexp 16384 sent 4.8345947265625 MiB
[2026-09-30 11:57:16.977] [info] [cheetah_dot.cc:640] 1@128x128x64 => 1x128x64 Recv 0.176 MiB, Response 0.243 MiB Pack 284.931 ms (interleave)
[2026-09-30 11:57:22.902] [info] [cheetah_dot.cc:640] 1@128x768x768 => 128x64x1 Recv 5.028 MiB, Response 2.911 MiB Pack 0 ms (interleave)
[2026-09-30 11:57:49.195] [info] [cheetah_dot.cc:640] 1@128x768x3072 => 128x64x1 Recv 2.117 MiB, Response 11.644 MiB Pack 0 ms (interleave)
[2026-09-30 11:57:59.407] [info] [activation.cc:208] seg3_gelu (i32true) 393216 sent 97.88197135925293 MiB
[2026-09-30 11:58:18.189] [info] [cheetah_dot.cc:640] 1@128x3072x768 => 128x64x1 Recv 11.378 MiB, Response 2.911 MiB Pack 0 ms (interleave)
[2026-09-30 11:58:18.640] [warning] [channel.h:163] Channel destructor is called before WaitLinkTaskFinish, try stop send thread
