# timestamp_ms VmRSS_kB VmPeak_kB VmHWM_kB
1790704056589 438896 16266784 438896
1790704056691 439688 16268544 439688
1790704056716 443212 16276320 443212
1790704056782 443212 16276320 443212
1790704056808 443416 16276320 443416
1790704056897 443592 16276320 443592
1790704056961 444548 16276320 444548
1790704057043 448460 16279888 448456
1790704057144 558620 16959528 558620
1790704057260 598076 17473316 598076
1790704057371 606036 17567340 606036
1790704057455 609456 17567340 609456
1790704057564 612664 17567340 612664
1790704057750 628900 17567340 628900
1790704057972 658356 17567340 658356
1790704058215 677508 17567340 677508
1790704058471 696904 17567340 696904
1790704058672 720520 17567340 720520
1790704058892 734376 17567340 734376
1790704059007 755088 17567340 755088
1790704059232 765564 17567340 765516
1790704059417 777248 17567340 777248
1790704059655 797148 17567340 797148
1790704059820 820200 17567340 820200
1790704060071 831196 17567340 831196
1790704060248 851904 17567340 851904
1790704060455 859972 17567340 859972
1790704060596 872664 17567340 872664
1790704060888 903116 17567340 903116
1790704061164 921060 17567340 921060
1790704061342 937148 17567340 937148
1790704061578 954772 17567340 954772
1790704061752 966380 17567340 966380
1790704061931 978412 17567340 978412
1790704062121 999064 17567340 999064
1790704062297 1012184 17567340 1012184
1790704062375 1013628 17567340 1013628
1790704062453 1014844 17567340 1014844
1790704062530 1014864 17567340 1014864
1790704062607 1014884 17567340 1014884
1790704062685 1014900 17567340 1014900
1790704062761 1014908 17567340 1014908
1790704062869 1014928 17567340 1014928
1790704062946 1014940 17567340 1014940
1790704063026 1014952 17567340 1014952
1790704063103 1014964 17567340 1014964
1790704063183 1019292 17567340 1019292
1790704063318 1064328 17567340 1064328
1790704063453 1110496 17567340 1110456
1790704063587 1156404 17567340 1156404
1790704063723 1193228 17567340 1193228
1790704063858 1233700 17567340 1233700
1790704063996 1261352 17567340 1261352
1790704064107 1270568 17576048 1270568
1790704064221 1279784 17585264 1279784
1790704064307 1289000 17594480 1289000
1790704064446 1289000 17594480 1289000
1790704064482 1289000 17594480 1289000
1790704064527 1289116 17594480 1289116
1790704064725 1289116 17594480 1289116
1790704064819 1298792 17612920 1298768
1790704064983 2041052 18493352 2041052
1790704065244 2413980 18720428 2413944
1790704065520 1015444 18831788 2517940
1790704065584 1015448 18831788 2517940
1790704065653 1015448 18831788 2517940
1790704065716 1015448 18831788 2517940
1790704065784 1015452 18831788 2517940
1790704065852 1015452 18831788 2517940
1790704065913 1015456 18831788 2517940
1790704065966 1015460 18831788 2517940
1790704066021 1015464 18831788 2517940
1790704066088 1015464 18831788 2517940
1790704066164 1015464 18831788 2517940
1790704066249 1015904 18831788 2517940
1790704066302 1015904 18831788 2517940
1790704066395 1015904 18831788 2517940
1790704066473 1015904 18831788 2517940
1790704066556 1015904 18831788 2517940
1790704066638 1016428 18831788 2517940
1790704066721 1016428 18831788 2517940
1790704066801 1016428 18831788 2517940
1790704066883 1016428 18831788 2517940
1790704066946 1016428 18831788 2517940
1790704067034 1016432 18831788 2517940
1790704067119 1016432 18831788 2517940
1790704067195 1016432 18831788 2517940
1790704067275 1016432 18831788 2517940
1790704067361 1016432 18831788 2517940
1790704067450 1016432 18831788 2517940
1790704067518 1016436 18831788 2517940
1790704067581 1021032 18831788 2517940
1790704067662 1021032 18831788 2517940
1790704067754 1021624 18831788 2517940
1790704067839 1027316 18831788 2517940
1790704067938 1027364 18831788 2517940
1790704068000 1027364 18831788 2517940
1790704068051 1027368 18831788 2517940
1790704068098 1027368 18831788 2517940
1790704068140 1027368 18831788 2517940
1790704068207 1027368 18831788 2517940
1790704068265 1027368 18831788 2517940
1790704068320 1027368 18831788 2517940
1790704068379 1027368 18831788 2517940
1790704068440 1027368 18831788 2517940
1790704068496 1027496 18831788 2517940
1790704068562 1073452 18831788 2517940
1790704068603 1110316 18831788 2517940
1790704068637 1128748 18831788 2517940
1790704068671 1147180 18831788 2517940
1790704068704 1165612 18831788 2517940
1790704068737 1184044 18831788 2517940
1790704068770 1202476 18831788 2517940
1790704068804 1220908 18831788 2517940
1790704068837 1239340 18831788 2517940
1790704068870 1257772 18831788 2517940
1790704068903 1257772 18831788 2517940
1790704068937 1266988 18831788 2517940
1790704068971 1266988 18831788 2517940
1790704069004 1276204 18831788 2517940
1790704069038 1276204 18831788 2517940
1790704069072 1277172 18831788 2517940
1790704069105 1294640 18831788 2517940
1790704069138 1294640 18831788 2517940
1790704069172 1294640 18831788 2517940
1790704069213 1294640 18831788 2517940
1790704069276 1294640 18831788 2517940
1790704069327 1294640 18831788 2517940
1790704069381 1294640 18831788 2517940
1790704069428 1377508 18831788 2517940
1790704069463 1489188 18831788 2517940
1790704069499 1730632 18831788 2517940
1790704069538 1905748 18831788 2517940
1790704069576 2051800 18831788 2517940
1790704069606 1697640 18831788 2517940
1790704069633 1786720 18831788 2517940
1790704069661 1742832 18831788 2517940
1790704069697 2117628 18831788 2517940
1790704069731 2353008 18831788 2517940
1790704069760 2466180 18831788 2517940
1790704069902 1409396 18831788 2517940
1790704069936 1705836 18831788 2517940
1790704069973 1843508 18831788 2517940
1790704070026 1637936 18831788 2517940
1790704070057 1733820 18831788 2517940
1790704070091 1851248 18831788 2517940
1790704070121 1952964 18831788 2517940
1790704070158 1975860 18831788 2517940
1790704070194 1637524 18831788 2517940
1790704070261 1637612 18831788 2517940
1790704070326 1638084 18831788 2517940
1790704070377 1638144 18831788 2517940
1790704070420 1638292 18831788 2517940
1790704070486 1659984 18831788 2517940
1790704070542 1669212 18831788 2517940
1790704070603 1687648 18831788 2517940
1790704070652 1696880 18831788 2517940
1790704070699 1741968 18831788 2517940
1790704070769 1743172 18831788 2517940
1790704070832 1789072 18831788 2517940
1790704070926 1789088 18831788 2517940
1790704070995 1789112 18831788 2517940
1790704071051 1789120 18831788 2517940
1790704071110 1789132 18831788 2517940
1790704071171 1844436 18831788 2517940
1790704071294 1862896 18831788 2517940
1790704071378 1862896 18831788 2517940
1790704071450 1862896 18831788 2517940
1790704071510 1862896 18831788 2517940
1790704071576 1886640 18831788 2517940
1790704071638 1918192 18831788 2517940
1790704071707 1973488 18831788 2517940
1790704071780 1973488 18831788 2517940
1790704071866 1973488 18831788 2517940
1790704071953 1973576 18831788 2517940
1790704072008 2010352 18831788 2517940
1790704072062 2046004 18831788 2517940
1790704072155 2047220 18831788 2517940
1790704072243 2047240 18831788 2517940
1790704072338 2065732 18831788 2517940
1790704072398 2102536 18831788 2517940
1790704072463 2154572 18831788 2517940
1790704072534 2157832 18831788 2517940
1790704072591 2157832 18831788 2517940
1790704072653 2157832 18831788 2517940
1790704072732 2157836 18831788 2517940
1790704072812 2194700 18831788 2517940
1790704072867 2231568 18831788 2517940
1790704072965 2243028 18831788 2517940
1790704073027 2286872 18831788 2517940
1790704073092 2342172 18831788 2517940
1790704073162 2342180 18831788 2517940
1790704073238 2342180 18831788 2517940
1790704073324 2342180 18831788 2517940
1790704073406 2379048 18831788 2517940
1790704073469 2434344 18831788 2517940
1790704073547 2434344 18831788 2517940
1790704073621 2434348 18831788 2517940
1790704073685 2434348 18831788 2517940
1790704073771 2452536 18831788 2517940
1790704073853 2489644 18831788 2517940
1790704074001 2526516 18831788 2526516
1790704074255 2526540 18831788 2526540
1790704074394 2558472 18864540 2558472
1790704074578 2618700 18919836 2618700
1790704074826 2618712 18919836 2618712
1790704074985 2669076 18975132 2669076
1790704075164 2710040 19011996 2710040
1790704075376 2747776 19048860 2747776
1790704075593 2747796 19048860 2747796
1790704075727 2761296 19067292 2761296
1790704075867 2854296 19159452 2854296
1790704076097 2918364 19376672 2918364
1790704076268 2944712 19903008 2944712
1790704076370 2929616 20214304 2940464
1790704076406 2929744 20541984 2940464
1790704076437 2929816 20836896 2940464
1790704076467 2874648 21131808 2940464
1790704076600 2884768 21601824 2940464
1790704076637 2889528 21601824 2940464
1790704076672 2894268 21601824 2940464
1790704076710 2898472 21659768 2940464
1790704076747 2911576 22546172 0
1790704076784 2923016 22546172 2940464
1790704076822 2933148 22546172 2940464
1790704076860 2938552 22546172 2940464
1790704076898 2947516 22546172 2947516
1790704076936 2962732 22546172 2962732
1790704077030 2965272 22546172 2965272
1790704077122 2966440 22546172 2966440
1790704077215 2975700 22841080 2975700
1790704077306 2976592 22841080 2976592
1790704077436 2987200 22841080 2987200
1790704077566 3020304 22841080 3020304
1790704077702 3021112 22841080 3021112
1790704077799 3021112 22841080 3021112
1790704077897 3021112 22841080 3021112
1790704077991 3021116 23430904 3021116
1790704078097 3054184 23430904 3054184
1790704078264 3054184 23430904 3054184
1790704078361 3058668 23430904 3058668
1790704078457 3060016 23430904 0
1790704078554 3060016 23430904 3060016
1790704078595 3060072 23430904 3060072
1790704078692 3060180 23430904 3060180
1790704078792 3060180 23430904 3060180
1790704078833 3060180 23430904 3060180
1790704078874 3060180 23430904 3060180
1790704078915 3060180 23430904 3060180
1790704078955 3060180 23430904 3060180
1790704079087 3060180 23430904 3060180
1790704079129 3060180 23430904 3060180
1790704079171 3060180 23430904 3060180
1790704079212 3060376 23430904 3060376
1790704079308 3060376 23430904 3060376
1790704079347 3060376 23430904 3060376
1790704079387 3060376 23430904 3060376
1790704079429 3060376 23430904 3060376
1790704079470 3060376 23430904 3060376
1790704079511 3060376 23430904 3060376
1790704079552 3060376 23430904 3060376
1790704079593 3060380 23430904 3060380
1790704079633 3060396 23430904 3060396
1790704079672 3060416 23430904 3060416
1790704079766 3060416 23430904 3060416
1790704079806 3060440 23430904 3060440
1790704079848 3060440 23430904 3060440
1790704079890 3060440 23430904 3060440
1790704079931 3060440 23430904 3060440
1790704079971 3060440 23430904 3060440
1790704080011 3060440 23430904 3060440
1790704080051 3060440 23430904 3060440
1790704080091 3060440 23430904 3060440
1790704080130 3060440 23430904 3060440
1790704080172 3060440 23430904 3060440
1790704080214 3060440 23430904 3060440
1790704080256 3060440 23430904 3060440
1790704080298 3060440 23430904 3060440
1790704080339 3060440 23430904 3060440
1790704080380 3060440 23430904 3060440
1790704080419 3060440 23530232 3060440
1790704080461 3060440 23530232 3060440
1790704080503 3061860 23530232 3061860
1790704080545 3061860 23530232 3061860
1790704080585 3061860 23530232 3061860
1790704080625 3061876 23530232 3061876
1790704080665 3061904 23530232 0
1790704080707 3061904 23530232 3061904
1790704080749 3061904 23530232 3061904
1790704080791 3061904 23530232 3061904
1790704080833 3061904 23530232 3061904
1790704080876 3061904 23530232 3061904
1790704080917 3061904 23530232 3061904
1790704080957 3061904 23530232 3061904
1790704080998 3061904 23530232 3061904
1790704081041 3061904 23530232 3061904
1790704081082 3061904 23530232 3061904
1790704081121 3062168 23530232 3062168
1790704081161 3062168 23530232 3062168
1790704081201 3062180 23530232 3062180
1790704081240 3062200 23530232 3062200
1790704081282 3062200 23530232 3062200
1790704081323 3062200 23530232 3062200
1790704081364 3062200 23530232 3062200
1790704081405 3062200 0 3062200
1790704081446 3062200 23530232 3062200
1790704081486 3062200 23530232 3062200
1790704081525 3062200 23595768 3062200
1790704081566 3062200 23595768 3062200
1790704081607 3062200 23595768 3062200
1790704081649 3062200 23595768 3062200
1790704081681 3062312 23595768 3062312
1790704081721 3062312 23595768 3062312
1790704081761 3062320 23595768 3062320
1790704081802 3062320 23595768 3062320
1790704081844 3062320 23595768 3062320
1790704081886 3062320 23595768 3062320
1790704081927 3062320 23595768 3062320
1790704081968 3062320 23595768 3062320
1790704082009 3062320 23595768 3062320
1790704082049 3062320 23595768 3062320
1790704082088 3062404 23661304 3062404
1790704082226 3062404 23661304 3062404
1790704082268 3062404 23661304 3062404
1790704082309 3062404 23661304 3062404
1790704082349 3062404 23661304 3062404
1790704082388 3062404 23661304 3062404
1790704082428 3062412 23661304 3062412
1790704082527 3062412 23661304 3062412
1790704082568 3062412 23661304 3062412
1790704082609 3062412 23661304 3062412
1790704082649 3062412 23661304 3062412
1790704082689 3062412 23661304 3062412
1790704082784 3062416 23661304 3062416
1790704082882 3062432 23661304 3062432
1790704082923 3062432 23661304 3062432
1790704083060 3062504 23661304 3062488
1790704083156 3062556 23661304 3062556
1790704083251 3062556 23661304 3062556
1790704083291 3062560 23661304 3062560
1790704083333 3062564 23661304 3062564
1790704083375 3062564 23661304 3062564
1790704083416 3062564 23661304 3062564
1790704083458 3062564 23661304 3062564
1790704083499 3062564 23661304 3062564
1790704083539 3062572 23661304 3062572
1790704083579 3062576 23759608 3062576
1790704083621 3062576 23759608 3062576
1790704083719 3062576 23759608 3062576
1790704083759 3062576 23759608 3062576
1790704083798 3062576 23759608 3062576
1790704083838 3062628 23759608 3062628
1790704083968 3062628 23759608 3062628
1790704084068 3062628 23759608 3062628
1790704084110 3062628 23759608 3062628
1790704084151 3062628 23759608 3062628
1790704084193 3062628 23759608 3062628
1790704084233 3062628 23759608 3062628
1790704084327 3062628 23759608 3062628
1790704084360 3062628 23825144 3062628
1790704084402 3062628 23825144 3062628
1790704084444 3062628 23825144 3062628
1790704084485 3062628 23825144 3062628
1790704084525 3062628 23825144 3062628
1790704084622 3062652 23825144 3062652
1790704084755 3062696 23825144 3062696
1790704084855 3062700 23825144 3062700
1790704084897 3062700 23825144 3062700
1790704084939 3062700 23825144 3062700
1790704084981 3062700 23825144 3062700
1790704085022 3062700 23825144 3062700
1790704085062 3062700 23825144 3062700
1790704085105 3062700 23825144 3062700
1790704085203 3062700 23825144 3062700
1790704085244 3062700 23825144 3062700
1790704085284 3062700 23825144 3062700
1790704085324 3062700 23825144 3062700
1790704085420 3062708 23825144 3062708
1790704085556 3062712 23825144 3062712
1790704085598 3062712 23825144 3062712
1790704085640 3062712 23825144 3062712
1790704085681 3062712 23825144 3062712
1790704085722 3062760 23825144 3062760
1790704085762 3062764 23825144 3062764
1790704085801 3062768 23956216 3062768
1790704085843 3062768 23956216 3062768
1790704085885 3062772 23956216 3062772
1790704085926 3062772 23956216 3062772
1790704085967 3062772 23956216 3062772
1790704086008 3064744 23956216 3064736
1790704086041 2652864 23956216 3054800
1790704086077 2653116 23956216 3054800
1790704086113 2653116 23956216 3054800
1790704086149 2653116 23956216 3054800
1790704086185 2653116 23956216 3054800
1790704086221 2653124 23956216 3054800
1790704086254 2653128 23956216 3054800
1790704086290 2653136 23956216 3054800
1790704086325 2653136 23956216 3054800
1790704086362 2652536 23956216 3054800
1790704086397 2661320 23956216 3054800
1790704086432 2662796 23956216 3054800
1790704086468 2672616 23956216 3054800
1790704086503 2672860 23956216 3054800
1790704086539 2694172 23956216 3054800
# peak_kb=3064744
# hwm_kb=3064736
# frozen_ms=6098
# polled_vs_hwm_pct=0promille
