# timestamp_ms Rss_kB Anonymous_kB Filemapped_kB Shmem_kB
1790702915728 19979408 19855712 123696 0
1790702915997 19979408 19855712 123696 0
1790702916067 19979408 19855712 123696 0
1790702916137 19979408 19855712 123696 0
1790702916206 19979408 19855712 123696 0
1790702916276 19979408 19855712 123696 0
1790702916346 19979408 19855712 123696 0
1790702916417 19979408 19855712 123696 0
1790702916487 19979408 19855712 123696 0
1790702916558 19979408 19855712 123696 0
1790702916629 19979408 19855712 123696 0
1790702916699 19979408 19855712 123696 0
1790702916772 19979408 19855712 123696 0
1790702916843 19979408 19855712 123696 0
1790702916914 19979408 19855712 123696 0
1790702916984 19979408 19855712 123696 0
1790702917055 19979408 19855712 123696 0
1790702917126 19979408 19855712 123696 0
1790702917197 19979408 19855712 123696 0
1790702917267 19979408 19855712 123696 0
1790702917338 19979408 19855712 123696 0
1790702917409 19979408 19855712 123696 0
1790702917480 19979408 19855712 123696 0
1790702917552 19979408 19855712 123696 0
1790702917623 19979408 19855712 123696 0
1790702917694 19979408 19855712 123696 0
1790702917766 19979408 19855712 123696 0
1790702917838 19979408 19855712 123696 0
1790702917910 19979408 19855712 123696 0
1790702917980 19979408 19855712 123696 0
1790702918051 19979408 19855712 123696 0
1790702918122 19979408 19855712 123696 0
1790702918194 19979408 19855712 123696 0
1790702918265 19979408 19855712 123696 0
1790702918336 19979408 19855712 123696 0
1790702918406 19979408 19855712 123696 0
1790702918476 19979408 19855712 123696 0
1790702918547 19979408 19855712 123696 0
1790702918618 19979408 19855712 123696 0
1790702918688 19979408 19855712 123696 0
1790702918764 19979408 19855712 123696 0
1790702918839 19979408 19855712 123696 0
1790702918915 19979408 19855712 123696 0
1790702918996 19979408 19855712 123696 0
1790702919072 19979408 19855712 123696 0
1790702919149 19979408 19855712 123696 0
1790702919225 19979408 19855712 123696 0
1790702919301 19979408 19855712 123696 0
1790702919378 19979408 19855712 123696 0
1790702919455 19979408 19855712 123696 0
1790702919531 19979408 19855712 123696 0
1790702919602 19979408 19855712 123696 0
1790702919673 19979408 19855712 123696 0
1790702919743 19979408 19855712 123696 0
1790702919817 19979408 19855712 123696 0
1790702919888 19979408 19855712 123696 0
1790702919959 19979408 19855712 123696 0
1790702920030 19979408 19855712 123696 0
1790702920106 19979408 19855712 123696 0
1790702920184 19979408 19855712 123696 0
1790702920261 19979408 19855712 123696 0
1790702920332 19979408 19855712 123696 0
1790702920402 19979408 19855712 123696 0
1790702920483 19979408 19855712 123696 0
1790702920556 19979408 19855712 123696 0
1790702920627 19979408 19855712 123696 0
1790702920697 19979408 19855712 123696 0
1790702920767 19979408 19855712 123696 0
1790702920838 19979408 19855712 123696 0
1790702920909 19979408 19855712 123696 0
1790702920979 19979408 19855712 123696 0
1790702921050 19979408 19855712 123696 0
1790702921121 19979408 19855712 123696 0
1790702921192 19979408 19855712 123696 0
1790702921263 19979408 19855712 123696 0
1790702921334 19979408 19855712 123696 0
1790702921406 19979408 19855712 123696 0
1790702921477 19979408 19855712 123696 0
1790702921548 20102160 19986884 115276 0
1790702921766 20085140 19973820 111320 0
1790702921916 20102748 19987284 115464 0
1790702922074 20111216 19987296 123920 0
1790702922245 20073056 19957300 115756 0
1790702922452 20111404 19987408 123996 0
1790702922611 20111404 19987408 123996 0
1790702922836 20111532 19987408 124124 0
1790702922935 20103180 19987472 115708 0
1790702923152 20111644 19987484 124160 0
1790702923336 20111664 19987484 124180 0
1790702923446 20111744 19987544 124200 0
1790702923598 20111744 19987544 124200 0
1790702923780 20111808 19987544 124264 0
1790702923885 20112000 19987544 124456 0
1790702924039 20112080 19987620 124460 0
1790702924274 20112084 19987620 124464 0
1790702924470 20112232 19987680 124552 0
1790702924636 20112232 19987680 124552 0
1790702924861 20112328 19987680 124648 0
1790702924940 20071936 19974212 97724 0
1790702925098 20112504 19987756 124748 0
1790702925375 20112628 19987756 124872 0
1790702925623 20112696 19987824 124872 0
1790702925896 20112792 19987824 124968 0
1790702926085 20105276 19987700 117576 0
1790702926239 20113016 19987900 125116 0
1790702926433 20113052 19987900 125152 0
1790702926620 20113188 19987964 125224 0
1790702926835 20113188 19987964 125224 0
1790702927087 20113368 19987964 125404 0
1790702927239 20105004 19988032 116972 0
1790702927393 20113464 19988040 125424 0
1790702927612 20113532 19988040 125492 0
1790702927706 20113628 19988104 125524 0
1790702927869 20113628 19988104 125524 0
1790702928129 20113764 19988104 125660 0
1790702928291 20088028 19974852 113176 0
1790702928450 20113904 19988180 125724 0
1790702928729 20114048 19988244 125804 0
1790702928889 20114048 19988244 125804 0
1790702929050 20114048 19988244 125804 0
1790702929150 20114140 19988244 125896 0
1790702929232 20105816 19988308 117508 0
1790702929446 20114280 19988320 125960 0
1790702929667 20114344 19988320 126024 0
1790702929865 20114456 19988388 126068 0
1790702930067 20114532 19988388 126144 0
1790702930285 20072640 19974916 97724 0
1790702930446 20114684 19988464 126220 0
1790702930713 20114732 19988464 126268 0
1790702930810 20114832 19988524 126308 0
1790702930973 20114836 19988524 126312 0
1790702931193 20114976 19988524 126452 0
1790702931350 20093328 19975276 118052 0
1790702931517 20115104 19988600 126504 0
1790702931724 20115132 19988600 126532 0
1790702931818 20115216 19988664 126552 0
1790702932043 20115216 19988664 126552 0
1790702932244 20115320 19988664 126656 0
1790702932323 20107032 19988728 118304 0
1790702932480 20115496 19988740 126756 0
1790702932727 20115584 19988740 126844 0
1790702932805 20115668 19988808 126860 0
1790702933006 20115676 19988808 126868 0
1790702933266 20115780 19988808 126972 0
1790702933417 20090016 19975556 114460 0
1790702933573 20115892 19988884 127008 0
1790702933795 20115944 19988884 127060 0
1790702933889 20116060 19988948 127112 0
1790702934045 20116060 19988948 127112 0
1790702934250 20073128 19975404 97724 0
1790702934336 20116200 19988952 127248 0
1790702934544 20116200 19988952 127248 0
1790702934616 20116200 19988952 127248 0
1790702934688 20116200 19988952 127248 0
1790702934761 20116200 19988952 127248 0
1790702934833 20116200 19988952 127248 0
1790702934905 20073180 19957304 115876 0
