# timestamp_ms VmRSS_kB VmPeak_kB VmHWM_kB
1790702223882 173096 23362804 171048
1790702223909 242728 23362804 242728
1790702223936 314408 23362804 314408
1790702223962 386088 23362804 386088
1790702223989 455720 23362804 455720
1790702224016 527400 23362804 527400
1790702224043 597032 23362804 597032
1790702224071 670760 23362804 670760
1790702224098 742440 23362804 742440
1790702224126 814120 23362804 814120
1790702224153 885800 23362804 885800
1790702224180 957480 23362804 957480
1790702224207 1027112 23362804 1027112
1790702224234 1096744 23362804 1096744
1790702224261 1168424 23362804 1168424
1790702224288 1240104 23362804 1240104
1790702224316 1311784 23362804 1311784
1790702224343 1385512 23362804 1385512
1790702224372 1459240 23362804 1459240
1790702224400 1532968 23362804 1532968
1790702224427 1604648 23362804 1604648
1790702224454 1676328 23362804 1676328
1790702224482 1748008 23362804 1748008
1790702224509 1819688 23362804 1819688
1790702224536 1891368 23362804 1891368
1790702224563 1963048 23362804 1963048
1790702224591 2034728 23362804 2034728
1790702224618 2102312 23362804 2102312
1790702224645 2102312 23362804 2102312
1790702224665 2102312 23362804 2102312
1790702224686 2102312 23362804 2102312
1790702224706 2102312 23362804 2102312
1790702224726 2102312 23362804 2102312
1790702224747 2102312 23362804 2102312
1790702224768 2102312 23362804 2102312
1790702224789 2102312 23362804 2102312
1790702224810 2137128 23362804 2137128
1790702224830 2192424 23362804 2192424
1790702224858 2266152 23362804 2266152
1790702224886 2337832 23362804 2337832
1790702224913 2411560 23362804 2411560
1790702224941 2483240 23362804 2483240
1790702224969 2556968 23362804 2556968
1790702224996 2628648 23362804 2628648
1790702225025 2704424 23362804 2704424
1790702225053 2778152 23362804 2778152
1790702225082 2853928 23362804 2853928
1790702225117 2946088 23362804 2946088
1790702225144 3017768 23362804 3017768
1790702225172 3091496 23362804 3091496
1790702225200 3165224 23362804 3165224
1790702225228 3238952 23362804 3238952
1790702225256 3314728 23362804 3314728
1790702225283 3386408 23362804 3386408
1790702225311 3458088 23362804 3458088
1790702225339 3531816 23362804 3531816
1790702225367 3605544 23362804 3605544
1790702225395 3679272 23362804 3679272
1790702225423 3753000 23362804 3753000
1790702225451 3826728 23362804 3826728
1790702225472 3882024 23362804 3882024
1790702225499 3955752 23362804 3955752
1790702225521 4011048 23362804 4011048
1790702225548 4082728 23362804 4082728
1790702225569 4138024 23362804 4138024
1790702225597 4199464 23362804 4199464
1790702225618 4199464 23362804 4199464
1790702225639 4199464 23362804 4199464
1790702225659 4199464 23362804 4199464
1790702225679 4199464 23362804 4199464
1790702225700 4207656 23362804 4207656
1790702225720 4262952 23362804 4262952
1790702225748 4334632 23362804 4334632
1790702225769 4389928 23362804 4389928
1790702225797 4463656 23362804 4463656
1790702225818 4518952 23362804 4518952
1790702225846 4592680 23362804 4592680
1790702225867 4647976 23362804 4647976
1790702225895 4721704 23362804 4721704
1790702225916 4779048 23362804 4779048
1790702225944 4852776 23362804 4852776
1790702225964 4908072 23362804 4908072
1790702225992 4981800 23362804 4979752
1790702226013 5035048 23362804 5035048
1790702226041 5108776 23362804 5108776
1790702226062 5164072 23362804 5164072
1790702226091 5241896 23362804 5241896
1790702226112 5297192 23362804 5297192
1790702226140 5372968 23362804 5372968
1790702226161 5428264 23362804 5428264
1790702226190 5504040 23362804 5504040
1790702226211 5561384 23362804 5561384
1790702226240 5635112 23362804 5635112
1790702226261 5692456 23362804 5692456
1790702226289 5766184 23362804 5766184
1790702226311 5825576 23362804 5825576
1790702226340 5901352 23362804 5901352
1790702226362 5958696 23362804 5956648
1790702226390 6032424 23362804 6032424
1790702226412 6089768 23362804 6089768
1790702226441 6165544 23362804 6165544
1790702226462 6222888 23362804 6222888
1790702226491 6296616 23362804 6296616
1790702226513 6296616 23362804 6296616
1790702226533 6296616 23362804 6296616
1790702226554 6296616 23362804 6296616
1790702226575 6296616 23362804 6296616
1790702226597 6304808 23362804 6304808
1790702226618 6358056 23362804 6358056
1790702226647 6435880 23362804 6435880
1790702226667 6489128 23362804 6489128
1790702226695 6562856 23362804 6562856
1790702226717 6620200 23362804 6620200
1790702226746 6695976 23362804 6695976
1790702226767 6753320 23362804 6753320
1790702226795 6829096 23362804 6829096
1790702226817 6886440 23362804 6886440
1790702226838 6941736 23362804 6941736
1790702226866 7017512 23362804 7017512
1790702226888 7074856 23362804 7074856
1790702226909 7132200 23362804 7132200
1790702226938 7207976 23362804 7207976
1790702226960 7267368 23362804 7267368
1790702226982 7324712 23362804 7324712
1790702227012 7402536 23362804 7402536
1790702227033 7459880 23362804 7459880
1790702227055 7519272 23362804 7519272
1790702227084 7595048 23362804 7595048
1790702227105 7650344 23362804 7650344
1790702227126 7707688 23362804 7707688
1790702227155 7781416 23362804 7781416
1790702227176 7838760 23362804 7838760
1790702227197 7896104 23362804 7896104
1790702227227 7973928 23362804 7973928
1790702227248 8031272 23362804 8031272
1790702227270 8086568 23362804 8086568
1790702227300 8168488 23362804 8168488
1790702227321 8223784 23362804 8223784
1790702227344 8285224 23362804 8285224
1790702227373 8361000 23362804 8361000
1790702227394 8393768 23362804 8393768
1790702227416 8393768 23362804 8393768
1790702227437 8393768 23362804 8393768
1790702227458 8393768 23362804 8393768
1790702227480 8393768 23362804 8393768
1790702227502 8416296 23362804 8414248
1790702227524 8473640 23362804 8473640
1790702227553 8551464 23362804 8551464
1790702227575 8606760 23362804 8606760
1790702227596 8666152 23362804 8666152
1790702227625 8741928 23362804 8741928
1790702227647 8801320 23362804 8801320
1790702227669 8860712 23362804 8860712
1790702227699 8938536 23362804 8938536
1790702227720 8995880 23362804 8995880
1790702227742 9053224 23362804 9053224
1790702227771 9131048 23362804 9131048
1790702227793 9188392 23362804 9188392
1790702227814 9243688 23362804 9243688
1790702227843 9321512 23362804 9321512
1790702227865 9378856 23362804 9378856
1790702227886 9434152 23362804 9434152
1790702227915 9511976 23362804 9511976
1790702227936 9567272 23362804 9567272
1790702227959 9626664 23362804 9626664
1790702227989 9708584 23362804 9708584
1790702228011 9765928 23362804 9765928
1790702228033 9823272 23362804 9823272
1790702228062 9899048 23362804 9899048
1790702228084 9958440 23362804 9958440
1790702228105 10013736 23362804 10013736
1790702228127 10073128 23362804 10073128
1790702228156 10150952 23362804 10150952
1790702228178 10206248 23362804 10206248
1790702228199 10263592 23362804 10263592
1790702228221 10322984 23362804 10322984
1790702228251 10402856 23362804 10402856
1790702228273 10460200 23362804 10460200
1790702228295 10490920 23362804 10490920
1790702228316 10490920 23362804 10490920
1790702228337 10490920 23362804 10490920
1790702228359 10490920 23362804 10490920
1790702228380 10490920 23362804 10490920
1790702228402 10538024 23362804 10538024
1790702228431 10613800 23362804 10613800
1790702228452 10671144 23362804 10671144
1790702228473 10728488 23362804 10728488
1790702228495 10785832 23362804 10785832
1790702228525 10863656 23362804 10863656
1790702228546 10921000 23362804 10921000
1790702228568 10978344 23362804 10978344
1790702228589 11033640 23362804 11033640
1790702228618 11109416 23362804 11109416
1790702228639 11166760 23362804 11166760
1790702228661 11224104 23362804 11224104
1790702228683 11281448 23362804 11281448
1790702228712 11359272 23362804 11359272
1790702228733 11414568 23362804 11414568
1790702228755 11473960 23362804 11473960
1790702228777 11533352 23362804 11533352
1790702228806 11609128 23362804 11609128
1790702228827 11664424 23362804 11664424
1790702228848 11719720 23362804 11719720
1790702228870 11775016 23362804 11775016
1790702228898 11848744 23362804 11848744
1790702228920 11904040 23362804 11904040
1790702228941 11959336 23362804 11959336
1790702228963 12014632 23362804 12014632
1790702228994 12096552 23362804 12096552
1790702229015 12151848 23362804 12151848
1790702229037 12209192 23362804 12209192
1790702229059 12268584 23362804 12268584
1790702229089 12348456 23362804 12348456
1790702229111 12407848 23362804 12407848
1790702229134 12467240 23362804 12467240
1790702229156 12526632 23362804 12526632
1790702229185 12588072 23362804 12588072
1790702229206 12588072 23362804 12588072
1790702229229 12588072 23362804 12588072
1790702229252 12588072 23362804 12588072
1790702229274 12588072 23362804 12588072
1790702229295 12604456 23362804 12602408
1790702229317 12661800 23362804 12661800
1790702229340 12721192 23362804 12721192
1790702229363 12782632 23362804 12782632
1790702229393 12862504 23362804 12862504
1790702229414 12919848 23362804 12919848
1790702229436 12977192 23362804 12977192
1790702229458 13034536 23362804 13034536
1790702229480 13091880 23362804 13091880
1790702229510 13171752 23362804 13171752
1790702229532 13231144 23362804 13231144
1790702229553 13288488 23362804 13288488
1790702229575 13345832 23362804 13345832
1790702229597 13403176 23362804 13403176
1790702229628 13485096 23362804 13485096
1790702229650 13544488 23362804 13544488
1790702229672 13601832 23362804 13601832
1790702229694 13659176 23362804 13659176
1790702229716 13718568 23362804 13718568
1790702229745 13796392 23362804 13796392
1790702229769 13857832 23362804 13857832
1790702229791 13917224 23362804 13917224
1790702229813 13974568 23362804 13974568
1790702229835 14033960 23362804 14033960
1790702229864 14109736 23362804 14109736
1790702229885 14169128 23362804 14169128
1790702229908 14230568 23362804 14228520
1790702229930 14287912 23362804 14287912
1790702229952 14349352 23362804 14349352
1790702229984 14435368 23362804 14435368
1790702230007 14496808 23362804 14496808
1790702230029 14558248 23362804 14558248
1790702230051 14619688 23362804 14619688
1790702230074 14683176 23362804 14683176
1790702230105 14685224 23362804 14685224
1790702230126 14685224 23362804 14685224
1790702230148 14685224 23362804 14685224
1790702230170 14738472 23362804 14738472
1790702230192 14797864 23362804 14797864
1790702230214 14855208 23362804 14855208
1790702230236 14914600 23362804 14914600
1790702230257 14971944 23362804 14971944
1790702230279 15031336 23362804 15031336
1790702230310 15117352 23362804 15117352
1790702230333 15178792 23362804 15178792
1790702230355 15238184 23362804 15236136
1790702230378 15297576 23362804 15297576
1790702230400 15356968 23362804 15356968
1790702230430 15438888 23362804 15438888
1790702230451 15496232 23362804 15496232
1790702230473 15553576 23362804 15553576
1790702230495 15612968 23362804 15612968
1790702230518 15674408 23362804 15674408
1790702230548 15754280 23362804 15754280
1790702230571 15817768 23362804 15817768
1790702230593 15879208 23362804 15879208
1790702230615 15940648 23362804 15940648
1790702230638 16002088 23362804 16002088
1790702230669 16088104 23362804 16088104
1790702230692 16147496 23362804 16147496
1790702230714 16210984 23362804 16210984
1790702230736 16270376 23362804 16270376
1790702230758 16331816 23362804 16331816
1790702230788 16415784 23362804 16415784
1790702230810 16475176 23362804 16475176
1790702230831 16534568 23362804 16534568
1790702230853 16596008 23362804 16596008
1790702230875 16655400 23362804 16655400
1790702230897 16716840 23362804 16716840
1790702230928 16782376 23362804 16782376
1790702230951 16782376 23362804 16782376
1790702230972 16782376 23362804 16782376
1790702230994 16782376 23362804 16782376
1790702231016 16811048 23362804 16811048
1790702231038 16874536 23362804 16874536
1790702231061 16938024 23362804 16938024
1790702231083 17001512 23362804 17001512
1790702231106 17062952 23362804 17062952
1790702231136 17146920 23362804 17146920
1790702231159 17210408 23362804 17210408
1790702231182 17273896 23362804 17273896
1790702231204 17337384 23362804 17337384
1790702231227 17400872 23362804 17400872
1790702231250 17464360 23362804 17464360
1790702231280 17548328 23362804 17548328
1790702231303 17611816 23362804 17611816
1790702231326 17675304 23362804 17675304
1790702231349 17740840 23362804 17740840
1790702231373 17806376 23362804 17806376
1790702231396 17869864 23362804 17869864
1790702231427 17955880 23362804 17955880
1790702231450 18019368 23362804 18019368
1790702231473 18080808 23362804 18080808
1790702231495 18144296 23362804 18144296
1790702231519 18209832 23362804 18209832
1790702231541 18273320 23362804 18273320
1790702231572 18359336 23362804 18359336
1790702231595 18422824 23362804 18420776
1790702231617 18484264 23362804 18484264
1790702231641 18549800 23362804 18549800
1790702231663 18611240 23362804 18611240
1790702231687 18676776 23362804 18676776
1790702231720 18768936 23362804 18768936
1790702231743 18832424 23362804 18832424
1790702231766 18895912 23362804 18895912
1790702231788 18957352 23362804 18957352
1790702231811 19020840 23362804 19020840
1790702231833 19084328 23362804 19084328
1790702231865 19172392 23362804 19172392
1790702231888 19235880 23362804 19235880
1790702231911 19299368 23362804 19299368
1790702231934 19360808 23362804 19360808
1790702231956 19424296 23362804 19424296
1790702231979 19487784 23362804 19487784
1790702232010 19573800 23362804 19573800
1790702232033 19637288 23362804 19637288
1790702232056 19700776 23362804 19700776
1790702232080 19766312 23362804 19766312
1790702232103 19829800 23362804 19829800
1790702232126 19893288 23362804 19893288
1790702232158 19981352 23362804 19981352
1790702232181 20044840 23362804 20044840
1790702232204 20110376 23362804 20110376
1790702232227 20173864 23362804 20173864
1790702232250 20239400 23362804 20239400
1790702232274 20302888 23362804 20302888
1790702232305 20386856 23362804 20386856
1790702232326 20448296 23362804 20448296
1790702232349 20509736 23362804 20509736
1790702232372 20575272 23362804 20575272
1790702232396 20640808 23362804 20640808
1790702232419 20704296 23362804 20704296
1790702232442 20769832 23362804 20769832
1790702232474 20855848 23362804 20855848
1790702232497 20917288 23362804 20917288
1790702232519 20980776 23362804 20980776
1790702232542 21044264 23362804 21044264
1790702232565 21107752 23362804 21107752
1790702232588 21171240 23362804 21171240
1790702232610 21234728 23362804 21234728
1790702232641 21318696 23362804 21318696
1790702232664 21386280 23362804 21386280
1790702232687 21449768 23362804 21449768
1790702232710 21511208 23362804 21511208
1790702232731 21572648 23362804 21572648
1790702232753 21634088 23362804 21634088
1790702232776 21697576 23362804 21697576
1790702232808 21785640 23362804 21785640
1790702232830 21847080 23362804 21847080
1790702232853 21910568 23362804 21910568
1790702232876 21974056 23362804 21974056
1790702232899 22037544 23362804 22037544
1790702232922 22103080 23362804 22103080
1790702232945 22166568 23362804 22166568
1790702232976 22252584 23362804 22252584
1790702232998 22314024 23362804 22314024
1790702233020 22375464 23362804 22375464
1790702233042 22434856 23362804 22434856
1790702233065 22498344 23362804 22498344
1790702233088 22563880 23362804 22563880
1790702233111 22629416 23362804 22629416
1790702233143 22719528 23362804 22719528
1790702233166 22783016 23362804 22783016
1790702233189 22848552 23362804 22848552
1790702233212 22914088 23362804 22914088
1790702233234 22979624 23362804 22979624
1790702233257 23043112 23362804 23043112
1790702233281 23073832 23362804 23073832
1790702233305 23073832 23362804 23073832
1790702233327 23073832 23362804 23073832
1790702233350 23073832 23362804 23073832
1790702233372 23112744 23362804 23112744
1790702233403 23198760 23362804 23198760
1790702233426 23264296 23362804 23264296
1790702233448 23327784 23362804 23327784
1790702233471 23354036 23362804 23354036
1790702233495 23354036 23362804 23354036
1790702233518 23354036 23362804 23354036
1790702233540 23355252 23363860 23355252
1790702233562 23355252 23363860 23355252
1790702233585 23355252 23363860 23355252
1790702233606 23355252 23363860 23355252
1790702233628 23355252 23363860 23355252
1790702233651 23355252 23363860 23355252
1790702233673 23355252 23363860 23355252
1790702233696 23355252 23363860 23355252
1790702233719 23355252 23363860 23355252
1790702233742 23355252 23363860 23355252
1790702233765 23355252 23363860 23355252
1790702233787 23355252 23363860 23355252
1790702233810 23355252 23363860 23355252
1790702233832 23355252 23363860 23355252
1790702233854 23355252 23363860 23355252
1790702233877 23355252 23363860 23355252
1790702233899 23355252 23363860 23355252
1790702233921 23355252 23363860 23355252
1790702233944 23355252 23363860 23355252
1790702233967 23355252 23363860 23355252
1790702233991 23355252 23363860 23355252
1790702234014 23355252 23363860 23355252
1790702234037 23355252 23363860 23355252
1790702234060 23355252 23363860 23355252
1790702234082 23355252 23363860 23355252
1790702234106 23355252 23363860 23355252
1790702234129 23355252 23363860 23355252
1790702234152 23355252 23363860 23355252
1790702234174 23355252 23363860 23355252
1790702234199 23355252 23363860 23355252
1790702234222 23355252 23363860 23355252
1790702234245 23355252 23363860 23355252
1790702234267 23355252 23363860 23355252
1790702234291 23355252 23363860 23355252
1790702234314 23355252 23363860 23355252
1790702234337 23355252 23363860 23355252
1790702234361 23355252 23363860 23355252
1790702234383 23355252 23363860 23355252
1790702234407 23355252 23363860 23355252
1790702234430 23355252 23363860 23355252
1790702234453 23355252 23363860 23355252
1790702234476 23355252 23363860 23355252
1790702234499 23355252 23363860 23355252
1790702234521 23355252 23363860 23355252
1790702234544 23359720 25434144 23359700
1790702234568 23362360 25615864 23362360
1790702234591 23373544 26478360 23373544
1790702234617 23390368 26478360 23390368
1790702234644 23390368 26478360 23390368
1790702234669 23390368 26478360 23390368
1790702234695 23390368 26478360 23390368
1790702234720 23404816 26478360 23404816
1790702234745 23425328 26478360 23425328
1790702234771 23425328 26478360 23425328
1790702234796 23444904 26478360 23444892
1790702234822 23456108 26478360 23456108
1790702234847 23464188 26478360 23464176
1790702234873 23488412 26478360 23488412
1790702234899 23488412 26478360 23488412
1790702234924 23509452 26478360 23509452
1790702234949 23518456 26478360 23518456
1790702234975 23527916 26478360 23527916
1790702235000 23551124 26478360 23551112
1790702235026 23551224 26478360 23551224
1790702235051 23570980 26478360 23570980
1790702235076 23583300 26478360 23583300
1790702235113 23601232 26478360 23601232
1790702235139 23614076 26478360 23614076
1790702235166 23622268 26478360 23622268
1790702235191 23646876 26478360 23646876
1790702235217 23646876 26478360 23646876
1790702235242 23646876 26478360 23646876
1790702235267 23646876 26478360 23646876
1790702235292 23646876 26478360 23646876
1790702235318 23663820 26478360 23663820
1790702235344 23677660 26478360 23677660
1790702235371 23685220 26478360 23685212
1790702235396 23709960 26478360 23709960
1790702235421 23709960 26478360 23709960
1790702235445 23724852 26478360 23724852
1790702235471 23739520 26478360 23739520
1790702235498 23743316 26478360 23743316
1790702235523 23767392 26478360 23767392
1790702235549 23771896 26478360 23771896
1790702235575 23786384 26478360 23786384
1790702235601 23802800 26478360 23802800
1790702235628 23804848 26478360 23804848
1790702235654 23828840 26478360 23828828
1790702235681 23832856 26478360 23832856
1790702235706 23845872 26478360 23845872
1790702235731 23868756 26478360 23868744
1790702235757 23874076 26478360 23874076
1790702235781 23884624 26478360 23884612
1790702235808 23905484 26478360 23905484
1790702235835 23905484 26478360 23905484
1790702235860 23905484 26478360 23905484
1790702235886 23905484 26478360 23905484
1790702235910 23907192 26478360 23907180
1790702235935 23931512 26478360 23931512
1790702235961 23937656 26478360 23937656
1790702235987 23948452 26478360 23948452
1790702236013 23971012 26478360 23971012
1790702236039 23971012 26478360 23971012
1790702236064 23990996 26478360 23990996
1790702236090 23999672 26478360 23999672
1790702236116 24009988 26478360 24009988
1790702236142 24034596 26478360 24034596
1790702236170 24034596 26478360 24034596
1790702236196 24036592 26506280 24036592
1790702236221 24050416 26506280 24050416
1790702236249 24050416 26506280 24050416
1790702236274 24055300 26524728 24055300
1790702236315 24059652 26524728 24059652
1790702236342 24059660 26524728 24059660
1790702236369 24059660 26524728 24059660
1790702236395 24059660 26524728 24059660
1790702236421 24050440 26524728 24059156
1790702236448 24065800 26524728 24065800
1790702236475 24065800 26524728 24065800
1790702236501 24037316 26524728 24065296
1790702236527 24055048 26524728 24065296
1790702236553 24050440 26524728 24065296
1790702236579 24065800 26524728 24065800
1790702236606 24055048 26524728 24065296
1790702236633 24047236 26524728 24065296
1790702236659 24056584 26524728 24065296
1790702236684 24065800 26524728 24065800
1790702236711 24055048 26524728 24065296
1790702236736 24050440 26524728 24065296
1790702236762 24063620 26524728 24065296
1790702236788 24065800 26524728 24065800
1790702236815 24055048 26524728 24065296
1790702236840 24050440 26524728 24065296
1790702236866 24065800 26524728 24065800
1790702236892 24055048 26524728 24065296
1790702236918 24041092 26524728 24065296
1790702236944 24056584 26524728 24065296
1790702236970 24065800 26524728 24065800
1790702236997 24055048 26524728 24065296
1790702237024 24050440 26524728 24065296
1790702237050 24057476 26524728 24065296
1790702237076 24065800 26524728 24065800
1790702237102 24055048 26524728 24065296
1790702237128 24050440 26524728 24065296
1790702237154 24065800 26524728 24065800
1790702237181 24046724 26524728 24065296
1790702237208 24055048 26524728 24065296
1790702237234 24050440 26524728 24065296
1790702237260 24065800 26524728 24065800
1790702237286 24054916 26524728 24065296
1790702237313 24039044 26524728 24065296
1790702237339 24056584 26524728 24065296
1790702237364 24065800 26524728 24065800
1790702237390 24055048 26524728 24065296
1790702237417 24050440 26524728 24065296
1790702237443 24056588 26524728 24065296
1790702237470 24065800 26524728 24065800
1790702237496 24055048 26524728 24065296
1790702237521 24047048 26618688 24065296
1790702237550 24051336 26618688 24065296
1790702237576 24052652 26618688 24065296
1790702237607 24069692 26618688 24069692
1790702237636 24069692 26618688 24069692
1790702237661 24069692 26618688 24069692
1790702237687 24069692 26618688 24069692
1790702237711 24069692 26618688 24069692
1790702237737 24092736 26626032 24092736
1790702237762 24092736 26626032 24092736
1790702237789 24069692 26626032 24089544
1790702237816 24072380 26626032 24089544
1790702237842 24072380 26626032 24089544
1790702237870 24072380 26626032 24089544
1790702237896 24074684 26626032 24089544
1790702237924 24082088 26626032 24089544
1790702237952 24082216 26626032 24089544
1790702237980 24082276 26626032 24089544
1790702238008 24082772 26626032 24089544
1790702238037 24082900 26626032 24089544
1790702238068 24083324 26626032 24089544
1790702238097 24083452 26626032 24089544
1790702238125 24083580 26626032 24089544
1790702238154 24083640 26626032 24089544
1790702238183 24084136 26626032 24089544
1790702238210 24084264 26626032 24089544
1790702238236 24084264 26626032 24089544
1790702238264 24084816 26626032 24089544
1790702238292 24084944 26626032 24089544
1790702238322 24084944 26626032 24089544
1790702238350 24085504 26626032 24089544
1790702238379 24085632 26626032 24089544
1790702238408 24085692 26626032 24089544
1790702238441 24086184 26626032 24089544
1790702238469 24086312 26626032 24089544
1790702238497 24086312 26626032 24089544
1790702238525 24086740 26626032 24089544
1790702238554 24086996 26626032 24089544
1790702238582 24086996 26626032 24089544
1790702238610 24087420 26626032 24089544
1790702238639 24087676 26626032 24089544
1790702238665 24087676 26626032 24089544
1790702238691 24088232 26626032 24089544
1790702238718 24088360 26626032 24089544
1790702238746 24088360 26626032 24089544
1790702238773 24088784 26626032 24089544
1790702238800 24088912 26626032 24089544
1790702238826 24089040 26626032 24089544
1790702238851 24089468 26626032 24089544
1790702238878 24089596 26626032 24089596
1790702238906 24089724 26626032 24089724
1790702238935 24089784 26626032 24089784
1790702238964 24091320 26626032 24091320
1790702238992 24091320 26626032 24091320
1790702239020 24092856 26626032 24092856
1790702239048 24092856 26626032 24092856
1790702239076 24092856 26626032 24092856
1790702239103 24092856 26626032 24092856
1790702239130 24102672 26626032 24102672
1790702239158 24105336 26626032 24105336
1790702239185 24105336 26626032 24105336
1790702239211 24105336 26626032 24105336
1790702239236 24105336 26626032 24105336
1790702239263 24114720 26646984 24112672
1790702239288 24137248 26646984 24137248
1790702239316 24137248 26646984 24137248
1790702239343 24106524 26646984 24132320
1790702239370 24108060 26646984 24132320
1790702239395 24108060 26646984 24132320
1790702239420 24108060 26646984 24132320
1790702239445 24108060 26646984 24132320
1790702239471 24108060 26646984 24132320
1790702239496 24111132 26646984 24132320
1790702239522 24111132 26646984 24132320
1790702239549 24120380 26646984 24132320
1790702239574 24120380 26646984 24132320
1790702239598 24120380 26646984 24132320
1790702239623 24120380 26646984 24132320
1790702239649 24123420 26646984 24132320
1790702239674 24125468 26646984 24132320
1790702239701 24126524 26646984 24132320
1790702239725 24126524 26646984 24132320
1790702239752 24126524 26646984 24132320
1790702239778 24126912 26646984 24132320
1790702239804 24129984 26646984 24132320
1790702239830 24129984 26646984 24132320
1790702239856 24132704 26646984 24132704
1790702239882 24132704 26646984 24132704
1790702239908 24135776 26646984 24135776
1790702239934 24135776 26646984 24135776
1790702239961 24136544 26646984 24136544
1790702239991 24136544 26646984 24136544
1790702240019 24138080 26646984 24138080
1790702240047 24138080 26646984 24138080
1790702240073 24138080 26646984 24138080
1790702240101 24138080 26646984 24138080
1790702240130 24140384 26646984 24140384
1790702240158 24140384 26646984 24140384
1790702240184 24140384 26646984 24140384
1790702240211 24140384 26646984 24140384
1790702240238 24140384 26646984 24140384
1790702240264 24140384 26646984 24140384
1790702240291 24140384 26646984 24140384
1790702240317 24147664 26646984 24147664
1790702240346 24147792 26646984 24147792
1790702240374 24147920 26646984 24147920
1790702240401 24147920 26646984 24147920
1790702240429 24147920 26646984 24147920
1790702240454 24148348 26646984 24148348
1790702240482 24148604 26646984 24148604
1790702240510 24148604 26646984 24148604
1790702240537 24148604 26646984 24148604
1790702240565 24149028 26646984 24149028
1790702240593 24149156 26646984 24149156
1790702240621 24149284 26646984 24149284
1790702240648 24149284 26646984 24149284
1790702240675 24149344 26646984 24149344
1790702240704 24149712 26646984 24149712
1790702240731 24149840 26646984 24149840
1790702240758 24149968 26646984 24149968
1790702240786 24149968 26646984 24149968
1790702240812 24149968 26646984 24149968
1790702240838 24149968 26646984 24149968
1790702240863 24149968 26646984 24149968
1790702240890 24150392 26646984 24150392
1790702240917 24150520 26646984 24150520
1790702240961 24150648 26646984 24150648
1790702240988 24150648 26646984 24150648
1790702241015 24150708 26646984 24150708
1790702241041 24151200 26646984 24151200
1790702241068 24151200 26646984 24151200
1790702241094 24151328 26646984 24151328
1790702241121 24151328 26646984 24151328
1790702241150 24151388 26646984 24151388
1790702241177 24151880 26646984 24151880
1790702241204 24152008 26646984 24152008
1790702241230 24152008 26646984 24152008
1790702241258 24152068 26646984 24152068
1790702241287 24152436 26646984 24152436
1790702241313 24152564 26646984 24152564
1790702241341 24152692 26646984 24152692
1790702241369 24152692 26646984 24152692
1790702241397 24153116 26646984 24153116
1790702241426 24153244 26646984 24153244
1790702241451 24153244 26646984 24153244
1790702241477 24153372 26646984 24153372
1790702241505 24153372 26646984 24153372
1790702241531 24153800 26646984 24153800
1790702241557 24153928 26646984 24153928
1790702241584 24153928 26646984 24153928
1790702241613 24154056 26646984 24154056
1790702241641 24154056 26646984 24154056
1790702241667 24154480 26646984 24154480
1790702241696 24154736 26646984 24154736
1790702241725 24154736 26646984 24154736
1790702241752 24154736 26646984 24154736
1790702241781 24154796 26646984 24154796
1790702241808 24155292 26646984 24155292
1790702241836 24155420 26646984 24155420
1790702241864 24155420 26646984 24155420
1790702241891 24155480 26646984 24155480
1790702241929 24156248 26646984 24156248
1790702241954 24157016 26646984 24157016
1790702241982 24157016 26646984 24157016
1790702242010 24157016 26646984 24157016
1790702242038 24158552 26646984 24158552
1790702242066 24158552 26646984 24158552
1790702242093 24158552 26646984 24158552
1790702242120 24158552 26646984 24158552
1790702242147 24158552 26646984 24158552
1790702242177 24163256 26646984 24163256
1790702242206 24163256 26646984 24163256
1790702242233 24163256 26646984 24163256
1790702242262 24166328 26647108 24166328
1790702242290 24166328 26647108 24166328
1790702242316 24166328 26647108 24166328
1790702242342 24166328 26647108 24166328
1790702242368 24166328 26647108 24166328
1790702242396 24166328 26647108 24166328
1790702242423 24166328 26647108 24166328
1790702242450 24166328 26647108 24166328
1790702242477 24166328 26647108 24166328
1790702242503 24166328 26647108 24166328
1790702242532 24166328 26647108 24166328
1790702242559 24172472 26653252 24172472
1790702242585 24172472 26653252 24172472
1790702242610 24172472 26653252 24172472
1790702242636 24172472 26653252 24172472
1790702242662 24172472 26653252 24172472
1790702242688 24175928 26656708 24175928
1790702242715 24175928 26656708 24175928
1790702242741 24175928 26656708 24175928
1790702242768 24178616 26659396 24178616
1790702242796 24178616 26659396 24178616
1790702242824 24178616 26659396 24178616
1790702242851 24178616 26659396 24178616
1790702242877 24178616 26659396 24178616
1790702242904 24181688 26662468 24181688
1790702242931 24181688 26662468 24181688
1790702242959 24181688 26662468 24181688
1790702242987 24181688 26662468 24181688
1790702243014 24181688 26662468 24181688
1790702243042 24184760 26662468 24184760
1790702243069 24184760 26662468 24184760
1790702243094 24184760 26662468 24184760
1790702243121 24185528 26662468 24185528
1790702243148 24185528 26662468 24185528
1790702243181 24185528 26662468 24185528
1790702243209 24187064 26662468 24187064
1790702243237 24187064 26662468 24187064
1790702243263 24187064 26662468 24187064
1790702243292 24187064 26662468 24187064
1790702243322 24189368 26662468 24189368
1790702243351 24189368 26662468 24189368
1790702243380 24189368 26662468 24189368
1790702243408 24189368 26662468 24189368
1790702243436 24189368 26662468 24189368
1790702243464 24189368 26662468 24189368
1790702243492 24189368 26662468 24189368
1790702243522 24196772 26662468 24196772
1790702243552 24196772 26662468 24196772
1790702243579 24196900 26662468 24196900
1790702243607 24196900 26662468 24196900
1790702243635 24196960 26662468 24196960
1790702243663 24197456 26662468 24197456
1790702243692 24197456 26662468 24197456
1790702243719 24197584 26662468 24197584
1790702243747 24197584 26662468 24197584
1790702243775 24198008 26662468 24198008
1790702243803 24198264 26662468 24198264
1790702243831 24198264 26662468 24198264
1790702243857 24198264 26662468 24198264
1790702243882 24198264 26662468 24198264
1790702243909 24198264 26662468 24198264
1790702243936 24198264 26662468 24198264
1790702243964 24198692 26662468 24198692
1790702243991 24198692 26662468 24198692
1790702244018 24198820 26662468 24198820
1790702244046 24198948 26662468 24198948
1790702244072 24198948 26662468 24198948
1790702244100 24199372 26662468 24199372
1790702244127 24199372 26662468 24199372
1790702244154 24199628 26662468 24199628
1790702244183 24199628 26662468 24199628
1790702244212 24199628 26662468 24199628
1790702244239 24200184 26662468 24200184
1790702244268 24200184 26662468 24200184
1790702244294 24200312 26662468 24200312
1790702244323 24200312 26662468 24200312
1790702244352 24200312 26662468 24200312
1790702244379 24200864 26662468 24200864
1790702244410 24200864 26662468 24200864
1790702244437 24200992 26662468 24200992
1790702244466 24201416 26662468 24201416
1790702244494 24201416 26662468 24201416
1790702244523 24201668 26662468 24201668
1790702244552 24201668 26662468 24201668
1790702244578 24201668 26662468 24201668
1790702244605 24202092 26662468 24202092
1790702244632 24202092 26662468 24202092
1790702244660 24202348 26662468 24202348
1790702244688 24202348 26662468 24202348
1790702244716 24202348 26662468 24202348
1790702244744 24202904 26662468 24202904
1790702244771 24202904 26662468 24202904
1790702244798 24203032 26662468 24203032
1790702244827 24203032 26662468 24203032
1790702244854 24203032 26662468 24203032
1790702244880 24203584 26662468 24203584
1790702244909 24203712 26662468 24203712
1790702244935 24203712 26662468 24203712
1790702244962 24203772 26662468 24203772
1790702244990 24204140 26662468 24204140
1790702245016 24204268 26662468 24204268
1790702245043 24204396 26662468 24204396
1790702245070 24204396 26662468 24204396
1790702245096 24204456 26662468 24204456
1790702245125 24205992 26662468 24205992
1790702245153 24205992 26662468 24205992
1790702245181 24205992 26662468 24205992
1790702245210 24205992 26662468 24205992
1790702245237 24206760 26662468 24206760
1790702245265 24207528 26662468 24207528
1790702245294 24207528 26662468 24207528
1790702245321 24207528 26662468 24207528
1790702245348 24207788 26662728 24207788
1790702245377 24207788 26662728 24207788
1790702245405 24207788 26662728 24207788
1790702245430 24207788 26662728 24207788
1790702245456 24207788 26662728 24207788
1790702245481 24211020 26667332 24211020
1790702245510 24215464 26667332 24215464
1790702245540 24215464 26667332 24215464
1790702245566 24218536 26670404 24218536
1790702245593 24218536 26670404 24218536
1790702245621 24218536 26670404 24218536
1790702245649 24218536 26670404 24218536
1790702245676 24218536 26670404 24218536
1790702245702 24218536 26670404 24218536
1790702245729 24218536 26670404 24218536
1790702245756 24218536 26670404 24218536
1790702245783 24218536 26670404 24218536
1790702245810 24224680 26676548 24224680
1790702245836 24224680 26676548 24224680
1790702245861 24224680 26676548 24224680
1790702245889 24224680 26676548 24224680
1790702245917 24224680 26676548 24224680
1790702245944 24227752 26679624 24227752
1790702245970 24227752 26679624 24227752
1790702245996 24230828 26682696 24230828
1790702246022 24230828 26682696 24230828
1790702246047 24230828 26682696 24230828
1790702246073 24230828 26682696 24230828
1790702246103 24230828 26682696 24230828
1790702246130 24233900 26685768 24233900
1790702246158 24233900 26685768 24233900
1790702246187 24233900 26685768 24233900
1790702246213 24233900 26685768 24233900
1790702246240 24233900 26685768 24233900
1790702246267 24233900 26685768 24233900
1790702246295 24236972 26685768 24236972
1790702246323 24236972 26685768 24236972
1790702246349 24236972 26685768 24236972
1790702246377 24237740 26685768 24237740
1790702246407 24237740 26685768 24237740
1790702246435 24237740 26685768 24237740
1790702246463 24238508 26685768 24238508
1790702246492 24239276 26685768 24239276
1790702246517 24239276 26685768 24239276
1790702246546 24239276 26685768 24239276
1790702246574 24239276 26685768 24239276
1790702246602 24239276 26685768 24239276
1790702246633 24241580 26685768 24241580
1790702246661 24241580 26685768 24241580
1790702246689 24241580 26685768 24241580
1790702246718 24241580 26685768 24241580
1790702246745 24241580 26685768 24241580
1790702246774 24241580 26685768 24241580
1790702246803 24246644 26685768 24246492
1790702246832 24248856 26685768 24248856
1790702246859 24248984 26685768 24248984
1790702246886 24249112 26685768 24249112
1790702246913 24249112 26685768 24249112
1790702246940 24249172 26685768 24249172
1790702246970 24249668 26685768 24249668
1790702246999 24249668 26685768 24249668
1790702247025 24249668 26685768 24249668
1790702247051 24249668 26685768 24249668
1790702247078 24249668 26685768 24249668
1790702247106 24249796 26685768 24249796
1790702247135 24249796 26685768 24249796
1790702247161 24250220 26685768 24250220
1790702247191 24250476 26685768 24250476
1790702247221 24250476 26685768 24250476
1790702247248 24250476 26685768 24250476
1790702247278 24250536 26685768 24250536
1790702247304 24251032 26685768 24251032
1790702247334 24251160 26685768 24251160
1790702247362 24251160 26685768 24251160
1790702247389 24251220 26685768 24251220
1790702247419 24251712 26685768 24251712
1790702247448 24251712 26685768 24251712
1790702247476 24251840 26685768 24251840
1790702247505 24251840 26685768 24251840
1790702247533 24252264 26685768 24252264
1790702247561 24252392 26685768 24252392
1790702247588 24252392 26685768 24252392
1790702247615 24252520 26685768 24252520
1790702247643 24252580 26685768 24252580
1790702247670 24252944 26685768 24252944
1790702247698 24253072 26685768 24253072
1790702247728 24253200 26685768 24253200
1790702247756 24253200 26685768 24253200
1790702247784 24253624 26685768 24253624
1790702247815 24253624 26685768 24253624
1790702247842 24253880 26685768 24253880
1790702247872 24253880 26685768 24253880
1790702247900 24253880 26685768 24253880
1790702247930 24254436 26685768 24254436
1790702247960 24254436 26685768 24254436
1790702247987 24254564 26685768 24254564
1790702248014 24254564 26685768 24254564
1790702248044 24254624 26685768 24254624
1790702248072 24255116 26685768 24255116
1790702248101 24255116 26685768 24255116
1790702248126 24255244 26685768 24255244
1790702248155 24255672 26685768 24255672
1790702248184 24255672 26685768 24255672
1790702248213 24255800 26685768 24255800
1790702248242 24255928 26685768 24255928
1790702248271 24255928 26685768 24255928
1790702248299 24256352 26685768 24256352
1790702248328 24256352 26685768 24256352
1790702248354 24256480 26685768 24256480
1790702248384 24256608 26685768 24256608
1790702248411 24256608 26685768 24256608
1790702248439 24258204 26685768 24258204
1790702248469 24258204 26685768 24258204
1790702248495 24258204 26685768 24258204
1790702248524 24258204 26685768 24258204
1790702248552 24259740 26685768 24259740
1790702248580 24259740 26685768 24259740
1790702248608 24259740 26685768 24259740
1790702248634 24259740 26685768 24259740
1790702248659 24259740 26685768 24259740
1790702248687 24259740 26685768 24259740
1790702248716 24259996 26686024 24259996
1790702248747 24262196 26686024 24262196
1790702248775 24263068 26686024 24263068
1790702248804 24267676 26690632 24267676
1790702248834 24267676 26690632 24267676
1790702248860 24267680 26693704 24267680
1790702248889 24270748 26693704 24270748
1790702248918 24270748 26693704 24270748
1790702248946 24270748 26693704 24270748
1790702248974 24270748 26693704 24270748
1790702249002 24270748 26693704 24270748
1790702249030 24270748 26693704 24270748
1790702249059 24270748 26693704 24270748
1790702249088 24270748 26693704 24270748
1790702249118 24270752 26699848 24270752
1790702249146 24276892 26699848 24276892
1790702249173 24276892 26699848 24276892
1790702249200 24276892 26699848 24276892
1790702249229 24276892 26699848 24276892
1790702249257 24276892 26699848 24276892
1790702249286 24280348 26703304 24280348
1790702249314 24280348 26703304 24280348
1790702249341 24280352 26705992 24280352
1790702249370 24283036 26705992 24283036
1790702249397 24283036 26705992 24283036
1790702249424 24283036 26705992 24283036
1790702249452 24283036 26705992 24283036
1790702249480 24283036 26705992 24283036
1790702249509 24286108 26709064 24286108
1790702249536 24286108 26709064 24286108
1790702249564 24286108 26709064 24286108
1790702249594 24286108 26709064 24286108
1790702249623 24286108 26709064 24286108
1790702249653 24289180 26709064 24289180
1790702249682 24289180 26709064 24289180
1790702249709 24289180 26709064 24289180
1790702249739 24289948 26709064 24289948
1790702249768 24289948 26709064 24289948
1790702249795 24289948 26709064 24289948
1790702249823 24291484 26709064 24291484
1790702249853 24291484 26709064 24291484
1790702249882 24291484 26709064 24291484
1790702249912 24291484 26709064 24291484
1790702249943 24293788 26709064 24293788
1790702249971 24293788 26709064 24293788
1790702250001 24293788 26709064 24293788
1790702250031 24293788 26709064 24293788
1790702250061 24293788 26709064 24293788
1790702250090 24293788 26709064 24293788
1790702250117 24293788 26709064 24293788
1790702250145 24293788 26709064 24293788
1790702250174 24301064 26709064 24301064
1790702250203 24301064 26709064 24301064
1790702250229 24301064 26709064 24301064
1790702250255 24301064 26709064 24301064
1790702250281 24301192 26709064 24301192
1790702250311 24301320 26709064 24301320
1790702250341 24301320 26709064 24301320
1790702250369 24301748 26709064 24301748
1790702250399 24301876 26709064 24301876
1790702250427 24301876 26709064 24301876
1790702250458 24302004 26709064 24302004
1790702250488 24302004 26709064 24302004
1790702250516 24302556 26709064 24302556
1790702250546 24302684 26709064 24302684
1790702250576 24302684 26709064 24302684
1790702250605 24302744 26709064 24302744
1790702250635 24303108 26709064 24303108
1790702250663 24303236 26709064 24303236
1790702250692 24303364 26709064 24303364
1790702250722 24303364 26709064 24303364
1790702250750 24303788 26709064 24303788
1790702250779 24303916 26709064 24303916
1790702250808 24304044 26709064 24304044
1790702250839 24304044 26709064 24304044
1790702250868 24304044 26709064 24304044
1790702250897 24304596 26709064 24304596
1790702250927 24304724 26709064 24304724
1790702250954 24304724 26709064 24304724
1790702250983 24305152 26709064 24305152
1790702251013 24305152 26709064 24305152
1790702251042 24305408 26709064 24305408
1790702251071 24305408 26709064 24305408
1790702251099 24305408 26709064 24305408
1790702251127 24305960 26709064 24305960
1790702251154 24305960 26709064 24305960
1790702251181 24306088 26709064 24306088
1790702251210 24306088 26709064 24306088
1790702251240 24306516 26709064 24306516
1790702251270 24306772 26709064 24306772
1790702251300 24306772 26709064 24306772
1790702251328 24306772 26709064 24306772
1790702251358 24307196 26709064 24307196
1790702251389 24307196 26709064 24307196
1790702251418 24307452 26709064 24307452
1790702251448 24307452 26709064 24307452
1790702251476 24307512 26709064 24307512
1790702251506 24308008 26709064 24308008
1790702251535 24308008 26709064 24308008
1790702251564 24308136 26709064 24308136
1790702251594 24308196 26709064 24308196
1790702251623 24308560 26709064 24308560
1790702251652 24308816 26709064 24308816
1790702251681 24308816 26709064 24308816
1790702251707 24308816 26709064 24308816
1790702251737 24309644 26709064 24309644
1790702251767 24309644 26709064 24309644
1790702251794 24309644 26709064 24309644
1790702251820 24309644 26709064 24309644
1790702251846 24310412 26709064 24310412
1790702251876 24310412 26709064 24310412
1790702251905 24310412 26709064 24310412
1790702251932 24310412 26709064 24310412
1790702251959 24311948 26709064 24311948
1790702251990 24311948 26709064 24311948
1790702252017 24311948 26709064 24311948
1790702252045 24312204 26709320 24312204
1790702252076 24315276 26709320 24315276
1790702252105 24315280 26713928 24315280
1790702252133 24319884 26713928 24319884
1790702252161 24319884 26713928 24319884
1790702252190 24323340 26717384 24323340
1790702252220 24323340 26717384 24323340
1790702252250 24323340 26717384 24323340
1790702252277 24323340 26717384 24323340
1790702252304 24323340 26717384 24323340
1790702252330 24323340 26717384 24323340
1790702252359 24323340 26717384 24323340
1790702252388 24323340 26717384 24323340
1790702252416 24326188 26723144 24326188
1790702252445 24329100 26723144 24329100
1790702252473 24329100 26723144 24329100
1790702252500 24329100 26723144 24329100
1790702252527 24329100 26723144 24329100
1790702252554 24331936 26726216 24331908
1790702252582 24332172 26726216 24332172
1790702252609 24332172 26726216 24332172
1790702252639 24335244 26729288 24335244
1790702252670 24335244 26729288 24335244
1790702252697 24335244 26729288 24335244
1790702252723 24335244 26729288 24335244
1790702252751 24335244 26729288 24335244
1790702252779 24338316 26732360 24338316
1790702252806 24338316 26732360 24338316
1790702252835 24338316 26732360 24338316
1790702252863 24341388 26735432 24341388
1790702252892 24341388 26735432 24341388
1790702252919 24341388 26735432 24341388
1790702252949 24344460 26735432 24344460
1790702252980 24344460 26735432 24344460
1790702253008 24344460 26735432 24344460
1790702253040 24345228 26735432 24345228
1790702253069 24345228 26735432 24345228
1790702253098 24345228 26735432 24345228
1790702253127 24346764 26735432 24346764
1790702253158 24346764 26735432 24346764
1790702253187 24346764 26735432 24346764
1790702253218 24346764 26735432 24346764
1790702253250 24349068 26735432 24349068
1790702253281 24349068 26735432 24349068
1790702253309 24349068 26735432 24349068
1790702253338 24349068 26735432 24349068
1790702253366 24349068 26735432 24349068
1790702253394 24349068 26735432 24349068
1790702253422 24349068 26735432 24349068
1790702253453 24356476 26735432 24356476
1790702253483 24356476 26735432 24356476
1790702253510 24356476 26735432 24356476
1790702253537 24356476 26735432 24356476
1790702253564 24356604 26735432 24356604
1790702253594 24356604 26735432 24356604
1790702253624 24356604 26735432 24356604
1790702253652 24357156 26735432 24357156
1790702253683 24357284 26735432 24357284
1790702253715 24357284 26735432 24357284
1790702253745 24357708 26735432 24357708
1790702253776 24357708 26735432 24357708
1790702253804 24357964 26735432 24357964
1790702253835 24357964 26735432 24357964
1790702253862 24357964 26735432 24357964
1790702253891 24358520 26735432 24358520
1790702253920 24358520 26735432 24358520
1790702253948 24358648 26735432 24358648
1790702253979 24358648 26735432 24358648
1790702254008 24358708 26735432 24358708
1790702254038 24359200 26735432 24359200
1790702254070 24359328 26735432 24359328
1790702254101 24359328 26735432 24359328
1790702254131 24359756 26735432 24359756
1790702254162 24359884 26735432 24359884
1790702254189 24359884 26735432 24359884
1790702254220 24360012 26735432 24360012
1790702254249 24360012 26735432 24360012
1790702254279 24360564 26735432 24360564
1790702254309 24360564 26735432 24360564
1790702254338 24360692 26735432 24360692
1790702254368 24360692 26735432 24360692
1790702254398 24360752 26735432 24360752
1790702254427 24361248 26735432 24361248
1790702254457 24361376 26735432 24361376
1790702254486 24361376 26735432 24361376
1790702254516 24361436 26735432 24361436
1790702254547 24361928 26735432 24361928
1790702254578 24361928 26735432 24361928
1790702254606 24362056 26735432 24362056
1790702254635 24362116 26735432 24362116
1790702254663 24362484 26735432 24362484
1790702254691 24362740 26735432 24362740
1790702254723 24362740 26735432 24362740
1790702254750 24362740 26735432 24362740
1790702254779 24363164 26735432 24363164
1790702254807 24363292 26735432 24363292
1790702254837 24363420 26735432 24363420
1790702254867 24363420 26735432 24363420
1790702254894 24363420 26735432 24363420
1790702254922 24363480 26735432 24363480
1790702254950 24363480 26735432 24363480
1790702254977 24363480 26735432 24363480
1790702255005 24363480 26735432 24363480
1790702255032 24363480 26735432 24363480
1790702255060 24363720 26735432 24363720
1790702255091 24363972 26735432 24363972
1790702255121 24363972 26735432 24363972
1790702255148 24363972 26735432 24363972
1790702255174 24363972 26735432 24363972
1790702255200 24363972 26735432 24363972
1790702255229 24364100 26735432 24364100
1790702255257 24364100 26735432 24364100
1790702255284 24364160 26735432 24364160
1790702255313 24365696 26735432 24365696
1790702255341 24365696 26735432 24365696
1790702255369 24365696 26735432 24365696
1790702255400 24366464 26735432 24366464
1790702255430 24367232 26735432 24367232
1790702255460 24367232 26735432 24367232
1790702255489 24367232 26735432 24367232
1790702255518 24367232 26735432 24367232
1790702255550 24372096 26737224 24372096
1790702255581 24372096 26737224 24372096
1790702255608 24372096 26737224 24372096
1790702255636 24375168 26740296 24375168
1790702255667 24375168 26740296 24375168
1790702255695 24375168 26740296 24375168
1790702255723 24375168 26740296 24375168
1790702255752 24375168 26740296 24375168
1790702255780 24375168 26740296 24375168
1790702255808 24375168 26740296 24375168
1790702255836 24375168 26740296 24375168
1790702255865 24381312 26746440 24381312
1790702255896 24381312 26746440 24381312
1790702255924 24381312 26746440 24381312
1790702255951 24381312 26746440 24381312
1790702255979 24381312 26746440 24381312
1790702256007 24384384 26749512 24384384
1790702256035 24384384 26749512 24384384
1790702256063 24387456 26752584 24387456
1790702256091 24387456 26752584 24387456
1790702256118 24387456 26752584 24387456
1790702256145 24387456 26752584 24387456
1790702256176 24387456 26752584 24387456
1790702256205 24390912 26756040 24390912
1790702256234 24390912 26756040 24390912
1790702256263 24390912 26756040 24390912
1790702256291 24390912 26756040 24390912
1790702256322 24390912 26756040 24390912
1790702256353 24393984 26756040 24393984
1790702256385 24393984 26756040 24393984
1790702256416 24393984 26756040 24393984
1790702256448 24394752 26756040 24394752
1790702256479 24394752 26756040 24394752
1790702256509 24394752 26756040 24394752
1790702256539 24396288 26756040 24396288
1790702256571 24396288 26756040 24396288
1790702256601 24396288 26756040 24396288
1790702256631 24396288 26756040 24396288
1790702256663 24398592 26756040 24398592
1790702256694 24398592 26756040 24398592
1790702256723 24398592 26756040 24398592
1790702256752 24398592 26756040 24398592
1790702256779 24398592 26756040 24398592
1790702256806 24398592 26756040 24398592
1790702256835 24398592 26756040 24398592
1790702256863 24398592 26756040 24398592
1790702256892 24398592 26756040 24398592
1790702256921 24405872 26756040 24405872
1790702256951 24406000 26756040 24406000
1790702256981 24406000 26756040 24406000
1790702257010 24406128 26756040 24406128
1790702257039 24406128 26756040 24406128
1790702257066 24406128 26756040 24406128
1790702257094 24406188 26756040 24406188
1790702257123 24406188 26756040 24406188
1790702257151 24406468 26756040 24406448
1790702257180 24406684 26756040 24406684
1790702257207 24406684 26756040 24406684
1790702257235 24406684 26756040 24406684
1790702257263 24406684 26756040 24406684
1790702257296 24406684 26756040 24406684
1790702257324 24406684 26756040 24406684
1790702257352 24406812 26756040 24406812
1790702257380 24406812 26756040 24406812
1790702257408 24406812 26756040 24406812
1790702257437 24406812 26756040 24406812
1790702257466 24406812 26756040 24406812
1790702257495 24406872 26756040 24406872
1790702257523 24406872 26756040 24406872
1790702257553 24407364 26756040 24407364
1790702257584 24407492 26756040 24407492
1790702257613 24407492 26756040 24407492
1790702257642 24407920 26756040 24407920
1790702257673 24408048 26756040 24408048
1790702257701 24408048 26756040 24408048
1790702257730 24408048 26756040 24408048
1790702257759 24408176 26756040 24408176
1790702257789 24408176 26756040 24408176
1790702257820 24408176 26756040 24408176
1790702257849 24408176 26756040 24408176
1790702257878 24408600 26756040 24408600
1790702257906 24408600 26756040 24408600
1790702257935 24408728 26756040 24408728
1790702257963 24408728 26756040 24408728
1790702257991 24408728 26756040 24408728
1790702258019 24408728 26756040 24408728
1790702258047 24408728 26756040 24408728
1790702258075 24408856 26756040 24408856
1790702258104 24408856 26756040 24408856
1790702258132 24408856 26756040 24408856
1790702258160 24408856 26756040 24408856
1790702258188 24408916 26756040 24408916
1790702258215 24408916 26756040 24408916
1790702258243 24408916 26756040 24408916
1790702258270 24408916 26756040 24408916
1790702258297 24408916 26756040 0
1790702258325 24409288 26756040 24409288
1790702258354 24409288 26756040 24409288
1790702258385 24409416 26756040 24409416
1790702258416 24409544 26756040 24409544
1790702258447 24409544 26756040 24409544
1790702258476 24409604 26756040 24409604
1790702258505 24410096 26756040 24410096
1790702258535 24410096 26756040 24410096
1790702258564 24410224 26756040 24410224
1790702258593 24410224 26756040 24410224
1790702258621 24410224 26756040 24410224
1790702258650 24410224 26756040 24410224
1790702258679 24410284 26756040 24410284
1790702258706 24410284 26756040 24410284
1790702258734 24410652 26756040 24410652
1790702258763 24410652 26756040 24410652
1790702258790 24410652 26756040 24410652
1790702258818 24410780 26756040 24410780
1790702258848 24410780 26756040 24410780
1790702258878 24410780 26756040 24410780
1790702258906 24410908 26756040 24410908
1790702258935 24410908 26756040 24410908
1790702258964 24410908 26756040 24410908
1790702258993 24410908 26756040 24410908
1790702259021 24410908 26756040 24410908
1790702259049 24410908 26756040 24410908
1790702259077 24410908 26756040 24410908
1790702259105 24410968 26756040 24410968
1790702259134 24410968 26756040 24410968
1790702259161 24411332 26756040 24411332
1790702259190 24411460 26756040 24411460
1790702259219 24411460 26756040 24411460
1790702259246 24411460 26756040 24411460
1790702259274 24411588 26756040 24411588
1790702259304 24411588 26756040 24411588
1790702259334 24411588 26756040 24411588
1790702259364 24412012 26756040 24412012
1790702259394 24412140 26756040 24412140
1790702259424 24412268 26756040 24412268
1790702259454 24412268 26756040 24412268
1790702259485 24412268 26756040 24412268
1790702259514 24412824 26756040 24412824
1790702259546 24412824 26756040 24412824
1790702259575 24412952 26756040 24412952
1790702259605 24412952 26756040 24412952
1790702259636 24412952 26756040 24412952
1790702259665 24412952 26756040 24412952
1790702259693 24412952 26756040 24412952
1790702259722 24412952 26756040 24412952
1790702259750 24413012 26756040 24413012
1790702259778 24413012 26756040 24413012
1790702259807 24413012 26756040 24413012
1790702259835 24413012 26756040 24413012
1790702259862 24413012 26756040 24413012
1790702259888 24413012 26756040 24413012
1790702259916 24413012 26756040 24413012
1790702259944 24413012 26756040 24413012
1790702259971 24413012 26756040 24413012
1790702259999 24413376 26756040 24413376
1790702260027 24413376 26756040 24413376
1790702260054 24413376 26756040 24413376
1790702260082 24413376 26756040 24413376
1790702260110 24413504 26756040 24413504
1790702260138 24413504 26756040 24413504
1790702260165 24413504 26756040 24413504
1790702260194 24413504 26756040 24413504
1790702260223 24413632 26756040 24413632
1790702260250 24413632 26756040 24413632
1790702260278 24413632 26756040 24413632
1790702260306 24413632 26756040 24413632
1790702260334 24413632 26756040 24413632
1790702260362 24413632 26756040 24413632
1790702260390 24413632 26756040 24413632
1790702260419 24413632 26756040 24413632
1790702260447 24413632 26756040 24413632
1790702260475 24413632 26756040 24413632
1790702260504 24415228 26756040 24415228
1790702260533 24415228 26756040 24415228
1790702260561 24415228 26756040 24415228
1790702260590 24415228 26756040 24415228
1790702260619 24416764 26756040 24416764
1790702260651 24416764 26756040 24416764
1790702260680 24416764 26756040 24416764
1790702260710 24416764 26756040 24416764
1790702260739 24416764 26756040 24416764
1790702260772 24424316 26760520 24424316
1790702260804 24424316 26760520 24424316
1790702260834 24424316 26760520 24424316
1790702260865 24427388 26763592 24427388
1790702260894 24427388 26763592 24427388
1790702260925 24427388 26763592 24427388
1790702260955 24427388 26763592 24427388
1790702260983 24427388 26763592 24427388
1790702261014 24427388 26763592 24427388
1790702261045 24427388 26763592 24427388
1790702261076 24427392 26769736 24427392
1790702261106 24433532 26769736 24433532
1790702261133 24433532 26769736 24433532
1790702261161 24433532 26769736 24433532
1790702261191 24433532 26769736 24433532
1790702261223 24436604 26772808 24436604
1790702261252 24436604 26772808 24436604
1790702261280 24436608 26775880 24436608
1790702261309 24439676 26775880 24439676
1790702261342 24439676 26775880 24439676
1790702261370 24439676 26775880 24439676
1790702261399 24439676 26775880 24439676
1790702261434 24442748 26778952 24442748
1790702261466 24442748 26778952 24442748
1790702261495 24442748 26778952 24442748
1790702261522 24442748 26778952 24442748
1790702261550 24442748 26778952 24442748
1790702261578 24442748 26778952 24442748
1790702261607 24445820 26782024 24445820
1790702261636 24445820 26782024 24445820
1790702261670 24445820 26782024 24445820
1790702261700 24448892 26782024 24448892
1790702261729 24448892 26782024 24448892
1790702261758 24448892 26782024 24448892
1790702261792 24449660 26782024 24449660
1790702261821 24449660 26782024 24449660
1790702261851 24449660 26782024 24449660
1790702261880 24451196 26782024 24451196
1790702261909 24451196 26782024 24451196
1790702261937 24451196 26782024 24451196
1790702261966 24451196 26782024 24451196
1790702261998 24453500 26782024 24453500
1790702262029 24453500 26782024 24453500
1790702262057 24453500 26782024 24453500
1790702262088 24453500 26782024 24453500
1790702262118 24453500 26782024 24453500
1790702262149 24453500 26782024 24453500
1790702262179 24453500 26782024 24453500
1790702262209 24460904 26782024 24460904
1790702262239 24460904 26782024 24460904
1790702262268 24461032 26782024 24461032
1790702262298 24461032 26782024 24461032
1790702262331 24461032 26782024 24461032
1790702262360 24461032 26782024 24461032
1790702262389 24461460 26782024 24461460
1790702262419 24461588 26782024 24461588
1790702262447 24461588 26782024 24461588
1790702262476 24461588 26782024 24461588
1790702262505 24461588 26782024 24461588
1790702262534 24461716 26782024 24461716
1790702262563 24461716 26782024 24461716
1790702262591 24461716 26782024 24461716
1790702262622 24462140 26782024 24462140
1790702262653 24462268 26782024 24462268
1790702262685 24462396 26782024 24462396
1790702262717 24462396 26782024 24462396
1790702262745 24462456 26782024 24462456
1790702262776 24462456 26782024 24462456
1790702262807 24462456 26782024 24462456
1790702262835 24462696 26782024 24462696
1790702262864 24462824 26782024 24462824
1790702262893 24462952 26782024 24462952
1790702262923 24463080 26782024 24463080
1790702262955 24463080 26782024 24463080
1790702262987 24463632 26782024 24463632
1790702263018 24463632 26782024 24463632
1790702263046 24463760 26782024 24463760
1790702263077 24463760 26782024 24463760
1790702263108 24463760 26782024 24463760
1790702263136 24463760 26782024 24463760
1790702263163 24463760 26782024 24463760
1790702263191 24464060 26782024 24464060
1790702263221 24464316 26782024 24464316
1790702263250 24464316 26782024 24464316
1790702263278 24464316 26782024 24464316
1790702263307 24464316 26782024 24464316
1790702263335 24464444 26782024 24464444
1790702263366 24464444 26782024 24464444
1790702263395 24464444 26782024 24464444
1790702263424 24464444 26782024 24464444
1790702263454 24464444 26782024 24464444
1790702263483 24464444 26782024 24464444
1790702263512 24464444 26782024 24464444
1790702263541 24464444 26782024 24464444
1790702263570 24464444 26782024 24464444
1790702263599 24464504 26782024 24464504
1790702263631 24464504 26782024 24464504
1790702263660 24464504 26782024 24464504
1790702263689 24464504 26782024 24464504
1790702263718 24464868 26782024 24464868
1790702263746 24464996 26782024 24464996
1790702263776 24465120 26782024 24465120
1790702263806 24465120 26782024 24465120
1790702263835 24465120 26782024 24465120
1790702263865 24465180 26782024 24465180
1790702263893 24465544 26782024 24465544
1790702263922 24465800 26782024 24465800
1790702263953 24465800 26782024 24465800
1790702263981 24465800 26782024 24465800
1790702264010 24465800 26782024 24465800
1790702264039 24465800 26782024 24465800
1790702264068 24466356 26782024 24466356
1790702264100 24466356 26782024 24466356
1790702264130 24466484 26782024 24466484
1790702264162 24466484 26782024 24466484
1790702264192 24466908 26782024 24466908
1790702264223 24467036 26782024 24467036
1790702264256 24467036 26782024 24467036
1790702264285 24467164 26782024 24467164
1790702264315 24467164 26782024 24467164
1790702264343 24467164 26782024 24467164
1790702264373 24467224 26782024 24467224
1790702264402 24467224 26782024 24467224
1790702264431 24467592 26782024 24467592
1790702264462 24467720 26782024 24467720
1790702264490 24467720 26782024 24467720
1790702264519 24467720 26782024 24467720
1790702264548 24467720 26782024 24467720
1790702264575 24467720 26782024 24467720
1790702264604 24467720 26782024 24467720
1790702264633 24467720 26782024 24467720
1790702264661 24467848 26782024 24467848
1790702264691 24467848 26782024 24467848
1790702264718 24467848 26782024 24467848
1790702264745 24467848 26782024 24467848
1790702264772 24467848 26782024 24467848
1790702264808 24467848 26782024 24467848
1790702264840 24468272 26782024 24468272
1790702264870 24468400 26782024 24468400
1790702264901 24468400 26782024 24468400
1790702264932 24468400 26782024 24468400
1790702264961 24468528 26782024 24468528
1790702264994 24468528 26782024 24468528
1790702265024 24469356 26782024 24469356
1790702265056 24470124 26782024 24470124
1790702265088 24470124 26782024 24470124
1790702265119 24470124 26782024 24470124
1790702265151 24471660 26782024 24471660
1790702265181 24471660 26782024 24471660
1790702265212 24471660 26782024 24471660
1790702265243 24471660 26782024 24471660
1790702265276 24471660 26782024 24471660
1790702265309 24476524 26783816 24476524
1790702265341 24476524 26783816 24476524
1790702265370 24476524 26783816 24476524
1790702265400 24479596 26786888 24479596
1790702265431 24479596 26786888 24479596
1790702265462 24479596 26786888 24479596
1790702265491 24479596 26786888 24479596
1790702265521 24479596 26786888 24479596
1790702265550 24479596 26786888 24479596
1790702265580 24479596 26786888 24479596
1790702265609 24479596 26786888 24479596
1790702265639 24485740 26793032 24485740
1790702265668 24485740 26793032 24485740
1790702265697 24485740 26793032 24485740
1790702265727 24485740 26793032 24485740
1790702265758 24488812 26796104 24488812
1790702265788 24488816 26799176 24488816
1790702265819 24488816 26799176 24488816
1790702265848 24491884 26799176 24491884
1790702265877 24491884 26799176 24491884
1790702265908 24491884 26799176 24491884
1790702265937 24491884 26799176 24491884
1790702265970 24494956 26802248 24494956
1790702266001 24494956 26802248 24494956
1790702266030 24494956 26802248 24494956
1790702266060 24494956 26802248 24494956
1790702266090 24494956 26802248 24494956
1790702266121 24498028 26802248 24498028
1790702266152 24498028 26802248 24498028
1790702266183 24498028 26802248 24498028
1790702266216 24498796 26802248 24498796
1790702266247 24498796 26802248 24498796
1790702266277 24498796 26802248 24498796
1790702266307 24499564 26802248 24499564
1790702266337 24499564 26802248 24499564
1790702266366 24499564 26802248 24499564
1790702266394 24499564 26802248 24499564
1790702266422 24499564 26802248 24499564
1790702266450 24500332 26802248 24500332
1790702266479 24500332 26802248 24500332
1790702266512 24500332 26802248 24500332
1790702266542 24500332 26802248 24500332
1790702266572 24500332 26802248 24500332
1790702266604 24502636 26802248 24502636
1790702266633 24502636 26802248 24502636
1790702266665 24502636 26802248 24502636
1790702266697 24502636 26802248 24502636
1790702266728 24502636 26802248 24502636
1790702266762 24502636 26802248 24502636
1790702266795 24502636 26802248 24502636
1790702266827 24509912 26802248 24509912
1790702266860 24510040 26802248 24510040
1790702266893 24510168 26802248 24510168
1790702266925 24510168 26802248 24510168
1790702266958 24510168 26802248 24510168
1790702266987 24510724 26802248 24510724
1790702267020 24510724 26802248 24510724
1790702267050 24510724 26802248 24510724
1790702267080 24510724 26802248 24510724
1790702267110 24510852 26802248 24510852
1790702267139 24510852 26802248 24510852
1790702267171 24511280 26802248 24511280
1790702267201 24511280 26802248 24511280
1790702267232 24511408 26802248 24511408
1790702267262 24511408 26802248 24511408
1790702267290 24511408 26802248 24511408
1790702267319 24511536 26802248 24511536
1790702267349 24511536 26802248 24511536
1790702267378 24511536 26802248 24511536
1790702267406 24511596 26802248 24511596
1790702267437 24512092 26802248 24512092
1790702267467 24512092 26802248 24512092
1790702267499 24512220 26802248 24512220
1790702267530 24512220 26802248 24512220
1790702267560 24512644 26802248 24512644
1790702267592 24512772 26802248 24512772
1790702267623 24512900 26802248 24512900
1790702267656 24512960 26802248 24512960
1790702267687 24512960 26802248 24512960
1790702267718 24513452 26802248 24513452
1790702267749 24513452 26802248 24513452
1790702267779 24513452 26802248 24513452
1790702267809 24513452 26802248 24513452
1790702267838 24513452 26802248 24513452
1790702267867 24513452 26802248 24513452
1790702267896 24513452 26802248 24513452
1790702267924 24513452 26802248 24513452
1790702267953 24513580 26802248 24513580
1790702267985 24513580 26802248 24513580
1790702268014 24513580 26802248 24513580
1790702268043 24513580 26802248 24513580
1790702268073 24513880 26802248 24513880
1790702268103 24514004 26802248 24514004
1790702268131 24514004 26802248 24514004
1790702268159 24514004 26802248 24514004
1790702268186 24514004 26802248 24514004
1790702268214 24514132 26802248 24514132
1790702268243 24514260 26802248 24514260
1790702268276 24514260 26802248 24514260
1790702268305 24514260 26802248 24514260
1790702268335 24514260 26802248 24514260
1790702268364 24514260 26802248 24514260
1790702268394 24514260 26802248 24514260
1790702268423 24514260 26802248 24514260
1790702268452 24514260 26802248 24514260
1790702268481 24514260 26802248 24514260
1790702268510 24514260 26802248 24514260
1790702268540 24514260 26802248 24514260
1790702268569 24514320 26802248 24514320
1790702268599 24514320 26802248 24514320
1790702268627 24514320 26802248 24514320
1790702268655 24514320 26802248 24514320
1790702268684 24514320 26802248 24514320
1790702268713 24514320 26802248 24514320
1790702268742 24514320 26802248 24514320
1790702268771 24514688 26802248 24514688
1790702268800 24514688 26802248 24514688
1790702268829 24514816 26802248 24514816
1790702268858 24514816 26802248 24514816
1790702268889 24514816 26802248 24514816
1790702268919 24514816 26802248 24514816
1790702268949 24514816 26802248 24514816
1790702268978 24514816 26802248 24514816
1790702269007 24514816 26802248 24514816
1790702269036 24514816 26802248 24514816
1790702269065 24514816 26802248 24514816
1790702269094 24514816 26802248 24514816
1790702269122 24514816 26802248 24514816
1790702269151 24514816 26802248 24514816
1790702269181 24514816 26802248 24514816
1790702269210 24514944 26802248 24514944
1790702269239 24514944 26802248 24514944
1790702269268 24514944 26802248 24514944
1790702269297 24514944 26802248 24514944
1790702269327 24514944 26802248 24514944
1790702269356 24514944 26802248 24514944
1790702269385 24514944 26802248 24514944
1790702269414 24514944 26802248 24514944
1790702269443 24514944 26802248 24514944
1790702269473 24514944 26802248 24514944
1790702269502 24515004 26802248 24515004
1790702269530 24515004 26802248 24515004
1790702269558 24515004 26802248 24515004
1790702269587 24515004 26802248 24515004
1790702269616 24515004 26802248 24515004
1790702269645 24515368 26802248 24515368
1790702269674 24515496 26802248 24515496
1790702269705 24515496 26802248 24515496
1790702269734 24515496 26802248 24515496
1790702269763 24515496 26802248 24515496
1790702269792 24515496 26802248 24515496
1790702269821 24515496 26802248 24515496
1790702269851 24515496 26802248 24515496
1790702269880 24515496 26802248 24515496
1790702269909 24515624 26802248 24515624
1790702269941 24515624 26802248 24515624
1790702269972 24515624 26802248 24515624
1790702270000 24515624 26802248 24515624
1790702270029 24515624 26802248 24515624
1790702270057 24515624 26802248 24515624
1790702270087 24515684 26802248 24515684
1790702270118 24516052 26802248 24516052
1790702270150 24516180 26802248 24516180
1790702270179 24516180 26802248 24516180
1790702270209 24516180 26802248 24516180
1790702270238 24516180 26802248 24516180
1790702270267 24516180 26802248 24516180
1790702270297 24516180 26802248 24516180
1790702270326 24516180 26802248 24516180
1790702270355 24516180 26802248 24516180
1790702270384 24516180 26802248 24516180
1790702270414 24516180 26802248 24516180
1790702270443 24516308 26802248 24516308
1790702270473 24516308 26802248 24516308
1790702270501 24516308 26802248 24516308
1790702270530 24516308 26802248 24516308
1790702270562 24516860 26802248 24516860
1790702270595 24516860 26802248 24516860
1790702270624 24516988 26802248 24516988
1790702270656 24516988 26802248 24516988
1790702270689 24516988 26802248 24516988
1790702270720 24517544 26802248 24517544
1790702270754 24517544 26802248 24517544
1790702270784 24517672 26802248 24517672
1790702270816 24518500 26802248 24518500
1790702270847 24518500 26802248 24518500
1790702270877 24519268 26802248 24519268
1790702270910 24519268 26802248 24519268
1790702270940 24519268 26802248 24519268
1790702270971 24520036 26802248 24520036
1790702271003 24520804 26802248 24520804
1790702271033 24520804 26802248 24520804
1790702271066 24520804 26802248 24520804
1790702271097 24521060 26802504 24521060
1790702271130 24521060 26802504 24521060
1790702271163 24528740 26807112 24528740
1790702271196 24528740 26807112 24528740
1790702271225 24528740 26807112 24528740
1790702271258 24531812 26810184 24531812
1790702271290 24531812 26810184 24531812
1790702271321 24531812 26810184 24531812
1790702271352 24531812 26810184 24531812
1790702271382 24531812 26810184 24531812
1790702271414 24531812 26810184 24531812
1790702271445 24531812 26810184 24531812
1790702271477 24537956 26816328 24537956
1790702271526 24537956 26816328 24537956
1790702271558 24537956 26816328 24537956
1790702271589 24537956 26816328 24537956
1790702271620 24541028 26819400 24541028
1790702271652 24541028 26819400 24541028
1790702271680 24541028 26819400 24541028
1790702271707 24541028 26819400 24541028
1790702271735 24541028 26819400 24541028
1790702271768 24544100 26822472 24544100
1790702271800 24544100 26822472 24544100
1790702271830 24544100 26822472 24544100
1790702271860 24544100 26822472 24544100
1790702271890 24547172 26825544 24547172
1790702271920 24547172 26825544 24547172
1790702271951 24547172 26825544 24547172
1790702271983 24547172 26825544 24547172
1790702272014 24547172 26825544 24547172
1790702272052 24550244 26825544 24550244
1790702272084 24550244 26825544 24550244
1790702272113 24550244 26825544 24550244
1790702272147 24551012 26825544 24551012
1790702272176 24551012 26825544 24551012
1790702272207 24551012 26825544 24551012
1790702272240 24551780 26825544 24551780
1790702272271 24551780 26825544 24551780
1790702272300 24552548 26825544 0
1790702272331 24552548 26825544 24552548
1790702272361 24552548 26825544 24552548
1790702272393 24552548 26825544 24552548
1790702272426 24554852 26825544 24554852
1790702272457 24554852 26825544 24554852
1790702272490 24554852 26825544 24554852
1790702272521 24554852 26825544 24554852
1790702272551 24554852 26825544 24554852
1790702272582 24554852 26825544 24554852
1790702272614 24562260 26825544 24562260
1790702272646 24562260 26825544 24562260
1790702272676 24562260 26825544 24562260
1790702272708 24562388 26825544 24562388
1790702272740 24562388 26825544 24562388
1790702272772 24562688 26825544 24562688
1790702272804 24562812 26825544 24562812
1790702272836 24562940 26825544 24562940
1790702272869 24563068 26825544 24563068
1790702272899 24563068 26825544 24563068
1790702272930 24563068 26825544 24563068
1790702272961 24563068 26825544 24563068
1790702272990 24563068 26825544 24563068
1790702273020 24563068 26825544 24563068
1790702273049 24563128 26825544 24563128
1790702273081 24563492 26825544 24563492
1790702273112 24563620 26825544 24563620
1790702273144 24563620 26825544 24563620
1790702273176 24563748 26825544 24563748
1790702273209 24563748 26825544 24563748
1790702273239 24563808 26825544 24563808
1790702273270 24564296 26825544 24564296
1790702273302 24564296 26825544 24564296
1790702273330 24564296 26825544 24564296
1790702273358 24564296 26825544 24564296
1790702273386 24564296 26825544 24564296
1790702273419 24564424 26825544 24564424
1790702273451 24564424 26825544 24564424
1790702273480 24564424 26825544 24564424
1790702273512 24564976 26825544 24564976
1790702273543 24564976 26825544 24564976
1790702273575 24565104 26825544 24565104
1790702273607 24565104 26825544 24565104
1790702273638 24565104 26825544 24565104
1790702273668 24565532 26825544 24565532
1790702273701 24565532 26825544 24565532
1790702273732 24565788 26825544 24565788
1790702273764 24565788 26825544 24565788
1790702273793 24565788 26825544 24565788
1790702273824 24566212 26825544 24566212
1790702273855 24566212 26825544 24566212
1790702273886 24566340 26825544 24566340
1790702273918 24566340 26825544 24566340
1790702273948 24566340 26825544 24566340
1790702273978 24566340 26825544 24566340
1790702274007 24566468 26825544 24566468
1790702274037 24566468 26825544 24566468
1790702274066 24566468 26825544 24566468
1790702274096 24566468 26825544 24566468
1790702274127 24566468 26825544 24566468
1790702274157 24566468 26825544 24566468
1790702274187 24566468 26825544 24566468
1790702274217 24566528 26825544 24566528
1790702274248 24566528 26825544 24566528
1790702274277 24566528 26825544 24566528
1790702274306 24566896 26825544 24566896
1790702274337 24566896 26825544 24566896
1790702274367 24567024 26825544 24567024
1790702274399 24567024 26825544 24567024
1790702274429 24567152 26825544 24567152
1790702274462 24567212 26825544 24567212
1790702274494 24567212 26825544 24567212
1790702274526 24567704 26825544 24567704
1790702274559 24567832 26825544 24567832
1790702274589 24567832 26825544 24567832
1790702274620 24567892 26825544 24567892
1790702274653 24567892 26825544 24567892
1790702274683 24568388 26825544 24568388
1790702274715 24568388 26825544 24568388
1790702274745 24568388 26825544 24568388
1790702274775 24568516 26825544 24568516
1790702274806 24568516 26825544 24568516
1790702274835 24568516 26825544 24568516
1790702274866 24569068 26825544 24569068
1790702274897 24569068 26825544 24569068
1790702274928 24569068 26825544 24569068
1790702274959 24569068 26825544 24569068
1790702274989 24569068 26825544 24569068
1790702275019 24569196 26825544 24569196
1790702275048 24569196 26825544 24569196
1790702275076 24569196 26825544 24569196
1790702275104 24569196 26825544 24569196
1790702275132 24569196 26825544 24569196
1790702275162 24569196 26825544 24569196
1790702275193 24569748 26825544 24569748
1790702275224 24569748 26825544 24569748
1790702275253 24569748 26825544 24569748
1790702275283 24569748 26825544 24569748
1790702275313 24569876 26825544 24569876
1790702275343 24569876 26825544 24569876
1790702275374 24569876 26825544 24569876
1790702275405 24570704 26825544 24570704
1790702275439 24571472 26825544 24571472
1790702275470 24571472 26825544 24571472
1790702275502 24571472 26825544 24571472
1790702275535 24573008 26825544 24573008
1790702275569 24573008 26825544 24573008
1790702275598 24573008 26825544 24573008
1790702275629 24573008 26825544 24573008
1790702275661 24573264 26825800 24573264
1790702275694 24573264 26825800 24573264
1790702275727 24580944 26830408 24580944
1790702275758 24580944 26830408 24580944
1790702275789 24580944 26830408 24580944
1790702275820 24584016 26833480 24584016
1790702275852 24584016 26833480 24584016
1790702275882 24584016 26833480 24584016
1790702275912 24584016 26833480 24584016
1790702275942 24584016 26833480 24584016
1790702275973 24584016 26833480 24584016
1790702276004 24584016 26833480 24584016
1790702276035 24584020 26839624 24584020
1790702276066 24589552 26839624 24589552
1790702276098 24590160 26839624 24590160
1790702276129 24590160 26839624 24590160
1790702276163 24590160 26839624 24590160
1790702276192 24590160 26839624 24590160
1790702276223 24593232 26842696 24593232
1790702276254 24593232 26842696 24593232
1790702276283 24593232 26842696 24593232
1790702276315 24596304 26845768 24596304
1790702276346 24596304 26845768 24596304
1790702276374 24596304 26845768 24596304
1790702276408 24596304 26845768 24596304
1790702276439 24599376 26848840 24599376
1790702276472 24599376 26848840 24599376
1790702276501 24599376 26848840 24599376
1790702276532 24599376 26848840 24599376
1790702276564 24602448 26851912 24602448
1790702276598 24602448 26851912 24602448
1790702276630 24605520 26851912 24605520
1790702276662 24605520 26851912 24605520
1790702276692 24605520 26851912 24605520
1790702276726 24606288 26851912 24606288
1790702276759 24606288 26851912 24606288
1790702276790 24606288 26851912 24606288
1790702276824 24607824 26851912 24607824
1790702276858 24607824 26851912 24607824
1790702276888 24607824 26851912 24607824
1790702276916 24607824 26851912 24607824
1790702276945 24607824 26851912 24607824
1790702276974 24607824 26851912 24607824
1790702277006 24607824 26851912 24607824
1790702277040 24610128 26851912 24610128
1790702277074 24610128 26851912 24610128
1790702277106 24610128 26851912 24610128
1790702277138 24610128 26851912 24610128
1790702277169 24610128 26851912 24610128
1790702277200 24617408 26851912 24617408
1790702277234 24617536 26851912 24617536
1790702277264 24617536 26851912 24617536
1790702277295 24617536 26851912 24617536
1790702277326 24617536 26851912 24617536
1790702277357 24617536 26851912 24617536
1790702277387 24617664 26851912 24617664
1790702277419 24617664 26851912 24617664
1790702277448 24617664 26851912 24617664
1790702277478 24617664 26851912 24617664
1790702277509 24617724 26851912 24617724
1790702277539 24617724 26851912 24617724
1790702277569 24618088 26851912 24618088
1790702277600 24618216 26851912 24618216
1790702277631 24618216 26851912 24618216
1790702277662 24618344 26851912 24618344
1790702277694 24618344 26851912 24618344
1790702277723 24618344 26851912 24618344
1790702277754 24618344 26851912 24618344
1790702277784 24618344 26851912 24618344
1790702277815 24618344 26851912 24618344
1790702277845 24618344 26851912 24618344
1790702277875 24618344 26851912 24618344
1790702277906 24618344 26851912 24618344
1790702277936 24618344 26851912 24618344
1790702277967 24618344 26851912 24618344
1790702277997 24618404 26851912 24618404
1790702278028 24618404 26851912 24618404
1790702278057 24618404 26851912 24618404
1790702278087 24618768 26851912 24618768
1790702278119 24618768 26851912 24618768
1790702278148 24618896 26851912 24618896
1790702278179 24618896 26851912 24618896
1790702278211 24618896 26851912 24618896
1790702278241 24619024 26851912 24619024
1790702278272 24619024 26851912 24619024
1790702278301 24619024 26851912 24619024
1790702278332 24619452 26851912 24619452
1790702278366 24619452 26851912 24619452
1790702278397 24619452 26851912 24619452
1790702278428 24619452 26851912 24619452
1790702278457 24619580 26851912 24619580
1790702278488 24619580 26851912 24619580
1790702278521 24619580 26851912 24619580
1790702278551 24619580 26851912 24619580
1790702278581 24619580 26851912 24619580
1790702278611 24619580 26851912 24619580
1790702278641 24619580 26851912 24619580
1790702278670 24619580 26851912 24619580
1790702278700 24619580 26851912 24619580
1790702278730 24619580 26851912 24619580
1790702278760 24619580 26851912 24619580
1790702278789 24619580 26851912 24619580
1790702278819 24619580 26851912 24619580
1790702278848 24619580 26851912 24619580
1790702278878 24619708 26851912 24619708
1790702278909 24619708 26851912 24619708
1790702278937 24619708 26851912 24619708
1790702278965 24619708 26851912 24619708
1790702278994 24619708 26851912 24619708
1790702279022 24619708 26851912 24619708
1790702279052 24619708 26851912 24619708
1790702279083 24619708 26851912 24619708
1790702279114 24619708 26851912 24619708
1790702279145 24619768 26851912 24619768
1790702279175 24619768 26851912 24619768
1790702279204 24619768 26851912 24619768
1790702279235 24620132 26851912 24620132
1790702279265 24620132 26851912 24620132
1790702279295 24620260 26851912 24620260
1790702279325 24620260 26851912 24620260
1790702279355 24620260 26851912 24620260
1790702279385 24620260 26851912 24620260
1790702279416 24620260 26851912 24620260
1790702279446 24620388 26851912 24620388
1790702279481 24620388 26851912 24620388
1790702279512 24620388 26851912 24620388
1790702279545 24620944 26851912 24620944
1790702279577 24620944 26851912 24620944
1790702279608 24621072 26851912 24621072
1790702279642 24621132 26851912 24621132
1790702279673 24621132 26851912 24621132
1790702279706 24621624 26851912 24621624
1790702279739 24621752 26851912 24621752
1790702279771 24621752 26851912 24621752
1790702279803 24621752 26851912 24621752
1790702279834 24622308 26851912 24622308
1790702279866 24622308 26851912 24622308
1790702279898 24622308 26851912 24622308
1790702279929 24622308 26851912 24622308
1790702279960 24622308 26851912 24622308
1790702279990 24622308 26851912 24622308
1790702280021 24622308 26851912 24622308
1790702280052 24622436 26851912 24622436
1790702280084 24622436 26851912 24622436
1790702280115 24622436 26851912 24622436
1790702280146 24622436 26851912 24622436
1790702280177 24622436 26851912 24622436
1790702280208 24622436 26851912 24622436
1790702280239 24622496 26851912 24622496
1790702280270 24622496 26851912 24622496
1790702280302 24622496 26851912 24622496
1790702280334 24622860 26851912 24622860
1790702280366 24622988 26851912 24622988
1790702280397 24622988 26851912 24622988
1790702280429 24622988 26851912 24622988
1790702280460 24622988 26851912 24622988
1790702280491 24623116 26851912 24623116
1790702280525 24623176 26851912 24623176
1790702280556 24623668 26851912 24623668
1790702280589 24623668 26851912 24623668
1790702280621 24623668 26851912 24623668
1790702280649 24623668 26851912 24623668
1790702280678 24623668 26851912 24623668
1790702280706 24623668 26851912 24623668
1790702280737 24623796 26851912 24623796
1790702280769 24624184 26851912 24624184
1790702280798 24624220 26851912 24624220
1790702280829 24624348 26851912 24624348
1790702280860 24624348 26851912 24624348
1790702280889 24624348 26851912 24624348
1790702280921 24624476 26851912 24624476
1790702280951 24624476 26851912 24624476
1790702280982 24624476 26851912 24624476
1790702281013 24624536 26851912 24624536
1790702281045 24624536 26851912 24624536
1790702281074 24624904 26851912 24624904
1790702281105 24625032 26851912 24625032
1790702281137 24625032 26851912 24625032
1790702281166 24625160 26851912 24625160
1790702281198 24625160 26851912 24625160
1790702281228 24625160 26851912 24625160
1790702281258 24625988 26851912 24625988
1790702281292 24626756 26851912 24626756
1790702281323 24626756 26851912 24626756
1790702281356 24626756 26851912 24626756
1790702281390 24628292 26851912 24628292
1790702281424 24628292 26851912 24628292
1790702281456 24628292 26851912 24628292
1790702281487 24628292 26851912 24628292
1790702281523 24631364 26851912 24631364
1790702281558 24631368 26853704 24631368
1790702281591 24633156 26853704 24633156
1790702281623 24633156 26853704 24633156
1790702281652 24636228 26856776 24636228
1790702281685 24636228 26856776 24636228
1790702281716 24636228 26856776 24636228
1790702281747 24636228 26856776 24636228
1790702281778 24636228 26856776 24636228
1790702281809 24636228 26856776 24636228
1790702281841 24636228 26856776 24636228
1790702281875 24636228 26856776 24636228
1790702281909 24642372 26862920 24642372
1790702281942 24642372 26862920 24642372
1790702281974 24642372 26862920 24642372
1790702282004 24642372 26862920 24642372
1790702282037 24645444 26865996 24645444
1790702282071 24645444 26865996 24645444
1790702282102 24645448 26869068 24645448
1790702282136 24648520 26869068 24648520
1790702282169 24648520 26869068 24648520
1790702282201 24648520 26869068 24648520
1790702282234 24648520 26869068 24648520
1790702282266 24651592 26872140 24651592
1790702282299 24651592 26872140 24651592
1790702282332 24651592 26872140 24651592
1790702282363 24651592 26872140 24651592
1790702282397 24651592 26872140 24651592
1790702282433 24654664 26872140 24654664
1790702282465 24654664 26872140 24654664
1790702282494 24654664 26872140 24654664
1790702282522 24654664 26872140 24654664
1790702282551 24654664 26872140 24654664
1790702282581 24654664 26872140 24654664
1790702282615 24655432 26872140 24655432
1790702282647 24655432 26872140 24655432
1790702282678 24655432 26872140 24655432
1790702282710 24656968 26872140 24656968
1790702282742 24656968 26872140 24656968
1790702282775 24656968 26872140 24656968
1790702282807 24657168 26872140 24657144
1790702282841 24659272 26872140 24659272
1790702282875 24659272 26872140 24659272
1790702282908 24659272 26872140 24659272
1790702282941 24659272 26872140 24659272
1790702282974 24659272 26872140 24659272
1790702283006 24659272 26872140 24659272
1790702283039 24659272 26872140 24659272
1790702283072 24659272 26872140 24659272
1790702283104 24659272 26872140 24659272
1790702283136 24666680 26872140 24666680
1790702283169 24666680 26872140 24666680
1790702283200 24666808 26872140 24666808
1790702283233 24666808 26872140 24666808
1790702283267 24666808 26872140 24666808
1790702283299 24666808 26872140 24666808
1790702283330 24667108 26872140 24667108
1790702283362 24667108 26872140 24667108
1790702283393 24667364 26872140 24667364
1790702283428 24667492 26872140 24667492
1790702283461 24667492 26872140 24667492
1790702283495 24668044 26872140 24668044
1790702283527 24668044 26872140 24668044
1790702283559 24668172 26872140 24668172
1790702283590 24668172 26872140 24668172
1790702283622 24668172 26872140 24668172
1790702283656 24668728 26872140 24668728
1790702283690 24668728 26872140 24668728
1790702283723 24668856 26872140 24668856
1790702283756 24668856 26872140 24668856
1790702283788 24669148 26872140 24669144
1790702283821 24669408 26872140 24669408
1790702283855 24669408 26872140 24669408
1790702283887 24669536 26872140 24669536
1790702283921 24669964 26872140 24669964
1790702283953 24670092 26872140 24670092
1790702283987 24670220 26872140 24670220
1790702284023 24670220 26872140 24670220
1790702284055 24670220 26872140 24670220
1790702284089 24670644 26872140 24670644
1790702284121 24670772 26872140 24670772
1790702284154 24670900 26872140 24670900
1790702284188 24670900 26872140 24670900
1790702284218 24670900 26872140 24670900
1790702284247 24670900 26872140 24670900
1790702284276 24670900 26872140 24670900
1790702284310 24671452 26872140 24671452
1790702284343 24671452 26872140 24671452
1790702284374 24671580 26872140 24671580
1790702284408 24671580 26872140 24671580
1790702284441 24671580 26872140 24671580
1790702284474 24672132 26872140 24672132
1790702284508 24672132 26872140 24672132
1790702284540 24672260 26872140 24672260
1790702284574 24672320 26872140 24672320
1790702284606 24672688 26872140 24672688
1790702284639 24672944 26872140 24672944
1790702284673 24672944 26872140 24672944
1790702284704 24672944 26872140 24672944
1790702284736 24673496 26872140 24673496
1790702284769 24673496 26872140 24673496
1790702284801 24673496 26872140 24673496
1790702284833 24673624 26872140 24673624
1790702284863 24673624 26872140 24673624
1790702284895 24673624 26872140 24673624
1790702284927 24674052 26872140 24674052
1790702284959 24674052 26872140 24674052
1790702284988 24674180 26872140 24674180
1790702285021 24674308 26872140 24674308
1790702285053 24674308 26872140 24674308
1790702285084 24674368 26872140 24674368
1790702285116 24675136 26872140 24675136
1790702285148 24675904 26872140 24675904
1790702285182 24675904 26872140 24675904
1790702285217 24675904 26872140 24675904
1790702285247 24676672 26872140 24676672
1790702285282 24677440 26872140 24677440
1790702285314 24677440 26872140 24677440
1790702285348 24677440 26872140 24677440
1790702285382 24680768 26872396 24680768
1790702285417 24680768 26877004 24680768
1790702285447 24685376 26877004 24685376
1790702285477 24685380 26880076 24685380
1790702285509 24685380 26880076 24685380
1790702285539 24688448 26880076 24688448
1790702285572 24688448 26880076 24688448
1790702285602 24688448 26880076 24688448
1790702285632 24688448 26880076 24688448
1790702285663 24688448 26880076 24688448
1790702285695 24688448 26880076 24688448
1790702285727 24688448 26880076 24688448
1790702285759 24689032 26886220 24689032
1790702285790 24694592 26886220 24694592
1790702285821 24694592 26886220 24694592
1790702285851 24694592 26886220 24694592
1790702285882 24694592 26886220 24694592
1790702285911 24694592 26886220 24694592
1790702285941 24694592 26886220 24694592
1790702285970 24694592 26886220 24694592
1790702286001 24694592 26886220 24694592
1790702286032 24697664 26889292 24697664
1790702286063 24697664 26889292 24697664
1790702286093 24697668 26892364 24697668
1790702286125 24700736 26892364 24700736
1790702286157 24700736 26892364 24700736
1790702286189 24700736 26892364 24700736
1790702286221 24702668 26895436 24702640
1790702286254 24703808 26895436 24703808
1790702286284 24703808 26895436 24703808
1790702286316 24703808 26895436 24703808
1790702286348 24703808 26895436 24703808
1790702286381 24706880 26895436 24706880
1790702286414 24706880 26895436 24706880
1790702286445 24706880 26895436 24706880
1790702286480 24707648 26895436 24707648
1790702286512 24707648 26895436 24707648
1790702286545 24707648 26895436 24707648
1790702286577 24708416 26895436 24708416
1790702286608 24709184 26895436 24709184
1790702286642 24709992 26895436 24709992
1790702286675 24709992 26895436 24709992
1790702286708 24709992 26895436 24709992
1790702286741 24709992 26895436 24709992
1790702286774 24709992 26895436 24709992
1790702286807 24709992 26895436 24709992
1790702286839 24709992 26895436 24709992
1790702286870 24709992 26895436 24709992
1790702286901 24709992 26895436 24709992
1790702286931 24709992 26895436 24709992
1790702286960 24709992 26895436 24709992
1790702286990 24709992 26895436 24709992
1790702287021 24709992 26895436 24709992
1790702287050 24709992 26895436 24709992
1790702287080 24709992 26895436 24709992
1790702287109 24709992 26895436 24709992
# peak_kb=24709992
# hwm_kb=24709992
# frozen_ms=0
# polled_vs_hwm_pct=0promille
