# timestamp_ms VmRSS_kB VmPeak_kB VmHWM_kB
1785316276705 80748 3129012 80748
1785316276879 255588 3129012 255588
1785316277052 429496 3129012 429496
1785316277222 602816 3129012 602816
1785316277394 47336 3137484 688112
1785316277506 61768 3137484 688112
1785316277618 67360 3137484 688112
1785316277729 51196 3137484 688112
1785316277842 65544 3137484 688112
1785316277954 67360 3137484 688112
1785316278066 87504 3137484 688112
1785316278179 95164 3137484 688112
1785316278290 109548 3137484 688112
1785316278402 123868 3137484 688112
1785316278513 138080 3137484 688112
1785316278624 146040 3137484 688112
1785316278736 146040 3137484 688112
1785316278847 146040 3137484 688112
1785316278959 99956 3137484 688112
1785316279072 114196 3137484 688112
1785316279184 158712 3137484 688112
1785316279296 203256 3137484 688112
1785316279409 247280 3137484 688112
1785316279522 290660 3137484 688112
1785316279635 335156 3137484 688112
1785316279750 379664 3137484 688112
1785316279867 392600 3137484 688112
1785316279982 392600 3137484 688112
1785316280096 392600 3137484 688112
1785316280211 392600 3137484 688112
1785316280327 392600 3137484 688112
1785316280441 392600 3137484 688112
1785316280556 392600 3137484 688112
1785316280671 392600 3137484 688112
1785316280786 48364 3137484 688112
1785316280897 51376 3137484 688112
1785316281009 51244 3137484 688112
1785316281121 51884 3137484 688112
1785316281233 51884 3137484 688112
1785316281345 51884 3137484 688112
1785316281457 51812 3137484 688112
1785316281569 52044 3137484 688112
1785316281681 55044 3137484 688112
1785316281793 55044 3137484 688112
1785316281905 55640 3137484 688112
1785316282015 55640 3137484 688112
1785316282126 55640 3137484 688112
1785316282238 55568 3137484 688112
1785316282350 55800 3137484 688112
1785316282462 57284 3137484 688112
1785316282573 57284 3137484 688112
1785316282685 57876 3137484 688112
1785316282797 57876 3137484 688112
1785316282910 57876 3137484 688112
1785316283022 57876 3137484 688112
1785316283133 58172 3137484 688112
1785316283246 58748 3137484 688112
1785316283357 58616 3137484 688112
1785316283469 59308 3137484 688112
1785316283581 59308 3137484 688112
1785316283693 59308 3137484 688112
1785316283805 59308 3137484 688112
1785316283917 59468 3137484 688112
1785316284029 59752 3137484 688112
1785316284141 59752 3137484 688112
1785316284253 59880 3137484 688112
1785316284365 60300 3137484 688112
1785316284477 60300 3137484 688112
1785316284588 60300 3137484 688112
1785316284700 60464 3137484 688112
1785316284813 60464 3137484 688112
1785316284925 60592 3137484 688112
1785316285036 60588 3137484 688112
1785316285148 61080 3137484 688112
1785316285260 61080 3137484 688112
1785316285372 61080 3137484 688112
1785316285484 61240 3137484 688112
1785316285596 61240 3137484 688112
1785316285707 61368 3137484 688112
1785316285819 61368 3137484 688112
1785316285931 61776 3137484 688112
1785316286043 61776 3137484 688112
1785316286155 61776 3137484 688112
1785316286267 61704 3137484 688112
1785316286379 61936 3137484 688112
1785316286490 62064 3137484 688112
1785316286602 62064 3137484 688112
1785316286714 62412 3137484 688112
1785316286826 62412 3137484 688112
1785316286938 62412 3137484 688112
1785316287050 62340 3137484 688112
1785316287161 62572 3137484 688112
1785316287273 62700 3137484 688112
1785316287384 62700 3137484 688112
1785316287496 63008 3137484 688112
1785316287608 63008 3137484 688112
1785316287720 63008 3137484 688112
1785316287831 62936 3137484 688112
1785316287943 63172 3137484 688112
1785316288055 63300 3137484 688112
1785316288167 63168 3137484 688112
1785316288278 63612 3137484 688112
1785316288390 63612 3137484 688112
1785316288502 63612 3137484 688112
1785316288614 63540 3137484 688112
1785316288726 63776 3137484 688112
1785316288838 63904 3137484 688112
1785316288951 63772 3137484 688112
1785316289063 64224 3137484 688112
1785316289175 64224 3137484 688112
1785316289287 64224 3137484 688112
1785316289398 64224 3137484 688112
1785316289511 62072 3137484 688112
1785316289623 62200 3137484 688112
1785316289736 62200 3137484 688112
1785316289847 62196 3137484 688112
1785316289959 62536 3137484 688112
1785316290071 62536 3137484 688112
1785316290184 62536 3137484 688112
1785316290296 62464 3137484 688112
1785316290408 65648 3137484 688112
1785316290520 78908 3137484 688112
1785316290632 78908 3137484 688112
1785316290744 108112 3137484 688112
1785316290857 152408 3137484 688112
1785316290971 165216 3137484 688112
1785316291084 165216 3137484 688112
1785316291196 126424 3137484 688112
1785316291308 65340 3137484 688112
1785316291420 79792 3137484 688112
1785316291532 79956 3137484 688112
1785316291644 79956 3137484 688112
1785316291756 79956 3137484 688112
1785316291868 89268 3137484 688112
1785316291980 106444 3137484 688112
1785316292092 129572 3137484 688112
1785316292204 139260 3137484 688112
1785316292315 153460 3137484 688112
1785316292427 167744 3137484 688112
1785316292539 182156 3137484 688112
1785316292651 196692 3137484 688112
1785316292765 196692 3137484 688112
1785316292878 196692 3137484 688112
1785316292992 196692 3137484 688112
1785316293104 135248 3137484 688112
1785316293215 71628 3137484 688112
1785316293327 153908 3137484 688112
1785316293439 198204 3137484 688112
1785316293550 242336 3137484 688112
1785316293664 286192 3137484 688112
1785316293777 329560 3137484 688112
1785316293890 373936 3137484 688112
1785316294005 418084 3137484 688112
1785316294121 463572 3137484 688112
1785316294237 509304 3137484 688112
1785316294348 529464 3137484 688112
1785316294465 529464 3137484 688112
1785316294581 529464 3137484 688112
1785316294697 529464 3137484 688112
1785316294814 529464 3137484 688112
1785316294930 529464 3137484 688112
1785316295045 529464 3137484 688112
1785316295161 529464 3137484 688112
1785316295277 529464 3137484 688112
1785316295392 529464 3137484 688112
1785316295506 529464 3137484 688112
1785316295622 86432 3137484 688112
1785316295734 147876 3137484 688112
1785316295846 175748 3137484 688112
1785316295958 213620 3137484 688112
1785316296069 251308 3137484 688112
1785316296182 288644 3137484 688112
1785316296293 325480 3137484 688112
1785316296404 363372 3137484 688112
1785316296513 401376 3137484 688112
1785316296629 439088 3137484 688112
1785316296746 455460 3137484 688112
1785316296863 455460 3137484 688112
1785316296978 455460 3137484 688112
1785316297094 455460 3137484 688112
1785316297211 455460 3137484 688112
1785316297326 455460 3137484 688112
1785316297442 455460 3137484 688112
1785316297557 455460 3137484 688112
1785316297672 455460 3137484 688112
1785316297787 101924 3137484 688112
1785316297899 133980 3137484 688112
1785316298010 171700 3137484 688112
1785316298123 209924 3137484 688112
1785316298236 248364 3137484 688112
1785316298347 285704 3137484 688112
1785316298461 322940 3137484 688112
1785316298572 360900 3137484 688112
1785316298687 399032 3137484 688112
1785316298802 437560 3137484 688112
1785316298918 461604 3137484 688112
1785316299036 461604 3137484 688112
1785316299152 461604 3137484 688112
1785316299268 461604 3137484 688112
1785316299385 461604 3137484 688112
1785316299501 461604 3137484 688112
1785316299615 461604 3137484 688112
1785316299733 461604 3137484 688112
1785316299850 461604 3137484 688112
1785316299965 108068 3137484 688112
1785316300076 132664 3137484 688112
1785316300188 132664 3137484 688112
1785316300299 139072 3137484 688112
1785316300410 146792 3137484 688112
1785316300522 154396 3137484 688112
1785316300633 161424 3137484 688112
1785316300746 161424 3137484 688112
1785316300858 161424 3137484 688112
1785316300969 117816 3137484 688112
1785316301081 136848 3137484 688112
1785316301193 68420 3137484 688112
1785316301304 66480 3137484 688112
1785316301415 73928 3137484 688112
1785316301527 82276 3137484 688112
1785316301638 82940 3137484 688112
1785316301749 127200 3137484 688112
1785316301862 168516 3137484 688112
1785316301976 168516 3137484 688112
1785316302090 168516 3137484 688112
1785316302202 62756 3137484 688112
1785316302314 71612 3137484 688112
1785316302426 81016 3137484 688112
1785316302538 81016 3137484 688112
1785316302650 81016 3137484 688112
1785316302762 81016 3137484 688112
1785316302874 104944 3137484 688112
1785316302987 98088 3137484 688112
1785316303099 112260 3137484 688112
1785316303210 126644 3137484 688112
1785316303322 141044 3137484 688112
1785316303434 155260 3137484 688112
1785316303547 156412 3137484 688112
1785316303659 156412 3137484 688112
1785316303770 110328 3137484 688112
1785316303882 98244 3137484 688112
1785316303994 140292 3137484 688112
1785316304107 185896 3137484 688112
1785316304220 231220 3137484 688112
1785316304332 276292 3137484 688112
1785316304445 321116 3137484 688112
1785316304559 366432 3137484 688112
1785316304674 409144 3137484 688112
1785316304789 409144 3137484 688112
1785316304908 409144 3137484 688112
1785316305024 409144 3137484 688112
1785316305140 409144 3137484 688112
1785316305255 409144 3137484 688112
1785316305371 409144 3137484 688112
1785316305486 409144 3137484 688112
1785316305600 123220 3137484 688112
1785316305711 66040 3137484 688112
1785316305823 67912 3137484 688112
1785316305936 67912 3137484 688112
1785316306049 68448 3137484 688112
1785316306161 68448 3137484 688112
1785316306273 68448 3137484 688112
1785316306385 68376 3137484 688112
1785316306497 68612 3137484 688112
1785316306610 68740 3137484 688112
1785316306723 68608 3137484 688112
1785316306835 69112 3137484 688112
1785316306947 69112 3137484 688112
1785316307059 69112 3137484 688112
1785316307170 69112 3137484 688112
1785316307282 69272 3137484 688112
1785316307393 69400 3137484 688112
1785316307505 69400 3137484 688112
1785316307617 69528 3137484 688112
1785316307728 69748 3137484 688112
1785316307839 69748 3137484 688112
1785316307950 69748 3137484 688112
1785316308062 69676 3137484 688112
1785316308173 69912 3137484 688112
1785316308285 70040 3137484 688112
1785316308396 69908 3137484 688112
1785316308507 70396 3137484 688112
1785316308618 70396 3137484 688112
1785316308729 70396 3137484 688112
1785316308840 70324 3137484 688112
1785316308951 70556 3137484 688112
1785316309062 70684 3137484 688112
1785316309175 70684 3137484 688112
1785316309287 71000 3137484 688112
1785316309400 71000 3137484 688112
1785316309512 71000 3137484 688112
1785316309624 70928 3137484 688112
1785316309736 71164 3137484 688112
1785316309847 71292 3137484 688112
1785316309959 71160 3137484 688112
1785316310071 71620 3137484 688112
1785316310182 71620 3137484 688112
1785316310293 71620 3137484 688112
1785316310405 71620 3137484 688112
1785316310516 71780 3137484 688112
1785316310628 71908 3137484 688112
1785316310739 71908 3137484 688112
1785316310851 72232 3137484 688112
1785316310962 72232 3137484 688112
1785316311073 72232 3137484 688112
1785316311185 72232 3137484 688112
1785316311297 72396 3137484 688112
1785316311409 72396 3137484 688112
1785316311523 72524 3137484 688112
1785316311634 72520 3137484 688112
1785316311746 72820 3137484 688112
1785316311858 72820 3137484 688112
1785316311970 72820 3137484 688112
1785316312081 72748 3137484 688112
1785316312194 72980 3137484 688112
1785316312306 73108 3137484 688112
1785316312417 73108 3137484 688112
1785316312529 73444 3137484 688112
1785316312642 73444 3137484 688112
1785316312753 73444 3137484 688112
1785316312865 73372 3137484 688112
1785316312977 73604 3137484 688112
1785316313089 73732 3137484 688112
1785316313201 73732 3137484 688112
1785316313313 74036 3137484 688112
1785316313426 74036 3137484 688112
1785316313538 74036 3137484 688112
1785316313649 74036 3137484 688112
1785316313762 74200 3137484 688112
1785316313874 74328 3137484 688112
1785316313986 74328 3137484 688112
1785316314098 74196 3137484 688112
1785316314209 74664 3137484 688112
1785316314322 74664 3137484 688112
1785316314435 74664 3137484 688112
1785316314547 74592 3137484 688112
1785316314659 72508 3137484 688112
1785316314772 72636 3137484 688112
1785316314884 72636 3137484 688112
1785316314995 72952 3137484 688112
1785316315107 72952 3137484 688112
1785316315219 72952 3137484 688112
1785316315331 72880 3137484 688112
1785316315443 74284 3137484 688112
1785316315555 80988 3137484 688112
1785316315666 87596 3137484 688112
1785316315777 92340 3137484 688112
1785316315889 136684 3137484 688112
1785316316000 173848 3137484 688112
1785316316113 173848 3137484 688112
1785316316225 173848 3137484 688112
1785316316339 72812 3137484 688112
1785316316451 81656 3137484 688112
1785316316564 88640 3137484 688112
1785316316675 88640 3137484 688112
1785316316787 88640 3137484 688112
1785316316899 88640 3137484 688112
1785316317010 130488 3137484 688112
1785316317122 138220 3137484 688112
1785316317234 141224 3137484 688112
1785316317346 155600 3137484 688112
1785316317457 170036 3137484 688112
1785316317568 184304 3137484 688112
1785316317679 198704 3137484 688112
1785316317789 205376 3137484 688112
1785316317901 205376 3137484 688112
1785316318013 205376 3137484 688112
1785316318125 143932 3137484 688112
1785316318236 143932 3137484 688112
1785316318347 138236 3137484 688112
1785316318458 182404 3137484 688112
1785316318571 226648 3137484 688112
1785316318682 270896 3137484 688112
1785316318793 314088 3137484 688112
1785316318906 358372 3137484 688112
1785316319017 402376 3137484 688112
1785316319128 446676 3137484 688112
1785316319239 491100 3137484 688112
1785316319350 535300 3137484 688112
1785316319462 538084 3137484 688112
1785316319580 538084 3137484 688112
1785316319698 538084 3137484 688112
1785316319814 538084 3137484 688112
1785316319932 538084 3137484 688112
1785316320049 538084 3137484 688112
1785316320166 538084 3137484 688112
1785316320283 538084 3137484 688112
1785316320401 538084 3137484 688112
1785316320517 538084 3137484 688112
1785316320634 458456 3137484 688112
1785316320745 97236 3137484 688112
1785316320856 162776 3137484 688112
1785316320968 193744 3137484 688112
1785316321081 231876 3137484 688112
1785316321193 269980 3137484 688112
1785316321307 306816 3137484 688112
1785316321421 344732 3137484 688112
1785316321534 382572 3137484 688112
1785316321649 420660 3137484 688112
1785316321760 458728 3137484 688112
1785316321875 464084 3137484 688112
1785316321993 464084 3137484 688112
1785316322110 464084 3137484 688112
1785316322228 464084 3137484 688112
1785316322343 464084 3137484 688112
1785316322457 464084 3137484 688112
1785316322573 464084 3137484 688112
1785316322688 464084 3137484 688112
1785316322804 411880 3137484 688112
1785316322915 110572 3137484 688112
1785316323026 161768 3137484 688112
1785316323138 199860 3137484 688112
1785316323249 237960 3137484 688112
1785316323360 275928 3137484 688112
1785316323474 312804 3137484 688112
1785316323585 350740 3137484 688112
1785316323696 388892 3137484 688112
1785316323812 426984 3137484 688112
1785316323928 465220 3137484 688112
1785316324045 470228 3137484 688112
1785316324162 470228 3137484 688112
1785316324278 470228 3137484 688112
1785316324395 470228 3137484 688112
1785316324510 470228 3137484 688112
1785316324626 470228 3137484 688112
1785316324742 470228 3137484 688112
1785316324857 470228 3137484 688112
1785316324972 470228 3137484 688112
1785316325087 116716 3137484 688112
1785316325198 141292 3137484 688112
1785316325309 143200 3137484 688112
1785316325420 151140 3137484 688112
1785316325530 158996 3137484 688112
1785316325641 166796 3137484 688112
1785316325752 170064 3137484 688112
1785316325864 170064 3137484 688112
1785316325975 108620 3137484 688112
1785316326086 145488 3137484 688112
1785316326197 145488 3137484 688112
1785316326310 123044 3137484 688112
1785316326422 76004 3137484 688112
1785316326533 90604 3137484 688112
1785316326644 90936 3137484 688112
1785316326756 117516 3137484 688112
1785316326867 162520 3137484 688112
1785316326979 177116 3137484 688112
1785316327091 177116 3137484 688112
1785316327203 74468 3137484 688112
1785316327313 75660 3137484 688112
1785316327424 89676 3137484 688112
1785316327535 89676 3137484 688112
1785316327646 89676 3137484 688112
1785316327757 89676 3137484 688112
1785316327867 104984 3137484 688112
1785316327979 106716 3137484 688112
1785316328090 118552 3137484 688112
1785316328201 133244 3137484 688112
1785316328311 147860 3137484 688112
1785316328422 162312 3137484 688112
1785316328533 165072 3137484 688112
1785316328645 165072 3137484 688112
1785316328756 118988 3137484 688112
1785316328868 96004 3137484 688112
1785316328980 147064 3137484 688112
1785316329091 193152 3137484 688112
1785316329204 239208 3137484 688112
1785316329316 284584 3137484 688112
1785316329425 330480 3137484 688112
1785316329536 375332 3137484 688112
1785316329647 417748 3137484 688112
1785316329764 417748 3137484 688112
1785316329883 417748 3137484 688112
1785316330001 417748 3137484 688112
1785316330117 417748 3137484 688112
1785316330233 417748 3137484 688112
1785316330349 417748 3137484 688112
1785316330465 417748 3137484 688112
1785316330580 340164 3137484 688112
1785316330692 74668 3137484 688112
1785316330805 76520 3137484 688112
1785316330917 76520 3137484 688112
1785316331029 77044 3137484 688112
1785316331141 77044 3137484 688112
1785316331254 77044 3137484 688112
1785316331366 77044 3137484 688112
1785316331477 77208 3137484 688112
1785316331589 77208 3137484 688112
1785316331701 77336 3137484 688112
1785316331813 77204 3137484 688112
1785316331926 77716 3137484 688112
1785316332037 77716 3137484 688112
1785316332149 77716 3137484 688112
1785316332260 77644 3137484 688112
1785316332372 77876 3137484 688112
1785316332484 78004 3137484 688112
1785316332596 78004 3137484 688112
1785316332709 78356 3137484 688112
1785316332821 78356 3137484 688112
1785316332933 78356 3137484 688112
1785316333045 78284 3137484 688112
1785316333156 78516 3137484 688112
1785316333269 78644 3137484 688112
1785316333381 78644 3137484 688112
1785316333493 78984 3137484 688112
1785316333606 78984 3137484 688112
1785316333717 78984 3137484 688112
1785316333829 78984 3137484 688112
1785316333941 79148 3137484 688112
1785316334054 79148 3137484 688112
1785316334165 79276 3137484 688112
1785316334278 79144 3137484 688112
1785316334390 79616 3137484 688112
1785316334502 79616 3137484 688112
1785316334615 79616 3137484 688112
1785316334726 79544 3137484 688112
1785316334838 79776 3137484 688112
1785316334950 79904 3137484 688112
1785316335063 79904 3137484 688112
1785316335177 80224 3137484 688112
1785316335289 80224 3137484 688112
1785316335402 80224 3137484 688112
1785316335514 80152 3137484 688112
1785316335627 80388 3137484 688112
1785316335738 80516 3137484 688112
1785316335850 80516 3137484 688112
1785316335962 80820 3137484 688112
1785316336073 80820 3137484 688112
1785316336183 80820 3137484 688112
1785316336294 80820 3137484 688112
1785316336406 80980 3137484 688112
1785316336517 80980 3137484 688112
1785316336627 81108 3137484 688112
1785316336738 81108 3137484 688112
1785316336849 81464 3137484 688112
1785316336960 81464 3137484 688112
1785316337071 81464 3137484 688112
1785316337181 81392 3137484 688112
1785316337292 81628 3137484 688112
1785316337403 81756 3137484 688112
1785316337513 81624 3137484 688112
1785316337624 82060 3137484 688112
1785316337734 82060 3137484 688112
1785316337845 82060 3137484 688112
1785316337955 82060 3137484 688112
1785316338066 82220 3137484 688112
1785316338177 82348 3137484 688112
1785316338289 82348 3137484 688112
1785316338399 82476 3137484 688112
1785316338509 82664 3137484 688112
1785316338621 82664 3137484 688112
1785316338731 82664 3137484 688112
1785316338842 82592 3137484 688112
1785316338953 82824 3137484 688112
1785316339064 82952 3137484 688112
1785316339176 82952 3137484 688112
1785316339288 83288 3137484 688112
1785316339399 83288 3137484 688112
1785316339511 83288 3137484 688112
1785316339623 83216 3137484 688112
1785316339735 81132 3137484 688112
1785316339847 81260 3137484 688112
1785316339958 81260 3137484 688112
1785316340070 81580 3137484 688112
1785316340182 81580 3137484 688112
1785316340293 81580 3137484 688112
1785316340405 81580 3137484 688112
1785316340516 82912 3137484 688112
1785316340628 85584 3137484 688112
1785316340739 96220 3137484 688112
1785316340852 96220 3137484 688112
1785316340964 133040 3137484 688112
1785316341077 177524 3137484 688112
1785316341191 182472 3137484 688112
1785316341305 182472 3137484 688112
1785316341417 79252 3137484 688112
1785316341529 85360 3137484 688112
1785316341641 97264 3137484 688112
1785316341754 97264 3137484 688112
1785316341866 97264 3137484 688112
1785316341978 97264 3137484 688112
1785316342089 116812 3137484 688112
1785316342202 146836 3137484 688112
1785316342313 146836 3137484 688112
1785316342425 158088 3137484 688112
1785316342537 172496 3137484 688112
1785316342649 186888 3137484 688112
1785316342761 201320 3137484 688112
1785316342873 214000 3137484 688112
1785316342985 214000 3137484 688112
1785316343097 214000 3137484 688112
1785316343210 214000 3137484 688112
1785316343321 152556 3137484 688112
1785316343434 105276 3137484 688112
1785316343546 172524 3137484 688112
1785316343657 216944 3137484 688112
1785316343771 261448 3137484 688112
1785316343884 305352 3137484 688112
1785316343997 349596 3137484 688112
1785316344113 393584 3137484 688112
1785316344229 437436 3137484 688112
1785316344346 481784 3137484 688112
1785316344463 526228 3137484 688112
1785316344582 546712 3137484 688112
1785316344700 546712 3137484 688112
1785316344816 546712 3137484 688112
1785316344931 546712 3137484 688112
1785316345048 546712 3137484 688112
1785316345164 546712 3137484 688112
1785316345280 546712 3137484 688112
1785316345397 546712 3137484 688112
1785316345513 546712 3137484 688112
1785316345632 546712 3137484 688112
1785316345750 304152 3137484 688112
1785316345861 109840 3137484 688112
1785316345973 171616 3137484 688112
1785316346085 209500 3137484 688112
1785316346197 247760 3137484 688112
1785316346311 285664 3137484 688112
1785316346424 322836 3137484 688112
1785316346537 360816 3137484 688112
1785316346652 398644 3137484 688112
1785316346766 436484 3137484 688112
1785316346882 472700 3137484 688112
1785316347000 472700 3137484 688112
1785316347118 472700 3137484 688112
1785316347234 472700 3137484 688112
1785316347348 472700 3137484 688112
1785316347463 472700 3137484 688112
1785316347577 472700 3137484 688112
1785316347692 472700 3137484 688112
1785316347807 472700 3137484 688112
1785316347922 336636 3137484 688112
1785316348033 119188 3137484 688112
1785316348144 173556 3137484 688112
1785316348256 211800 3137484 688112
1785316348370 250184 3137484 688112
1785316348482 287856 3137484 688112
1785316348596 325376 3137484 688112
1785316348711 363428 3137484 688112
1785316348825 401708 3137484 688112
1785316348940 440116 3137484 688112
1785316349056 478324 3137484 688112
1785316349174 478844 3137484 688112
1785316349290 478844 3137484 688112
1785316349406 478844 3137484 688112
1785316349522 478844 3137484 688112
1785316349637 478844 3137484 688112
1785316349752 478844 3137484 688112
1785316349867 478844 3137484 688112
1785316349981 478844 3137484 688112
1785316350096 445180 3137484 688112
1785316350207 125332 3137484 688112
1785316350318 149908 3137484 688112
1785316350430 152984 3137484 688112
1785316350541 160604 3137484 688112
1785316350652 168256 3137484 688112
1785316350763 175916 3137484 688112
1785316350875 178688 3137484 688112
1785316350987 178688 3137484 688112
1785316351099 117244 3137484 688112
1785316351211 154112 3137484 688112
1785316351324 154112 3137484 688112
1785316351436 131660 3137484 688112
1785316351548 84432 3137484 688112
1785316351661 98920 3137484 688112
1785316351771 99560 3137484 688112
1785316351883 121916 3137484 688112
1785316351996 166072 3137484 688112
1785316352107 185744 3137484 688112
1785316352221 185744 3137484 688112
1785316352334 185744 3137484 688112
1785316352445 82176 3137484 688112
1785316352558 96312 3137484 688112
1785316352669 98300 3137484 688112
1785316352782 98300 3137484 688112
1785316352894 98300 3137484 688112
1785316353006 98300 3137484 688112
1785316353119 115332 3137484 688112
1785316353231 122356 3137484 688112
1785316353343 136740 3137484 688112
1785316353453 151068 3137484 688112
1785316353565 165464 3137484 688112
1785316353678 173696 3137484 688112
1785316353792 173696 3137484 688112
1785316353906 173696 3137484 688112
1785316354018 127612 3137484 688112
1785316354133 133604 3137484 688112
1785316354244 177852 3137484 688112
1785316354356 222080 3137484 688112
1785316354469 266488 3137484 688112
1785316354581 310136 3137484 688112
1785316354694 354508 3137484 688112
1785316354806 399512 3137484 688112
1785316354923 426372 3137484 688112
1785316355039 426372 3137484 688112
1785316355155 426372 3137484 688112
1785316355270 426372 3137484 688112
1785316355385 426372 3137484 688112
1785316355500 426372 3137484 688112
1785316355615 426372 3137484 688112
1785316355729 426372 3137484 688112
1785316355843 80384 3137484 688112
1785316355954 83288 3137484 688112
1785316356066 85148 3137484 688112
1785316356179 85016 3137484 688112
1785316356292 85672 3137484 688112
1785316356405 85672 3137484 688112
1785316356517 85672 3137484 688112
1785316356629 85672 3137484 688112
1785316356742 85964 3137484 688112
1785316356853 86092 3137484 688112
1785316356966 86092 3137484 688112
1785316357078 86220 3137484 688112
1785316357191 86356 3137484 688112
1785316357303 86356 3137484 688112
1785316357416 86356 3137484 688112
1785316357528 86284 3137484 688112
1785316357640 86520 3137484 688112
1785316357752 86648 3137484 688112
1785316357864 86516 3137484 688112
1785316357977 86992 3137484 688112
1785316358090 86992 3137484 688112
1785316358201 86992 3137484 688112
1785316358314 86992 3137484 688112
1785316358426 87152 3137484 688112
1785316358538 87152 3137484 688112
1785316358650 87280 3137484 688112
1785316358761 87408 3137484 688112
1785316358873 87612 3137484 688112
1785316358984 87612 3137484 688112
1785316359096 87612 3137484 688112
1785316359208 87540 3137484 688112
1785316359320 87776 3137484 688112
1785316359432 87904 3137484 688112
1785316359543 87772 3137484 688112
1785316359655 88240 3137484 688112
1785316359766 88240 3137484 688112
1785316359877 88240 3137484 688112
1785316359989 88240 3137484 688112
1785316360100 88400 3137484 688112
1785316360213 88400 3137484 688112
1785316360325 88528 3137484 688112
1785316360436 88528 3137484 688112
1785316360548 88864 3137484 688112
1785316360661 88864 3137484 688112
1785316360773 88864 3137484 688112
1785316360885 88792 3137484 688112
1785316360996 89028 3137484 688112
1785316361109 89156 3137484 688112
1785316361222 89024 3137484 688112
1785316361334 89456 3137484 688112
1785316361446 89456 3137484 688112
1785316361558 89456 3137484 688112
1785316361671 89456 3137484 688112
1785316361783 89620 3137484 688112
1785316361895 89620 3137484 688112
1785316362007 89748 3137484 688112
1785316362119 89876 3137484 688112
1785316362231 90080 3137484 688112
1785316362343 90080 3137484 688112
1785316362455 90080 3137484 688112
1785316362566 90008 3137484 688112
1785316362677 90244 3137484 688112
1785316362789 90372 3137484 688112
1785316362901 90240 3137484 688112
1785316363013 90680 3137484 688112
1785316363125 90680 3137484 688112
1785316363237 90680 3137484 688112
1785316363350 90608 3137484 688112
1785316363463 90840 3137484 688112
1785316363574 90968 3137484 688112
1785316363687 90968 3137484 688112
1785316363799 91284 3137484 688112
1785316363911 91284 3137484 688112
1785316364024 91284 3137484 688112
1785316364136 91284 3137484 688112
1785316364248 91272 3137484 688112
1785316364359 91576 3137484 688112
1785316364471 91704 3137484 688112
1785316364582 91704 3137484 688112
1785316364694 91928 3137484 688112
1785316364806 91928 3137484 688112
1785316364918 91928 3137484 688112
1785316365031 91856 3137484 688112
1785316365143 89776 3137484 688112
1785316365256 89904 3137484 688112
1785316365368 89904 3137484 688112
1785316365479 89900 3137484 688112
1785316365592 90188 3137484 688112
1785316365703 90188 3137484 688112
1785316365816 90188 3137484 688112
1785316365927 90116 3137484 688112
1785316366040 91520 3137484 688112
1785316366152 104508 3137484 688112
1785316366265 104852 3137484 688112
1785316366378 128512 3137484 688112
1785316366489 172632 3137484 688112
1785316366602 191096 3137484 688112
1785316366716 191096 3137484 688112
1785316366829 191096 3137484 688112
1785316366941 90060 3137484 688112
1785316367053 102884 3137484 688112
1785316367166 105892 3137484 688112
1785316367278 105892 3137484 688112
1785316367390 105892 3137484 688112
1785316367503 105892 3137484 688112
1785316367615 147736 3137484 688112
1785316367728 155468 3137484 688112
1785316367840 160752 3137484 688112
1785316367950 175012 3137484 688112
1785316368061 189320 3137484 688112
1785316368173 203708 3137484 688112
1785316368286 218052 3137484 688112
1785316368396 222628 3137484 688112
1785316368509 222628 3137484 688112
1785316368621 222628 3137484 688112
1785316368733 161184 3137484 688112
1785316368844 161184 3137484 688112
1785316368956 157388 3137484 688112
1785316369068 201512 3137484 688112
1785316369179 245520 3137484 688112
1785316369292 289540 3137484 688112
1785316369405 332976 3137484 688112
1785316369518 377152 3137484 688112
1785316369632 421476 3137484 688112
1785316369747 465876 3137484 688112
1785316369858 509988 3137484 688112
1785316369974 554572 3137484 688112
1785316370092 555340 3137484 688112
1785316370211 555340 3137484 688112
1785316370327 555340 3137484 688112
1785316370444 555340 3137484 688112
1785316370563 555340 3137484 688112
1785316370681 555340 3137484 688112
1785316370798 555340 3137484 688112
1785316370914 555340 3137484 688112
1785316371031 555340 3137484 688112
1785316371147 555340 3137484 688112
1785316371264 96968 3137484 688112
1785316371377 118472 3137484 688112
1785316371489 195912 3137484 688112
1785316371600 234620 3137484 688112
1785316371711 273244 3137484 688112
1785316371822 310976 3137484 688112
1785316371932 349252 3137484 688112
1785316372046 388016 3137484 688112
1785316372160 426896 3137484 688112
1785316372275 465676 3137484 688112
1785316372386 481316 3137484 688112
1785316372502 481316 3137484 688112
1785316372618 481316 3137484 688112
1785316372732 481316 3137484 688112
1785316372847 481316 3137484 688112
1785316372963 481316 3137484 688112
1785316373078 481316 3137484 688112
1785316373194 481316 3137484 688112
1785316373309 481316 3137484 688112
1785316373424 152396 3137484 688112
1785316373536 103544 3137484 688112
1785316373648 188092 3137484 688112
1785316373760 226600 3137484 688112
1785316373873 265356 3137484 688112
1785316373986 303168 3137484 688112
1785316374099 342100 3137484 688112
1785316374212 382036 3137484 688112
1785316374326 421332 3137484 688112
1785316374442 461336 3137484 688112
1785316374558 487460 3137484 688112
1785316374676 487460 3137484 688112
1785316374791 487460 3137484 688112
1785316374907 487460 3137484 688112
1785316375024 487460 3137484 688112
1785316375140 487460 3137484 688112
1785316375256 487460 3137484 688112
1785316375375 487460 3137484 688112
1785316375492 487460 3137484 688112
1785316375609 133964 3137484 688112
1785316375720 158540 3137484 688112
1785316375831 158540 3137484 688112
1785316375942 164996 3137484 688112
1785316376053 172760 3137484 688112
1785316376164 180512 3137484 688112
1785316376276 187316 3137484 688112
1785316376388 187316 3137484 688112
1785316376500 187316 3137484 688112
1785316376613 162740 3137484 688112
1785316376725 162740 3137484 688112
1785316376837 104472 3137484 688112
1785316376949 92356 3137484 688112
1785316377060 101852 3137484 688112
1785316377172 108188 3137484 688112
1785316377284 114884 3137484 688112
1785316377395 158880 3137484 688112
1785316377508 194372 3137484 688112
1785316377623 194372 3137484 688112
1785316377736 194372 3137484 688112
1785316377849 90808 3137484 688112
1785316377961 100408 3137484 688112
1785316378072 106932 3137484 688112
1785316378183 106932 3137484 688112
1785316378294 106932 3137484 688112
1785316378406 106932 3137484 688112
1785316378517 130820 3137484 688112
1785316378629 127736 3137484 688112
1785316378740 142184 3137484 688112
1785316378852 156548 3137484 688112
1785316378963 170936 3137484 688112
1785316379076 182328 3137484 688112
1785316379188 182328 3137484 688112
1785316379301 182328 3137484 688112
1785316379413 136244 3137484 688112
1785316379525 138988 3137484 688112
1785316379637 184056 3137484 688112
1785316379747 229244 3137484 688112
1785316379860 274200 3137484 688112
1785316379972 318372 3137484 688112
1785316380085 363512 3137484 688112
1785316380198 408724 3137484 688112
1785316380313 434992 3137484 688112
1785316380428 434992 3137484 688112
1785316380542 434992 3137484 688112
1785316380659 434992 3137484 688112
1785316380776 434992 3137484 688112
1785316380893 434992 3137484 688112
1785316381008 434992 3137484 688112
1785316381123 434992 3137484 688112
1785316381239 91920 3137484 688112
1785316381350 93640 3137484 688112
1785316381462 93768 3137484 688112
1785316381573 93764 3137484 688112
1785316381684 94296 3137484 688112
1785316381794 94296 3137484 688112
1785316381905 94296 3137484 688112
1785316382015 94460 3137484 688112
1785316382126 94460 3137484 688112
1785316382239 94588 3137484 688112
1785316382350 94584 3137484 688112
1785316382462 94996 3137484 688112
1785316382572 94996 3137484 688112
1785316382683 94996 3137484 688112
1785316382793 95156 3137484 688112
1785316382905 95156 3137484 688112
1785316383016 95284 3137484 688112
1785316383128 95412 3137484 688112
1785316383239 95628 3137484 688112
1785316383350 95628 3137484 688112
1785316383461 95628 3137484 688112
1785316383571 95792 3137484 688112
1785316383682 95920 3137484 688112
1785316383794 95920 3137484 688112
1785316383904 96260 3137484 688112
1785316384015 96260 3137484 688112
1785316384126 96260 3137484 688112
1785316384237 96260 3137484 688112
1785316384348 96420 3137484 688112
1785316384459 96548 3137484 688112
1785316384570 96548 3137484 688112
1785316384681 96876 3137484 688112
1785316384793 96876 3137484 688112
1785316384903 96876 3137484 688112
1785316385014 96876 3137484 688112
1785316385125 97040 3137484 688112
1785316385236 97168 3137484 688112
1785316385347 97168 3137484 688112
1785316385459 97164 3137484 688112
1785316385569 97500 3137484 688112
1785316385681 97500 3137484 688112
1785316385792 97500 3137484 688112
1785316385903 97664 3137484 688112
1785316386014 97664 3137484 688112
1785316386125 97792 3137484 688112
1785316386236 97660 3137484 688112
1785316386347 98128 3137484 688112
1785316386459 98128 3137484 688112
1785316386570 98128 3137484 688112
1785316386681 98056 3137484 688112
1785316386792 98292 3137484 688112
1785316386904 98420 3137484 688112
1785316387016 98420 3137484 688112
1785316387127 98724 3137484 688112
1785316387238 98724 3137484 688112
1785316387349 98724 3137484 688112
1785316387460 98724 3137484 688112
1785316387571 98884 3137484 688112
1785316387683 98884 3137484 688112
1785316387795 99012 3137484 688112
1785316387908 99012 3137484 688112
1785316388021 99324 3137484 688112
1785316388134 99324 3137484 688112
1785316388247 99324 3137484 688112
1785316388359 99252 3137484 688112
1785316388472 99488 3137484 688112
1785316388585 99616 3137484 688112
1785316388698 99484 3137484 688112
1785316388810 99920 3137484 688112
1785316388923 99920 3137484 688112
1785316389035 99920 3137484 688112
1785316389147 99920 3137484 688112
1785316389260 100080 3137484 688112
1785316389372 100080 3137484 688112
1785316389484 100208 3137484 688112
1785316389597 100208 3137484 688112
1785316389709 100536 3137484 688112
1785316389822 100536 3137484 688112
1785316389935 100536 3137484 688112
1785316390047 100464 3137484 688112
1785316390160 98384 3137484 688112
1785316390272 98512 3137484 688112
1785316390385 98380 3137484 688112
1785316390500 98816 3137484 688112
1785316390612 98816 3137484 688112
1785316390723 98816 3137484 688112
1785316390835 98816 3137484 688112
1785316390947 100148 3137484 688112
1785316391060 102820 3137484 688112
1785316391172 113464 3137484 688112
1785316391285 113464 3137484 688112
1785316391398 150060 3137484 688112
1785316391508 193696 3137484 688112
1785316391621 199736 3137484 688112
1785316391735 199736 3137484 688112
1785316391849 97776 3137484 688112
1785316391961 101840 3137484 688112
1785316392072 114508 3137484 688112
1785316392184 114508 3137484 688112
1785316392296 114508 3137484 688112
1785316392409 114508 3137484 688112
1785316392521 123824 3137484 688112
1785316392634 140960 3137484 688112
1785316392747 164088 3137484 688112
1785316392859 173776 3137484 688112
1785316392971 188140 3137484 688112
1785316393082 202532 3137484 688112
1785316393192 216928 3137484 688112
1785316393305 231244 3137484 688112
1785316393418 231244 3137484 688112
1785316393532 231244 3137484 688112
1785316393645 231244 3137484 688112
1785316393757 169800 3137484 688112
1785316393869 126920 3137484 688112
1785316393980 183948 3137484 688112
1785316394092 228200 3137484 688112
1785316394203 272580 3137484 688112
1785316394317 315560 3137484 688112
1785316394431 359964 3137484 688112
1785316394545 404388 3137484 688112
1785316394659 448724 3137484 688112
1785316394770 493008 3137484 688112
1785316394886 537284 3137484 688112
1785316395003 563976 3137484 688112
1785316395122 563976 3137484 688112
1785316395239 563976 3137484 688112
1785316395356 563976 3137484 688112
1785316395472 563976 3137484 688112
1785316395588 563976 3137484 688112
1785316395704 563976 3137484 688112
1785316395820 563976 3137484 688112
1785316395935 563976 3137484 688112
1785316396050 563976 3137484 688112
1785316396165 563976 3137484 688112
1785316396281 120248 3137484 688112
1785316396394 188536 3137484 688112
1785316396507 211604 3137484 688112
1785316396618 249800 3137484 688112
1785316396729 287988 3137484 688112
1785316396841 325284 3137484 688112
1785316396954 363140 3137484 688112
1785316397068 401340 3137484 688112
1785316397183 439484 3137484 688112
1785316397293 477760 3137484 688112
1785316397404 489952 3137484 688112
1785316397522 489952 3137484 688112
1785316397638 489952 3137484 688112
1785316397752 489952 3137484 688112
1785316397867 489952 3137484 688112
1785316397981 489952 3137484 688112
1785316398096 489952 3137484 688112
1785316398210 489952 3137484 688112
1785316398325 489952 3137484 688112
1785316398442 489952 3137484 688112
1785316398556 136440 3137484 688112
1785316398666 185348 3137484 688112
1785316398776 223876 3137484 688112
1785316398889 262440 3137484 688112
1785316399002 300388 3137484 688112
1785316399115 338236 3137484 688112
1785316399229 377384 3137484 688112
1785316399342 416740 3137484 688112
1785316399456 456020 3137484 688112
1785316399571 495552 3137484 688112
1785316399690 496096 3137484 688112
1785316399807 496096 3137484 688112
1785316399922 496096 3137484 688112
1785316400037 496096 3137484 688112
1785316400152 496096 3137484 688112
1785316400268 496096 3137484 688112
1785316400383 496096 3137484 688112
1785316400498 496096 3137484 688112
1785316400615 109216 3137484 688112
1785316400726 167160 3137484 688112
1785316400837 167160 3137484 688112
1785316400949 171252 3137484 688112
1785316401059 179148 3137484 688112
1785316401170 187004 3137484 688112
1785316401282 194844 3137484 688112
1785316401392 195932 3137484 688112
1785316401504 195932 3137484 688112
1785316401615 134488 3137484 688112
1785316401726 171356 3137484 688112
1785316401839 87284 3137484 688112
1785316401951 148912 3137484 688112
1785316402062 107608 3137484 688112
1785316402173 116804 3137484 688112
1785316402284 117056 3137484 688112
1785316402395 161056 3137484 688112
1785316402508 203008 3137484 688112
1785316402621 203008 3137484 688112
1785316402733 203008 3137484 688112
1785316402845 99460 3137484 688112
1785316402956 107396 3137484 688112
1785316403068 115544 3137484 688112
1785316403180 115544 3137484 688112
1785316403291 115544 3137484 688112
1785316403402 115544 3137484 688112
1785316403513 139440 3137484 688112
1785316403626 136016 3137484 688112
1785316403736 150372 3137484 688112
1785316403848 164752 3137484 688112
1785316403959 179160 3137484 688112
1785316404071 190940 3137484 688112
1785316404184 190940 3137484 688112
1785316404296 190940 3137484 688112
1785316404408 144856 3137484 688112
1785316404519 149060 3137484 688112
1785316404631 193592 3137484 688112
1785316404743 238004 3137484 688112
1785316404856 282068 3137484 688112
1785316404969 326064 3137484 688112
1785316405083 370512 3137484 688112
1785316405197 415164 3137484 688112
1785316405312 443640 3137484 688112
1785316405427 443640 3137484 688112
1785316405542 443640 3137484 688112
1785316405657 443640 3137484 688112
1785316405774 443640 3137484 688112
1785316405890 443640 3137484 688112
1785316406006 443640 3137484 688112
1785316406121 443640 3137484 688112
1785316406235 100536 3137484 688112
1785316406347 102284 3137484 688112
1785316406458 102412 3137484 688112
1785316406570 102540 3137484 688112
1785316406682 102940 3137484 688112
1785316406793 102940 3137484 688112
1785316406904 102940 3137484 688112
1785316407015 102868 3137484 688112
1785316407127 103104 3137484 688112
1785316407238 103232 3137484 688112
1785316407349 103100 3137484 688112
1785316407460 103612 3137484 688112
1785316407571 103612 3137484 688112
1785316407682 103612 3137484 688112
1785316407793 103540 3137484 688112
1785316407904 103772 3137484 688112
1785316408015 103900 3137484 688112
1785316408127 103900 3137484 688112
1785316408238 104272 3137484 688112
1785316408349 104272 3137484 688112
1785316408460 104272 3137484 688112
1785316408571 104200 3137484 688112
1785316408682 104436 3137484 688112
1785316408793 104564 3137484 688112
1785316408904 104432 3137484 688112
1785316409015 104856 3137484 688112
1785316409128 104856 3137484 688112
1785316409238 104856 3137484 688112
1785316409350 104856 3137484 688112
1785316409461 105016 3137484 688112
1785316409572 105144 3137484 688112
1785316409684 105144 3137484 688112
1785316409796 105272 3137484 688112
1785316409907 105476 3137484 688112
1785316410018 105476 3137484 688112
1785316410129 105476 3137484 688112
1785316410242 105404 3137484 688112
1785316410353 105636 3137484 688112
1785316410463 105764 3137484 688112
1785316410575 105764 3137484 688112
1785316410686 106088 3137484 688112
1785316410797 106088 3137484 688112
1785316410908 106088 3137484 688112
1785316411019 106016 3137484 688112
1785316411130 106248 3137484 688112
1785316411242 106376 3137484 688112
1785316411353 106376 3137484 688112
1785316411465 106708 3137484 688112
1785316411577 106708 3137484 688112
1785316411689 106708 3137484 688112
1785316411800 106636 3137484 688112
1785316411911 106868 3137484 688112
1785316412022 106996 3137484 688112
1785316412134 106996 3137484 688112
1785316412245 107324 3137484 688112
1785316412356 107324 3137484 688112
1785316412467 107324 3137484 688112
1785316412579 107324 3137484 688112
1785316412690 107488 3137484 688112
1785316412802 107616 3137484 688112
1785316412913 107616 3137484 688112
1785316413024 107612 3137484 688112
1785316413135 107916 3137484 688112
1785316413245 107916 3137484 688112
1785316413356 107916 3137484 688112
1785316413468 108080 3137484 688112
1785316413579 108080 3137484 688112
1785316413690 108208 3137484 688112
1785316413801 108336 3137484 688112
1785316413912 108528 3137484 688112
1785316414023 108528 3137484 688112
1785316414135 108528 3137484 688112
1785316414247 108456 3137484 688112
1785316414359 108692 3137484 688112
1785316414470 108820 3137484 688112
1785316414581 108688 3137484 688112
1785316414692 109144 3137484 688112
1785316414803 109144 3137484 688112
1785316414913 109144 3137484 688112
1785316415024 106988 3137484 688112
1785316415135 106988 3137484 688112
1785316415246 107116 3137484 688112
1785316415356 107244 3137484 688112
1785316415467 107428 3137484 688112
1785316415578 107428 3137484 688112
1785316415689 107428 3137484 688112
1785316415800 108760 3137484 688112
1785316415911 111416 3137484 688112
1785316416022 122088 3137484 688112
1785316416133 122088 3137484 688112
1785316416245 163652 3137484 688112
1785316416358 208316 3137484 688112
1785316416471 208352 3137484 688112
1785316416584 208352 3137484 688112
1785316416696 107300 3137484 688112
1785316416807 115308 3137484 688112
1785316416918 123128 3137484 688112
1785316417029 123128 3137484 688112
1785316417140 123128 3137484 688112
1785316417252 123128 3137484 688112
1785316417363 164976 3137484 688112
1785316417475 172708 3137484 688112
1785316417587 175472 3137484 688112
1785316417697 189716 3137484 688112
1785316417809 204264 3137484 688112
1785316417920 218636 3137484 688112
1785316418032 233076 3137484 688112
1785316418144 239864 3137484 688112
1785316418257 239864 3137484 688112
1785316418369 239864 3137484 688112
1785316418483 178420 3137484 688112
1785316418595 178420 3137484 688112
1785316418706 182376 3137484 688112
1785316418817 226180 3137484 688112
1785316418929 270472 3137484 688112
1785316419042 314412 3137484 688112
1785316419157 358212 3137484 688112
1785316419272 402716 3137484 688112
1785316419386 447104 3137484 688112
1785316419500 491268 3137484 688112
1785316419616 535848 3137484 688112
1785316419727 572600 3137484 688112
1785316419844 572600 3137484 688112
1785316419962 572600 3137484 688112
1785316420078 572600 3137484 688112
1785316420195 572600 3137484 688112
1785316420311 572600 3137484 688112
1785316420427 572600 3137484 688112
1785316420547 572600 3137484 688112
1785316420665 572600 3137484 688112
1785316420781 572600 3137484 688112
1785316420898 337804 3137484 688112
1785316421008 135712 3137484 688112
1785316421120 197180 3137484 688112
1785316421231 235340 3137484 688112
1785316421343 273436 3137484 688112
1785316421456 310896 3137484 688112
1785316421568 348304 3137484 688112
1785316421682 386876 3137484 688112
1785316421797 425176 3137484 688112
1785316421912 463524 3137484 688112
1785316422028 498568 3137484 688112
1785316422146 498568 3137484 688112
1785316422264 498568 3137484 688112
1785316422379 498568 3137484 688112
1785316422494 498568 3137484 688112
1785316422608 498568 3137484 688112
1785316422723 498568 3137484 688112
1785316422839 498568 3137484 688112
1785316422954 498568 3137484 688112
1785316423068 108416 3137484 688112
1785316423179 135120 3137484 688112
1785316423292 206320 3137484 688112
1785316423404 244736 3137484 688112
1785316423517 283100 3137484 688112
1785316423628 320124 3137484 688112
1785316423742 358084 3137484 688112
1785316423853 396484 3137484 688112
1785316423970 435208 3137484 688112
1785316424085 473732 3137484 688112
1785316424202 504712 3137484 688112
1785316424319 504712 3137484 688112
1785316424434 504712 3137484 688112
1785316424549 504712 3137484 688112
1785316424665 504712 3137484 688112
1785316424781 504712 3137484 688112
1785316424895 504712 3137484 688112
1785316425010 504712 3137484 688112
1785316425127 504712 3137484 688112
1785316425242 151204 3137484 688112
1785316425353 175780 3137484 688112
1785316425465 175780 3137484 688112
1785316425576 181908 3137484 688112
1785316425687 189600 3137484 688112
1785316425798 197380 3137484 688112
1785316425909 204556 3137484 688112
1785316426021 204556 3137484 688112
1785316426132 204556 3137484 688112
1785316426243 179980 3137484 688112
1785316426354 179980 3137484 688112
1785316426466 113136 3137484 688112
1785316426578 109596 3137484 688112
1785316426689 118524 3137484 688112
1785316426801 125424 3137484 688112
1785316426912 131080 3137484 688112
1785316427023 174304 3137484 688112
1785316427135 211632 3137484 688112
1785316427248 211632 3137484 688112
1785316427362 211632 3137484 688112
1785316427474 108048 3137484 688112
1785316427585 117580 3137484 688112
1785316427695 124168 3137484 688112
1785316427806 124168 3137484 688112
1785316427919 124168 3137484 688112
1785316428031 124168 3137484 688112
1785316428143 148060 3137484 688112
1785316428254 144828 3137484 688112
1785316428366 159172 3137484 688112
1785316428479 173624 3137484 688112
1785316428591 187924 3137484 688112
1785316428704 199564 3137484 688112
1785316428818 199564 3137484 688112
1785316428932 199564 3137484 688112
1785316429043 153480 3137484 688112
1785316429157 157184 3137484 688112
1785316429269 201552 3137484 688112
1785316429383 246276 3137484 688112
1785316429495 290504 3137484 688112
1785316429608 333944 3137484 688112
1785316429723 378588 3137484 688112
1785316429838 423120 3137484 688112
1785316429949 452264 3137484 688112
1785316430066 452264 3137484 688112
1785316430182 452264 3137484 688112
1785316430298 452264 3137484 688112
1785316430416 452264 3137484 688112
1785316430532 452264 3137484 688112
1785316430648 452264 3137484 688112
1785316430762 452264 3137484 688112
1785316430876 108812 3137484 688112
1785316430988 110904 3137484 688112
1785316431099 111032 3137484 688112
1785316431211 111032 3137484 688112
1785316431323 111556 3137484 688112
1785316431435 111556 3137484 688112
1785316431546 111556 3137484 688112
1785316431657 111484 3137484 688112
1785316431768 111720 3137484 688112
1785316431879 111848 3137484 688112
1785316431990 111716 3137484 688112
1785316432102 112220 3137484 688112
1785316432214 112220 3137484 688112
1785316432326 112220 3137484 688112
1785316432437 112220 3137484 688112
1785316432548 112380 3137484 688112
1785316432659 112508 3137484 688112
1785316432771 112508 3137484 688112
1785316432883 112864 3137484 688112
1785316432994 112864 3137484 688112
1785316433105 112864 3137484 688112
1785316433216 112864 3137484 688112
1785316433326 113024 3137484 688112
1785316433437 113152 3137484 688112
1785316433549 113152 3137484 688112
1785316433660 113500 3137484 688112
1785316433770 113500 3137484 688112
1785316433881 113500 3137484 688112
1785316433992 113500 3137484 688112
1785316434103 113660 3137484 688112
1785316434214 113788 3137484 688112
1785316434325 113788 3137484 688112
1785316434437 114112 3137484 688112
1785316434549 114112 3137484 688112
1785316434661 114112 3137484 688112
1785316434773 114112 3137484 688112
1785316434884 114276 3137484 688112
1785316434995 114404 3137484 688112
1785316435106 114404 3137484 688112
1785316435216 114720 3137484 688112
1785316435328 114720 3137484 688112
1785316435440 114720 3137484 688112
1785316435551 114720 3137484 688112
1785316435663 114880 3137484 688112
1785316435773 115008 3137484 688112
1785316435885 115008 3137484 688112
1785316435996 115320 3137484 688112
1785316436107 115320 3137484 688112
1785316436218 115320 3137484 688112
1785316436329 115320 3137484 688112
1785316436441 115484 3137484 688112
1785316436554 115484 3137484 688112
1785316436666 115612 3137484 688112
1785316436779 115480 3137484 688112
1785316436892 115944 3137484 688112
1785316437005 115944 3137484 688112
1785316437117 115944 3137484 688112
1785316437229 115872 3137484 688112
1785316437342 116104 3137484 688112
1785316437456 116232 3137484 688112
1785316437569 116232 3137484 688112
1785316437681 116556 3137484 688112
1785316437795 116556 3137484 688112
1785316437907 116556 3137484 688112
1785316438020 116556 3137484 688112
1785316438132 116484 3137484 688112
1785316438244 116720 3137484 688112
1785316438357 116848 3137484 688112
1785316438468 116716 3137484 688112
1785316438581 117164 3137484 688112
1785316438693 117164 3137484 688112
1785316438804 117164 3137484 688112
1785316438917 117164 3137484 688112
1785316439030 117324 3137484 688112
1785316439143 117324 3137484 688112
1785316439255 117452 3137484 688112
1785316439368 117452 3137484 688112
1785316439481 117768 3137484 688112
1785316439594 117768 3137484 688112
1785316439707 117768 3137484 688112
1785316439819 117696 3137484 688112
1785316439932 115612 3137484 688112
1785316440045 115740 3137484 688112
1785316440158 115740 3137484 688112
1785316440271 116076 3137484 688112
1785316440384 116076 3137484 688112
1785316440495 116076 3137484 688112
1785316440608 116076 3137484 688112
1785316440721 117408 3137484 688112
1785316440834 119760 3137484 688112
1785316440946 130712 3137484 688112
1785316441058 130712 3137484 688112
1785316441171 166764 3137484 688112
1785316441284 210760 3137484 688112
1785316441397 216972 3137484 688112
1785316441512 216972 3137484 688112
1785316441625 115296 3137484 688112
1785316441738 118244 3137484 688112
1785316441850 131756 3137484 688112
1785316441964 131756 3137484 688112
1785316442077 131756 3137484 688112
1785316442190 131756 3137484 688112
1785316442304 141068 3137484 688112
1785316442417 170492 3137484 688112
1785316442530 181332 3137484 688112
1785316442641 192044 3137484 688112
1785316442752 206760 3137484 688112
1785316442863 221300 3137484 688112
1785316442975 235584 3137484 688112
1785316443088 248492 3137484 688112
1785316443201 248492 3137484 688112
1785316443314 248492 3137484 688112
1785316443427 248492 3137484 688112
1785316443539 187048 3137484 688112
1785316443652 123388 3137484 688112
1785316443764 205492 3137484 688112
1785316443877 250300 3137484 688112
1785316443988 294596 3137484 688112
1785316444098 338040 3137484 688112
1785316444209 382848 3137484 688112
1785316444323 427640 3137484 688112
1785316444438 472008 3137484 688112
1785316444555 516184 3137484 688112
1785316444672 560584 3137484 688112
1785316444790 581220 3137484 688112
1785316444909 581220 3137484 688112
1785316445026 581220 3137484 688112
1785316445142 581220 3137484 688112
1785316445259 581220 3137484 688112
1785316445375 581220 3137484 688112
1785316445491 581220 3137484 688112
1785316445607 581220 3137484 688112
1785316445725 581220 3137484 688112
1785316445841 581220 3137484 688112
1785316445957 581220 3137484 688112
1785316446075 122896 3137484 688112
1785316446186 144336 3137484 688112
1785316446299 215624 3137484 688112
1785316446411 253712 3137484 688112
1785316446523 291576 3137484 688112
1785316446636 328396 3137484 688112
1785316446748 365932 3137484 688112
1785316446861 404168 3137484 688112
1785316446975 442148 3137484 688112
1785316447089 480032 3137484 688112
1785316447204 507188 3137484 688112
1785316447318 507188 3137484 688112
1785316447433 507188 3137484 688112
1785316447548 507188 3137484 688112
1785316447663 507188 3137484 688112
1785316447777 507188 3137484 688112
1785316447892 507188 3137484 688112
1785316448007 507188 3137484 688112
1785316448121 507188 3137484 688112
1785316448235 153684 3137484 688112
1785316448347 189812 3137484 688112
1785316448457 227564 3137484 688112
1785316448569 265728 3137484 688112
1785316448681 303544 3137484 688112
1785316448793 340652 3137484 688112
1785316448906 378572 3137484 688112
1785316449020 416832 3137484 688112
1785316449134 456252 3137484 688112
1785316449249 495804 3137484 688112
1785316449360 513332 3137484 688112
1785316449477 513332 3137484 688112
1785316449592 513332 3137484 688112
1785316449710 513332 3137484 688112
1785316449826 513332 3137484 688112
1785316449941 513332 3137484 688112
1785316450057 513332 3137484 688112
1785316450173 513332 3137484 688112
1785316450289 513332 3137484 688112
1785316450404 159828 3137484 688112
1785316450515 184404 3137484 688112
1785316450626 184824 3137484 688112
1785316450737 192784 3137484 688112
1785316450847 200556 3137484 688112
1785316450957 208204 3137484 688112
1785316451069 213176 3137484 688112
1785316451182 213176 3137484 688112
1785316451293 213176 3137484 688112
1785316451405 188600 3137484 688112
1785316451516 188600 3137484 688112
1785316451629 166156 3137484 688112
1785316451743 118220 3137484 688112
1785316451855 131304 3137484 688112
1785316451966 134052 3137484 688112
1785316452078 152312 3137484 688112
1785316452188 196280 3137484 688112
1785316452301 220252 3137484 688112
1785316452414 220252 3137484 688112
1785316452527 220252 3137484 688112
1785316452639 116672 3137484 688112
1785316452750 130616 3137484 688112
1785316452861 132792 3137484 688112
1785316452972 132792 3137484 688112
1785316453083 132792 3137484 688112
1785316453196 132020 3137484 688112
1785316453308 151808 3137484 688112
1785316453420 159808 3137484 688112
1785316453531 174388 3137484 688112
1785316453642 188744 3137484 688112
1785316453752 202996 3137484 688112
1785316453864 210168 3137484 688112
1785316453976 210168 3137484 688112
1785316454091 210168 3137484 688112
1785316454204 164084 3137484 688112
1785316454316 180304 3137484 688112
1785316454427 224400 3137484 688112
1785316454539 268612 3137484 688112
1785316454651 311824 3137484 688112
1785316454764 355900 3137484 688112
1785316454878 400192 3137484 688112
1785316454992 444340 3137484 688112
1785316455107 460876 3137484 688112
1785316455226 460876 3137484 688112
1785316455343 460876 3137484 688112
1785316455458 460876 3137484 688112
1785316455573 460876 3137484 688112
1785316455689 460876 3137484 688112
1785316455804 460876 3137484 688112
1785316455922 442508 3137484 688112
1785316456035 117784 3137484 688112
1785316456146 119652 3137484 688112
1785316456258 119652 3137484 688112
1785316456370 120172 3137484 688112
1785316456481 120172 3137484 688112
1785316456592 120172 3137484 688112
1785316456702 120172 3137484 688112
1785316456813 120332 3137484 688112
1785316456924 120460 3137484 688112
1785316457035 120460 3137484 688112
1785316457145 120844 3137484 688112
1785316457257 120844 3137484 688112
1785316457368 120844 3137484 688112
1785316457478 120828 3137484 688112
1785316457589 121004 3137484 688112
1785316457700 121132 3137484 688112
1785316457811 121132 3137484 688112
1785316457922 121500 3137484 688112
1785316458033 121500 3137484 688112
1785316458144 121500 3137484 688112
1785316458255 121428 3137484 688112
1785316458365 121664 3137484 688112
1785316458476 121792 3137484 688112
1785316458587 121660 3137484 688112
1785316458698 122116 3137484 688112
1785316458810 122116 3137484 688112
1785316458921 122116 3137484 688112
1785316459032 122116 3137484 688112
1785316459143 122276 3137484 688112
1785316459255 122404 3137484 688112
1785316459366 122404 3137484 688112
1785316459478 122736 3137484 688112
1785316459589 122736 3137484 688112
1785316459700 122736 3137484 688112
1785316459811 122736 3137484 688112
1785316459922 122900 3137484 688112
1785316460033 122900 3137484 688112
1785316460145 123028 3137484 688112
1785316460257 123024 3137484 688112
1785316460368 123344 3137484 688112
1785316460479 123344 3137484 688112
1785316460590 123344 3137484 688112
1785316460701 123272 3137484 688112
1785316460813 123504 3137484 688112
1785316460924 123632 3137484 688112
1785316461035 123632 3137484 688112
1785316461146 123944 3137484 688112
1785316461258 123944 3137484 688112
1785316461369 123944 3137484 688112
1785316461481 123872 3137484 688112
1785316461592 124108 3137484 688112
1785316461703 124236 3137484 688112
1785316461814 124104 3137484 688112
1785316461926 124564 3137484 688112
1785316462037 124564 3137484 688112
1785316462148 124564 3137484 688112
1785316462260 124564 3137484 688112
1785316462371 124724 3137484 688112
1785316462482 124852 3137484 688112
1785316462594 124852 3137484 688112
1785316462706 125180 3137484 688112
1785316462817 125180 3137484 688112
1785316462928 125180 3137484 688112
1785316463039 125180 3137484 688112
1785316463151 125344 3137484 688112
1785316463262 125344 3137484 688112
1785316463374 125472 3137484 688112
1785316463485 125340 3137484 688112
1785316463597 125784 3137484 688112
1785316463708 125784 3137484 688112
1785316463820 125784 3137484 688112
1785316463930 125712 3137484 688112
1785316464041 125944 3137484 688112
1785316464152 126072 3137484 688112
1785316464263 126072 3137484 688112
1785316464375 126376 3137484 688112
1785316464488 126376 3137484 688112
1785316464600 126376 3137484 688112
1785316464712 126376 3137484 688112
1785316464824 124220 3137484 688112
1785316464936 124348 3137484 688112
1785316465047 124348 3137484 688112
1785316465158 124652 3137484 688112
1785316465269 124652 3137484 688112
1785316465380 124652 3137484 688112
1785316465492 124652 3137484 688112
1785316465603 125984 3137484 688112
1785316465714 127636 3137484 688112
1785316465825 139332 3137484 688112
1785316465937 139332 3137484 688112
1785316466048 176340 3137484 688112
1785316466158 221736 3137484 688112
1785316466270 225584 3137484 688112
1785316466383 225584 3137484 688112
1785316466496 122364 3137484 688112
1785316466607 129352 3137484 688112
1785316466718 140372 3137484 688112
1785316466829 140372 3137484 688112
1785316466940 140372 3137484 688112
1785316467052 140372 3137484 688112
1785316467164 179480 3137484 688112
1785316467276 189948 3137484 688112
1785316467388 189948 3137484 688112
1785316467498 204292 3137484 688112
1785316467609 218976 3137484 688112
1785316467720 233616 3137484 688112
1785316467831 248424 3137484 688112
1785316467944 257108 3137484 688112
1785316468056 257108 3137484 688112
1785316468168 257108 3137484 688112
1785316468280 195664 3137484 688112
1785316468393 195664 3137484 688112
1785316468504 189672 3137484 688112
1785316468615 234380 3137484 688112
1785316468725 278908 3137484 688112
1785316468835 323216 3137484 688112
1785316468948 367512 3137484 688112
1785316469061 413352 3137484 688112
1785316469177 459092 3137484 688112
1785316469292 504228 3137484 688112
1785316469408 549224 3137484 688112
1785316469523 589828 3137484 688112
1785316469641 589828 3137484 688112
1785316469757 589828 3137484 688112
1785316469874 589828 3137484 688112
1785316469991 589828 3137484 688112
1785316470107 589828 3137484 688112
1785316470226 589828 3137484 688112
1785316470343 589828 3137484 688112
1785316470460 589828 3137484 688112
1785316470576 589828 3137484 688112
1785316470695 551036 3137484 688112
1785316470806 146808 3137484 688112
1785316470919 214396 3137484 688112
1785316471031 247036 3137484 688112
1785316471143 285808 3137484 688112
1785316471255 323676 3137484 688112
1785316471367 361972 3137484 688112
1785316471480 400916 3137484 688112
1785316471590 439600 3137484 688112
1785316471704 478600 3137484 688112
1785316471818 515804 3137484 688112
1785316471933 515804 3137484 688112
1785316472050 515804 3137484 688112
1785316472167 515804 3137484 688112
1785316472282 515804 3137484 688112
1785316472397 515804 3137484 688112
1785316472515 515804 3137484 688112
1785316472634 515804 3137484 688112
1785316472749 515804 3137484 688112
1785316472863 162300 3137484 688112
1785316472974 192212 3137484 688112
1785316473086 230824 3137484 688112
1785316473197 269436 3137484 688112
1785316473309 307932 3137484 688112
1785316473422 346088 3137484 688112
1785316473535 385060 3137484 688112
1785316473648 424108 3137484 688112
1785316473763 463184 3137484 688112
1785316473877 501792 3137484 688112
1785316473991 521948 3137484 688112
1785316474107 521948 3137484 688112
1785316474224 521948 3137484 688112
1785316474341 521948 3137484 688112
1785316474457 521948 3137484 688112
1785316474573 521948 3137484 688112
1785316474689 521948 3137484 688112
1785316474804 521948 3137484 688112
1785316474919 521948 3137484 688112
1785316475037 289196 3137484 688112
1785316475148 186276 3137484 688112
1785316475260 193020 3137484 688112
1785316475371 195432 3137484 688112
1785316475482 203356 3137484 688112
1785316475593 211244 3137484 688112
1785316475704 219084 3137484 688112
1785316475816 221796 3137484 688112
1785316475929 221796 3137484 688112
1785316476043 160352 3137484 688112
1785316476154 197220 3137484 688112
1785316476266 197220 3137484 688112
1785316476378 174772 3137484 688112
1785316476491 131468 3137484 688112
1785316476600 142668 3137484 688112
1785316476711 142668 3137484 688112
1785316476823 181128 3137484 688112
1785316476934 225832 3137484 688112
1785316477046 228856 3137484 688112
1785316477159 228856 3137484 688112
1785316477272 123112 3137484 688112
1785316477383 131532 3137484 688112
1785316477494 141408 3137484 688112
1785316477605 141408 3137484 688112
1785316477717 141408 3137484 688112
1785316477829 141408 3137484 688112
1785316477940 165300 3137484 688112
1785316478051 159308 3137484 688112
1785316478162 173712 3137484 688112
1785316478273 188104 3137484 688112
1785316478385 202380 3137484 688112
1785316478496 216808 3137484 688112
1785316478609 216808 3137484 688112
1785316478720 216808 3137484 688112
1785316478833 170724 3137484 688112
1785316478944 167236 3137484 688112
1785316479054 211432 3137484 688112
1785316479166 255784 3137484 688112
1785316479279 299872 3137484 688112
1785316479392 343476 3137484 688112
1785316479506 388252 3137484 688112
1785316479621 433048 3137484 688112
1785316479735 469488 3137484 688112
1785316479852 469488 3137484 688112
1785316479969 469488 3137484 688112
1785316480086 469488 3137484 688112
1785316480201 469488 3137484 688112
1785316480316 469488 3137484 688112
1785316480430 469488 3137484 688112
1785316480545 469488 3137484 688112
1785316480660 126400 3137484 688112
1785316480772 128136 3137484 688112
1785316480884 128264 3137484 688112
1785316480996 128132 3137484 688112
1785316481107 128784 3137484 688112
1785316481218 128784 3137484 688112
1785316481329 128784 3137484 688112
1785316481439 128948 3137484 688112
1785316481550 129076 3137484 688112
1785316481661 128944 3137484 688112
1785316481772 129476 3137484 688112
1785316481882 129476 3137484 688112
1785316481994 129476 3137484 688112
1785316482104 129404 3137484 688112
1785316482214 129636 3137484 688112
1785316482325 129764 3137484 688112
1785316482436 129764 3137484 688112
1785316482548 130112 3137484 688112
1785316482659 130112 3137484 688112
1785316482770 130112 3137484 688112
1785316482880 130040 3137484 688112
1785316482991 130276 3137484 688112
1785316483102 130404 3137484 688112
1785316483213 130272 3137484 688112
1785316483324 130728 3137484 688112
1785316483435 130728 3137484 688112
1785316483547 130728 3137484 688112
1785316483658 130656 3137484 688112
1785316483770 130888 3137484 688112
1785316483881 131016 3137484 688112
1785316483992 131016 3137484 688112
1785316484103 131344 3137484 688112
1785316484215 131344 3137484 688112
1785316484326 131344 3137484 688112
1785316484437 131272 3137484 688112
1785316484548 131508 3137484 688112
1785316484659 131636 3137484 688112
1785316484771 131504 3137484 688112
1785316484882 131960 3137484 688112
1785316484993 131960 3137484 688112
1785316485104 131960 3137484 688112
1785316485217 131888 3137484 688112
1785316485328 132120 3137484 688112
1785316485439 132248 3137484 688112
1785316485551 132248 3137484 688112
1785316485662 132580 3137484 688112
1785316485772 132580 3137484 688112
1785316485884 132580 3137484 688112
1785316485995 132580 3137484 688112
1785316486107 132744 3137484 688112
1785316486218 132744 3137484 688112
1785316486329 132872 3137484 688112
1785316486441 132740 3137484 688112
1785316486552 133184 3137484 688112
1785316486664 133184 3137484 688112
1785316486775 133184 3137484 688112
1785316486887 133112 3137484 688112
1785316486999 133344 3137484 688112
1785316487111 133472 3137484 688112
1785316487223 133472 3137484 688112
1785316487335 133784 3137484 688112
1785316487446 133784 3137484 688112
1785316487557 133784 3137484 688112
1785316487671 133712 3137484 688112
1785316487782 133944 3137484 688112
1785316487894 134072 3137484 688112
1785316488005 134072 3137484 688112
1785316488117 134400 3137484 688112
1785316488229 134400 3137484 688112
1785316488340 134400 3137484 688112
1785316488451 134328 3137484 688112
1785316488563 134564 3137484 688112
1785316488675 134692 3137484 688112
1785316488786 134560 3137484 688112
1785316488898 135004 3137484 688112
1785316489009 135004 3137484 688112
1785316489120 135004 3137484 688112
1785316489232 134932 3137484 688112
1785316489343 132852 3137484 688112
1785316489455 132980 3137484 688112
1785316489566 132980 3137484 688112
1785316489678 133296 3137484 688112
1785316489790 133296 3137484 688112
1785316489901 133296 3137484 688112
1785316490013 133296 3137484 688112
1785316490124 134628 3137484 688112
1785316490237 139648 3137484 688112
1785316490349 147960 3137484 688112
1785316490460 151472 3137484 688112
1785316490571 195216 3137484 688112
1785316490683 234204 3137484 688112
1785316490797 234204 3137484 688112
1785316490910 234204 3137484 688112
1785316491022 133164 3137484 688112
1785316491134 140984 3137484 688112
1785316491246 149000 3137484 688112
1785316491357 149000 3137484 688112
1785316491468 149000 3137484 688112
1785316491580 149000 3137484 688112
1785316491692 190840 3137484 688112
1785316491805 198572 3137484 688112
1785316491917 201720 3137484 688112
1785316492029 216120 3137484 688112
1785316492140 230532 3137484 688112
1785316492252 244900 3137484 688112
1785316492363 259244 3137484 688112
1785316492475 265736 3137484 688112
1785316492587 265736 3137484 688112
1785316492699 265736 3137484 688112
1785316492811 204292 3137484 688112
1785316492923 204292 3137484 688112
1785316493034 208456 3137484 688112
1785316493145 252304 3137484 688112
1785316493257 296248 3137484 688112
1785316493370 339636 3137484 688112
1785316493483 383508 3137484 688112
1785316493596 427660 3137484 688112
1785316493710 471824 3137484 688112
1785316493825 516540 3137484 688112
1785316493940 560704 3137484 688112
1785316494056 598456 3137484 688112
1785316494174 598456 3137484 688112
1785316494291 598456 3137484 688112
1785316494408 598456 3137484 688112
1785316494526 598456 3137484 688112
1785316494644 598456 3137484 688112
1785316494761 598456 3137484 688112
1785316494879 598456 3137484 688112
1785316494996 598456 3137484 688112
1785316495113 598456 3137484 688112
1785316495229 598456 3137484 688112
1785316495345 155432 3137484 688112
1785316495457 223020 3137484 688112
1785316495569 250000 3137484 688112
1785316495680 288176 3137484 688112
1785316495792 325896 3137484 688112
1785316495907 363928 3137484 688112
1785316496021 402724 3137484 688112
1785316496135 440572 3137484 688112
1785316496251 479064 3137484 688112
1785316496368 517592 3137484 688112
1785316496484 524432 3137484 688112
1785316496602 524432 3137484 688112
1785316496719 524432 3137484 688112
1785316496836 524432 3137484 688112
1785316496951 524432 3137484 688112
1785316497067 524432 3137484 688112
1785316497182 524432 3137484 688112
1785316497297 524432 3137484 688112
1785316497414 134656 3137484 688112
1785316497525 160984 3137484 688112
1785316497637 233888 3137484 688112
1785316497749 271856 3137484 688112
1785316497861 309664 3137484 688112
1785316497971 346540 3137484 688112
1785316498085 384504 3137484 688112
1785316498198 422772 3137484 688112
1785316498312 461204 3137484 688112
1785316498427 499312 3137484 688112
1785316498541 530576 3137484 688112
1785316498657 530576 3137484 688112
1785316498773 530576 3137484 688112
1785316498887 530576 3137484 688112
1785316499002 530576 3137484 688112
1785316499121 530576 3137484 688112
1785316499239 530576 3137484 688112
1785316499355 530576 3137484 688112
1785316499472 530576 3137484 688112
1785316499589 530576 3137484 688112
1785316499705 177068 3137484 688112
1785316499817 201644 3137484 688112
1785316499929 201656 3137484 688112
1785316500041 209476 3137484 688112
1785316500151 217100 3137484 688112
1785316500263 224936 3137484 688112
1785316500375 230420 3137484 688112
1785316500487 230420 3137484 688112
1785316500599 230420 3137484 688112
1785316500712 205844 3137484 688112
1785316500825 205844 3137484 688112
1785316500937 182264 3137484 688112
1785316501050 135460 3137484 688112
1785316501161 148044 3137484 688112
1785316501274 151296 3137484 688112
1785316501386 168908 3137484 688112
1785316501496 212884 3137484 688112
1785316501607 237488 3137484 688112
1785316501721 237488 3137484 688112
1785316501834 237488 3137484 688112
1785316501947 133912 3137484 688112
1785316502058 147544 3137484 688112
1785316502170 150040 3137484 688112
1785316502280 150040 3137484 688112
1785316502392 150040 3137484 688112
1785316502505 149268 3137484 688112
1785316502616 167068 3137484 688112
1785316502728 175492 3137484 688112
1785316502839 189936 3137484 688112
1785316502950 204380 3137484 688112
1785316503062 218944 3137484 688112
1785316503173 225436 3137484 688112
1785316503285 225436 3137484 688112
1785316503397 179352 3137484 688112
1785316503509 179352 3137484 688112
1785316503619 199420 3137484 688112
1785316503730 243512 3137484 688112
1785316503843 287852 3137484 688112
1785316503955 331184 3137484 688112
1785316504069 376040 3137484 688112
1785316504182 420844 3137484 688112
1785316504297 465668 3137484 688112
1785316504413 478112 3137484 688112
1785316504528 478112 3137484 688112
1785316504643 478112 3137484 688112
1785316504758 478112 3137484 688112
1785316504873 478112 3137484 688112
1785316504989 478112 3137484 688112
1785316505104 478112 3137484 688112
1785316505218 322944 3137484 688112
1785316505328 135024 3137484 688112
1785316505439 136888 3137484 688112
1785316505551 136756 3137484 688112
1785316505662 137412 3137484 688112
1785316505773 137412 3137484 688112
1785316505884 137412 3137484 688112
1785316505995 137412 3137484 688112
1785316506106 137572 3137484 688112
1785316506218 137700 3137484 688112
1785316506330 137700 3137484 688112
1785316506442 137828 3137484 688112
1785316506553 138100 3137484 688112
1785316506664 138100 3137484 688112
1785316506775 138100 3137484 688112
1785316506886 138264 3137484 688112
1785316506997 138264 3137484 688112
1785316507109 138392 3137484 688112
1785316507220 138388 3137484 688112
1785316507331 138732 3137484 688112
1785316507442 138732 3137484 688112
1785316507553 138732 3137484 688112
1785316507664 138660 3137484 688112
1785316507775 138892 3137484 688112
1785316507886 139020 3137484 688112
1785316507998 139020 3137484 688112
1785316508109 139352 3137484 688112
1785316508221 139352 3137484 688112
1785316508332 139352 3137484 688112
1785316508443 139280 3137484 688112
1785316508554 139516 3137484 688112
1785316508666 139644 3137484 688112
1785316508779 139512 3137484 688112
1785316508891 139988 3137484 688112
1785316509002 139988 3137484 688112
1785316509113 139988 3137484 688112
1785316509226 139916 3137484 688112
1785316509337 140148 3137484 688112
1785316509449 140276 3137484 688112
1785316509561 140276 3137484 688112
1785316509673 140584 3137484 688112
1785316509785 140584 3137484 688112
1785316509896 140584 3137484 688112
1785316510007 140584 3137484 688112
1785316510118 140744 3137484 688112
1785316510230 140872 3137484 688112
1785316510341 140872 3137484 688112
1785316510453 140872 3137484 688112
1785316510564 141200 3137484 688112
1785316510675 141200 3137484 688112
1785316510786 141200 3137484 688112
1785316510897 141128 3137484 688112
1785316511008 141360 3137484 688112
1785316511119 141488 3137484 688112
1785316511230 141488 3137484 688112
1785316511341 141824 3137484 688112
1785316511453 141824 3137484 688112
1785316511564 141824 3137484 688112
1785316511675 141752 3137484 688112
1785316511787 141988 3137484 688112
1785316511898 142116 3137484 688112
1785316512009 141984 3137484 688112
1785316512123 142420 3137484 688112
1785316512408 142420 3137484 688112
1785316512520 142584 3137484 688112
1785316512633 142584 3137484 688112
1785316512745 142712 3137484 688112
1785316512856 142580 3137484 688112
1785316512967 143028 3137484 688112
1785316513079 143028 3137484 688112
1785316513190 143028 3137484 688112
1785316513301 142956 3137484 688112
1785316513413 143192 3137484 688112
1785316513524 143320 3137484 688112
1785316513636 143188 3137484 688112
1785316513747 143648 3137484 688112
1785316513859 143648 3137484 688112
1785316513971 143648 3137484 688112
1785316514082 143576 3137484 688112
1785316514195 141492 3137484 688112
1785316514306 141620 3137484 688112
1785316514418 141620 3137484 688112
1785316514529 141928 3137484 688112
1785316514642 141928 3137484 688112
1785316514753 141928 3137484 688112
1785316514865 141928 3137484 688112
1785316514977 143260 3137484 688112
1785316515088 148848 3137484 688112
1785316515200 156572 3137484 688112
1785316515312 159756 3137484 688112
1785316515423 203944 3137484 688112
1785316515535 242828 3137484 688112
1785316515648 242828 3137484 688112
1785316515761 242828 3137484 688112
1785316515873 141780 3137484 688112
1785316515985 149364 3137484 688112
1785316516096 157612 3137484 688112
1785316516208 157612 3137484 688112
1785316516319 157612 3137484 688112
1785316516431 157612 3137484 688112
1785316516542 199456 3137484 688112
1785316516654 207188 3137484 688112
1785316516765 209940 3137484 688112
1785316516876 224364 3137484 688112
1785316516987 238772 3137484 688112
1785316517099 253172 3137484 688112
1785316517211 267688 3137484 688112
1785316517323 274348 3137484 688112
1785316517438 274348 3137484 688112
1785316517550 274348 3137484 688112
1785316517662 212904 3137484 688112
1785316517773 212904 3137484 688112
1785316517887 215872 3137484 688112
1785316517999 260200 3137484 688112
1785316518112 304868 3137484 688112
1785316518225 347940 3137484 688112
1785316518338 392444 3137484 688112
1785316518452 436272 3137484 688112
1785316518567 480960 3137484 688112
1785316518681 524864 3137484 688112
1785316518797 569344 3137484 688112
1785316518913 607072 3137484 688112
1785316519098 607072 3137484 688112
1785316519214 607072 3137484 688112
1785316519332 607072 3137484 688112
1785316519451 607072 3137484 688112
1785316519569 607072 3137484 688112
1785316519685 607072 3137484 688112
1785316519802 607072 3137484 688112
1785316519918 607072 3137484 688112
1785316520035 607072 3137484 688112
1785316520150 148688 3137484 688112
1785316520263 170312 3137484 688112
1785316520374 243776 3137484 688112
1785316520484 282076 3137484 688112
1785316520594 320216 3137484 688112
1785316520707 357532 3137484 688112
1785316520820 395472 3137484 688112
1785316520933 433576 3137484 688112
1785316521047 471788 3137484 688112
1785316521161 509664 3137484 688112
1785316521278 533064 3137484 688112
1785316521394 533064 3137484 688112
1785316521509 533064 3137484 688112
1785316521625 533064 3137484 688112
1785316521741 533064 3137484 688112
1785316521855 533064 3137484 688112
1785316521972 533064 3137484 688112
1785316522087 533064 3137484 688112
1785316522203 533064 3137484 688112
1785316522317 179540 3137484 688112
1785316522429 222052 3137484 688112
1785316522541 259776 3137484 688112
1785316522653 298084 3137484 688112
1785316522765 335532 3137484 688112
1785316522877 373304 3137484 688112
1785316522990 411772 3137484 688112
1785316523100 450008 3137484 688112
1785316523215 488364 3137484 688112
1785316523330 526440 3137484 688112
1785316523440 539208 3137484 688112
1785316523558 539208 3137484 688112
1785316523673 539208 3137484 688112
1785316523791 539208 3137484 688112
1785316523907 539208 3137484 688112
1785316524024 539208 3137484 688112
1785316524139 539208 3137484 688112
1785316524257 539208 3137484 688112
1785316524373 539208 3137484 688112
1785316524488 185684 3137484 688112
1785316524599 210260 3137484 688112
1785316524710 212288 3137484 688112
1785316524821 220232 3137484 688112
1785316524931 228152 3137484 688112
1785316525043 236072 3137484 688112
1785316525153 239036 3137484 688112
1785316525267 239036 3137484 688112
1785316525381 177592 3137484 688112
1785316525492 214460 3137484 688112
1785316525605 214460 3137484 688112
1785316525717 192012 3137484 688112
1785316525828 146744 3137484 688112
1785316525939 159908 3137484 688112
1785316526050 159908 3137484 688112
1785316526161 194680 3137484 688112
1785316526273 240320 3137484 688112
1785316526382 246104 3137484 688112
1785316526497 246104 3137484 688112
1785316526609 140352 3137484 688112
1785316526720 148980 3137484 688112
1785316526832 158652 3137484 688112
1785316526943 158652 3137484 688112
1785316527054 158652 3137484 688112
1785316527166 158652 3137484 688112
1785316527277 182540 3137484 688112
1785316527389 178728 3137484 688112
1785316527500 193484 3137484 688112
1785316527611 208184 3137484 688112
1785316527722 222624 3137484 688112
1785316527833 234048 3137484 688112
1785316527945 234048 3137484 688112
1785316528057 234048 3137484 688112
1785316528169 187964 3137484 688112
1785316528280 196996 3137484 688112
1785316528391 241516 3137484 688112
1785316528501 286416 3137484 688112
1785316528613 330700 3137484 688112
1785316528726 375424 3137484 688112
1785316528839 420516 3137484 688112
1785316528953 465428 3137484 688112
1785316529068 486728 3137484 688112
1785316529184 486728 3137484 688112
1785316529301 486728 3137484 688112
1785316529416 486728 3137484 688112
1785316529535 486728 3137484 688112
1785316529652 486728 3137484 688112
1785316529767 486728 3137484 688112
1785316529882 486728 3137484 688112
1785316529997 143636 3137484 688112
1785316530108 145500 3137484 688112
1785316530220 145500 3137484 688112
1785316530331 145628 3137484 688112
1785316530441 146028 3137484 688112
1785316530552 146028 3137484 688112
1785316530662 146028 3137484 688112
1785316530774 146192 3137484 688112
1785316530885 146192 3137484 688112
1785316530995 146320 3137484 688112
1785316531107 146188 3137484 688112
1785316531218 146688 3137484 688112
1785316531329 146688 3137484 688112
1785316531440 146688 3137484 688112
1785316531551 146616 3137484 688112
1785316531663 146848 3137484 688112
1785316531774 146976 3137484 688112
1785316531885 146976 3137484 688112
1785316531996 147368 3137484 688112
1785316532108 147368 3137484 688112
1785316532219 147368 3137484 688112
1785316532330 147296 3137484 688112
1785316532441 147532 3137484 688112
1785316532552 147660 3137484 688112
1785316532664 147528 3137484 688112
1785316532775 147980 3137484 688112
1785316532886 147980 3137484 688112
1785316532997 147980 3137484 688112
1785316533108 147908 3137484 688112
1785316533221 148140 3137484 688112
1785316533334 148268 3137484 688112
1785316533447 148268 3137484 688112
1785316533560 148604 3137484 688112
1785316533674 148604 3137484 688112
1785316533787 148604 3137484 688112
1785316533900 148604 3137484 688112
1785316534012 148532 3137484 688112
1785316534126 148764 3137484 688112
1785316534238 148888 3137484 688112
1785316534351 148888 3137484 688112
1785316534464 149200 3137484 688112
1785316534577 149200 3137484 688112
1785316534690 149200 3137484 688112
1785316534803 149260 3137484 688112
1785316534916 149492 3137484 688112
1785316535030 149620 3137484 688112
1785316535144 149620 3137484 688112
1785316535257 149748 3137484 688112
1785316535370 149832 3137484 688112
1785316535483 149832 3137484 688112
1785316535596 149832 3137484 688112
1785316535709 149760 3137484 688112
1785316535823 149996 3137484 688112
1785316535937 150124 3137484 688112
1785316536050 149992 3137484 688112
1785316536163 150424 3137484 688112
1785316536278 150424 3137484 688112
1785316536391 150424 3137484 688112
1785316536504 150424 3137484 688112
1785316536617 150584 3137484 688112
1785316536731 150712 3137484 688112
1785316536843 150712 3137484 688112
1785316536955 150840 3137484 688112
1785316537068 151024 3137484 688112
1785316537181 151024 3137484 688112
1785316537294 151024 3137484 688112
1785316537407 150952 3137484 688112
1785316537520 151188 3137484 688112
1785316537634 151316 3137484 688112
1785316537747 151184 3137484 688112
1785316537860 151624 3137484 688112
1785316537972 151624 3137484 688112
1785316538084 151624 3137484 688112
1785316538197 151552 3137484 688112
1785316538309 151784 3137484 688112
1785316538422 151912 3137484 688112
1785316538535 151912 3137484 688112
1785316538647 152040 3137484 688112
1785316538760 152236 3137484 688112
1785316538873 152236 3137484 688112
1785316538985 152236 3137484 688112
1785316539098 152164 3137484 688112
1785316539210 150084 3137484 688112
1785316539322 150212 3137484 688112
1785316539435 150080 3137484 688112
1785316539548 150536 3137484 688112
1785316539661 150536 3137484 688112
1785316539773 150536 3137484 688112
1785316539885 150464 3137484 688112
1785316539998 151868 3137484 688112
1785316540110 158232 3137484 688112
1785316540222 165184 3137484 688112
1785316540334 167092 3137484 688112
1785316540445 211164 3137484 688112
1785316540558 251420 3137484 688112
1785316540672 251420 3137484 688112
1785316540787 251420 3137484 688112
1785316540900 150400 3137484 688112
1785316541013 157844 3137484 688112
1785316541125 166224 3137484 688112
1785316541238 166224 3137484 688112
1785316541351 166224 3137484 688112
1785316541464 166224 3137484 688112
1785316541575 208076 3137484 688112
1785316541688 215808 3137484 688112
1785316541800 215808 3137484 688112
1785316541911 229908 3137484 688112
1785316542023 244276 3137484 688112
1785316542133 258520 3137484 688112
1785316542247 272948 3137484 688112
1785316542361 282960 3137484 688112
1785316542474 282960 3137484 688112
1785316542586 282960 3137484 688112
1785316542699 282960 3137484 688112
1785316542812 221516 3137484 688112
1785316542924 206124 3137484 688112
1785316543037 250300 3137484 688112
1785316543149 294640 3137484 688112
1785316543262 338588 3137484 688112
1785316543375 382340 3137484 688112
1785316543485 426852 3137484 688112
1785316543601 471280 3137484 688112
1785316543718 515848 3137484 688112
1785316543835 560024 3137484 688112
1785316543953 604108 3137484 688112
1785316544071 615660 3137484 688112
1785316544279 615660 3137484 688112
1785316544396 615660 3137484 688112
1785316544512 615660 3137484 688112
1785316544628 615660 3137484 688112
1785316544745 615660 3137484 688112
1785316544861 615660 3137484 688112
1785316544977 615660 3137484 688112
1785316545094 615660 3137484 688112
1785316545210 458448 3137484 688112
1785316545321 178820 3137484 688112
1785316545433 240264 3137484 688112
1785316545546 274444 3137484 688112
1785316545657 312164 3137484 688112
1785316545770 349500 3137484 688112
1785316545885 387556 3137484 688112
1785316545996 425944 3137484 688112
1785316546111 464184 3137484 688112
1785316546226 502408 3137484 688112
1785316546343 541488 3137484 688112
1785316546460 541640 3137484 688112
1785316546577 541640 3137484 688112
1785316546692 541640 3137484 688112
1785316546807 541640 3137484 688112
1785316546922 541640 3137484 688112
1785316547037 541640 3137484 688112
1785316547152 541640 3137484 688112
1785316547267 541640 3137484 688112
1785316547382 400736 3137484 688112
1785316547493 188160 3137484 688112
1785316547605 243236 3137484 688112
1785316547716 281436 3137484 688112
1785316547830 319200 3137484 688112
1785316547940 356388 3137484 688112
1785316548054 394736 3137484 688112
1785316548168 432968 3137484 688112
1785316548283 471252 3137484 688112
1785316548393 509764 3137484 688112
1785316548508 547784 3137484 688112
1785316548626 547784 3137484 688112
1785316548745 547784 3137484 688112
1785316548862 547784 3137484 688112
1785316548978 547784 3137484 688112
1785316549096 547784 3137484 688112
1785316549212 547784 3137484 688112
1785316549328 547784 3137484 688112
1785316549443 547784 3137484 688112
1785316549558 431408 3137484 688112
1785316549670 160936 3137484 688112
1785316549782 218880 3137484 688112
1785316549895 222572 3137484 688112
1785316550006 230312 3137484 688112
1785316550116 238036 3137484 688112
1785316550228 245804 3137484 688112
1785316550341 247656 3137484 688112
1785316550454 247656 3137484 688112
1785316550565 186212 3137484 688112
1785316550678 223080 3137484 688112
1785316550790 223080 3137484 688112
1785316550902 200632 3137484 688112
1785316551014 154220 3137484 688112
1785316551127 168520 3137484 688112
1785316551241 168520 3137484 688112
1785316551354 193784 3137484 688112
1785316551467 238024 3137484 688112
1785316551578 254692 3137484 688112
1785316551693 254692 3137484 688112
1785316551806 221020 3137484 688112
1785316551917 152152 3137484 688112
1785316552029 166868 3137484 688112
1785316552142 167264 3137484 688112
1785316552254 167264 3137484 688112
1785316552368 167264 3137484 688112
1785316552480 167900 3137484 688112
1785316552594 184304 3137484 688112
1785316552707 192716 3137484 688112
1785316552818 207052 3137484 688112
1785316552930 221428 3137484 688112
1785316553042 235720 3137484 688112
1785316553154 242660 3137484 688112
1785316553269 242660 3137484 688112
1785316553380 242660 3137484 688112
1785316553492 196576 3137484 688112
1785316553607 206364 3137484 688112
1785316553717 250868 3137484 688112
1785316553831 295260 3137484 688112
1785316553944 338912 3137484 688112
1785316554058 383288 3137484 688112
1785316554168 428544 3137484 688112
1785316554283 474352 3137484 688112
1785316554399 495320 3137484 688112
1785316554515 495320 3137484 688112
1785316554632 495320 3137484 688112
1785316554751 495320 3137484 688112
1785316554869 495320 3137484 688112
1785316554988 495320 3137484 688112
1785316555105 495320 3137484 688112
1785316555223 495320 3137484 688112
1785316555342 152260 3137484 688112
1785316555455 154096 3137484 688112
1785316555569 154096 3137484 688112
1785316555683 154092 3137484 688112
1785316555796 154620 3137484 688112
1785316555909 154620 3137484 688112
1785316556021 154620 3137484 688112
1785316556135 154548 3137484 688112
1785316556248 154780 3137484 688112
1785316556361 154908 3137484 688112
1785316556474 154908 3137484 688112
1785316556587 155328 3137484 688112
1785316556698 155328 3137484 688112
1785316556811 155328 3137484 688112
1785316556923 155328 3137484 688112
1785316557035 155488 3137484 688112
1785316557148 155488 3137484 688112
1785316557261 155616 3137484 688112
1785316557373 155744 3137484 688112
1785316557486 155948 3137484 688112
1785316557599 155948 3137484 688112
1785316557712 155948 3137484 688112
1785316557825 155876 3137484 688112
1785316557938 156108 3137484 688112
1785316558051 156236 3137484 688112
1785316558164 156236 3137484 688112
1785316558278 156592 3137484 688112
1785316558390 156592 3137484 688112
1785316558503 156592 3137484 688112
1785316558616 156592 3137484 688112
1785316558727 156752 3137484 688112
1785316558840 156752 3137484 688112
1785316558952 156880 3137484 688112
1785316559064 157008 3137484 688112
1785316559176 157212 3137484 688112
1785316559288 157212 3137484 688112
1785316559400 157212 3137484 688112
1785316559512 157140 3137484 688112
1785316559624 157376 3137484 688112
1785316559735 157504 3137484 688112
1785316559847 157372 3137484 688112
1785316559959 157820 3137484 688112
1785316560070 157820 3137484 688112
1785316560181 157820 3137484 688112
1785316560293 157820 3137484 688112
1785316560406 157980 3137484 688112
1785316560519 157980 3137484 688112
1785316560630 158108 3137484 688112
1785316560743 158108 3137484 688112
1785316560855 158448 3137484 688112
1785316560969 158448 3137484 688112
1785316561081 158448 3137484 688112
1785316561193 158376 3137484 688112
1785316561305 158612 3137484 688112
1785316561417 158740 3137484 688112
1785316561530 158608 3137484 688112
1785316561642 159044 3137484 688112
1785316561755 159044 3137484 688112
1785316561867 159044 3137484 688112
1785316561980 159044 3137484 688112
1785316562092 159204 3137484 688112
1785316562205 159204 3137484 688112
1785316562317 159332 3137484 688112
1785316562429 159332 3137484 688112
1785316562543 159644 3137484 688112
1785316562656 159644 3137484 688112
1785316562768 159644 3137484 688112
1785316562881 159572 3137484 688112
1785316562995 159808 3137484 688112
1785316563108 159936 3137484 688112
1785316563221 159804 3137484 688112
1785316563334 160276 3137484 688112
1785316563445 160276 3137484 688112
1785316563557 160276 3137484 688112
1785316563669 160276 3137484 688112
1785316563782 160436 3137484 688112
1785316563895 160436 3137484 688112
1785316564006 160564 3137484 688112
1785316564118 160564 3137484 688112
1785316564230 160880 3137484 688112
1785316564342 160880 3137484 688112
1785316564455 160880 3137484 688112
1785316564568 160808 3137484 688112
1785316564680 158724 3137484 688112
1785316564793 158852 3137484 688112
1785316564905 158852 3137484 688112
1785316565017 159164 3137484 688112
1785316565129 159164 3137484 688112
1785316565241 159164 3137484 688112
1785316565353 159164 3137484 688112
1785316565466 160496 3137484 688112
1785316565578 161992 3137484 688112
1785316565689 173816 3137484 688112
1785316565801 173816 3137484 688112
1785316565913 204284 3137484 688112
1785316566025 248808 3137484 688112
1785316566138 260080 3137484 688112
1785316566251 260080 3137484 688112
1785316566364 197852 3137484 688112
1785316566475 159828 3137484 688112
1785316566587 174148 3137484 688112
1785316566700 174856 3137484 688112
1785316566813 174856 3137484 688112
1785316566925 174856 3137484 688112
1785316567037 174084 3137484 688112
1785316567148 216700 3137484 688112
1785316567261 224432 3137484 688112
1785316567373 231236 3137484 688112
1785316567483 245444 3137484 688112
1785316567593 259732 3137484 688112
1785316567706 274068 3137484 688112
1785316567819 288492 3137484 688112
1785316567933 291592 3137484 688112
1785316568047 291592 3137484 688112
1785316568160 291592 3137484 688112
1785316568272 230148 3137484 688112
1785316568384 230148 3137484 688112
1785316568496 235952 3137484 688112
1785316568608 280040 3137484 688112
1785316568721 323516 3137484 688112
1785316568835 366996 3137484 688112
1785316568950 411208 3137484 688112
1785316569064 455444 3137484 688112
1785316569179 499516 3137484 688112
1785316569295 544500 3137484 688112
1785316569412 589080 3137484 688112
1785316569530 624328 3137484 688112
1785316569717 624328 3137484 688112
1785316569834 624328 3137484 688112
1785316569951 624328 3137484 688112
1785316570068 624328 3137484 688112
1785316570185 624328 3137484 688112
1785316570300 624328 3137484 688112
1785316570416 624328 3137484 688112
1785316570532 624328 3137484 688112
1785316570648 624328 3137484 688112
1785316570763 165932 3137484 688112
1785316570875 187436 3137484 688112
1785316570988 256872 3137484 688112
1785316571100 294692 3137484 688112
1785316571211 332472 3137484 688112
1785316571323 369652 3137484 688112
1785316571437 407668 3137484 688112
1785316571552 445756 3137484 688112
1785316571667 484168 3137484 688112
1785316571783 522508 3137484 688112
1785316571899 550276 3137484 688112
1785316572015 550276 3137484 688112
1785316572131 550276 3137484 688112
1785316572249 550276 3137484 688112
1785316572365 550276 3137484 688112
1785316572480 550276 3137484 688112
1785316572595 550276 3137484 688112
1785316572710 550276 3137484 688112
1785316572825 550276 3137484 688112
1785316572940 185944 3137484 688112
1785316573052 207324 3137484 688112
1785316573165 259692 3137484 688112
1785316573276 298172 3137484 688112
1785316573389 335960 3137484 688112
1785316573503 373832 3137484 688112
1785316573617 412348 3137484 688112
1785316573732 450952 3137484 688112
1785316573842 489480 3137484 688112
1785316573959 528168 3137484 688112
1785316574077 556420 3137484 688112
1785316574195 556420 3137484 688112
1785316574312 556420 3137484 688112
1785316574427 556420 3137484 688112
1785316574542 556420 3137484 688112
1785316574657 556420 3137484 688112
1785316574772 556420 3137484 688112
1785316574887 556420 3137484 688112
1785316575002 556420 3137484 688112
1785316575116 316016 3137484 688112
1785316575229 227504 3137484 688112
1785316575341 227504 3137484 688112
1785316575453 232088 3137484 688112
1785316575564 239800 3137484 688112
1785316575674 247428 3137484 688112
1785316575787 255248 3137484 688112
1785316575899 256276 3137484 688112
1785316576012 256276 3137484 688112
1785316576124 194832 3137484 688112
1785316576236 231700 3137484 688112
1785316576350 231700 3137484 688112
1785316576462 209256 3137484 688112
1785316576575 163812 3137484 688112
1785316576688 177152 3137484 688112
1785316576801 177152 3137484 688112
1785316576915 205912 3137484 688112
1785316577029 250384 3137484 688112
1785316577142 263360 3137484 688112
1785316577256 263360 3137484 688112
1785316577369 185776 3137484 688112
1785316577480 161600 3137484 688112
1785316577593 175892 3137484 688112
1785316577706 175892 3137484 688112
1785316577819 175892 3137484 688112
1785316577933 175892 3137484 688112
1785316578045 0 0 0
# peak_kb=624328
# hwm_kb=688112
# polled_vs_hwm_pct=92promille
