# timestamp_ms VmRSS_kB VmPeak_kB VmHWM_kB
1790716551069 261972 1146332 261972
1790716551182 265268 1150064 265268
1790716551278 266952 1151400 266952
1790716551370 269596 1153712 269596
1790716551472 270064 1154736 270064
1790716551539 270552 1154736 270552
1790716551629 274824 1159552 274824
1790716551721 275168 1159552 275168
1790716551828 279580 1163652 279580
1790716551923 279812 1163652 279812
1790716551990 280108 1164676 280108
1790716552060 280404 1164676 280404
1790716552131 276988 1168748 282384
1790716552155 277392 1168748 282384
1790716552178 277840 1168748 282384
1790716552202 278324 1168748 282384
1790716552293 278912 1168748 282384
1790716552363 283564 1171608 285652
1790716552446 284376 1171608 285652
1790716552518 285032 1171608 285652
1790716552608 285616 1171608 285652
1790716552678 286316 1171608 286316
1790716552748 287164 1171948 287164
1790716552845 288004 1172972 288004
1790716552916 289044 1173996 289044
1790716552989 298156 1190384 304108
1790716553028 299416 1190384 304108
1790716553053 300044 1190384 304108
1790716553151 294808 1190384 304108
1790716553176 295488 1190384 304108
1790716553201 295488 1190384 304108
1790716553226 295488 1190384 304108
1790716553250 298444 1190384 304108
1790716553274 298444 1190384 304108
1790716553299 271044 1190384 304108
1790716553324 272276 1190384 304108
1790716553348 272316 1190384 304108
1790716553372 272412 1190384 304108
1790716553396 272428 1190384 304108
1790716553421 272428 1190384 304108
1790716553446 272428 1190384 304108
1790716553472 278648 1190384 304108
1790716553498 281248 1190384 304108
1790716553523 281496 1190384 304108
1790716553548 281824 1190384 304108
1790716553572 282556 1190384 304108
1790716553597 284676 2011536 304108
1790716553620 285656 2011536 304108
1790716553645 286716 2011536 304108
1790716553669 287756 2011536 304108
1790716553693 288752 2011536 304108
1790716553717 290384 2011536 304108
1790716553741 309120 2011536 309120
1790716553848 371164 2812852 371164
1790716553968 453388 2812852 453388
1790716554095 491592 2812852 491592
1790716554220 528248 2812852 528248
1790716554451 566108 2812852 566108
1790716554578 594308 2812852 594308
1790716554706 618440 2812852 618440
1790716554774 642072 2812852 642072
1790716554900 657004 2812852 657004
1790716555024 673420 2812852 673420
1790716555153 690288 2812852 690288
1790716555285 702184 2812852 702184
1790716555396 714232 2812852 714232
1790716555534 742276 2812852 742276
1790716555663 753088 2812852 753088
1790716555773 757888 2812852 757888
1790716555877 780292 2812852 780292
1790716556011 787736 2812852 787736
1790716556100 839204 2812852 839204
1790716556240 912376 2812852 912296
1790716556381 949984 2812852 949976
1790716556517 954840 2812852 954840
1790716556604 956408 2812852 956404
1790716556688 957232 2812852 957232
1790716556775 958140 2812852 958140
1790716556859 963048 2812852 963044
1790716556974 963432 2812852 963432
1790716557060 963868 2812852 963868
1790716557145 964248 2812852 964248
1790716557232 964640 2812852 964640
1790716557319 965160 2812852 965156
1790716557408 978556 2812852 978556
1790716557549 979516 2812852 979516
1790716557634 980020 2812852 980020
1790716557721 980416 2812852 980416
1790716557811 981372 2812852 981372
1790716557902 982688 2812852 982688
1790716557990 985160 2812852 985160
1790716558077 1001132 2812852 1001132
1790716558220 1003164 2812852 1003164
1790716558308 1004148 2812852 1004148
1790716558397 1005084 2812852 1005084
1790716558483 1005084 2812852 1005084
1790716558514 1005084 2812852 1005084
1790716558544 1005220 2812852 1005220
1790716558731 972840 2812852 996588
1790716558766 991176 2812852 996588
1790716558803 1009344 2812852 1009256
1790716558926 1029516 2812852 1029516
1790716559073 1046912 2812852 1046912
1790716559197 1077644 2812852 1077644
1790716559345 1096596 2812852 1096528
1790716559471 1117912 2812852 1117912
1790716559625 779840 2812852 1134340
1790716559653 833176 2812852 1134340
1790716559682 940432 2812852 1134340
1790716559713 1051400 2812852 1134340
1790716559745 1137144 2812852 1137144
1790716559858 1142832 2812852 1142832
1790716559952 1151436 2812852 1151436
1790716560061 1175616 2812852 1175616
1790716560201 1195812 2812852 1195812
1790716560311 1210024 2812852 1210024
1790716560486 1251504 2812852 1251504
1790716560631 1264720 2812852 1264720
1790716560749 1264720 2812852 1264720
1790716560834 1178104 2812852 1256312
1790716560865 1178652 2812852 1256312
1790716560896 1178692 2812852 1256312
1790716560927 1178772 2812852 1256312
1790716560958 1180244 2812852 1256312
1790716560989 1180436 2812852 1256312
1790716561019 1180440 2812852 1256312
1790716561049 1180440 2812852 1256312
1790716561079 1180440 2812852 1256312
1790716561108 1180448 2812852 1256312
1790716561137 1180448 2812852 1256312
1790716561167 1180448 2812852 1256312
1790716561196 1180448 2812852 1256312
1790716561226 1180448 2812852 1256312
1790716561255 1180448 2812852 1256312
1790716561285 1180448 2812852 1256312
1790716561315 1180448 2812852 1256312
1790716561344 1180448 2812852 1256312
1790716561374 1180448 2812852 1256312
1790716561404 1180448 2812852 1256312
1790716561435 1180448 2812852 1256312
1790716561465 1180448 2812852 1256312
1790716561494 1180448 2812852 1256312
1790716561523 1180448 2812852 1256312
1790716561552 1180448 2812852 1256312
1790716561581 1180448 2812852 1256312
1790716561610 1180448 2812852 1256312
1790716561641 1180448 2812852 1256312
1790716561671 1180448 2812852 1256312
1790716561701 1180448 2812852 1256312
1790716561730 1180448 2812852 1256312
1790716561761 1180448 2812852 1256312
1790716561791 1180448 2812852 1256312
1790716561823 1180448 2812852 1256312
1790716561854 1180448 2812852 1256312
1790716561886 1180448 2812852 1256312
1790716561918 1180448 2812852 1256312
1790716561950 1180448 2812852 1256312
1790716561982 1180448 2812852 1256312
1790716562014 1180448 2812852 1256312
1790716562046 1180448 2812852 1256312
1790716562078 1180448 2812852 1256312
1790716562109 1180448 2812852 1256312
1790716562141 1180448 2812852 1256312
1790716562174 1180448 2812852 1256312
1790716562206 1180448 2812852 1256312
1790716562238 1180448 2812852 1256312
1790716562270 1180448 2812852 1256312
1790716562303 1180448 2812852 1256312
1790716562335 1180448 2812852 1256312
1790716562368 1180448 2812852 1256312
1790716562401 1180448 2812852 1256312
1790716562434 1180448 2812852 1256312
1790716562467 1180448 2812852 1256312
1790716562500 1180448 2812852 1256312
1790716562534 1180448 2812852 1256312
1790716562567 1180448 2812852 1256312
1790716562600 1180448 2812852 1256312
1790716562633 1180448 2812852 1256312
1790716562665 1180448 2812852 1256312
1790716562695 1189688 2812852 1256312
1790716562729 1258248 2812852 1258248
1790716562846 1189688 2812852 1268708
1790716562879 1189688 2812852 1268708
1790716562912 1189688 2812852 1268708
1790716562946 1189688 2812852 1268708
1790716562979 1189688 2812852 1268708
1790716563009 1189688 2812852 1268708
1790716563042 1189688 2812852 1268708
1790716563074 1189688 2812852 1268708
1790716563107 1189688 2812852 1268708
1790716563139 1189688 2812852 1268708
1790716563172 1189688 2812852 1268708
1790716563205 1189688 2812852 1268708
1790716563238 1189688 2812852 1268708
1790716563270 1189688 2812852 1268708
1790716563304 1189688 2812852 1268708
1790716563337 1189688 2812852 1268708
1790716563371 1189688 2812852 1268708
1790716563404 1189688 2812852 1268708
1790716563436 1189688 2812852 1268708
1790716563467 1189688 2812852 1268708
1790716563497 1189688 2812852 1268708
1790716563527 1189688 2812852 1268708
1790716563557 1189688 2812852 1268708
1790716563590 1189688 2812852 1268708
1790716563621 1189688 2812852 1268708
1790716563654 1189688 2812852 1268708
1790716563685 1189688 2812852 1268708
1790716563714 1189688 2812852 1268708
1790716563743 1189688 2812852 1268708
1790716563771 1189688 2812852 1268708
1790716563800 1218364 2812852 1268708
1790716563829 1264372 2812852 1268708
1790716563859 1306672 3035976 1306672
1790716564009 1646640 3035976 1646640
1790716564157 1712176 3035976 1712176
1790716564307 1807844 3459324 1807844
1790716564449 1994212 3459324 1994212
1790716564589 1603924 3459324 2127600
1790716564619 1603924 3459324 2127600
1790716564650 1603924 3459324 2127600
1790716564679 1603924 3459324 2127600
1790716564707 1603940 3459324 2127600
1790716564737 1603940 3459324 2127600
1790716564767 1604064 3459324 2127600
1790716564795 1604288 3459324 2127600
1790716564824 1604288 3459324 2127600
1790716564853 1604288 3459324 2127600
1790716564881 1604288 3459324 2127600
1790716564910 1604408 3459324 2127600
1790716564939 1604652 3459324 2127600
1790716564971 1604944 3459324 2127600
1790716565001 1605188 3459324 2127600
1790716565030 1605496 3459324 2127600
1790716565060 1605852 3459324 2127600
1790716565088 1606156 3459324 2127600
1790716565117 1606380 3459324 2127600
1790716565147 1606676 3459324 2127600
1790716565177 1606968 3459324 2127600
1790716565206 1607300 3459324 2127600
1790716565235 1607580 3459324 2127600
1790716565264 1607872 3459324 2127600
1790716565293 1608316 3459324 2127600
1790716565326 1609228 3459324 2127600
1790716565358 1610168 3459324 2127600
1790716565390 1610736 3459324 2127600
1790716565422 1611380 3459324 2127600
1790716565456 1612524 3459324 2127600
1790716565488 1613580 3459324 2127600
1790716565519 1614352 3459324 2127600
1790716565552 1615116 3459324 2127600
1790716565583 1615548 3459324 2127600
1790716565614 1616236 3459324 2127600
1790716565647 1616236 3459324 2127600
1790716565679 1616236 3459324 2127600
1790716565711 1616292 3459324 2127600
1790716565822 1605300 3459324 2127600
1790716565854 1605300 3459324 2127600
1790716565883 1618120 3459324 2127600
1790716565912 1666252 3459324 2127600
1790716565945 1634920 3459324 2127600
1790716565976 1725032 3459324 2127600
1790716566007 1815144 3459324 2127600
1790716566041 1911400 3459324 2127600
1790716566074 2005608 3459324 2127600
1790716566106 2090448 3789140 2127600
1790716566244 2282960 3789140 2282960
1790716566383 2465820 3789140 2465820
1790716566517 2465820 3789140 2465820
1790716566632 2535968 3860640 2535948
1790716566766 1181956 3883696 2552120
1790716566802 1181956 3883696 2552120
1790716566828 1260168 3883696 2552120
1790716566861 1277064 3883696 2552120
1790716566892 1287380 3883696 2552120
1790716566922 1296264 3883696 2552120
1790716566953 1305100 3883696 2552120
1790716566983 1313932 3883696 2552120
1790716567015 1325836 3883696 2552120
1790716567048 1334672 3883696 2552120
1790716567080 1345424 3883696 2552120
1790716567112 1354256 3883696 2552120
1790716567148 1366548 3883696 2552120
1790716567184 1374612 3883696 2552120
1790716567218 1374612 3883696 2552120
1790716567253 1374612 3883696 2552120
1790716567287 1374612 3883696 2552120
1790716567320 1374612 3883696 2552120
1790716567353 1374612 3883696 2552120
1790716567386 1374620 3883696 2552120
1790716567419 1374620 3883696 2552120
1790716567450 1374620 3883696 2552120
1790716567481 1374620 3883696 2552120
1790716567511 1374988 3883696 2552120
1790716567543 1374992 3883696 2552120
1790716567576 1374992 3883696 2552120
1790716567608 1374992 3883696 2552120
1790716567642 1374992 3883696 2552120
1790716567672 1374992 3883696 2552120
1790716567703 1374992 3883696 2552120
1790716567733 1374992 3883696 2552120
1790716567764 1374992 3883696 2552120
1790716567797 1374992 3883696 2552120
1790716567829 1374992 3883696 2552120
1790716567861 1374992 3883696 2552120
1790716567893 1374992 3883696 2552120
1790716567926 1374992 3883696 2552120
1790716567958 1374992 3883696 2552120
1790716567990 1374992 3883696 2552120
1790716568023 1374992 3883696 2552120
1790716568055 1374992 3883696 2552120
1790716568087 1374992 3883696 2552120
1790716568120 1374992 3883696 2552120
1790716568153 1374992 3883696 2552120
1790716568187 1374992 3883696 2552120
1790716568219 1374992 3883696 2552120
1790716568252 1374992 3883696 2552120
1790716568284 1374992 3883696 2552120
1790716568317 1374992 3883696 2552120
1790716568350 1374992 3883696 2552120
1790716568384 1374992 3883696 2552120
1790716568417 1374992 3883696 2552120
1790716568452 1374992 3883696 2552120
1790716568486 1374992 3883696 2552120
1790716568519 1374992 3883696 2552120
1790716568554 1374992 3883696 2552120
1790716568588 1374992 3883696 2552120
1790716568624 1374992 3883696 2552120
1790716568659 1374992 3883696 2552120
1790716568694 1374992 3883696 2552120
1790716568729 1374992 3883696 2552120
1790716568764 1374992 3883696 2552120
1790716568800 1374992 3883696 2552120
1790716568835 1374992 3883696 2552120
1790716568870 1374992 3883696 2552120
1790716568903 1374992 3883696 2552120
1790716568938 1374992 3883696 2552120
1790716568973 1374992 3883696 2552120
1790716569007 1374992 3883696 2552120
1790716569042 1374992 3883696 2552120
1790716569074 1374992 3883696 2552120
1790716569107 1374992 3883696 2552120
1790716569138 1374992 3883696 2552120
1790716569170 1374992 3883696 2552120
1790716569202 1374992 3883696 2552120
1790716569233 1374992 3883696 2552120
1790716569266 1374992 3883696 2552120
1790716569298 1374992 3883696 2552120
1790716569329 1374992 3883696 2552120
1790716569361 1374992 3883696 2552120
1790716569393 1374992 3883696 2552120
1790716569424 1374992 3883696 2552120
1790716569456 1374992 3883696 2552120
1790716569488 1374992 3883696 2552120
1790716569520 1374992 3883696 2552120
1790716569552 1374992 3883696 2552120
1790716569584 1374992 3883696 2552120
1790716569616 1374992 3883696 2552120
1790716569647 1374992 3883696 2552120
1790716569679 1374992 3883696 2552120
1790716569711 1374992 3883696 2552120
1790716569742 1374992 3883696 2552120
1790716569774 1374992 3883696 2552120
1790716569806 1374992 3883696 2552120
1790716569838 1374992 3883696 2552120
1790716569870 1374992 3883696 2552120
1790716569900 1374992 3883696 2552120
1790716569934 1374992 3883696 2552120
1790716569967 1374992 3883696 2552120
1790716570001 1374992 3883696 2552120
1790716570032 1374992 3883696 2552120
1790716570063 1374992 3883696 2552120
1790716570095 1405500 3883696 2552120
1790716570128 1462008 3883696 2552120
1790716570162 1625848 3883696 2552120
1790716570196 1791736 3883696 2552120
1790716570229 1849080 3883696 2552120
1790716570262 1849080 3883696 2552120
1790716570296 1852600 3883696 2552120
1790716570332 1959096 3883696 2552120
1790716570367 2063544 3883696 2552120
1790716570402 2165944 3883696 2552120
1790716570438 2270392 3883696 2552120
1790716570472 1798480 3883696 2552120
1790716570505 1798480 3883696 2552120
1790716570537 1807568 3883696 2552120
1790716570571 1897104 3883696 2552120
1790716570603 1991312 3883696 2552120
1790716570635 2085520 3883696 2552120
1790716570668 2181776 3883696 2552120
1790716570700 2272784 3977352 2552120
1790716570732 2369040 3977352 2552120
1790716570764 2463248 3977352 2552120
1790716570885 2596368 3977352 2596368
1790716571034 2654288 3977352 2654288
1790716571141 2695800 4018864 2695800
1790716571266 2646840 4018864 2688888
1790716571299 2646840 4018864 2688888
1790716571332 2646840 4018864 2688888
1790716571364 2646840 4018864 2688888
1790716571396 2646840 4018864 2688888
1790716571427 2646840 4018864 2688888
1790716571457 2646840 4018864 2688888
1790716571488 2646840 4018864 2688888
1790716571520 2646840 4018864 2688888
1790716571552 2646840 4018864 2688888
1790716571585 2646952 4018864 2688888
1790716571616 2647240 4018864 2688888
1790716571646 2647500 4018864 2688888
1790716571676 2647836 4018864 2688888
1790716571706 2648204 4018864 2688888
1790716571736 2648520 4018864 2688888
1790716571766 2648776 4018864 2688888
1790716571799 2649104 4018864 2688888
1790716571833 2649444 4018864 2688888
1790716571867 2649816 4018864 2688888
1790716571901 2650140 4018864 2688888
1790716571934 2650864 4018864 2688888
1790716571968 2651736 4018864 2688888
1790716571994 2652496 4018864 2688888
1790716572027 2653232 4018864 2688888
1790716572062 2653972 4018864 2688888
1790716572098 2655116 4018864 2688888
1790716572132 2656128 4018864 2688888
1790716572166 2656964 4018864 2688888
1790716572201 2657624 4018864 2688888
1790716572236 2658436 4018864 2688888
1790716572269 2658656 4018864 2688888
1790716572301 2658656 4018864 2688888
1790716572335 2658736 4018864 2688888
1790716572369 2658740 4018864 2688888
1790716572404 1804220 4018864 2688888
1790716572440 1908836 4018864 2688888
1790716572474 2009188 4018864 2688888
1790716572509 2113636 4018864 2688888
1790716572542 2211940 4018864 2688888
1790716572575 2224228 4018864 2688888
1790716572606 2224228 4018864 2688888
1790716572637 1809592 4018864 2688888
1790716572668 1892340 4018864 2688888
1790716572703 1939712 4018864 2688888
1790716572737 1980892 4018864 2688888
1790716572772 2031596 4018864 2688888
1790716572808 2078976 4018864 2688888
1790716572842 2120792 4018864 2688888
1790716572875 2166892 4018864 2688888
1790716572907 2214148 4018864 2688888
1790716572943 2224148 4018864 2688888
1790716572978 1714044 4018864 2688888
1790716573017 1722356 4018864 2688888
1790716573050 1736692 4018864 2688888
1790716573083 1753076 4018864 2688888
1790716573116 1767412 4018864 2688888
1790716573149 1781748 4018864 2688888
1790716573182 1798132 4018864 2688888
1790716573216 1812468 4018864 2688888
1790716573249 1826804 4018864 2688888
1790716573282 1841140 4018864 2688888
1790716573316 1857524 4018864 2688888
1790716573352 1873908 4018864 2688888
1790716573388 1888660 4018864 2688888
1790716573425 1906476 4018864 2688888
1790716573461 1922860 4018864 2688888
1790716573498 1939244 4018864 2688888
1790716573535 1953580 4018864 2688888
1790716573569 1969964 4018864 2688888
1790716573602 1984300 4018864 2688888
1790716573636 1998636 4018864 2688888
1790716573669 2012972 4018864 2688888
1790716573702 2029356 4018864 2688888
1790716573736 2043692 4018864 2688888
1790716573770 2058028 4018864 2688888
1790716573804 1888268 4018864 2688888
1790716573839 1801276 4018864 2688888
1790716573873 1801276 4018864 2688888
1790716573908 1801276 4018864 2688888
1790716573942 1801276 4018864 2688888
1790716573974 1801276 4018864 2688888
1790716574005 1801276 4018864 2688888
1790716574037 1801276 4018864 2688888
1790716574070 1801276 4018864 2688888
1790716574106 1801276 4018864 2688888
1790716574141 1801276 4018864 2688888
1790716574175 1801276 4018864 2688888
1790716574208 1801276 4018864 2688888
1790716574240 1801276 4018864 2688888
1790716574273 1801276 4018864 2688888
1790716574308 1801276 4018864 2688888
1790716574343 1801276 4018864 2688888
1790716574375 1801276 4018864 2688888
1790716574408 1801276 4018864 2688888
1790716574445 1801276 4018864 2688888
1790716574480 1801276 4018864 2688888
1790716574516 1801276 4018864 2688888
1790716574552 1801276 4018864 2688888
1790716574586 1801276 4018864 2688888
1790716574622 1801276 4018864 2688888
1790716574659 1801276 4018864 2688888
1790716574695 1801276 4018864 2688888
1790716574729 1801276 4018864 2688888
1790716574762 1801276 4018864 2688888
1790716574793 1801276 4018864 2688888
1790716574825 1801276 4018864 2688888
1790716574860 1801276 4018864 2688888
1790716574895 1801276 4018864 2688888
1790716574930 1801276 4018864 2688888
1790716574965 1801276 4018864 2688888
1790716574996 1801276 4018864 2688888
1790716575033 1801276 4018864 2688888
1790716575068 1801276 4018864 2688888
1790716575104 1801276 4018864 2688888
1790716575140 1801276 4018864 2688888
1790716575175 1801276 4018864 2688888
1790716575210 1801276 4018864 2688888
1790716575241 1801276 4018864 2688888
1790716575275 1801276 4018864 2688888
1790716575307 1801276 4018864 2688888
1790716575340 1801276 4018864 2688888
1790716575372 1801276 4018864 2688888
1790716575407 1801276 4018864 2688888
1790716575442 1801276 4018864 2688888
1790716575475 1801276 4018864 2688888
1790716575507 1819712 4018864 2688888
1790716575542 1819712 4018864 2688888
1790716575576 1819712 4018864 2688888
1790716575610 1819712 4018864 2688888
1790716575645 1819712 4018864 2688888
1790716575680 1819712 4018864 2688888
1790716575714 1819712 4018864 2688888
1790716575750 1838148 4018864 2688888
1790716575787 1838148 4018864 2688888
1790716575821 1838148 4018864 2688888
1790716575857 1856584 4018864 2688888
1790716575893 1856584 4018864 2688888
1790716575928 1856584 4018864 2688888
1790716575965 1856584 4018864 2688888
1790716575999 1856584 4018864 2688888
1790716576036 1856584 4018864 2688888
1790716576069 1856584 4018864 2688888
1790716576104 1875020 4018864 2688888
1790716576141 1875020 4018864 2688888
1790716576179 1875020 4018864 2688888
1790716576215 1875020 4018864 2688888
1790716576249 1875020 4018864 2688888
1790716576287 1875020 4018864 2688888
1790716576320 1889312 4018864 2688888
1790716576352 1893456 4018864 2688888
1790716576387 1893456 4018864 2688888
1790716576422 1893456 4018864 2688888
1790716576458 1893456 4018864 2688888
1790716576494 1893456 4018864 2688888
1790716576528 1911888 4018864 2688888
1790716576562 1911888 4018864 2688888
1790716576594 1911888 4018864 2688888
1790716576630 1911888 4018864 2688888
1790716576667 1911888 4018864 2688888
1790716576705 1911888 4018864 2688888
1790716576741 1911888 4018864 2688888
1790716576776 1930320 4018864 2688888
1790716576813 1930320 4018864 2688888
1790716576848 1948752 4018864 2688888
1790716576884 1948752 4018864 2688888
1790716576920 1949620 4018864 2688888
1790716576956 1966004 4018864 2688888
1790716576991 1983044 4018864 2688888
1790716577026 1999428 4018864 2688888
1790716577062 1979016 4018864 2688888
1790716577102 2016208 4018864 2688888
1790716577139 2032592 4018864 2688888
1790716577176 2045492 4018864 2688888
1790716577213 2061876 4018864 2688888
1790716577248 2078260 4018864 2688888
1790716577282 2092596 4018864 2688888
1790716577318 2108980 4018864 2688888
1790716577353 2125364 4018864 2688888
1790716577386 2139700 4018864 2688888
1790716577419 2156084 4018864 2688888
1790716577452 2170420 4018864 2688888
1790716577486 2184756 4018864 2688888
1790716577519 2201140 4018864 2688888
1790716577553 2211388 4018864 2688888
1790716577586 2211388 4018864 2688888
1790716577618 2211388 4018864 2688888
1790716577650 2211388 4018864 2688888
1790716577682 2211388 4018864 2688888
1790716577714 2211388 4018864 2688888
1790716577746 2211388 4018864 2688888
1790716577777 2211388 4018864 2688888
1790716577811 2211388 4018864 2688888
1790716577844 2211388 4018864 2688888
1790716577878 2211388 4018864 2688888
1790716577911 2211388 4018864 2688888
1790716577944 2211388 4018864 2688888
1790716577978 2211388 4018864 2688888
1790716578003 2219196 4018864 2688888
1790716578040 2235580 4018864 2688888
1790716578077 2247868 4018864 2688888
1790716578112 2264252 4018864 2688888
1790716578150 2277756 4018864 2688888
1790716578188 2294140 4018864 2688888
1790716578225 2312572 4018864 2688888
1790716578260 2326908 4018864 2688888
1790716578293 2343292 4018864 2688888
1790716578326 2357628 4018864 2688888
1790716578360 2371964 4018864 2688888
1790716578393 2386300 4018864 2688888
1790716578426 2402684 4018864 2688888
1790716578460 2417020 4018864 2688888
1790716578495 2433404 4018864 2688888
1790716578530 2449360 4018864 2688888
1790716578564 2463696 4018864 2688888
1790716578597 2478032 4018864 2688888
1790716578632 2492368 4018864 2688888
1790716578668 2508752 4018864 2688888
1790716578704 2525136 4018864 2688888
1790716578741 2541520 4018864 2688888
1790716578778 2557904 4018864 2688888
1790716578815 2576336 4018864 2688888
1790716578853 2592720 4018864 2688888
1790716578889 2609104 4018864 2688888
1790716578925 2443416 4018864 2688888
1790716579056 2581080 4018864 2688888
1790716579095 2708408 4023972 2708408
1790716579209 2708408 4023972 2708408
1790716579243 2534428 4023972 2700776
1790716579279 2534428 4023972 2700776
1790716579311 2534428 4023972 2700776
1790716579342 2534428 4023972 2700776
1790716579374 2534428 4023972 2700776
1790716579405 2534428 4023972 2700776
1790716579439 2534428 4023972 2700776
1790716579472 2534428 4023972 2700776
1790716579504 2534428 4023972 2700776
1790716579536 2534428 4023972 2700776
1790716579567 2534428 4023972 2700776
1790716579599 2534428 4023972 2700776
1790716579630 2534428 4023972 2700776
1790716579662 2534428 4023972 2700776
1790716579694 2534428 4023972 2700776
1790716579727 2534428 4023972 2700776
1790716579760 2534428 4023972 2700776
1790716579792 2534428 4023972 2700776
1790716579823 2534428 4023972 2700776
1790716579854 2534428 4023972 2700776
1790716579886 2534428 4023972 2700776
1790716579917 2534428 4023972 2700776
1790716579948 2534428 4023972 2700776
1790716579979 2534428 4023972 2700776
1790716580010 2534428 4023972 2700776
1790716580042 2534428 4023972 2700776
1790716580073 2534428 4023972 2700776
1790716580105 2534428 4023972 2700776
1790716580136 2534428 4023972 2700776
1790716580171 2534428 4023972 2700776
1790716580205 2534428 4023972 2700776
1790716580240 2534428 4023972 2700776
1790716580274 2534428 4023972 2700776
1790716580308 2534428 4023972 2700776
1790716580342 2534428 4023972 2700776
1790716580376 2534428 4023972 2700776
1790716580409 2534428 4023972 2700776
1790716580442 2534428 4023972 2700776
1790716580473 2534428 4023972 2700776
1790716580506 2534428 4023972 2700776
1790716580538 2534428 4023972 2700776
1790716580573 2534428 4023972 2700776
1790716580607 2099792 4023972 2700776
1790716580644 2100332 4023972 2700776
1790716580679 2100332 4023972 2700776
1790716580716 2100332 4023972 2700776
1790716580750 2100332 4023972 2700776
1790716580787 2100332 4023972 2700776
1790716580823 2100332 4023972 2700776
1790716580860 2100332 4023972 2700776
1790716580895 2100332 4023972 2700776
1790716580933 2100364 4023972 2700776
1790716580970 2100364 4023972 2700776
1790716581008 2100364 4023972 2700776
1790716581044 2100364 4023972 2700776
1790716581079 2100684 4023972 2700776
1790716581113 2100744 4023972 2700776
1790716581148 2100744 4023972 2700776
1790716581188 2100748 4023972 2700776
1790716581223 2100748 4023972 2700776
1790716581258 2100748 4023972 2700776
1790716581296 2102800 4023972 2700776
1790716581332 2102800 4023972 2700776
1790716581368 2102800 4023972 2700776
1790716581403 2102800 4023972 2700776
1790716581444 2102800 4023972 2700776
1790716581480 2102800 4023972 2700776
1790716581517 2102800 4023972 2700776
1790716581553 2102800 4023972 2700776
1790716581592 2102800 4023972 2700776
1790716581627 2102800 4023972 2700776
1790716581664 2102800 4023972 2700776
1790716581705 2102800 4023972 2700776
1790716581741 2102800 4023972 2700776
1790716581777 2102800 4023972 2700776
1790716581817 2102800 4023972 2700776
1790716581853 2102800 4023972 2700776
1790716581891 2102800 4023972 2700776
1790716581928 2102944 4023972 2700776
1790716581965 2103008 4023972 2700776
1790716581999 2103008 4023972 2700776
1790716582037 2103048 4023972 2700776
1790716582074 2103076 4023972 2700776
1790716582109 2103076 4023972 2700776
1790716582144 2103076 4023972 2700776
1790716582182 2103076 4023972 2700776
1790716582218 2103076 4023972 2700776
1790716582253 2103076 4023972 2700776
1790716582287 2103076 4023972 2700776
1790716582324 2103076 4023972 2700776
1790716582361 2103076 4023972 2700776
1790716582397 2103076 4023972 2700776
1790716582435 2103076 4023972 2700776
1790716582473 2103076 4023972 2700776
1790716582511 2103076 4023972 2700776
1790716582549 2103076 4023972 2700776
1790716582585 2103076 4023972 2700776
1790716582620 2103076 4023972 2700776
1790716582654 2103076 4023972 2700776
1790716582692 2103076 4023972 2700776
1790716582728 2103076 4023972 2700776
1790716582762 2103076 4023972 2700776
1790716582797 2103076 4023972 2700776
1790716582831 2103076 4023972 2700776
1790716582866 2103076 4023972 2700776
1790716582900 2103076 4023972 2700776
1790716582938 2103076 4023972 2700776
1790716582974 2103076 4023972 2700776
1790716583007 2103076 4023972 2700776
1790716583041 2103076 4023972 2700776
1790716583076 2103076 4023972 2700776
1790716583110 2103076 4023972 2700776
1790716583145 2103076 4023972 2700776
1790716583180 2103076 4023972 2700776
1790716583214 2103076 4023972 2700776
1790716583249 2103076 4023972 2700776
1790716583284 2103076 4023972 2700776
1790716583318 2103076 4023972 2700776
1790716583355 2103076 4023972 2700776
1790716583389 2103076 4023972 2700776
1790716583425 2103076 4023972 2700776
1790716583463 2103076 4023972 2700776
1790716583498 2103076 4023972 2700776
1790716583533 2103076 4023972 2700776
1790716583570 2103076 4023972 2700776
1790716583608 2103076 4023972 2700776
1790716583645 2103076 4023972 2700776
1790716583679 2103076 4023972 2700776
1790716583713 2103076 4023972 2700776
1790716583748 2103076 4023972 2700776
1790716583783 2103076 4023972 2700776
1790716583817 2103076 4023972 0
1790716583853 2103076 4023972 2700776
1790716583887 2103076 4023972 2700776
1790716583920 2103076 4023972 2700776
1790716583955 2103076 4023972 2700776
1790716583989 2103076 4023972 2700776
1790716584027 2103076 4023972 2700776
1790716584062 2103076 4023972 2700776
1790716584099 2103076 4023972 2700776
1790716584133 2103076 4023972 2700776
1790716584167 2103076 4023972 2700776
1790716584201 2103076 4023972 2700776
1790716584236 2103076 4023972 2700776
1790716584270 2103076 4023972 2700776
1790716584304 2103076 4023972 2700776
1790716584344 2103076 4023972 2700776
1790716584380 2103076 4023972 2700776
1790716584414 2103076 4023972 2700776
1790716584449 2103076 4023972 2700776
1790716584484 2103076 4023972 2700776
1790716584518 2103076 4023972 2700776
1790716584556 2103076 4023972 2700776
1790716584595 2103076 4023972 2700776
1790716584631 2103076 4023972 2700776
1790716584664 2103076 4023972 2700776
1790716584699 2103076 4023972 2700776
1790716584732 2103076 4023972 2700776
1790716584765 2103076 4023972 2700776
1790716584800 2103076 4023972 2700776
1790716584834 2103076 4023972 2700776
1790716584868 2103076 4023972 2700776
1790716584903 2104608 4023972 2700776
1790716584938 2104608 4023972 2700776
1790716584972 2104608 4023972 2700776
1790716585009 2104608 4023972 2700776
1790716585047 2104608 4023972 2700776
1790716585084 2104608 4023972 2700776
1790716585119 2104608 4023972 2700776
1790716585153 2104608 4023972 2700776
1790716585187 2104608 4023972 2700776
1790716585219 2104608 4023972 2700776
1790716585256 2104608 4023972 2700776
1790716585296 2104608 4023972 2700776
1790716585334 2104608 4023972 2700776
1790716585369 2104608 4023972 2700776
1790716585408 2104608 4023972 2700776
1790716585444 2104608 4023972 2700776
1790716585478 2104608 4023972 2700776
1790716585511 2104608 4023972 2700776
1790716585548 2104608 4023972 2700776
1790716585583 2104960 4023972 2700776
1790716585618 2104960 4023972 2700776
1790716585651 2104960 4023972 2700776
1790716585683 2104960 4023972 2700776
1790716585717 2104960 4023972 2700776
1790716585750 2107572 4023972 2700776
1790716585783 2121908 4023972 2700776
1790716585817 2153984 4023972 2700776
1790716585856 2203184 4023972 2700776
1790716585890 2203184 4023972 2700776
1790716585925 2203184 4023972 2700776
1790716585959 2203184 4023972 2700776
1790716585993 2203184 4023972 2700776
1790716586027 2203184 4023972 2700776
1790716586060 2203184 4023972 2700776
1790716586095 2203184 4023972 2700776
1790716586135 2203184 4023972 2700776
1790716586171 2203184 4023972 2700776
1790716586206 2203184 4023972 2700776
1790716586241 2203184 4023972 2700776
1790716586276 2105008 4023972 2700776
1790716586315 2105008 4023972 2700776
1790716586351 2105008 4023972 2700776
1790716586386 2105008 4023972 2700776
1790716586418 2105008 4023972 2700776
1790716586452 2105008 4023972 2700776
1790716586484 2105008 4023972 2700776
1790716586518 2105008 4023972 2700776
1790716586553 2105008 4023972 2700776
1790716586587 2105008 4023972 2700776
1790716586624 2105008 4023972 2700776
1790716586658 2105008 4023972 2700776
1790716586692 2105008 4023972 2700776
1790716586725 2105008 4023972 2700776
1790716586759 2105008 4023972 2700776
1790716586794 2105008 4023972 2700776
1790716586829 2105008 4023972 2700776
1790716586867 2105008 4023972 2700776
1790716586901 2105008 4023972 2700776
1790716586934 2105008 4023972 2700776
1790716586969 2105008 4023972 2700776
1790716587003 2105008 4023972 2700776
1790716587041 2105008 4023972 2700776
1790716587078 2105008 4023972 2700776
1790716587115 2105008 4023972 2700776
1790716587150 2105008 4023972 2700776
1790716587185 2105008 4023972 2700776
1790716587219 2105008 4023972 2700776
1790716587252 2105008 4023972 2700776
1790716587288 2105008 4023972 2700776
1790716587328 2105008 4023972 2700776
1790716587366 2105008 4023972 2700776
1790716587401 2105008 4023972 2700776
1790716587436 2105008 4023972 2700776
1790716587471 2105008 4023972 2700776
1790716587505 2105008 4023972 2700776
1790716587542 2105008 4023972 2700776
1790716587580 2105008 4023972 2700776
1790716587615 2105008 4023972 2700776
1790716587650 2105008 4023972 2700776
1790716587685 2105008 4023972 2700776
1790716587719 2105008 4023972 2700776
1790716587755 2105008 4023972 2700776
1790716587789 2105008 4023972 2700776
1790716587823 2105008 4023972 2700776
1790716587857 2105008 4023972 2700776
1790716587892 2105008 4023972 2700776
1790716587927 2105008 4023972 2700776
1790716587962 2105008 4023972 2700776
1790716587996 2105008 4023972 2700776
1790716588030 2105008 4023972 2700776
1790716588065 2105008 4023972 2700776
1790716588099 2105008 4023972 2700776
1790716588134 2105008 4023972 2700776
1790716588168 2105008 4023972 2700776
1790716588202 2105008 4023972 2700776
1790716588236 2105008 4023972 2700776
1790716588270 2105008 4023972 2700776
1790716588305 2105008 4023972 2700776
1790716588339 2105008 4023972 2700776
1790716588374 2105008 4023972 2700776
1790716588409 2105008 4023972 2700776
1790716588443 2105008 4023972 2700776
1790716588477 2105008 4023972 2700776
1790716588511 2105008 4023972 2700776
1790716588545 2105008 4023972 2700776
1790716588580 2105008 4023972 2700776
1790716588614 2105008 4023972 2700776
1790716588649 2105008 4023972 2700776
1790716588683 2105008 4023972 2700776
1790716588718 2105008 4023972 2700776
1790716588753 2105008 4023972 2700776
1790716588787 2105008 4023972 2700776
1790716588821 2105008 4023972 2700776
1790716588856 2105008 4023972 2700776
1790716588891 2105008 4023972 2700776
1790716588927 2105008 4023972 2700776
1790716588961 2105008 4023972 2700776
1790716588997 2105008 4023972 2700776
1790716589035 2105008 4023972 2700776
1790716589071 2105008 4023972 2700776
1790716589106 2105008 4023972 2700776
1790716589143 2105008 4023972 2700776
1790716589181 2105008 4023972 2700776
1790716589217 2105008 4023972 2700776
1790716589252 2105008 4023972 2700776
1790716589286 2105008 4023972 2700776
1790716589325 2105008 4023972 2700776
1790716589361 2105008 4023972 2700776
1790716589396 2105008 4023972 2700776
1790716589431 2105008 4023972 2700776
1790716589469 2105008 4023972 2700776
1790716589505 2105008 4023972 2700776
1790716589541 2105008 4023972 2700776
1790716589576 2105008 4023972 2700776
1790716589610 2105008 4023972 2700776
1790716589649 2105008 4023972 2700776
1790716589684 2105008 4023972 2700776
1790716589717 2105008 4023972 2700776
1790716589750 2105008 4023972 2700776
1790716589787 2105008 4023972 2700776
1790716589821 2105008 4023972 2700776
1790716589856 2105008 4023972 2700776
1790716589893 2105008 4023972 2700776
1790716589928 2105008 4023972 2700776
1790716589962 2105008 4023972 2700776
1790716589999 2105008 4023972 2700776
1790716590036 2105008 4023972 2700776
1790716590070 2105008 4023972 2700776
1790716590103 2105008 4023972 2700776
1790716590137 2105008 4023972 2700776
1790716590172 2105008 4023972 2700776
1790716590207 2105008 4023972 2700776
1790716590241 2105008 4023972 2700776
1790716590276 2105008 4023972 2700776
1790716590311 2105008 4023972 2700776
1790716590346 2105008 4023972 2700776
1790716590381 2105008 4023972 2700776
1790716590419 2105008 4023972 2700776
1790716590454 2105008 4023972 2700776
1790716590488 2105008 4023972 2700776
1790716590522 2105008 4023972 2700776
1790716590555 2105008 4023972 2700776
1790716590591 2105008 4023972 2700776
1790716590626 2105008 4023972 2700776
1790716590663 2105008 4023972 2700776
1790716590698 2105008 4023972 2700776
1790716590733 2105008 4023972 2700776
1790716590766 2105008 4023972 2700776
1790716590800 2105008 4023972 2700776
1790716590840 2105008 4023972 2700776
1790716590877 2105008 4023972 2700776
1790716590913 2105008 4023972 2700776
1790716590946 2105008 4023972 2700776
1790716590982 2105008 4023972 2700776
1790716591015 2105008 4023972 2700776
1790716591053 2105008 4023972 2700776
1790716591092 2105008 4023972 2700776
1790716591129 2105008 4023972 2700776
1790716591164 2105008 4023972 2700776
1790716591197 2105008 4023972 2700776
1790716591229 2105008 4023972 2700776
1790716591263 2105008 4023972 2700776
1790716591299 2109668 4023972 2700776
1790716591334 2124004 4023972 2700776
1790716591368 2178608 4023972 2700776
1790716591409 2203184 4023972 2700776
1790716591443 2203184 4023972 2700776
1790716591478 2105008 4023972 2700776
1790716591512 2105008 4023972 2700776
1790716591549 2105008 4023972 2700776
1790716591587 2105008 4023972 2700776
1790716591623 2105008 4023972 2700776
1790716591658 2105008 4023972 2700776
1790716591696 2105008 4023972 2700776
1790716591732 2105008 4023972 2700776
1790716591766 2105008 4023972 2700776
1790716591801 2105008 4023972 2700776
1790716591835 2105008 4023972 2700776
1790716591870 2105008 4023972 2700776
1790716591903 2105008 4023972 2700776
1790716591935 2105008 4023972 2700776
1790716591969 2105008 4023972 2700776
1790716592006 2105008 4023972 2700776
1790716592041 2105008 4023972 2700776
1790716592075 2105008 4023972 2700776
1790716592109 2105008 4023972 2700776
1790716592144 2105008 4023972 2700776
1790716592180 2105008 4023972 2700776
1790716592215 2105008 4023972 2700776
1790716592249 2105008 4023972 2700776
1790716592284 2105008 4023972 2700776
1790716592319 2105008 4023972 2700776
1790716592354 2105008 4023972 2700776
1790716592389 2105008 4023972 2700776
1790716592424 2105008 4023972 2700776
1790716592458 2105008 4023972 2700776
1790716592495 2105008 4023972 2700776
1790716592533 2105008 4023972 2700776
1790716592567 2105008 4023972 2700776
1790716592600 2105008 4023972 2700776
1790716592634 2105008 4023972 2700776
1790716592670 2105008 4023972 2700776
1790716592704 2105008 4023972 2700776
1790716592742 2105008 4023972 2700776
1790716592778 2105008 4023972 2700776
1790716592816 2105008 4023972 2700776
1790716592852 2105008 4023972 2700776
1790716592886 2105008 4023972 2700776
1790716592922 2105008 4023972 2700776
1790716592955 2105008 4023972 2700776
1790716592988 2105008 4023972 2700776
1790716593023 2105008 4023972 2700776
1790716593057 2105008 4023972 2700776
1790716593094 2105008 4023972 2700776
1790716593129 2105008 4023972 2700776
1790716593165 2105008 4023972 2700776
1790716593199 2105008 4023972 2700776
1790716593233 2105008 4023972 2700776
1790716593271 2105008 4023972 2700776
1790716593306 2105008 4023972 2700776
1790716593339 2105008 4023972 2700776
1790716593373 2105008 4023972 2700776
1790716593408 2105008 4023972 2700776
1790716593443 2105008 4023972 2700776
1790716593478 2105008 4023972 2700776
1790716593513 2105008 4023972 2700776
1790716593547 2105008 4023972 2700776
1790716593582 2105008 4023972 2700776
1790716593617 2105008 4023972 2700776
1790716593652 2105008 4023972 2700776
1790716593687 2105008 4023972 2700776
1790716593721 2105008 4023972 2700776
1790716593756 2105008 4023972 2700776
1790716593791 2105008 4023972 2700776
1790716593826 2105008 4023972 2700776
1790716593860 2105008 4023972 2700776
1790716593895 2105008 4023972 2700776
1790716593931 2105008 4023972 2700776
1790716593968 2105008 4023972 2700776
1790716594003 2105008 4023972 2700776
1790716594037 2105008 4023972 2700776
1790716594071 2105008 4023972 2700776
1790716594106 2105008 4023972 2700776
1790716594141 2105008 4023972 2700776
1790716594175 2105008 4023972 2700776
1790716594210 2105008 4023972 2700776
1790716594245 2105008 4023972 2700776
1790716594279 2105008 4023972 2700776
1790716594314 2105008 4023972 2700776
1790716594350 2105008 4023972 2700776
1790716594384 2105008 4023972 2700776
1790716594418 2105008 4023972 2700776
1790716594452 2105008 4023972 2700776
1790716594489 2105008 4023972 2700776
1790716594524 2105008 4023972 2700776
1790716594561 2105008 4023972 2700776
1790716594595 2105008 4023972 2700776
1790716594628 2105008 4023972 2700776
1790716594663 2105008 4023972 2700776
1790716594696 2105008 4023972 2700776
1790716594728 2105008 4023972 2700776
1790716594760 2105008 4023972 2700776
1790716594795 2105008 4023972 2700776
1790716594829 2105008 4023972 2700776
1790716594867 2105008 4023972 2700776
1790716594903 2105008 4023972 2700776
1790716594937 2105008 4023972 2700776
1790716594971 2105008 4023972 2700776
1790716595005 2105008 4023972 2700776
1790716595040 2105008 4023972 2700776
1790716595078 2105008 4023972 2700776
1790716595113 2105008 4023972 2700776
1790716595146 2105008 4023972 2700776
1790716595183 2105008 4023972 2700776
1790716595218 2105008 4023972 2700776
1790716595252 2105008 4023972 2700776
1790716595287 2105008 4023972 2700776
1790716595323 2105008 4023972 2700776
1790716595357 2105008 4023972 2700776
1790716595392 2105008 4023972 2700776
1790716595430 2105008 4023972 2700776
1790716595464 2105008 4023972 2700776
1790716595501 2105008 4023972 2700776
1790716595537 2105008 4023972 2700776
1790716595574 2105008 4023972 2700776
1790716595608 2105008 4023972 2700776
1790716595642 2105008 4023972 2700776
1790716595679 2105008 4023972 2700776
1790716595716 2105008 4023972 2700776
1790716595753 2105008 4023972 2700776
1790716595791 2105008 4023972 2700776
1790716595828 2105008 4023972 2700776
1790716595870 2105008 4023972 2700776
1790716595905 2105008 4023972 2700776
1790716595940 2105008 4023972 2700776
1790716595975 2105008 4023972 2700776
1790716596009 2105008 4023972 2700776
1790716596044 2105008 4023972 2700776
1790716596081 2105008 4023972 2700776
1790716596117 2105008 4023972 2700776
1790716596154 2105008 4023972 2700776
1790716596189 2105008 4023972 2700776
1790716596223 2105008 4023972 2700776
1790716596262 2105008 4023972 2700776
1790716596298 2105008 4023972 2700776
1790716596332 2105008 4023972 2700776
1790716596367 2105008 4023972 2700776
1790716596404 2105008 4023972 2700776
1790716596439 2105008 4023972 2700776
1790716596472 2105008 4023972 2700776
1790716596509 2105008 4023972 2700776
1790716596544 2105008 4023972 2700776
1790716596581 2105008 4023972 2700776
1790716596617 2105008 4023972 2700776
1790716596658 2105008 4023972 2700776
1790716596694 2105008 4023972 2700776
1790716596728 2105008 4023972 2700776
1790716596767 2105008 4023972 2700776
1790716596803 2105008 4023972 2700776
1790716596839 2105008 4023972 2700776
1790716596873 2105008 4023972 2700776
1790716596909 2105008 4023972 2700776
1790716596947 2105008 4023972 2700776
1790716596983 2107620 4023972 2700776
1790716597017 2124004 4023972 2700776
1790716597052 2154032 4023972 2700776
1790716597091 2178608 4023972 2700776
1790716597126 2178608 4023972 2700776
1790716597161 2105008 4023972 2700776
1790716597199 2105008 4023972 2700776
1790716597234 2105008 4023972 2700776
1790716597268 2105008 4023972 2700776
1790716597301 2105008 4023972 2700776
1790716597333 2105008 4023972 2700776
1790716597372 2105008 4023972 2700776
1790716597407 2105008 4023972 2700776
1790716597446 2105008 4023972 2700776
1790716597482 2105008 4023972 2700776
1790716597517 2105008 4023972 2700776
1790716597552 2105008 4023972 2700776
1790716597586 2105008 4023972 2700776
1790716597620 2105008 4023972 2700776
1790716597658 2105008 4023972 2700776
1790716597694 2105008 4023972 2700776
1790716597729 2105008 4023972 2700776
1790716597766 2105008 4023972 2700776
1790716597803 2105008 4023972 2700776
1790716597838 2105008 4023972 2700776
1790716597875 2105008 4023972 2700776
1790716597912 2105008 4023972 2700776
1790716597949 2105008 4023972 2700776
1790716597984 2105008 4023972 2700776
1790716598017 2105008 4023972 2700776
1790716598051 2105008 4023972 2700776
1790716598086 2105008 4023972 2700776
1790716598121 2105008 4023972 2700776
1790716598157 2105008 4023972 2700776
1790716598193 2105008 4023972 2700776
1790716598230 2105008 4023972 2700776
1790716598264 2105008 4023972 2700776
1790716598298 2105008 4023972 2700776
1790716598331 2105008 4023972 2700776
1790716598366 2105008 4023972 2700776
1790716598400 2105008 4023972 2700776
1790716598437 2105008 4023972 2700776
1790716598475 2105008 4023972 2700776
1790716598513 2105008 4023972 2700776
1790716598549 2105008 4023972 2700776
1790716598583 2105008 4023972 2700776
1790716598620 2105008 4023972 2700776
1790716598654 2105008 4023972 2700776
1790716598692 2105008 4023972 2700776
1790716598729 2105008 4023972 2700776
1790716598768 2105008 4023972 2700776
1790716598803 2105008 4023972 2700776
1790716598837 2105008 4023972 2700776
1790716598873 2105008 4023972 2700776
1790716598909 2105008 4023972 2700776
1790716598943 2105008 4023972 2700776
1790716598979 2105008 4023972 2700776
1790716599013 2105008 4023972 2700776
1790716599048 2105008 4023972 2700776
1790716599083 2105008 4023972 2700776
1790716599118 2105008 4023972 2700776
1790716599153 2105008 4023972 2700776
1790716599188 2105008 4023972 2700776
1790716599222 2105008 4023972 2700776
1790716599257 2105008 4023972 2700776
1790716599292 2105008 4023972 2700776
1790716599327 2105008 4023972 2700776
1790716599362 2105008 4023972 2700776
1790716599397 2105008 4023972 2700776
1790716599432 2105008 4023972 2700776
1790716599467 2105008 4023972 2700776
1790716599502 2105008 4023972 2700776
1790716599537 2105008 4023972 2700776
1790716599571 2105008 4023972 2700776
1790716599606 2105008 4023972 2700776
1790716599641 2105008 4023972 2700776
1790716599676 2105008 4023972 2700776
1790716599710 2105008 4023972 2700776
1790716599745 2105008 4023972 2700776
1790716599780 2105008 4023972 2700776
1790716599815 2105008 4023972 2700776
1790716599850 2105008 4023972 2700776
1790716599885 2105008 4023972 2700776
1790716599920 2105008 4023972 2700776
1790716599955 2105008 4023972 2700776
1790716599989 2105008 4023972 2700776
1790716600024 2105008 4023972 2700776
1790716600061 2105008 4023972 2700776
1790716600096 2105008 4023972 2700776
1790716600129 2105008 4023972 2700776
1790716600163 2105008 4023972 2700776
1790716600198 2105008 4023972 2700776
1790716600233 2105008 4023972 2700776
1790716600268 2105008 4023972 2700776
1790716600303 2105008 4023972 2700776
1790716600337 2105008 4023972 2700776
1790716600371 2105008 4023972 2700776
1790716600405 2105008 4023972 2700776
1790716600439 2105008 4023972 2700776
1790716600471 2105008 4023972 2700776
1790716600507 2105008 4023972 2700776
1790716600542 2105008 4023972 2700776
1790716600577 2105008 4023972 2700776
1790716600611 2105008 4023972 2700776
1790716600649 2105008 4023972 2700776
1790716600686 2105008 4023972 2700776
1790716600721 2105008 4023972 2700776
1790716600756 2105008 4023972 2700776
1790716600795 2105008 4023972 2700776
1790716600833 2105008 4023972 2700776
1790716600870 2105008 4023972 2700776
1790716600908 2105008 4023972 2700776
1790716600946 2105008 4023972 2700776
1790716600983 2105008 4023972 2700776
1790716601020 2105008 4023972 2700776
1790716601060 2105008 4023972 2700776
1790716601096 2105008 4023972 2700776
1790716601131 2105008 4023972 2700776
1790716601170 2105008 4023972 2700776
1790716601204 2105008 4023972 2700776
1790716601238 2105008 4023972 2700776
1790716601276 2105008 4023972 2700776
1790716601313 2105008 4023972 2700776
1790716601350 2105008 4023972 2700776
1790716601386 2105008 4023972 2700776
1790716601426 2105008 4023972 2700776
1790716601464 2105008 4023972 2700776
1790716601500 2105008 4023972 2700776
1790716601538 2105008 4023972 2700776
1790716601577 2105008 4023972 2700776
1790716601614 2105008 4023972 2700776
1790716601649 2105008 4023972 2700776
1790716601684 2105008 4023972 2700776
1790716601718 2105008 4023972 2700776
1790716601754 2105008 4023972 2700776
1790716601788 2105008 4023972 2700776
1790716601826 2105008 4023972 2700776
1790716601864 2105008 4023972 2700776
1790716601899 2105008 4023972 2700776
1790716601934 2105008 4023972 2700776
1790716601971 2105008 4023972 2700776
1790716602011 2105008 4023972 2700776
1790716602048 2105008 4023972 2700776
1790716602085 2105008 4023972 2700776
1790716602125 2105008 4023972 2700776
1790716602162 2105008 4023972 2700776
1790716602197 2105008 4023972 2700776
1790716602234 2105008 4023972 2700776
1790716602270 2105008 4023972 2700776
1790716602307 2105008 4023972 2700776
1790716602343 2105008 4023972 2700776
1790716602383 2105008 4023972 2700776
1790716602421 2105008 4023972 2700776
1790716602458 2105008 4023972 2700776
1790716602497 2105008 4023972 2700776
1790716602536 2105008 4023972 2700776
1790716602573 2105008 4023972 2700776
1790716602606 2105008 4023972 2700776
1790716602638 2105008 4023972 2700776
1790716602670 2129456 4023972 2700776
1790716602706 2129456 4023972 2700776
1790716602741 2129456 4023972 2700776
1790716602773 2154032 4023972 2700776
1790716602818 2105008 4023972 2700776
1790716602855 2105008 4023972 2700776
1790716602894 2105008 4023972 2700776
1790716602931 2105008 4023972 2700776
1790716602969 2105008 4023972 2700776
1790716603005 2105008 4023972 2700776
1790716603038 2105008 4023972 2700776
1790716603072 2105008 4023972 2700776
1790716603109 2105008 4023972 2700776
1790716603145 2105008 4023972 2700776
1790716603180 2105008 4023972 2700776
1790716603214 2105008 4023972 2700776
1790716603249 2105008 4023972 2700776
1790716603283 2105008 4023972 2700776
1790716603320 2105008 4023972 2700776
1790716603356 2105008 4023972 2700776
1790716603390 2105008 4023972 2700776
1790716603428 2105008 4023972 2700776
1790716603465 2105008 4023972 2700776
1790716603499 2105008 4023972 2700776
1790716603537 2105008 4023972 2700776
1790716603575 2105008 4023972 2700776
1790716603611 2105008 4023972 2700776
1790716603649 2105008 4023972 2700776
1790716603687 2105008 4023972 2700776
1790716603724 2105008 4023972 2700776
1790716603761 2105008 4023972 2700776
1790716603795 2105008 4023972 2700776
1790716603834 2105008 4023972 2700776
1790716603870 2105008 4023972 2700776
1790716603904 2105008 4023972 2700776
1790716603941 2105008 4023972 2700776
1790716603979 2105008 4023972 2700776
1790716604015 2105008 4023972 2700776
1790716604052 2111024 4023972 2700776
1790716604091 2111024 4023972 2700776
1790716604128 2115812 4023972 2700776
1790716604165 2122984 4023972 2700776
1790716604204 2154032 4023972 2700776
1790716604240 2154032 4023972 2700776
1790716604275 2154032 4023972 2700776
1790716604312 2154032 4023972 2700776
1790716604350 2154032 4023972 2700776
1790716604387 2154032 4023972 2700776
1790716604423 2154032 4023972 2700776
1790716604459 2160176 4023972 2700776
1790716604495 2160176 4023972 2700776
1790716604529 2160176 4023972 2700776
1790716604567 2160176 4023972 2700776
1790716604606 2160176 4023972 2700776
1790716604645 2160176 4023972 2700776
1790716604683 2160176 4023972 2700776
1790716604722 2160176 4023972 2700776
1790716604759 2160176 4023972 2700776
1790716604796 2160176 4023972 2700776
1790716604830 2160176 4023972 2700776
1790716604866 2160176 4023972 2700776
1790716604901 2160176 4023972 2700776
1790716604936 2160176 4023972 2700776
1790716604971 2160176 4023972 2700776
1790716605007 2160176 4023972 2700776
1790716605045 2160176 4023972 2700776
1790716605082 2160176 4023972 2700776
1790716605120 2160176 4023972 2700776
1790716605158 2160176 4023972 2700776
1790716605195 2160176 4023972 2700776
1790716605233 2160176 4023972 2700776
1790716605271 2160176 4023972 2700776
1790716605307 2160176 4023972 2700776
1790716605345 2160176 4023972 2700776
1790716605383 2160176 4023972 2700776
1790716605420 2160176 4023972 2700776
1790716605458 2160176 4023972 2700776
1790716605495 2160176 4023972 2700776
1790716605532 2160176 4023972 2700776
1790716605569 2160176 4023972 2700776
1790716605607 2160176 4023972 2700776
1790716605645 2160176 4023972 2700776
1790716605684 2160176 4023972 2700776
1790716605720 2160176 4023972 2700776
1790716605756 2160176 4023972 2700776
1790716605793 2160176 4023972 2700776
1790716605830 2160176 4023972 2700776
1790716605866 2160176 4023972 2700776
1790716605903 2160176 4023972 2700776
1790716605940 2160176 4023972 2700776
1790716605977 2160176 4023972 2700776
1790716606012 2160176 4023972 2700776
1790716606047 2160176 4023972 2700776
1790716606082 2160176 4023972 2700776
1790716606118 2160176 4023972 2700776
1790716606153 2160176 4023972 2700776
1790716606189 2160176 4023972 2700776
1790716606226 2160176 4023972 2700776
1790716606263 2160176 4023972 2700776
1790716606300 2160176 4023972 2700776
1790716606335 2160176 4023972 2700776
1790716606372 2160176 4023972 2700776
1790716606407 2160176 4023972 2700776
1790716606445 2160176 4023972 2700776
1790716606483 2160176 4023972 2700776
1790716606523 2160176 4023972 2700776
1790716606561 2160176 4023972 2700776
1790716606598 2160176 4023972 2700776
1790716606635 2160176 4023972 2700776
1790716606672 2160176 4023972 2700776
1790716606708 2160176 4023972 2700776
1790716606744 2160176 4023972 2700776
1790716606785 2160176 4023972 2700776
1790716606823 2160176 4023972 2700776
1790716606860 2160176 4023972 2700776
1790716606897 2160176 4023972 2700776
1790716606936 2160176 4023972 2700776
1790716606974 2160176 4023972 2700776
1790716607009 2160176 4023972 2700776
1790716607048 2160176 4023972 2700776
1790716607084 2160176 4023972 2700776
1790716607121 2160176 4023972 2700776
1790716607162 2160176 4023972 2700776
1790716607200 2160176 4023972 2700776
1790716607236 2160176 4023972 2700776
1790716607274 2160176 4023972 2700776
1790716607312 2160180 4023972 2700776
1790716607348 2160180 4023972 2700776
1790716607386 2160180 4023972 2700776
1790716607424 2160180 4023972 2700776
1790716607461 2160180 4023972 2700776
1790716607500 2160180 4023972 2700776
1790716607537 2160180 4023972 2700776
1790716607574 2160180 4023972 2700776
1790716607615 2160180 4023972 2700776
1790716607651 2160180 4023972 2700776
1790716607686 2160180 4023972 2700776
1790716607723 2166324 4023972 2700776
1790716607763 2166324 4023972 2700776
1790716607800 2166324 4023972 2700776
1790716607836 2166324 4023972 2700776
1790716607876 2166324 4023972 2700776
1790716607914 2166324 4023972 2700776
1790716607951 2166324 4023972 2700776
1790716607991 2166324 4023972 2700776
1790716608029 2166324 4023972 2700776
1790716608065 2166324 4023972 2700776
1790716608103 2166324 4023972 2700776
1790716608141 2166324 4023972 2700776
1790716608179 2166324 4023972 2700776
1790716608216 2166324 4023972 2700776
1790716608255 2105012 4023972 2700776
1790716608294 2105012 4023972 2700776
1790716608330 2105012 4023972 2700776
1790716608365 2113768 4023972 2700776
1790716608400 2128248 4023972 2700776
1790716608438 2154036 4023972 2700776
1790716608473 2160872 4023972 2700776
1790716608508 2175208 4023972 2700776
1790716608548 2252088 4023972 2700776
1790716608591 2252340 4023972 2700776
1790716608628 2252340 4023972 2700776
1790716608664 2252340 4023972 2700776
1790716608699 2252340 4023972 2700776
1790716608735 2252340 4023972 2700776
1790716608771 2252340 4023972 2700776
1790716608807 2252340 4023972 2700776
1790716608846 2252340 4023972 2700776
1790716608885 2252340 4023972 2700776
1790716608922 2252340 4023972 2700776
1790716608957 2252340 4023972 2700776
1790716608993 2252340 4023972 2700776
1790716609028 2252340 4023972 2700776
1790716609065 2252340 4023972 2700776
1790716609101 2252340 4023972 2700776
1790716609137 2252340 4023972 2700776
1790716609175 2252340 4023972 2700776
1790716609212 2252340 4023972 2700776
1790716609247 2252340 4023972 2700776
1790716609284 2252340 4023972 2700776
1790716609321 2252340 4023972 2700776
1790716609357 2252340 4023972 2700776
1790716609394 2252340 4023972 2700776
1790716609431 2252340 4023972 2700776
1790716609467 2252340 4023972 2700776
1790716609505 2252340 4023972 2700776
1790716609542 2252340 4023972 2700776
1790716609582 2252340 4023972 2700776
1790716609621 2252340 4023972 2700776
1790716609657 2252340 4023972 2700776
1790716609695 2252340 4023972 2700776
1790716609734 2252340 4023972 2700776
1790716609772 2252340 4023972 2700776
1790716609807 2252340 4023972 2700776
1790716609848 2252340 4023972 2700776
1790716609886 2252340 4023972 2700776
1790716609922 2252340 4023972 2700776
1790716609960 2252340 4023972 2700776
1790716609999 2252340 4023972 2700776
1790716610036 2252340 4023972 2700776
1790716610073 2252340 4023972 2700776
1790716610112 2252340 4023972 2700776
1790716610149 2252340 4023972 2700776
1790716610185 2252340 4023972 2700776
1790716610223 2252340 4023972 2700776
1790716610262 2252340 4023972 2700776
1790716610299 2252340 4023972 2700776
1790716610335 2252340 4023972 2700776
1790716610374 2252340 4023972 2700776
1790716610412 2252340 4023972 2700776
1790716610450 2252340 4023972 2700776
1790716610487 2252340 4023972 2700776
1790716610523 2252340 4023972 2700776
1790716610559 2252340 4023972 2700776
1790716610597 2252340 4023972 2700776
1790716610634 2252340 4023972 2700776
1790716610672 2252340 4023972 2700776
1790716610710 2252340 4023972 2700776
1790716610748 2252340 4023972 2700776
1790716610785 2252340 4023972 2700776
1790716610821 2252340 4023972 2700776
1790716610857 2252340 4023972 2700776
1790716610894 2252340 4023972 2700776
1790716610932 2252340 4023972 2700776
1790716610969 2252340 4023972 2700776
1790716611007 2252340 4023972 2700776
1790716611045 2252340 4023972 2700776
1790716611083 2252340 4023972 2700776
1790716611120 2252340 4023972 2700776
1790716611156 2252340 4023972 2700776
1790716611193 2252340 4023972 2700776
1790716611231 2252340 4023972 2700776
1790716611269 2252340 4023972 2700776
1790716611307 2252340 4023972 2700776
1790716611344 2252340 4023972 2700776
1790716611382 2252340 4023972 2700776
1790716611420 2252340 4023972 2700776
1790716611456 2252340 4023972 2700776
1790716611493 2252340 4023972 2700776
1790716611531 2252340 4023972 2700776
1790716611569 2252340 4023972 2700776
1790716611606 2252340 4023972 2700776
1790716611644 2252340 4023972 2700776
1790716611681 2252340 4023972 2700776
1790716611718 2252340 4023972 2700776
1790716611753 2252340 4023972 2700776
1790716611788 2252340 4023972 2700776
1790716611823 2252340 4023972 2700776
1790716611859 2252340 4023972 2700776
1790716611894 2252340 4023972 2700776
1790716611931 2252340 4023972 2700776
1790716611968 2252340 4023972 2700776
1790716612005 2252340 4023972 2700776
1790716612040 2252340 4023972 2700776
1790716612076 2252340 4023972 2700776
1790716612112 2252340 4023972 2700776
1790716612148 2252340 4023972 2700776
1790716612186 2252340 4023972 2700776
1790716612223 2252340 4023972 2700776
1790716612262 2252340 4023972 2700776
1790716612300 2252340 4023972 2700776
1790716612336 2252340 4023972 2700776
1790716612377 2252340 4023972 2700776
1790716612414 2252340 4023972 2700776
1790716612450 2252340 4023972 2700776
1790716612491 2252340 4023972 2700776
1790716612530 2252340 4023972 2700776
1790716612566 2252340 4023972 2700776
1790716612604 2252340 4023972 2700776
1790716612642 2252340 4023972 2700776
1790716612677 2252340 4023972 2700776
1790716612713 2252340 4023972 2700776
1790716612751 2252340 4023972 2700776
1790716612790 2252340 4023972 2700776
1790716612826 2252340 4023972 2700776
1790716612865 2252340 4023972 2700776
1790716612902 2252340 4023972 2700776
1790716612939 2252340 4023972 2700776
1790716612976 2252340 4023972 2700776
1790716613014 2252340 4023972 2700776
1790716613051 2252340 4023972 2700776
1790716613089 2252340 4023972 2700776
1790716613128 2252340 4023972 2700776
1790716613166 2252340 4023972 2700776
1790716613205 2252340 4023972 2700776
1790716613243 2252340 4023972 2700776
1790716613279 2252340 4023972 2700776
1790716613317 2252340 4023972 2700776
1790716613355 2252340 4023972 2700776
1790716613391 2252340 4023972 2700776
1790716613428 2252340 4023972 2700776
1790716613467 2252340 4023972 2700776
1790716613505 2252340 4023972 2700776
1790716613542 2252340 4023972 2700776
1790716613582 2252340 4023972 2700776
1790716613618 2252340 4023972 2700776
1790716613654 2252340 4023972 2700776
1790716613692 2252340 4023972 2700776
1790716613731 2252340 4023972 2700776
1790716613768 2252340 4023972 2700776
1790716613804 2252340 4023972 2700776
1790716613844 2252340 4023972 2700776
1790716613882 2252340 4023972 2700776
1790716613918 2252340 4023972 2700776
1790716613958 2252340 4023972 2700776
1790716613996 2252340 4023972 2700776
1790716614035 2252340 4023972 2700776
1790716614071 2252340 4023972 2700776
1790716614106 2252340 4023972 2700776
1790716614143 2252340 4023972 2700776
1790716614179 2252340 4023972 2700776
1790716614215 2252340 4023972 2700776
1790716614260 2252340 4023972 2700776
1790716614297 2252340 4023972 2700776
1790716614335 2252340 4023972 2700776
1790716614372 2252340 4023972 2700776
1790716614408 2252340 4023972 2700776
1790716614444 2252340 4023972 2700776
1790716614480 2252340 4023972 2700776
1790716614516 2252340 4023972 2700776
1790716614553 2252340 4023972 2700776
1790716614588 2252340 4023972 2700776
1790716614623 2252340 4023972 2700776
1790716614658 2252340 4023972 2700776
1790716614695 2252340 4023972 2700776
1790716614730 2252340 4023972 2700776
1790716614767 2252340 4023972 2700776
1790716614803 2252340 4023972 2700776
1790716614839 2252340 4023972 2700776
1790716614876 2252340 4023972 2700776
1790716614913 2252340 4023972 2700776
1790716614949 2252340 4023972 2700776
1790716614985 2252340 4023972 2700776
1790716615022 2252340 4023972 2700776
1790716615058 2252340 4023972 2700776
1790716615094 2252340 4023972 2700776
1790716615131 2252340 4023972 2700776
1790716615167 2252340 4023972 2700776
1790716615204 2252340 4023972 2700776
1790716615241 2252340 4023972 2700776
1790716615277 2252340 4023972 2700776
1790716615314 2252340 4023972 2700776
1790716615351 2252340 4023972 2700776
1790716615387 2252340 4023972 2700776
1790716615428 2252340 4023972 2700776
1790716615466 2252340 4023972 2700776
1790716615502 2252340 4023972 2700776
1790716615544 2252340 4023972 2700776
1790716615580 2252340 4023972 2700776
1790716615616 2252340 4023972 2700776
1790716615651 2252340 4023972 2700776
1790716615690 2252340 4023972 2700776
1790716615727 2252340 4023972 2700776
1790716615764 2252340 4023972 2700776
1790716615805 2252340 4023972 2700776
1790716615843 2252340 4023972 2700776
1790716615880 2252340 4023972 2700776
1790716615916 2252340 4023972 2700776
1790716615953 2252340 4023972 2700776
1790716615989 2252340 4023972 2700776
1790716616025 2252340 4023972 2700776
1790716616065 2252340 4023972 2700776
1790716616104 2252340 4023972 2700776
1790716616142 2252340 4023972 2700776
1790716616180 2252340 4023972 2700776
1790716616217 2252340 4023972 2700776
1790716616256 2252340 4023972 2700776
1790716616293 2252340 4023972 2700776
1790716616330 2252340 4023972 2700776
1790716616367 2252340 4023972 2700776
1790716616405 2252340 4023972 2700776
1790716616443 2252340 4023972 2700776
1790716616481 2252340 4023972 2700776
1790716616519 2252340 4023972 2700776
1790716616557 2252340 4023972 2700776
1790716616595 2252340 4023972 2700776
1790716616631 2252340 4023972 2700776
1790716616667 2252340 4023972 2700776
1790716616704 2252340 4023972 2700776
1790716616741 2252340 4023972 2700776
1790716616779 2252340 4023972 2700776
1790716616817 2252340 4023972 2700776
1790716616854 2252340 4023972 2700776
1790716616893 2252340 4023972 2700776
1790716616931 2252340 4023972 2700776
1790716616969 2252340 4023972 2700776
1790716617005 2252340 4023972 2700776
1790716617041 2252340 4023972 2700776
1790716617078 2252340 4023972 2700776
1790716617116 2252340 4023972 2700776
1790716617154 2252340 4023972 2700776
1790716617193 2252340 4023972 2700776
1790716617230 2252340 4023972 2700776
1790716617268 2252340 4023972 2700776
1790716617306 2252340 4023972 2700776
1790716617343 2252340 4023972 2700776
1790716617378 2252340 4023972 2700776
1790716617415 2252340 4023972 2700776
1790716617452 2252340 4023972 2700776
1790716617488 2252340 4023972 2700776
1790716617524 2252340 4023972 2700776
1790716617560 2252340 4023972 2700776
1790716617596 2252340 4023972 2700776
1790716617633 2252340 4023972 2700776
1790716617668 2252340 4023972 2700776
1790716617706 2252340 4023972 2700776
1790716617742 2252340 4023972 2700776
1790716617779 2252340 4023972 2700776
1790716617815 2252340 4023972 2700776
1790716617851 2252340 4023972 2700776
1790716617887 2252340 4023972 2700776
1790716617923 2252340 4023972 2700776
1790716617959 2252340 4023972 2700776
1790716617995 2252340 4023972 2700776
1790716618033 2252340 4023972 2700776
1790716618070 2252340 4023972 2700776
1790716618106 2252340 4023972 2700776
1790716618146 2252340 4023972 2700776
1790716618183 2252340 4023972 2700776
1790716618219 2252340 4023972 2700776
1790716618259 2252340 4023972 2700776
1790716618297 2252340 4023972 2700776
1790716618333 2252340 4023972 2700776
1790716618371 2252340 4023972 2700776
1790716618410 2252340 4023972 2700776
1790716618447 2252340 4023972 2700776
1790716618483 2252340 4023972 2700776
1790716618523 2252340 4023972 2700776
1790716618558 2252340 4023972 2700776
1790716618594 2252340 4023972 2700776
1790716618634 2252340 4023972 2700776
1790716618672 2252340 4023972 2700776
1790716618708 2252340 4023972 2700776
1790716618746 2252340 4023972 2700776
1790716618785 2252340 4023972 2700776
1790716618822 2252340 4023972 2700776
1790716618858 2252340 4023972 2700776
1790716618895 2252340 4023972 2700776
1790716618930 2252340 4023972 2700776
1790716618971 2252340 4023972 2700776
1790716619007 2252340 4023972 2700776
1790716619046 2252340 4023972 2700776
1790716619088 2252340 4023972 2700776
1790716619126 2252340 4023972 2700776
1790716619162 2252340 4023972 2700776
1790716619201 2252340 4023972 2700776
1790716619239 2252340 4023972 2700776
1790716619274 2252340 4023972 2700776
1790716619310 2252340 4023972 2700776
1790716619347 2252340 4023972 2700776
1790716619382 2252340 4023972 2700776
1790716619416 2252340 4023972 2700776
1790716619454 2252340 4023972 2700776
1790716619493 2252340 4023972 2700776
1790716619530 2252340 4023972 2700776
1790716619566 2252340 4023972 2700776
1790716619606 2252340 4023972 2700776
1790716619644 2252340 4023972 2700776
1790716619682 2252340 4023972 2700776
1790716619722 2252340 4023972 2700776
1790716619760 2252340 4023972 2700776
1790716619795 2252340 4023972 2700776
1790716619830 2252340 4023972 2700776
1790716619865 2252340 4023972 2700776
1790716619902 2252340 4023972 2700776
1790716619936 2252340 4023972 2700776
1790716619972 2276916 4023972 2700776
1790716620017 2301492 4023972 2700776
1790716620053 2301492 4023972 2700776
1790716620088 2227892 4023972 2700776
1790716620123 2227892 4023972 2700776
1790716620158 2227892 4023972 2700776
1790716620192 2227892 4023972 2700776
1790716620228 2227892 4023972 2700776
1790716620263 2227892 4023972 2700776
1790716620301 2227892 4023972 2700776
1790716620339 2227892 4023972 2700776
1790716620375 2227892 4023972 2700776
1790716620410 2227892 4023972 2700776
1790716620446 2227892 4023972 2700776
1790716620480 2227892 4023972 2700776
1790716620515 2227892 4023972 2700776
1790716620552 2227892 4023972 2700776
1790716620586 2227892 4023972 2700776
1790716620623 2227892 4023972 2700776
1790716620661 2227892 4023972 2700776
1790716620697 2227892 4023972 2700776
1790716620732 2227892 4023972 2700776
1790716620769 2227892 4023972 2700776
1790716620804 2227892 4023972 2700776
1790716620839 2227892 4023972 2700776
1790716620876 2227892 4023972 2700776
1790716620913 2227892 4023972 2700776
1790716620948 2227892 4023972 2700776
1790716620986 2227892 4023972 2700776
1790716621023 2227892 4023972 2700776
1790716621059 2227892 4023972 2700776
1790716621096 2227892 4023972 2700776
1790716621132 2227892 4023972 2700776
1790716621168 2227892 4023972 2700776
1790716621209 2227892 4023972 2700776
1790716621246 2227892 4023972 2700776
1790716621282 2227892 4023972 2700776
1790716621322 2233908 4023972 2700776
1790716621361 2233908 4023972 2700776
1790716621397 2233908 4023972 2700776
1790716621433 2246196 4023972 2700776
1790716621471 2246196 4023972 2700776
1790716621507 2246196 4023972 2700776
1790716621544 2246196 4023972 2700776
1790716621584 2252340 4023972 2700776
1790716621622 2252340 4023972 2700776
1790716621658 2252340 4023972 2700776
1790716621695 2258484 4023972 2700776
1790716621731 2258484 4023972 2700776
1790716621767 2258484 4023972 2700776
1790716621803 2258484 4023972 2700776
1790716621843 2264628 4023972 2700776
1790716621881 2264628 4023972 2700776
1790716621919 2264628 4023972 2700776
1790716621957 2264628 4023972 2700776
1790716621996 2264628 4023972 2700776
1790716622032 2264628 4023972 2700776
1790716622069 2264628 4023972 2700776
1790716622106 2264628 4023972 2700776
1790716622144 2264628 4023972 2700776
1790716622181 2264628 4023972 2700776
1790716622218 2264628 4023972 2700776
1790716622255 2264628 4023972 2700776
1790716622293 2264628 4023972 2700776
1790716622329 2264628 4023972 2700776
1790716622365 2264628 4023972 2700776
1790716622402 2264628 4023972 2700776
1790716622439 2264628 4023972 2700776
1790716622477 2264628 4023972 2700776
1790716622514 2264628 4023972 2700776
1790716622551 2264628 4023972 2700776
1790716622589 2264628 4023972 2700776
1790716622626 2264628 4023972 2700776
1790716622662 2264628 4023972 2700776
1790716622699 2264628 4023972 2700776
1790716622736 2264628 4023972 2700776
1790716622774 2264628 4023972 2700776
1790716622812 2264628 4023972 2700776
1790716622849 2264628 4023972 2700776
1790716622887 2264628 4023972 2700776
1790716622925 2264628 4023972 2700776
1790716622960 2264628 4023972 2700776
1790716622997 2264628 4023972 2700776
1790716623033 2264628 4023972 2700776
1790716623070 2264628 4023972 2700776
1790716623107 2264628 4023972 2700776
1790716623144 2264628 4023972 2700776
1790716623180 2264628 4023972 2700776
1790716623217 2264628 4023972 2700776
1790716623253 2264628 4023972 2700776
1790716623289 2264628 4023972 2700776
1790716623325 2264628 4023972 2700776
1790716623360 2264628 4023972 2700776
1790716623395 2264628 4023972 2700776
1790716623431 2264628 4023972 2700776
1790716623469 2264628 4023972 2700776
1790716623506 2264628 4023972 2700776
1790716623543 2264628 4023972 2700776
1790716623578 2264628 4023972 2700776
1790716623615 2264628 4023972 2700776
1790716623651 2264628 4023972 2700776
1790716623688 2264628 4023972 2700776
1790716623726 2264628 4023972 2700776
1790716623763 2264628 4023972 2700776
1790716623802 2264628 4023972 2700776
1790716623840 2264628 4023972 2700776
1790716623877 2264628 4023972 2700776
1790716623914 2264628 4023972 2700776
1790716623950 2264628 4023972 2700776
1790716623985 2264628 4023972 2700776
1790716624024 2264628 4023972 2700776
1790716624062 2264628 4023972 2700776
1790716624098 2264628 4023972 2700776
1790716624137 2264628 4023972 2700776
1790716624176 2264628 4023972 2700776
1790716624213 2264628 4023972 2700776
1790716624250 2264628 4023972 2700776
1790716624289 2264628 4023972 2700776
1790716624326 2264628 4023972 2700776
1790716624362 2264628 4023972 2700776
1790716624402 2276916 4023972 2700776
1790716624439 2276916 4023972 2700776
1790716624474 2276916 4023972 2700776
1790716624515 2276916 4023972 2700776
1790716624554 2276916 4023972 2700776
1790716624591 2276916 4023972 2700776
1790716624630 2276916 4023972 2700776
1790716624669 2276916 4023972 2700776
1790716624708 2276916 4023972 2700776
1790716624744 2276916 4023972 2700776
1790716624780 2276916 4023972 2700776
1790716624818 2276920 4023972 2700776
1790716624857 2276920 4023972 2700776
1790716624894 2276920 4023972 2700776
1790716624930 2276920 4023972 2700776
1790716624969 2276920 4023972 2700776
1790716625007 2276920 4023972 2700776
1790716625044 2276920 4023972 2700776
1790716625085 2283064 4023972 2700776
1790716625121 2283064 4023972 2700776
1790716625157 2283064 4023972 2700776
1790716625196 2283064 4023972 2700776
1790716625235 2283064 4023972 2700776
1790716625271 2283064 4023972 2700776
1790716625309 2283064 4023972 2700776
1790716625348 2283064 4023972 2700776
1790716625385 2283064 4023972 2700776
1790716625422 2283064 4023972 2700776
1790716625461 2283064 4023972 2700776
1790716625499 2283064 4023972 2700776
1790716625534 2283064 4023972 2700776
1790716625567 2283064 4023972 2700776
1790716625601 2304236 4023972 2700776
1790716625638 2320620 4023972 2700776
1790716625674 2334956 4023972 2700776
1790716625711 2350124 4023972 2700776
1790716625757 2399800 4023972 2700776
1790716625797 2399800 4023972 2700776
1790716625836 2301624 4023972 2700776
1790716625872 2301624 4023972 2700776
1790716625907 2301624 4023972 2700776
1790716625943 2301624 4023972 2700776
1790716625978 2301624 4023972 2700776
1790716626014 2301624 4023972 2700776
1790716626054 2301624 4023972 2700776
1790716626091 2301624 4023972 2700776
1790716626128 2301624 4023972 2700776
1790716626164 2301624 4023972 2700776
1790716626201 2301624 4023972 2700776
1790716626237 2301624 4023972 2700776
1790716626271 2301624 4023972 2700776
1790716626307 2301624 4023972 2700776
1790716626343 2301624 4023972 2700776
1790716626379 2301624 4023972 2700776
1790716626416 2301624 4023972 2700776
1790716626453 2301624 4023972 2700776
1790716626490 2301624 4023972 2700776
1790716626528 2301624 4023972 2700776
1790716626564 2301624 4023972 2700776
1790716626600 2301624 4023972 2700776
1790716626636 2301624 4023972 2700776
1790716626672 2301624 4023972 2700776
1790716626710 2301624 4023972 2700776
1790716626748 2301624 4023972 2700776
1790716626786 2301624 4023972 2700776
1790716626823 2301624 4023972 2700776
1790716626860 2301624 4023972 2700776
1790716626897 2301624 4023972 2700776
1790716626936 2301624 4023972 2700776
1790716626972 2301624 4023972 2700776
1790716627008 2301624 4023972 2700776
1790716627048 2307640 4023972 2700776
1790716627087 2307640 4023972 2700776
1790716627124 2307640 4023972 2700776
1790716627161 2332216 4023972 2700776
1790716627200 2332216 4023972 2700776
1790716627238 2332216 4023972 2700776
1790716627276 2332216 4023972 2700776
1790716627315 2332216 4023972 2700776
1790716627351 2332216 4023972 2700776
1790716627388 2332216 4023972 2700776
1790716627429 2332216 4023972 2700776
1790716627467 2332216 4023972 2700776
1790716627504 2332216 4023972 2700776
1790716627542 2332216 4023972 2700776
1790716627581 2332216 4023972 2700776
1790716627620 2332216 4023972 2700776
1790716627659 2332216 4023972 2700776
1790716627696 2332216 4023972 2700776
1790716627733 2332216 4023972 2700776
1790716627772 2332216 4023972 2700776
1790716627810 2332216 4023972 2700776
1790716627849 2332216 4023972 2700776
1790716627887 2332216 4023972 2700776
1790716627925 2332216 4023972 2700776
1790716627964 2332216 4023972 2700776
1790716628000 2332216 4023972 2700776
1790716628037 2332216 4023972 2700776
1790716628074 2332216 4023972 2700776
1790716628112 2332216 4023972 2700776
1790716628151 2332216 4023972 2700776
1790716628189 2332216 4023972 2700776
1790716628227 2332216 4023972 2700776
1790716628265 2332216 4023972 2700776
1790716628303 2332216 4023972 2700776
1790716628342 2332216 4023972 2700776
1790716628379 2332216 4023972 2700776
1790716628416 2332216 4023972 2700776
1790716628454 2332216 4023972 2700776
1790716628492 2332216 4023972 2700776
1790716628530 2332216 4023972 2700776
1790716628568 2332216 4023972 2700776
1790716628606 2332216 4023972 2700776
1790716628644 2332216 4023972 2700776
1790716628682 2332216 4023972 2700776
1790716628719 2332216 4023972 2700776
1790716628755 2332216 4023972 2700776
1790716628791 2332216 4023972 2700776
1790716628829 2332216 4023972 2700776
1790716628865 2332216 4023972 2700776
1790716628902 2332216 4023972 2700776
1790716628939 2332216 4023972 2700776
1790716628976 2332216 4023972 2700776
1790716629012 2332216 4023972 2700776
1790716629048 2332216 4023972 2700776
1790716629083 2332216 4023972 2700776
1790716629119 2332216 4023972 2700776
1790716629157 2332216 4023972 2700776
1790716629194 2332216 4023972 2700776
1790716629231 2332216 4023972 2700776
1790716629268 2332216 4023972 2700776
1790716629304 2332216 4023972 2700776
1790716629340 2332216 4023972 2700776
1790716629377 2332216 4023972 2700776
1790716629414 2332216 4023972 2700776
1790716629452 2332216 4023972 2700776
1790716629488 2332216 4023972 2700776
1790716629525 2332216 4023972 2700776
1790716629564 2332216 4023972 2700776
1790716629603 2332216 4023972 2700776
1790716629641 2332216 4023972 2700776
1790716629678 2332216 4023972 2700776
1790716629717 2332216 4023972 2700776
1790716629753 2332216 4023972 2700776
1790716629789 2332216 4023972 2700776
1790716629829 2332216 4023972 2700776
1790716629869 2332216 4023972 2700776
1790716629906 2332216 4023972 2700776
1790716629944 2332216 4023972 2700776
1790716629985 2332216 4023972 2700776
1790716630023 2332216 4023972 2700776
1790716630061 2332216 4023972 2700776
1790716630100 2332216 4023972 2700776
1790716630137 2332216 4023972 2700776
1790716630189 2332216 4023972 2700776
1790716630228 2332216 4023972 2700776
1790716630267 2332216 4023972 2700776
1790716630305 2332216 4023972 2700776
1790716630343 2332216 4023972 2700776
1790716630380 2332216 4023972 2700776
1790716630418 2332216 4023972 2700776
1790716630454 2332216 4023972 2700776
1790716630493 2332216 4023972 2700776
1790716630533 2332216 4023972 2700776
1790716630571 2332216 4023972 2700776
1790716630608 2332216 4023972 2700776
1790716630646 2332216 4023972 2700776
1790716630683 2332216 4023972 2700776
1790716630719 2332216 4023972 2700776
1790716630755 2332216 4023972 2700776
1790716630796 2338360 4023972 2700776
1790716630836 2338360 4023972 2700776
1790716630873 2338360 4023972 2700776
1790716630914 2338360 4023972 2700776
1790716630953 2338360 4023972 2700776
1790716630990 2338360 4023972 2700776
1790716631027 2338360 4023972 2700776
1790716631066 2338360 4023972 2700776
1790716631103 2338360 4023972 2700776
1790716631141 2338360 4023972 2700776
1790716631181 2338360 4023972 2700776
1790716631222 2338360 4023972 2700776
1790716631259 2338360 4023972 2700776
1790716631295 2338360 4023972 2700776
1790716631330 2350648 4023972 2700776
1790716631367 2350648 4023972 2700776
1790716631403 2365676 4023972 2700776
1790716631439 2399800 4023972 2700776
1790716631485 2473924 4023972 2700776
1790716631525 2301624 4023972 2700776
1790716631562 2301624 4023972 2700776
1790716631600 2301624 4023972 2700776
1790716631635 2301624 4023972 2700776
1790716631671 2301624 4023972 2700776
1790716631706 2301624 4023972 2700776
1790716631742 2301624 4023972 2700776
1790716631779 2301624 4023972 2700776
1790716631818 2301624 4023972 2700776
1790716631855 2301624 4023972 2700776
1790716631892 2301624 4023972 2700776
1790716631929 2301624 4023972 2700776
1790716631964 2301624 4023972 2700776
1790716632000 2301624 4023972 2700776
1790716632037 2301624 4023972 2700776
1790716632073 2301624 4023972 2700776
1790716632109 2301624 4023972 2700776
1790716632146 2301624 4023972 2700776
1790716632184 2301624 4023972 2700776
1790716632221 2301624 4023972 2700776
1790716632257 2301624 4023972 2700776
1790716632294 2301624 4023972 2700776
1790716632330 2301624 4023972 2700776
1790716632367 2301624 4023972 2700776
1790716632404 2301624 4023972 2700776
1790716632441 2301624 4023972 2700776
1790716632477 2301624 4023972 2700776
1790716632516 2301624 4023972 2700776
1790716632552 2301624 4023972 2700776
1790716632589 2301624 4023972 2700776
1790716632626 2301624 4023972 2700776
1790716632664 2301624 4023972 2700776
1790716632705 2338360 4023972 2700776
1790716632745 2338360 4023972 2700776
1790716632781 2338360 4023972 2700776
1790716632819 2338360 4023972 2700776
1790716632858 2338360 4023972 2700776
1790716632894 2338360 4023972 2700776
1790716632930 2338360 4023972 2700776
1790716632970 2344504 4023972 2700776
1790716633010 2344504 4023972 2700776
1790716633047 2344504 4023972 2700776
1790716633086 2375224 4023972 2700776
1790716633126 2375224 4023972 2700776
1790716633165 2375224 4023972 2700776
1790716633202 2375224 4023972 2700776
1790716633243 2375224 4023972 2700776
1790716633281 2375224 4023972 2700776
1790716633319 2375224 4023972 2700776
1790716633358 2375224 4023972 2700776
1790716633398 2375224 4023972 2700776
1790716633436 2375224 4023972 2700776
1790716633474 2375224 4023972 2700776
1790716633512 2375224 4023972 2700776
1790716633549 2375224 4023972 2700776
1790716633586 2375224 4023972 2700776
1790716633624 2375224 4023972 2700776
1790716633663 2375224 4023972 2700776
1790716633701 2375224 4023972 2700776
1790716633739 2375224 4023972 2700776
1790716633777 2375224 4023972 2700776
1790716633815 2375224 4023972 2700776
1790716633852 2375224 4023972 2700776
1790716633889 2375224 4023972 2700776
1790716633926 2375224 4023972 2700776
1790716633964 2375224 4023972 2700776
1790716634003 2375224 4023972 2700776
1790716634041 2375224 4023972 2700776
1790716634078 2375224 4023972 2700776
1790716634116 2375224 4023972 2700776
1790716634153 2375224 4023972 2700776
1790716634189 2375224 4023972 2700776
1790716634227 2375224 4023972 2700776
1790716634265 2375224 4023972 2700776
1790716634303 2375224 4023972 2700776
1790716634341 2375224 4023972 2700776
1790716634379 2375224 4023972 2700776
1790716634417 2375224 4023972 2700776
1790716634456 2375224 4023972 2700776
1790716634492 2375224 4023972 2700776
1790716634529 2375224 4023972 2700776
1790716634567 2375224 4023972 2700776
1790716634602 2375224 4023972 2700776
1790716634637 2375224 4023972 2700776
1790716634673 2375224 4023972 2700776
1790716634708 2375224 4023972 2700776
1790716634744 2375224 4023972 2700776
1790716634781 2375224 4023972 2700776
1790716634818 2375224 4023972 2700776
1790716634856 2375224 4023972 2700776
1790716634895 2375224 4023972 2700776
1790716634932 2375224 4023972 2700776
1790716634970 2375224 4023972 2700776
1790716635005 2375224 4023972 2700776
1790716635041 2375224 4023972 2700776
1790716635076 2375224 4023972 2700776
1790716635112 2375224 4023972 2700776
1790716635147 2375224 4023972 2700776
1790716635183 2375224 4023972 2700776
1790716635219 2375224 4023972 2700776
1790716635258 2375224 4023972 2700776
1790716635295 2375224 4023972 2700776
1790716635330 2375224 4023972 2700776
1790716635369 2375224 4023972 2700776
1790716635406 2375224 4023972 2700776
1790716635441 2375224 4023972 2700776
1790716635476 2375224 4023972 2700776
1790716635517 2375224 4023972 2700776
1790716635556 2375224 4023972 2700776
1790716635594 2375224 4023972 2700776
1790716635635 2375224 4023972 2700776
1790716635673 2375224 4023972 2700776
1790716635711 2375224 4023972 2700776
1790716635751 2375224 4023972 2700776
1790716635788 2375224 4023972 2700776
1790716635825 2375224 4023972 2700776
1790716635863 2375224 4023972 2700776
1790716635898 2375224 4023972 2700776
1790716635934 2375224 4023972 2700776
1790716635971 2375224 4023972 2700776
1790716636011 2375224 4023972 2700776
1790716636049 2375224 4023972 2700776
1790716636084 2375224 4023972 2700776
1790716636124 2375224 4023972 2700776
1790716636163 2375224 4023972 2700776
1790716636204 2375224 4023972 2700776
1790716636241 2375224 4023972 2700776
1790716636279 2375224 4023972 2700776
1790716636317 2375224 4023972 2700776
1790716636357 2375224 4023972 2700776
1790716636394 2375224 4023972 2700776
1790716636431 2375224 4023972 2700776
1790716636466 2375224 4023972 2700776
1790716636501 2375224 4023972 2700776
1790716636535 2375224 4023972 2700776
1790716636573 2375224 4023972 2700776
1790716636608 2375224 4023972 2700776
1790716636643 2375224 4023972 2700776
1790716636682 2393656 4023972 2700776
1790716636719 2393656 4023972 2700776
1790716636757 2393656 4023972 2700776
1790716636794 2393656 4023972 2700776
1790716636835 2393656 4023972 2700776
1790716636873 2393656 4023972 2700776
1790716636911 2393656 4023972 2700776
1790716636950 2332344 4023972 2700776
1790716636989 2332344 4023972 2700776
1790716637027 2332344 4023972 2700776
1790716637061 2332404 4023972 2700776
1790716637094 2347244 4023972 2700776
1790716637128 2375224 4023972 2700776
1790716637164 2375224 4023972 2700776
1790716637200 2390252 4023972 2700776
1790716637235 2424376 4023972 2700776
1790716637274 2522680 4023972 2700776
1790716637310 2449080 4023972 2700776
1790716637345 2326200 4023972 2700776
1790716637380 2326200 4023972 2700776
1790716637414 2326200 4023972 2700776
1790716637448 2326200 4023972 2700776
1790716637486 2326200 4023972 2700776
1790716637521 2326200 4023972 2700776
1790716637558 2326200 4023972 2700776
1790716637593 2326200 4023972 2700776
1790716637629 2326200 4023972 2700776
1790716637663 2326200 4023972 2700776
1790716637699 2326200 4023972 2700776
1790716637734 2326200 4023972 2700776
1790716637769 2326200 4023972 2700776
1790716637806 2326200 4023972 2700776
1790716637843 2326200 4023972 2700776
1790716637881 2326200 4023972 2700776
1790716637919 2326200 4023972 2700776
1790716637956 2326200 4023972 2700776
1790716637996 2326200 4023972 2700776
1790716638034 2326200 4023972 2700776
1790716638071 2326200 4023972 2700776
1790716638110 2326200 4023972 2700776
1790716638146 2326200 4023972 2700776
1790716638183 2326200 4023972 2700776
1790716638220 2326200 4023972 2700776
1790716638255 2326200 4023972 2700776
1790716638295 2326200 4023972 2700776
1790716638332 2326200 4023972 2700776
1790716638370 2326200 4023972 2700776
1790716638409 2344504 4023972 2700776
1790716638448 2344504 4023972 2700776
1790716638485 2344504 4023972 2700776
1790716638524 2362936 4023972 2700776
1790716638564 2362936 4023972 2700776
1790716638602 2362936 4023972 2700776
1790716638640 2362936 4023972 2700776
1790716638679 2362936 4023972 2700776
1790716638716 2362936 4023972 2700776
1790716638750 2362936 4023972 2700776
1790716638789 2375224 4023972 2700776
1790716638826 2375224 4023972 2700776
1790716638861 2375224 4023972 2700776
1790716638896 2375224 4023972 2700776
1790716638938 2375224 4023972 2700776
1790716638974 2375224 4023972 2700776
1790716639009 2375224 4023972 2700776
1790716639047 2375224 4023972 2700776
1790716639083 2375224 4023972 2700776
1790716639118 2375224 4023972 2700776
1790716639158 2375224 4023972 2700776
1790716639196 2375224 4023972 2700776
1790716639235 2375224 4023972 2700776
1790716639274 2375224 4023972 2700776
1790716639313 2375224 4023972 2700776
1790716639350 2375224 4023972 2700776
1790716639385 2375224 4023972 2700776
1790716639420 2375224 4023972 2700776
1790716639455 2375224 4023972 2700776
1790716639490 2375224 4023972 2700776
1790716639525 2375224 4023972 2700776
1790716639561 2375224 4023972 2700776
1790716639596 2375224 4023972 2700776
1790716639632 2375224 4023972 2700776
1790716639667 2375224 4023972 2700776
1790716639703 2375224 4023972 2700776
1790716639739 2375224 4023972 2700776
1790716639778 2375224 4023972 2700776
1790716639815 2375224 4023972 2700776
1790716639851 2375224 4023972 2700776
1790716639889 2375224 4023972 2700776
1790716639926 2375224 4023972 2700776
1790716639965 2375224 4023972 2700776
1790716640003 2375224 4023972 2700776
1790716640042 2375224 4023972 2700776
1790716640080 2375224 4023972 2700776
1790716640118 2375224 4023972 2700776
1790716640155 2375224 4023972 2700776
1790716640191 2375224 4023972 2700776
1790716640226 2375224 4023972 2700776
1790716640262 2375224 4023972 2700776
1790716640297 2375224 4023972 2700776
1790716640333 2375224 4023972 2700776
1790716640368 2375224 4023972 2700776
1790716640404 2375224 4023972 2700776
1790716640438 2375224 4023972 2700776
1790716640473 2375224 4023972 2700776
1790716640507 2375224 4023972 2700776
1790716640541 2375224 4023972 2700776
1790716640575 2375224 4023972 2700776
1790716640608 2375224 4023972 2700776
1790716640647 2375224 4023972 2700776
1790716640686 2375224 4023972 2700776
1790716640725 2375224 4023972 2700776
1790716640765 2375224 4023972 2700776
1790716640805 2375224 4023972 2700776
1790716640845 2375224 4023972 2700776
1790716640883 2375224 4023972 2700776
1790716640920 2375224 4023972 2700776
1790716640957 2375224 4023972 2700776
1790716640993 2375224 4023972 2700776
1790716641031 2381368 4023972 2700776
1790716641069 2381368 4023972 2700776
1790716641104 2381368 4023972 2700776
1790716641139 2393472 4023972 2700776
1790716641179 2418232 4023972 2700776
1790716641218 2418232 4023972 2700776
1790716641256 2418232 4023972 2700776
1790716641297 2418232 4023972 2700776
1790716641337 2418232 4023972 2700776
1790716641375 2418232 4023972 2700776
1790716641412 2424376 4023972 2700776
1790716641448 2424376 4023972 2700776
1790716641483 2424376 4023972 2700776
1790716641518 2424376 4023972 2700776
1790716641555 2424376 4023972 2700776
1790716641591 2424376 4023972 2700776
1790716641626 2424376 4023972 2700776
1790716641661 2424376 4023972 2700776
1790716641697 2424376 4023972 2700776
1790716641733 2424376 4023972 2700776
1790716641768 2424376 4023972 2700776
1790716641808 2424376 4023972 2700776
1790716641845 2424376 4023972 2700776
1790716641883 2424376 4023972 2700776
1790716641923 2424376 4023972 2700776
1790716641960 2424376 4023972 2700776
1790716641996 2424376 4023972 2700776
1790716642032 2424376 4023972 2700776
1790716642067 2424376 4023972 2700776
1790716642102 2424376 4023972 2700776
1790716642139 2424376 4023972 2700776
1790716642175 2424376 4023972 2700776
1790716642211 2424376 4023972 2700776
1790716642249 2424376 4023972 2700776
1790716642291 2424376 4023972 2700776
1790716642330 2424376 4023972 2700776
1790716642367 2424376 4023972 2700776
1790716642407 2424376 4023972 2700776
1790716642446 2424376 4023972 2700776
1790716642484 2424376 4023972 2700776
1790716642524 2424376 4023972 2700776
1790716642563 2424376 4023972 2700776
1790716642601 2424376 4023972 2700776
1790716642639 2424376 4023972 2700776
1790716642679 2424376 4023972 2700776
1790716642721 2424376 4023972 2700776
1790716642757 2424376 4023972 2700776
1790716642794 2424376 4023972 2700776
1790716642832 2424376 4023972 2700776
1790716642871 2424380 4023972 2700776
1790716642908 2441452 4023972 2700776
1790716642946 2467384 4023972 2700776
1790716642991 2516536 4023972 2700776
1790716643030 2516536 4023972 2700776
1790716643068 2516536 4023972 2700776
1790716643104 2516536 4023972 2700776
1790716643138 2516536 4023972 2700776
1790716643174 2516536 4023972 2700776
1790716643208 2516536 4023972 2700776
1790716643241 2418360 4023972 2700776
1790716643279 2418360 4023972 2700776
1790716643314 2418360 4023972 2700776
1790716643350 2418360 4023972 2700776
1790716643386 2418360 4023972 2700776
1790716643422 2418360 4023972 2700776
1790716643458 2418360 4023972 2700776
1790716643497 2418360 4023972 2700776
1790716643535 2418360 4023972 2700776
1790716643574 2418360 4023972 2700776
1790716643613 2418360 4023972 2700776
1790716643652 2418360 4023972 2700776
1790716643691 2418360 4023972 2700776
1790716643729 2418360 4023972 2700776
1790716643766 2418360 4023972 2700776
1790716643803 2418360 4023972 2700776
1790716643841 2418360 4023972 2700776
1790716643876 2418360 4023972 2700776
1790716643911 2418360 4023972 2700776
1790716643947 2418360 4023972 2700776
1790716643983 2418360 4023972 2700776
1790716644022 2418360 4023972 2700776
1790716644061 2418360 4023972 2700776
1790716644101 2418360 4023972 2700776
1790716644142 2418360 4023972 2700776
1790716644180 2418360 4023972 2700776
1790716644218 2418360 4023972 2700776
1790716644255 2418360 4023972 2700776
1790716644291 2418360 4023972 2700776
1790716644326 2418360 4023972 2700776
1790716644360 2418360 4023972 2700776
1790716644396 2418360 4023972 2700776
1790716644431 2418360 4023972 2700776
1790716644466 2418360 4023972 2700776
1790716644501 2421304 4023972 2700776
1790716644542 2439736 4023972 2700776
1790716644579 2439736 4023972 2700776
1790716644614 2439736 4023972 2700776
1790716644654 2439736 4023972 2700776
1790716644692 2439736 4023972 2700776
1790716644727 2439736 4023972 2700776
1790716644765 2439736 4023972 2700776
1790716644806 2439736 4023972 2700776
1790716644845 2366136 4023972 2700776
1790716644884 2366136 4023972 2700776
1790716644923 2366136 4023972 2700776
1790716644962 2366136 4023972 2700776
1790716645001 2366136 4023972 2700776
1790716645037 2366136 4023972 2700776
1790716645073 2366136 4023972 2700776
1790716645108 2366136 4023972 2700776
1790716645144 2366136 4023972 2700776
1790716645179 2366136 4023972 2700776
1790716645215 2366136 4023972 2700776
1790716645250 2366136 4023972 2700776
1790716645286 2366136 4023972 2700776
1790716645324 2366136 4023972 2700776
1790716645361 2366136 4023972 2700776
1790716645396 2366136 4023972 2700776
1790716645431 2366136 4023972 2700776
1790716645467 2366136 4023972 2700776
1790716645502 2366136 4023972 2700776
1790716645537 2366136 4023972 2700776
1790716645572 2366136 4023972 2700776
1790716645608 2366136 4023972 2700776
1790716645644 2366136 4023972 2700776
1790716645679 2366136 4023972 2700776
1790716645719 2366136 4023972 2700776
1790716645759 2366136 4023972 2700776
1790716645796 2366136 4023972 2700776
1790716645835 2366136 4023972 2700776
1790716645873 2366136 4023972 2700776
1790716645912 2366136 4023972 2700776
1790716645952 2366136 4023972 2700776
1790716645991 2366136 4023972 2700776
1790716646030 2366136 4023972 2700776
1790716646066 2366136 4023972 2700776
1790716646104 2366136 4023972 2700776
1790716646142 2366136 4023972 2700776
1790716646178 2366136 4023972 2700776
1790716646215 2366136 4023972 2700776
1790716646252 2366136 4023972 2700776
1790716646288 2366136 4023972 2700776
1790716646324 2366136 4023972 2700776
1790716646359 2366136 4023972 2700776
1790716646397 2366136 4023972 2700776
1790716646436 2366136 4023972 2700776
1790716646473 2366136 4023972 2700776
1790716646508 2366136 4023972 2700776
1790716646545 2366136 4023972 2700776
1790716646581 2366136 4023972 2700776
1790716646617 2366136 4023972 2700776
1790716646655 2366136 4023972 2700776
1790716646693 2366136 4023972 2700776
1790716646731 2366136 4023972 2700776
1790716646769 2372152 4023972 2700776
1790716646807 2384440 4023972 2700776
1790716646845 2415160 4023972 2700776
1790716646883 2415160 4023972 2700776
1790716646920 2415160 4023972 2700776
1790716646957 2415160 4023972 2700776
1790716646998 2415160 4023972 2700776
1790716647036 2415160 4023972 2700776
1790716647075 2415160 4023972 2700776
1790716647116 2439736 4023972 2700776
1790716647156 2439736 4023972 2700776
1790716647192 2439736 4023972 2700776
1790716647229 2439736 4023972 2700776
1790716647266 2439736 4023972 2700776
1790716647303 2439736 4023972 2700776
1790716647340 2439736 4023972 2700776
1790716647381 2439736 4023972 2700776
1790716647420 2439736 4023972 2700776
1790716647459 2439736 4023972 2700776
1790716647500 2439736 4023972 2700776
1790716647540 2372280 4023972 2700776
1790716647578 2372280 4023972 2700776
1790716647616 2372280 4023972 2700776
1790716647653 2372280 4023972 2700776
1790716647692 2372280 4023972 2700776
1790716647732 2372280 4023972 2700776
1790716647770 2385164 4023972 2700776
1790716647806 2397448 4023972 2700776
1790716647843 2433592 4023972 2700776
1790716647882 2433592 4023972 2700776
1790716647921 2433592 4023972 2700776
1790716647959 2433592 4023972 2700776
1790716648000 2439736 4023972 2700776
1790716648037 2439736 4023972 2700776
1790716648074 2439736 4023972 2700776
1790716648114 2452024 4023972 2700776
1790716648153 2452024 4023972 2700776
1790716648191 2452024 4023972 2700776
1790716648229 2482744 4023972 2700776
1790716648269 2482744 4023972 2700776
1790716648307 2482744 4023972 2700776
1790716648343 2482744 4023972 2700776
1790716648385 2482744 4023972 2700776
1790716648424 2482744 4023972 2700776
1790716648462 2482744 4023972 2700776
1790716648502 2501176 4023972 2700776
1790716648542 2378424 4023972 2700776
1790716648583 2410732 4023972 2700776
1790716648622 2427116 4023972 2700776
1790716648659 2443500 4023972 2700776
1790716648696 2482412 4023972 2700776
1790716648733 2498796 4023972 2700776
1790716648770 2509036 4023972 2700776
1790716648807 2525420 4023972 2700776
1790716648851 2550456 4023972 2700776
1790716648891 2476728 4023972 2700776
1790716648929 2476728 4023972 2700776
1790716648967 2476728 4023972 2700776
1790716649003 2476728 4023972 2700776
1790716649040 2476728 4023972 2700776
1790716649076 2476728 4023972 2700776
1790716649113 2476728 4023972 2700776
1790716649152 2476728 4023972 2700776
1790716649191 2476728 4023972 2700776
1790716649230 2476728 4023972 2700776
1790716649268 2476728 4023972 2700776
1790716649304 2476728 4023972 2700776
1790716649339 2384568 4023972 2700776
1790716649375 2384568 4023972 2700776
1790716649412 2384568 4023972 2700776
1790716649449 2384568 4023972 2700776
1790716649487 2384568 4023972 2700776
1790716649524 2384572 4023972 2700776
1790716649561 2323308 4023972 2700776
1790716649597 2057148 4023972 2700776
1790716649632 2057148 4023972 2700776
1790716649669 2057148 4023972 2700776
1790716649705 2057148 4023972 2700776
1790716649742 2057148 4023972 2700776
1790716649778 2057148 4023972 2700776
1790716649814 2057148 4023972 2700776
1790716649850 2057148 4023972 2700776
1790716649886 2057156 4023972 2700776
1790716649922 2057156 4023972 2700776
1790716649958 2057156 4023972 2700776
1790716649994 2055040 4023972 2700776
1790716650031 2055576 4023972 2700776
1790716650068 2055684 4023972 2700776
1790716650104 2055864 4023972 2700776
1790716650140 2055984 4023972 2700776
# peak_kb=2708408
# hwm_kb=2708408
# frozen_ms=5939
# polled_vs_hwm_pct=0promille
