# timestamp_ms Rss_kB Anonymous_kB Filemapped_kB Shmem_kB
1790713603023 438584 261300 177284 0
1790713603063 438584 261300 177284 0
1790713603085 427336 255504 171832 0
1790713603109 432912 257028 175884 0
1790713603135 442584 262884 179700 0
1790713603160 442584 262884 179700 0
1790713603186 442584 262884 179700 0
1790713603213 442868 263168 179700 0
1790713603238 442992 263292 179700 0
1790713603264 442992 263292 179700 0
1790713603287 443024 263324 179700 0
1790713603311 443104 263404 179700 0
1790713603335 443912 264212 179700 0
1790713603359 444576 264876 179700 0
1790713603383 413124 260144 152980 0
1790713603408 446628 266928 179700 0
1790713603432 449320 269304 180016 0
1790713603470 450592 269580 181012 0
1790713603494 450592 269580 181012 0
1790713603518 460692 279012 181680 0
1790713603556 461056 279376 181680 0
1790713603581 461056 279376 181680 0
1790713603605 461056 279376 181680 0
1790713603629 461372 279692 181680 0
1790713603653 462252 280572 181680 0
1790713603679 462388 280708 181680 0
1790713603703 426864 249096 177768 0
1790713603727 487784 303360 184424 0
1790713603766 487784 303360 184424 0
1790713603790 522600 340380 182220 0
1790713603829 477176 347856 129320 0
1790713603867 613788 424024 189764 0
1790713603909 613788 424024 189764 0
1790713603933 613644 423820 189824 0
1790713603959 613644 423820 189824 0
1790713603986 613644 423820 189824 0
1790713604013 616008 423856 192152 0
1790713604039 443576 327828 115748 0
1790713604062 616860 424448 192412 0
1790713604087 617184 424772 192412 0
1790713604113 617184 424772 192412 0
1790713604138 617184 424772 192412 0
1790713604164 657480 410512 246968 0
1790713604203 677008 425148 251860 0
1790713604229 677008 425148 251860 0
1790713604255 677008 425148 251860 0
1790713604279 593384 391736 201648 0
1790713604303 677560 425680 251880 0
1790713604329 643224 419112 224112 0
1790713604354 634624 391984 242640 0
1790713604378 677588 425680 251908 0
1790713604404 545928 392420 153508 0
1790713604429 708960 430764 278196 0
1790713604472 708960 430764 278196 0
1790713604499 708960 430764 278196 0
1790713604525 676528 426260 250268 0
1790713604552 716324 434704 281620 0
1790713604581 716324 434704 281620 0
1790713604609 716324 434704 281620 0
1790713604633 716324 434704 281620 0
1790713604662 716324 434704 281620 0
1790713604690 716324 434704 281620 0
1790713604717 723044 437060 285984 0
1790713604763 723044 437060 285984 0
1790713604791 723044 437060 285984 0
1790713604818 723132 437088 286044 0
1790713604846 723132 437088 286044 0
1790713604874 723132 437088 286044 0
1790713604902 724064 437092 286972 0
1790713604930 724224 437092 287132 0
1790713604957 730836 440692 290144 0
1790713604985 745884 446844 299040 0
1790713605029 745884 446844 299040 0
1790713605055 746572 446856 299716 0
1790713605082 756844 454792 302052 0
1790713605111 760104 458052 302052 0
1790713605140 760104 458052 302052 0
1790713605168 760104 458052 302052 0
1790713605196 760104 458052 302052 0
1790713605225 761868 458124 303744 0
1790713605274 762008 458200 303808 0
1790713605345 543316 354900 188416 0
1790713605371 764932 460320 304612 0
1790713605398 704400 460532 243868 0
1790713605426 782560 469700 312860 0
1790713605471 782560 469700 312860 0
1790713605513 807136 481988 325148 0
1790713605560 812128 484036 328092 0
1790713605604 815456 486084 329372 0
1790713605631 828512 492228 336284 0
1790713605660 843744 500420 343324 0
1790713605707 843744 500420 343324 0
1790713605733 852064 504516 347548 0
1790713605762 1013968 620664 393304 0
1790713605811 1013968 620664 393304 0
1790713605857 697716 490284 207432 0
1790713605908 1207528 813184 394344 0
1790713605956 1207528 813184 394344 0
1790713605988 855348 460560 394788 0
1790713606035 856512 461724 394788 0
1790713606096 909296 625852 283444 0
1790713606126 1033040 687412 345628 0
1790713606160 961732 636616 325116 0
1790713606192 1030980 636192 394788 0
1790713606234 944000 549212 394788 0
1790713606266 944000 549212 394788 0
1790713606301 642828 263456 379372 0
1790713606351 1164300 769512 394788 0
1790713606382 1209372 814584 394788 0
1790713606413 1248284 853496 394788 0
1790713606462 1248284 853496 394788 0
1790713606489 1272860 878072 394788 0
1790713606518 1309524 914736 394788 0
1790713606565 1309524 914736 394788 0
1790713606592 1332052 937264 394788 0
1790713606621 1395540 1000752 394788 0
1790713606671 1395540 1000752 394788 0
1790713606716 1422168 1027380 394788 0
1790713606747 1621536 1226748 394788 0
1790713606802 1621536 1226748 394788 0
1790713606847 1118108 723260 394848 0
1790713606889 820712 510312 310400 0
1790713606943 859988 465140 394848 0
1790713606974 859988 465140 394848 0
1790713607004 859988 465140 394848 0
1790713607034 856340 465152 391188 0
1790713607064 985296 589188 396108 0
1790713607095 865876 468464 397412 0
1790713607123 672488 449292 223196 0
1790713607152 887036 482112 404924 0
1790713607182 917588 510128 407460 0
1790713607214 919228 511200 408028 0
1790713607246 919228 511200 408028 0
1790713607277 636660 364128 272532 0
1790713607305 834104 507656 326448 0
1790713607332 527224 130848 396376 0
1790713607360 676724 436664 240060 0
1790713607388 998124 556240 441884 0
1790713607420 998124 556240 441884 0
1790713607452 960364 522512 437852 0
1790713607482 998236 556288 441948 0
1790713607514 998236 556288 441948 0
1790713607546 917764 495400 422364 0
1790713607577 998244 556296 441948 0
1790713607609 998244 556296 441948 0
1790713607640 998248 556300 441948 0
1790713607672 998248 556300 441948 0
1790713607703 996440 554492 441948 0
1790713607735 998248 556300 441948 0
1790713607768 998248 556300 441948 0
1790713607799 998248 556300 441948 0
1790713607831 998248 556300 441948 0
1790713607863 996440 554492 441948 0
1790713607894 998252 556304 441948 0
1790713607926 998252 556304 441948 0
1790713607958 998248 556300 441948 0
1790713607990 998248 556300 441948 0
1790713608022 998248 556300 441948 0
1790713608053 998252 556304 441948 0
1790713608085 998252 556304 441948 0
1790713608117 998252 556304 441948 0
1790713608149 998252 556304 441948 0
1790713608181 998252 556304 441948 0
1790713608212 998252 556304 441948 0
1790713608244 998252 556304 441948 0
1790713608276 996444 554496 441948 0
1790713608308 998252 556304 441948 0
1790713608340 998252 556304 441948 0
1790713608371 996444 554496 441948 0
1790713608403 998252 556304 441948 0
1790713608435 998252 556304 441948 0
1790713608466 998252 556304 441948 0
1790713608498 998252 556304 441948 0
1790713608530 996444 554496 441948 0
1790713608561 998252 556304 441948 0
1790713608593 998252 556304 441948 0
1790713608624 998244 556296 441948 0
1790713608656 998244 556296 441948 0
1790713608688 998244 556296 441948 0
1790713608720 996444 554496 441948 0
1790713608751 994636 554424 440212 0
1790713608783 804424 547376 257048 0
1790713608810 1027776 584400 443376 0
1790713608841 1027776 584400 443376 0
1790713608873 848628 587452 261176 0
1790713608902 1032092 588212 443880 0
1790713608934 1014788 577224 437564 0
1790713608965 1032108 588228 443880 0
1790713608998 1032108 588228 443880 0
1790713609030 1032104 588224 443880 0
1790713609062 1032104 588224 443880 0
1790713609094 1032104 588224 443880 0
1790713609126 1032104 588224 443880 0
1790713609158 1032104 588224 443880 0
1790713609190 1032104 588224 443880 0
1790713609223 1032100 588220 443880 0
1790713609254 1032100 588220 443880 0
1790713609286 1032100 588220 443880 0
1790713609318 1032100 588220 443880 0
1790713609350 1032100 588220 443880 0
1790713609382 1032100 588220 443880 0
1790713609414 1032100 588220 443880 0
1790713609446 1032100 588220 443880 0
1790713609478 1032100 588220 443880 0
1790713609510 1032100 588220 443880 0
1790713609542 1032100 588220 443880 0
1790713609574 1032100 588220 443880 0
1790713609606 1032100 588220 443880 0
1790713609638 1032100 588220 443880 0
1790713609669 1032100 588220 443880 0
1790713609701 1032100 588220 443880 0
1790713609733 1032100 588220 443880 0
1790713609765 1032100 588220 443880 0
1790713609797 1032100 588220 443880 0
1790713609829 1032100 588220 443880 0
1790713609861 1032100 588220 443880 0
1790713609893 1032100 588220 443880 0
1790713609925 1032100 588220 443880 0
1790713609957 1032100 588220 443880 0
1790713609990 1032100 588220 443880 0
1790713610021 1032100 588220 443880 0
1790713610053 1026660 586488 440172 0
1790713610084 729844 559740 170104 0
1790713610111 1058920 612244 446676 0
1790713610142 1059392 612652 446740 0
1790713610174 1059392 612652 446740 0
1790713610206 732124 562216 169908 0
1790713610237 945632 563804 381828 0
1790713610288 1069876 616008 453868 0
1790713610337 1072040 617020 455020 0
1790713610405 1013784 572544 441240 0
1790713610479 1086404 623768 462636 0
1790713610519 1073620 614984 458636 0
1790713610594 1107268 629240 478028 0
1790713610647 797316 606108 191208 0
1790713610675 937140 555860 381280 0
1790713610709 1144152 666108 478044 0
1790713610758 909636 585156 324480 0
1790713610809 973620 709356 264264 0
1790713610860 1106288 628216 478072 0
1790713610909 1106288 628216 478072 0
1790713610991 1106288 628216 478072 0
1790713611083 1107720 629648 478072 0
1790713611147 1108132 630060 478072 0
1790713611204 861384 604620 256764 0
1790713611240 1128892 650820 478072 0
1790713611284 1128892 650820 478072 0
1790713611333 1188972 710900 478072 0
1790713611384 1189008 710936 478072 0
1790713611439 1189024 710952 478072 0
1790713611487 1189024 710952 478072 0
1790713611551 1189024 710952 478072 0
1790713611607 1189024 710952 478072 0
1790713611653 1189024 710952 478072 0
1790713611734 1196592 728788 467804 0
1790713611769 1068640 675232 393408 0
1790713611825 1276520 798448 478072 0
1790713611861 1276520 798448 478072 0
1790713611895 1276528 798456 478072 0
1790713611928 1276740 798560 478180 0
1790713611961 1222604 798616 423988 0
1790713611994 1272628 795884 476744 0
1790713612028 1295204 803116 492088 0
1790713612063 1295284 803128 492156 0
1790713612097 1295284 803128 492156 0
1790713612132 1295284 803128 492156 0
1790713612166 1095080 710728 384352 0
1790713612197 1295720 803564 492156 0
1790713612230 1231572 755104 476468 0
1790713612264 1328488 803564 524924 0
1790713612298 1328504 803580 524924 0
1790713612333 1328508 803584 524924 0
1790713612368 1224944 777884 447060 0
1790713612400 1330604 803588 527016 0
1790713612434 1330604 803588 527016 0
1790713612467 1330604 803588 527016 0
1790713612500 1330604 803588 527016 0
1790713612542 1332732 803592 529140 0
1790713612595 1335096 803592 531504 0
1790713612648 1339040 803592 535448 0
1790713612724 1339600 803592 536008 0
1790713612827 1357704 803592 554112 0
1790713612878 1357912 803592 554320 0
1790713612919 1357912 803592 554320 0
1790713612985 1357912 803592 554320 0
1790713613024 1385620 831300 554320 0
1790713613089 1385620 831300 554320 0
1790713613184 1385620 831300 554320 0
1790713613266 1385620 831300 554320 0
1790713613368 1385620 831300 554320 0
1790713613417 1385620 831300 554320 0
1790713613460 1385620 831300 554320 0
1790713613534 1385620 831300 554320 0
1790713613579 1385624 831304 554320 0
1790713613662 1385624 831304 554320 0
1790713613727 1385624 831304 554320 0
1790713613776 1385624 831304 554320 0
1790713613856 1385624 831304 554320 0
1790713613908 1385624 831304 554320 0
1790713613962 1394780 840460 554320 0
1790713613996 1138064 809420 328644 0
1790713614028 1155592 840444 315148 0
1790713614058 1450076 895756 554320 0
1790713614091 1450076 895756 554320 0
1790713614123 1445512 895060 550452 0
1790713614157 1450088 895768 554320 0
1790713614192 1450088 895768 554320 0
1790713614228 1450088 895768 554320 0
1790713614263 1450088 895768 554320 0
1790713614297 1201764 886540 315224 0
1790713614328 1450092 895772 554320 0
1790713614363 1450092 895772 554320 0
1790713614397 1450092 895772 554320 0
1790713614431 1450092 895772 554320 0
1790713614467 1450092 895772 554320 0
1790713614503 1450096 895776 554320 0
1790713614539 1450096 895776 554320 0
1790713614572 1450096 895776 554320 0
1790713614606 1450096 895776 554320 0
1790713614653 1452344 895776 556568 0
1790713614720 1456828 895776 561052 0
1790713614792 1456828 895776 561052 0
1790713614889 1459068 895776 563292 0
1790713614945 1468224 895776 572448 0
1790713614991 1470888 895776 575112 0
1790713615027 1477268 895776 581492 0
1790713615062 1477380 895776 581604 0
1790713615104 1477380 895776 581604 0
1790713615143 1477380 895776 581604 0
1790713615243 1505088 923484 581604 0
1790713615296 1505088 923484 581604 0
1790713615358 1505088 923484 581604 0
1790713615464 1505088 923484 581604 0
1790713615533 1505088 923484 581604 0
1790713615581 1505088 923484 581604 0
1790713615623 1505088 923484 581604 0
1790713615705 1505088 923484 581604 0
1790713615776 1505088 923484 581604 0
1790713615823 1505088 923484 581604 0
1790713615863 1505088 923484 581604 0
1790713615921 1505088 923484 581604 0
1790713615988 1505088 923484 581604 0
1790713616075 1505088 923484 581604 0
1790713616136 1505088 923484 581604 0
1790713616179 1514244 932640 581604 0
1790713616238 1514244 932640 581604 0
1790713616278 1481076 916588 564488 0
1790713616312 1514244 932640 581604 0
1790713616346 1514244 932640 581604 0
1790713616380 1514244 932640 581604 0
1790713616415 1514244 932640 581604 0
1790713616452 1514244 932640 581604 0
1790713616488 1514244 932640 581604 0
1790713616523 1450520 876364 574156 0
1790713616558 1514244 932640 581604 0
1790713616593 1514244 932640 581604 0
1790713616627 1514244 932640 581604 0
1790713616662 1514248 932644 581604 0
1790713616699 1514248 932644 581604 0
1790713616736 1514248 932644 581604 0
1790713616772 1514248 932644 581604 0
1790713616805 1514248 932644 581604 0
1790713616840 1514248 932644 581604 0
1790713616874 1516488 932644 583844 0
1790713616920 1518192 932644 585548 0
1790713616963 1520968 932644 588324 0
1790713617067 1520968 932644 588324 0
1790713617127 1523212 932644 590568 0
1790713617199 1532364 932644 599720 0
1790713617240 1536132 932644 603488 0
1790713617279 1541532 932644 608888 0
1790713617319 1541532 932644 608888 0
1790713617364 1541532 932644 608888 0
1790713617424 1541532 932644 608888 0
1790713617502 1124024 888480 235544 0
1790713617536 1541660 932772 608888 0
1790713617614 1541660 932772 608888 0
1790713617677 1541660 932772 608888 0
1790713617743 1541660 932772 608888 0
1790713617834 1541660 932772 608888 0
1790713617913 1541660 932772 608888 0
1790713617963 1541660 932772 608888 0
1790713618024 1569236 960348 608888 0
1790713618133 1569236 960348 608888 0
1790713618182 1569236 960348 608888 0
1790713618245 1569236 960348 608888 0
1790713618300 1569236 960348 608888 0
1790713618362 1569236 960348 608888 0
1790713618417 1565380 963496 601884 0
1790713618461 1387088 1005124 381964 0
1790713618494 1633692 1024804 608888 0
1790713618528 1633692 1024804 608888 0
1790713618561 1633692 1024804 608888 0
1790713618593 1633692 1024804 608888 0
1790713618628 1512868 975576 537292 0
1790713618661 1633692 1024804 608888 0
1790713618695 1633692 1024804 608888 0
1790713618731 1633692 1024804 608888 0
1790713618767 1633692 1024804 608888 0
1790713618802 1633692 1024804 608888 0
1790713618838 1492452 978308 514144 0
1790713618871 1633696 1024808 608888 0
1790713618906 1633696 1024808 608888 0
1790713618939 1577884 1009588 568296 0
1790713618973 1633696 1024808 608888 0
1790713619009 1633696 1024808 608888 0
1790713619046 1608020 1024160 583860 0
1790713619083 1633696 1024808 608888 0
1790713619117 1633696 1024808 608888 0
1790713619151 1633696 1024808 608888 0
1790713619186 1633696 1024808 608888 0
1790713619236 1635504 1024808 610696 0
1790713619270 1635504 1024808 610696 0
1790713619304 1638184 1024808 613376 0
1790713619367 1640428 1024808 615620 0
1790713619428 1640428 1024808 615620 0
1790713619459 1640428 1024808 615620 0
1790713619532 1642672 1024808 617864 0
1790713619591 1642672 1024808 617864 0
1790713619624 1651828 1024808 627020 0
1790713619679 1656824 1024808 632016 0
1790713619726 1660984 1024808 636176 0
1790713619784 1660984 1024808 636176 0
1790713619817 1660984 1024808 636176 0
1790713619857 1660984 1024808 636176 0
1790713619929 1716396 1080220 636176 0
1790713619977 1704556 1074316 630240 0
1790713620037 1661112 1024936 636176 0
1790713620096 1661112 1024936 636176 0
1790713620167 1661112 1024936 636176 0
1790713620260 1661112 1024936 636176 0
1790713620325 1661112 1024936 636176 0
1790713620364 1661112 1024936 636176 0
1790713620430 1581476 967412 614064 0
1790713620484 1688688 1052512 636176 0
1790713620532 1688688 1052512 636176 0
1790713620581 1688688 1052512 636176 0
1790713620644 1688688 1052512 636176 0
1790713620679 1688688 1052512 636176 0
1790713620726 1688688 1052512 636176 0
1790713620791 1688688 1052512 636176 0
1790713620904 1688688 1052512 636176 0
1790713620964 1688688 1052512 636176 0
1790713621006 1688688 1052512 636176 0
1790713621055 1697848 1061672 636176 0
1790713621096 1697848 1061672 636176 0
1790713621129 1697848 1061672 636176 0
1790713621162 1697848 1061672 636176 0
1790713621196 1697848 1061672 636176 0
1790713621231 1693800 1061140 632660 0
1790713621267 1697848 1061672 636176 0
1790713621303 1697848 1061672 636176 0
1790713621340 1697848 1061672 636176 0
1790713621376 1697848 1061672 636176 0
1790713621412 1697848 1061672 636176 0
1790713621447 1697848 1061672 636176 0
1790713621483 1697848 1061672 636176 0
1790713621517 1697848 1061672 636176 0
1790713621553 1697848 1061672 636176 0
1790713621590 1697848 1061672 636176 0
1790713621627 1697848 1061672 636176 0
1790713621662 1697848 1061672 636176 0
1790713621696 1697848 1061672 636176 0
1790713621732 1697848 1061672 636176 0
1790713621768 1700096 1061680 638416 0
1790713621813 1700096 1061680 638416 0
1790713621846 1700096 1061680 638416 0
1790713621879 1704576 1061680 642896 0
1790713621969 1706816 1061680 645136 0
1790713622026 1706816 1061680 645136 0
1790713622066 1715980 1061680 654300 0
1790713622133 1725136 1061680 663456 0
1790713622187 1725136 1061680 663456 0
1790713622221 1725136 1061680 663456 0
1790713622260 1725136 1061680 663456 0
1790713622296 1725136 1061680 663456 0
1790713622369 1713292 1055772 657520 0
1790713622432 1752840 1089384 663456 0
1790713622488 1253348 1017656 235692 0
1790713622519 1725264 1061808 663456 0
1790713622600 1725264 1061808 663456 0
1790713622682 1725264 1061808 663456 0
1790713622780 1725264 1061808 663456 0
1790713622817 1725264 1061808 663456 0
1790713622861 1725264 1061808 663456 0
1790713622934 1752840 1089384 663456 0
1790713622981 1752840 1089384 663456 0
1790713623019 1752840 1089384 663456 0
1790713623074 1752840 1089384 663456 0
1790713623125 1752840 1089384 663456 0
1790713623214 1752840 1089384 663456 0
1790713623276 1752840 1089384 663456 0
1790713623326 1752840 1089384 663456 0
1790713623373 1642908 1040644 602264 0
1790713623414 1762000 1098544 663456 0
1790713623448 1762000 1098544 663456 0
1790713623482 1762000 1098544 663456 0
1790713623517 1762000 1098544 663456 0
1790713623553 1762000 1098544 663456 0
1790713623590 1762000 1098544 663456 0
1790713623628 1762000 1098544 663456 0
1790713623664 1762000 1098544 663456 0
1790713623701 1762000 1098544 663456 0
1790713623738 1738636 1085428 653208 0
1790713623775 1762000 1098544 663456 0
1790713623810 1762000 1098544 663456 0
1790713623848 1762000 1098544 663456 0
1790713623885 1762000 1098544 663456 0
1790713623924 1762000 1098544 663456 0
1790713623962 1762000 1098544 663456 0
1790713623997 1762000 1098544 663456 0
1790713624032 1762000 1098544 663456 0
1790713624081 1763708 1098548 665160 0
1790713624117 1763708 1098548 665160 0
1790713624150 1764172 1098548 665624 0
1790713624187 1766516 1098548 667968 0
1790713624242 1768760 1098548 670212 0
1790713624283 1768760 1098548 670212 0
1790713624319 1768760 1098548 670212 0
1790713624413 1771004 1098548 672456 0
1790713624451 1771004 1098548 672456 0
1790713624492 1780160 1098552 681608 0
1790713624557 1789312 1098552 690760 0
1790713624635 1789312 1098552 690760 0
1790713624670 1789312 1098552 690760 0
1790713624705 1789312 1098552 690760 0
1790713624786 1063704 889600 174104 0
1790713624837 1789440 1098680 690760 0
1790713624882 1789440 1098680 690760 0
1790713624975 1789440 1098680 690760 0
1790713625010 1789440 1098680 690760 0
1790713625097 1789440 1098680 690760 0
1790713625214 1789440 1098680 690760 0
1790713625295 1789440 1098680 690760 0
1790713625372 1326072 1011028 315044 0
1790713625430 1817016 1126256 690760 0
1790713625482 1817016 1126256 690760 0
1790713625516 1817016 1126256 690760 0
1790713625557 1817016 1126256 690760 0
1790713625619 1817016 1126256 690760 0
1790713625706 1817016 1126256 690760 0
1790713625763 1805476 1120484 684992 0
1790713625811 1826176 1135416 690760 0
1790713625879 1844608 1153848 690760 0
1790713625928 1844608 1153848 690760 0
1790713625963 1844608 1153848 690760 0
1790713625997 1844608 1153848 690760 0
1790713626033 1844608 1153848 690760 0
1790713626069 1844608 1153848 690760 0
1790713626105 1844608 1153848 690760 0
1790713626142 1844608 1153848 690760 0
1790713626181 1844608 1153848 690760 0
1790713626218 1844608 1153848 690760 0
1790713626254 1344384 1029876 314508 0
1790713626285 1844608 1153848 690760 0
1790713626322 1844608 1153848 690760 0
1790713626357 1844608 1153848 690760 0
1790713626394 1844608 1153848 690760 0
1790713626432 1844608 1153848 690760 0
1790713626470 1844608 1153848 690760 0
1790713626507 1844608 1153848 690760 0
1790713626543 1844608 1153848 690760 0
1790713626579 1844608 1153848 690760 0
1790713626615 1846852 1153848 693004 0
1790713626656 1848588 1153848 694740 0
1790713626694 1848588 1153848 694740 0
1790713626728 1849100 1153848 695252 0
1790713626773 1851344 1153848 697496 0
1790713626855 1851344 1153848 697496 0
1790713626900 1851344 1153848 697496 0
1790713626979 1860860 1153848 707012 0
1790713627042 1862740 1153848 708892 0
1790713627109 1871488 1153848 717640 0
1790713627150 1871932 1153848 718084 0
1790713627196 1871932 1153848 718084 0
1790713627231 1871932 1153848 718084 0
1790713627266 1871932 1153848 718084 0
1790713627332 1871932 1153848 718084 0
1790713627402 1899640 1181556 718084 0
1790713627477 1899640 1181556 718084 0
1790713627511 1899640 1181556 718084 0
1790713627544 1899640 1181556 718084 0
1790713627599 1899640 1181556 718084 0
1790713627656 1899640 1181556 718084 0
1790713627732 1899640 1181556 718084 0
1790713627820 1899640 1181556 718084 0
1790713627859 1899640 1181556 718084 0
1790713627902 1899640 1181556 718084 0
1790713627966 1899640 1181556 718084 0
1790713628080 1899640 1181556 718084 0
1790713628131 1899640 1181556 718084 0
1790713628190 1899640 1181556 718084 0
1790713628286 1899640 1181556 718084 0
1790713628356 1899640 1181556 718084 0
1790713628419 1899640 1181556 718084 0
1790713628486 1837444 1179012 658432 0
1790713628549 1927232 1209148 718084 0
1790713628609 1927232 1209148 718084 0
1790713628645 1927232 1209148 718084 0
1790713628681 1927232 1209148 718084 0
1790713628718 1927232 1209148 718084 0
1790713628755 1927232 1209148 718084 0
1790713628794 1927232 1209148 718084 0
1790713628831 1927232 1209148 718084 0
1790713628868 1927232 1209148 718084 0
1790713628905 1927232 1209148 718084 0
1790713628942 1918192 1203332 714860 0
1790713628979 1927232 1209148 718084 0
1790713629018 1927232 1209148 718084 0
1790713629056 1579492 1203272 376220 0
1790713629090 1927232 1209148 718084 0
1790713629144 1927232 1209148 718084 0
1790713629181 1927232 1209148 718084 0
1790713629220 1929472 1209148 720324 0
1790713629277 1929472 1209148 720324 0
1790713629312 1929472 1209148 720324 0
1790713629358 1931712 1209148 722564 0
1790713629413 1933952 1209148 724804 0
1790713629481 1933952 1209148 724804 0
1790713629520 1936196 1209148 727048 0
1790713629599 1945348 1209148 736200 0
1790713629660 1945348 1209148 736200 0
1790713629703 1954056 1209148 744908 0
1790713629739 1954512 1209148 745364 0
1790713629788 1954512 1209148 745364 0
1790713629823 1954512 1209148 745364 0
1790713629859 1954512 1209148 745364 0
1790713629906 1954512 1209148 745364 0
1790713629981 1954512 1209148 745364 0
1790713630104 1954512 1209148 745364 0
1790713630212 1954512 1209148 745364 0
1790713630299 1954512 1209148 745364 0
1790713630366 1954512 1209148 745364 0
1790713630416 1954512 1209148 745364 0
1790713630488 1954512 1209148 745364 0
1790713630546 1954512 1209148 745364 0
1790713630625 1954512 1209148 745364 0
1790713630690 1954512 1209148 745364 0
1790713630788 1954512 1209148 745364 0
1790713630839 1954512 1209148 745364 0
1790713630903 1966288 1220924 745364 0
1790713630964 1972944 1227580 745364 0
1790713631033 1972944 1227580 745364 0
1790713631071 1991376 1246012 745364 0
1790713631109 1991376 1246012 745364 0
1790713631145 1991376 1246012 745364 0
1790713631181 1991376 1246012 745364 0
1790713631217 1991376 1246012 745364 0
1790713631253 1991376 1246012 745364 0
1790713631291 1991376 1246012 745364 0
1790713631329 1991376 1246012 745364 0
1790713631366 1991376 1246012 745364 0
1790713631404 1991376 1246012 745364 0
1790713631441 1991376 1246012 745364 0
1790713631478 1927100 1242420 684680 0
1790713631514 1991376 1246012 745364 0
1790713631552 1991376 1246012 745364 0
1790713631589 1889480 1235796 653684 0
1790713631625 1991376 1246012 745364 0
1790713631661 1991376 1246012 745364 0
1790713631696 1991376 1246012 745364 0
1790713631734 1991376 1246012 745364 0
1790713631786 1993620 1246012 747608 0
1790713631821 1993620 1246012 747608 0
1790713631855 1993620 1246012 747608 0
1790713631906 1998124 1246012 752112 0
1790713631995 1998124 1246012 752112 0
1790713632035 1999852 1246012 753840 0
1790713632105 2006368 1246012 760356 0
1790713632156 2010496 1246012 764484 0
1790713632200 2016888 1246012 770876 0
1790713632254 2018676 1246012 772664 0
1790713632328 2018676 1246012 772664 0
1790713632364 2018676 1246012 772664 0
1790713632410 2018676 1246012 772664 0
1790713632490 2018676 1246012 772664 0
1790713632558 2018676 1246012 772664 0
1790713632648 2018676 1246012 772664 0
1790713632729 2018676 1246012 772664 0
1790713632834 2018676 1246012 772664 0
1790713632912 2018676 1246012 772664 0
1790713632971 2018676 1246012 772664 0
1790713633046 2018676 1246012 772664 0
1790713633094 2018676 1246012 772664 0
1790713633156 2018676 1246012 772664 0
1790713633216 2018676 1246012 772664 0
1790713633288 2018676 1246012 772664 0
1790713633334 2018676 1246012 772664 0
1790713633409 2018676 1246012 772664 0
1790713633480 1613080 1239948 373132 0
1790713633538 2055540 1282876 772664 0
1790713633574 2055540 1282876 772664 0
1790713633608 2055540 1282876 772664 0
1790713633646 2055540 1282876 772664 0
1790713633683 1993156 1234484 758672 0
1790713633720 2055540 1282876 772664 0
1790713633759 2055540 1282876 772664 0
1790713633798 2055540 1282876 772664 0
1790713633836 2055540 1282876 772664 0
1790713633874 2049440 1282876 766564 0
1790713633912 2055540 1282876 772664 0
1790713633949 2055540 1282876 772664 0
1790713633988 2055540 1282876 772664 0
1790713634027 2055540 1282876 772664 0
1790713634066 2055540 1282876 772664 0
1790713634104 2055540 1282876 772664 0
1790713634140 2055540 1282876 772664 0
1790713634178 2055540 1282876 772664 0
1790713634216 2057316 1282876 774440 0
1790713634254 2057316 1282876 774440 0
1790713634289 2057780 1282876 774904 0
1790713634329 2062260 1282876 779384 0
1790713634421 2062260 1282876 779384 0
1790713634454 2062260 1282876 779384 0
1790713634533 2064500 1282876 781624 0
1790713634615 2069008 1282876 786132 0
1790713634651 2073068 1282876 790192 0
1790713634695 2073712 1282876 790836 0
1790713634750 2082900 1282876 800024 0
1790713634803 2082900 1282876 800024 0
1790713634837 2082900 1282876 800024 0
1790713634872 2082900 1282876 800024 0
1790713634921 2082900 1282876 800024 0
1790713634990 1412620 1095148 317472 0
1790713635042 2110608 1310584 800024 0
1790713635135 2110608 1310584 800024 0
1790713635187 2110608 1310584 800024 0
1790713635310 2110608 1310584 800024 0
1790713635391 2110608 1310584 800024 0
1790713635464 2110608 1310584 800024 0
1790713635507 2110608 1310584 800024 0
1790713635601 2110608 1310584 800024 0
1790713635688 2110608 1310584 800024 0
1790713635731 2110608 1310584 800024 0
1790713635771 2110608 1310584 800024 0
1790713635837 2110608 1310584 800024 0
1790713635910 2110608 1310584 800024 0
1790713635980 2110608 1310584 800024 0
1790713636036 2110608 1310584 800024 0
1790713636077 2110608 1310584 800024 0
1790713636129 2119764 1319740 800024 0
1790713636164 2119764 1319740 800024 0
1790713636197 2119764 1319740 800024 0
1790713636245 2119764 1319740 800024 0
1790713636282 2119764 1319740 800024 0
1790713636319 2107920 1313832 794088 0
1790713636356 2119764 1319740 800024 0
1790713636394 2119764 1319740 800024 0
1790713636433 2119764 1319740 800024 0
1790713636471 2119764 1319740 800024 0
1790713636510 2119764 1319740 800024 0
1790713636548 2119764 1319740 800024 0
1790713636585 2096404 1306624 789780 0
1790713636623 2119764 1319740 800024 0
1790713636662 2119764 1319740 800024 0
1790713636702 1434108 1113596 320512 0
1790713636734 2119764 1319740 800024 0
1790713636771 2119764 1319740 800024 0
1790713636808 2119764 1319740 800024 0
1790713636845 2120268 1319740 800528 0
1790713636905 2122244 1319740 802504 0
1790713636942 2122244 1319740 802504 0
1790713636977 2124252 1319740 804512 0
1790713637021 2126496 1319740 806756 0
1790713637113 2126496 1319740 806756 0
1790713637149 2126496 1319740 806756 0
1790713637257 2128768 1319740 809028 0
1790713637292 2136704 1319740 816964 0
1790713637330 2137924 1319740 818184 0
1790713637380 2138076 1319740 818336 0
1790713637417 2145720 1319740 825980 0
1790713637455 2147076 1319740 827336 0
1790713637495 2147076 1319740 827336 0
1790713637531 2147076 1319740 827336 0
1790713637573 2147076 1319740 827336 0
1790713637612 2147076 1319740 827336 0
1790713637701 2174784 1347448 827336 0
1790713637817 2174784 1347448 827336 0
1790713637854 2174784 1347448 827336 0
1790713637897 2174784 1347448 827336 0
1790713637973 2174784 1347448 827336 0
1790713638069 2174784 1347448 827336 0
1790713638159 2174784 1347448 827336 0
1790713638211 2174784 1347448 827336 0
1790713638278 2174784 1347448 827336 0
1790713638353 2174784 1347448 827336 0
1790713638419 2174784 1347448 827336 0
1790713638465 2174784 1347448 827336 0
1790713638526 2174784 1347448 827336 0
1790713638634 2174784 1347448 827336 0
1790713638693 2183940 1356604 827336 0
1790713638762 2146172 1350020 796152 0
1790713638817 2202372 1375036 827336 0
1790713638854 2202372 1375036 827336 0
1790713638890 2202372 1375036 827336 0
1790713638928 2202372 1375036 827336 0
1790713638965 2202372 1375036 827336 0
1790713639003 2202372 1375036 827336 0
1790713639041 2202372 1375036 827336 0
1790713639080 2202372 1375036 827336 0
1790713639118 2202372 1375036 827336 0
1790713639156 2202372 1375036 827336 0
1790713639195 2202372 1375036 827336 0
1790713639233 2176144 1374224 801920 0
1790713639270 2202372 1375036 827336 0
1790713639309 2202372 1375036 827336 0
1790713639349 2200676 1373340 827336 0
1790713639388 2202372 1375036 827336 0
1790713639426 2202372 1375036 827336 0
1790713639463 2202372 1375036 827336 0
1790713639502 2202372 1375036 827336 0
1790713639539 2202372 1375036 827336 0
1790713639577 1782100 1375040 407060 0
1790713639648 1782100 1375040 407060 0
1790713639678 1782100 1375040 407060 0
1790713639708 1782100 1375040 407060 0
1790713639741 1782100 1375040 407060 0
1790713639788 1782100 1375040 407060 0
1790713639835 1782100 1375040 407060 0
1790713639868 1777632 1374372 403260 0
1790713639900 1782788 1375040 407748 0
1790713639933 1782788 1375040 407748 0
1790713639965 1782904 1375040 407864 0
1790713639998 1782904 1375040 407864 0
1790713640031 1782904 1375040 407864 0
1790713640064 1782904 1375040 407864 0
1790713640097 1780792 1372928 407864 0
1790713640130 1780852 1372928 407924 0
1790713640163 1780980 1372928 408052 0
1790713640196 1780980 1372928 408052 0
1790713640229 1780980 1372928 408052 0
1790713640262 1780980 1372928 408052 0
1790713640295 1780980 1372928 408052 0
1790713640328 1780980 1372928 408052 0
1790713640361 1780980 1372928 408052 0
1790713640394 1780980 1372928 408052 0
1790713640427 1780980 1372928 408052 0
1790713640459 1649112 1315844 333268 0
1790713640490 914328 641700 272628 0
1790713640520 1124980 706936 418044 0
1790713640552 1125040 706936 418104 0
1790713640584 1125040 706936 418104 0
1790713640617 1146048 706936 439112 0
