# timestamp_ms VmRSS_kB VmPeak_kB VmHWM_kB
1785445255415 251900 1249852 251900
1785445255492 255676 1249852 255676
1785445255554 257176 1249852 257176
1785445255628 257176 1249852 257176
1785445255656 257184 1249852 257184
1785445255718 257216 1249852 257216
1785445255778 257280 1249852 257280
1785445255840 257372 1249852 257372
1785445255901 259260 1249852 259260
1785445255964 260840 1249852 260840
1785445256025 260844 1249852 260844
1785445256084 260920 1249852 260920
1785445256146 261688 1249852 261688
1785445256208 261808 1249852 261808
1785445256271 261904 1249852 261904
1785445256332 262544 1249852 262544
1785445256407 263648 1249852 263648
1785445256469 263656 1249852 263656
1785445256531 263656 1249852 263656
1785445256560 266536 1249852 266536
1785445256623 267972 1249852 267972
1785445256700 268068 1249852 268068
1785445256763 268220 1249852 268220
1785445256824 268296 1249852 268296
1785445256888 268296 1249852 268296
1785445256916 275308 1249852 275308
1785445256991 280528 1249852 280528
1785445257054 280536 1249852 280536
1785445257114 280544 1249852 280544
1785445257178 280812 1249852 280812
1785445257240 281160 1249852 281160
1785445257311 282304 2076932 282304
1785445257376 283816 2076932 283816
1785445257438 283940 2076932 283940
1785445257500 284000 2076932 284000
1785445257561 285612 2076932 285612
1785445257623 286928 2076932 286928
1785445257699 287196 2076932 287196
1785445257762 287320 2076932 287320
1785445257824 289608 2076932 289608
1785445257886 310552 2079000 310552
1785445257960 310808 2079000 310808
1785445258025 310808 2079000 310808
1785445258057 310808 2079000 310808
1785445258087 476572 3010868 476572
1785445258177 491832 3010868 491832
1785445258267 537032 3010868 537032
1785445258355 564168 3010868 564168
1785445258449 594452 3010868 594452
1785445258542 623856 3010868 623856
1785445258632 641932 3010868 641932
1785445258727 656636 3010868 656636
1785445258825 679352 3010868 679352
1785445258923 697676 3010868 697676
1785445259017 707292 3010868 707292
1785445259095 727616 3010868 727616
1785445259192 745532 3010868 745532
1785445259298 754648 3010868 754648
1785445259388 759036 3010868 759036
1785445259475 761100 3010868 761100
1785445259576 767068 3010868 767068
1785445259651 780728 3010868 780728
1785445259752 805492 3010868 805492
1785445259854 842032 3010868 842032
1785445259961 894916 3010868 894916
1785445260071 928828 3010868 928828
1785445260184 981948 3010868 981948
1785445260298 1021032 3010868 1021032
1785445260410 1039200 3010868 1039200
1785445260500 1056724 3010868 1056724
1785445260614 1086320 3010868 1086320
1785445260731 1107700 3010868 1107700
1785445260820 1122956 3010868 1122956
1785445260937 745440 3010868 1125360
1785445260967 833824 3010868 1125360
1785445261000 928460 3010868 1125360
1785445261030 1050572 3010868 1125360
1785445261066 1134684 3010868 1134684
1785445261141 1137124 3010868 1137124
1785445261219 1138188 3010868 1138188
1785445261294 1139048 3010868 1139048
1785445261367 1146828 3010868 1146828
1785445261455 1153628 3010868 1153628
1785445261541 1175072 3010868 1175072
1785445261638 1177760 3010868 1177760
1785445261717 1191976 3010868 1191976
1785445261793 1194280 3010868 1194280
1785445261867 1195048 3010868 1195048
1785445261945 1195432 3010868 1195432
1785445262021 1206956 3010868 1206956
1785445262115 1212716 3010868 1212716
1785445262194 1214636 3010868 1214636
1785445262273 1215788 3010868 1215788
1785445262350 1228072 3010868 1228072
1785445262431 1230384 3010868 1230384
1785445262509 1231152 3010868 1231152
1785445262607 1231536 3010868 1231536
1785445262683 1243056 3010868 1243056
1785445262762 1248048 3010868 1248048
1785445262841 1248436 3010868 1248436
1785445262919 1248820 3010868 1248820
1785445262998 1260724 3010868 1260724
1785445263100 1266256 3010868 1266256
1785445263181 1266380 3010868 1266380
1785445263259 1266380 3010868 1266380
1785445263293 1266380 3010868 1266380
1785445263328 1180192 3010868 1256240
1785445263363 1180312 3010868 1256240
1785445263397 1182012 3010868 1256240
1785445263432 1182020 3010868 1256240
1785445263466 1182024 3010868 1256240
1785445263498 1182028 3010868 1256240
1785445263530 1182028 3010868 1256240
1785445263565 1182032 3010868 1256240
1785445263598 1182040 3010868 1256240
1785445263632 1182040 3010868 1256240
1785445263665 1182052 3010868 1256240
1785445263698 1182064 3010868 1256240
1785445263732 1182068 3010868 1256240
1785445263765 1182080 3010868 1256240
1785445263798 1182088 3010868 1256240
1785445263831 1182096 3010868 1256240
1785445263863 1182100 3010868 1256240
1785445263895 1182108 3010868 1256240
1785445263929 1182116 3010868 1256240
1785445263963 1182116 3010868 1256240
1785445263999 1182116 3010868 1256240
1785445264034 1182116 3010868 1256240
1785445264071 1182116 3010868 1256240
1785445264107 1182116 3010868 1256240
1785445264143 1182116 3010868 1256240
1785445264179 1182116 3010868 1256240
1785445264215 1182116 3010868 1256240
1785445264251 1182116 3010868 1256240
1785445264287 1182116 3010868 1256240
1785445264323 1182116 3010868 1256240
1785445264360 1182116 3010868 1256240
1785445264396 1182116 3010868 1256240
1785445264433 1182116 3010868 1256240
1785445264470 1182116 3010868 1256240
1785445264506 1182116 3010868 1256240
1785445264543 1182116 3010868 1256240
1785445264577 1182116 3010868 1256240
1785445264613 1182116 3010868 1256240
1785445264647 1182116 3010868 1256240
1785445264682 1182116 3010868 1256240
1785445264711 1182120 3010868 1256240
1785445264745 1182120 3010868 1256240
1785445264781 1182120 3010868 1256240
1785445264818 1182120 3010868 1256240
1785445264855 1182120 3010868 1256240
1785445264891 1182120 3010868 1256240
1785445264928 1182120 3010868 1256240
1785445264965 1182120 3010868 1256240
1785445265002 1182120 3010868 1256240
1785445265038 1182120 3010868 1256240
1785445265075 1182120 3010868 1256240
1785445265110 1182120 3010868 1256240
1785445265147 1182120 3010868 1256240
1785445265184 1182120 3010868 1256240
1785445265218 1182120 3010868 1256240
1785445265253 1191340 3010868 1256240
1785445265287 1191340 3010868 1256240
1785445265322 1191340 3010868 1256240
1785445265357 1191340 3010868 1256240
1785445265391 1191340 3010868 1256240
1785445265425 1191340 3010868 1256240
1785445265459 1225616 3010868 1256240
1785445265494 1276664 3010868 1276664
1785445265575 1452204 3090104 1452204
1785445265681 1700012 3090104 1700012
1785445265797 1700016 3513452 1700016
1785445265875 1816160 3513452 1816160
1785445265972 1988192 3513452 1988192
1785445266071 1605680 3513452 2113436
1785445266107 1605680 3513452 2113436
1785445266140 1624460 3513452 2113436
1785445266174 1677708 3513452 2113436
1785445266210 1672164 3513452 2113436
1785445266245 1776612 3513452 2113436
1785445266281 1881060 3513452 2113436
1785445266317 1987556 3513452 2113436
1785445266352 2086732 3856080 2113436
1785445266450 2256716 3856080 2256716
1785445266546 2430796 3856080 2430796
1785445266643 2466200 3856080 2466200
1785445266717 2497828 3888380 2497828
1785445266812 2029036 3936800 2536660
1785445266845 2029036 3936800 2536660
1785445266881 1182340 3936800 2536660
1785445266916 1182348 3936800 2536660
1785445266951 1182348 3936800 2536660
1785445266989 1249208 3936800 2536660
1785445267026 1282508 3936800 2536660
1785445267063 1300112 3936800 2536660
1785445267099 1319316 3936800 2536660
1785445267135 1336980 3936800 2536660
1785445267174 1353112 3936800 2536660
1785445267212 1368856 3936800 2536660
1785445267251 1373464 3936800 2536660
1785445267287 1373468 3936800 2536660
1785445267320 1373468 3936800 2536660
1785445267354 1373468 3936800 2536660
1785445267389 1373504 3936800 2536660
1785445267423 1373568 3936800 2536660
1785445267458 1373640 3936800 2536660
1785445267496 1374312 3936800 2536660
1785445267532 1374340 3936800 2536660
1785445267568 1374344 3936800 2536660
1785445267604 1374352 3936800 2536660
1785445267641 1374352 3936800 2536660
1785445267676 1374368 3936800 2536660
1785445267712 1374380 3936800 2536660
1785445267748 1374396 3936800 2536660
1785445267784 1374404 3936800 2536660
1785445267820 1374416 3936800 2536660
1785445267855 1374424 3936800 2536660
1785445267891 1374432 3936800 2536660
1785445267926 1374436 3936800 2536660
1785445267961 1374444 3936800 2536660
1785445267997 1374452 3936800 2536660
1785445268033 1374456 3936800 2536660
1785445268068 1374460 3936800 2536660
1785445268105 1374460 3936800 2536660
1785445268140 1374460 3936800 2536660
1785445268175 1374460 3936800 2536660
1785445268210 1374460 3936800 2536660
1785445268246 1374460 3936800 2536660
1785445268283 1374460 3936800 2536660
1785445268320 1374460 3936800 2536660
1785445268358 1374460 3936800 2536660
1785445268395 1374460 3936800 2536660
1785445268434 1374460 3936800 2536660
1785445268471 1374460 3936800 2536660
1785445268511 1374460 3936800 2536660
1785445268548 1374460 3936800 2536660
1785445268586 1374460 3936800 2536660
1785445268624 1374460 3936800 2536660
1785445268662 1374480 3936800 2536660
1785445268700 1374480 3936800 2536660
1785445268738 1374480 3936800 2536660
1785445268777 1374480 3936800 2536660
1785445268815 1374480 3936800 2536660
1785445268852 1374480 3936800 2536660
1785445268890 1374480 3936800 2536660
1785445268928 1374480 3936800 2536660
1785445268966 1374480 3936800 2536660
1785445269005 1374480 3936800 2536660
1785445269043 1374480 3936800 2536660
1785445269081 1374480 3936800 2536660
1785445269119 1374480 3936800 2536660
1785445269158 1374480 3936800 2536660
1785445269195 1374480 3936800 2536660
1785445269233 1374480 3936800 2536660
1785445269271 1374480 3936800 2536660
1785445269308 1374480 3936800 2536660
1785445269341 1374480 3936800 2536660
1785445269376 1380320 3936800 2536660
1785445269411 1514196 3936800 2536660
1785445269448 1686228 3936800 2536660
1785445269483 1807060 3936800 2536660
1785445269521 1807060 3936800 2536660
1785445269557 1814676 3936800 2536660
1785445269592 1917076 3936800 2536660
1785445269627 2017428 3936800 2536660
1785445269665 2130068 3936800 2536660
1785445269703 1807060 3936800 2536660
1785445269742 1807148 3936800 2536660
1785445269780 1807148 3936800 2536660
1785445269816 1868016 3936800 2536660
1785445269854 1976560 3936800 2536660
1785445269892 2089200 3936800 2536660
1785445269930 2203888 3936800 2536660
1785445269968 2292848 4043780 2536660
1785445270006 2403440 4043780 2536660
1785445270043 2511984 4043780 2536660
1785445270123 2628720 4043780 2628720
1785445270230 2653872 4043780 2653872
1785445270314 2654028 4043780 2654028
1785445270394 2232152 4043780 2645200
1785445270430 1836888 4043780 2645200
1785445270465 1939288 4043780 2645200
1785445270501 2043736 4043780 2645200
1785445270539 2158424 4043780 2645200
1785445270577 2232524 4043780 2645200
1785445270613 2232524 4043780 2645200
1785445270650 2232524 4043780 2645200
1785445270687 1850528 4043780 2645200
1785445270725 1907676 4043780 2645200
1785445270762 1944544 4043780 2645200
1785445270799 1963592 4043780 2645200
1785445270837 2009524 4043780 2645200
1785445270875 2061252 4043780 2645200
1785445270912 2116180 4043780 2645200
1785445270949 2155056 4043780 2645200
1785445270986 2181600 4043780 2645200
1785445271021 2216432 4043780 2645200
1785445271057 2223928 4043780 2645200
1785445271094 1801300 4043780 2645200
1785445271131 1714692 4043780 2645200
1785445271170 1732856 4043780 2645200
1785445271208 1749240 4043780 2645200
1785445271246 1767672 4043780 2645200
1785445271284 1784056 4043780 2645200
1785445271322 1800440 4043780 2645200
1785445271360 1818872 4043780 2645200
1785445271395 1833208 4043780 2645200
1785445271432 1847544 4043780 2645200
1785445271468 1863928 4043780 2645200
1785445271507 1882360 4043780 2645200
1785445271546 1896496 4043780 2645200
1785445271584 1914928 4043780 2645200
1785445271624 1933360 4043780 2645200
1785445271662 1949744 4043780 2645200
1785445271702 1968176 4043780 2645200
1785445271740 1984560 4043780 2645200
1785445271779 2002992 4043780 2645200
1785445271818 2019376 4043780 2645200
1785445271854 2035760 4043780 2645200
1785445271893 2054192 4043780 2645200
1785445271933 1888528 4043780 2645200
1785445271973 1888528 4043780 2645200
1785445272014 1888528 4043780 2645200
1785445272053 1627560 4043780 2645200
1785445272089 1627564 4043780 2645200
1785445272128 1627568 4043780 2645200
1785445272168 1627568 4043780 2645200
1785445272208 1627568 4043780 2645200
1785445272249 1627568 4043780 2645200
1785445272289 1627568 4043780 2645200
1785445272328 1627580 4043780 2645200
1785445272364 1627580 4043780 2645200
1785445272404 1627584 4043780 2645200
1785445272443 1627588 4043780 2645200
1785445272480 1627588 4043780 2645200
1785445272515 1627592 4043780 2645200
1785445272554 1627596 4043780 2645200
1785445272591 1627596 4043780 2645200
1785445272629 1627596 4043780 2645200
1785445272668 1627604 4043780 2645200
1785445272708 1627608 4043780 2645200
1785445272745 1627608 4043780 2645200
1785445272780 1627612 4043780 2645200
1785445272818 1627612 4043780 2645200
1785445272855 1627612 4043780 2645200
1785445272892 1627616 4043780 2645200
1785445272931 1627624 4043780 2645200
1785445272970 1627628 4043780 2645200
1785445273009 1627628 4043780 2645200
1785445273049 1627628 4043780 2645200
1785445273089 1627632 4043780 2645200
1785445273127 1627632 4043780 2645200
1785445273163 1627636 4043780 2645200
1785445273203 1627640 4043780 2645200
1785445273243 1627648 4043780 2645200
1785445273282 1627648 4043780 2645200
1785445273319 1627648 4043780 2645200
1785445273359 1627652 4043780 2645200
1785445273396 1627652 4043780 2645200
1785445273434 1627656 4043780 2645200
1785445273473 1627664 4043780 2645200
1785445273513 1627664 4043780 2645200
1785445273553 1627664 4043780 2645200
1785445273590 1627664 4043780 2645200
1785445273627 1627672 4043780 2645200
1785445273666 1627672 4043780 2645200
1785445273703 1627672 4043780 2645200
1785445273742 1627676 4043780 2645200
1785445273780 1627684 4043780 2645200
1785445273819 1627684 4043780 2645200
1785445273855 1627684 4043780 2645200
1785445273890 1627688 4043780 2645200
1785445273930 1627688 4043780 2645200
1785445273967 1627688 4043780 2645200
1785445274006 1627692 4043780 2645200
1785445274043 1627700 4043780 2645200
1785445274081 1627704 4043780 2645200
1785445274119 1627704 4043780 2645200
1785445274154 1627708 4043780 2645200
1785445274194 1627712 4043780 2645200
1785445274232 1627712 4043780 2645200
1785445274271 1627716 4043780 2645200
1785445274308 1627720 4043780 2645200
1785445274346 1627720 4043780 2645200
1785445274385 1627720 4043780 2645200
1785445274422 1627720 4043780 2645200
1785445274459 1627728 4043780 2645200
1785445274495 1627732 4043780 2645200
1785445274529 1627732 4043780 2645200
1785445274569 1627732 4043780 2645200
1785445274606 1627740 4043780 2645200
1785445274645 1627744 4043780 2645200
1785445274683 1627744 4043780 2645200
1785445274718 1627744 4043780 2645200
1785445274757 1627744 4043780 2645200
1785445274795 1627748 4043780 2645200
1785445274832 1627752 4043780 2645200
1785445274870 1627756 4043780 2645200
1785445274907 1627768 4043780 2645200
1785445274945 1627768 4043780 2645200
1785445274982 1627768 4043780 2645200
1785445275023 1627768 4043780 2645200
1785445275061 1627768 4043780 2645200
1785445275099 1627772 4043780 2645200
1785445275136 1627772 4043780 2645200
1785445275175 1627780 4043780 2645200
1785445275214 1627784 4043780 2645200
1785445275252 1627784 4043780 2645200
1785445275293 1627784 4043780 2645200
1785445275331 1627784 4043780 2645200
1785445275371 1627784 4043780 2645200
1785445275410 1586576 4043780 2645200
1785445275447 1586576 4043780 2645200
1785445275481 1586584 4043780 2645200
1785445275517 1586604 4043780 2645200
1785445275556 1586624 4043780 2645200
1785445275592 1586644 4043780 2645200
1785445275628 1586664 4043780 2645200
1785445275666 1586680 4043780 2645200
1785445275702 1637772 4043780 2645200
1785445275738 1697188 4043780 2645200
1785445275773 1757116 4043780 2645200
1785445275809 1822132 4043780 2645200
1785445275850 1840564 4043780 2645200
1785445275888 1855560 4043780 2645200
1785445275926 1871944 4043780 2645200
1785445275960 1786976 4043780 2645200
1785445276000 1786980 4043780 2645200
1785445276040 1786980 4043780 2645200
1785445276077 1786980 4043780 2645200
1785445276112 1786980 4043780 2645200
1785445276148 1786980 4043780 2645200
1785445276183 1786980 4043780 2645200
1785445276223 1786980 4043780 2645200
1785445276261 1786980 4043780 2645200
1785445276301 1786980 4043780 2645200
1785445276340 1786980 4043780 2645200
1785445276379 1786980 4043780 2645200
1785445276416 1786980 4043780 2645200
1785445276453 1936192 4043780 2645200
1785445276494 1954624 4043780 2645200
1785445276534 1970556 4043780 2645200
1785445276574 1988988 4043780 2645200
1785445276613 2007420 4043780 2645200
1785445276650 2023804 4043780 2645200
1785445276690 2042236 4043780 2645200
1785445276729 2058620 4043780 2645200
1785445276768 2077052 4043780 2645200
1785445276806 2093436 4043780 2645200
1785445276846 2111868 4043780 2645200
1785445276887 2130300 4043780 2645200
1785445276925 2135796 4043780 2645200
1785445276964 2135796 4043780 2645200
1785445277002 2135796 4043780 2645200
1785445277041 2135796 4043780 2645200
1785445277076 2135796 4043780 2645200
1785445277114 2135796 4043780 2645200
1785445277152 2135796 4043780 2645200
1785445277190 2135796 4043780 2645200
1785445277228 2135796 4043780 2645200
1785445277266 2135796 4043780 2645200
1785445277303 2135796 4043780 2645200
1785445277340 2135796 4043780 2645200
1785445277375 2167848 4043780 2645200
1785445277415 2184236 4043780 2645200
1785445277455 2202668 4043780 2645200
1785445277496 2221100 4043780 2645200
1785445277532 2431840 4043780 2645200
1785445277573 2448224 4043780 2645200
1785445277613 2466656 4043780 2645200
1785445277652 2485088 4043780 2645200
1785445277689 2501472 4043780 2645200
1785445277727 2517856 4043780 2645200
1785445277764 2534240 4043780 2645200
1785445277801 2550624 4043780 2645200
1785445277838 2567008 4043780 2645200
1785445277876 2583392 4043780 2645200
1785445277913 2599776 4043780 2645200
1785445277951 2615960 4159980 2645200
1785445277988 2632344 4159980 2645200
1785445278026 2648728 4159980 2648728
1785445278066 2665112 4159980 2665112
1785445278155 2683544 4159980 2683544
1785445278273 2714420 4159980 2714420
1785445278361 2732916 4159980 2732916
1785445278446 2751364 4159980 2751364
1785445278551 2935500 4333960 2935500
1785445278660 2686996 4333960 2939504
1785445278702 2686996 4333960 2939504
1785445278742 2686996 4333960 2939504
1785445278781 2687284 4333960 2939504
1785445278820 2690968 4333960 2939504
1785445278860 2690968 4333960 2939504
1785445278899 2516988 4333960 2939504
1785445278939 2516988 4333960 2939504
1785445278978 2516988 4333960 2939504
1785445279016 2516988 4333960 2939504
1785445279055 2516988 4333960 2939504
1785445279093 2516988 4333960 2939504
1785445279132 2516988 4333960 2939504
1785445279170 2516988 4333960 2939504
1785445279208 2516988 4333960 2939504
1785445279246 2516988 4333960 2939504
1785445279282 2516988 4333960 2939504
1785445279319 2516988 4333960 2939504
1785445279357 2516988 4333960 2939504
1785445279392 2516988 4333960 2939504
1785445279430 2516988 4333960 2939504
1785445279468 2516988 4333960 2939504
1785445279503 2516988 4333960 2939504
1785445279538 2516988 4333960 2939504
1785445279576 2516988 4333960 2939504
1785445279613 2516988 4333960 2939504
1785445279649 2516988 4333960 2939504
1785445279684 2516988 4333960 2939504
1785445279719 2516988 4333960 2939504
1785445279758 2516988 4333960 2939504
1785445279796 2516988 4333960 2939504
1785445279835 2516988 4333960 2939504
1785445279873 2516988 4333960 2939504
1785445279908 2516988 4333960 2939504
1785445279947 2516988 4333960 2939504
1785445279985 2516988 4333960 2939504
1785445280024 2516988 4333960 2939504
1785445280061 2516988 4333960 2939504
1785445280099 2516988 4333960 2939504
1785445280134 2516988 4333960 2939504
1785445280174 2516988 4333960 2939504
1785445280212 2516988 4333960 2939504
1785445280250 2516988 4333960 2939504
1785445280289 2516988 4333960 2939504
1785445280328 2516988 4333960 2939504
1785445280367 2082244 4333960 2939504
1785445280405 2082244 4333960 2939504
1785445280440 2082244 4333960 2939504
1785445280475 2082244 4333960 2939504
1785445280514 2082940 4333960 2939504
1785445280554 2082952 4333960 2939504
1785445280595 2082956 4333960 2939504
1785445280636 2082956 4333960 2939504
1785445280676 2082956 4333960 2939504
1785445280717 2082956 4333960 2939504
1785445280758 2082956 4333960 2939504
1785445280798 2082988 4333960 2939504
1785445280838 2082992 4333960 2939504
1785445280878 2082992 4333960 2939504
1785445280918 2082996 4333960 2939504
1785445280958 2083184 4333960 2939504
1785445280999 2083380 4333960 2939504
1785445281038 2083380 4333960 2939504
1785445281079 2083388 4333960 2939504
1785445281120 2083388 4333960 2939504
1785445281161 2083388 4333960 2939504
1785445281202 2087484 4333960 2939504
1785445281240 2087484 4333960 2939504
1785445281281 2087484 4333960 2939504
1785445281320 2087484 4333960 2939504
1785445281362 2087484 4333960 2939504
1785445281403 2087484 4333960 2939504
1785445281443 2087484 4333960 2939504
1785445281483 2087484 4333960 2939504
1785445281523 2087484 4333960 2939504
1785445281562 2087484 4333960 2939504
1785445281604 2087484 4333960 2939504
1785445281645 2087484 4333960 2939504
1785445281685 2087484 4333960 2939504
1785445281728 2087484 4333960 2939504
1785445281767 2087484 4333960 2939504
1785445281807 2087484 4333960 2939504
1785445281850 2087680 4333960 2939504
1785445281891 2087680 4333960 2939504
1785445281931 2087748 4333960 2939504
1785445281972 2087748 4333960 2939504
1785445282013 2087748 4333960 2939504
1785445282053 2087748 4333960 2939504
1785445282092 2087748 4333960 2939504
1785445282133 2087748 4333960 2939504
1785445282175 2087748 4333960 2939504
1785445282216 2087748 4333960 2939504
1785445282258 2087748 4333960 2939504
1785445282300 2087748 4333960 2939504
1785445282341 2087748 4333960 2939504
1785445282383 2087748 4333960 2939504
1785445282425 2087748 4333960 2939504
1785445282464 2087748 4333960 2939504
1785445282504 2087748 4333960 2939504
1785445282544 2087748 4333960 2939504
1785445282584 2087748 4333960 2939504
1785445282624 2087748 4333960 2939504
1785445282664 2087748 4333960 2939504
1785445282704 2087748 4333960 2939504
1785445282744 2087748 4333960 2939504
1785445282784 2087748 4333960 2939504
1785445282825 2087748 4333960 2939504
1785445282865 2087748 4333960 2939504
1785445282906 2087748 4333960 2939504
1785445282947 2087748 4333960 2939504
1785445282988 2087748 4333960 2939504
1785445283029 2087748 4333960 2939504
1785445283069 2087748 4333960 2939504
1785445283110 2087748 4333960 2939504
1785445283150 2087748 4333960 2939504
1785445283189 2087748 4333960 2939504
1785445283229 2087748 4333960 2939504
1785445283268 2087748 4333960 2939504
1785445283305 2087748 4333960 2939504
1785445283343 2087748 4333960 2939504
1785445283380 2087748 4333960 2939504
1785445283422 2087748 4333960 2939504
1785445283461 2087748 4333960 2939504
1785445283499 2087748 4333960 2939504
1785445283538 2087748 4333960 2939504
1785445283577 2087748 4333960 2939504
1785445283616 2087748 4333960 2939504
1785445283656 2087748 4333960 2939504
1785445283697 2087748 4333960 2939504
1785445283737 2087748 4333960 2939504
1785445283776 2087748 4333960 2939504
1785445283815 2087748 4333960 2939504
1785445283855 2087748 4333960 2939504
1785445283894 2087748 4333960 2939504
1785445283933 2087748 4333960 2939504
1785445283975 2087748 4333960 2939504
1785445284013 2087748 4333960 2939504
1785445284053 2087748 4333960 2939504
1785445284096 2087748 4333960 2939504
1785445284136 2087748 4333960 2939504
1785445284176 2087748 4333960 2939504
1785445284220 2087748 4333960 2939504
1785445284260 2087748 4333960 2939504
1785445284300 2087748 4333960 2939504
1785445284343 2087748 4333960 2939504
1785445284385 2087748 4333960 2939504
1785445284425 2087748 4333960 2939504
1785445284469 2087748 4333960 2939504
1785445284511 2087748 4333960 2939504
1785445284553 2087748 4333960 2939504
1785445284595 2087748 4333960 2939504
1785445284636 2087748 4333960 2939504
1785445284677 2087748 4333960 2939504
1785445284718 2087748 4333960 2939504
1785445284758 2087748 4333960 2939504
1785445284800 2087748 4333960 2939504
1785445284840 2087748 4333960 2939504
1785445284880 2087748 4333960 2939504
1785445284921 2087748 4333960 2939504
1785445284963 2087748 4333960 2939504
1785445285004 2087748 4333960 2939504
1785445285045 2087748 4333960 2939504
1785445285086 2087748 4333960 2939504
1785445285127 2087748 4333960 2939504
1785445285169 2087748 4333960 2939504
1785445285209 2087748 4333960 2939504
1785445285250 2087748 4333960 2939504
1785445285291 2087748 4333960 2939504
1785445285331 2087748 4333960 2939504
1785445285371 2087748 4333960 2939504
1785445285413 2088124 4333960 2939504
1785445285456 2088124 4333960 2939504
1785445285495 2088124 4333960 2939504
1785445285534 2088124 4333960 2939504
1785445285575 2088124 4333960 2939504
1785445285612 2099996 4333960 2939504
1785445285649 2137148 4333960 2939504
1785445285693 2186348 4333960 2939504
1785445285733 2186348 4333960 2939504
1785445285773 2186348 4333960 2939504
1785445285812 2186348 4333960 2939504
1785445285849 2186348 4333960 2939504
1785445285888 2186348 4333960 2939504
1785445285926 2186348 4333960 2939504
1785445285966 2186348 4333960 2939504
1785445286004 2186348 4333960 2939504
1785445286043 2186348 4333960 2939504
1785445286081 2186348 4333960 2939504
1785445286120 2186348 4333960 2939504
1785445286159 2186348 4333960 2939504
1785445286200 2088172 4333960 2939504
1785445286239 2088172 4333960 2939504
1785445286278 2088172 4333960 2939504
1785445286318 2088172 4333960 2939504
1785445286357 2088172 4333960 2939504
1785445286396 2088172 4333960 2939504
1785445286436 2088172 4333960 2939504
1785445286475 2088172 4333960 2939504
1785445286515 2088172 4333960 2939504
1785445286555 2088172 4333960 2939504
1785445286595 2088172 4333960 2939504
1785445286635 2088172 4333960 2939504
1785445286675 2088172 4333960 2939504
1785445286714 2088172 4333960 2939504
1785445286755 2088172 4333960 2939504
1785445286794 2088172 4333960 2939504
1785445286835 2088172 4333960 2939504
1785445286874 2088172 4333960 2939504
1785445286914 2088172 4333960 2939504
1785445286954 2088172 4333960 2939504
1785445286994 2088172 4333960 2939504
1785445287034 2088172 4333960 2939504
1785445287076 2088172 4333960 2939504
1785445287115 2088172 4333960 2939504
1785445287154 2088172 4333960 2939504
1785445287194 2088172 4333960 2939504
1785445287233 2088172 4333960 2939504
1785445287271 2088172 4333960 2939504
1785445287312 2088172 4333960 2939504
1785445287351 2088172 4333960 2939504
1785445287390 2088172 4333960 2939504
1785445287430 2088172 4333960 2939504
1785445287471 2088172 4333960 2939504
1785445287510 2088172 4333960 2939504
1785445287550 2088172 4333960 2939504
1785445287589 2088172 4333960 2939504
1785445287628 2088172 4333960 2939504
1785445287668 2088172 4333960 2939504
1785445287707 2088172 4333960 2939504
1785445287747 2088172 4333960 2939504
1785445287786 2088172 4333960 2939504
1785445287825 2088172 4333960 2939504
1785445287864 2088172 4333960 2939504
1785445287904 2088172 4333960 2939504
1785445287943 2088172 4333960 2939504
1785445287983 2088172 4333960 2939504
1785445288022 2088172 4333960 2939504
1785445288062 2088172 4333960 2939504
1785445288102 2088176 4333960 2939504
1785445288141 2088176 4333960 2939504
1785445288181 2088176 4333960 2939504
1785445288221 2088176 4333960 2939504
1785445288263 2088176 4333960 2939504
1785445288304 2088176 4333960 2939504
1785445288345 2088176 4333960 2939504
1785445288384 2088176 4333960 2939504
1785445288425 2088176 4333960 2939504
1785445288466 2088176 4333960 2939504
1785445288508 2088176 4333960 2939504
1785445288549 2088176 4333960 2939504
1785445288590 2088176 4333960 2939504
1785445288631 2088176 4333960 2939504
1785445288672 2088176 4333960 2939504
1785445288714 2088176 4333960 2939504
1785445288754 2088176 4333960 2939504
1785445288795 2088176 4333960 2939504
1785445288833 2088176 4333960 2939504
1785445288874 2088176 4333960 2939504
1785445288913 2088176 4333960 2939504
1785445288949 2088176 4333960 2939504
1785445288992 2088176 4333960 2939504
1785445289031 2088176 4333960 2939504
1785445289070 2088176 4333960 2939504
1785445289108 2088176 4333960 2939504
1785445289148 2088176 4333960 2939504
1785445289187 2088176 4333960 2939504
1785445289228 2088176 4333960 2939504
1785445289268 2088180 4333960 2939504
1785445289308 2088180 4333960 2939504
1785445289347 2088180 4333960 2939504
1785445289386 2088180 4333960 2939504
1785445289426 2088180 4333960 2939504
1785445289465 2088180 4333960 2939504
1785445289504 2088180 4333960 2939504
1785445289546 2088180 4333960 2939504
1785445289586 2088180 4333960 2939504
1785445289626 2088180 4333960 2939504
1785445289670 2088180 4333960 2939504
1785445289710 2088180 4333960 2939504
1785445289748 2088180 4333960 2939504
1785445289789 2088180 4333960 2939504
1785445289828 2088180 4333960 2939504
1785445289865 2088180 4333960 2939504
1785445289906 2088180 4333960 2939504
1785445289945 2088180 4333960 2939504
1785445289983 2088180 4333960 2939504
1785445290025 2088180 4333960 2939504
1785445290068 2088180 4333960 2939504
1785445290109 2088180 4333960 2939504
1785445290151 2088180 4333960 2939504
1785445290192 2088180 4333960 2939504
1785445290234 2088180 4333960 2939504
1785445290275 2088180 4333960 2939504
1785445290315 2088180 4333960 2939504
1785445290358 2088180 4333960 2939504
1785445290399 2088180 4333960 2939504
1785445290439 2088180 4333960 2939504
1785445290481 2088180 4333960 2939504
1785445290523 2088180 4333960 2939504
1785445290563 2088180 4333960 2939504
1785445290604 2088180 4333960 2939504
1785445290645 2088180 4333960 2939504
1785445290685 2088180 4333960 2939504
1785445290725 2088180 4333960 2939504
1785445290767 2088180 4333960 2939504
1785445290806 2088180 4333960 2939504
1785445290847 2088180 4333960 2939504
1785445290887 2088180 4333960 2939504
1785445290928 2088180 4333960 2939504
1785445290967 2088180 4333960 2939504
1785445291006 2088180 4333960 2939504
1785445291048 2088180 4333960 2939504
1785445291086 2088180 4333960 2939504
1785445291126 2112628 4333960 2939504
1785445291167 2112628 4333960 2939504
1785445291205 2112628 4333960 2939504
1785445291245 2137204 4333960 2939504
1785445291290 2161780 4333960 2939504
1785445291329 2161780 4333960 2939504
1785445291370 2161780 4333960 2939504
1785445291410 2161780 4333960 2939504
1785445291450 2161780 4333960 2939504
1785445291491 2161780 4333960 2939504
1785445291530 2161780 4333960 2939504
1785445291572 2161780 4333960 2939504
1785445291613 2161780 4333960 2939504
1785445291654 2161780 4333960 2939504
1785445291696 2161780 4333960 2939504
1785445291736 2161784 4333960 2939504
1785445291774 2161788 4333960 2939504
1785445291812 2161788 4333960 2939504
1785445291849 2161788 4333960 2939504
1785445291891 2161788 4333960 2939504
1785445291932 2161788 4333960 2939504
1785445291972 2161788 4333960 2939504
1785445292012 2161788 4333960 2939504
1785445292050 2161788 4333960 2939504
1785445292091 2161788 4333960 2939504
1785445292133 2161796 4333960 2939504
1785445292173 2161800 4333960 2939504
1785445292212 2161800 4333960 2939504
1785445292250 2161800 4333960 2939504
1785445292290 2161800 4333960 2939504
1785445292328 2161804 4333960 2939504
1785445292369 2161804 4333960 2939504
1785445292411 2161804 4333960 2939504
1785445292453 2161804 4333960 2939504
1785445292493 2161804 4333960 2939504
1785445292536 2161804 4333960 2939504
1785445292577 2161804 4333960 2939504
1785445292618 2161804 4333960 2939504
1785445292660 2161808 4333960 2939504
1785445292702 2161808 4333960 2939504
1785445292741 2161808 4333960 2939504
1785445292781 2161808 4333960 2939504
1785445292822 2161808 4333960 2939504
1785445292862 2161808 4333960 2939504
1785445292902 2161808 4333960 2939504
1785445292940 2161808 4333960 2939504
1785445292977 2161808 4333960 2939504
1785445293016 2161808 4333960 2939504
1785445293055 2161808 4333960 2939504
1785445293097 2161808 4333960 2939504
1785445293137 2161808 4333960 2939504
1785445293179 2161808 4333960 2939504
1785445293218 2161808 4333960 2939504
1785445293257 2161808 4333960 2939504
1785445293295 2161808 4333960 2939504
1785445293333 2161808 4333960 2939504
1785445293373 2161808 4333960 2939504
1785445293411 2161808 4333960 2939504
1785445293453 2161808 4333960 2939504
1785445293494 2161808 4333960 2939504
1785445293533 2161808 4333960 2939504
1785445293572 2161808 4333960 2939504
1785445293611 2161808 4333960 2939504
1785445293653 2161808 4333960 2939504
1785445293693 2161808 4333960 2939504
1785445293733 2161808 4333960 2939504
1785445293772 2161808 4333960 2939504
1785445293814 2161808 4333960 2939504
1785445293855 2161808 4333960 2939504
1785445293897 2161808 4333960 2939504
1785445293938 2161808 4333960 2939504
1785445293980 2161808 4333960 2939504
1785445294022 2161808 4333960 2939504
1785445294063 2161808 4333960 2939504
1785445294101 2161808 4333960 2939504
1785445294143 2161808 4333960 2939504
1785445294184 2161808 4333960 2939504
1785445294226 2161808 4333960 2939504
1785445294266 2161808 4333960 2939504
1785445294307 2161808 4333960 2939504
1785445294348 2161808 4333960 2939504
1785445294389 2161812 4333960 2939504
1785445294430 2161812 4333960 2939504
1785445294470 2161812 4333960 2939504
1785445294508 2161812 4333960 2939504
1785445294549 2161812 4333960 2939504
1785445294589 2161812 4333960 2939504
1785445294628 2161812 4333960 2939504
1785445294668 2161812 4333960 2939504
1785445294709 2161812 4333960 2939504
1785445294751 2161812 4333960 2939504
1785445294791 2161812 4333960 2939504
1785445294828 2161812 4333960 2939504
1785445294870 2161812 4333960 2939504
1785445294910 2161812 4333960 2939504
1785445294951 2161812 4333960 2939504
1785445294990 2161812 4333960 2939504
1785445295031 2161816 4333960 2939504
1785445295072 2161820 4333960 2939504
1785445295114 2161820 4333960 2939504
1785445295154 2161820 4333960 2939504
1785445295196 2161820 4333960 2939504
1785445295235 2161820 4333960 2939504
1785445295276 2161820 4333960 2939504
1785445295319 2161820 4333960 2939504
1785445295359 2161820 4333960 2939504
1785445295398 2161820 4333960 2939504
1785445295440 2161820 4333960 2939504
1785445295481 2161820 4333960 2939504
1785445295521 2161820 4333960 2939504
1785445295562 2161820 4333960 2939504
1785445295604 2161820 4333960 2939504
1785445295644 2161820 4333960 2939504
1785445295685 2161820 4333960 2939504
1785445295727 2161820 4333960 2939504
1785445295767 2161820 4333960 2939504
1785445295807 2161820 4333960 2939504
1785445295846 2161820 4333960 2939504
1785445295887 2161820 4333960 2939504
1785445295926 2161820 4333960 2939504
1785445295966 2161820 4333960 2939504
1785445296007 2161820 4333960 2939504
1785445296047 2161820 4333960 2939504
1785445296088 2161820 4333960 2939504
1785445296129 2161820 4333960 2939504
1785445296167 2161820 4333960 2939504
1785445296209 2161820 4333960 2939504
1785445296249 2161820 4333960 2939504
1785445296292 2161820 4333960 2939504
1785445296333 2161820 4333960 2939504
1785445296374 2161824 4333960 2939504
1785445296417 2161824 4333960 2939504
1785445296457 2161824 4333960 2939504
1785445296499 2161824 4333960 2939504
1785445296539 2161824 4333960 2939504
1785445296577 2161824 4333960 2939504
1785445296619 2161824 4333960 2939504
1785445296662 2161824 4333960 2939504
1785445296704 2161824 4333960 2939504
1785445296741 2161824 4333960 2939504
1785445296778 2161824 4333960 2939504
1785445296818 2161824 4333960 2939504
1785445296857 2161824 4333960 2939504
1785445296894 2186400 4333960 2939504
1785445296943 2210976 4333960 2939504
1785445296984 2210976 4333960 2939504
1785445297026 2137376 4333960 2939504
1785445297064 2137376 4333960 2939504
1785445297103 2137376 4333960 2939504
1785445297144 2137376 4333960 2939504
1785445297182 2137376 4333960 2939504
1785445297222 2137376 4333960 2939504
1785445297262 2137376 4333960 2939504
1785445297304 2137376 4333960 2939504
1785445297344 2137376 4333960 2939504
1785445297385 2137376 4333960 2939504
1785445297425 2137380 4333960 2939504
1785445297463 2137380 4333960 2939504
1785445297504 2137380 4333960 2939504
1785445297545 2137380 4333960 2939504
1785445297586 2137380 4333960 2939504
1785445297626 2137380 4333960 2939504
1785445297667 2137380 4333960 2939504
1785445297708 2137384 4333960 2939504
1785445297749 2137384 4333960 2939504
1785445297790 2137388 4333960 2939504
1785445297830 2137392 4333960 2939504
1785445297869 2137392 4333960 2939504
1785445297908 2137392 4333960 2939504
1785445297948 2137396 4333960 2939504
1785445297986 2137400 4333960 2939504
1785445298024 2137400 4333960 2939504
1785445298064 2137400 4333960 2939504
1785445298106 2137400 4333960 2939504
1785445298146 2137400 4333960 2939504
1785445298186 2137400 4333960 2939504
1785445298228 2137400 4333960 2939504
1785445298268 2137400 4333960 2939504
1785445298310 2137400 4333960 2939504
1785445298352 2137400 4333960 2939504
1785445298393 2137400 4333960 2939504
1785445298434 2137400 4333960 2939504
1785445298473 2137400 4333960 2939504
1785445298511 2137400 4333960 2939504
1785445298551 2137404 4333960 2939504
1785445298590 2137404 4333960 2939504
1785445298631 2137404 4333960 2939504
1785445298672 2137404 4333960 2939504
1785445298714 2137404 4333960 2939504
1785445298755 2137404 4333960 2939504
1785445298797 2137404 4333960 2939504
1785445298838 2137404 4333960 2939504
1785445298880 2137404 4333960 2939504
1785445298922 2137408 4333960 2939504
1785445298962 2137408 4333960 2939504
1785445299004 2137408 4333960 2939504
1785445299045 2137408 4333960 2939504
1785445299083 2137408 4333960 2939504
1785445299125 2137408 4333960 2939504
1785445299166 2137408 4333960 2939504
1785445299204 2137408 4333960 2939504
1785445299246 2137408 4333960 2939504
1785445299287 2137408 4333960 2939504
1785445299329 2137408 4333960 2939504
1785445299369 2137408 4333960 2939504
1785445299411 2137408 4333960 2939504
1785445299450 2137408 4333960 2939504
1785445299492 2137408 4333960 2939504
1785445299531 2137408 4333960 2939504
1785445299569 2137408 4333960 2939504
1785445299610 2137408 4333960 2939504
1785445299652 2137408 4333960 2939504
1785445299692 2137408 4333960 2939504
1785445299734 2137408 4333960 2939504
1785445299776 2137408 4333960 2939504
1785445299816 2137408 4333960 2939504
1785445299858 2137408 4333960 2939504
1785445299899 2137408 4333960 2939504
1785445299938 2137408 4333960 2939504
1785445299978 2137408 4333960 2939504
1785445300017 2137412 4333960 2939504
1785445300057 2137416 4333960 2939504
1785445300096 2137416 4333960 2939504
1785445300134 2137416 4333960 2939504
1785445300171 2137416 4333960 2939504
1785445300211 2137416 4333960 2939504
1785445300249 2137416 4333960 2939504
1785445300289 2137416 4333960 2939504
1785445300328 2137416 4333960 2939504
1785445300367 2137416 4333960 2939504
1785445300406 2137416 4333960 2939504
1785445300444 2137416 4333960 2939504
1785445300485 2137416 4333960 2939504
1785445300525 2137416 4333960 2939504
1785445300567 2137416 4333960 2939504
1785445300607 2137416 4333960 2939504
1785445300646 2137416 4333960 2939504
1785445300687 2137416 4333960 2939504
1785445300730 2137416 4333960 2939504
1785445300768 2137416 4333960 2939504
1785445300809 2137416 4333960 2939504
1785445300851 2137416 4333960 2939504
1785445300893 2137416 4333960 2939504
1785445300933 2137416 4333960 2939504
1785445300976 2137416 4333960 2939504
1785445301016 2137416 4333960 2939504
1785445301053 2137416 4333960 2939504
1785445301097 2137416 4333960 2939504
1785445301139 2137416 4333960 2939504
1785445301179 2137416 4333960 2939504
1785445301219 2143432 4333960 2939504
1785445301258 2143432 4333960 2939504
1785445301296 2143432 4333960 2939504
1785445301338 2143432 4333960 2939504
1785445301381 2143432 4333960 2939504
1785445301423 2143432 4333960 2939504
1785445301465 2143432 4333960 2939504
1785445301506 2143432 4333960 2939504
1785445301547 2143432 4333960 2939504
1785445301589 2143432 4333960 2939504
1785445301628 2143432 4333960 2939504
1785445301672 2143432 4333960 2939504
1785445301712 2143432 4333960 2939504
1785445301752 2143432 4333960 2939504
1785445301794 2143432 4333960 2939504
1785445301832 2143432 4333960 2939504
1785445301873 2143432 4333960 2939504
1785445301914 2161864 4333960 2939504
1785445301955 2161864 4333960 2939504
1785445301995 2161864 4333960 2939504
1785445302036 2161864 4333960 2939504
1785445302075 2161864 4333960 2939504
1785445302113 2161864 4333960 2939504
1785445302150 2161864 4333960 2939504
1785445302189 2161864 4333960 2939504
1785445302228 2161864 4333960 2939504
1785445302269 2161864 4333960 2939504
1785445302313 2161864 4333960 2939504
1785445302355 2161864 4333960 2939504
1785445302393 2165672 4333960 2939504
1785445302429 2182056 4333960 2939504
1785445302465 2218920 4333960 2939504
1785445302503 2235304 4333960 2939504
1785445302541 2251688 4333960 2939504
1785445302579 2284744 4333960 2939504
1785445302621 2211144 4333960 2939504
1785445302663 2211144 4333960 2939504
1785445302705 2137416 4333960 2939504
1785445302744 2137416 4333960 2939504
1785445302786 2137416 4333960 2939504
1785445302826 2137416 4333960 2939504
1785445302865 2137416 4333960 2939504
1785445302905 2137416 4333960 2939504
1785445302943 2137416 4333960 2939504
1785445302984 2137416 4333960 2939504
1785445303024 2137416 4333960 2939504
1785445303065 2137416 4333960 2939504
1785445303106 2137424 4333960 2939504
1785445303146 2137424 4333960 2939504
1785445303186 2137424 4333960 2939504
1785445303227 2137424 4333960 2939504
1785445303268 2137424 4333960 2939504
1785445303308 2137424 4333960 2939504
1785445303350 2137424 4333960 2939504
1785445303391 2137428 4333960 2939504
1785445303430 2137428 4333960 2939504
1785445303469 2137428 4333960 2939504
1785445303511 2137432 4333960 2939504
1785445303551 2137436 4333960 2939504
1785445303591 2137436 4333960 2939504
1785445303630 2137444 4333960 2939504
1785445303672 2137444 4333960 2939504
1785445303712 2137444 4333960 2939504
1785445303756 2137444 4333960 2939504
1785445303798 2137444 4333960 2939504
1785445303839 2137444 4333960 2939504
1785445303880 2137444 4333960 2939504
1785445303919 2137444 4333960 2939504
1785445303960 2137444 4333960 2939504
1785445304002 2137444 4333960 2939504
1785445304041 2137444 4333960 2939504
1785445304082 2137444 4333960 2939504
1785445304122 2137444 4333960 2939504
1785445304163 2137444 4333960 2939504
1785445304204 2137444 4333960 2939504
1785445304244 2137444 4333960 2939504
1785445304286 2137444 4333960 2939504
1785445304326 2137444 4333960 2939504
1785445304366 2149604 4333960 2939504
1785445304405 2149604 4333960 2939504
1785445304447 2149604 4333960 2939504
1785445304488 2149604 4333960 2939504
1785445304529 2149604 4333960 2939504
1785445304570 2149604 4333960 2939504
1785445304611 2149604 4333960 2939504
1785445304653 2149604 4333960 2939504
1785445304692 2149604 4333960 2939504
1785445304734 2149604 4333960 2939504
1785445304775 2149604 4333960 2939504
1785445304815 2149604 4333960 2939504
1785445304857 2149604 4333960 2939504
1785445304899 2149604 4333960 2939504
1785445304939 2149604 4333960 2939504
1785445304979 2149604 4333960 2939504
1785445305018 2149604 4333960 2939504
1785445305060 2149604 4333960 2939504
1785445305100 2149604 4333960 2939504
1785445305139 2149604 4333960 2939504
1785445305181 2149604 4333960 2939504
1785445305222 2149604 4333960 2939504
1785445305263 2149604 4333960 2939504
1785445305304 2149604 4333960 2939504
1785445305346 2149604 4333960 2939504
1785445305387 2149604 4333960 2939504
1785445305429 2149604 4333960 2939504
1785445305470 2149604 4333960 2939504
1785445305511 2149604 4333960 2939504
1785445305553 2149604 4333960 2939504
1785445305594 2149604 4333960 2939504
1785445305635 2149604 4333960 2939504
1785445305676 2149608 4333960 2939504
1785445305714 2149612 4333960 2939504
1785445305751 2149616 4333960 2939504
1785445305787 2149616 4333960 2939504
1785445305824 2149616 4333960 2939504
1785445305860 2149616 4333960 2939504
1785445305901 2149616 4333960 2939504
1785445305940 2149616 4333960 2939504
1785445305980 2149616 4333960 2939504
1785445306019 2149616 4333960 2939504
1785445306057 2149616 4333960 2939504
1785445306095 2149616 4333960 2939504
1785445306135 2149616 4333960 2939504
1785445306176 2149616 4333960 2939504
1785445306219 2149616 4333960 2939504
1785445306260 2149616 4333960 2939504
1785445306303 2149616 4333960 2939504
1785445306342 2149616 4333960 2939504
1785445306384 2149616 4333960 2939504
1785445306426 2149616 4333960 2939504
1785445306466 2149616 4333960 2939504
1785445306508 2168052 4333960 2939504
1785445306549 2168052 4333960 2939504
1785445306590 2168052 4333960 2939504
1785445306631 2168052 4333960 2939504
1785445306672 2168052 4333960 2939504
1785445306710 2168052 4333960 2939504
1785445306751 2174196 4333960 2939504
1785445306795 2174196 4333960 2939504
1785445306835 2174196 4333960 2939504
1785445306876 2186484 4333960 2939504
1785445306916 2186484 4333960 2939504
1785445306957 2186484 4333960 2939504
1785445306997 2186484 4333960 2939504
1785445307037 2186484 4333960 2939504
1785445307076 2186488 4333960 2939504
1785445307115 2186488 4333960 2939504
1785445307157 2186488 4333960 2939504
1785445307198 2186488 4333960 2939504
1785445307239 2186488 4333960 2939504
1785445307280 2186488 4333960 2939504
1785445307320 2186488 4333960 2939504
1785445307361 2186488 4333960 2939504
1785445307399 2186488 4333960 2939504
1785445307441 2186492 4333960 2939504
1785445307483 2186492 4333960 2939504
1785445307521 2186492 4333960 2939504
1785445307562 2186492 4333960 2939504
1785445307603 2186492 4333960 2939504
1785445307641 2186492 4333960 2939504
1785445307678 2186492 4333960 2939504
1785445307719 2198780 4333960 2939504
1785445307761 2198780 4333960 2939504
1785445307801 2198780 4333960 2939504
1785445307842 2198780 4333960 2939504
1785445307883 2198780 4333960 2939504
1785445307923 2198780 4333960 2939504
1785445307965 2198780 4333960 2939504
1785445308005 2198780 4333960 2939504
1785445308043 2198780 4333960 2939504
1785445308083 2198780 4333960 2939504
1785445308120 2207996 4333960 2939504
1785445308162 2207996 4333960 2939504
1785445308198 2223068 4333960 2939504
1785445308236 2280812 4333960 2939504
1785445308284 2306300 4333960 2939504
1785445308326 2158972 4333960 2939504
1785445308367 2158972 4333960 2939504
1785445308406 2158972 4333960 2939504
1785445308448 2158972 4333960 2939504
1785445308488 2158972 4333960 2939504
1785445308527 2158972 4333960 2939504
1785445308567 2158972 4333960 2939504
1785445308609 2158972 4333960 2939504
1785445308651 2158972 4333960 2939504
1785445308692 2158972 4333960 2939504
1785445308731 2158972 4333960 2939504
1785445308771 2158972 4333960 2939504
1785445308809 2158972 4333960 2939504
1785445308850 2158972 4333960 2939504
1785445308891 2158972 4333960 2939504
1785445308933 2158972 4333960 2939504
1785445308974 2158972 4333960 2939504
1785445309012 2158972 4333960 2939504
1785445309050 2158980 4333960 2939504
1785445309091 2158984 4333960 2939504
1785445309133 2158984 4333960 2939504
1785445309175 2158984 4333960 2939504
1785445309216 2158988 4333960 2939504
1785445309255 2158988 4333960 2939504
1785445309294 2158988 4333960 2939504
1785445309333 2158992 4333960 2939504
1785445309373 2158992 4333960 2939504
1785445309414 2161936 4333960 2939504
1785445309455 2161936 4333960 2939504
1785445309495 2161936 4333960 2939504
1785445309537 2168084 4333960 2939504
1785445309579 2168084 4333960 2939504
1785445309618 2168084 4333960 2939504
1785445309659 2174228 4333960 2939504
1785445309701 2186516 4333960 2939504
1785445309739 2186516 4333960 2939504
1785445309776 2186516 4333960 2939504
1785445309818 2186516 4333960 2939504
1785445309859 2186516 4333960 2939504
1785445309899 2186516 4333960 2939504
1785445309938 2192660 4333960 2939504
1785445309978 2192660 4333960 2939504
1785445310018 2192660 4333960 2939504
1785445310060 2192660 4333960 2939504
1785445310103 2192660 4333960 2939504
1785445310144 2192660 4333960 2939504
1785445310184 2192660 4333960 2939504
1785445310223 2192660 4333960 2939504
1785445310266 2192660 4333960 2939504
1785445310307 2192660 4333960 2939504
1785445310349 2192660 4333960 2939504
1785445310392 2192660 4333960 2939504
1785445310434 2192660 4333960 2939504
1785445310477 2192660 4333960 2939504
1785445310519 2192660 4333960 2939504
1785445310560 2192660 4333960 2939504
1785445310603 2192660 4333960 2939504
1785445310645 2192660 4333960 2939504
1785445310687 2192660 4333960 2939504
1785445310728 2192660 4333960 2939504
1785445310768 2192660 4333960 2939504
1785445310810 2192660 4333960 2939504
1785445310852 2192660 4333960 2939504
1785445310893 2192660 4333960 2939504
1785445310933 2192660 4333960 2939504
1785445310975 2192660 4333960 2939504
1785445311016 2192660 4333960 2939504
1785445311058 2192660 4333960 2939504
1785445311099 2192664 4333960 2939504
1785445311139 2192664 4333960 2939504
1785445311179 2192664 4333960 2939504
1785445311221 2192664 4333960 2939504
1785445311261 2192664 4333960 2939504
1785445311300 2192664 4333960 2939504
1785445311339 2192664 4333960 2939504
1785445311378 2192664 4333960 2939504
1785445311417 2192668 4333960 2939504
1785445311457 2192668 4333960 2939504
1785445311499 2192668 4333960 2939504
1785445311538 2192668 4333960 2939504
1785445311576 2192668 4333960 2939504
1785445311615 2192668 4333960 2939504
1785445311651 2192668 4333960 2939504
1785445311693 2192668 4333960 2939504
1785445311734 2192668 4333960 2939504
1785445311775 2192668 4333960 2939504
1785445311817 2192668 4333960 2939504
1785445311857 2192668 4333960 2939504
1785445311900 2192668 4333960 2939504
1785445311943 2192672 4333960 2939504
1785445311984 2192672 4333960 2939504
1785445312023 2192676 4333960 2939504
1785445312063 2192676 4333960 2939504
1785445312105 2192676 4333960 2939504
1785445312147 2192676 4333960 2939504
1785445312186 2192676 4333960 2939504
1785445312225 2192676 4333960 2939504
1785445312267 2192676 4333960 2939504
1785445312307 2192676 4333960 2939504
1785445312348 2192676 4333960 2939504
1785445312390 2192676 4333960 2939504
1785445312429 2192676 4333960 2939504
1785445312467 2192676 4333960 2939504
1785445312505 2192676 4333960 2939504
1785445312543 2192676 4333960 2939504
1785445312585 2192680 4333960 2939504
1785445312625 2192680 4333960 2939504
1785445312667 2192680 4333960 2939504
1785445312707 2192680 4333960 2939504
1785445312749 2192680 4333960 2939504
1785445312790 2192680 4333960 2939504
1785445312830 2192680 4333960 2939504
1785445312872 2192680 4333960 2939504
1785445312915 2192680 4333960 2939504
1785445312957 2192680 4333960 2939504
1785445312998 2192680 4333960 2939504
1785445313040 2192680 4333960 2939504
1785445313082 2192680 4333960 2939504
1785445313123 2192680 4333960 2939504
1785445313163 2217256 4333960 2939504
1785445313202 2217256 4333960 2939504
1785445313243 2217256 4333960 2939504
1785445313284 2217256 4333960 2939504
1785445313327 2217256 4333960 2939504
1785445313367 2217256 4333960 2939504
1785445313410 2217256 4333960 2939504
1785445313452 2217256 4333960 2939504
1785445313492 2217256 4333960 2939504
1785445313536 2217256 4333960 2939504
1785445313577 2217256 4333960 2939504
1785445313618 2217256 4333960 2939504
1785445313659 2155944 4333960 2939504
1785445313702 2156896 4333960 2939504
1785445313742 2176008 4333960 2939504
1785445313780 2190344 4333960 2939504
1785445313819 2229840 4333960 2939504
1785445313861 2249736 4333960 2939504
1785445313899 2264072 4333960 2939504
1785445313940 2303272 4333960 2939504
1785445313983 2229672 4333960 2939504
1785445314024 2229672 4333960 2939504
1785445314065 2155944 4333960 2939504
1785445314104 2155944 4333960 2939504
1785445314145 2155944 4333960 2939504
1785445314186 2155944 4333960 2939504
1785445314226 2155944 4333960 2939504
1785445314266 2155944 4333960 2939504
1785445314307 2155944 4333960 2939504
1785445314348 2155944 4333960 2939504
1785445314389 2155944 4333960 2939504
1785445314429 2155944 4333960 2939504
1785445314469 2155944 4333960 2939504
1785445314507 2155948 4333960 2939504
1785445314544 2155948 4333960 2939504
1785445314586 2155948 4333960 2939504
1785445314627 2155948 4333960 2939504
1785445314665 2155948 4333960 2939504
1785445314704 2155948 4333960 2939504
1785445314745 2155948 4333960 2939504
1785445314787 2155952 4333960 2939504
1785445314827 2155952 4333960 2939504
1785445314869 2155956 4333960 2939504
1785445314909 2155960 4333960 2939504
1785445314951 2155960 4333960 2939504
1785445314993 2155960 4333960 2939504
1785445315035 2155964 4333960 2939504
1785445315076 2155964 4333960 2939504
1785445315116 2174268 4333960 2939504
1785445315160 2186556 4333960 2939504
1785445315201 2186556 4333960 2939504
1785445315241 2192700 4333960 2939504
1785445315282 2211132 4333960 2939504
1785445315322 2211132 4333960 2939504
1785445315363 2211132 4333960 2939504
1785445315404 2211132 4333960 2939504
1785445315446 2211132 4333960 2939504
1785445315485 2211132 4333960 2939504
1785445315526 2229568 4333960 2939504
1785445315568 2229568 4333960 2939504
1785445315607 2229568 4333960 2939504
1785445315646 2229568 4333960 2939504
1785445315684 2229568 4333960 2939504
1785445315722 2229568 4333960 2939504
1785445315761 2229568 4333960 2939504
1785445315804 2160576 4333960 2939504
1785445315844 2160576 4333960 2939504
1785445315883 2160576 4333960 2939504
1785445315925 2160576 4333960 2939504
1785445315967 2160576 4333960 2939504
1785445316009 2160576 4333960 2939504
1785445316051 2160576 4333960 2939504
1785445316091 2160576 4333960 2939504
1785445316133 2160576 4333960 2939504
1785445316175 2160576 4333960 2939504
1785445316216 2160576 4333960 2939504
1785445316255 2160576 4333960 2939504
1785445316293 2160576 4333960 2939504
1785445316335 2160576 4333960 2939504
1785445316376 2160576 4333960 2939504
1785445316417 2160576 4333960 2939504
1785445316459 2160576 4333960 2939504
1785445316499 2160576 4333960 2939504
1785445316541 2160576 4333960 2939504
1785445316582 2160576 4333960 2939504
1785445316624 2160576 4333960 2939504
1785445316666 2160576 4333960 2939504
1785445316706 2160576 4333960 2939504
1785445316745 2160576 4333960 2939504
1785445316787 2160576 4333960 2939504
1785445316827 2160576 4333960 2939504
1785445316869 2160576 4333960 2939504
1785445316909 2160576 4333960 2939504
1785445316951 2160576 4333960 2939504
1785445316992 2160576 4333960 2939504
1785445317032 2160576 4333960 2939504
1785445317073 2160576 4333960 2939504
1785445317113 2160580 4333960 2939504
1785445317151 2160584 4333960 2939504
1785445317191 2160584 4333960 2939504
1785445317230 2160584 4333960 2939504
1785445317267 2160584 4333960 2939504
1785445317306 2160584 4333960 2939504
1785445317346 2160584 4333960 2939504
1785445317385 2178888 4333960 2939504
1785445317427 2178888 4333960 2939504
1785445317468 2178888 4333960 2939504
1785445317509 2178888 4333960 2939504
1785445317549 2178888 4333960 2939504
1785445317590 2178888 4333960 2939504
1785445317631 2178888 4333960 2939504
1785445317673 2178888 4333960 2939504
1785445317714 2178888 4333960 2939504
1785445317752 2178892 4333960 2939504
1785445317790 2197328 4333960 2939504
1785445317830 2197328 4333960 2939504
1785445317868 2202672 4333960 2939504
1785445317908 2215760 4333960 2939504
1785445317950 2221904 4333960 2939504
1785445317991 2221904 4333960 2939504
1785445318031 2221904 4333960 2939504
1785445318074 2228048 4333960 2939504
1785445318114 2228048 4333960 2939504
1785445318155 2228048 4333960 2939504
1785445318198 2246480 4333960 2939504
1785445318238 2246480 4333960 2939504
1785445318280 2246480 4333960 2939504
1785445318324 2246480 4333960 2939504
1785445318363 2246480 4333960 2939504
1785445318406 2246480 4333960 2939504
1785445318447 2185168 4333960 2939504
1785445318486 2185168 4333960 2939504
1785445318524 2185168 4333960 2939504
1785445318566 2185168 4333960 2939504
1785445318608 2185168 4333960 2939504
1785445318649 2185168 4333960 2939504
1785445318690 2185168 4333960 2939504
1785445318730 2185168 4333960 2939504
1785445318770 2200400 4333960 2939504
1785445318810 2200400 4333960 2939504
1785445318848 2208816 4333960 2939504
1785445318887 2237264 4333960 2939504
1785445318927 2237264 4333960 2939504
1785445318965 2237264 4333960 2939504
1785445319008 2237264 4333960 2939504
1785445319050 2237264 4333960 2939504
1785445319091 2237264 4333960 2939504
1785445319132 2237264 4333960 2939504
1785445319174 2237264 4333960 2939504
1785445319215 2237264 4333960 2939504
1785445319257 2237264 4333960 2939504
1785445319297 2237264 4333960 2939504
1785445319339 2237264 4333960 2939504
1785445319380 2237264 4333960 2939504
1785445319424 2237264 4333960 2939504
1785445319463 2200400 4333960 2939504
1785445319504 2204720 4333960 2939504
1785445319543 2221104 4333960 2939504
1785445319580 2257968 4333960 2939504
1785445319621 2273648 4333960 2939504
1785445319659 2292784 4333960 2939504
1785445319701 2323280 4333960 2939504
1785445319743 2261968 4333960 2939504
1785445319783 2261968 4333960 2939504
1785445319822 2261968 4333960 2939504
1785445319863 2261968 4333960 2939504
1785445319902 2261968 4333960 2939504
1785445319942 2261968 4333960 2939504
1785445319978 2261968 4333960 2939504
1785445320020 2261968 4333960 2939504
1785445320062 2261968 4333960 2939504
1785445320103 2261968 4333960 2939504
1785445320144 2261968 4333960 2939504
1785445320185 2261968 4333960 2939504
1785445320227 2261968 4333960 2939504
1785445320267 2261972 4333960 2939504
1785445320308 2261972 4333960 2939504
1785445320348 2261972 4333960 2939504
1785445320389 2261972 4333960 2939504
1785445320429 2261972 4333960 2939504
1785445320468 2261972 4333960 2939504
1785445320510 2261972 4333960 2939504
1785445320550 2261972 4333960 2939504
1785445320590 2261972 4333960 2939504
1785445320628 2261980 4333960 2939504
1785445320668 2261988 4333960 2939504
1785445320708 2261988 4333960 2939504
1785445320750 2261988 4333960 2939504
1785445320791 2261988 4333960 2939504
1785445320831 2261988 4333960 2939504
1785445320872 2261988 4333960 2939504
1785445320912 2261988 4333960 2939504
1785445320951 2261988 4333960 2939504
1785445320993 2261988 4333960 2939504
1785445321037 2261988 4333960 2939504
1785445321078 2261988 4333960 2939504
1785445321119 2261988 4333960 2939504
1785445321161 2261988 4333960 2939504
1785445321199 2261988 4333960 2939504
1785445321237 2261988 4333960 2939504
1785445321281 2261988 4333960 2939504
1785445321323 2261988 4333960 2939504
1785445321363 2261988 4333960 2939504
1785445321408 2261988 4333960 2939504
1785445321448 2261988 4333960 2939504
1785445321489 2261988 4333960 2939504
1785445321532 2268004 4333960 2939504
1785445321574 2268004 4333960 2939504
1785445321616 2268004 4333960 2939504
1785445321657 2268004 4333960 2939504
1785445321695 2268004 4333960 2939504
1785445321737 2268004 4333960 2939504
1785445321778 2268004 4333960 2939504
1785445321820 2268004 4333960 2939504
1785445321861 2268004 4333960 2939504
1785445321903 2268004 4333960 2939504
1785445321943 2268004 4333960 2939504
1785445321981 2268004 4333960 2939504
1785445322019 2268004 4333960 2939504
1785445322061 2268004 4333960 2939504
1785445322103 2268004 4333960 2939504
1785445322143 2268004 4333960 2939504
1785445322186 2268004 4333960 2939504
1785445322227 2268004 4333960 2939504
1785445322269 2268004 4333960 2939504
1785445322310 2268004 4333960 2939504
1785445322352 2268004 4333960 2939504
1785445322394 2268004 4333960 2939504
1785445322433 2268004 4333960 2939504
1785445322476 2268004 4333960 2939504
1785445322517 2268004 4333960 2939504
1785445322556 2268004 4333960 2939504
1785445322598 2268004 4333960 2939504
1785445322640 2268004 4333960 2939504
1785445322679 2268004 4333960 2939504
1785445322720 2268004 4333960 2939504
1785445322762 2268004 4333960 2939504
1785445322800 2268004 4333960 2939504
1785445322839 2268004 4333960 2939504
1785445322878 2268012 4333960 2939504
1785445322919 2268016 4333960 2939504
1785445322960 2268016 4333960 2939504
1785445323000 2268016 4333960 2939504
1785445323040 2268016 4333960 2939504
1785445323078 2268016 4333960 2939504
1785445323114 2268016 4333960 2939504
1785445323156 2268016 4333960 2939504
1785445323197 2268016 4333960 2939504
1785445323239 2268016 4333960 2939504
1785445323282 2268016 4333960 2939504
1785445323323 2268020 4333960 2939504
1785445323364 2268020 4333960 2939504
1785445323406 2268020 4333960 2939504
1785445323447 2268020 4333960 2939504
1785445323489 2268020 4333960 2939504
1785445323530 2268020 4333960 2939504
1785445323574 2268024 4333960 2939504
1785445323615 2268024 4333960 2939504
1785445323656 2268024 4333960 2939504
1785445323699 2268024 4333960 2939504
1785445323739 2268024 4333960 2939504
1785445323780 2268024 4333960 2939504
1785445323821 2280312 4333960 2939504
1785445323860 2280312 4333960 2939504
1785445323901 2280312 4333960 2939504
1785445323941 2280312 4333960 2939504
1785445323983 2280312 4333960 2939504
1785445324022 2280312 4333960 2939504
1785445324061 2280312 4333960 2939504
1785445324100 2280312 4333960 2939504
1785445324138 2280312 4333960 2939504
1785445324176 2280312 4333960 2939504
1785445324216 2280312 4333960 2939504
1785445324258 2280312 4333960 2939504
1785445324301 2280312 4333960 2939504
1785445324344 2280312 4333960 2939504
1785445324385 2280312 4333960 2939504
1785445324424 2280312 4333960 2939504
1785445324466 2280312 4333960 2939504
1785445324507 2280312 4333960 2939504
1785445324550 2280312 4333960 2939504
1785445324591 2280312 4333960 2939504
1785445324633 2292600 4333960 2939504
1785445324675 2292600 4333960 2939504
1785445324716 2292600 4333960 2939504
1785445324758 2292600 4333960 2939504
1785445324799 2292600 4333960 2939504
1785445324840 2292600 4333960 2939504
1785445324881 2292600 4333960 2939504
1785445324922 2292600 4333960 2939504
1785445324962 2292600 4333960 2939504
1785445325003 2292600 4333960 2939504
1785445325042 2292600 4333960 2939504
1785445325083 2292600 4333960 2939504
1785445325124 2292600 4333960 2939504
1785445325164 2292600 4333960 2939504
1785445325207 2292600 4333960 2939504
1785445325247 2292600 4333960 2939504
1785445325283 2294872 4333960 2939504
1785445325325 2298744 4333960 2939504
1785445325362 2309208 4333960 2939504
1785445325402 2347896 4333960 2939504
1785445325449 2249720 4333960 2939504
1785445325491 2249720 4333960 2939504
1785445325532 2249720 4333960 2939504
1785445325573 2249720 4333960 2939504
1785445325613 2249720 4333960 2939504
1785445325656 2249720 4333960 2939504
1785445325695 2249720 4333960 2939504
1785445325738 2268024 4333960 2939504
1785445325777 2268024 4333960 2939504
1785445325817 2268024 4333960 2939504
1785445325854 2268024 4333960 2939504
1785445325893 2268024 4333960 2939504
1785445325932 2268024 4333960 2939504
1785445325972 2268024 4333960 2939504
1785445326011 2268024 4333960 2939504
1785445326051 2268024 4333960 2939504
1785445326093 2268024 4333960 2939504
1785445326134 2268024 4333960 2939504
1785445326175 2268028 4333960 2939504
1785445326216 2268028 4333960 2939504
1785445326257 2268032 4333960 2939504
1785445326297 2268032 4333960 2939504
1785445326339 2268032 4333960 2939504
1785445326378 2268040 4333960 2939504
1785445326418 2268040 4333960 2939504
1785445326458 2268040 4333960 2939504
1785445326500 2268040 4333960 2939504
1785445326540 2268044 4333960 2939504
1785445326579 2268044 4333960 2939504
1785445326621 2268048 4333960 2939504
1785445326661 2268048 4333960 2939504
1785445326701 2268048 4333960 2939504
1785445326740 2298768 4333960 2939504
1785445326780 2298768 4333960 2939504
1785445326819 2298768 4333960 2939504
1785445326860 2311056 4333960 2939504
1785445326902 2311056 4333960 2939504
1785445326943 2311056 4333960 2939504
1785445326983 2311056 4333960 2939504
1785445327023 2311056 4333960 2939504
1785445327063 2311056 4333960 2939504
1785445327103 2311056 4333960 2939504
1785445327143 2311056 4333960 2939504
1785445327183 2311056 4333960 2939504
1785445327223 2311056 4333960 2939504
1785445327264 2311056 4333960 2939504
1785445327304 2311056 4333960 2939504
1785445327345 2311056 4333960 2939504
1785445327385 2311056 4333960 2939504
1785445327426 2311056 4333960 2939504
1785445327466 2311056 4333960 2939504
1785445327507 2311056 4333960 2939504
1785445327548 2311056 4333960 2939504
1785445327589 2311056 4333960 2939504
1785445327630 2311056 4333960 2939504
1785445327671 2311056 4333960 2939504
1785445327712 2311056 4333960 2939504
1785445327755 2311056 4333960 2939504
1785445327796 2311056 4333960 2939504
1785445327838 2311056 4333960 2939504
1785445327880 2311056 4333960 2939504
1785445327921 2311056 4333960 2939504
1785445327963 2311056 4333960 2939504
1785445328004 2311056 4333960 2939504
1785445328045 2311056 4333960 2939504
1785445328086 2311056 4333960 2939504
1785445328128 2311056 4333960 2939504
1785445328170 2311056 4333960 2939504
1785445328210 2311056 4333960 2939504
1785445328250 2311056 4333960 2939504
1785445328290 2311056 4333960 2939504
1785445328330 2311056 4333960 2939504
1785445328370 2311056 4333960 2939504
1785445328410 2311056 4333960 2939504
1785445328450 2311056 4333960 2939504
1785445328488 2311060 4333960 2939504
1785445328530 2311060 4333960 2939504
1785445328570 2311060 4333960 2939504
1785445328609 2311060 4333960 2939504
1785445328648 2311060 4333960 2939504
1785445328687 2311060 4333960 2939504
1785445328726 2311060 4333960 2939504
1785445328766 2311060 4333960 2939504
1785445328805 2311060 4333960 2939504
1785445328845 2311060 4333960 2939504
1785445328883 2311060 4333960 2939504
1785445328921 2311060 4333960 2939504
1785445328960 2311060 4333960 2939504
1785445329000 2311060 4333960 2939504
1785445329041 2311060 4333960 2939504
1785445329082 2311060 4333960 2939504
1785445329121 2311060 4333960 2939504
1785445329160 2311064 4333960 2939504
1785445329203 2311064 4333960 2939504
1785445329243 2311064 4333960 2939504
1785445329283 2311068 4333960 2939504
1785445329325 2316444 4333960 2939504
1785445329365 2316444 4333960 2939504
1785445329405 2328732 4333960 2939504
1785445329445 2353308 4333960 2939504
1785445329486 2353308 4333960 2939504
1785445329526 2353308 4333960 2939504
1785445329566 2285856 4333960 2939504
1785445329607 2285856 4333960 2939504
1785445329646 2285856 4333960 2939504
1785445329684 2316448 4333960 2939504
1785445329725 2316448 4333960 2939504
1785445329764 2316448 4333960 2939504
1785445329804 2334880 4333960 2939504
1785445329845 2334880 4333960 2939504
1785445329885 2334880 4333960 2939504
1785445329926 2334880 4333960 2939504
1785445329967 2334880 4333960 2939504
1785445330009 2334880 4333960 2939504
1785445330049 2334880 4333960 2939504
1785445330089 2334880 4333960 2939504
1785445330131 2341024 4333960 2939504
1785445330173 2341024 4333960 2939504
1785445330213 2341024 4333960 2939504
1785445330255 2341024 4333960 2939504
1785445330294 2341024 4333960 2939504
1785445330334 2341024 4333960 2939504
1785445330374 2341024 4333960 2939504
1785445330416 2341024 4333960 2939504
1785445330456 2341024 4333960 2939504
1785445330498 2341024 4333960 2939504
1785445330539 2341024 4333960 2939504
1785445330579 2341024 4333960 2939504
1785445330620 2341024 4333960 2939504
1785445330662 2341024 4333960 2939504
1785445330702 2341024 4333960 2939504
1785445330745 2347168 4333960 2939504
1785445330788 2347168 4333960 2939504
1785445330830 2347168 4333960 2939504
1785445330870 2347168 4333960 2939504
1785445330908 2362528 4333960 2939504
1785445330949 2366592 4333960 2939504
1785445330988 2382976 4333960 2939504
1785445331024 2436256 4333960 2939504
1785445331071 2460832 4333960 2939504
1785445331113 2460832 4333960 2939504
1785445331154 2460832 4333960 2939504
1785445331192 2460832 4333960 2939504
1785445331233 2460832 4333960 2939504
1785445331272 2460832 4333960 2939504
1785445331312 2460832 4333960 2939504
1785445331352 2460832 4333960 2939504
1785445331392 2460832 4333960 2939504
1785445331431 2460832 4333960 2939504
1785445331471 2460832 4333960 2939504
1785445331510 2460832 4333960 2939504
1785445331550 2460832 4333960 2939504
1785445331589 2460832 4333960 2939504
1785445331629 2460832 4333960 2939504
1785445331671 2460832 4333960 2939504
1785445331711 2460832 4333960 2939504
1785445331752 2460832 4333960 2939504
1785445331792 2460832 4333960 2939504
1785445331833 2460836 4333960 2939504
1785445331874 2460840 4333960 2939504
1785445331915 2460840 4333960 2939504
1785445331955 2460852 4333960 2939504
1785445331996 2460852 4333960 2939504
1785445332038 2460852 4333960 2939504
1785445332080 2460852 4333960 2939504
1785445332121 2460852 4333960 2939504
1785445332161 2460852 4333960 2939504
1785445332205 2460852 4333960 2939504
1785445332245 2460852 4333960 2939504
1785445332285 2460852 4333960 2939504
1785445332328 2460852 4333960 2939504
1785445332369 2460852 4333960 2939504
1785445332410 2460852 4333960 2939504
1785445332453 2460852 4333960 2939504
1785445332494 2460852 4333960 2939504
1785445332535 2460856 4333960 2939504
1785445332578 2460856 4333960 2939504
1785445332620 2460856 4333960 2939504
1785445332660 2460856 4333960 2939504
1785445332701 2460856 4333960 2939504
1785445332742 2460856 4333960 2939504
1785445332782 2460856 4333960 2939504
1785445332823 2460856 4333960 2939504
1785445332865 2460856 4333960 2939504
1785445332907 2460856 4333960 2939504
1785445332947 2460856 4333960 2939504
1785445332986 2460856 4333960 2939504
1785445333026 2460856 4333960 2939504
1785445333069 2460856 4333960 2939504
1785445333111 2460856 4333960 2939504
1785445333153 2460856 4333960 2939504
1785445333192 2460856 4333960 2939504
1785445333235 2460856 4333960 2939504
1785445333277 2460856 4333960 2939504
1785445333319 2460856 4333960 2939504
1785445333361 2460856 4333960 2939504
1785445333404 2460856 4333960 2939504
1785445333445 2460856 4333960 2939504
1785445333488 2460856 4333960 2939504
1785445333529 2460856 4333960 2939504
1785445333569 2460856 4333960 2939504
1785445333612 2460856 4333960 2939504
1785445333653 2460856 4333960 2939504
1785445333695 2460856 4333960 2939504
1785445333736 2460856 4333960 2939504
1785445333776 2460856 4333960 2939504
1785445333818 2460856 4333960 2939504
1785445333859 2460856 4333960 2939504
1785445333901 2460856 4333960 2939504
1785445333944 2460856 4333960 2939504
1785445333985 2460856 4333960 2939504
1785445334026 2460856 4333960 2939504
1785445334068 2460856 4333960 2939504
1785445334108 2460856 4333960 2939504
1785445334150 2460860 4333960 2939504
1785445334192 2460860 4333960 2939504
1785445334234 2460860 4333960 2939504
1785445334274 2460860 4333960 2939504
1785445334312 2460860 4333960 2939504
1785445334354 2460860 4333960 2939504
1785445334394 2460860 4333960 2939504
1785445334437 2460860 4333960 2939504
1785445334478 2460860 4333960 2939504
1785445334520 2460860 4333960 2939504
1785445334562 2460860 4333960 2939504
1785445334605 2460860 4333960 2939504
1785445334646 2460860 4333960 2939504
1785445334689 2460860 4333960 2939504
1785445334730 2460864 4333960 2939504
1785445334769 2460864 4333960 2939504
1785445334808 2460864 4333960 2939504
1785445334849 2460864 4333960 2939504
1785445334891 2460864 4333960 2939504
1785445334933 2460864 4333960 2939504
1785445334976 2460864 4333960 2939504
1785445335018 2460864 4333960 2939504
1785445335058 2460864 4333960 2939504
1785445335103 2460864 4333960 2939504
1785445335143 2460864 4333960 2939504
1785445335181 2460864 4333960 2939504
1785445335224 2460864 4333960 2939504
1785445335264 2460864 4333960 2939504
1785445335305 2460864 4333960 2939504
1785445335348 2460864 4333960 2939504
1785445335389 2460864 4333960 2939504
1785445335429 2460864 4333960 2939504
1785445335473 2460864 4333960 2939504
1785445335515 2460864 4333960 2939504
1785445335553 2460864 4333960 2939504
1785445335593 2460864 4333960 2939504
1785445335635 2460864 4333960 2939504
1785445335679 2460864 4333960 2939504
1785445335721 2460868 4333960 2939504
1785445335762 2460872 4333960 2939504
1785445335806 2460872 4333960 2939504
1785445335848 2460872 4333960 2939504
1785445335888 2460872 4333960 2939504
1785445335932 2460872 4333960 2939504
1785445335973 2460872 4333960 2939504
1785445336015 2460872 4333960 2939504
1785445336059 2460872 4333960 2939504
1785445336099 2460872 4333960 2939504
1785445336141 2460872 4333960 2939504
1785445336185 2460872 4333960 2939504
1785445336225 2460872 4333960 2939504
1785445336264 2460872 4333960 2939504
1785445336304 2460872 4333960 2939504
1785445336343 2460872 4333960 2939504
1785445336381 2460872 4333960 2939504
1785445336425 2460872 4333960 2939504
1785445336470 2460872 4333960 2939504
1785445336510 2460872 4333960 2939504
1785445336549 2460872 4333960 2939504
1785445336590 2460872 4333960 2939504
1785445336630 2460872 4333960 2939504
1785445336669 2485448 4333960 2939504
1785445336712 2583752 4333960 2939504
1785445336756 2510152 4333960 2939504
1785445336795 2510152 4333960 2939504
1785445336835 2510152 4333960 2939504
1785445336872 2510152 4333960 2939504
1785445336913 2510152 4333960 2939504
1785445336953 2510152 4333960 2939504
1785445336993 2510152 4333960 2939504
1785445337034 2510152 4333960 2939504
1785445337076 2510152 4333960 2939504
1785445337116 2510152 4333960 2939504
1785445337156 2510152 4333960 2939504
1785445337198 2411848 4333960 2939504
1785445337238 2411848 4333960 2939504
1785445337279 2411848 4333960 2939504
1785445337320 2411848 4333960 2939504
1785445337361 2411848 4333960 2939504
1785445337403 2411848 4333960 2939504
1785445337442 2411848 4333960 2939504
1785445337480 2411848 4333960 2939504
1785445337523 2411848 4333960 2939504
1785445337565 2411852 4333960 2939504
1785445337608 2411856 4333960 2939504
1785445337651 2411864 4333960 2939504
1785445337694 2411864 4333960 2939504
1785445337737 2411868 4333960 2939504
1785445337780 2411868 4333960 2939504
1785445337821 2411868 4333960 2939504
1785445337862 2411868 4333960 2939504
1785445337905 2411868 4333960 2939504
1785445337945 2411868 4333960 2939504
1785445337985 2411868 4333960 2939504
1785445338028 2411868 4333960 2939504
1785445338070 2411868 4333960 2939504
1785445338109 2411868 4333960 2939504
1785445338150 2411868 4333960 2939504
1785445338192 2411868 4333960 2939504
1785445338233 2411868 4333960 2939504
1785445338274 2411868 4333960 2939504
1785445338314 2411868 4333960 2939504
1785445338353 2411868 4333960 2939504
1785445338393 2411868 4333960 2939504
1785445338431 2411868 4333960 2939504
1785445338473 2411868 4333960 2939504
1785445338514 2411868 4333960 2939504
1785445338554 2411868 4333960 2939504
1785445338597 2411868 4333960 2939504
1785445338639 2411868 4333960 2939504
1785445338681 2411868 4333960 2939504
1785445338723 2411868 4333960 2939504
1785445338765 2411868 4333960 2939504
1785445338807 2411868 4333960 2939504
1785445338848 2411868 4333960 2939504
1785445338890 2411868 4333960 2939504
1785445338931 2411868 4333960 2939504
1785445338973 2411868 4333960 2939504
1785445339014 2411868 4333960 2939504
1785445339055 2411868 4333960 2939504
1785445339093 2411868 4333960 2939504
1785445339136 2411868 4333960 2939504
1785445339176 2411868 4333960 2939504
1785445339215 2411868 4333960 2939504
1785445339255 2411868 4333960 2939504
1785445339295 2411868 4333960 2939504
1785445339335 2411868 4333960 2939504
1785445339378 2411868 4333960 2939504
1785445339419 2411868 4333960 2939504
1785445339458 2411868 4333960 2939504
1785445339498 2411868 4333960 2939504
1785445339540 2411868 4333960 2939504
1785445339583 2411868 4333960 2939504
1785445339626 2411868 4333960 2939504
1785445339666 2411868 4333960 2939504
1785445339709 2411868 4333960 2939504
1785445339752 2411868 4333960 2939504
1785445339794 2411868 4333960 2939504
1785445339835 2411868 4333960 2939504
1785445339878 2411876 4333960 2939504
1785445339919 2411876 4333960 2939504
1785445339960 2411876 4333960 2939504
1785445340000 2411876 4333960 2939504
1785445340041 2411876 4333960 2939504
1785445340082 2411876 4333960 2939504
1785445340121 2411876 4333960 2939504
1785445340164 2411876 4333960 2939504
1785445340204 2411876 4333960 2939504
1785445340243 2411876 4333960 2939504
1785445340285 2411876 4333960 2939504
1785445340324 2411876 4333960 2939504
1785445340367 2411876 4333960 2939504
1785445340407 2411876 4333960 2939504
1785445340451 2411876 4333960 2939504
1785445340491 2411876 4333960 2939504
1785445340532 2411876 4333960 2939504
1785445340574 2417896 4333960 2939504
1785445340617 2417896 4333960 2939504
1785445340659 2417896 4333960 2939504
1785445340700 2417900 4333960 2939504
1785445340744 2417900 4333960 2939504
1785445340784 2417900 4333960 2939504
1785445340826 2417900 4333960 2939504
1785445340870 2417900 4333960 2939504
1785445340911 2417900 4333960 2939504
1785445340952 2430188 4333960 2939504
1785445340996 2436332 4333960 2939504
1785445341036 2436332 4333960 2939504
1785445341075 2436332 4333960 2939504
1785445341116 2436332 4333960 2939504
1785445341155 2436332 4333960 2939504
1785445341193 2436332 4333960 2939504
1785445341237 2436332 4333960 2939504
1785445341280 2436332 4333960 2939504
1785445341322 2436332 4333960 2939504
1785445341363 2436332 4333960 2939504
1785445341403 2436332 4333960 2939504
1785445341444 2436332 4333960 2939504
1785445341483 2436332 4333960 2939504
1785445341524 2436332 4333960 2939504
1785445341568 2436332 4333960 2939504
1785445341606 2436332 4333960 2939504
1785445341648 2436332 4333960 2939504
1785445341692 2436332 4333960 2939504
1785445341734 2436332 4333960 2939504
1785445341775 2436332 4333960 2939504
1785445341817 2436332 4333960 2939504
1785445341856 2436332 4333960 2939504
1785445341898 2436332 4333960 2939504
1785445341940 2436332 4333960 2939504
1785445341979 2436332 4333960 2939504
1785445342018 2436332 4333960 2939504
1785445342060 2436332 4333960 2939504
1785445342102 2436332 4333960 2939504
1785445342142 2436332 4333960 2939504
1785445342186 2436332 4333960 2939504
1785445342229 2436332 4333960 2939504
1785445342267 2436332 4333960 2939504
1785445342307 2436332 4333960 2939504
1785445342347 2436332 4333960 2939504
1785445342384 2436332 4333960 2939504
1785445342423 2436332 4333960 2939504
1785445342466 2510060 4333960 2939504
1785445342509 2510060 4333960 2939504
1785445342550 2411884 4333960 2939504
1785445342587 2411884 4333960 2939504
1785445342624 2411884 4333960 2939504
1785445342666 2411884 4333960 2939504
1785445342707 2411884 4333960 2939504
1785445342748 2411884 4333960 2939504
1785445342787 2411884 4333960 2939504
1785445342827 2411884 4333960 2939504
1785445342869 2411884 4333960 2939504
1785445342912 2411884 4333960 2939504
1785445342952 2411884 4333960 2939504
1785445342995 2411888 4333960 2939504
1785445343035 2411888 4333960 2939504
1785445343077 2411888 4333960 2939504
1785445343120 2411888 4333960 2939504
1785445343161 2411888 4333960 2939504
1785445343203 2411888 4333960 2939504
1785445343244 2411892 4333960 2939504
1785445343285 2411896 4333960 2939504
1785445343328 2411896 4333960 2939504
1785445343371 2411896 4333960 2939504
1785445343412 2411900 4333960 2939504
1785445343454 2411904 4333960 2939504
1785445343496 2411904 4333960 2939504
1785445343537 2411904 4333960 2939504
1785445343574 2411904 4333960 2939504
1785445343612 2417928 4333960 2939504
1785445343651 2417928 4333960 2939504
1785445343690 2417928 4333960 2939504
1785445343729 2436360 4333960 2939504
1785445343770 2460936 4333960 2939504
1785445343808 2460936 4333960 2939504
1785445343846 2460936 4333960 2939504
1785445343884 2485512 4333960 2939504
1785445343923 2485512 4333960 2939504
1785445343961 2485512 4333960 2939504
1785445344001 2485512 4333960 2939504
1785445344042 2485512 4333960 2939504
1785445344081 2485512 4333960 2939504
1785445344121 2503944 4333960 2939504
1785445344161 2503944 4333960 2939504
1785445344200 2503944 4333960 2939504
1785445344239 2503944 4333960 2939504
1785445344279 2424200 4333960 2939504
1785445344318 2424200 4333960 2939504
1785445344356 2424200 4333960 2939504
1785445344394 2424200 4333960 2939504
1785445344433 2424200 4333960 2939504
1785445344472 2424200 4333960 2939504
1785445344511 2424200 4333960 2939504
1785445344549 2424200 4333960 2939504
1785445344588 2424200 4333960 2939504
1785445344627 2424200 4333960 2939504
1785445344665 2424200 4333960 2939504
1785445344703 2424200 4333960 2939504
1785445344740 2424200 4333960 2939504
1785445344779 2424200 4333960 2939504
1785445344818 2424200 4333960 2939504
1785445344857 2424200 4333960 2939504
1785445344895 2424200 4333960 2939504
1785445344934 2424200 4333960 2939504
1785445344973 2424200 4333960 2939504
1785445345011 2424200 4333960 2939504
1785445345049 2424200 4333960 2939504
1785445345088 2424200 4333960 2939504
1785445345127 2424200 4333960 2939504
1785445345166 2424200 4333960 2939504
1785445345204 2424200 4333960 2939504
1785445345243 2424200 4333960 2939504
1785445345281 2424200 4333960 2939504
1785445345321 2424200 4333960 2939504
1785445345359 2424200 4333960 2939504
1785445345397 2424200 4333960 2939504
1785445345436 2424200 4333960 2939504
1785445345475 2424200 4333960 2939504
1785445345513 2424200 4333960 2939504
1785445345551 2424200 4333960 2939504
1785445345589 2424204 4333960 2939504
1785445345628 2424204 4333960 2939504
1785445345665 2424204 4333960 2939504
1785445345701 2424204 4333960 2939504
1785445345737 2424204 4333960 2939504
1785445345775 2424204 4333960 2939504
1785445345811 2424204 4333960 2939504
1785445345849 2424204 4333960 2939504
1785445345890 2424204 4333960 2939504
1785445345928 2424204 4333960 2939504
1785445345965 2424204 4333960 2939504
1785445346001 2424204 4333960 2939504
1785445346036 2424204 4333960 2939504
1785445346072 2424204 4333960 2939504
1785445346111 2424204 4333960 2939504
1785445346149 2424204 4333960 2939504
1785445346189 2424204 4333960 2939504
1785445346228 2424204 4333960 2939504
1785445346265 2424204 4333960 2939504
1785445346305 2442508 4333960 2939504
1785445346345 2442508 4333960 2939504
1785445346382 2442508 4333960 2939504
1785445346425 2460940 4333960 2939504
1785445346466 2460940 4333960 2939504
1785445346505 2460940 4333960 2939504
1785445346544 2479376 4333960 2939504
1785445346583 2479376 4333960 2939504
1785445346625 2479376 4333960 2939504
1785445346665 2479376 4333960 2939504
1785445346709 2479376 4333960 2939504
1785445346749 2479376 4333960 2939504
1785445346792 2479376 4333960 2939504
1785445346833 2479376 4333960 2939504
1785445346871 2479376 4333960 2939504
1785445346909 2479376 4333960 2939504
1785445346950 2479376 4333960 2939504
1785445346989 2411920 4333960 2939504
1785445347028 2411920 4333960 2939504
1785445347067 2411920 4333960 2939504
1785445347106 2411920 4333960 2939504
1785445347146 2411920 4333960 2939504
1785445347184 2425276 4333960 2939504
1785445347218 2436368 4333960 2939504
1785445347257 2454800 4333960 2939504
1785445347297 2454800 4333960 2939504
1785445347336 2454800 4333960 2939504
1785445347379 2460944 4333960 2939504
1785445347422 2460944 4333960 2939504
1785445347461 2460944 4333960 2939504
1785445347505 2479376 4333960 2939504
1785445347548 2479376 4333960 2939504
1785445347588 2479376 4333960 2939504
1785445347631 2497812 4333960 2939504
1785445347674 2497812 4333960 2939504
1785445347714 2497812 4333960 2939504
1785445347757 2497812 4333960 2939504
1785445347798 2497812 4333960 2939504
1785445347840 2497812 4333960 2939504
1785445347880 2411924 4333960 2939504
1785445347920 2411924 4333960 2939504
1785445347959 2422004 4333960 2939504
1785445347998 2437852 4333960 2939504
1785445348036 2456820 4333960 2939504
1785445348075 2485524 4333960 2939504
1785445348113 2489588 4333960 2939504
1785445348153 2505972 4333960 2939504
1785445348188 2559380 4333960 2939504
1785445348236 2411924 4333960 2939504
1785445348278 2411924 4333960 2939504
1785445348319 2411924 4333960 2939504
1785445348356 2411924 4333960 2939504
1785445348398 2411924 4333960 2939504
1785445348437 2411924 4333960 2939504
1785445348476 2430228 4333960 2939504
1785445348515 2430228 4333960 2939504
1785445348554 2430228 4333960 2939504
1785445348595 2430228 4333960 2939504
1785445348638 2430228 4333960 2939504
1785445348678 2430232 4333960 2939504
1785445348722 2430232 4333960 2939504
1785445348764 2430232 4333960 2939504
1785445348807 2430236 4333960 2939504
1785445348848 2430340 4333960 2939504
1785445348881 2317784 4333960 2939504
1785445348920 2317784 4333960 2939504
1785445348957 2317784 4333960 2939504
1785445348992 2317832 4333960 2939504
1785445349031 2317832 4333960 2939504
1785445349072 2317832 4333960 2939504
1785445349112 2317832 4333960 2939504
1785445349155 2317832 4333960 2939504
1785445349198 2317832 4333960 2939504
1785445349238 2317832 4333960 2939504
1785445349281 2317836 4333960 2939504
1785445349323 2317836 4333960 2939504
1785445349363 2316216 4333960 2939504
1785445349403 2316504 4333960 2939504
1785445349443 2316624 4333960 2939504
1785445349476 0 0 0
1785445349500 0 0 0
1785445349524 0 0 0
1785445349548 0 0 0
# peak_kb=2935500
# hwm_kb=2939504
# frozen_ms=4507
# polled_vs_hwm_pct=1promille
